✔ check refuses a dirty declared input and names it; a dirty undeclared file does not block (168.728693ms)
✔ check writes one record per requirement carrying the full receipt (117.511703ms)
✔ a nonzero exit records fail, and the receipt keeps the exit code (106.394465ms)
✔ two checks write two records; nothing is overwritten or deleted (191.924232ms)
✔ a commit changing a declared input makes evidence stale; an undeclared one does not (278.214901ms)
✔ a regression is named before a requirement that never passed (277.222269ms)
✔ three attempts with no escalation since: wake says escalate, not a fourth (DEC-016, DEC-017, DEC-018) (795.915911ms)
✔ the review gate: no review, stale review, open finding, then Done (491.007126ms)
✔ Done is refused while any requirement lacks current passing evidence (51.117721ms)
✔ check names a requested requirement that no mechanism claims (61.134733ms)
✔ check writes and clears an in-progress record around the run (88.032741ms)
✔ a linked declared input digests the same at a commit and in the tree (LOOP-023, LOOP-024) (200.96652ms)
✔ a result line is the mechanism's statement about one requirement; what it did not mention is unverified (LOOP-037, LOOP-052) (88.743246ms)
✔ a mechanism that says nothing is read by its exit code for every requirement (LOOP-039) (97.562644ms)
✔ unverified is not an attempt, and a return to an earlier failed digest counts once (DEC-017, DEC-018) (722.034862ms)
✔ a result line for a requirement the mechanism does not speak for is named and writes nothing (LOOP-038) (81.246383ms)
✔ a result line inside ordinary output, or without the marker, does not count (77.04634ms)
✔ a targeted check runs the named requirements' mechanisms and records every requirement they speak for (LOOP-040) (86.369832ms)
✔ two result lines for one requirement: a fail on any line wins (82.638345ms)
✔ three runs at one digest with no attempt since: the verdict stays implement and names DEC-019; an escalation naming it among others clears the hint (DEC-019, LOOP-053) (385.057718ms)
✔ writes a record with every required field and an empty realized-by (26.904777ms)
✔ a Consequential decision is queued for review (30.032501ms)
✔ a Consequential decision is queued even when .cairn/queue does not exist yet (33.614157ms)
✔ Routine is refused: routine decisions produce no record (22.143816ms)
✔ a missing field is a usage error and nothing is written (26.690589ms)
✔ supersedes requires a classified cause, and the old record must exist (75.25826ms)
✔ an existing record is not overwritten (45.629578ms)
✔ a queued decision stays queued; nothing but the developer removes it (DEC-014) (41.35683ms)
✔ escalate writes the six-line format followed by its facts, and wake presents it (74.744475ms)
✔ a missing or multi-line field is refused with the field named, and nothing is written (52.587265ms)
✔ a Blocking escalation that fails the format is written anyway, naming the malformed field (LOOP-014) (76.02757ms)
✔ a --level other than Blocking is refused rather than silently losing the bypass (30.648486ms)
✔ a second escalation while one is open is refused (LOOP-011) (49.931742ms)
✔ answer records the reply; wake no longer presents it; a second answer is refused (142.586861ms)
✔ answer to an unknown escalation is refused (37.625088ms)
✔ a stranger resumes from the file alone: question and answer are both in it (LOOP-013) (49.861946ms)
✔ after an answer, the same concern can be escalated again under a new name (94.815441ms)
✔ an escalation exists when its file does, committed or not (LOOP-009) (31.44345ms)
✔ developer answers require one of the three forms and cannot inject fields (LOOP-048) (279.298162ms)
✔ ask, agent explanation, another ask, and ok stay ordered in one file (LOOP-049, LOOP-050, LOOP-014) (330.719792ms)
✔ fresh closed answers accompany only concerned requirements until new evidence (LOOP-051) (293.135279ms)
✔ a PKG requirement the commitment does not name is declared, run, and gates Done (PKG-011) (538.212402ms)
✔ a PKG requirement in a Draft spec is not folded in (155.287993ms)
✔ the script links cairn and the skills, and the linked cairn runs (PKG-014, PKG-005) (99.33338ms)
✔ a link owned by another package is kept; --force replaces it; --unlink removes ours and leaves a stranger's (68.062609ms)
✔ --force never replaces a real directory (20.588108ms)
✔ three megabytes are retained exactly once with matching digests (LOOP-041, LOOP-042) (118.333256ms)
✔ split stdout result lines survive a long non-result line; stderr is never a verdict (125.129684ms)
✔ signal termination is recorded and logs survive a clone (LOOP-043) (111.070418ms)
✔ working agreements and ignore changes are Cairn records inside the footprint (108.602536ms)
✔ a clean package passes (50.208066ms)
✔ PKG-001: a dependency, or a service manifest (76.829502ms)
✔ PKG-002: ignoring evidence or other durable state (30.064921ms)
✔ PKG-003: a command, a directory, or a record kind no decision names (111.859862ms)
✔ PKG-004: a kernel over 1500 lines (33.24958ms)
✔ PKG-006: a skill step naming a vendor's product (30.543852ms)
✔ PKG-008: a non-ASCII character in a tracked text file (41.114402ms)
✔ PKG-009: the kernel importing from tests (35.265018ms)
✔ PKG-012: a network call or a model vendor in the kernel (74.011113ms)
✔ PKG-013: deferral language, but not in code, quotes, or a rule (79.48307ms)
✔ this repository passes the package lint (44.141189ms)
✔ a tracked path deleted from the working tree is skipped, not a crash (44.658221ms)
✔ a sentence in a Formats section is not a record kind (33.567939ms)
✔ a record kind named by its path alone is checked (31.859023ms)
✔ PKG-002: a tracked in-progress record (34.638384ms)
✔ PKG-002: ignoring evidence alone is a finding (35.285831ms)
✔ each unmatched input and each duplicate owner is refused before execution (LOOP-044, LOOP-056) (132.192262ms)
✔ an indexed input deleted on disk asks for a commit (LOOP-045) (88.404408ms)
✔ wake and check require a Git working tree (LOOP-046) (64.204131ms)
✔ recovery removes only dead kernel run records and identifies a live owner (LOOP-054, LOOP-055) (148.745155ms)
✔ an agent action based behind a clean HEAD appears committed (LOOP-027) (101.30651ms)
✔ realization needs a real commit and a subject (DEC-006) (129.389197ms)
✔ 1500 binary inputs digest identically at the review commit in under a second (LOOP-024, LOOP-032) (316.883611ms)
✔ merged work is excluded but a later own commit is a breach (LOOP-047) (116.588463ms)
✔ exact Current tenure ignores prefix matches and earlier visits to the same slug (LOOP-035) (118.938593ms)
✔ a kernel run records its supervising PID (LOOP-054) (99.402126ms)
✔ a merged declared input still stales evidence (LOOP-047) (148.328449ms)
✔ explicit reporting with no lines and exit 0 establishes no requirement verdicts (152.95846ms)
✔ explicit reporting with no lines and exit 1 establishes no requirement verdicts (137.946742ms)
✔ a reporter that cannot start keeps execution diagnostics without blaming requirements (75.666779ms)
✔ large output cannot kill a reporter or invent a requirement verdict (105.089133ms)
✔ explicit mode ignores cairn: R-999: pass (98.010435ms)
✔ explicit mode ignores cairn: R-001: unverified (103.829933ms)
✔ explicit mode ignores cairn: R-001: passed (91.689862ms)
✔ explicit results survive nonzero exit and contradictory duplicates still fail (165.39375ms)
✔ unverified results across changed inputs never become failed attempts (476.179151ms)
✔ legacy exit 0 retains its interpretation (80.947513ms)
✔ legacy exit 1 retains its interpretation (84.630425ms)
✔ a misspelled reporting mode is refused before execution (78.061933ms)
✔ changed requirement blocks unchecked reruns and makes the completion review stale (LOOP-058, LOOP-059) (616.75368ms)
✔ falsifier changes need review; separate rationale and other requirements do not change a receipt (369.132042ms)
✔ legacy receipts recover requirement identity from their commit; unavailable history requires review (365.283747ms)
✔ check refuses uncommitted requirement text and mechanism review markers (324.145022ms)
✔ tightened response limit cannot reuse the old passing check (503.869509ms)
✔ a declared input over 1 MiB agrees at a commit and in the tree (LOOP-060) (234.615099ms)
✔ a failed Git blob read cannot be hashed as an empty blob (211.233066ms)
✔ Git listings over 1 MiB include the last declared input (1151.300599ms)
✔ requirement identity excludes fenced examples and status dates (218.164942ms)
✔ backlog writes the item; a second with the same title is refused, never overwritten (LOOP-016) (62.12238ms)
✔ a commit inside the footprint: check runs; outside it: check names the path and does not run (LOOP-035) (222.294138ms)
✔ a file under .cairn/ or docs/ is never a breach (157.648219ms)
✔ declaring the path as an input clears the breach (113.351341ms)
✔ a revert preserves the record of an out-of-scope commit (LOOP-047) (123.872032ms)
✔ a commitment naming a requirement the spec set does not hold as Agreed is repaired (LOOP-029) (43.244516ms)
✔ a requirement in a Draft spec file is not Agreed (46.361288ms)
✔ working agreements and the ignore file are Cairn records (LOOP-035, LOOP-036) (153.365561ms)
✔ the over-asking rule is gone from both skills (SPEC-005, SPEC-006) (0.615109ms)
✔ a decision during the phase is recorded (DEC-003) (0.074907ms)
✔ understanding is restated before writing (SPEC-003) (0.047269ms)
✔ falsifiers are proposed as one set and confirmed by exception (SPEC-004) (0.114249ms)
✔ depth is inferred and domains derived, never asked or imposed (SPEC-008, SPEC-009) (0.077199ms)
✔ a term enters the glossary at first occurrence (SPEC-010) (0.041034ms)
✔ the phase ends at the first commitment, and later ones are specified during the loop (SPEC-011, SPEC-012) (0.044722ms)
✔ a requirement goes Agreed only with a nameable mechanism (SPEC-013) (0.049039ms)
✔ review before agreement, recording what it attacked (SPEC-014, SPEC-015) (0.058653ms)
✔ no spec file without requirements; nothing Agreed without a falsifier (SPEC-001, SPEC-002) (0.086089ms)
✔ Observed is marked, and is not contract (SPEC-016, SPEC-017) (0.066702ms)
✔ the skills exclude artifacts outside Cairn's workflow (0.098991ms)
✔ the working agreement names the agent's move for each verdict and the write-ahead record (LOOP-036) (0.086218ms)
✔ the working agreement names the developer's moves (LOOP-036, DEC-014) (0.030818ms)
✔ this repository runs by the file it ships (0.208711ms)
✔ both skills write the working agreement without naming a vendor's file (LOOP-036, PKG-006) (0.071171ms)
✔ the working agreement says what an attempt is (LOOP-036, DEC-017, DEC-018) (0.053936ms)
✔ the working agreement says a failure no footprint change can address is an escalation, and where an inherited requirement is repaired (DEC-019, LOOP-057) (0.048185ms)
✔ a two-obligation sentence is named (PKG-007) (19.517469ms)
✔ an obligation with no actor is named (PKG-010) (23.075776ms)
✔ a leading condition clause is not the actor, and the actor after it counts (29.915066ms)
✔ an Agreed requirement with no falsifier is named (SPEC-002); a Draft one is not (39.420751ms)
✔ prose after a Draft requirement with no falsifier is not scanned as requirement text (17.324101ms)
✔ a spec declaring a prefix with no requirement is named (SPEC-001) (25.867092ms)
✔ a keyword in backticks or quotes is a mention, not an obligation (28.981914ms)
✔ this repository's own specification passes the lint (23.725849ms)
✔ duplicate identifiers are rejected within a file and across files (SPEC-020) (38.455003ms)
✔ references resolve across files; missing references name their source (SPEC-021) (44.653891ms)
✔ code examples and quoted mentions are neither definitions nor references (29.236996ms)
✔ supersede writes both lines, and the old record keeps every word it had (DEC-008, DEC-010) (44.276555ms)
✔ supersede without a cause, or with one outside the four, is refused (DEC-009) (72.250696ms)
✔ supersede of a record that does not exist is refused (35.301337ms)
✔ a predecessor with no title line cannot be stamped, so nothing is written (31.453272ms)
✔ reversals reports counts by decider, cause, and domain (DEC-011) (95.947086ms)
✔ decide in a domain with a reversal is refused without --history, naming the reversal; with it, the record carries History (DEC-012) (90.836368ms)
✔ decide in a domain with no reversals needs no --history (65.146455ms)
✔ a record resting on prose alone is in the domain unspecified, and so is the next one (62.29179ms)
✔ step 1: an in-progress record is reconciled before anything else (45.353307ms)
✔ step 2: an open escalation is presented and nothing else happens (43.255029ms)
✔ an answered escalation is not open (177.960115ms)
✔ step 3: a decision with no realized-by is built, first by name (46.44866ms)
✔ a superseded decision with no realized-by is not work (48.987354ms)
✔ step 6: a mechanism that has never run is run, not implemented (52.573554ms)
✔ step 6: a requirement whose mechanism fails is implemented (181.762736ms)
✔ step 6 before step 7: failing evidence outranks a missing mechanism (147.517623ms)
✔ step 7: a requirement with no mechanism is declared (47.642793ms)
✔ step 10: every requirement current and passing, review clean, is Done (157.640858ms)
✔ malformed roadmap is Resolvable, not fatal (30.957248ms)
✔ a commitment naming no requirements is Resolvable (33.382925ms)
✔ the primary test: two wakes on the same checkout give the same action (58.719875ms)
✔ outside a cairn repository wake cannot run (20.35033ms)
✔ the loop never waits on the review queue (DEC-015) (142.357014ms)
✔ the linked walkthrough runs from agreement through the next commitment (PKG-016) (516.309522ms)
ℹ tests 159
ℹ suites 0
ℹ pass 159
ℹ fail 0
ℹ cancelled 0
ℹ skipped 0
ℹ todo 0
ℹ duration_ms 4496.594882
