✔ a Draft block overrides an Agreed file for both wake and check (SPEC-018) (193.078552ms)
✔ an Agreed block overrides a Draft file in the kernel and lint (SPEC-018, SPEC-002) (552.969478ms)
✔ a block Status does not become the file default, including inside examples (SPEC-018) (292.729531ms)
✔ block status without a value does not inherit Agreed by accident (SPEC-018) (72.965967ms)
✔ inheritance needs a file Scope and includes only Agreed blocks, regardless of prefix (PKG-015) (1423.980996ms)
✔ Scope inside a requirement or fenced example does not declare inheritance (PKG-015) (623.732087ms)
✔ LOOP-063: reject input mutation during a check and retain diagnostics (378.74689ms)
✔ LOOP-063: reject deletion mutation during a check and retain diagnostics (367.338461ms)
✔ LOOP-063: reject addition mutation during a check and retain diagnostics (336.150418ms)
✔ LOOP-063: reject mode mutation during a check and retain diagnostics (372.773227ms)
✔ LOOP-063: reject specification mutation during a check and retain diagnostics (303.256598ms)
✔ LOOP-063: reject declaration mutation during a check and retain diagnostics (282.673128ms)
✔ LOOP-063: reject commit mutation during a check and retain diagnostics (272.707469ms)
✔ LOOP-063: committed input mutation during execution cannot certify the replacement (292.794124ms)
✔ LOOP-064: removing executable permission makes passing evidence stale (397.851241ms)
✔ LOOP-064: a mode-only change also invalidates the previous review after new evidence (661.627328ms)
✔ LOOP-064: changing a regular file into a link with identical identity bytes is stale (720.797768ms)
✔ LOOP-063: an unchanged candidate still records a pass despite unrelated working-tree edits (212.056954ms)
✔ LOOP-064: current and historical input ordering agrees for Unicode filenames (308.281104ms)
✔ LOOP-063: Git status hiding content changes cannot certify an uncommitted candidate (117.809206ms)
✔ LOOP-063: Git status hiding mode changes cannot certify an uncommitted candidate (94.95798ms)
✔ LOOP-066: one check owns execution with a kernel action record (511.902538ms)
✔ LOOP-066: one check owns execution with an agent action record (376.512255ms)
✔ LOOP-066: a live lock is named and never silently overwritten (114.863745ms)
✔ LOOP-066: a dead lock is named and never silently overwritten (130.571247ms)
✔ LOOP-066: a incomplete lock is named and never silently overwritten (118.360831ms)
✔ LOOP-066: an execution error releases the check lock for a corrected rerun (392.232131ms)
✔ LOOP-066: a live kernel action from an older Cairn also blocks execution (74.372956ms)
✔ LOOP-066: separate Git worktrees can run checks independently (338.142017ms)
✔ after a green check --stale runs nothing; after one input changes it runs only that mechanism (LOOP-094) (1003.870919ms)
✔ a mechanism speaking for two stale requirements runs once and refreshes both (LOOP-094, LOOP-040) (594.037606ms)
✔ a fresh failure and an unverified result are skipped with implement named (LOOP-094) (503.6156ms)
✔ --stale with a requirement identifier is refused (LOOP-094) (54.066492ms)
✔ check refuses a dirty declared input and names it; a dirty undeclared file does not block (437.21376ms)
✔ check writes one record per requirement carrying the full receipt (299.646383ms)
✔ a nonzero exit records fail, and the receipt keeps the exit code (316.797326ms)
✔ two checks write two records; nothing is overwritten or deleted (535.992737ms)
✔ a commit changing a declared input makes evidence stale; an undeclared one does not (579.517815ms)
✔ a regression is named before a requirement that never passed (721.135213ms)
✔ three attempts with no escalation since: wake says escalate, not a fourth (DEC-016, DEC-017, DEC-018) (1874.080567ms)
✔ the review gate: no review, stale review, open finding, then Done (928.378506ms)
✔ Done is refused while any requirement lacks current passing evidence (80.520947ms)
✔ check names a requested requirement that no mechanism claims (103.727077ms)
✔ check writes and clears an in-progress record around the run (184.973442ms)
✔ a linked declared input digests the same at a commit and in the tree (LOOP-023, LOOP-024) (392.266545ms)
✔ a result line is the mechanism's statement about one requirement; what it did not mention is unverified (LOOP-037, LOOP-052) (202.987275ms)
✔ a mechanism that says nothing is read by its exit code for every requirement (LOOP-039) (195.772898ms)
✔ unverified is not an attempt, and a return to an earlier failed digest counts once (DEC-017, DEC-018) (1599.221842ms)
✔ a result line for a requirement the mechanism does not speak for is named and writes nothing (LOOP-038) (178.781167ms)
✔ a result line inside ordinary output, or without the marker, does not count (195.775238ms)
✔ a targeted check runs the named requirements' mechanisms and records every requirement they speak for (LOOP-040) (192.606205ms)
✔ two result lines for one requirement: a fail on any line wins (197.665774ms)
✔ three runs at one digest with no attempt since: the verdict stays implement and names DEC-019; an escalation naming it among others clears the hint (DEC-019, LOOP-053) (872.19544ms)
✔ a complete commitment with an unpromoted backlog item names promote, and a stamped item lets it reach Done (LOOP-087) (836.753478ms)
✔ an empty backlog with a next-iteration item names an escalation recommending what to specify next; both empty is Done (LOOP-091) (632.578985ms)
✔ a promotion marker must resolve to a decision record (LOOP-088) (211.548188ms)
✔ a commitment promoted from an item needs a decision record naming the item (LOOP-088) (210.163516ms)
✔ the spec lint reports a promotion marker with no decision record (LOOP-088) (62.368296ms)
✔ a promoted commitment that changes an Agreed requirement or the working agreement is an escalation; an unpromoted one is not (LOOP-089, LOOP-090) (1195.491656ms)
✔ a capture from one of the commitment's own requirements needs Outside because: or an escalation (LOOP-092) (1372.571968ms)
✔ a next-iteration item names what it would change, and the capture refuses one that does not (LOOP-093) (350.359634ms)
✔ writes a record with every required field and an empty realized-by (63.065979ms)
✔ a Consequential decision is queued for review (54.901387ms)
✔ a Consequential decision is queued even when .cairn/queue does not exist yet (53.553425ms)
✔ Routine is refused: routine decisions produce no record (52.358773ms)
✔ a missing field is a usage error and nothing is written (49.503016ms)
✔ supersedes requires a classified cause, and the old record must exist (132.315331ms)
✔ an existing record is not overwritten (98.65625ms)
✔ a queued decision stays queued; nothing but the developer removes it (DEC-014) (84.242936ms)
✔ LOOP-067: missing inputs names a declaration repair before execution (138.022984ms)
✔ LOOP-067: empty inputs names a declaration repair before execution (168.355138ms)
✔ LOOP-067: missing command names a declaration repair before execution (124.802558ms)
✔ LOOP-067: list command names a declaration repair before execution (129.657114ms)
✔ LOOP-067: empty command names a declaration repair before execution (146.391479ms)
✔ LOOP-067: missing requirements names a declaration repair before execution (118.958503ms)
✔ LOOP-067: bad identifier names a declaration repair before execution (122.944068ms)
✔ LOOP-067: scalar one-item lists retain their existing meaning (288.627355ms)
✔ LOOP-068: a unpopulated gitlink is refused by name (157.064637ms)
✔ LOOP-068: a populated gitlink is refused by name (141.616349ms)
✔ LOOP-069: identical selections across 100 mechanisms use at most 20 Git processes (134.587883ms)
✔ escalate writes the six-line format followed by its facts, and wake presents it (122.012032ms)
✔ a missing or multi-line field is refused with the field named, and nothing is written (107.016121ms)
✔ a Blocking escalation that fails the format is written anyway, naming the malformed field (LOOP-014) (122.390296ms)
✔ a --level other than Blocking is refused rather than silently losing the bypass (71.730321ms)
✔ a second escalation while one is open is refused (LOOP-011) (114.360084ms)
✔ answer records the reply; wake no longer presents it; a second answer is refused (245.70256ms)
✔ answer to an unknown escalation is refused (58.5051ms)
✔ a stranger resumes from the file alone: question and answer are both in it (LOOP-013) (102.644493ms)
✔ after an answer, the same concern can be escalated again under a new name (150.809174ms)
✔ an escalation exists when its file does, committed or not (LOOP-009) (60.563395ms)
✔ developer answers require one of the three forms and cannot inject fields (LOOP-048) (453.646205ms)
✔ ask, agent explanation, another ask, and ok stay ordered in one file (LOOP-049, LOOP-050, LOOP-014) (580.938942ms)
✔ fresh closed answers accompany only concerned requirements until new evidence (LOOP-051) (630.02512ms)
✔ LOOP-065: delete of output refuses Done and a new run recovers (1096.544728ms)
✔ LOOP-065: corrupt of output refuses Done and a new run recovers (922.97863ms)
✔ LOOP-065: delete of stderr_output refuses Done and a new run recovers (792.737648ms)
✔ LOOP-065: corrupt of stderr_output refuses Done and a new run recovers (758.435551ms)
✔ LOOP-065: a receipt without output needs a new check (406.397804ms)
✔ LOOP-065: a receipt without output_digest needs a new check (404.231181ms)
✔ LOOP-065: a receipt without stderr_output needs a new check (409.163576ms)
✔ LOOP-065: a receipt without stderr_digest needs a new check (392.579563ms)
✔ LOOP-065: legacy unverifiable output is rerun without rewriting history (652.807581ms)
✔ LOOP-070: a later failure is latest even when the clock moves backward (915.051035ms)
✔ LOOP-070: receipt collisions at one clock instant retain execution order beyond nine suffixes (2656.791853ms)
✔ LOOP-070: imported branch receipts stale a later sequence until a new check incorporates them (1039.777971ms)
✔ LOOP-070: legacy receipts need one ordered check and remain byte-for-byte unchanged (489.455266ms)
✔ LOOP-070: edit of a prior receipt requires fresh evidence (449.825061ms)
✔ LOOP-070: remove of a prior receipt requires fresh evidence (459.79165ms)
✔ LOOP-075: supporting evidence file README.md does not become a receipt (480.693487ms)
✔ LOOP-075: supporting evidence file notes.txt does not become a receipt (482.570051ms)
✔ LOOP-075: supporting evidence file support does not become a receipt (503.649368ms)
✔ LOOP-075: supporting evidence file .DS_Store does not become a receipt (506.896493ms)
✔ LOOP-075: malformed receipt requirement=R-999 names a repair before execution (348.872414ms)
✔ LOOP-075: malformed receipt result=success names a repair before execution (343.552564ms)
✔ LOOP-075: malformed receipt sequence=NaN names a repair before execution (357.717256ms)
✔ LOOP-075: malformed receipt sequence=9007199254740992 names a repair before execution (342.468301ms)
✔ LOOP-075: malformed receipt sequence=
  - 1 names a repair before execution (363.094283ms)
✔ LOOP-075: malformed receipt history_digest=wrong names a repair before execution (362.152643ms)
✔ LOOP-075: a receipt-shaped directory is a named repair instead of an EISDIR crash (260.362824ms)
✔ LOOP-070: an earlier escalation cannot cover three new attempts after clock rollback (914.121186ms)
✔ LOOP-070: an answer becomes old after a later check even if that check's timestamp is earlier (589.530327ms)
✔ LOOP-070: the newest answer wins between checks even when its clock timestamp is older (383.259365ms)
✔ LOOP-070: legacy escalation dates cover old receipts but not three newer sequenced runs (1377.932198ms)
✔ a PKG requirement the commitment does not name is declared, run, and gates Done (PKG-011) (1580.610434ms)
✔ a PKG requirement in a Draft spec is not folded in (360.413035ms)
✔ LOOP-076/079: stale inputs identify the receipt and the check to run (626.387175ms)
✔ LOOP-077: names a content change using checked input identity (574.544762ms)
✔ LOOP-077: names a mode change using checked input identity (520.658905ms)
✔ LOOP-077: names a kind change using checked input identity (450.956776ms)
✔ LOOP-077: names a added change using checked input identity (456.493294ms)
✔ LOOP-077: names a removed change using checked input identity (435.905082ms)
✔ LOOP-077: names a link-target change using checked input identity (659.227791ms)
✔ LOOP-077: changed selection compares the old and new input sets (406.927124ms)
✔ LOOP-077: raw CRLF changes remain visible when Git-clean content agrees (410.046886ms)
✔ LOOP-077: detail output is sorted, bounded, and reports the omitted count (413.801867ms)
✔ LOOP-077: filenames cannot inject lines or terminal controls into explanations (378.38935ms)
✔ LOOP-077: receipts from one run share details and do not store source contents (301.650865ms)
✔ LOOP-078/080: legacy optional detail limits explanation without changing standing (473.814892ms)
✔ LOOP-078/080: invalid-field optional detail limits explanation without changing standing (463.799134ms)
✔ LOOP-078/080: missing optional detail limits explanation without changing standing (471.98502ms)
✔ LOOP-078/080: invalid-json optional detail limits explanation without changing standing (492.350219ms)
✔ LOOP-078/080: mismatched optional detail limits explanation without changing standing (465.008855ms)
✔ LOOP-078/080: duplicate optional detail limits explanation without changing standing (466.713623ms)
✔ LOOP-078/080: unsafe-path optional detail limits explanation without changing standing (460.216068ms)
✔ LOOP-078/080: directory optional detail limits explanation without changing standing (479.98961ms)
✔ LOOP-078/080: symlink optional detail limits explanation without changing standing (477.996661ms)
✔ LOOP-078: unavailable old requirement text is not claimed as a proven change (378.423495ms)
✔ LOOP-076/079: changed requirements identify evidence and retain review-before-check guidance (368.640263ms)
✔ LOOP-078: simultaneous input and output damage keep both reasons (378.75436ms)
✔ LOOP-080: deterministic freshness sequence seed=7 (7633.974664ms)
✔ LOOP-080: deterministic freshness sequence seed=42 (5821.737599ms)
✔ LOOP-080: deterministic freshness sequence seed=913 (4874.624929ms)
✔ LOOP-080: agreement changes, mechanism review, checks, and completion review retain priority (1267.772374ms)
✔ LOOP-080: imported receipt history demands a rerun without a false input explanation (1490.758426ms)
✔ LOOP-073: clean CRLF input completes under attributes (516.189731ms)
✔ LOOP-073: clean CRLF input completes under autocrlf (440.670065ms)
✔ LOOP-073: raw line-ending mutation during a run is rejected even when Git still sees the same content (192.20595ms)
✔ LOOP-073: execution evidence changes when clean conversion preserves committed identity (791.583567ms)
✔ LOOP-073: Git clean filters use Git's conversion while retaining raw evidence identity (371.744992ms)
✔ LOOP-073: failure of a required Git filter cannot record evidence (106.842698ms)
✔ LOOP-073: a clean filter moving HEAD during ending validation prevents evidence (462.458934ms)
✔ LOOP-073: canonical Git identities handle links without reading their targets (336.931216ms)
✔ LOOP-073: Git conversion keeps raw Unicode and control-character input paths (322.254455ms)
✔ LOOP-073: conversion and links work in a SHA-256 Git repository (323.185439ms)
✔ LOOP-074: historical specification filename "café.md" remains reviewable (325.481322ms)
✔ LOOP-074: historical specification filename "spec\ttab.md" remains reviewable (328.824143ms)
✔ LOOP-074: historical specification filename "spec\nline.md" remains reviewable (324.030191ms)
✔ help works outside a repository without running a command (PKG-017) (910.679066ms)
✔ help does not hide invalid options or consume literal arguments (154.001057ms)
✔ the script links cairn and the skills, and the linked cairn runs (PKG-014, PKG-005) (237.204033ms)
✔ a link owned by another package is kept; --force replaces it; --unlink removes ours and leaves a stranger's (167.244864ms)
✔ --force never replaces a real directory (58.024808ms)
✔ three megabytes are retained exactly once with matching digests (LOOP-041, LOOP-042) (343.975823ms)
✔ split stdout result lines survive a long non-result line; stderr is never a verdict (371.629719ms)
✔ signal termination is recorded and logs survive a clone (LOOP-043) (323.45187ms)
✔ working agreements and ignore changes are Cairn records inside the footprint (297.395346ms)
✔ a clean package passes (88.043132ms)
✔ PKG-001: a dependency, or a service manifest (137.695012ms)
✔ PKG-002: ignoring evidence or other durable state (62.92281ms)
✔ PKG-003: a command, a directory, or a record kind no decision names (205.57038ms)
✔ PKG-004: a kernel over 1500 lines (67.280024ms)
✔ PKG-006: a skill step naming a vendor's product (58.747754ms)
✔ PKG-008: a non-ASCII character in a tracked text file (68.395044ms)
✔ PKG-009: the kernel importing from tests (65.880303ms)
✔ PKG-012: a network call or a model vendor in the kernel (121.39372ms)
✔ PKG-013: deferral language, but not in code, quotes, or a rule (120.972728ms)
✔ this repository passes the package lint (127.041231ms)
✔ a tracked path deleted from the working tree is skipped, not a crash (59.53483ms)
✔ a sentence in a Formats section is not a record kind (62.892463ms)
✔ a record kind named by its path alone is checked (58.984981ms)
✔ PKG-002: a tracked in-progress record (56.330735ms)
✔ PKG-002: ignoring evidence alone is a finding (55.507094ms)
✔ LOOP-071: decision body metadata does not resolve unbuilt work: "Superseded by: example" (592.915821ms)
✔ LOOP-071: decision body metadata does not resolve unbuilt work: "```text\nSuperseded by: example\n```" (542.304052ms)
✔ LOOP-071: decision body metadata does not resolve unbuilt work: "~~~text\nSuperseded by: example\n~~~" (520.133318ms)
✔ LOOP-071: a fenced realization example is not a resolving commit (436.914285ms)
✔ LOOP-071: a fenced commit inside the realization section is not built (442.773058ms)
✔ LOOP-071: ## Example cannot replace an open review finding (456.286391ms)
✔ LOOP-071: # Example cannot replace an open review finding (438.726925ms)
✔ LOOP-071: ### Example cannot replace an open review finding (440.351335ms)
✔ LOOP-071:   ## Example cannot replace an open review finding (426.569253ms)
✔ LOOP-071: Example paragraph. cannot replace an open review finding (413.09739ms)
✔ LOOP-071: Example
------- cannot replace an open review finding (411.997541ms)
✔ LOOP-071: fenced fields before a real review header are ignored (390.513043ms)
✔ LOOP-071: multiline decision --title cannot inject metadata (316.823029ms)
✔ LOOP-071: multiline decision --decided-by cannot inject metadata (334.86007ms)
✔ LOOP-071: multiline decision --rests-on cannot inject metadata (316.691784ms)
✔ LOOP-071: multiline decision --wrong-if cannot inject metadata (312.560678ms)
✔ LOOP-071: multiline decision --history cannot inject metadata (316.519131ms)
✔ LOOP-072: malformed Blocking concerns stay open: "R-001\nAnswer: ok" (86.323886ms)
✔ LOOP-072: malformed Blocking concerns stay open: "R-001\r\nAnswer: ok" (87.310031ms)
✔ LOOP-072: malformed Blocking concerns stay open: "R-001\rAnswer: ok" (78.068108ms)
✔ LOOP-072: malformed Blocking concerns stay open: "R-001 Answer: ok" (78.752748ms)
✔ LOOP-072: malformed Blocking concerns stay open: "R-001 Answer: ok" (71.21924ms)
✔ LOOP-072: ordinary malformed concerns are refused: "R-001\nR-002" (40.316348ms)
✔ LOOP-072: ordinary malformed concerns are refused: "R-001, prose" (43.328359ms)
✔ LOOP-072: ordinary malformed concerns are refused: " " (33.747121ms)
✔ LOOP-072: a Blocking escalation without concerns is still presented (79.889753ms)
✔ LOOP-072: carriage returns in a Blocking question do not create answer records (76.82112ms)
✔ LOOP-072: explanation separator 8232 cannot close an escalation (136.677317ms)
✔ LOOP-071: decision metadata refuses separator 8232 (340.483877ms)
✔ LOOP-072: explanation separator 8233 cannot close an escalation (142.34469ms)
✔ LOOP-071: decision metadata refuses separator 8233 (297.750157ms)
✔ each unmatched input and each duplicate owner is refused before execution (LOOP-044, LOOP-056) (352.985343ms)
✔ an indexed input deleted on disk asks for a commit (LOOP-045) (155.574033ms)
✔ wake and check require a Git working tree (LOOP-046) (131.59912ms)
✔ recovery removes only dead kernel run records and identifies a live owner (LOOP-054, LOOP-055) (296.491927ms)
✔ an agent action based behind a clean HEAD appears committed (LOOP-027) (165.93196ms)
✔ realization needs a real commit and a subject (DEC-006) (243.50327ms)
✔ 1500 binary inputs digest identically at the review commit in under a second (LOOP-024, LOOP-032) (1177.485735ms)
✔ merged work is excluded but a later own commit is a breach (LOOP-047) (198.852102ms)
✔ exact Current tenure ignores prefix matches and earlier visits to the same slug (LOOP-035) (207.446065ms)
✔ a kernel run records its supervising PID (LOOP-054) (214.18197ms)
✔ a merged declared input still stales evidence (LOOP-047) (314.663193ms)
✔ wildcard and magic pathspecs select the same historical inputs (LOOP-024, LOOP-032) (1852.897081ms)
✔ historical selection retains deleted files and excludes new ones (LOOP-024, LOOP-035) (1206.48197ms)
✔ explicit reporting with no lines and exit 0 establishes no requirement verdicts (466.622166ms)
✔ explicit reporting with no lines and exit 1 establishes no requirement verdicts (405.314677ms)
✔ a reporter that cannot start keeps execution diagnostics without blaming requirements (253.644053ms)
✔ large output cannot kill a reporter or invent a requirement verdict (291.93806ms)
✔ explicit mode ignores cairn: R-999: pass (247.659737ms)
✔ explicit mode ignores cairn: R-001: unverified (233.92855ms)
✔ explicit mode ignores cairn: R-001: passed (217.356657ms)
✔ explicit results survive nonzero exit and contradictory duplicates still fail (456.946237ms)
✔ unverified results across changed inputs never become failed attempts (1140.91441ms)
✔ legacy exit 0 retains its interpretation (200.271698ms)
✔ legacy exit 1 retains its interpretation (188.427977ms)
✔ a misspelled reporting mode is refused before execution (78.435582ms)
✔ changed requirement blocks unchecked reruns and makes the completion review stale (LOOP-058, LOOP-059) (1526.129765ms)
✔ falsifier changes need review; separate rationale and other requirements do not change a receipt (912.395863ms)
✔ legacy receipts recover requirement identity from their commit; unavailable history requires review (709.87678ms)
✔ check refuses uncommitted requirement text and mechanism review markers (657.840786ms)
✔ tightened response limit cannot reuse the old passing check (1212.53423ms)
✔ a declared input over 1 MiB agrees at a commit and in the tree (LOOP-060) (420.858922ms)
✔ a failed Git blob read cannot be hashed as an empty blob (398.671746ms)
✔ Git listings over 1 MiB include the last declared input (1937.578839ms)
✔ requirement identity excludes fenced examples and status dates (475.060338ms)
✔ DemonCoder REM-002 and Status in progress cannot silently satisfy the review gate (LOOP-086) (795.360619ms)
✔ valid open findings retain their behavior (465.79677ms)
✔ valid resolved findings retain their behavior (412.901191ms)
✔ valid empty findings retain their behavior (373.283855ms)
✔ valid mixed valid findings retain their behavior (383.255929ms)
✔ malformed finding "open:" requires repair (317.565445ms)
✔ malformed finding "resolved:   " requires repair (316.707122ms)
✔ malformed finding "Open: incorrect case" requires repair (318.12791ms)
✔ malformed finding "unknown: issue" requires repair (302.408869ms)
✔ malformed finding "\u001b[31mBAD: issue" requires repair (292.03204ms)
✔ the established explicit empty findings list remains valid (335.311785ms)
✔ a scalar findings value requires the supported list format (297.592474ms)
✔ empty footprint names declaration before scope and records no evidence (LOOP-081) (546.627584ms)
✔ first declaration still checks the full earlier history (LOOP-081) (282.253711ms)
✔ an empty current footprint does not block an explicitly requested existing mechanism (LOOP-081) (270.065888ms)
✔ an inherited mechanism provides a footprint even before local mechanisms exist (218.011864ms)
✔ scope reports every path, escapes line breaks, and gives identical remedies (LOOP-082) (175.190768ms)
✔ scope verdict reuses the answered-escalation annotation (LOOP-048, LOOP-051, LOOP-083) (420.694034ms)
✔ a committed scope acknowledgment lets restored history proceed (LOOP-083) (551.784232ms)
✔ scope acknowledgment must be committed before it can clear a breach (529.706234ms)
✔ ordinary ok does not acknowledge scope history (240.842181ms)
✔ scope escalation refuses unrestored paths and names the restoration remedy (210.855907ms)
✔ an invalid scope request still records an explicitly Blocking decision (117.307703ms)
✔ ask and explanation stay open; only the final committed ok acknowledges scope (594.471373ms)
✔ instead is visible but does not silently authorize a scope exception (305.151194ms)
✔ later changes to an acknowledged path still block, including later reverts (1031.509001ms)
✔ approval cannot hide another path changed after the snapshot (325.608521ms)
✔ acknowledged history remains conditional on the paths staying restored (512.285602ms)
✔ editing the scope snapshot after answer invalidates its acknowledgment (246.80502ms)
✔ malformed scope metadata cannot suppress a breach (1291.490319ms)
✔ damaged acknowledgment fields cannot suppress a breach (506.508055ms)
✔ scope path matching is literal, including wildcard filenames and control characters (463.678486ms)
✔ scope acknowledgment does not carry into another activation of the same slug (263.09073ms)
✔ restoration checks additions, deletions, executable modes, and symlink kinds (1362.958917ms)
✔ explicit committed retention keeps correct work and requires new evidence and review (LOOP-084, LOOP-085) (1738.613382ms)
✔ a missing declaration covers correct earlier work without retention or revert (402.42641ms)
✔ keep requires scope and an unchanged committed candidate (150.225934ms)
✔ uncommitted retention and instead answers cannot clear the incident (850.317217ms)
✔ retention does not grant future edits, even when reverted to the approved tree (1144.217871ms)
✔ retention cannot cover another path or another activation (500.063252ms)
✔ imported changes must still match the retained tree (517.416535ms)
✔ retention handles additions, deletions, modes, symlinks, and literal filenames (1862.296472ms)
✔ retention cannot convert an existing restoration answer or accept an unknown mode (370.062364ms)
✔ a check failure after retention remains a failure (685.18539ms)
✔ retained paths stay part of the stable checked candidate without extending its footprint (533.166024ms)
✔ retention ask needs an explanation and final committed approval (508.815024ms)
✔ an unknown scope mode remains invalid even with a matching approval digest (241.597356ms)
✔ backlog writes the item; a second with the same title is refused, never overwritten (LOOP-016) (116.565185ms)
✔ a commit inside the footprint: check runs; outside it: check names the path and does not run (LOOP-035) (536.376355ms)
✔ a file under .cairn/ or docs/ is never a breach (438.779164ms)
✔ declaring the path as an input clears the breach (246.002626ms)
✔ a revert preserves the record of an out-of-scope commit (LOOP-047) (220.617501ms)
✔ a commitment naming a requirement the spec set does not hold as Agreed is repaired (LOOP-029) (70.241615ms)
✔ a requirement in a Draft spec file is not Agreed (58.495083ms)
✔ working agreements and the ignore file are Cairn records (LOOP-035, LOOP-036) (367.081542ms)
✔ the over-asking rule is gone from both skills (SPEC-005, SPEC-006) (1.106645ms)
✔ a decision during the phase is recorded (DEC-003) (0.130643ms)
✔ understanding is restated before writing (SPEC-003) (0.094378ms)
✔ falsifiers are proposed as one set and confirmed by exception (SPEC-004) (0.290874ms)
✔ depth is inferred and domains derived, never asked or imposed (SPEC-008, SPEC-009) (0.115049ms)
✔ a term enters the glossary at first occurrence (SPEC-010) (0.068093ms)
✔ the phase ends at the first commitment, and later ones are specified during the loop (SPEC-011, SPEC-012) (0.146484ms)
✔ a requirement goes Agreed only with a nameable mechanism (SPEC-013) (0.07013ms)
✔ review before agreement, recording what it attacked (SPEC-014, SPEC-015) (0.088291ms)
✔ no spec file without requirements; nothing Agreed without a falsifier (SPEC-001, SPEC-002) (0.127843ms)
✔ Observed is marked, and is not contract (SPEC-016, SPEC-017) (0.101574ms)
✔ the skills exclude artifacts outside Cairn's workflow (0.170075ms)
✔ the working agreement names the agent's move for each verdict and the write-ahead record (LOOP-036) (0.917296ms)
✔ the working agreement names the developer's moves (LOOP-036, DEC-014) (0.310002ms)
✔ this repository runs by the file it ships (0.380417ms)
✔ both skills write the working agreement without naming a vendor's file (LOOP-036, PKG-006) (0.095083ms)
✔ the working agreement says what an attempt is (LOOP-036, DEC-017, DEC-018) (0.054076ms)
✔ the working agreement says a failure no footprint change can address is an escalation, and where an inherited requirement is repaired (DEC-019, LOOP-057) (0.159798ms)
✔ the working agreement states the promote, next-iteration, and no-deferral moves (LOOP-029, LOOP-087, LOOP-091, LOOP-092) (0.068522ms)
✔ both skills sort captures into the backlog or next-iteration and forbid deferral (LOOP-029, LOOP-092, LOOP-093) (0.091927ms)
✔ the skill requires a falsifier on every requirement, a MAY included (SPEC-025) (0.093441ms)
✔ a two-obligation sentence is named (PKG-007) (33.412538ms)
✔ an obligation with no actor is named (PKG-010) (37.585219ms)
✔ a leading condition clause is not the actor, and the actor after it counts (39.38708ms)
✔ an Agreed requirement with no falsifier is named (SPEC-002); a Draft one is not (83.652685ms)
✔ prose after a Draft requirement with no falsifier is not scanned as requirement text (36.289724ms)
✔ a spec declaring a prefix with no requirement is named (SPEC-001) (56.179646ms)
✔ a keyword in backticks or quotes is a mention, not an obligation (44.450872ms)
✔ this repository's own specification passes the lint (53.475216ms)
✔ duplicate identifiers are rejected within a file and across files (SPEC-020) (91.952645ms)
✔ references resolve across files; missing references name their source (SPEC-021) (83.349668ms)
✔ code examples and quoted mentions are neither definitions nor references (40.428365ms)
✔ machine-local paths are findings in prose, links, quotes, and examples (SPEC-019) (376.979734ms)
✔ relative paths, URLs, slash commands, and character mentions are not absolute path findings (33.331445ms)
✔ a slash after a placeholder continues the template (SPEC-019) (63.548945ms)
✔ a host path is a finding until the file declares it (SPEC-019, SPEC-024) (67.888623ms)
✔ declared host paths cover children with a slash boundary and stay file-local (116.963927ms)
✔ a host-path declaration inside a requirement or example grants no exception (111.294777ms)
✔ host-path declarations require absolute or home-relative entries (151.884386ms)
✔ an Agreed block whose only keyword is MAY needs a falsifier like any other (SPEC-025, SPEC-002) (60.888318ms)
✔ supersede writes both lines, and the old record keeps every word it had (DEC-008, DEC-010) (78.491755ms)
✔ supersede without a cause, or with one outside the four, is refused (DEC-009) (144.578376ms)
✔ supersede of a record that does not exist is refused (65.800599ms)
✔ a predecessor with no title line cannot be stamped, so nothing is written (70.041203ms)
✔ reversals reports counts by decider, cause, and domain (DEC-011) (148.911002ms)
✔ decide in a domain with a reversal is refused without --history, naming the reversal; with it, the record carries History (DEC-012) (148.704242ms)
✔ decide in a domain with no reversals needs no --history (104.705332ms)
✔ a record resting on prose alone is in the domain unspecified, and so is the next one (95.422802ms)
✔ step 1: an in-progress record is reconciled before anything else (102.790208ms)
✔ step 2: an open escalation is presented and nothing else happens (84.896882ms)
✔ an answered escalation is not open (503.203476ms)
✔ step 3: a decision with no realized-by is built, first by name (65.644433ms)
✔ a superseded decision with no realized-by is not work (116.34816ms)
✔ step 6: a mechanism that has never run is run, not implemented (120.566299ms)
✔ step 6: a requirement whose mechanism fails is implemented (493.249424ms)
✔ step 6 before step 7: failing evidence outranks a missing mechanism (337.447433ms)
✔ step 7: a requirement with no mechanism is declared (85.254754ms)
✔ step 10: every requirement current and passing, review clean, is Done (343.384159ms)
✔ malformed roadmap is Resolvable, not fatal (64.068287ms)
✔ a commitment naming no requirements is Resolvable (59.218726ms)
✔ the primary test: two wakes on the same checkout give the same action (91.664176ms)
✔ outside a cairn repository wake cannot run (36.019123ms)
✔ the loop never waits on the review queue (DEC-015) (314.807038ms)
✔ the linked walkthrough runs from agreement through the next commitment (PKG-016) (1306.646089ms)
ℹ tests 376
ℹ suites 0
ℹ pass 376
ℹ fail 0
ℹ cancelled 0
ℹ skipped 0
ℹ todo 0
ℹ duration_ms 21193.936934
