✔ a Draft block overrides an Agreed file for both wake and check (SPEC-018) (158.569276ms)
✔ an Agreed block overrides a Draft file in the kernel and lint (SPEC-018, SPEC-002) (488.675151ms)
✔ a block Status does not become the file default, including inside examples (SPEC-018) (286.727378ms)
✔ block status without a value does not inherit Agreed by accident (SPEC-018) (60.9288ms)
✔ inheritance needs a file Scope and includes only Agreed blocks, regardless of prefix (PKG-015) (1146.913238ms)
✔ Scope inside a requirement or fenced example does not declare inheritance (PKG-015) (560.722854ms)
✔ LOOP-063: reject input mutation during a check and retain diagnostics (325.833431ms)
✔ LOOP-063: reject deletion mutation during a check and retain diagnostics (326.614679ms)
✔ LOOP-063: reject addition mutation during a check and retain diagnostics (266.428541ms)
✔ LOOP-063: reject mode mutation during a check and retain diagnostics (266.01654ms)
✔ LOOP-063: reject specification mutation during a check and retain diagnostics (247.142662ms)
✔ LOOP-063: reject declaration mutation during a check and retain diagnostics (243.784113ms)
✔ LOOP-063: reject commit mutation during a check and retain diagnostics (233.611688ms)
✔ LOOP-063: committed input mutation during execution cannot certify the replacement (234.686862ms)
✔ LOOP-064: removing executable permission makes passing evidence stale (349.541208ms)
✔ LOOP-064: a mode-only change also invalidates the previous review after new evidence (554.955566ms)
✔ LOOP-064: changing a regular file into a link with identical identity bytes is stale (618.111317ms)
✔ LOOP-063: an unchanged candidate still records a pass despite unrelated working-tree edits (172.620984ms)
✔ LOOP-064: current and historical input ordering agrees for Unicode filenames (272.397264ms)
✔ LOOP-063: Git status hiding content changes cannot certify an uncommitted candidate (92.085972ms)
✔ LOOP-063: Git status hiding mode changes cannot certify an uncommitted candidate (96.958439ms)
✔ LOOP-066: one check owns execution with a kernel action record (431.748536ms)
✔ LOOP-066: one check owns execution with an agent action record (334.696212ms)
✔ LOOP-066: a live lock is named and never silently overwritten (111.291402ms)
✔ LOOP-066: a dead lock is named and never silently overwritten (99.206562ms)
✔ LOOP-066: a incomplete lock is named and never silently overwritten (100.858507ms)
✔ LOOP-066: an execution error releases the check lock for a corrected rerun (328.731109ms)
✔ LOOP-066: a live kernel action from an older Cairn also blocks execution (47.750355ms)
✔ LOOP-066: separate Git worktrees can run checks independently (327.016438ms)
✔ check refuses a dirty declared input and names it; a dirty undeclared file does not block (364.944372ms)
✔ check writes one record per requirement carrying the full receipt (275.580603ms)
✔ a nonzero exit records fail, and the receipt keeps the exit code (242.37261ms)
✔ two checks write two records; nothing is overwritten or deleted (420.12126ms)
✔ a commit changing a declared input makes evidence stale; an undeclared one does not (473.675788ms)
✔ a regression is named before a requirement that never passed (624.085669ms)
✔ three attempts with no escalation since: wake says escalate, not a fourth (DEC-016, DEC-017, DEC-018) (1625.40628ms)
✔ the review gate: no review, stale review, open finding, then Done (809.806711ms)
✔ Done is refused while any requirement lacks current passing evidence (70.129347ms)
✔ check names a requested requirement that no mechanism claims (85.925694ms)
✔ check writes and clears an in-progress record around the run (169.70267ms)
✔ a linked declared input digests the same at a commit and in the tree (LOOP-023, LOOP-024) (330.324091ms)
✔ a result line is the mechanism's statement about one requirement; what it did not mention is unverified (LOOP-037, LOOP-052) (172.689298ms)
✔ a mechanism that says nothing is read by its exit code for every requirement (LOOP-039) (168.153859ms)
✔ unverified is not an attempt, and a return to an earlier failed digest counts once (DEC-017, DEC-018) (1439.973768ms)
✔ a result line for a requirement the mechanism does not speak for is named and writes nothing (LOOP-038) (150.000211ms)
✔ a result line inside ordinary output, or without the marker, does not count (158.549011ms)
✔ a targeted check runs the named requirements' mechanisms and records every requirement they speak for (LOOP-040) (172.417399ms)
✔ two result lines for one requirement: a fail on any line wins (166.006746ms)
✔ three runs at one digest with no attempt since: the verdict stays implement and names DEC-019; an escalation naming it among others clears the hint (DEC-019, LOOP-053) (759.208525ms)
✔ writes a record with every required field and an empty realized-by (36.076508ms)
✔ a Consequential decision is queued for review (43.419073ms)
✔ a Consequential decision is queued even when .cairn/queue does not exist yet (44.8341ms)
✔ Routine is refused: routine decisions produce no record (46.370901ms)
✔ a missing field is a usage error and nothing is written (46.588215ms)
✔ supersedes requires a classified cause, and the old record must exist (116.167208ms)
✔ an existing record is not overwritten (83.299742ms)
✔ a queued decision stays queued; nothing but the developer removes it (DEC-014) (74.57349ms)
✔ LOOP-067: missing inputs names a declaration repair before execution (121.95261ms)
✔ LOOP-067: empty inputs names a declaration repair before execution (138.196117ms)
✔ LOOP-067: missing command names a declaration repair before execution (126.101146ms)
✔ LOOP-067: list command names a declaration repair before execution (122.780513ms)
✔ LOOP-067: empty command names a declaration repair before execution (109.421221ms)
✔ LOOP-067: missing requirements names a declaration repair before execution (107.156047ms)
✔ LOOP-067: bad identifier names a declaration repair before execution (101.787383ms)
✔ LOOP-067: scalar one-item lists retain their existing meaning (220.173193ms)
✔ LOOP-068: a unpopulated gitlink is refused by name (123.557169ms)
✔ LOOP-068: a populated gitlink is refused by name (129.998602ms)
✔ LOOP-069: identical selections across 100 mechanisms use at most 20 Git processes (98.982593ms)
✔ escalate writes the six-line format followed by its facts, and wake presents it (108.027114ms)
✔ a missing or multi-line field is refused with the field named, and nothing is written (108.278762ms)
✔ a Blocking escalation that fails the format is written anyway, naming the malformed field (LOOP-014) (119.970286ms)
✔ a --level other than Blocking is refused rather than silently losing the bypass (48.288231ms)
✔ a second escalation while one is open is refused (LOOP-011) (95.697803ms)
✔ answer records the reply; wake no longer presents it; a second answer is refused (195.05144ms)
✔ answer to an unknown escalation is refused (48.360661ms)
✔ a stranger resumes from the file alone: question and answer are both in it (LOOP-013) (90.013302ms)
✔ after an answer, the same concern can be escalated again under a new name (128.872496ms)
✔ an escalation exists when its file does, committed or not (LOOP-009) (58.067174ms)
✔ developer answers require one of the three forms and cannot inject fields (LOOP-048) (424.254499ms)
✔ ask, agent explanation, another ask, and ok stay ordered in one file (LOOP-049, LOOP-050, LOOP-014) (530.607039ms)
✔ fresh closed answers accompany only concerned requirements until new evidence (LOOP-051) (550.059092ms)
✔ LOOP-065: delete of output refuses Done and a new run recovers (888.331105ms)
✔ LOOP-065: corrupt of output refuses Done and a new run recovers (733.850013ms)
✔ LOOP-065: delete of stderr_output refuses Done and a new run recovers (682.400775ms)
✔ LOOP-065: corrupt of stderr_output refuses Done and a new run recovers (651.431434ms)
✔ LOOP-065: a receipt without output needs a new check (343.225069ms)
✔ LOOP-065: a receipt without output_digest needs a new check (344.001908ms)
✔ LOOP-065: a receipt without stderr_output needs a new check (335.067165ms)
✔ LOOP-065: a receipt without stderr_digest needs a new check (328.866409ms)
✔ LOOP-065: legacy unverifiable output is rerun without rewriting history (562.800474ms)
✔ LOOP-070: a later failure is latest even when the clock moves backward (744.648582ms)
✔ LOOP-070: receipt collisions at one clock instant retain execution order beyond nine suffixes (2285.528652ms)
✔ LOOP-070: imported branch receipts stale a later sequence until a new check incorporates them (914.80233ms)
✔ LOOP-070: legacy receipts need one ordered check and remain byte-for-byte unchanged (439.764134ms)
✔ LOOP-070: edit of a prior receipt requires fresh evidence (422.914732ms)
✔ LOOP-070: remove of a prior receipt requires fresh evidence (404.529006ms)
✔ LOOP-075: supporting evidence file README.md does not become a receipt (463.733599ms)
✔ LOOP-075: supporting evidence file notes.txt does not become a receipt (443.365565ms)
✔ LOOP-075: supporting evidence file support does not become a receipt (440.761582ms)
✔ LOOP-075: supporting evidence file .DS_Store does not become a receipt (429.553214ms)
✔ LOOP-075: malformed receipt requirement=R-999 names a repair before execution (316.159681ms)
✔ LOOP-075: malformed receipt result=success names a repair before execution (294.314563ms)
✔ LOOP-075: malformed receipt sequence=NaN names a repair before execution (294.77667ms)
✔ LOOP-075: malformed receipt sequence=9007199254740992 names a repair before execution (303.913873ms)
✔ LOOP-075: malformed receipt sequence=
  - 1 names a repair before execution (291.686013ms)
✔ LOOP-075: malformed receipt history_digest=wrong names a repair before execution (290.533386ms)
✔ LOOP-075: a receipt-shaped directory is a named repair instead of an EISDIR crash (229.086377ms)
✔ LOOP-070: an earlier escalation cannot cover three new attempts after clock rollback (796.706913ms)
✔ LOOP-070: an answer becomes old after a later check even if that check's timestamp is earlier (559.781275ms)
✔ LOOP-070: the newest answer wins between checks even when its clock timestamp is older (328.807192ms)
✔ LOOP-070: legacy escalation dates cover old receipts but not three newer sequenced runs (973.41524ms)
✔ a PKG requirement the commitment does not name is declared, run, and gates Done (PKG-011) (1306.624909ms)
✔ a PKG requirement in a Draft spec is not folded in (306.072051ms)
✔ LOOP-076/079: stale inputs identify the receipt and the check to run (503.421553ms)
✔ LOOP-077: names a content change using checked input identity (450.36599ms)
✔ LOOP-077: names a mode change using checked input identity (423.868888ms)
✔ LOOP-077: names a kind change using checked input identity (369.519263ms)
✔ LOOP-077: names a added change using checked input identity (370.345433ms)
✔ LOOP-077: names a removed change using checked input identity (374.131133ms)
✔ LOOP-077: names a link-target change using checked input identity (560.591863ms)
✔ LOOP-077: changed selection compares the old and new input sets (347.150971ms)
✔ LOOP-077: raw CRLF changes remain visible when Git-clean content agrees (342.4569ms)
✔ LOOP-077: detail output is sorted, bounded, and reports the omitted count (355.056766ms)
✔ LOOP-077: filenames cannot inject lines or terminal controls into explanations (342.503963ms)
✔ LOOP-077: receipts from one run share details and do not store source contents (262.196683ms)
✔ LOOP-078/080: legacy optional detail limits explanation without changing standing (406.391801ms)
✔ LOOP-078/080: invalid-field optional detail limits explanation without changing standing (421.476353ms)
✔ LOOP-078/080: missing optional detail limits explanation without changing standing (426.06635ms)
✔ LOOP-078/080: invalid-json optional detail limits explanation without changing standing (417.271364ms)
✔ LOOP-078/080: mismatched optional detail limits explanation without changing standing (408.07427ms)
✔ LOOP-078/080: duplicate optional detail limits explanation without changing standing (416.591462ms)
✔ LOOP-078/080: unsafe-path optional detail limits explanation without changing standing (390.803418ms)
✔ LOOP-078/080: directory optional detail limits explanation without changing standing (396.768507ms)
✔ LOOP-078/080: symlink optional detail limits explanation without changing standing (407.582993ms)
✔ LOOP-078: unavailable old requirement text is not claimed as a proven change (303.950156ms)
✔ LOOP-076/079: changed requirements identify evidence and retain review-before-check guidance (315.293933ms)
✔ LOOP-078: simultaneous input and output damage keep both reasons (295.605504ms)
✔ LOOP-080: deterministic freshness sequence seed=7 (6370.782873ms)
✔ LOOP-080: deterministic freshness sequence seed=42 (4692.844698ms)
✔ LOOP-080: deterministic freshness sequence seed=913 (3715.314341ms)
✔ LOOP-080: agreement changes, mechanism review, checks, and completion review retain priority (955.907878ms)
✔ LOOP-080: imported receipt history demands a rerun without a false input explanation (991.25056ms)
✔ LOOP-073: clean CRLF input completes under attributes (411.73182ms)
✔ LOOP-073: clean CRLF input completes under autocrlf (390.033913ms)
✔ LOOP-073: raw line-ending mutation during a run is rejected even when Git still sees the same content (183.775605ms)
✔ LOOP-073: execution evidence changes when clean conversion preserves committed identity (633.09501ms)
✔ LOOP-073: Git clean filters use Git's conversion while retaining raw evidence identity (320.082761ms)
✔ LOOP-073: failure of a required Git filter cannot record evidence (96.795447ms)
✔ LOOP-073: a clean filter moving HEAD during ending validation prevents evidence (260.500792ms)
✔ LOOP-073: canonical Git identities handle links without reading their targets (303.871829ms)
✔ LOOP-073: Git conversion keeps raw Unicode and control-character input paths (291.618592ms)
✔ LOOP-073: conversion and links work in a SHA-256 Git repository (294.926941ms)
✔ LOOP-074: historical specification filename "café.md" remains reviewable (277.170718ms)
✔ LOOP-074: historical specification filename "spec\ttab.md" remains reviewable (289.731474ms)
✔ LOOP-074: historical specification filename "spec\nline.md" remains reviewable (283.964553ms)
✔ help works outside a repository without running a command (PKG-017) (776.114835ms)
✔ help does not hide invalid options or consume literal arguments (152.972605ms)
✔ the script links cairn and the skills, and the linked cairn runs (PKG-014, PKG-005) (193.199435ms)
✔ a link owned by another package is kept; --force replaces it; --unlink removes ours and leaves a stranger's (144.905468ms)
✔ --force never replaces a real directory (48.552659ms)
✔ three megabytes are retained exactly once with matching digests (LOOP-041, LOOP-042) (310.739368ms)
✔ split stdout result lines survive a long non-result line; stderr is never a verdict (310.459005ms)
✔ signal termination is recorded and logs survive a clone (LOOP-043) (245.631208ms)
✔ working agreements and ignore changes are Cairn records inside the footprint (238.140627ms)
✔ a clean package passes (55.643745ms)
✔ PKG-001: a dependency, or a service manifest (129.077627ms)
✔ PKG-002: ignoring evidence or other durable state (63.459632ms)
✔ PKG-003: a command, a directory, or a record kind no decision names (160.929728ms)
✔ PKG-004: a kernel over 1500 lines (57.72688ms)
✔ PKG-006: a skill step naming a vendor's product (55.994816ms)
✔ PKG-008: a non-ASCII character in a tracked text file (56.966619ms)
✔ PKG-009: the kernel importing from tests (53.391481ms)
✔ PKG-012: a network call or a model vendor in the kernel (111.067208ms)
✔ PKG-013: deferral language, but not in code, quotes, or a rule (101.600839ms)
✔ this repository passes the package lint (107.088731ms)
✔ a tracked path deleted from the working tree is skipped, not a crash (54.131618ms)
✔ a sentence in a Formats section is not a record kind (51.555909ms)
✔ a record kind named by its path alone is checked (44.888838ms)
✔ PKG-002: a tracked in-progress record (51.110142ms)
✔ PKG-002: ignoring evidence alone is a finding (45.176971ms)
✔ LOOP-071: decision body metadata does not resolve unbuilt work: "Superseded by: example" (516.911634ms)
✔ LOOP-071: decision body metadata does not resolve unbuilt work: "```text\nSuperseded by: example\n```" (435.826268ms)
✔ LOOP-071: decision body metadata does not resolve unbuilt work: "~~~text\nSuperseded by: example\n~~~" (416.718891ms)
✔ LOOP-071: a fenced realization example is not a resolving commit (389.806036ms)
✔ LOOP-071: a fenced commit inside the realization section is not built (364.099274ms)
✔ LOOP-071: ## Example cannot replace an open review finding (394.39085ms)
✔ LOOP-071: # Example cannot replace an open review finding (358.288276ms)
✔ LOOP-071: ### Example cannot replace an open review finding (357.495038ms)
✔ LOOP-071:   ## Example cannot replace an open review finding (351.354469ms)
✔ LOOP-071: Example paragraph. cannot replace an open review finding (352.486694ms)
✔ LOOP-071: Example
------- cannot replace an open review finding (350.325888ms)
✔ LOOP-071: fenced fields before a real review header are ignored (334.926602ms)
✔ LOOP-071: multiline decision --title cannot inject metadata (278.992548ms)
✔ LOOP-071: multiline decision --decided-by cannot inject metadata (295.349591ms)
✔ LOOP-071: multiline decision --rests-on cannot inject metadata (300.275171ms)
✔ LOOP-071: multiline decision --wrong-if cannot inject metadata (302.615562ms)
✔ LOOP-071: multiline decision --history cannot inject metadata (288.382676ms)
✔ LOOP-072: malformed Blocking concerns stay open: "R-001\nAnswer: ok" (74.765884ms)
✔ LOOP-072: malformed Blocking concerns stay open: "R-001\r\nAnswer: ok" (62.956669ms)
✔ LOOP-072: malformed Blocking concerns stay open: "R-001\rAnswer: ok" (71.266377ms)
✔ LOOP-072: malformed Blocking concerns stay open: "R-001 Answer: ok" (68.077354ms)
✔ LOOP-072: malformed Blocking concerns stay open: "R-001 Answer: ok" (70.312648ms)
✔ LOOP-072: ordinary malformed concerns are refused: "R-001\nR-002" (34.738156ms)
✔ LOOP-072: ordinary malformed concerns are refused: "R-001, prose" (39.144078ms)
✔ LOOP-072: ordinary malformed concerns are refused: " " (39.014727ms)
✔ LOOP-072: a Blocking escalation without concerns is still presented (67.846423ms)
✔ LOOP-072: carriage returns in a Blocking question do not create answer records (79.857192ms)
✔ LOOP-072: explanation separator 8232 cannot close an escalation (113.186538ms)
✔ LOOP-071: decision metadata refuses separator 8232 (282.921692ms)
✔ LOOP-072: explanation separator 8233 cannot close an escalation (132.742476ms)
✔ LOOP-071: decision metadata refuses separator 8233 (260.355444ms)
✔ each unmatched input and each duplicate owner is refused before execution (LOOP-044, LOOP-056) (257.139718ms)
✔ an indexed input deleted on disk asks for a commit (LOOP-045) (118.344367ms)
✔ wake and check require a Git working tree (LOOP-046) (94.443439ms)
✔ recovery removes only dead kernel run records and identifies a live owner (LOOP-054, LOOP-055) (279.299417ms)
✔ an agent action based behind a clean HEAD appears committed (LOOP-027) (144.495711ms)
✔ realization needs a real commit and a subject (DEC-006) (188.409209ms)
✔ 1500 binary inputs digest identically at the review commit in under a second (LOOP-024, LOOP-032) (995.351081ms)
✔ merged work is excluded but a later own commit is a breach (LOOP-047) (144.476796ms)
✔ exact Current tenure ignores prefix matches and earlier visits to the same slug (LOOP-035) (177.341256ms)
✔ a kernel run records its supervising PID (LOOP-054) (194.268686ms)
✔ a merged declared input still stales evidence (LOOP-047) (282.579566ms)
✔ wildcard and magic pathspecs select the same historical inputs (LOOP-024, LOOP-032) (1609.621254ms)
✔ historical selection retains deleted files and excludes new ones (LOOP-024, LOOP-035) (1088.546409ms)
✔ explicit reporting with no lines and exit 0 establishes no requirement verdicts (370.238952ms)
✔ explicit reporting with no lines and exit 1 establishes no requirement verdicts (326.868653ms)
✔ a reporter that cannot start keeps execution diagnostics without blaming requirements (207.514118ms)
✔ large output cannot kill a reporter or invent a requirement verdict (247.644749ms)
✔ explicit mode ignores cairn: R-999: pass (221.057821ms)
✔ explicit mode ignores cairn: R-001: unverified (211.645716ms)
✔ explicit mode ignores cairn: R-001: passed (206.158824ms)
✔ explicit results survive nonzero exit and contradictory duplicates still fail (396.302065ms)
✔ unverified results across changed inputs never become failed attempts (981.729558ms)
✔ legacy exit 0 retains its interpretation (186.372661ms)
✔ legacy exit 1 retains its interpretation (176.590386ms)
✔ a misspelled reporting mode is refused before execution (86.241864ms)
✔ changed requirement blocks unchecked reruns and makes the completion review stale (LOOP-058, LOOP-059) (1245.740426ms)
✔ falsifier changes need review; separate rationale and other requirements do not change a receipt (767.087587ms)
✔ legacy receipts recover requirement identity from their commit; unavailable history requires review (610.781458ms)
✔ check refuses uncommitted requirement text and mechanism review markers (564.390412ms)
✔ tightened response limit cannot reuse the old passing check (1052.760938ms)
✔ a declared input over 1 MiB agrees at a commit and in the tree (LOOP-060) (352.178294ms)
✔ a failed Git blob read cannot be hashed as an empty blob (311.185434ms)
✔ Git listings over 1 MiB include the last declared input (1888.449188ms)
✔ requirement identity excludes fenced examples and status dates (422.337413ms)
✔ DemonCoder REM-002 and Status in progress cannot silently satisfy the review gate (LOOP-086) (647.581208ms)
✔ valid open findings retain their behavior (356.770869ms)
✔ valid resolved findings retain their behavior (337.45235ms)
✔ valid empty findings retain their behavior (309.26619ms)
✔ valid mixed valid findings retain their behavior (289.011271ms)
✔ malformed finding "open:" requires repair (289.379212ms)
✔ malformed finding "resolved:   " requires repair (273.959232ms)
✔ malformed finding "Open: incorrect case" requires repair (264.135045ms)
✔ malformed finding "unknown: issue" requires repair (260.659063ms)
✔ malformed finding "\u001b[31mBAD: issue" requires repair (253.003052ms)
✔ the established explicit empty findings list remains valid (273.571484ms)
✔ a scalar findings value requires the supported list format (264.281324ms)
✔ empty footprint names declaration before scope and records no evidence (LOOP-081) (455.913691ms)
✔ first declaration still checks the full earlier history (LOOP-081) (239.156885ms)
✔ an empty current footprint does not block an explicitly requested existing mechanism (LOOP-081) (197.824586ms)
✔ an inherited mechanism provides a footprint even before local mechanisms exist (150.32052ms)
✔ scope reports every path, escapes line breaks, and gives identical remedies (LOOP-082) (156.956238ms)
✔ scope verdict reuses the answered-escalation annotation (LOOP-048, LOOP-051, LOOP-083) (376.570991ms)
✔ a committed scope acknowledgment lets restored history proceed (LOOP-083) (475.87875ms)
✔ scope acknowledgment must be committed before it can clear a breach (458.00872ms)
✔ ordinary ok does not acknowledge scope history (223.1868ms)
✔ scope escalation refuses unrestored paths and names the restoration remedy (187.690129ms)
✔ an invalid scope request still records an explicitly Blocking decision (134.081443ms)
✔ ask and explanation stay open; only the final committed ok acknowledges scope (563.724569ms)
✔ instead is visible but does not silently authorize a scope exception (305.382407ms)
✔ later changes to an acknowledged path still block, including later reverts (899.701538ms)
✔ approval cannot hide another path changed after the snapshot (307.362742ms)
✔ acknowledged history remains conditional on the paths staying restored (485.730144ms)
✔ editing the scope snapshot after answer invalidates its acknowledgment (237.899808ms)
✔ malformed scope metadata cannot suppress a breach (1219.704539ms)
✔ damaged acknowledgment fields cannot suppress a breach (453.983526ms)
✔ scope path matching is literal, including wildcard filenames and control characters (409.158517ms)
✔ scope acknowledgment does not carry into another activation of the same slug (254.10021ms)
✔ restoration checks additions, deletions, executable modes, and symlink kinds (1159.828756ms)
✔ explicit committed retention keeps correct work and requires new evidence and review (LOOP-084, LOOP-085) (1404.296237ms)
✔ a missing declaration covers correct earlier work without retention or revert (354.826161ms)
✔ keep requires scope and an unchanged committed candidate (118.171861ms)
✔ uncommitted retention and instead answers cannot clear the incident (764.022595ms)
✔ retention does not grant future edits, even when reverted to the approved tree (1046.018101ms)
✔ retention cannot cover another path or another activation (475.359136ms)
✔ imported changes must still match the retained tree (455.914711ms)
✔ retention handles additions, deletions, modes, symlinks, and literal filenames (1734.236888ms)
✔ retention cannot convert an existing restoration answer or accept an unknown mode (380.912174ms)
✔ a check failure after retention remains a failure (580.567868ms)
✔ retained paths stay part of the stable checked candidate without extending its footprint (488.963888ms)
✔ retention ask needs an explanation and final committed approval (463.552599ms)
✔ an unknown scope mode remains invalid even with a matching approval digest (243.077814ms)
✔ backlog writes the item; a second with the same title is refused, never overwritten (LOOP-016) (103.507541ms)
✔ a commit inside the footprint: check runs; outside it: check names the path and does not run (LOOP-035) (458.82958ms)
✔ a file under .cairn/ or docs/ is never a breach (356.953571ms)
✔ declaring the path as an input clears the breach (181.614092ms)
✔ a revert preserves the record of an out-of-scope commit (LOOP-047) (183.316648ms)
✔ a commitment naming a requirement the spec set does not hold as Agreed is repaired (LOOP-029) (53.915916ms)
✔ a requirement in a Draft spec file is not Agreed (58.331143ms)
✔ working agreements and the ignore file are Cairn records (LOOP-035, LOOP-036) (295.779729ms)
✔ the over-asking rule is gone from both skills (SPEC-005, SPEC-006) (1.155215ms)
✔ a decision during the phase is recorded (DEC-003) (0.140444ms)
✔ understanding is restated before writing (SPEC-003) (0.085885ms)
✔ falsifiers are proposed as one set and confirmed by exception (SPEC-004) (0.22479ms)
✔ depth is inferred and domains derived, never asked or imposed (SPEC-008, SPEC-009) (0.146542ms)
✔ a term enters the glossary at first occurrence (SPEC-010) (0.081307ms)
✔ the phase ends at the first commitment, and later ones are specified during the loop (SPEC-011, SPEC-012) (0.099697ms)
✔ a requirement goes Agreed only with a nameable mechanism (SPEC-013) (0.065905ms)
✔ review before agreement, recording what it attacked (SPEC-014, SPEC-015) (0.087905ms)
✔ no spec file without requirements; nothing Agreed without a falsifier (SPEC-001, SPEC-002) (0.13322ms)
✔ Observed is marked, and is not contract (SPEC-016, SPEC-017) (0.074311ms)
✔ the skills exclude artifacts outside Cairn's workflow (0.131999ms)
✔ the working agreement names the agent's move for each verdict and the write-ahead record (LOOP-036) (0.140124ms)
✔ the working agreement names the developer's moves (LOOP-036, DEC-014) (0.049327ms)
✔ this repository runs by the file it ships (0.269306ms)
✔ both skills write the working agreement without naming a vendor's file (LOOP-036, PKG-006) (0.077199ms)
✔ the working agreement says what an attempt is (LOOP-036, DEC-017, DEC-018) (0.047658ms)
✔ the working agreement says a failure no footprint change can address is an escalation, and where an inherited requirement is repaired (DEC-019, LOOP-057) (0.064296ms)
✔ a two-obligation sentence is named (PKG-007) (45.34659ms)
✔ an obligation with no actor is named (PKG-010) (30.310429ms)
✔ a leading condition clause is not the actor, and the actor after it counts (33.58292ms)
✔ an Agreed requirement with no falsifier is named (SPEC-002); a Draft one is not (69.944842ms)
✔ prose after a Draft requirement with no falsifier is not scanned as requirement text (34.297485ms)
✔ a spec declaring a prefix with no requirement is named (SPEC-001) (25.885278ms)
✔ a keyword in backticks or quotes is a mention, not an obligation (40.295372ms)
✔ this repository's own specification passes the lint (43.705491ms)
✔ duplicate identifiers are rejected within a file and across files (SPEC-020) (70.741712ms)
✔ references resolve across files; missing references name their source (SPEC-021) (73.265304ms)
✔ code examples and quoted mentions are neither definitions nor references (37.861037ms)
✔ machine-local paths are findings in prose, links, quotes, and examples (SPEC-019) (336.951412ms)
✔ relative paths, URLs, slash commands, and character mentions are not absolute path findings (36.757729ms)
✔ a slash after a placeholder continues the template (SPEC-019) (63.74815ms)
✔ a host path is a finding until the file declares it (SPEC-019, SPEC-024) (66.493934ms)
✔ declared host paths cover children with a slash boundary and stay file-local (93.73166ms)
✔ a host-path declaration inside a requirement or example grants no exception (96.024703ms)
✔ host-path declarations require absolute or home-relative entries (140.992767ms)
✔ supersede writes both lines, and the old record keeps every word it had (DEC-008, DEC-010) (81.249911ms)
✔ supersede without a cause, or with one outside the four, is refused (DEC-009) (105.933707ms)
✔ supersede of a record that does not exist is refused (50.094799ms)
✔ a predecessor with no title line cannot be stamped, so nothing is written (57.609977ms)
✔ reversals reports counts by decider, cause, and domain (DEC-011) (145.789587ms)
✔ decide in a domain with a reversal is refused without --history, naming the reversal; with it, the record carries History (DEC-012) (130.041011ms)
✔ decide in a domain with no reversals needs no --history (87.016062ms)
✔ a record resting on prose alone is in the domain unspecified, and so is the next one (86.20144ms)
✔ step 1: an in-progress record is reconciled before anything else (87.61451ms)
✔ step 2: an open escalation is presented and nothing else happens (80.618611ms)
✔ an answered escalation is not open (387.862807ms)
✔ step 3: a decision with no realized-by is built, first by name (63.507074ms)
✔ a superseded decision with no realized-by is not work (104.771778ms)
✔ step 6: a mechanism that has never run is run, not implemented (97.86169ms)
✔ step 6: a requirement whose mechanism fails is implemented (386.9127ms)
✔ step 6 before step 7: failing evidence outranks a missing mechanism (284.518024ms)
✔ step 7: a requirement with no mechanism is declared (62.068917ms)
✔ step 10: every requirement current and passing, review clean, is Done (294.238639ms)
✔ malformed roadmap is Resolvable, not fatal (53.960769ms)
✔ a commitment naming no requirements is Resolvable (48.595687ms)
✔ the primary test: two wakes on the same checkout give the same action (77.36911ms)
✔ outside a cairn repository wake cannot run (37.930223ms)
✔ the loop never waits on the review queue (DEC-015) (282.01904ms)
✔ the linked walkthrough runs from agreement through the next commitment (PKG-016) (1029.022315ms)
ℹ tests 360
ℹ suites 0
ℹ pass 360
ℹ fail 0
ℹ cancelled 0
ℹ skipped 0
ℹ todo 0
ℹ duration_ms 16793.830472
