✔ a Draft block overrides an Agreed file for both wake and check (SPEC-018) (168.669647ms)
✔ an Agreed block overrides a Draft file in the kernel and lint (SPEC-018, SPEC-002) (487.869497ms)
✔ a block Status does not become the file default, including inside examples (SPEC-018) (309.848376ms)
✔ block status without a value does not inherit Agreed by accident (SPEC-018) (68.002181ms)
✔ inheritance needs a file Scope and includes only Agreed blocks, regardless of prefix (PKG-015) (1264.636901ms)
✔ Scope inside a requirement or fenced example does not declare inheritance (PKG-015) (619.695262ms)
✔ LOOP-063: reject input mutation during a check and retain diagnostics (352.34599ms)
✔ LOOP-063: reject deletion mutation during a check and retain diagnostics (333.318131ms)
✔ LOOP-063: reject addition mutation during a check and retain diagnostics (303.241525ms)
✔ LOOP-063: reject mode mutation during a check and retain diagnostics (304.763256ms)
✔ LOOP-063: reject specification mutation during a check and retain diagnostics (272.231465ms)
✔ LOOP-063: reject declaration mutation during a check and retain diagnostics (270.053833ms)
✔ LOOP-063: reject commit mutation during a check and retain diagnostics (251.817672ms)
✔ LOOP-063: committed input mutation during execution cannot certify the replacement (240.749303ms)
✔ LOOP-064: removing executable permission makes passing evidence stale (387.06495ms)
✔ LOOP-064: a mode-only change also invalidates the previous review after new evidence (598.537022ms)
✔ LOOP-064: changing a regular file into a link with identical identity bytes is stale (648.248488ms)
✔ LOOP-063: an unchanged candidate still records a pass despite unrelated working-tree edits (178.229874ms)
✔ LOOP-064: current and historical input ordering agrees for Unicode filenames (282.466907ms)
✔ LOOP-063: Git status hiding content changes cannot certify an uncommitted candidate (105.237375ms)
✔ LOOP-063: Git status hiding mode changes cannot certify an uncommitted candidate (107.838135ms)
✔ LOOP-066: one check owns execution with a kernel action record (435.465774ms)
✔ LOOP-066: one check owns execution with an agent action record (360.698908ms)
✔ LOOP-066: a live lock is named and never silently overwritten (106.440502ms)
✔ LOOP-066: a dead lock is named and never silently overwritten (113.449009ms)
✔ LOOP-066: a incomplete lock is named and never silently overwritten (116.527825ms)
✔ LOOP-066: an execution error releases the check lock for a corrected rerun (373.395915ms)
✔ LOOP-066: a live kernel action from an older Cairn also blocks execution (62.973983ms)
✔ LOOP-066: separate Git worktrees can run checks independently (338.932829ms)
✔ check refuses a dirty declared input and names it; a dirty undeclared file does not block (397.48155ms)
✔ check writes one record per requirement carrying the full receipt (267.568803ms)
✔ a nonzero exit records fail, and the receipt keeps the exit code (288.535713ms)
✔ two checks write two records; nothing is overwritten or deleted (478.386359ms)
✔ a commit changing a declared input makes evidence stale; an undeclared one does not (524.723622ms)
✔ a regression is named before a requirement that never passed (667.213368ms)
✔ three attempts with no escalation since: wake says escalate, not a fourth (DEC-016, DEC-017, DEC-018) (1756.481592ms)
✔ the review gate: no review, stale review, open finding, then Done (864.097609ms)
✔ Done is refused while any requirement lacks current passing evidence (81.098776ms)
✔ check names a requested requirement that no mechanism claims (91.27071ms)
✔ check writes and clears an in-progress record around the run (189.586959ms)
✔ a linked declared input digests the same at a commit and in the tree (LOOP-023, LOOP-024) (366.840925ms)
✔ a result line is the mechanism's statement about one requirement; what it did not mention is unverified (LOOP-037, LOOP-052) (171.109175ms)
✔ a mechanism that says nothing is read by its exit code for every requirement (LOOP-039) (183.086637ms)
✔ unverified is not an attempt, and a return to an earlier failed digest counts once (DEC-017, DEC-018) (1541.759664ms)
✔ a result line for a requirement the mechanism does not speak for is named and writes nothing (LOOP-038) (182.785812ms)
✔ a result line inside ordinary output, or without the marker, does not count (168.131178ms)
✔ a targeted check runs the named requirements' mechanisms and records every requirement they speak for (LOOP-040) (174.681009ms)
✔ two result lines for one requirement: a fail on any line wins (177.731324ms)
✔ three runs at one digest with no attempt since: the verdict stays implement and names DEC-019; an escalation naming it among others clears the hint (DEC-019, LOOP-053) (812.222927ms)
✔ writes a record with every required field and an empty realized-by (30.679702ms)
✔ a Consequential decision is queued for review (37.445553ms)
✔ a Consequential decision is queued even when .cairn/queue does not exist yet (66.637283ms)
✔ Routine is refused: routine decisions produce no record (45.623898ms)
✔ a missing field is a usage error and nothing is written (70.780207ms)
✔ supersedes requires a classified cause, and the old record must exist (120.449938ms)
✔ an existing record is not overwritten (94.908773ms)
✔ a queued decision stays queued; nothing but the developer removes it (DEC-014) (77.43633ms)
✔ LOOP-067: missing inputs names a declaration repair before execution (136.439716ms)
✔ LOOP-067: empty inputs names a declaration repair before execution (117.087742ms)
✔ LOOP-067: missing command names a declaration repair before execution (117.958945ms)
✔ LOOP-067: list command names a declaration repair before execution (140.205719ms)
✔ LOOP-067: empty command names a declaration repair before execution (115.955064ms)
✔ LOOP-067: missing requirements names a declaration repair before execution (124.867423ms)
✔ LOOP-067: bad identifier names a declaration repair before execution (130.312514ms)
✔ LOOP-067: scalar one-item lists retain their existing meaning (260.378981ms)
✔ LOOP-068: a unpopulated gitlink is refused by name (142.218606ms)
✔ LOOP-068: a populated gitlink is refused by name (140.521453ms)
✔ LOOP-069: identical selections across 100 mechanisms use at most 20 Git processes (112.698917ms)
✔ escalate writes the six-line format followed by its facts, and wake presents it (112.662421ms)
✔ a missing or multi-line field is refused with the field named, and nothing is written (110.675186ms)
✔ a Blocking escalation that fails the format is written anyway, naming the malformed field (LOOP-014) (110.396575ms)
✔ a --level other than Blocking is refused rather than silently losing the bypass (64.011769ms)
✔ a second escalation while one is open is refused (LOOP-011) (110.943834ms)
✔ answer records the reply; wake no longer presents it; a second answer is refused (217.120039ms)
✔ answer to an unknown escalation is refused (56.190325ms)
✔ a stranger resumes from the file alone: question and answer are both in it (LOOP-013) (103.70777ms)
✔ after an answer, the same concern can be escalated again under a new name (129.192116ms)
✔ an escalation exists when its file does, committed or not (LOOP-009) (71.500815ms)
✔ developer answers require one of the three forms and cannot inject fields (LOOP-048) (435.827437ms)
✔ ask, agent explanation, another ask, and ok stay ordered in one file (LOOP-049, LOOP-050, LOOP-014) (550.442299ms)
✔ fresh closed answers accompany only concerned requirements until new evidence (LOOP-051) (546.962167ms)
✔ LOOP-065: delete of output refuses Done and a new run recovers (944.919425ms)
✔ LOOP-065: corrupt of output refuses Done and a new run recovers (793.077253ms)
✔ LOOP-065: delete of stderr_output refuses Done and a new run recovers (696.992651ms)
✔ LOOP-065: corrupt of stderr_output refuses Done and a new run recovers (686.807952ms)
✔ LOOP-065: a receipt without output needs a new check (362.648745ms)
✔ LOOP-065: a receipt without output_digest needs a new check (355.65268ms)
✔ LOOP-065: a receipt without stderr_output needs a new check (352.695389ms)
✔ LOOP-065: a receipt without stderr_digest needs a new check (373.184297ms)
✔ LOOP-065: legacy unverifiable output is rerun without rewriting history (634.988846ms)
✔ LOOP-070: a later failure is latest even when the clock moves backward (794.445705ms)
✔ LOOP-070: receipt collisions at one clock instant retain execution order beyond nine suffixes (2424.37283ms)
✔ LOOP-070: imported branch receipts stale a later sequence until a new check incorporates them (939.340805ms)
✔ LOOP-070: legacy receipts need one ordered check and remain byte-for-byte unchanged (444.36165ms)
✔ LOOP-070: edit of a prior receipt requires fresh evidence (431.913791ms)
✔ LOOP-070: remove of a prior receipt requires fresh evidence (447.656907ms)
✔ LOOP-075: supporting evidence file README.md does not become a receipt (455.905096ms)
✔ LOOP-075: supporting evidence file notes.txt does not become a receipt (475.919042ms)
✔ LOOP-075: supporting evidence file support does not become a receipt (466.031492ms)
✔ LOOP-075: supporting evidence file .DS_Store does not become a receipt (488.331718ms)
✔ LOOP-075: malformed receipt requirement=R-999 names a repair before execution (347.70461ms)
✔ LOOP-075: malformed receipt result=success names a repair before execution (314.552177ms)
✔ LOOP-075: malformed receipt sequence=NaN names a repair before execution (319.064842ms)
✔ LOOP-075: malformed receipt sequence=9007199254740992 names a repair before execution (315.377267ms)
✔ LOOP-075: malformed receipt sequence=
  - 1 names a repair before execution (321.20153ms)
✔ LOOP-075: malformed receipt history_digest=wrong names a repair before execution (325.45826ms)
✔ LOOP-075: a receipt-shaped directory is a named repair instead of an EISDIR crash (252.875803ms)
✔ LOOP-070: an earlier escalation cannot cover three new attempts after clock rollback (912.805666ms)
✔ LOOP-070: an answer becomes old after a later check even if that check's timestamp is earlier (560.464531ms)
✔ LOOP-070: the newest answer wins between checks even when its clock timestamp is older (327.797175ms)
✔ LOOP-070: legacy escalation dates cover old receipts but not three newer sequenced runs (1084.296053ms)
✔ a PKG requirement the commitment does not name is declared, run, and gates Done (PKG-011) (1414.412992ms)
✔ a PKG requirement in a Draft spec is not folded in (318.873095ms)
✔ LOOP-076/079: stale inputs identify the receipt and the check to run (589.371881ms)
✔ LOOP-077: names a content change using checked input identity (487.924738ms)
✔ LOOP-077: names a mode change using checked input identity (472.335112ms)
✔ LOOP-077: names a kind change using checked input identity (399.365276ms)
✔ LOOP-077: names a added change using checked input identity (391.143715ms)
✔ LOOP-077: names a removed change using checked input identity (389.310179ms)
✔ LOOP-077: names a link-target change using checked input identity (600.122897ms)
✔ LOOP-077: changed selection compares the old and new input sets (365.117574ms)
✔ LOOP-077: raw CRLF changes remain visible when Git-clean content agrees (352.659084ms)
✔ LOOP-077: detail output is sorted, bounded, and reports the omitted count (384.406625ms)
✔ LOOP-077: filenames cannot inject lines or terminal controls into explanations (351.428636ms)
✔ LOOP-077: receipts from one run share details and do not store source contents (282.002657ms)
✔ LOOP-078/080: legacy optional detail limits explanation without changing standing (468.892515ms)
✔ LOOP-078/080: invalid-field optional detail limits explanation without changing standing (434.689242ms)
✔ LOOP-078/080: missing optional detail limits explanation without changing standing (469.879515ms)
✔ LOOP-078/080: invalid-json optional detail limits explanation without changing standing (461.227876ms)
✔ LOOP-078/080: mismatched optional detail limits explanation without changing standing (478.014429ms)
✔ LOOP-078/080: duplicate optional detail limits explanation without changing standing (444.613382ms)
✔ LOOP-078/080: unsafe-path optional detail limits explanation without changing standing (419.106309ms)
✔ LOOP-078/080: directory optional detail limits explanation without changing standing (388.24944ms)
✔ LOOP-078/080: symlink optional detail limits explanation without changing standing (433.520098ms)
✔ LOOP-078: unavailable old requirement text is not claimed as a proven change (324.771636ms)
✔ LOOP-076/079: changed requirements identify evidence and retain review-before-check guidance (350.659882ms)
✔ LOOP-078: simultaneous input and output damage keep both reasons (368.552721ms)
✔ LOOP-080: deterministic freshness sequence seed=7 (6653.111866ms)
✔ LOOP-080: deterministic freshness sequence seed=42 (5021.526262ms)
✔ LOOP-080: deterministic freshness sequence seed=913 (4274.795717ms)
✔ LOOP-080: agreement changes, mechanism review, checks, and completion review retain priority (1146.816445ms)
✔ LOOP-080: imported receipt history demands a rerun without a false input explanation (1267.331559ms)
✔ LOOP-073: clean CRLF input completes under attributes (467.549138ms)
✔ LOOP-073: clean CRLF input completes under autocrlf (411.159779ms)
✔ LOOP-073: raw line-ending mutation during a run is rejected even when Git still sees the same content (194.935506ms)
✔ LOOP-073: execution evidence changes when clean conversion preserves committed identity (692.488402ms)
✔ LOOP-073: Git clean filters use Git's conversion while retaining raw evidence identity (345.151974ms)
✔ LOOP-073: failure of a required Git filter cannot record evidence (95.425631ms)
✔ LOOP-073: a clean filter moving HEAD during ending validation prevents evidence (260.163245ms)
✔ LOOP-073: canonical Git identities handle links without reading their targets (318.606042ms)
✔ LOOP-073: Git conversion keeps raw Unicode and control-character input paths (306.547794ms)
✔ LOOP-073: conversion and links work in a SHA-256 Git repository (314.769702ms)
✔ LOOP-074: historical specification filename "café.md" remains reviewable (308.391228ms)
✔ LOOP-074: historical specification filename "spec\ttab.md" remains reviewable (306.089865ms)
✔ LOOP-074: historical specification filename "spec\nline.md" remains reviewable (294.053338ms)
✔ help works outside a repository without running a command (PKG-017) (800.895044ms)
✔ help does not hide invalid options or consume literal arguments (163.423834ms)
✔ the script links cairn and the skills, and the linked cairn runs (PKG-014, PKG-005) (213.171482ms)
✔ a link owned by another package is kept; --force replaces it; --unlink removes ours and leaves a stranger's (163.221653ms)
✔ --force never replaces a real directory (55.92ms)
✔ three megabytes are retained exactly once with matching digests (LOOP-041, LOOP-042) (347.159523ms)
✔ split stdout result lines survive a long non-result line; stderr is never a verdict (321.493563ms)
✔ signal termination is recorded and logs survive a clone (LOOP-043) (300.847899ms)
✔ working agreements and ignore changes are Cairn records inside the footprint (270.623918ms)
✔ a clean package passes (94.178081ms)
✔ PKG-001: a dependency, or a service manifest (107.807829ms)
✔ PKG-002: ignoring evidence or other durable state (56.622747ms)
✔ PKG-003: a command, a directory, or a record kind no decision names (192.958368ms)
✔ PKG-004: a kernel over 1500 lines (58.112623ms)
✔ PKG-006: a skill step naming a vendor's product (57.806151ms)
✔ PKG-008: a non-ASCII character in a tracked text file (56.773043ms)
✔ PKG-009: the kernel importing from tests (54.562786ms)
✔ PKG-012: a network call or a model vendor in the kernel (116.29918ms)
✔ PKG-013: deferral language, but not in code, quotes, or a rule (111.287523ms)
✔ this repository passes the package lint (113.095712ms)
✔ a tracked path deleted from the working tree is skipped, not a crash (62.004142ms)
✔ a sentence in a Formats section is not a record kind (52.99958ms)
✔ a record kind named by its path alone is checked (66.681912ms)
✔ PKG-002: a tracked in-progress record (56.114247ms)
✔ PKG-002: ignoring evidence alone is a finding (48.133505ms)
✔ LOOP-071: decision body metadata does not resolve unbuilt work: "Superseded by: example" (566.677924ms)
✔ LOOP-071: decision body metadata does not resolve unbuilt work: "```text\nSuperseded by: example\n```" (511.111798ms)
✔ LOOP-071: decision body metadata does not resolve unbuilt work: "~~~text\nSuperseded by: example\n~~~" (451.147386ms)
✔ LOOP-071: a fenced realization example is not a resolving commit (392.884021ms)
✔ LOOP-071: a fenced commit inside the realization section is not built (376.488193ms)
✔ LOOP-071: ## Example cannot replace an open review finding (381.23768ms)
✔ LOOP-071: # Example cannot replace an open review finding (388.76117ms)
✔ LOOP-071: ### Example cannot replace an open review finding (369.117474ms)
✔ LOOP-071:   ## Example cannot replace an open review finding (388.69507ms)
✔ LOOP-071: Example paragraph. cannot replace an open review finding (353.637984ms)
✔ LOOP-071: Example
------- cannot replace an open review finding (365.339518ms)
✔ LOOP-071: fenced fields before a real review header are ignored (378.452611ms)
✔ LOOP-071: multiline decision --title cannot inject metadata (305.628053ms)
✔ LOOP-071: multiline decision --decided-by cannot inject metadata (310.943236ms)
✔ LOOP-071: multiline decision --rests-on cannot inject metadata (292.743611ms)
✔ LOOP-071: multiline decision --wrong-if cannot inject metadata (321.403227ms)
✔ LOOP-071: multiline decision --history cannot inject metadata (302.279141ms)
✔ LOOP-072: malformed Blocking concerns stay open: "R-001\nAnswer: ok" (73.974109ms)
✔ LOOP-072: malformed Blocking concerns stay open: "R-001\r\nAnswer: ok" (86.37911ms)
✔ LOOP-072: malformed Blocking concerns stay open: "R-001\rAnswer: ok" (72.192358ms)
✔ LOOP-072: malformed Blocking concerns stay open: "R-001 Answer: ok" (74.72085ms)
✔ LOOP-072: malformed Blocking concerns stay open: "R-001 Answer: ok" (79.713529ms)
✔ LOOP-072: ordinary malformed concerns are refused: "R-001\nR-002" (34.609993ms)
✔ LOOP-072: ordinary malformed concerns are refused: "R-001, prose" (40.889421ms)
✔ LOOP-072: ordinary malformed concerns are refused: " " (32.760651ms)
✔ LOOP-072: a Blocking escalation without concerns is still presented (71.950082ms)
✔ LOOP-072: carriage returns in a Blocking question do not create answer records (84.688783ms)
✔ LOOP-072: explanation separator 8232 cannot close an escalation (128.334106ms)
✔ LOOP-071: decision metadata refuses separator 8232 (305.589616ms)
✔ LOOP-072: explanation separator 8233 cannot close an escalation (133.144315ms)
✔ LOOP-071: decision metadata refuses separator 8233 (325.255831ms)
✔ each unmatched input and each duplicate owner is refused before execution (LOOP-044, LOOP-056) (258.625796ms)
✔ an indexed input deleted on disk asks for a commit (LOOP-045) (134.331986ms)
✔ wake and check require a Git working tree (LOOP-046) (110.731808ms)
✔ recovery removes only dead kernel run records and identifies a live owner (LOOP-054, LOOP-055) (263.133999ms)
✔ an agent action based behind a clean HEAD appears committed (LOOP-027) (155.815383ms)
✔ realization needs a real commit and a subject (DEC-006) (220.970085ms)
✔ 1500 binary inputs digest identically at the review commit in under a second (LOOP-024, LOOP-032) (1067.739071ms)
✔ merged work is excluded but a later own commit is a breach (LOOP-047) (184.101656ms)
✔ exact Current tenure ignores prefix matches and earlier visits to the same slug (LOOP-035) (188.877859ms)
✔ a kernel run records its supervising PID (LOOP-054) (196.688592ms)
✔ a merged declared input still stales evidence (LOOP-047) (296.044031ms)
✔ wildcard and magic pathspecs select the same historical inputs (LOOP-024, LOOP-032) (1675.732475ms)
✔ historical selection retains deleted files and excludes new ones (LOOP-024, LOOP-035) (1132.024624ms)
✔ explicit reporting with no lines and exit 0 establishes no requirement verdicts (390.638749ms)
✔ explicit reporting with no lines and exit 1 establishes no requirement verdicts (347.884062ms)
✔ a reporter that cannot start keeps execution diagnostics without blaming requirements (232.291461ms)
✔ large output cannot kill a reporter or invent a requirement verdict (273.847726ms)
✔ explicit mode ignores cairn: R-999: pass (239.807578ms)
✔ explicit mode ignores cairn: R-001: unverified (220.773474ms)
✔ explicit mode ignores cairn: R-001: passed (199.878687ms)
✔ explicit results survive nonzero exit and contradictory duplicates still fail (404.093929ms)
✔ unverified results across changed inputs never become failed attempts (1057.042491ms)
✔ legacy exit 0 retains its interpretation (191.541175ms)
✔ legacy exit 1 retains its interpretation (182.233779ms)
✔ a misspelled reporting mode is refused before execution (88.413588ms)
✔ changed requirement blocks unchecked reruns and makes the completion review stale (LOOP-058, LOOP-059) (1357.484573ms)
✔ falsifier changes need review; separate rationale and other requirements do not change a receipt (789.580625ms)
✔ legacy receipts recover requirement identity from their commit; unavailable history requires review (662.946089ms)
✔ check refuses uncommitted requirement text and mechanism review markers (625.692326ms)
✔ tightened response limit cannot reuse the old passing check (1112.941661ms)
✔ a declared input over 1 MiB agrees at a commit and in the tree (LOOP-060) (400.772532ms)
✔ a failed Git blob read cannot be hashed as an empty blob (340.929828ms)
✔ Git listings over 1 MiB include the last declared input (2288.975872ms)
✔ requirement identity excludes fenced examples and status dates (467.299036ms)
✔ DemonCoder REM-002 and Status in progress cannot silently satisfy the review gate (LOOP-086) (677.732186ms)
✔ valid open findings retain their behavior (405.786723ms)
✔ valid resolved findings retain their behavior (378.25874ms)
✔ valid empty findings retain their behavior (321.268851ms)
✔ valid mixed valid findings retain their behavior (301.985893ms)
✔ malformed finding "open:" requires repair (296.81673ms)
✔ malformed finding "resolved:   " requires repair (299.635117ms)
✔ malformed finding "Open: incorrect case" requires repair (300.411537ms)
✔ malformed finding "unknown: issue" requires repair (280.614548ms)
✔ malformed finding "\u001b[31mBAD: issue" requires repair (267.960723ms)
✔ the established explicit empty findings list remains valid (294.875014ms)
✔ a scalar findings value requires the supported list format (288.904825ms)
✔ empty footprint names declaration before scope and records no evidence (LOOP-081) (467.529504ms)
✔ first declaration still checks the full earlier history (LOOP-081) (262.555376ms)
✔ an empty current footprint does not block an explicitly requested existing mechanism (LOOP-081) (210.570719ms)
✔ an inherited mechanism provides a footprint even before local mechanisms exist (191.670093ms)
✔ scope reports every path, escapes line breaks, and gives identical remedies (LOOP-082) (207.429325ms)
✔ scope verdict reuses the answered-escalation annotation (LOOP-048, LOOP-051, LOOP-083) (400.280146ms)
✔ a committed scope acknowledgment lets restored history proceed (LOOP-083) (519.565551ms)
✔ scope acknowledgment must be committed before it can clear a breach (522.317623ms)
✔ ordinary ok does not acknowledge scope history (237.723457ms)
✔ scope escalation refuses unrestored paths and names the restoration remedy (213.257325ms)
✔ an invalid scope request still records an explicitly Blocking decision (136.250845ms)
✔ ask and explanation stay open; only the final committed ok acknowledges scope (588.609776ms)
✔ instead is visible but does not silently authorize a scope exception (312.784975ms)
✔ later changes to an acknowledged path still block, including later reverts (960.367719ms)
✔ approval cannot hide another path changed after the snapshot (332.397689ms)
✔ acknowledged history remains conditional on the paths staying restored (507.342746ms)
✔ editing the scope snapshot after answer invalidates its acknowledgment (280.447288ms)
✔ malformed scope metadata cannot suppress a breach (1323.063189ms)
✔ damaged acknowledgment fields cannot suppress a breach (498.910541ms)
✔ scope path matching is literal, including wildcard filenames and control characters (428.465582ms)
✔ scope acknowledgment does not carry into another activation of the same slug (280.811578ms)
✔ restoration checks additions, deletions, executable modes, and symlink kinds (1316.670667ms)
✔ explicit committed retention keeps correct work and requires new evidence and review (LOOP-084, LOOP-085) (1527.853175ms)
✔ a missing declaration covers correct earlier work without retention or revert (367.78476ms)
✔ keep requires scope and an unchanged committed candidate (118.009052ms)
✔ uncommitted retention and instead answers cannot clear the incident (855.848636ms)
✔ retention does not grant future edits, even when reverted to the approved tree (1086.984516ms)
✔ retention cannot cover another path or another activation (485.133434ms)
✔ imported changes must still match the retained tree (511.039237ms)
✔ retention handles additions, deletions, modes, symlinks, and literal filenames (1777.705744ms)
✔ retention cannot convert an existing restoration answer or accept an unknown mode (399.355014ms)
✔ a check failure after retention remains a failure (652.014322ms)
✔ retained paths stay part of the stable checked candidate without extending its footprint (526.977963ms)
✔ retention ask needs an explanation and final committed approval (489.920458ms)
✔ an unknown scope mode remains invalid even with a matching approval digest (245.322784ms)
✔ backlog writes the item; a second with the same title is refused, never overwritten (LOOP-016) (111.557759ms)
✔ a commit inside the footprint: check runs; outside it: check names the path and does not run (LOOP-035) (460.015304ms)
✔ a file under .cairn/ or docs/ is never a breach (392.174956ms)
✔ declaring the path as an input clears the breach (218.745695ms)
✔ a revert preserves the record of an out-of-scope commit (LOOP-047) (217.317671ms)
✔ a commitment naming a requirement the spec set does not hold as Agreed is repaired (LOOP-029) (60.061284ms)
✔ a requirement in a Draft spec file is not Agreed (58.444753ms)
✔ working agreements and the ignore file are Cairn records (LOOP-035, LOOP-036) (321.018836ms)
✔ the over-asking rule is gone from both skills (SPEC-005, SPEC-006) (1.060176ms)
✔ a decision during the phase is recorded (DEC-003) (0.16ms)
✔ understanding is restated before writing (SPEC-003) (0.092509ms)
✔ falsifiers are proposed as one set and confirmed by exception (SPEC-004) (0.372199ms)
✔ depth is inferred and domains derived, never asked or imposed (SPEC-008, SPEC-009) (0.143908ms)
✔ a term enters the glossary at first occurrence (SPEC-010) (0.070335ms)
✔ the phase ends at the first commitment, and later ones are specified during the loop (SPEC-011, SPEC-012) (0.089855ms)
✔ a requirement goes Agreed only with a nameable mechanism (SPEC-013) (0.068473ms)
✔ review before agreement, recording what it attacked (SPEC-014, SPEC-015) (0.161908ms)
✔ no spec file without requirements; nothing Agreed without a falsifier (SPEC-001, SPEC-002) (0.141657ms)
✔ Observed is marked, and is not contract (SPEC-016, SPEC-017) (0.08493ms)
✔ the skills exclude artifacts outside Cairn's workflow (0.122208ms)
✔ the working agreement names the agent's move for each verdict and the write-ahead record (LOOP-036) (0.165049ms)
✔ the working agreement names the developer's moves (LOOP-036, DEC-014) (0.064242ms)
✔ this repository runs by the file it ships (0.322575ms)
✔ both skills write the working agreement without naming a vendor's file (LOOP-036, PKG-006) (0.090702ms)
✔ the working agreement says what an attempt is (LOOP-036, DEC-017, DEC-018) (0.074958ms)
✔ the working agreement says a failure no footprint change can address is an escalation, and where an inherited requirement is repaired (DEC-019, LOOP-057) (0.068734ms)
✔ a two-obligation sentence is named (PKG-007) (34.730987ms)
✔ an obligation with no actor is named (PKG-010) (42.215688ms)
✔ a leading condition clause is not the actor, and the actor after it counts (35.069332ms)
✔ an Agreed requirement with no falsifier is named (SPEC-002); a Draft one is not (60.963026ms)
✔ prose after a Draft requirement with no falsifier is not scanned as requirement text (38.857572ms)
✔ a spec declaring a prefix with no requirement is named (SPEC-001) (30.318558ms)
✔ a keyword in backticks or quotes is a mention, not an obligation (42.709214ms)
✔ this repository's own specification passes the lint (52.333429ms)
✔ duplicate identifiers are rejected within a file and across files (SPEC-020) (67.649078ms)
✔ references resolve across files; missing references name their source (SPEC-021) (74.230254ms)
✔ code examples and quoted mentions are neither definitions nor references (38.363909ms)
✔ machine-local paths are findings in prose, links, quotes, and examples (SPEC-019) (332.993861ms)
✔ relative paths, URLs, slash commands, and character mentions are not absolute path findings (36.376344ms)
✔ a slash after a placeholder continues the template (SPEC-019) (68.60821ms)
✔ a host path is a finding until the file declares it (SPEC-019, SPEC-024) (75.758705ms)
✔ declared host paths cover children with a slash boundary and stay file-local (94.924861ms)
✔ a host-path declaration inside a requirement or example grants no exception (101.088327ms)
✔ host-path declarations require absolute or home-relative entries (168.115331ms)
✔ supersede writes both lines, and the old record keeps every word it had (DEC-008, DEC-010) (93.893675ms)
✔ supersede without a cause, or with one outside the four, is refused (DEC-009) (115.752252ms)
✔ supersede of a record that does not exist is refused (67.514051ms)
✔ a predecessor with no title line cannot be stamped, so nothing is written (55.426686ms)
✔ reversals reports counts by decider, cause, and domain (DEC-011) (158.185818ms)
✔ decide in a domain with a reversal is refused without --history, naming the reversal; with it, the record carries History (DEC-012) (135.486543ms)
✔ decide in a domain with no reversals needs no --history (104.658524ms)
✔ a record resting on prose alone is in the domain unspecified, and so is the next one (93.426391ms)
✔ step 1: an in-progress record is reconciled before anything else (102.071682ms)
✔ step 2: an open escalation is presented and nothing else happens (67.60541ms)
✔ an answered escalation is not open (420.890069ms)
✔ step 3: a decision with no realized-by is built, first by name (71.624639ms)
✔ a superseded decision with no realized-by is not work (103.509212ms)
✔ step 6: a mechanism that has never run is run, not implemented (104.351733ms)
✔ step 6: a requirement whose mechanism fails is implemented (445.685169ms)
✔ step 6 before step 7: failing evidence outranks a missing mechanism (299.175655ms)
✔ step 7: a requirement with no mechanism is declared (70.362592ms)
✔ step 10: every requirement current and passing, review clean, is Done (298.424867ms)
✔ malformed roadmap is Resolvable, not fatal (56.173206ms)
✔ a commitment naming no requirements is Resolvable (56.275521ms)
✔ the primary test: two wakes on the same checkout give the same action (96.476379ms)
✔ outside a cairn repository wake cannot run (26.102867ms)
✔ the loop never waits on the review queue (DEC-015) (291.720895ms)
✔ the linked walkthrough runs from agreement through the next commitment (PKG-016) (1138.409705ms)
ℹ tests 360
ℹ suites 0
ℹ pass 360
ℹ fail 0
ℹ cancelled 0
ℹ skipped 0
ℹ todo 0
ℹ duration_ms 18427.315162
