✔ a Draft block overrides an Agreed file for both wake and check (SPEC-018) (162.004228ms)
✔ an Agreed block overrides a Draft file in the kernel and lint (SPEC-018, SPEC-002) (479.730613ms)
✔ a block Status does not become the file default, including inside examples (SPEC-018) (312.797377ms)
✔ block status without a value does not inherit Agreed by accident (SPEC-018) (62.859971ms)
✔ inheritance needs a file Scope and includes only Agreed blocks, regardless of prefix (PKG-015) (1357.717052ms)
✔ Scope inside a requirement or fenced example does not declare inheritance (PKG-015) (582.42748ms)
✔ LOOP-063: reject input mutation during a check and retain diagnostics (348.593967ms)
✔ LOOP-063: reject deletion mutation during a check and retain diagnostics (303.631638ms)
✔ LOOP-063: reject addition mutation during a check and retain diagnostics (323.950909ms)
✔ LOOP-063: reject mode mutation during a check and retain diagnostics (429.619109ms)
✔ LOOP-063: reject specification mutation during a check and retain diagnostics (270.27985ms)
✔ LOOP-063: reject declaration mutation during a check and retain diagnostics (266.16222ms)
✔ LOOP-063: reject commit mutation during a check and retain diagnostics (273.821637ms)
✔ LOOP-063: committed input mutation during execution cannot certify the replacement (250.715361ms)
✔ LOOP-064: removing executable permission makes passing evidence stale (373.464209ms)
✔ LOOP-064: a mode-only change also invalidates the previous review after new evidence (580.832498ms)
✔ LOOP-064: changing a regular file into a link with identical identity bytes is stale (636.769033ms)
✔ LOOP-063: an unchanged candidate still records a pass despite unrelated working-tree edits (181.63606ms)
✔ LOOP-064: current and historical input ordering agrees for Unicode filenames (257.173105ms)
✔ LOOP-063: Git status hiding content changes cannot certify an uncommitted candidate (103.348632ms)
✔ LOOP-063: Git status hiding mode changes cannot certify an uncommitted candidate (94.748692ms)
✔ LOOP-066: one check owns execution with a kernel action record (403.028851ms)
✔ LOOP-066: one check owns execution with an agent action record (345.765555ms)
✔ LOOP-066: a live lock is named and never silently overwritten (111.953586ms)
✔ LOOP-066: a dead lock is named and never silently overwritten (101.856407ms)
✔ LOOP-066: a incomplete lock is named and never silently overwritten (126.163301ms)
✔ LOOP-066: an execution error releases the check lock for a corrected rerun (496.89935ms)
✔ LOOP-066: a live kernel action from an older Cairn also blocks execution (63.95288ms)
✔ LOOP-066: separate Git worktrees can run checks independently (331.75625ms)
✔ check refuses a dirty declared input and names it; a dirty undeclared file does not block (403.496986ms)
✔ check writes one record per requirement carrying the full receipt (270.024382ms)
✔ a nonzero exit records fail, and the receipt keeps the exit code (289.0921ms)
✔ two checks write two records; nothing is overwritten or deleted (591.888889ms)
✔ a commit changing a declared input makes evidence stale; an undeclared one does not (554.368041ms)
✔ a regression is named before a requirement that never passed (651.341655ms)
✔ three attempts with no escalation since: wake says escalate, not a fourth (DEC-016, DEC-017, DEC-018) (1695.152352ms)
✔ the review gate: no review, stale review, open finding, then Done (843.031954ms)
✔ Done is refused while any requirement lacks current passing evidence (76.227609ms)
✔ check names a requested requirement that no mechanism claims (88.543478ms)
✔ check writes and clears an in-progress record around the run (167.454053ms)
✔ a linked declared input digests the same at a commit and in the tree (LOOP-023, LOOP-024) (326.56374ms)
✔ a result line is the mechanism's statement about one requirement; what it did not mention is unverified (LOOP-037, LOOP-052) (188.742919ms)
✔ a mechanism that says nothing is read by its exit code for every requirement (LOOP-039) (170.126998ms)
✔ unverified is not an attempt, and a return to an earlier failed digest counts once (DEC-017, DEC-018) (1419.637361ms)
✔ a result line for a requirement the mechanism does not speak for is named and writes nothing (LOOP-038) (167.87861ms)
✔ a result line inside ordinary output, or without the marker, does not count (163.467842ms)
✔ a targeted check runs the named requirements' mechanisms and records every requirement they speak for (LOOP-040) (188.606955ms)
✔ two result lines for one requirement: a fail on any line wins (180.755508ms)
✔ three runs at one digest with no attempt since: the verdict stays implement and names DEC-019; an escalation naming it among others clears the hint (DEC-019, LOOP-053) (779.251552ms)
✔ writes a record with every required field and an empty realized-by (35.15619ms)
✔ a Consequential decision is queued for review (46.239658ms)
✔ a Consequential decision is queued even when .cairn/queue does not exist yet (44.777114ms)
✔ Routine is refused: routine decisions produce no record (45.663227ms)
✔ a missing field is a usage error and nothing is written (49.659819ms)
✔ supersedes requires a classified cause, and the old record must exist (128.527678ms)
✔ an existing record is not overwritten (83.570859ms)
✔ a queued decision stays queued; nothing but the developer removes it (DEC-014) (79.496368ms)
✔ LOOP-067: missing inputs names a declaration repair before execution (126.847048ms)
✔ LOOP-067: empty inputs names a declaration repair before execution (122.092636ms)
✔ LOOP-067: missing command names a declaration repair before execution (114.276058ms)
✔ LOOP-067: list command names a declaration repair before execution (111.098754ms)
✔ LOOP-067: empty command names a declaration repair before execution (121.717963ms)
✔ LOOP-067: missing requirements names a declaration repair before execution (116.650454ms)
✔ LOOP-067: bad identifier names a declaration repair before execution (117.000291ms)
✔ LOOP-067: scalar one-item lists retain their existing meaning (263.525868ms)
✔ LOOP-068: a unpopulated gitlink is refused by name (235.458236ms)
✔ LOOP-068: a populated gitlink is refused by name (140.890079ms)
✔ LOOP-069: identical selections across 100 mechanisms use at most 20 Git processes (117.300563ms)
✔ escalate writes the six-line format followed by its facts, and wake presents it (109.785628ms)
✔ a missing or multi-line field is refused with the field named, and nothing is written (98.64929ms)
✔ a Blocking escalation that fails the format is written anyway, naming the malformed field (LOOP-014) (110.13697ms)
✔ a --level other than Blocking is refused rather than silently losing the bypass (63.665256ms)
✔ a second escalation while one is open is refused (LOOP-011) (122.470147ms)
✔ answer records the reply; wake no longer presents it; a second answer is refused (212.348913ms)
✔ answer to an unknown escalation is refused (58.866712ms)
✔ a stranger resumes from the file alone: question and answer are both in it (LOOP-013) (87.787826ms)
✔ after an answer, the same concern can be escalated again under a new name (144.868553ms)
✔ an escalation exists when its file does, committed or not (LOOP-009) (89.541886ms)
✔ developer answers require one of the three forms and cannot inject fields (LOOP-048) (550.408381ms)
✔ ask, agent explanation, another ask, and ok stay ordered in one file (LOOP-049, LOOP-050, LOOP-014) (589.570231ms)
✔ fresh closed answers accompany only concerned requirements until new evidence (LOOP-051) (568.836307ms)
✔ LOOP-065: delete of output refuses Done and a new run recovers (941.693622ms)
✔ LOOP-065: corrupt of output refuses Done and a new run recovers (900.1126ms)
✔ LOOP-065: delete of stderr_output refuses Done and a new run recovers (723.62374ms)
✔ LOOP-065: corrupt of stderr_output refuses Done and a new run recovers (661.63006ms)
✔ LOOP-065: a receipt without output needs a new check (387.024251ms)
✔ LOOP-065: a receipt without output_digest needs a new check (354.309987ms)
✔ LOOP-065: a receipt without stderr_output needs a new check (347.715686ms)
✔ LOOP-065: a receipt without stderr_digest needs a new check (339.54658ms)
✔ LOOP-065: legacy unverifiable output is rerun without rewriting history (609.903794ms)
✔ LOOP-070: a later failure is latest even when the clock moves backward (759.476119ms)
✔ LOOP-070: receipt collisions at one clock instant retain execution order beyond nine suffixes (2589.844496ms)
✔ LOOP-070: imported branch receipts stale a later sequence until a new check incorporates them (910.869406ms)
✔ LOOP-070: legacy receipts need one ordered check and remain byte-for-byte unchanged (409.65204ms)
✔ LOOP-070: edit of a prior receipt requires fresh evidence (435.132105ms)
✔ LOOP-070: remove of a prior receipt requires fresh evidence (421.922081ms)
✔ LOOP-075: supporting evidence file README.md does not become a receipt (443.354903ms)
✔ LOOP-075: supporting evidence file notes.txt does not become a receipt (431.130815ms)
✔ LOOP-075: supporting evidence file support does not become a receipt (423.274445ms)
✔ LOOP-075: supporting evidence file .DS_Store does not become a receipt (440.426836ms)
✔ LOOP-075: malformed receipt requirement=R-999 names a repair before execution (314.122635ms)
✔ LOOP-075: malformed receipt result=success names a repair before execution (303.876246ms)
✔ LOOP-075: malformed receipt sequence=NaN names a repair before execution (346.567878ms)
✔ LOOP-075: malformed receipt sequence=9007199254740992 names a repair before execution (333.633449ms)
✔ LOOP-075: malformed receipt sequence=
  - 1 names a repair before execution (319.189144ms)
✔ LOOP-075: malformed receipt history_digest=wrong names a repair before execution (315.583186ms)
✔ LOOP-075: a receipt-shaped directory is a named repair instead of an EISDIR crash (229.576114ms)
✔ LOOP-070: an earlier escalation cannot cover three new attempts after clock rollback (834.795956ms)
✔ LOOP-070: an answer becomes old after a later check even if that check's timestamp is earlier (516.061059ms)
✔ LOOP-070: the newest answer wins between checks even when its clock timestamp is older (350.915228ms)
✔ LOOP-070: legacy escalation dates cover old receipts but not three newer sequenced runs (1152.337898ms)
✔ a PKG requirement the commitment does not name is declared, run, and gates Done (PKG-011) (1551.854497ms)
✔ a PKG requirement in a Draft spec is not folded in (335.505351ms)
✔ LOOP-076/079: stale inputs identify the receipt and the check to run (525.608591ms)
✔ LOOP-077: names a content change using checked input identity (547.640867ms)
✔ LOOP-077: names a mode change using checked input identity (581.088162ms)
✔ LOOP-077: names a kind change using checked input identity (432.502941ms)
✔ LOOP-077: names a added change using checked input identity (404.649446ms)
✔ LOOP-077: names a removed change using checked input identity (376.262099ms)
✔ LOOP-077: names a link-target change using checked input identity (595.967405ms)
✔ LOOP-077: changed selection compares the old and new input sets (368.769323ms)
✔ LOOP-077: raw CRLF changes remain visible when Git-clean content agrees (345.151439ms)
✔ LOOP-077: detail output is sorted, bounded, and reports the omitted count (347.422849ms)
✔ LOOP-077: filenames cannot inject lines or terminal controls into explanations (331.267381ms)
✔ LOOP-077: receipts from one run share details and do not store source contents (284.582241ms)
✔ LOOP-078/080: legacy optional detail limits explanation without changing standing (423.822879ms)
✔ LOOP-078/080: invalid-field optional detail limits explanation without changing standing (404.776756ms)
✔ LOOP-078/080: missing optional detail limits explanation without changing standing (405.073158ms)
✔ LOOP-078/080: invalid-json optional detail limits explanation without changing standing (385.639829ms)
✔ LOOP-078/080: mismatched optional detail limits explanation without changing standing (408.686784ms)
✔ LOOP-078/080: duplicate optional detail limits explanation without changing standing (397.116281ms)
✔ LOOP-078/080: unsafe-path optional detail limits explanation without changing standing (406.56781ms)
✔ LOOP-078/080: directory optional detail limits explanation without changing standing (427.924098ms)
✔ LOOP-078/080: symlink optional detail limits explanation without changing standing (413.852556ms)
✔ LOOP-078: unavailable old requirement text is not claimed as a proven change (343.071245ms)
✔ LOOP-076/079: changed requirements identify evidence and retain review-before-check guidance (316.654888ms)
✔ LOOP-078: simultaneous input and output damage keep both reasons (326.300493ms)
✔ LOOP-080: deterministic freshness sequence seed=7 (6654.177217ms)
✔ LOOP-080: deterministic freshness sequence seed=42 (4906.790589ms)
✔ LOOP-080: deterministic freshness sequence seed=913 (4075.429435ms)
✔ LOOP-080: agreement changes, mechanism review, checks, and completion review retain priority (970.659945ms)
✔ LOOP-080: imported receipt history demands a rerun without a false input explanation (1025.837096ms)
✔ LOOP-073: clean CRLF input completes under attributes (448.728084ms)
✔ LOOP-073: clean CRLF input completes under autocrlf (429.014853ms)
✔ LOOP-073: raw line-ending mutation during a run is rejected even when Git still sees the same content (292.209878ms)
✔ LOOP-073: execution evidence changes when clean conversion preserves committed identity (757.931666ms)
✔ LOOP-073: Git clean filters use Git's conversion while retaining raw evidence identity (336.583509ms)
✔ LOOP-073: failure of a required Git filter cannot record evidence (105.294177ms)
✔ LOOP-073: a clean filter moving HEAD during ending validation prevents evidence (454.428844ms)
✔ LOOP-073: canonical Git identities handle links without reading their targets (302.153079ms)
✔ LOOP-073: Git conversion keeps raw Unicode and control-character input paths (300.928841ms)
✔ LOOP-073: conversion and links work in a SHA-256 Git repository (312.582284ms)
✔ LOOP-074: historical specification filename "café.md" remains reviewable (299.007861ms)
✔ LOOP-074: historical specification filename "spec\ttab.md" remains reviewable (271.294005ms)
✔ LOOP-074: historical specification filename "spec\nline.md" remains reviewable (271.251423ms)
✔ help works outside a repository without running a command (PKG-017) (781.917451ms)
✔ help does not hide invalid options or consume literal arguments (169.424232ms)
✔ the script links cairn and the skills, and the linked cairn runs (PKG-014, PKG-005) (211.605248ms)
✔ a link owned by another package is kept; --force replaces it; --unlink removes ours and leaves a stranger's (155.95566ms)
✔ --force never replaces a real directory (44.232209ms)
✔ three megabytes are retained exactly once with matching digests (LOOP-041, LOOP-042) (328.366488ms)
✔ split stdout result lines survive a long non-result line; stderr is never a verdict (321.617898ms)
✔ signal termination is recorded and logs survive a clone (LOOP-043) (291.455853ms)
✔ working agreements and ignore changes are Cairn records inside the footprint (366.212722ms)
✔ a clean package passes (70.671596ms)
✔ PKG-001: a dependency, or a service manifest (120.504653ms)
✔ PKG-002: ignoring evidence or other durable state (65.591626ms)
✔ PKG-003: a command, a directory, or a record kind no decision names (181.204173ms)
✔ PKG-004: a kernel over 1500 lines (48.904511ms)
✔ PKG-006: a skill step naming a vendor's product (57.558688ms)
✔ PKG-008: a non-ASCII character in a tracked text file (48.585173ms)
✔ PKG-009: the kernel importing from tests (62.545707ms)
✔ PKG-012: a network call or a model vendor in the kernel (118.966383ms)
✔ PKG-013: deferral language, but not in code, quotes, or a rule (116.644141ms)
✔ this repository passes the package lint (130.03672ms)
✔ a tracked path deleted from the working tree is skipped, not a crash (101.055925ms)
✔ a sentence in a Formats section is not a record kind (100.689934ms)
✔ a record kind named by its path alone is checked (78.453094ms)
✔ PKG-002: a tracked in-progress record (55.091102ms)
✔ PKG-002: ignoring evidence alone is a finding (45.489885ms)
✔ LOOP-071: decision body metadata does not resolve unbuilt work: "Superseded by: example" (568.142541ms)
✔ LOOP-071: decision body metadata does not resolve unbuilt work: "```text\nSuperseded by: example\n```" (554.395288ms)
✔ LOOP-071: decision body metadata does not resolve unbuilt work: "~~~text\nSuperseded by: example\n~~~" (545.153762ms)
✔ LOOP-071: a fenced realization example is not a resolving commit (424.412652ms)
✔ LOOP-071: a fenced commit inside the realization section is not built (389.045008ms)
✔ LOOP-071: ## Example cannot replace an open review finding (394.746605ms)
✔ LOOP-071: # Example cannot replace an open review finding (373.818477ms)
✔ LOOP-071: ### Example cannot replace an open review finding (366.917406ms)
✔ LOOP-071:   ## Example cannot replace an open review finding (371.470689ms)
✔ LOOP-071: Example paragraph. cannot replace an open review finding (355.049265ms)
✔ LOOP-071: Example
------- cannot replace an open review finding (336.343881ms)
✔ LOOP-071: fenced fields before a real review header are ignored (365.850728ms)
✔ LOOP-071: multiline decision --title cannot inject metadata (282.810566ms)
✔ LOOP-071: multiline decision --decided-by cannot inject metadata (305.795829ms)
✔ LOOP-071: multiline decision --rests-on cannot inject metadata (290.867387ms)
✔ LOOP-071: multiline decision --wrong-if cannot inject metadata (273.737358ms)
✔ LOOP-071: multiline decision --history cannot inject metadata (286.261069ms)
✔ LOOP-072: malformed Blocking concerns stay open: "R-001\nAnswer: ok" (56.828501ms)
✔ LOOP-072: malformed Blocking concerns stay open: "R-001\r\nAnswer: ok" (79.933949ms)
✔ LOOP-072: malformed Blocking concerns stay open: "R-001\rAnswer: ok" (65.511881ms)
✔ LOOP-072: malformed Blocking concerns stay open: "R-001 Answer: ok" (71.412213ms)
✔ LOOP-072: malformed Blocking concerns stay open: "R-001 Answer: ok" (67.693111ms)
✔ LOOP-072: ordinary malformed concerns are refused: "R-001\nR-002" (35.377687ms)
✔ LOOP-072: ordinary malformed concerns are refused: "R-001, prose" (38.989158ms)
✔ LOOP-072: ordinary malformed concerns are refused: " " (43.494987ms)
✔ LOOP-072: a Blocking escalation without concerns is still presented (82.131601ms)
✔ LOOP-072: carriage returns in a Blocking question do not create answer records (56.717018ms)
✔ LOOP-072: explanation separator 8232 cannot close an escalation (138.251962ms)
✔ LOOP-071: decision metadata refuses separator 8232 (271.412187ms)
✔ LOOP-072: explanation separator 8233 cannot close an escalation (130.909614ms)
✔ LOOP-071: decision metadata refuses separator 8233 (295.512972ms)
✔ each unmatched input and each duplicate owner is refused before execution (LOOP-044, LOOP-056) (301.228544ms)
✔ an indexed input deleted on disk asks for a commit (LOOP-045) (128.59818ms)
✔ wake and check require a Git working tree (LOOP-046) (110.555588ms)
✔ recovery removes only dead kernel run records and identifies a live owner (LOOP-054, LOOP-055) (289.5307ms)
✔ an agent action based behind a clean HEAD appears committed (LOOP-027) (150.69377ms)
✔ realization needs a real commit and a subject (DEC-006) (325.846361ms)
✔ 1500 binary inputs digest identically at the review commit in under a second (LOOP-024, LOOP-032) (1119.52816ms)
✔ merged work is excluded but a later own commit is a breach (LOOP-047) (167.58864ms)
✔ exact Current tenure ignores prefix matches and earlier visits to the same slug (LOOP-035) (180.249136ms)
✔ a kernel run records its supervising PID (LOOP-054) (191.627195ms)
✔ a merged declared input still stales evidence (LOOP-047) (314.946422ms)
✔ wildcard and magic pathspecs select the same historical inputs (LOOP-024, LOOP-032) (1704.926977ms)
✔ historical selection retains deleted files and excludes new ones (LOOP-024, LOOP-035) (1039.114081ms)
✔ explicit reporting with no lines and exit 0 establishes no requirement verdicts (368.430522ms)
✔ explicit reporting with no lines and exit 1 establishes no requirement verdicts (359.558445ms)
✔ a reporter that cannot start keeps execution diagnostics without blaming requirements (240.364695ms)
✔ large output cannot kill a reporter or invent a requirement verdict (385.99954ms)
✔ explicit mode ignores cairn: R-999: pass (232.088724ms)
✔ explicit mode ignores cairn: R-001: unverified (205.124925ms)
✔ explicit mode ignores cairn: R-001: passed (223.902696ms)
✔ explicit results survive nonzero exit and contradictory duplicates still fail (410.106542ms)
✔ unverified results across changed inputs never become failed attempts (1047.626984ms)
✔ legacy exit 0 retains its interpretation (177.285554ms)
✔ legacy exit 1 retains its interpretation (173.654093ms)
✔ a misspelled reporting mode is refused before execution (98.771479ms)
✔ changed requirement blocks unchecked reruns and makes the completion review stale (LOOP-058, LOOP-059) (1453.953884ms)
✔ falsifier changes need review; separate rationale and other requirements do not change a receipt (829.488625ms)
✔ legacy receipts recover requirement identity from their commit; unavailable history requires review (650.048687ms)
✔ check refuses uncommitted requirement text and mechanism review markers (612.57248ms)
✔ tightened response limit cannot reuse the old passing check (1076.31446ms)
✔ a declared input over 1 MiB agrees at a commit and in the tree (LOOP-060) (410.310747ms)
✔ a failed Git blob read cannot be hashed as an empty blob (329.006093ms)
✔ Git listings over 1 MiB include the last declared input (1911.521864ms)
✔ requirement identity excludes fenced examples and status dates (414.736633ms)
✔ DemonCoder REM-002 and Status in progress cannot silently satisfy the review gate (LOOP-086) (689.200122ms)
✔ valid open findings retain their behavior (482.542848ms)
✔ valid resolved findings retain their behavior (401.583232ms)
✔ valid empty findings retain their behavior (344.474795ms)
✔ valid mixed valid findings retain their behavior (328.260484ms)
✔ malformed finding "open:" requires repair (293.222832ms)
✔ malformed finding "resolved:   " requires repair (291.087557ms)
✔ malformed finding "Open: incorrect case" requires repair (279.697893ms)
✔ malformed finding "unknown: issue" requires repair (287.980993ms)
✔ malformed finding "\u001b[31mBAD: issue" requires repair (274.516417ms)
✔ a scalar findings value requires the supported list format (260.720538ms)
✔ empty footprint names declaration before scope and records no evidence (LOOP-081) (463.582326ms)
✔ first declaration still checks the full earlier history (LOOP-081) (255.462218ms)
✔ an empty current footprint does not block an explicitly requested existing mechanism (LOOP-081) (238.944988ms)
✔ an inherited mechanism provides a footprint even before local mechanisms exist (308.516889ms)
✔ scope reports every path, escapes line breaks, and gives identical remedies (LOOP-082) (168.294673ms)
✔ scope verdict reuses the answered-escalation annotation (LOOP-048, LOOP-051, LOOP-083) (418.702142ms)
✔ a committed scope acknowledgment lets restored history proceed (LOOP-083) (542.898495ms)
✔ scope acknowledgment must be committed before it can clear a breach (501.497837ms)
✔ ordinary ok does not acknowledge scope history (235.406882ms)
✔ scope escalation refuses unrestored paths and names the restoration remedy (215.355916ms)
✔ an invalid scope request still records an explicitly Blocking decision (134.075348ms)
✔ ask and explanation stay open; only the final committed ok acknowledges scope (560.008225ms)
✔ instead is visible but does not silently authorize a scope exception (310.950389ms)
✔ later changes to an acknowledged path still block, including later reverts (935.925212ms)
✔ approval cannot hide another path changed after the snapshot (331.782031ms)
✔ acknowledged history remains conditional on the paths staying restored (471.819407ms)
✔ editing the scope snapshot after answer invalidates its acknowledgment (243.269188ms)
✔ malformed scope metadata cannot suppress a breach (1200.023473ms)
✔ damaged acknowledgment fields cannot suppress a breach (480.382958ms)
✔ scope path matching is literal, including wildcard filenames and control characters (478.19056ms)
✔ scope acknowledgment does not carry into another activation of the same slug (260.737907ms)
✔ restoration checks additions, deletions, executable modes, and symlink kinds (1223.894343ms)
✔ explicit committed retention keeps correct work and requires new evidence and review (LOOP-084, LOOP-085) (1701.457289ms)
✔ a missing declaration covers correct earlier work without retention or revert (381.348863ms)
✔ keep requires scope and an unchanged committed candidate (121.650476ms)
✔ uncommitted retention and instead answers cannot clear the incident (836.747935ms)
✔ retention does not grant future edits, even when reverted to the approved tree (1062.031085ms)
✔ retention cannot cover another path or another activation (472.209482ms)
✔ imported changes must still match the retained tree (526.923981ms)
✔ retention handles additions, deletions, modes, symlinks, and literal filenames (1727.90986ms)
✔ retention cannot convert an existing restoration answer or accept an unknown mode (375.715928ms)
✔ a check failure after retention remains a failure (586.306784ms)
✔ retained paths stay part of the stable checked candidate without extending its footprint (533.103569ms)
✔ retention ask needs an explanation and final committed approval (473.318934ms)
✔ an unknown scope mode remains invalid even with a matching approval digest (240.885689ms)
✔ backlog writes the item; a second with the same title is refused, never overwritten (LOOP-016) (126.927565ms)
✔ a commit inside the footprint: check runs; outside it: check names the path and does not run (LOOP-035) (476.439175ms)
✔ a file under .cairn/ or docs/ is never a breach (424.376289ms)
✔ declaring the path as an input clears the breach (290.376907ms)
✔ a revert preserves the record of an out-of-scope commit (LOOP-047) (204.294222ms)
✔ a commitment naming a requirement the spec set does not hold as Agreed is repaired (LOOP-029) (54.989064ms)
✔ a requirement in a Draft spec file is not Agreed (67.084933ms)
✔ working agreements and the ignore file are Cairn records (LOOP-035, LOOP-036) (358.025182ms)
✔ the over-asking rule is gone from both skills (SPEC-005, SPEC-006) (1.054651ms)
✔ a decision during the phase is recorded (DEC-003) (0.127349ms)
✔ understanding is restated before writing (SPEC-003) (0.073832ms)
✔ falsifiers are proposed as one set and confirmed by exception (SPEC-004) (0.39943ms)
✔ depth is inferred and domains derived, never asked or imposed (SPEC-008, SPEC-009) (0.134222ms)
✔ a term enters the glossary at first occurrence (SPEC-010) (0.08317ms)
✔ the phase ends at the first commitment, and later ones are specified during the loop (SPEC-011, SPEC-012) (0.16497ms)
✔ a requirement goes Agreed only with a nameable mechanism (SPEC-013) (0.087516ms)
✔ review before agreement, recording what it attacked (SPEC-014, SPEC-015) (0.403886ms)
✔ no spec file without requirements; nothing Agreed without a falsifier (SPEC-001, SPEC-002) (0.146729ms)
✔ Observed is marked, and is not contract (SPEC-016, SPEC-017) (0.071595ms)
✔ the skills exclude artifacts outside Cairn's workflow (0.102337ms)
✔ the working agreement names the agent's move for each verdict and the write-ahead record (LOOP-036) (0.127193ms)
✔ the working agreement names the developer's moves (LOOP-036, DEC-014) (0.049167ms)
✔ this repository runs by the file it ships (1.097008ms)
✔ both skills write the working agreement without naming a vendor's file (LOOP-036, PKG-006) (0.128573ms)
✔ the working agreement says what an attempt is (LOOP-036, DEC-017, DEC-018) (0.389212ms)
✔ the working agreement says a failure no footprint change can address is an escalation, and where an inherited requirement is repaired (DEC-019, LOOP-057) (0.060259ms)
✔ a two-obligation sentence is named (PKG-007) (53.157581ms)
✔ an obligation with no actor is named (PKG-010) (36.628189ms)
✔ a leading condition clause is not the actor, and the actor after it counts (38.147642ms)
✔ an Agreed requirement with no falsifier is named (SPEC-002); a Draft one is not (70.810961ms)
✔ prose after a Draft requirement with no falsifier is not scanned as requirement text (37.422583ms)
✔ a spec declaring a prefix with no requirement is named (SPEC-001) (28.813008ms)
✔ a keyword in backticks or quotes is a mention, not an obligation (38.814845ms)
✖ this repository's own specification passes the lint (31.646912ms)
✔ duplicate identifiers are rejected within a file and across files (SPEC-020) (64.484558ms)
✔ references resolve across files; missing references name their source (SPEC-021) (67.688419ms)
✔ code examples and quoted mentions are neither definitions nor references (35.978286ms)
✔ machine-local paths are findings in prose, links, quotes, and examples (SPEC-019) (401.11128ms)
✔ relative paths, URLs, slash commands, and character mentions are not absolute path findings (33.963122ms)
✔ a slash after a placeholder continues the template (SPEC-019) (77.466596ms)
✔ a host path is a finding until the file declares it (SPEC-019, SPEC-024) (197.764807ms)
✔ declared host paths cover children with a slash boundary and stay file-local (117.004884ms)
✔ a host-path declaration inside a requirement or example grants no exception (92.71229ms)
✔ host-path declarations require absolute or home-relative entries (155.746203ms)
✔ supersede writes both lines, and the old record keeps every word it had (DEC-008, DEC-010) (64.239612ms)
✔ supersede without a cause, or with one outside the four, is refused (DEC-009) (118.081913ms)
✔ supersede of a record that does not exist is refused (63.903835ms)
✔ a predecessor with no title line cannot be stamped, so nothing is written (62.19319ms)
✔ reversals reports counts by decider, cause, and domain (DEC-011) (139.582416ms)
✔ decide in a domain with a reversal is refused without --history, naming the reversal; with it, the record carries History (DEC-012) (131.94751ms)
✔ decide in a domain with no reversals needs no --history (96.335467ms)
✔ a record resting on prose alone is in the domain unspecified, and so is the next one (94.193254ms)
✔ step 1: an in-progress record is reconciled before anything else (91.626585ms)
✔ step 2: an open escalation is presented and nothing else happens (66.011557ms)
✔ an answered escalation is not open (415.973641ms)
✔ step 3: a decision with no realized-by is built, first by name (69.356738ms)
✔ a superseded decision with no realized-by is not work (105.122143ms)
✔ step 6: a mechanism that has never run is run, not implemented (110.65178ms)
✔ step 6: a requirement whose mechanism fails is implemented (614.202313ms)
✔ step 6 before step 7: failing evidence outranks a missing mechanism (287.237813ms)
✔ step 7: a requirement with no mechanism is declared (80.312665ms)
✔ step 10: every requirement current and passing, review clean, is Done (302.208384ms)
✔ malformed roadmap is Resolvable, not fatal (47.004816ms)
✔ a commitment naming no requirements is Resolvable (53.443871ms)
✔ the primary test: two wakes on the same checkout give the same action (102.006961ms)
✔ outside a cairn repository wake cannot run (35.257835ms)
✔ the loop never waits on the review queue (DEC-015) (289.230081ms)
✖ the linked walkthrough runs from agreement through the next commitment (PKG-016) (869.622484ms)
ℹ tests 359
ℹ suites 0
ℹ pass 357
ℹ fail 2
ℹ cancelled 0
ℹ skipped 0
ℹ todo 0
ℹ duration_ms 17692.901239

✖ failing tests:

test at tests/spec-lint.test.mjs:53:1
✖ this repository's own specification passes the lint (31.646912ms)
  AssertionError [ERR_ASSERTION]: loop.md: LOOP-086 states 2 obligations in one sentence: "Valid open findings MUST still require resolution; resolved findings M..." (PKG-007)
  
  
  1 !== 0
  
      at TestContext.<anonymous> (file:///home/shawn/workspace2/cairn-dev/tests/spec-lint.test.mjs:55:10)
      at Test.runInAsyncScope (node:async_hooks:214:14)
      at Test.run (node:internal/test_runner/test:1062:25)
      at Test.processPendingSubtests (node:internal/test_runner/test:752:18)
      at Test.postRun (node:internal/test_runner/test:1191:19)
      at Test.run (node:internal/test_runner/test:1119:12)
      at async Test.processPendingSubtests (node:internal/test_runner/test:752:7) {
    generatedMessage: false,
    code: 'ERR_ASSERTION',
    actual: 1,
    expected: 0,
    operator: 'strictEqual'
  }

test at tests/walkthrough.test.mjs:10:1
✖ the linked walkthrough runs from agreement through the next commitment (PKG-016) (869.622484ms)
  AssertionError [ERR_ASSERTION]: step 4: Resolvable: repair .cairn/reviews/reject-empty-names.md
    findings must be a list; use list entries 'open: <description>' or 'resolved: <description>' with a nonempty description, or leave findings empty when there are no findings (LOOP-086). Preserve unresolved issues as open findings.
  
  
  
  1 !== 0
  
      at TestContext.<anonymous> (file:///home/shawn/workspace2/cairn-dev/tests/walkthrough.test.mjs:32:12)
      at Test.runInAsyncScope (node:async_hooks:214:14)
      at Test.run (node:internal/test_runner/test:1062:25)
      at Test.start (node:internal/test_runner/test:959:17)
      at startSubtestAfterBootstrap (node:internal/test_runner/harness:332:17) {
    generatedMessage: false,
    code: 'ERR_ASSERTION',
    actual: 1,
    expected: 0,
    operator: 'strictEqual'
  }
