✔ a Draft block overrides an Agreed file for both wake and check (SPEC-018) (108.59857ms)
✔ an Agreed block overrides a Draft file in the kernel and lint (SPEC-018, SPEC-002) (216.471708ms)
✔ a block Status does not become the file default, including inside examples (SPEC-018) (216.622165ms)
✔ block status without a value does not inherit Agreed by accident (SPEC-018) (38.211569ms)
✔ inheritance needs a file Scope and includes only Agreed blocks, regardless of prefix (PKG-015) (619.719909ms)
✔ Scope inside a requirement or fenced example does not declare inheritance (PKG-015) (312.029885ms)
✔ check refuses a dirty declared input and names it; a dirty undeclared file does not block (154.110176ms)
✔ check writes one record per requirement carrying the full receipt (104.199846ms)
✔ a nonzero exit records fail, and the receipt keeps the exit code (98.962681ms)
✔ two checks write two records; nothing is overwritten or deleted (198.644553ms)
✔ a commit changing a declared input makes evidence stale; an undeclared one does not (305.474775ms)
✔ a regression is named before a requirement that never passed (289.151465ms)
✔ three attempts with no escalation since: wake says escalate, not a fourth (DEC-016, DEC-017, DEC-018) (868.53964ms)
✔ the review gate: no review, stale review, open finding, then Done (558.87916ms)
✔ Done is refused while any requirement lacks current passing evidence (56.917772ms)
✔ check names a requested requirement that no mechanism claims (63.839034ms)
✔ check writes and clears an in-progress record around the run (101.405444ms)
✔ a linked declared input digests the same at a commit and in the tree (LOOP-023, LOOP-024) (238.903988ms)
✔ a result line is the mechanism's statement about one requirement; what it did not mention is unverified (LOOP-037, LOOP-052) (102.304803ms)
✔ a mechanism that says nothing is read by its exit code for every requirement (LOOP-039) (90.825555ms)
✔ unverified is not an attempt, and a return to an earlier failed digest counts once (DEC-017, DEC-018) (782.420639ms)
✔ a result line for a requirement the mechanism does not speak for is named and writes nothing (LOOP-038) (99.935726ms)
✔ a result line inside ordinary output, or without the marker, does not count (105.280033ms)
✔ a targeted check runs the named requirements' mechanisms and records every requirement they speak for (LOOP-040) (103.822435ms)
✔ two result lines for one requirement: a fail on any line wins (94.557217ms)
✔ three runs at one digest with no attempt since: the verdict stays implement and names DEC-019; an escalation naming it among others clears the hint (DEC-019, LOOP-053) (418.875086ms)
✔ writes a record with every required field and an empty realized-by (27.446332ms)
✔ a Consequential decision is queued for review (30.431346ms)
✔ a Consequential decision is queued even when .cairn/queue does not exist yet (27.440445ms)
✔ Routine is refused: routine decisions produce no record (34.227036ms)
✔ a missing field is a usage error and nothing is written (21.924816ms)
✔ supersedes requires a classified cause, and the old record must exist (95.518443ms)
✔ an existing record is not overwritten (49.205914ms)
✔ a queued decision stays queued; nothing but the developer removes it (DEC-014) (63.459316ms)
✔ escalate writes the six-line format followed by its facts, and wake presents it (69.51931ms)
✔ a missing or multi-line field is refused with the field named, and nothing is written (66.841038ms)
✔ a Blocking escalation that fails the format is written anyway, naming the malformed field (LOOP-014) (59.897902ms)
✔ a --level other than Blocking is refused rather than silently losing the bypass (30.568131ms)
✔ a second escalation while one is open is refused (LOOP-011) (61.037634ms)
✔ answer records the reply; wake no longer presents it; a second answer is refused (135.390206ms)
✔ answer to an unknown escalation is refused (31.691377ms)
✔ a stranger resumes from the file alone: question and answer are both in it (LOOP-013) (82.529218ms)
✔ after an answer, the same concern can be escalated again under a new name (84.038949ms)
✔ an escalation exists when its file does, committed or not (LOOP-009) (34.213158ms)
✔ developer answers require one of the three forms and cannot inject fields (LOOP-048) (305.072876ms)
✔ ask, agent explanation, another ask, and ok stay ordered in one file (LOOP-049, LOOP-050, LOOP-014) (372.453762ms)
✔ fresh closed answers accompany only concerned requirements until new evidence (LOOP-051) (335.755076ms)
✔ a PKG requirement the commitment does not name is declared, run, and gates Done (PKG-011) (534.279406ms)
✔ a PKG requirement in a Draft spec is not folded in (156.877648ms)
✔ the script links cairn and the skills, and the linked cairn runs (PKG-014, PKG-005) (101.9475ms)
✔ a link owned by another package is kept; --force replaces it; --unlink removes ours and leaves a stranger's (70.970147ms)
✔ --force never replaces a real directory (28.203797ms)
✔ three megabytes are retained exactly once with matching digests (LOOP-041, LOOP-042) (139.749097ms)
✔ split stdout result lines survive a long non-result line; stderr is never a verdict (149.559638ms)
✔ signal termination is recorded and logs survive a clone (LOOP-043) (119.111086ms)
✔ working agreements and ignore changes are Cairn records inside the footprint (110.161176ms)
✔ a clean package passes (43.814183ms)
✔ PKG-001: a dependency, or a service manifest (76.43936ms)
✔ PKG-002: ignoring evidence or other durable state (42.931223ms)
✔ PKG-003: a command, a directory, or a record kind no decision names (115.604041ms)
✔ PKG-004: a kernel over 1500 lines (41.159093ms)
✔ PKG-006: a skill step naming a vendor's product (35.439677ms)
✔ PKG-008: a non-ASCII character in a tracked text file (40.375853ms)
✔ PKG-009: the kernel importing from tests (40.860766ms)
✔ PKG-012: a network call or a model vendor in the kernel (79.493268ms)
✔ PKG-013: deferral language, but not in code, quotes, or a rule (74.124347ms)
✔ this repository passes the package lint (47.344311ms)
✔ a tracked path deleted from the working tree is skipped, not a crash (45.071879ms)
✔ a sentence in a Formats section is not a record kind (41.943253ms)
✔ a record kind named by its path alone is checked (34.742649ms)
✔ PKG-002: a tracked in-progress record (42.755627ms)
✔ PKG-002: ignoring evidence alone is a finding (42.122526ms)
✔ each unmatched input and each duplicate owner is refused before execution (LOOP-044, LOOP-056) (166.097664ms)
✔ an indexed input deleted on disk asks for a commit (LOOP-045) (86.811957ms)
✔ wake and check require a Git working tree (LOOP-046) (72.051488ms)
✔ recovery removes only dead kernel run records and identifies a live owner (LOOP-054, LOOP-055) (156.152823ms)
✔ an agent action based behind a clean HEAD appears committed (LOOP-027) (101.533704ms)
✔ realization needs a real commit and a subject (DEC-006) (130.698777ms)
✔ 1500 binary inputs digest identically at the review commit in under a second (LOOP-024, LOOP-032) (317.902075ms)
✔ merged work is excluded but a later own commit is a breach (LOOP-047) (109.266536ms)
✔ exact Current tenure ignores prefix matches and earlier visits to the same slug (LOOP-035) (146.371674ms)
✔ a kernel run records its supervising PID (LOOP-054) (98.194328ms)
✔ a merged declared input still stales evidence (LOOP-047) (154.938587ms)
✔ wildcard and magic pathspecs select the same historical inputs (LOOP-024, LOOP-032) (953.692642ms)
✔ historical selection retains deleted files and excludes new ones (LOOP-024, LOOP-035) (670.060929ms)
✔ explicit reporting with no lines and exit 0 establishes no requirement verdicts (151.946027ms)
✔ explicit reporting with no lines and exit 1 establishes no requirement verdicts (147.852129ms)
✔ a reporter that cannot start keeps execution diagnostics without blaming requirements (86.543805ms)
✔ large output cannot kill a reporter or invent a requirement verdict (114.051314ms)
✔ explicit mode ignores cairn: R-999: pass (105.166625ms)
✔ explicit mode ignores cairn: R-001: unverified (104.455685ms)
✔ explicit mode ignores cairn: R-001: passed (89.424126ms)
✔ explicit results survive nonzero exit and contradictory duplicates still fail (185.898821ms)
✔ unverified results across changed inputs never become failed attempts (480.716446ms)
✔ legacy exit 0 retains its interpretation (95.344848ms)
✔ legacy exit 1 retains its interpretation (89.604528ms)
✔ a misspelled reporting mode is refused before execution (85.105105ms)
✔ changed requirement blocks unchecked reruns and makes the completion review stale (LOOP-058, LOOP-059) (601.472623ms)
✔ falsifier changes need review; separate rationale and other requirements do not change a receipt (437.966657ms)
✔ legacy receipts recover requirement identity from their commit; unavailable history requires review (376.331191ms)
✔ check refuses uncommitted requirement text and mechanism review markers (344.252531ms)
✔ tightened response limit cannot reuse the old passing check (523.85024ms)
✔ a declared input over 1 MiB agrees at a commit and in the tree (LOOP-060) (230.362195ms)
✔ a failed Git blob read cannot be hashed as an empty blob (234.571105ms)
✔ Git listings over 1 MiB include the last declared input (609.22171ms)
✔ requirement identity excludes fenced examples and status dates (271.899112ms)
✔ backlog writes the item; a second with the same title is refused, never overwritten (LOOP-016) (59.732246ms)
✔ a commit inside the footprint: check runs; outside it: check names the path and does not run (LOOP-035) (219.670418ms)
✔ a file under .cairn/ or docs/ is never a breach (161.762799ms)
✔ declaring the path as an input clears the breach (120.035904ms)
✔ a revert preserves the record of an out-of-scope commit (LOOP-047) (156.697148ms)
✔ a commitment naming a requirement the spec set does not hold as Agreed is repaired (LOOP-029) (45.056841ms)
✔ a requirement in a Draft spec file is not Agreed (40.679947ms)
✔ working agreements and the ignore file are Cairn records (LOOP-035, LOOP-036) (184.005647ms)
✔ the over-asking rule is gone from both skills (SPEC-005, SPEC-006) (0.692413ms)
✔ a decision during the phase is recorded (DEC-003) (0.074202ms)
✔ understanding is restated before writing (SPEC-003) (0.048004ms)
✔ falsifiers are proposed as one set and confirmed by exception (SPEC-004) (0.120595ms)
✔ depth is inferred and domains derived, never asked or imposed (SPEC-008, SPEC-009) (0.086908ms)
✔ a term enters the glossary at first occurrence (SPEC-010) (0.045726ms)
✔ the phase ends at the first commitment, and later ones are specified during the loop (SPEC-011, SPEC-012) (0.054064ms)
✔ a requirement goes Agreed only with a nameable mechanism (SPEC-013) (0.052453ms)
✔ review before agreement, recording what it attacked (SPEC-014, SPEC-015) (0.051872ms)
✔ no spec file without requirements; nothing Agreed without a falsifier (SPEC-001, SPEC-002) (0.081989ms)
✔ Observed is marked, and is not contract (SPEC-016, SPEC-017) (0.056332ms)
✔ the skills exclude artifacts outside Cairn's workflow (0.083529ms)
✔ the working agreement names the agent's move for each verdict and the write-ahead record (LOOP-036) (0.097538ms)
✔ the working agreement names the developer's moves (LOOP-036, DEC-014) (0.038931ms)
✔ this repository runs by the file it ships (0.206476ms)
✔ both skills write the working agreement without naming a vendor's file (LOOP-036, PKG-006) (0.070918ms)
✔ the working agreement says what an attempt is (LOOP-036, DEC-017, DEC-018) (0.040419ms)
✔ the working agreement says a failure no footprint change can address is an escalation, and where an inherited requirement is repaired (DEC-019, LOOP-057) (0.053283ms)
✔ a two-obligation sentence is named (PKG-007) (28.518277ms)
✔ an obligation with no actor is named (PKG-010) (32.137257ms)
✔ a leading condition clause is not the actor, and the actor after it counts (29.794069ms)
✔ an Agreed requirement with no falsifier is named (SPEC-002); a Draft one is not (41.887335ms)
✔ prose after a Draft requirement with no falsifier is not scanned as requirement text (26.395699ms)
✔ a spec declaring a prefix with no requirement is named (SPEC-001) (28.114852ms)
✔ a keyword in backticks or quotes is a mention, not an obligation (19.117906ms)
✔ this repository's own specification passes the lint (22.140616ms)
✔ duplicate identifiers are rejected within a file and across files (SPEC-020) (62.684272ms)
✔ references resolve across files; missing references name their source (SPEC-021) (38.371813ms)
✔ code examples and quoted mentions are neither definitions nor references (22.478442ms)
✔ machine-local paths are findings in prose, links, quotes, and examples (SPEC-019) (242.317614ms)
✔ relative paths, URLs, slash commands, and character mentions are not absolute path findings (21.150028ms)
✔ supersede writes both lines, and the old record keeps every word it had (DEC-008, DEC-010) (39.226608ms)
✔ supersede without a cause, or with one outside the four, is refused (DEC-009) (66.265583ms)
✔ supersede of a record that does not exist is refused (38.881422ms)
✔ a predecessor with no title line cannot be stamped, so nothing is written (39.574979ms)
✔ reversals reports counts by decider, cause, and domain (DEC-011) (109.313999ms)
✔ decide in a domain with a reversal is refused without --history, naming the reversal; with it, the record carries History (DEC-012) (102.72337ms)
✔ decide in a domain with no reversals needs no --history (73.719587ms)
✔ a record resting on prose alone is in the domain unspecified, and so is the next one (65.979994ms)
✔ step 1: an in-progress record is reconciled before anything else (49.382301ms)
✔ step 2: an open escalation is presented and nothing else happens (37.41557ms)
✔ an answered escalation is not open (166.853538ms)
✔ step 3: a decision with no realized-by is built, first by name (50.669711ms)
✔ a superseded decision with no realized-by is not work (62.997856ms)
✔ step 6: a mechanism that has never run is run, not implemented (58.675948ms)
✔ step 6: a requirement whose mechanism fails is implemented (189.336218ms)
✔ step 6 before step 7: failing evidence outranks a missing mechanism (161.2891ms)
✔ step 7: a requirement with no mechanism is declared (56.227661ms)
✔ step 10: every requirement current and passing, review clean, is Done (166.601383ms)
✔ malformed roadmap is Resolvable, not fatal (30.523569ms)
✔ a commitment naming no requirements is Resolvable (39.948159ms)
✔ the primary test: two wakes on the same checkout give the same action (70.482345ms)
✔ outside a cairn repository wake cannot run (22.329569ms)
✔ the loop never waits on the review queue (DEC-015) (145.925857ms)
✔ the linked walkthrough runs from agreement through the next commitment (PKG-016) (527.479967ms)
ℹ tests 169
ℹ suites 0
ℹ pass 169
ℹ fail 0
ℹ cancelled 0
ℹ skipped 0
ℹ todo 0
ℹ duration_ms 4878.543005
