✔ a Draft block overrides an Agreed file for both wake and check (SPEC-018) (105.547736ms)
✔ an Agreed block overrides a Draft file in the kernel and lint (SPEC-018, SPEC-002) (234.614981ms)
✔ a block Status does not become the file default, including inside examples (SPEC-018) (186.752758ms)
✔ block status without a value does not inherit Agreed by accident (SPEC-018) (52.154709ms)
✔ inheritance needs a file Scope and includes only Agreed blocks, regardless of prefix (PKG-015) (591.358536ms)
✔ Scope inside a requirement or fenced example does not declare inheritance (PKG-015) (290.13672ms)
✔ check refuses a dirty declared input and names it; a dirty undeclared file does not block (167.245425ms)
✔ check writes one record per requirement carrying the full receipt (96.107614ms)
✔ a nonzero exit records fail, and the receipt keeps the exit code (96.810762ms)
✔ two checks write two records; nothing is overwritten or deleted (174.242054ms)
✔ a commit changing a declared input makes evidence stale; an undeclared one does not (284.66839ms)
✔ a regression is named before a requirement that never passed (263.879489ms)
✔ three attempts with no escalation since: wake says escalate, not a fourth (DEC-016, DEC-017, DEC-018) (882.610472ms)
✔ the review gate: no review, stale review, open finding, then Done (524.052475ms)
✔ Done is refused while any requirement lacks current passing evidence (51.961576ms)
✔ check names a requested requirement that no mechanism claims (66.08771ms)
✔ check writes and clears an in-progress record around the run (100.637876ms)
✔ a linked declared input digests the same at a commit and in the tree (LOOP-023, LOOP-024) (222.455778ms)
✔ a result line is the mechanism's statement about one requirement; what it did not mention is unverified (LOOP-037, LOOP-052) (90.250968ms)
✔ a mechanism that says nothing is read by its exit code for every requirement (LOOP-039) (91.416239ms)
✔ unverified is not an attempt, and a return to an earlier failed digest counts once (DEC-017, DEC-018) (766.716045ms)
✔ a result line for a requirement the mechanism does not speak for is named and writes nothing (LOOP-038) (89.893381ms)
✔ a result line inside ordinary output, or without the marker, does not count (96.794161ms)
✔ a targeted check runs the named requirements' mechanisms and records every requirement they speak for (LOOP-040) (100.48603ms)
✔ two result lines for one requirement: a fail on any line wins (89.0439ms)
✔ three runs at one digest with no attempt since: the verdict stays implement and names DEC-019; an escalation naming it among others clears the hint (DEC-019, LOOP-053) (411.975092ms)
✔ writes a record with every required field and an empty realized-by (26.271745ms)
✔ a Consequential decision is queued for review (23.07258ms)
✔ a Consequential decision is queued even when .cairn/queue does not exist yet (33.657735ms)
✔ Routine is refused: routine decisions produce no record (31.596623ms)
✔ a missing field is a usage error and nothing is written (33.451839ms)
✔ supersedes requires a classified cause, and the old record must exist (86.195006ms)
✔ an existing record is not overwritten (55.437576ms)
✔ a queued decision stays queued; nothing but the developer removes it (DEC-014) (49.013066ms)
✔ escalate writes the six-line format followed by its facts, and wake presents it (66.082663ms)
✔ a missing or multi-line field is refused with the field named, and nothing is written (64.187631ms)
✔ a Blocking escalation that fails the format is written anyway, naming the malformed field (LOOP-014) (64.772431ms)
✔ a --level other than Blocking is refused rather than silently losing the bypass (35.866818ms)
✔ a second escalation while one is open is refused (LOOP-011) (65.079231ms)
✔ answer records the reply; wake no longer presents it; a second answer is refused (139.447124ms)
✔ answer to an unknown escalation is refused (36.662315ms)
✔ a stranger resumes from the file alone: question and answer are both in it (LOOP-013) (68.040602ms)
✔ after an answer, the same concern can be escalated again under a new name (86.796441ms)
✔ an escalation exists when its file does, committed or not (LOOP-009) (43.266647ms)
✔ developer answers require one of the three forms and cannot inject fields (LOOP-048) (279.986414ms)
✔ ask, agent explanation, another ask, and ok stay ordered in one file (LOOP-049, LOOP-050, LOOP-014) (361.466727ms)
✔ fresh closed answers accompany only concerned requirements until new evidence (LOOP-051) (308.475612ms)
✔ a PKG requirement the commitment does not name is declared, run, and gates Done (PKG-011) (550.098385ms)
✔ a PKG requirement in a Draft spec is not folded in (156.665727ms)
✔ the script links cairn and the skills, and the linked cairn runs (PKG-014, PKG-005) (104.709311ms)
✔ a link owned by another package is kept; --force replaces it; --unlink removes ours and leaves a stranger's (70.469193ms)
✔ --force never replaces a real directory (23.488018ms)
✔ three megabytes are retained exactly once with matching digests (LOOP-041, LOOP-042) (124.200721ms)
✔ split stdout result lines survive a long non-result line; stderr is never a verdict (134.35802ms)
✔ signal termination is recorded and logs survive a clone (LOOP-043) (123.56323ms)
✔ working agreements and ignore changes are Cairn records inside the footprint (107.99482ms)
✔ a clean package passes (45.299827ms)
✔ PKG-001: a dependency, or a service manifest (68.66122ms)
✔ PKG-002: ignoring evidence or other durable state (33.758964ms)
✔ PKG-003: a command, a directory, or a record kind no decision names (113.724826ms)
✔ PKG-004: a kernel over 1500 lines (42.011929ms)
✔ PKG-006: a skill step naming a vendor's product (39.8791ms)
✔ PKG-008: a non-ASCII character in a tracked text file (45.230972ms)
✔ PKG-009: the kernel importing from tests (40.938005ms)
✔ PKG-012: a network call or a model vendor in the kernel (76.375317ms)
✔ PKG-013: deferral language, but not in code, quotes, or a rule (83.500605ms)
✔ this repository passes the package lint (67.276599ms)
✔ a tracked path deleted from the working tree is skipped, not a crash (45.773458ms)
✔ a sentence in a Formats section is not a record kind (42.731874ms)
✔ a record kind named by its path alone is checked (32.610478ms)
✔ PKG-002: a tracked in-progress record (32.218215ms)
✔ PKG-002: ignoring evidence alone is a finding (30.228006ms)
✔ each unmatched input and each duplicate owner is refused before execution (LOOP-044, LOOP-056) (182.035529ms)
✔ an indexed input deleted on disk asks for a commit (LOOP-045) (90.462346ms)
✔ wake and check require a Git working tree (LOOP-046) (84.365314ms)
✔ recovery removes only dead kernel run records and identifies a live owner (LOOP-054, LOOP-055) (174.324344ms)
✔ an agent action based behind a clean HEAD appears committed (LOOP-027) (91.795159ms)
✔ realization needs a real commit and a subject (DEC-006) (104.199104ms)
✔ 1500 binary inputs digest identically at the review commit in under a second (LOOP-024, LOOP-032) (322.721491ms)
✔ merged work is excluded but a later own commit is a breach (LOOP-047) (132.393565ms)
✔ exact Current tenure ignores prefix matches and earlier visits to the same slug (LOOP-035) (118.828838ms)
✔ a kernel run records its supervising PID (LOOP-054) (94.456663ms)
✔ a merged declared input still stales evidence (LOOP-047) (156.172837ms)
✔ wildcard and magic pathspecs select the same historical inputs (LOOP-024, LOOP-032) (995.939895ms)
✔ historical selection retains deleted files and excludes new ones (LOOP-024, LOOP-035) (669.888893ms)
✔ explicit reporting with no lines and exit 0 establishes no requirement verdicts (139.85995ms)
✔ explicit reporting with no lines and exit 1 establishes no requirement verdicts (160.519267ms)
✔ a reporter that cannot start keeps execution diagnostics without blaming requirements (76.908626ms)
✔ large output cannot kill a reporter or invent a requirement verdict (111.001336ms)
✔ explicit mode ignores cairn: R-999: pass (86.710069ms)
✔ explicit mode ignores cairn: R-001: unverified (110.322571ms)
✔ explicit mode ignores cairn: R-001: passed (96.097921ms)
✔ explicit results survive nonzero exit and contradictory duplicates still fail (175.694871ms)
✔ unverified results across changed inputs never become failed attempts (502.098083ms)
✔ legacy exit 0 retains its interpretation (86.425638ms)
✔ legacy exit 1 retains its interpretation (85.33745ms)
✔ a misspelled reporting mode is refused before execution (78.466466ms)
✔ changed requirement blocks unchecked reruns and makes the completion review stale (LOOP-058, LOOP-059) (626.372961ms)
✔ falsifier changes need review; separate rationale and other requirements do not change a receipt (401.843277ms)
✔ legacy receipts recover requirement identity from their commit; unavailable history requires review (364.185165ms)
✔ check refuses uncommitted requirement text and mechanism review markers (371.165182ms)
✔ tightened response limit cannot reuse the old passing check (535.639973ms)
✔ a declared input over 1 MiB agrees at a commit and in the tree (LOOP-060) (237.293589ms)
✔ a failed Git blob read cannot be hashed as an empty blob (202.059097ms)
✔ Git listings over 1 MiB include the last declared input (556.168537ms)
✔ requirement identity excludes fenced examples and status dates (263.368715ms)
✔ backlog writes the item; a second with the same title is refused, never overwritten (LOOP-016) (72.378014ms)
✔ a commit inside the footprint: check runs; outside it: check names the path and does not run (LOOP-035) (208.881406ms)
✔ a file under .cairn/ or docs/ is never a breach (181.73208ms)
✔ declaring the path as an input clears the breach (109.187164ms)
✔ a revert preserves the record of an out-of-scope commit (LOOP-047) (135.529227ms)
✔ a commitment naming a requirement the spec set does not hold as Agreed is repaired (LOOP-029) (37.628788ms)
✔ a requirement in a Draft spec file is not Agreed (36.0482ms)
✔ working agreements and the ignore file are Cairn records (LOOP-035, LOOP-036) (154.146617ms)
✔ the over-asking rule is gone from both skills (SPEC-005, SPEC-006) (1.378512ms)
✔ a decision during the phase is recorded (DEC-003) (0.139962ms)
✔ understanding is restated before writing (SPEC-003) (0.108642ms)
✔ falsifiers are proposed as one set and confirmed by exception (SPEC-004) (0.262133ms)
✔ depth is inferred and domains derived, never asked or imposed (SPEC-008, SPEC-009) (0.172433ms)
✔ a term enters the glossary at first occurrence (SPEC-010) (0.108208ms)
✔ the phase ends at the first commitment, and later ones are specified during the loop (SPEC-011, SPEC-012) (0.132438ms)
✔ a requirement goes Agreed only with a nameable mechanism (SPEC-013) (0.114382ms)
✔ review before agreement, recording what it attacked (SPEC-014, SPEC-015) (0.14258ms)
✔ no spec file without requirements; nothing Agreed without a falsifier (SPEC-001, SPEC-002) (0.186383ms)
✔ Observed is marked, and is not contract (SPEC-016, SPEC-017) (0.117775ms)
✔ the skills exclude artifacts outside Cairn's workflow (0.150358ms)
✔ the working agreement names the agent's move for each verdict and the write-ahead record (LOOP-036) (0.189491ms)
✔ the working agreement names the developer's moves (LOOP-036, DEC-014) (0.078404ms)
✔ this repository runs by the file it ships (0.409682ms)
✔ both skills write the working agreement without naming a vendor's file (LOOP-036, PKG-006) (0.11229ms)
✔ the working agreement says what an attempt is (LOOP-036, DEC-017, DEC-018) (0.084367ms)
✔ the working agreement says a failure no footprint change can address is an escalation, and where an inherited requirement is repaired (DEC-019, LOOP-057) (0.08626ms)
✔ a two-obligation sentence is named (PKG-007) (30.479339ms)
✔ an obligation with no actor is named (PKG-010) (19.481132ms)
✔ a leading condition clause is not the actor, and the actor after it counts (29.474171ms)
✔ an Agreed requirement with no falsifier is named (SPEC-002); a Draft one is not (58.533652ms)
✔ prose after a Draft requirement with no falsifier is not scanned as requirement text (19.207214ms)
✔ a spec declaring a prefix with no requirement is named (SPEC-001) (27.893904ms)
✔ a keyword in backticks or quotes is a mention, not an obligation (21.571687ms)
✔ this repository's own specification passes the lint (33.697588ms)
✔ duplicate identifiers are rejected within a file and across files (SPEC-020) (39.639928ms)
✔ references resolve across files; missing references name their source (SPEC-021) (52.623023ms)
✔ code examples and quoted mentions are neither definitions nor references (22.093043ms)
✔ machine-local paths are findings in prose, links, quotes, and examples (SPEC-019) (229.804425ms)
✔ relative paths, URLs, slash commands, and character mentions are not absolute path findings (23.05694ms)
✔ a slash after a placeholder continues the template (SPEC-019) (53.993854ms)
✔ a host path is a finding until the file declares it (SPEC-019, SPEC-024) (43.296077ms)
✔ declared host paths cover children with a slash boundary and stay file-local (65.360961ms)
✔ a host-path declaration inside a requirement or example grants no exception (73.234643ms)
✔ host-path declarations require absolute or home-relative entries (109.531013ms)
✔ supersede writes both lines, and the old record keeps every word it had (DEC-008, DEC-010) (46.468697ms)
✔ supersede without a cause, or with one outside the four, is refused (DEC-009) (66.078315ms)
✔ supersede of a record that does not exist is refused (43.964338ms)
✔ a predecessor with no title line cannot be stamped, so nothing is written (41.94504ms)
✔ reversals reports counts by decider, cause, and domain (DEC-011) (92.238137ms)
✔ decide in a domain with a reversal is refused without --history, naming the reversal; with it, the record carries History (DEC-012) (94.006126ms)
✔ decide in a domain with no reversals needs no --history (66.566212ms)
✔ a record resting on prose alone is in the domain unspecified, and so is the next one (62.238204ms)
✔ step 1: an in-progress record is reconciled before anything else (58.817364ms)
✔ step 2: an open escalation is presented and nothing else happens (50.022216ms)
✔ an answered escalation is not open (174.188992ms)
✔ step 3: a decision with no realized-by is built, first by name (51.39105ms)
✔ a superseded decision with no realized-by is not work (61.605447ms)
✔ step 6: a mechanism that has never run is run, not implemented (46.302727ms)
✔ step 6: a requirement whose mechanism fails is implemented (162.692756ms)
✔ step 6 before step 7: failing evidence outranks a missing mechanism (133.804855ms)
✔ step 7: a requirement with no mechanism is declared (49.519142ms)
✔ step 10: every requirement current and passing, review clean, is Done (157.968341ms)
✔ malformed roadmap is Resolvable, not fatal (33.71313ms)
✔ a commitment naming no requirements is Resolvable (35.020975ms)
✔ the primary test: two wakes on the same checkout give the same action (65.63858ms)
✔ outside a cairn repository wake cannot run (20.024866ms)
✔ the loop never waits on the review queue (DEC-015) (161.508038ms)
✔ the linked walkthrough runs from agreement through the next commitment (PKG-016) (521.311048ms)
ℹ tests 174
ℹ suites 0
ℹ pass 174
ℹ fail 0
ℹ cancelled 0
ℹ skipped 0
ℹ todo 0
ℹ duration_ms 4719.164733
