✔ a Draft block overrides an Agreed file for both wake and check (SPEC-018) (389.480968ms)
✔ an Agreed block overrides a Draft file in the kernel and lint (SPEC-018, SPEC-002) (779.681735ms)
✔ a block Status does not become the file default, including inside examples (SPEC-018) (430.104309ms)
✔ block status without a value does not inherit Agreed by accident (SPEC-018) (116.810988ms)
✔ inheritance needs a file Scope and includes only Agreed blocks, regardless of prefix (PKG-015) (2274.056091ms)
✔ Scope inside a requirement or fenced example does not declare inheritance (PKG-015) (904.372476ms)
✔ LOOP-063: reject input mutation during a check and retain diagnostics (706.492659ms)
✔ LOOP-063: reject deletion mutation during a check and retain diagnostics (523.635641ms)
✔ LOOP-063: reject addition mutation during a check and retain diagnostics (524.39225ms)
✔ LOOP-063: reject mode mutation during a check and retain diagnostics (521.658228ms)
✔ LOOP-063: reject specification mutation during a check and retain diagnostics (482.779053ms)
✔ LOOP-063: reject declaration mutation during a check and retain diagnostics (543.84658ms)
✔ LOOP-063: reject commit mutation during a check and retain diagnostics (424.809537ms)
✔ LOOP-063: committed input mutation during execution cannot certify the replacement (384.379202ms)
✔ LOOP-064: removing executable permission makes passing evidence stale (599.394918ms)
✔ LOOP-064: a mode-only change also invalidates the previous review after new evidence (749.84319ms)
✔ LOOP-064: changing a regular file into a link with identical identity bytes is stale (848.973156ms)
✔ LOOP-063: an unchanged candidate still records a pass despite unrelated working-tree edits (228.717174ms)
✔ LOOP-064: current and historical input ordering agrees for Unicode filenames (336.354175ms)
✔ LOOP-063: Git status hiding content changes cannot certify an uncommitted candidate (119.666361ms)
✔ LOOP-063: Git status hiding mode changes cannot certify an uncommitted candidate (114.498585ms)
✔ LOOP-066: one check owns execution with a kernel action record (729.066011ms)
✔ LOOP-066: one check owns execution with an agent action record (565.694166ms)
✔ LOOP-066: a live lock is named and never silently overwritten (202.391732ms)
✔ LOOP-066: a dead lock is named and never silently overwritten (161.790648ms)
✔ LOOP-066: a incomplete lock is named and never silently overwritten (162.46482ms)
✔ LOOP-066: an execution error releases the check lock for a corrected rerun (727.690928ms)
✔ LOOP-066: a live kernel action from an older Cairn also blocks execution (100.86317ms)
✔ LOOP-066: separate Git worktrees can run checks independently (709.684067ms)
✔ check refuses a dirty declared input and names it; a dirty undeclared file does not block (866.396025ms)
✔ check writes one record per requirement carrying the full receipt (556.074474ms)
✔ a nonzero exit records fail, and the receipt keeps the exit code (472.600585ms)
✔ two checks write two records; nothing is overwritten or deleted (1012.821921ms)
✔ a commit changing a declared input makes evidence stale; an undeclared one does not (890.132154ms)
✔ a regression is named before a requirement that never passed (1015.799694ms)
✔ three attempts with no escalation since: wake says escalate, not a fourth (DEC-016, DEC-017, DEC-018) (2123.981915ms)
✔ the review gate: no review, stale review, open finding, then Done (983.965376ms)
✔ Done is refused while any requirement lacks current passing evidence (95.599822ms)
✔ check names a requested requirement that no mechanism claims (104.032324ms)
✔ check writes and clears an in-progress record around the run (203.010795ms)
✔ a linked declared input digests the same at a commit and in the tree (LOOP-023, LOOP-024) (391.968345ms)
✔ a result line is the mechanism's statement about one requirement; what it did not mention is unverified (LOOP-037, LOOP-052) (194.166515ms)
✔ a mechanism that says nothing is read by its exit code for every requirement (LOOP-039) (213.507176ms)
✔ unverified is not an attempt, and a return to an earlier failed digest counts once (DEC-017, DEC-018) (1618.004818ms)
✔ a result line for a requirement the mechanism does not speak for is named and writes nothing (LOOP-038) (186.25005ms)
✔ a result line inside ordinary output, or without the marker, does not count (181.652883ms)
✔ a targeted check runs the named requirements' mechanisms and records every requirement they speak for (LOOP-040) (182.106756ms)
✔ two result lines for one requirement: a fail on any line wins (207.670035ms)
✔ three runs at one digest with no attempt since: the verdict stays implement and names DEC-019; an escalation naming it among others clears the hint (DEC-019, LOOP-053) (867.185787ms)
✔ a complete commitment with an unpromoted backlog item names promote, and a stamped item lets it reach Done (LOOP-087) (1294.321957ms)
✔ an empty backlog with a next-iteration item names an escalation recommending what to specify next; both empty is Done (LOOP-091) (1030.047605ms)
✔ a promotion marker must resolve to a decision record (LOOP-088) (332.982292ms)
✔ a commitment promoted from an item needs a decision record naming the item (LOOP-088) (313.415814ms)
✔ the spec lint reports a promotion marker with no decision record (LOOP-088) (115.868268ms)
✔ a promoted commitment that changes an Agreed requirement or the working agreement is an escalation; an unpromoted one is not (LOOP-089, LOOP-090) (1728.326645ms)
✔ a capture from one of the commitment's own requirements needs Outside because: or an escalation (LOOP-092) (1495.022826ms)
✔ a next-iteration item names what it would change, and the capture refuses one that does not (LOOP-093) (411.496321ms)
✔ writes a record with every required field and an empty realized-by (63.313776ms)
✔ a Consequential decision is queued for review (75.273396ms)
✔ a Consequential decision is queued even when .cairn/queue does not exist yet (98.404936ms)
✔ Routine is refused: routine decisions produce no record (46.60536ms)
✔ a missing field is a usage error and nothing is written (75.558115ms)
✔ supersedes requires a classified cause, and the old record must exist (190.669306ms)
✔ an existing record is not overwritten (101.923438ms)
✔ a queued decision stays queued; nothing but the developer removes it (DEC-014) (123.342991ms)
✔ LOOP-067: missing inputs names a declaration repair before execution (191.697235ms)
✔ LOOP-067: empty inputs names a declaration repair before execution (212.717683ms)
✔ LOOP-067: missing command names a declaration repair before execution (164.865742ms)
✔ LOOP-067: list command names a declaration repair before execution (190.027831ms)
✔ LOOP-067: empty command names a declaration repair before execution (180.505525ms)
✔ LOOP-067: missing requirements names a declaration repair before execution (236.206303ms)
✔ LOOP-067: bad identifier names a declaration repair before execution (208.37959ms)
✔ LOOP-067: scalar one-item lists retain their existing meaning (466.42194ms)
✔ LOOP-068: a unpopulated gitlink is refused by name (186.794585ms)
✔ LOOP-068: a populated gitlink is refused by name (289.007316ms)
✔ LOOP-069: identical selections across 100 mechanisms use at most 20 Git processes (214.286409ms)
✔ escalate writes the six-line format followed by its facts, and wake presents it (268.190092ms)
✔ a missing or multi-line field is refused with the field named, and nothing is written (215.92026ms)
✔ a Blocking escalation that fails the format is written anyway, naming the malformed field (LOOP-014) (197.159387ms)
✔ a --level other than Blocking is refused rather than silently losing the bypass (76.166854ms)
✔ a second escalation while one is open is refused (LOOP-011) (212.274646ms)
✔ answer records the reply; wake no longer presents it; a second answer is refused (328.480068ms)
✔ answer to an unknown escalation is refused (71.40611ms)
✔ a stranger resumes from the file alone: question and answer are both in it (LOOP-013) (162.941454ms)
✔ after an answer, the same concern can be escalated again under a new name (229.308471ms)
✔ an escalation exists when its file does, committed or not (LOOP-009) (90.245105ms)
✔ developer answers require one of the three forms and cannot inject fields (LOOP-048) (728.129639ms)
✔ ask, agent explanation, another ask, and ok stay ordered in one file (LOOP-049, LOOP-050, LOOP-014) (896.522949ms)
✔ fresh closed answers accompany only concerned requirements until new evidence (LOOP-051) (853.534184ms)
✔ LOOP-065: delete of output refuses Done and a new run recovers (1873.093692ms)
✔ LOOP-065: corrupt of output refuses Done and a new run recovers (1599.962558ms)
✔ LOOP-065: delete of stderr_output refuses Done and a new run recovers (1177.9053ms)
✔ LOOP-065: corrupt of stderr_output refuses Done and a new run recovers (847.865345ms)
✔ LOOP-065: a receipt without output needs a new check (444.48961ms)
✔ LOOP-065: a receipt without output_digest needs a new check (474.779867ms)
✔ LOOP-065: a receipt without stderr_output needs a new check (446.151697ms)
✔ LOOP-065: a receipt without stderr_digest needs a new check (407.980433ms)
✔ LOOP-065: legacy unverifiable output is rerun without rewriting history (719.760321ms)
✔ LOOP-070: a later failure is latest even when the clock moves backward (1593.616656ms)
✔ LOOP-070: receipt collisions at one clock instant retain execution order beyond nine suffixes (3882.493398ms)
✔ LOOP-070: imported branch receipts stale a later sequence until a new check incorporates them (1141.743311ms)
✔ LOOP-070: legacy receipts need one ordered check and remain byte-for-byte unchanged (529.546614ms)
✔ LOOP-070: edit of a prior receipt requires fresh evidence (502.778246ms)
✔ LOOP-070: remove of a prior receipt requires fresh evidence (494.514232ms)
✔ LOOP-075: supporting evidence file README.md does not become a receipt (497.648361ms)
✔ LOOP-075: supporting evidence file notes.txt does not become a receipt (497.586013ms)
✔ LOOP-075: supporting evidence file support does not become a receipt (521.504804ms)
✔ LOOP-075: supporting evidence file .DS_Store does not become a receipt (520.763732ms)
✔ LOOP-075: malformed receipt requirement=R-999 names a repair before execution (360.607847ms)
✔ LOOP-075: malformed receipt result=success names a repair before execution (332.640036ms)
✔ LOOP-075: malformed receipt sequence=NaN names a repair before execution (347.434659ms)
✔ LOOP-075: malformed receipt sequence=9007199254740992 names a repair before execution (365.286348ms)
✔ LOOP-075: malformed receipt sequence=
  - 1 names a repair before execution (331.015793ms)
✔ LOOP-075: malformed receipt history_digest=wrong names a repair before execution (335.456458ms)
✔ LOOP-075: a receipt-shaped directory is a named repair instead of an EISDIR crash (281.852784ms)
✔ LOOP-070: an earlier escalation cannot cover three new attempts after clock rollback (983.700652ms)
✔ LOOP-070: an answer becomes old after a later check even if that check's timestamp is earlier (586.110007ms)
✔ LOOP-070: the newest answer wins between checks even when its clock timestamp is older (377.054617ms)
✔ LOOP-070: legacy escalation dates cover old receipts but not three newer sequenced runs (1276.96016ms)
✔ a PKG requirement the commitment does not name is declared, run, and gates Done (PKG-011) (2584.655936ms)
✔ a PKG requirement in a Draft spec is not folded in (713.245063ms)
✔ LOOP-076/079: stale inputs identify the receipt and the check to run (1163.422639ms)
✔ LOOP-077: names a content change using checked input identity (938.373002ms)
✔ LOOP-077: names a mode change using checked input identity (972.196517ms)
✔ LOOP-077: names a kind change using checked input identity (756.311857ms)
✔ LOOP-077: names a added change using checked input identity (632.541626ms)
✔ LOOP-077: names a removed change using checked input identity (521.910549ms)
✔ LOOP-077: names a link-target change using checked input identity (735.961453ms)
✔ LOOP-077: changed selection compares the old and new input sets (477.053784ms)
✔ LOOP-077: raw CRLF changes remain visible when Git-clean content agrees (450.984613ms)
✔ LOOP-077: detail output is sorted, bounded, and reports the omitted count (452.879664ms)
✔ LOOP-077: filenames cannot inject lines or terminal controls into explanations (430.144746ms)
✔ LOOP-077: receipts from one run share details and do not store source contents (306.079028ms)
✔ LOOP-078/080: legacy optional detail limits explanation without changing standing (487.910603ms)
✔ LOOP-078/080: invalid-field optional detail limits explanation without changing standing (468.52619ms)
✔ LOOP-078/080: missing optional detail limits explanation without changing standing (512.495186ms)
✔ LOOP-078/080: invalid-json optional detail limits explanation without changing standing (517.423316ms)
✔ LOOP-078/080: mismatched optional detail limits explanation without changing standing (456.210176ms)
✔ LOOP-078/080: duplicate optional detail limits explanation without changing standing (505.332169ms)
✔ LOOP-078/080: unsafe-path optional detail limits explanation without changing standing (473.598046ms)
✔ LOOP-078/080: directory optional detail limits explanation without changing standing (485.381229ms)
✔ LOOP-078/080: symlink optional detail limits explanation without changing standing (479.643564ms)
✔ LOOP-078: unavailable old requirement text is not claimed as a proven change (381.182668ms)
✔ LOOP-076/079: changed requirements identify evidence and retain review-before-check guidance (370.742933ms)
✔ LOOP-078: simultaneous input and output damage keep both reasons (388.633202ms)
✔ LOOP-080: deterministic freshness sequence seed=7 (9725.918469ms)
✔ LOOP-080: deterministic freshness sequence seed=42 (5822.053958ms)
✔ LOOP-080: deterministic freshness sequence seed=913 (5011.385142ms)
✔ LOOP-080: agreement changes, mechanism review, checks, and completion review retain priority (1268.587731ms)
✔ LOOP-080: imported receipt history demands a rerun without a false input explanation (1369.963955ms)
✔ LOOP-073: clean CRLF input completes under attributes (929.652182ms)
✔ LOOP-073: clean CRLF input completes under autocrlf (719.816306ms)
✔ LOOP-073: raw line-ending mutation during a run is rejected even when Git still sees the same content (318.240817ms)
✔ LOOP-073: execution evidence changes when clean conversion preserves committed identity (1386.91391ms)
✔ LOOP-073: Git clean filters use Git's conversion while retaining raw evidence identity (561.039806ms)
✔ LOOP-073: failure of a required Git filter cannot record evidence (142.916593ms)
✔ LOOP-073: a clean filter moving HEAD during ending validation prevents evidence (498.222575ms)
✔ LOOP-073: canonical Git identities handle links without reading their targets (413.490593ms)
✔ LOOP-073: Git conversion keeps raw Unicode and control-character input paths (356.168283ms)
✔ LOOP-073: conversion and links work in a SHA-256 Git repository (371.44569ms)
✔ LOOP-074: historical specification filename "café.md" remains reviewable (382.905504ms)
✔ LOOP-074: historical specification filename "spec\ttab.md" remains reviewable (349.925058ms)
✔ LOOP-074: historical specification filename "spec\nline.md" remains reviewable (373.453416ms)
✔ help works outside a repository without running a command (PKG-017) (1375.539172ms)
✔ help does not hide invalid options or consume literal arguments (215.616305ms)
✔ the script links cairn and the skills, and the linked cairn runs (PKG-014, PKG-005) (377.323812ms)
✔ a link owned by another package is kept; --force replaces it; --unlink removes ours and leaves a stranger's (314.52152ms)
✔ --force never replaces a real directory (127.273137ms)
✔ three megabytes are retained exactly once with matching digests (LOOP-041, LOOP-042) (471.42158ms)
✔ split stdout result lines survive a long non-result line; stderr is never a verdict (682.350885ms)
✔ signal termination is recorded and logs survive a clone (LOOP-043) (471.554989ms)
✔ working agreements and ignore changes are Cairn records inside the footprint (556.448681ms)
✔ a clean package passes (135.271295ms)
✔ PKG-001: a dependency, or a service manifest (215.356059ms)
✔ PKG-002: ignoring evidence or other durable state (86.254494ms)
✔ PKG-003: a command, a directory, or a record kind no decision names (305.910664ms)
✔ PKG-004: a kernel over 1500 lines (79.580498ms)
✔ PKG-006: a skill step naming a vendor's product (97.653385ms)
✔ PKG-008: a non-ASCII character in a tracked text file (84.472799ms)
✔ PKG-009: the kernel importing from tests (72.978827ms)
✔ PKG-012: a network call or a model vendor in the kernel (172.310786ms)
✔ PKG-013: deferral language, but not in code, quotes, or a rule (157.432144ms)
✔ this repository passes the package lint (169.030092ms)
✔ a tracked path deleted from the working tree is skipped, not a crash (127.797685ms)
✔ a sentence in a Formats section is not a record kind (89.445979ms)
✔ a record kind named by its path alone is checked (103.008178ms)
✔ PKG-002: a tracked in-progress record (104.280415ms)
✔ PKG-002: ignoring evidence alone is a finding (130.661289ms)
✔ LOOP-071: decision body metadata does not resolve unbuilt work: "Superseded by: example" (930.521947ms)
✔ LOOP-071: decision body metadata does not resolve unbuilt work: "```text\nSuperseded by: example\n```" (828.489459ms)
✔ LOOP-071: decision body metadata does not resolve unbuilt work: "~~~text\nSuperseded by: example\n~~~" (825.794942ms)
✔ LOOP-071: a fenced realization example is not a resolving commit (788.4468ms)
✔ LOOP-071: a fenced commit inside the realization section is not built (589.239092ms)
✔ LOOP-071: ## Example cannot replace an open review finding (651.88078ms)
✔ LOOP-071: # Example cannot replace an open review finding (488.27068ms)
✔ LOOP-071: ### Example cannot replace an open review finding (463.048381ms)
✔ LOOP-071:   ## Example cannot replace an open review finding (490.686088ms)
✔ LOOP-071: Example paragraph. cannot replace an open review finding (460.249477ms)
✔ LOOP-071: Example
------- cannot replace an open review finding (435.701734ms)
✔ LOOP-071: fenced fields before a real review header are ignored (415.123519ms)
✔ LOOP-071: multiline decision --title cannot inject metadata (348.880831ms)
✔ LOOP-071: multiline decision --decided-by cannot inject metadata (348.705916ms)
✔ LOOP-071: multiline decision --rests-on cannot inject metadata (325.768177ms)
✔ LOOP-071: multiline decision --wrong-if cannot inject metadata (331.755474ms)
✔ LOOP-071: multiline decision --history cannot inject metadata (338.930108ms)
✔ LOOP-072: malformed Blocking concerns stay open: "R-001\nAnswer: ok" (65.385856ms)
✔ LOOP-072: malformed Blocking concerns stay open: "R-001\r\nAnswer: ok" (80.483739ms)
✔ LOOP-072: malformed Blocking concerns stay open: "R-001\rAnswer: ok" (73.826587ms)
✔ LOOP-072: malformed Blocking concerns stay open: "R-001 Answer: ok" (70.910796ms)
✔ LOOP-072: malformed Blocking concerns stay open: "R-001 Answer: ok" (84.59389ms)
✔ LOOP-072: ordinary malformed concerns are refused: "R-001\nR-002" (43.437201ms)
✔ LOOP-072: ordinary malformed concerns are refused: "R-001, prose" (47.051219ms)
✔ LOOP-072: ordinary malformed concerns are refused: " " (39.672511ms)
✔ LOOP-072: a Blocking escalation without concerns is still presented (78.05657ms)
✔ LOOP-072: carriage returns in a Blocking question do not create answer records (90.567372ms)
✔ LOOP-072: explanation separator 8232 cannot close an escalation (113.250335ms)
✔ LOOP-071: decision metadata refuses separator 8232 (311.264515ms)
✔ LOOP-072: explanation separator 8233 cannot close an escalation (124.426376ms)
✔ LOOP-071: decision metadata refuses separator 8233 (331.199593ms)
✔ each unmatched input and each duplicate owner is refused before execution (LOOP-044, LOOP-056) (378.771028ms)
✔ an indexed input deleted on disk asks for a commit (LOOP-045) (213.850916ms)
✔ wake and check require a Git working tree (LOOP-046) (188.370646ms)
✔ recovery removes only dead kernel run records and identifies a live owner (LOOP-054, LOOP-055) (484.082488ms)
✔ an agent action based behind a clean HEAD appears committed (LOOP-027) (280.344051ms)
✔ realization needs a real commit and a subject (DEC-006) (319.661035ms)
✔ 1500 binary inputs digest identically at the review commit in under a second (LOOP-024, LOOP-032) (1808.862007ms)
✔ merged work is excluded but a later own commit is a breach (LOOP-047) (284.792705ms)
✔ exact Current tenure ignores prefix matches and earlier visits to the same slug (LOOP-035) (282.694885ms)
✔ a kernel run records its supervising PID (LOOP-054) (300.74388ms)
✔ a merged declared input still stales evidence (LOOP-047) (386.772082ms)
✔ wildcard and magic pathspecs select the same historical inputs (LOOP-024, LOOP-032) (2067.45625ms)
✔ historical selection retains deleted files and excludes new ones (LOOP-024, LOOP-035) (1227.177465ms)
✔ explicit reporting with no lines and exit 0 establishes no requirement verdicts (595.714908ms)
✔ explicit reporting with no lines and exit 1 establishes no requirement verdicts (617.610295ms)
✔ a reporter that cannot start keeps execution diagnostics without blaming requirements (431.709356ms)
✔ large output cannot kill a reporter or invent a requirement verdict (502.087163ms)
✔ explicit mode ignores cairn: R-999: pass (417.097669ms)
✔ explicit mode ignores cairn: R-001: unverified (502.986032ms)
✔ explicit mode ignores cairn: R-001: passed (343.872882ms)
✔ explicit results survive nonzero exit and contradictory duplicates still fail (668.526961ms)
✔ unverified results across changed inputs never become failed attempts (1418.363463ms)
✔ legacy exit 0 retains its interpretation (218.889924ms)
✔ legacy exit 1 retains its interpretation (231.952234ms)
✔ a misspelled reporting mode is refused before execution (106.911775ms)
✔ changed requirement blocks unchecked reruns and makes the completion review stale (LOOP-058, LOOP-059) (2475.980452ms)
✔ falsifier changes need review; separate rationale and other requirements do not change a receipt (1486.597525ms)
✔ legacy receipts recover requirement identity from their commit; unavailable history requires review (991.364116ms)
✔ check refuses uncommitted requirement text and mechanism review markers (734.975295ms)
✔ tightened response limit cannot reuse the old passing check (1326.209002ms)
✔ a declared input over 1 MiB agrees at a commit and in the tree (LOOP-060) (444.121684ms)
✔ a failed Git blob read cannot be hashed as an empty blob (405.912544ms)
✔ Git listings over 1 MiB include the last declared input (2230.030099ms)
✔ requirement identity excludes fenced examples and status dates (466.157373ms)
✔ DemonCoder REM-002 and Status in progress cannot silently satisfy the review gate (LOOP-086) (1293.28162ms)
✔ valid open findings retain their behavior (683.067258ms)
✔ valid resolved findings retain their behavior (795.634183ms)
✔ valid empty findings retain their behavior (678.591354ms)
✔ valid mixed valid findings retain their behavior (500.254569ms)
✔ malformed finding "open:" requires repair (488.254604ms)
✔ malformed finding "resolved:   " requires repair (401.669713ms)
✔ malformed finding "Open: incorrect case" requires repair (355.480753ms)
✔ malformed finding "unknown: issue" requires repair (338.16128ms)
✔ malformed finding "\u001b[31mBAD: issue" requires repair (343.914041ms)
✔ the established explicit empty findings list remains valid (361.614857ms)
✔ a scalar findings value requires the supported list format (328.780379ms)
✔ empty footprint names declaration before scope and records no evidence (LOOP-081) (967.528135ms)
✔ first declaration still checks the full earlier history (LOOP-081) (470.1528ms)
✔ an empty current footprint does not block an explicitly requested existing mechanism (LOOP-081) (365.572831ms)
✔ an inherited mechanism provides a footprint even before local mechanisms exist (296.925054ms)
✔ scope reports every path, escapes line breaks, and gives identical remedies (LOOP-082) (308.234277ms)
✔ scope verdict reuses the answered-escalation annotation (LOOP-048, LOOP-051, LOOP-083) (715.335226ms)
✔ a committed scope acknowledgment lets restored history proceed (LOOP-083) (793.344771ms)
✔ scope acknowledgment must be committed before it can clear a breach (748.209359ms)
✔ ordinary ok does not acknowledge scope history (276.18772ms)
✔ scope escalation refuses unrestored paths and names the restoration remedy (235.61211ms)
✔ an invalid scope request still records an explicitly Blocking decision (123.875829ms)
✔ ask and explanation stay open; only the final committed ok acknowledges scope (660.222819ms)
✔ instead is visible but does not silently authorize a scope exception (370.161926ms)
✔ later changes to an acknowledged path still block, including later reverts (1084.284175ms)
✔ approval cannot hide another path changed after the snapshot (338.835131ms)
✔ acknowledged history remains conditional on the paths staying restored (542.933633ms)
✔ editing the scope snapshot after answer invalidates its acknowledgment (265.762108ms)
✔ malformed scope metadata cannot suppress a breach (1318.33765ms)
✔ damaged acknowledgment fields cannot suppress a breach (523.947768ms)
✔ scope path matching is literal, including wildcard filenames and control characters (472.112154ms)
✔ scope acknowledgment does not carry into another activation of the same slug (272.997455ms)
✔ restoration checks additions, deletions, executable modes, and symlink kinds (1365.023313ms)
✔ explicit committed retention keeps correct work and requires new evidence and review (LOOP-084, LOOP-085) (2877.168965ms)
✔ a missing declaration covers correct earlier work without retention or revert (611.897535ms)
✔ keep requires scope and an unchanged committed candidate (169.082122ms)
✔ uncommitted retention and instead answers cannot clear the incident (1150.020607ms)
✔ retention does not grant future edits, even when reverted to the approved tree (1278.332328ms)
✔ retention cannot cover another path or another activation (561.666192ms)
✔ imported changes must still match the retained tree (576.265267ms)
✔ retention handles additions, deletions, modes, symlinks, and literal filenames (1925.75497ms)
✔ retention cannot convert an existing restoration answer or accept an unknown mode (402.905208ms)
✔ a check failure after retention remains a failure (670.080277ms)
✔ retained paths stay part of the stable checked candidate without extending its footprint (533.266079ms)
✔ retention ask needs an explanation and final committed approval (511.648825ms)
✔ an unknown scope mode remains invalid even with a matching approval digest (250.178908ms)
✔ backlog writes the item; a second with the same title is refused, never overwritten (LOOP-016) (179.982099ms)
✔ a commit inside the footprint: check runs; outside it: check names the path and does not run (LOOP-035) (832.701699ms)
✔ a file under .cairn/ or docs/ is never a breach (700.337818ms)
✔ declaring the path as an input clears the breach (368.207753ms)
✔ a revert preserves the record of an out-of-scope commit (LOOP-047) (362.970311ms)
✔ a commitment naming a requirement the spec set does not hold as Agreed is repaired (LOOP-029) (119.113926ms)
✔ a requirement in a Draft spec file is not Agreed (101.440116ms)
✔ working agreements and the ignore file are Cairn records (LOOP-035, LOOP-036) (651.676021ms)
✔ the over-asking rule is gone from both skills (SPEC-005, SPEC-006) (1.565875ms)
✔ a decision during the phase is recorded (DEC-003) (0.141765ms)
✔ understanding is restated before writing (SPEC-003) (0.105098ms)
✔ falsifiers are proposed as one set and confirmed by exception (SPEC-004) (0.659704ms)
✔ depth is inferred and domains derived, never asked or imposed (SPEC-008, SPEC-009) (0.154798ms)
✔ a term enters the glossary at first occurrence (SPEC-010) (0.138855ms)
✔ the phase ends at the first commitment, and later ones are specified during the loop (SPEC-011, SPEC-012) (0.347703ms)
✔ a requirement goes Agreed only with a nameable mechanism (SPEC-013) (0.123657ms)
✔ review before agreement, recording what it attacked (SPEC-014, SPEC-015) (0.261197ms)
✔ no spec file without requirements; nothing Agreed without a falsifier (SPEC-001, SPEC-002) (0.357084ms)
✔ Observed is marked, and is not contract (SPEC-016, SPEC-017) (0.195056ms)
✔ the skills exclude artifacts outside Cairn's workflow (0.190444ms)
✔ the working agreement names the agent's move for each verdict and the write-ahead record (LOOP-036) (0.296901ms)
✔ the working agreement names the developer's moves (LOOP-036, DEC-014) (0.121793ms)
✔ this repository runs by the file it ships (0.548094ms)
✔ both skills write the working agreement without naming a vendor's file (LOOP-036, PKG-006) (0.259158ms)
✔ the working agreement says what an attempt is (LOOP-036, DEC-017, DEC-018) (0.083493ms)
✔ the working agreement says a failure no footprint change can address is an escalation, and where an inherited requirement is repaired (DEC-019, LOOP-057) (0.244538ms)
✔ the working agreement states the promote, next-iteration, and no-deferral moves (LOOP-029, LOOP-087, LOOP-091, LOOP-092) (0.092988ms)
✔ a two-obligation sentence is named (PKG-007) (46.41845ms)
✔ an obligation with no actor is named (PKG-010) (43.77475ms)
✔ a leading condition clause is not the actor, and the actor after it counts (45.217209ms)
✔ an Agreed requirement with no falsifier is named (SPEC-002); a Draft one is not (200.447383ms)
✔ prose after a Draft requirement with no falsifier is not scanned as requirement text (108.769216ms)
✔ a spec declaring a prefix with no requirement is named (SPEC-001) (57.128213ms)
✔ a keyword in backticks or quotes is a mention, not an obligation (77.896284ms)
✔ this repository's own specification passes the lint (146.154592ms)
✔ duplicate identifiers are rejected within a file and across files (SPEC-020) (106.331085ms)
✔ references resolve across files; missing references name their source (SPEC-021) (93.834977ms)
✔ code examples and quoted mentions are neither definitions nor references (90.569124ms)
✔ machine-local paths are findings in prose, links, quotes, and examples (SPEC-019) (477.631667ms)
✔ relative paths, URLs, slash commands, and character mentions are not absolute path findings (44.070417ms)
✔ a slash after a placeholder continues the template (SPEC-019) (128.481224ms)
✔ a host path is a finding until the file declares it (SPEC-019, SPEC-024) (86.191205ms)
✔ declared host paths cover children with a slash boundary and stay file-local (153.036035ms)
✔ a host-path declaration inside a requirement or example grants no exception (145.268058ms)
✔ host-path declarations require absolute or home-relative entries (203.776235ms)
✔ supersede writes both lines, and the old record keeps every word it had (DEC-008, DEC-010) (89.887479ms)
✔ supersede without a cause, or with one outside the four, is refused (DEC-009) (158.583628ms)
✔ supersede of a record that does not exist is refused (73.760127ms)
✔ a predecessor with no title line cannot be stamped, so nothing is written (82.960205ms)
✔ reversals reports counts by decider, cause, and domain (DEC-011) (204.536567ms)
✔ decide in a domain with a reversal is refused without --history, naming the reversal; with it, the record carries History (DEC-012) (184.111425ms)
✔ decide in a domain with no reversals needs no --history (141.637296ms)
✔ a record resting on prose alone is in the domain unspecified, and so is the next one (184.077137ms)
✔ step 1: an in-progress record is reconciled before anything else (94.364715ms)
✔ step 2: an open escalation is presented and nothing else happens (80.666032ms)
✔ an answered escalation is not open (931.631114ms)
✔ step 3: a decision with no realized-by is built, first by name (114.583559ms)
✔ a superseded decision with no realized-by is not work (212.246908ms)
✔ step 6: a mechanism that has never run is run, not implemented (171.04137ms)
✔ step 6: a requirement whose mechanism fails is implemented (852.047835ms)
✔ step 6 before step 7: failing evidence outranks a missing mechanism (648.745949ms)
✔ step 7: a requirement with no mechanism is declared (112.573916ms)
✔ step 10: every requirement current and passing, review clean, is Done (498.131841ms)
✔ malformed roadmap is Resolvable, not fatal (66.473686ms)
✔ a commitment naming no requirements is Resolvable (86.512143ms)
✔ the primary test: two wakes on the same checkout give the same action (124.045968ms)
✔ outside a cairn repository wake cannot run (40.504508ms)
✔ the loop never waits on the review queue (DEC-015) (486.912029ms)
✔ the linked walkthrough runs from agreement through the next commitment (PKG-016) (2032.23331ms)
ℹ tests 369
ℹ suites 0
ℹ pass 369
ℹ fail 0
ℹ cancelled 0
ℹ skipped 0
ℹ todo 0
ℹ duration_ms 23320.893087
