✔ a Draft block overrides an Agreed file for both wake and check (SPEC-018) (160.493498ms)
✔ an Agreed block overrides a Draft file in the kernel and lint (SPEC-018, SPEC-002) (450.653036ms)
✔ a block Status does not become the file default, including inside examples (SPEC-018) (278.724822ms)
✔ block status without a value does not inherit Agreed by accident (SPEC-018) (70.00707ms)
✔ inheritance needs a file Scope and includes only Agreed blocks, regardless of prefix (PKG-015) (1264.681246ms)
✔ Scope inside a requirement or fenced example does not declare inheritance (PKG-015) (574.351721ms)
✔ LOOP-063: reject input mutation during a check and retain diagnostics (325.952891ms)
✔ LOOP-063: reject deletion mutation during a check and retain diagnostics (289.29901ms)
✔ LOOP-063: reject addition mutation during a check and retain diagnostics (288.165154ms)
✔ LOOP-063: reject mode mutation during a check and retain diagnostics (297.844972ms)
✔ LOOP-063: reject specification mutation during a check and retain diagnostics (282.840864ms)
✔ LOOP-063: reject declaration mutation during a check and retain diagnostics (268.259004ms)
✔ LOOP-063: reject commit mutation during a check and retain diagnostics (273.125826ms)
✔ LOOP-063: committed input mutation during execution cannot certify the replacement (257.462234ms)
✔ LOOP-064: removing executable permission makes passing evidence stale (369.543748ms)
✔ LOOP-064: a mode-only change also invalidates the previous review after new evidence (565.398557ms)
✔ LOOP-064: changing a regular file into a link with identical identity bytes is stale (655.40964ms)
✔ LOOP-063: an unchanged candidate still records a pass despite unrelated working-tree edits (187.728357ms)
✔ LOOP-064: current and historical input ordering agrees for Unicode filenames (282.32542ms)
✔ LOOP-063: Git status hiding content changes cannot certify an uncommitted candidate (107.08815ms)
✔ LOOP-063: Git status hiding mode changes cannot certify an uncommitted candidate (96.175412ms)
✔ LOOP-066: one check owns execution with a kernel action record (392.114292ms)
✔ LOOP-066: one check owns execution with an agent action record (319.334895ms)
✔ LOOP-066: a live lock is named and never silently overwritten (103.452585ms)
✔ LOOP-066: a dead lock is named and never silently overwritten (105.948959ms)
✔ LOOP-066: a incomplete lock is named and never silently overwritten (103.523955ms)
✔ LOOP-066: an execution error releases the check lock for a corrected rerun (367.142438ms)
✔ LOOP-066: a live kernel action from an older Cairn also blocks execution (64.83359ms)
✔ LOOP-066: separate Git worktrees can run checks independently (338.72571ms)
✔ check refuses a dirty declared input and names it; a dirty undeclared file does not block (377.805214ms)
✔ check writes one record per requirement carrying the full receipt (240.707504ms)
✔ a nonzero exit records fail, and the receipt keeps the exit code (252.181229ms)
✔ two checks write two records; nothing is overwritten or deleted (465.438683ms)
✔ a commit changing a declared input makes evidence stale; an undeclared one does not (548.336539ms)
✔ a regression is named before a requirement that never passed (670.456055ms)
✔ three attempts with no escalation since: wake says escalate, not a fourth (DEC-016, DEC-017, DEC-018) (1650.761169ms)
✔ the review gate: no review, stale review, open finding, then Done (859.440056ms)
✔ Done is refused while any requirement lacks current passing evidence (68.837911ms)
✔ check names a requested requirement that no mechanism claims (103.286295ms)
✔ check writes and clears an in-progress record around the run (172.648289ms)
✔ a linked declared input digests the same at a commit and in the tree (LOOP-023, LOOP-024) (341.100904ms)
✔ a result line is the mechanism's statement about one requirement; what it did not mention is unverified (LOOP-037, LOOP-052) (163.996833ms)
✔ a mechanism that says nothing is read by its exit code for every requirement (LOOP-039) (173.175818ms)
✔ unverified is not an attempt, and a return to an earlier failed digest counts once (DEC-017, DEC-018) (1462.577214ms)
✔ a result line for a requirement the mechanism does not speak for is named and writes nothing (LOOP-038) (159.737527ms)
✔ a result line inside ordinary output, or without the marker, does not count (158.071ms)
✔ a targeted check runs the named requirements' mechanisms and records every requirement they speak for (LOOP-040) (165.175466ms)
✔ two result lines for one requirement: a fail on any line wins (184.15347ms)
✔ three runs at one digest with no attempt since: the verdict stays implement and names DEC-019; an escalation naming it among others clears the hint (DEC-019, LOOP-053) (788.267427ms)
✔ writes a record with every required field and an empty realized-by (40.382317ms)
✔ a Consequential decision is queued for review (49.813205ms)
✔ a Consequential decision is queued even when .cairn/queue does not exist yet (48.151715ms)
✔ Routine is refused: routine decisions produce no record (50.618773ms)
✔ a missing field is a usage error and nothing is written (39.17034ms)
✔ supersedes requires a classified cause, and the old record must exist (119.123945ms)
✔ an existing record is not overwritten (83.493568ms)
✔ a queued decision stays queued; nothing but the developer removes it (DEC-014) (79.746724ms)
✔ LOOP-067: missing inputs names a declaration repair before execution (152.777877ms)
✔ LOOP-067: empty inputs names a declaration repair before execution (108.498696ms)
✔ LOOP-067: missing command names a declaration repair before execution (113.999736ms)
✔ LOOP-067: list command names a declaration repair before execution (122.498502ms)
✔ LOOP-067: empty command names a declaration repair before execution (106.626941ms)
✔ LOOP-067: missing requirements names a declaration repair before execution (111.348159ms)
✔ LOOP-067: bad identifier names a declaration repair before execution (115.697227ms)
✔ LOOP-067: scalar one-item lists retain their existing meaning (246.308359ms)
✔ LOOP-068: a unpopulated gitlink is refused by name (131.718071ms)
✔ LOOP-068: a populated gitlink is refused by name (134.656919ms)
✔ LOOP-069: identical selections across 100 mechanisms use at most 20 Git processes (117.46ms)
✔ escalate writes the six-line format followed by its facts, and wake presents it (131.325983ms)
✔ a missing or multi-line field is refused with the field named, and nothing is written (95.245279ms)
✔ a Blocking escalation that fails the format is written anyway, naming the malformed field (LOOP-014) (103.90253ms)
✔ a --level other than Blocking is refused rather than silently losing the bypass (54.124947ms)
✔ a second escalation while one is open is refused (LOOP-011) (88.628918ms)
✔ answer records the reply; wake no longer presents it; a second answer is refused (204.435977ms)
✔ answer to an unknown escalation is refused (60.546194ms)
✔ a stranger resumes from the file alone: question and answer are both in it (LOOP-013) (95.73011ms)
✔ after an answer, the same concern can be escalated again under a new name (136.956321ms)
✔ an escalation exists when its file does, committed or not (LOOP-009) (66.88071ms)
✔ developer answers require one of the three forms and cannot inject fields (LOOP-048) (440.94134ms)
✔ ask, agent explanation, another ask, and ok stay ordered in one file (LOOP-049, LOOP-050, LOOP-014) (568.084106ms)
✔ fresh closed answers accompany only concerned requirements until new evidence (LOOP-051) (532.627035ms)
✔ LOOP-065: delete of output refuses Done and a new run recovers (848.095914ms)
✔ LOOP-065: corrupt of output refuses Done and a new run recovers (797.331453ms)
✔ LOOP-065: delete of stderr_output refuses Done and a new run recovers (714.141025ms)
✔ LOOP-065: corrupt of stderr_output refuses Done and a new run recovers (628.754652ms)
✔ LOOP-065: a receipt without output needs a new check (358.317476ms)
✔ LOOP-065: a receipt without output_digest needs a new check (360.534632ms)
✔ LOOP-065: a receipt without stderr_output needs a new check (359.603123ms)
✔ LOOP-065: a receipt without stderr_digest needs a new check (364.946182ms)
✔ LOOP-065: legacy unverifiable output is rerun without rewriting history (646.186215ms)
✔ LOOP-070: a later failure is latest even when the clock moves backward (733.380968ms)
✔ LOOP-070: receipt collisions at one clock instant retain execution order beyond nine suffixes (2417.605995ms)
✔ LOOP-070: imported branch receipts stale a later sequence until a new check incorporates them (910.047337ms)
✔ LOOP-070: legacy receipts need one ordered check and remain byte-for-byte unchanged (434.852223ms)
✔ LOOP-070: edit of a prior receipt requires fresh evidence (443.24604ms)
✔ LOOP-070: remove of a prior receipt requires fresh evidence (444.134092ms)
✔ LOOP-075: supporting evidence file README.md does not become a receipt (458.092069ms)
✔ LOOP-075: supporting evidence file notes.txt does not become a receipt (429.620243ms)
✔ LOOP-075: supporting evidence file support does not become a receipt (447.122355ms)
✔ LOOP-075: supporting evidence file .DS_Store does not become a receipt (442.118704ms)
✔ LOOP-075: malformed receipt requirement=R-999 names a repair before execution (306.223136ms)
✔ LOOP-075: malformed receipt result=success names a repair before execution (307.991991ms)
✔ LOOP-075: malformed receipt sequence=NaN names a repair before execution (300.268209ms)
✔ LOOP-075: malformed receipt sequence=9007199254740992 names a repair before execution (329.834361ms)
✔ LOOP-075: malformed receipt sequence=
  - 1 names a repair before execution (330.008019ms)
✔ LOOP-075: malformed receipt history_digest=wrong names a repair before execution (338.931054ms)
✔ LOOP-075: a receipt-shaped directory is a named repair instead of an EISDIR crash (216.616605ms)
✔ LOOP-070: an earlier escalation cannot cover three new attempts after clock rollback (818.745855ms)
✔ LOOP-070: an answer becomes old after a later check even if that check's timestamp is earlier (530.122483ms)
✔ LOOP-070: the newest answer wins between checks even when its clock timestamp is older (325.02016ms)
✔ LOOP-070: legacy escalation dates cover old receipts but not three newer sequenced runs (1229.842763ms)
✔ a PKG requirement the commitment does not name is declared, run, and gates Done (PKG-011) (1297.577027ms)
✔ a PKG requirement in a Draft spec is not folded in (350.279927ms)
✔ LOOP-076/079: stale inputs identify the receipt and the check to run (497.921371ms)
✔ LOOP-077: names a content change using checked input identity (474.539685ms)
✔ LOOP-077: names a mode change using checked input identity (456.4177ms)
✔ LOOP-077: names a kind change using checked input identity (420.400504ms)
✔ LOOP-077: names a added change using checked input identity (398.94784ms)
✔ LOOP-077: names a removed change using checked input identity (391.025393ms)
✔ LOOP-077: names a link-target change using checked input identity (594.806109ms)
✔ LOOP-077: changed selection compares the old and new input sets (361.20623ms)
✔ LOOP-077: raw CRLF changes remain visible when Git-clean content agrees (354.651199ms)
✔ LOOP-077: detail output is sorted, bounded, and reports the omitted count (355.580274ms)
✔ LOOP-077: filenames cannot inject lines or terminal controls into explanations (390.227225ms)
✔ LOOP-077: receipts from one run share details and do not store source contents (285.166916ms)
✔ LOOP-078/080: legacy optional detail limits explanation without changing standing (435.71068ms)
✔ LOOP-078/080: invalid-field optional detail limits explanation without changing standing (411.815523ms)
✔ LOOP-078/080: missing optional detail limits explanation without changing standing (411.666094ms)
✔ LOOP-078/080: invalid-json optional detail limits explanation without changing standing (428.999931ms)
✔ LOOP-078/080: mismatched optional detail limits explanation without changing standing (423.842166ms)
✔ LOOP-078/080: duplicate optional detail limits explanation without changing standing (400.671082ms)
✔ LOOP-078/080: unsafe-path optional detail limits explanation without changing standing (385.553787ms)
✔ LOOP-078/080: directory optional detail limits explanation without changing standing (383.548311ms)
✔ LOOP-078/080: symlink optional detail limits explanation without changing standing (425.725498ms)
✔ LOOP-078: unavailable old requirement text is not claimed as a proven change (345.751132ms)
✔ LOOP-076/079: changed requirements identify evidence and retain review-before-check guidance (298.889132ms)
✔ LOOP-078: simultaneous input and output damage keep both reasons (312.913457ms)
✔ LOOP-080: deterministic freshness sequence seed=7 (6570.874422ms)
✔ LOOP-080: deterministic freshness sequence seed=42 (4789.399884ms)
✔ LOOP-080: deterministic freshness sequence seed=913 (3997.980087ms)
✔ LOOP-080: agreement changes, mechanism review, checks, and completion review retain priority (897.275013ms)
✔ LOOP-080: imported receipt history demands a rerun without a false input explanation (1109.400371ms)
✔ LOOP-073: clean CRLF input completes under attributes (382.238896ms)
✔ LOOP-073: clean CRLF input completes under autocrlf (406.406353ms)
✔ LOOP-073: raw line-ending mutation during a run is rejected even when Git still sees the same content (193.106405ms)
✔ LOOP-073: execution evidence changes when clean conversion preserves committed identity (679.610355ms)
✔ LOOP-073: Git clean filters use Git's conversion while retaining raw evidence identity (339.519369ms)
✔ LOOP-073: failure of a required Git filter cannot record evidence (98.885709ms)
✔ LOOP-073: a clean filter moving HEAD during ending validation prevents evidence (367.837764ms)
✔ LOOP-073: canonical Git identities handle links without reading their targets (314.086048ms)
✔ LOOP-073: Git conversion keeps raw Unicode and control-character input paths (284.74917ms)
✔ LOOP-073: conversion and links work in a SHA-256 Git repository (296.076237ms)
✔ LOOP-074: historical specification filename "café.md" remains reviewable (268.143051ms)
✔ LOOP-074: historical specification filename "spec\ttab.md" remains reviewable (289.334664ms)
✔ LOOP-074: historical specification filename "spec\nline.md" remains reviewable (279.740138ms)
✔ help works outside a repository without running a command (PKG-017) (760.933557ms)
✔ help does not hide invalid options or consume literal arguments (153.675333ms)
✔ the script links cairn and the skills, and the linked cairn runs (PKG-014, PKG-005) (179.35117ms)
✔ a link owned by another package is kept; --force replaces it; --unlink removes ours and leaves a stranger's (136.902585ms)
✔ --force never replaces a real directory (46.565368ms)
✔ three megabytes are retained exactly once with matching digests (LOOP-041, LOOP-042) (284.844202ms)
✔ split stdout result lines survive a long non-result line; stderr is never a verdict (284.055263ms)
✔ signal termination is recorded and logs survive a clone (LOOP-043) (248.990349ms)
✔ working agreements and ignore changes are Cairn records inside the footprint (250.258904ms)
✔ a clean package passes (70.565864ms)
✔ PKG-001: a dependency, or a service manifest (112.457023ms)
✔ PKG-002: ignoring evidence or other durable state (54.492693ms)
✔ PKG-003: a command, a directory, or a record kind no decision names (157.150466ms)
✔ PKG-004: a kernel over 1500 lines (49.023703ms)
✔ PKG-006: a skill step naming a vendor's product (54.092643ms)
✔ PKG-008: a non-ASCII character in a tracked text file (51.706396ms)
✔ PKG-009: the kernel importing from tests (57.533951ms)
✔ PKG-012: a network call or a model vendor in the kernel (115.734232ms)
✔ PKG-013: deferral language, but not in code, quotes, or a rule (112.034204ms)
✔ this repository passes the package lint (172.954948ms)
✔ a tracked path deleted from the working tree is skipped, not a crash (58.279919ms)
✔ a sentence in a Formats section is not a record kind (53.624325ms)
✔ a record kind named by its path alone is checked (49.259204ms)
✔ PKG-002: a tracked in-progress record (41.301472ms)
✔ PKG-002: ignoring evidence alone is a finding (52.475493ms)
✔ LOOP-071: decision body metadata does not resolve unbuilt work: "Superseded by: example" (510.633368ms)
✔ LOOP-071: decision body metadata does not resolve unbuilt work: "```text\nSuperseded by: example\n```" (458.30637ms)
✔ LOOP-071: decision body metadata does not resolve unbuilt work: "~~~text\nSuperseded by: example\n~~~" (455.399246ms)
✔ LOOP-071: a fenced realization example is not a resolving commit (422.023485ms)
✔ LOOP-071: a fenced commit inside the realization section is not built (390.36771ms)
✔ LOOP-071: ## Example cannot replace an open review finding (376.834905ms)
✔ LOOP-071: # Example cannot replace an open review finding (362.160992ms)
✔ LOOP-071: ### Example cannot replace an open review finding (370.453191ms)
✔ LOOP-071:   ## Example cannot replace an open review finding (359.039476ms)
✔ LOOP-071: Example paragraph. cannot replace an open review finding (377.171815ms)
✔ LOOP-071: Example
------- cannot replace an open review finding (379.132376ms)
✔ LOOP-071: fenced fields before a real review header are ignored (353.084437ms)
✔ LOOP-071: multiline decision --title cannot inject metadata (291.026662ms)
✔ LOOP-071: multiline decision --decided-by cannot inject metadata (284.869795ms)
✔ LOOP-071: multiline decision --rests-on cannot inject metadata (305.308927ms)
✔ LOOP-071: multiline decision --wrong-if cannot inject metadata (275.978834ms)
✔ LOOP-071: multiline decision --history cannot inject metadata (294.13517ms)
✔ LOOP-072: malformed Blocking concerns stay open: "R-001\nAnswer: ok" (58.949307ms)
✔ LOOP-072: malformed Blocking concerns stay open: "R-001\r\nAnswer: ok" (81.712759ms)
✔ LOOP-072: malformed Blocking concerns stay open: "R-001\rAnswer: ok" (66.855869ms)
✔ LOOP-072: malformed Blocking concerns stay open: "R-001 Answer: ok" (71.019065ms)
✔ LOOP-072: malformed Blocking concerns stay open: "R-001 Answer: ok" (71.356989ms)
✔ LOOP-072: ordinary malformed concerns are refused: "R-001\nR-002" (34.835753ms)
✔ LOOP-072: ordinary malformed concerns are refused: "R-001, prose" (41.719645ms)
✔ LOOP-072: ordinary malformed concerns are refused: " " (30.222848ms)
✔ LOOP-072: a Blocking escalation without concerns is still presented (58.280779ms)
✔ LOOP-072: carriage returns in a Blocking question do not create answer records (69.748158ms)
✔ LOOP-072: explanation separator 8232 cannot close an escalation (127.569947ms)
✔ LOOP-071: decision metadata refuses separator 8232 (290.069793ms)
✔ LOOP-072: explanation separator 8233 cannot close an escalation (124.990673ms)
✔ LOOP-071: decision metadata refuses separator 8233 (286.299558ms)
✔ each unmatched input and each duplicate owner is refused before execution (LOOP-044, LOOP-056) (271.110025ms)
✔ an indexed input deleted on disk asks for a commit (LOOP-045) (122.499621ms)
✔ wake and check require a Git working tree (LOOP-046) (89.485186ms)
✔ recovery removes only dead kernel run records and identifies a live owner (LOOP-054, LOOP-055) (268.240986ms)
✔ an agent action based behind a clean HEAD appears committed (LOOP-027) (142.76033ms)
✔ realization needs a real commit and a subject (DEC-006) (206.087521ms)
✔ 1500 binary inputs digest identically at the review commit in under a second (LOOP-024, LOOP-032) (1085.723667ms)
✔ merged work is excluded but a later own commit is a breach (LOOP-047) (160.010839ms)
✔ exact Current tenure ignores prefix matches and earlier visits to the same slug (LOOP-035) (179.360027ms)
✔ a kernel run records its supervising PID (LOOP-054) (183.24921ms)
✔ a merged declared input still stales evidence (LOOP-047) (296.173323ms)
✔ wildcard and magic pathspecs select the same historical inputs (LOOP-024, LOOP-032) (1677.419311ms)
✔ historical selection retains deleted files and excludes new ones (LOOP-024, LOOP-035) (1117.700712ms)
✔ explicit reporting with no lines and exit 0 establishes no requirement verdicts (349.201507ms)
✔ explicit reporting with no lines and exit 1 establishes no requirement verdicts (339.934074ms)
✔ a reporter that cannot start keeps execution diagnostics without blaming requirements (243.064487ms)
✔ large output cannot kill a reporter or invent a requirement verdict (240.980051ms)
✔ explicit mode ignores cairn: R-999: pass (238.563302ms)
✔ explicit mode ignores cairn: R-001: unverified (215.241316ms)
✔ explicit mode ignores cairn: R-001: passed (212.200188ms)
✔ explicit results survive nonzero exit and contradictory duplicates still fail (413.075736ms)
✔ unverified results across changed inputs never become failed attempts (1008.082018ms)
✔ legacy exit 0 retains its interpretation (187.835031ms)
✔ legacy exit 1 retains its interpretation (191.312395ms)
✔ a misspelled reporting mode is refused before execution (87.815939ms)
✔ changed requirement blocks unchecked reruns and makes the completion review stale (LOOP-058, LOOP-059) (1293.531388ms)
✔ falsifier changes need review; separate rationale and other requirements do not change a receipt (822.367919ms)
✔ legacy receipts recover requirement identity from their commit; unavailable history requires review (641.514514ms)
✔ check refuses uncommitted requirement text and mechanism review markers (623.044644ms)
✔ tightened response limit cannot reuse the old passing check (1097.187737ms)
✔ a declared input over 1 MiB agrees at a commit and in the tree (LOOP-060) (408.72789ms)
✔ a failed Git blob read cannot be hashed as an empty blob (344.701225ms)
✔ Git listings over 1 MiB include the last declared input (1923.864813ms)
✔ requirement identity excludes fenced examples and status dates (408.981119ms)
✔ empty footprint names declaration before scope and records no evidence (LOOP-081) (429.160602ms)
✔ first declaration still checks the full earlier history (LOOP-081) (246.554901ms)
✔ an empty current footprint does not block an explicitly requested existing mechanism (LOOP-081) (222.113594ms)
✔ an inherited mechanism provides a footprint even before local mechanisms exist (167.777957ms)
✔ scope reports every path, escapes line breaks, and gives identical remedies (LOOP-082) (171.878002ms)
✔ scope verdict reuses the answered-escalation annotation (LOOP-048, LOOP-051, LOOP-083) (401.015098ms)
✔ a committed scope acknowledgment lets restored history proceed (LOOP-083) (501.422062ms)
✔ scope acknowledgment must be committed before it can clear a breach (488.847654ms)
✔ ordinary ok does not acknowledge scope history (222.897786ms)
✔ scope escalation refuses unrestored paths and names the restoration remedy (204.703461ms)
✔ an invalid scope request still records an explicitly Blocking decision (124.358441ms)
✔ ask and explanation stay open; only the final committed ok acknowledges scope (582.509579ms)
✔ instead is visible but does not silently authorize a scope exception (311.905058ms)
✔ later changes to an acknowledged path still block, including later reverts (973.035351ms)
✔ approval cannot hide another path changed after the snapshot (307.065583ms)
✔ acknowledged history remains conditional on the paths staying restored (485.856781ms)
✔ editing the scope snapshot after answer invalidates its acknowledgment (236.771813ms)
✔ malformed scope metadata cannot suppress a breach (1227.551083ms)
✔ damaged acknowledgment fields cannot suppress a breach (457.849255ms)
✔ scope path matching is literal, including wildcard filenames and control characters (419.837661ms)
✔ scope acknowledgment does not carry into another activation of the same slug (248.76629ms)
✔ restoration checks additions, deletions, executable modes, and symlink kinds (1209.084021ms)
✔ explicit committed retention keeps correct work and requires new evidence and review (LOOP-084, LOOP-085) (1456.412507ms)
✔ a missing declaration covers correct earlier work without retention or revert (377.926144ms)
✔ keep requires scope and an unchanged committed candidate (122.959405ms)
✔ uncommitted retention and instead answers cannot clear the incident (793.884422ms)
✔ retention does not grant future edits, even when reverted to the approved tree (1041.009444ms)
✔ retention cannot cover another path or another activation (483.380186ms)
✔ imported changes must still match the retained tree (504.191464ms)
✔ retention handles additions, deletions, modes, symlinks, and literal filenames (1798.925258ms)
✔ retention cannot convert an existing restoration answer or accept an unknown mode (407.682027ms)
✔ a check failure after retention remains a failure (605.14521ms)
✔ retained paths stay part of the stable checked candidate without extending its footprint (475.037915ms)
✔ retention ask needs an explanation and final committed approval (474.044363ms)
✔ an unknown scope mode remains invalid even with a matching approval digest (268.552003ms)
✔ backlog writes the item; a second with the same title is refused, never overwritten (LOOP-016) (98.231121ms)
✔ a commit inside the footprint: check runs; outside it: check names the path and does not run (LOOP-035) (406.257723ms)
✔ a file under .cairn/ or docs/ is never a breach (351.442784ms)
✔ declaring the path as an input clears the breach (197.805876ms)
✔ a revert preserves the record of an out-of-scope commit (LOOP-047) (219.963453ms)
✔ a commitment naming a requirement the spec set does not hold as Agreed is repaired (LOOP-029) (64.032466ms)
✔ a requirement in a Draft spec file is not Agreed (67.521019ms)
✔ working agreements and the ignore file are Cairn records (LOOP-035, LOOP-036) (342.234871ms)
✔ the over-asking rule is gone from both skills (SPEC-005, SPEC-006) (1.474439ms)
✔ a decision during the phase is recorded (DEC-003) (0.157996ms)
✔ understanding is restated before writing (SPEC-003) (0.102762ms)
✔ falsifiers are proposed as one set and confirmed by exception (SPEC-004) (0.481099ms)
✔ depth is inferred and domains derived, never asked or imposed (SPEC-008, SPEC-009) (0.190479ms)
✔ a term enters the glossary at first occurrence (SPEC-010) (0.10169ms)
✔ the phase ends at the first commitment, and later ones are specified during the loop (SPEC-011, SPEC-012) (0.203166ms)
✔ a requirement goes Agreed only with a nameable mechanism (SPEC-013) (0.106294ms)
✔ review before agreement, recording what it attacked (SPEC-014, SPEC-015) (0.509809ms)
✔ no spec file without requirements; nothing Agreed without a falsifier (SPEC-001, SPEC-002) (0.330019ms)
✔ Observed is marked, and is not contract (SPEC-016, SPEC-017) (0.177285ms)
✔ the skills exclude artifacts outside Cairn's workflow (0.166364ms)
✔ the working agreement names the agent's move for each verdict and the write-ahead record (LOOP-036) (0.773618ms)
✔ the working agreement names the developer's moves (LOOP-036, DEC-014) (0.09648ms)
✔ this repository runs by the file it ships (0.506892ms)
✔ both skills write the working agreement without naming a vendor's file (LOOP-036, PKG-006) (0.105415ms)
✔ the working agreement says what an attempt is (LOOP-036, DEC-017, DEC-018) (0.361058ms)
✔ the working agreement says a failure no footprint change can address is an escalation, and where an inherited requirement is repaired (DEC-019, LOOP-057) (0.07127ms)
✔ a two-obligation sentence is named (PKG-007) (47.551785ms)
✔ an obligation with no actor is named (PKG-010) (33.636414ms)
✔ a leading condition clause is not the actor, and the actor after it counts (37.833079ms)
✔ an Agreed requirement with no falsifier is named (SPEC-002); a Draft one is not (65.810894ms)
✔ prose after a Draft requirement with no falsifier is not scanned as requirement text (33.525045ms)
✔ a spec declaring a prefix with no requirement is named (SPEC-001) (36.374456ms)
✔ a keyword in backticks or quotes is a mention, not an obligation (37.345574ms)
✔ this repository's own specification passes the lint (41.851158ms)
✔ duplicate identifiers are rejected within a file and across files (SPEC-020) (65.991715ms)
✔ references resolve across files; missing references name their source (SPEC-021) (65.429114ms)
✔ code examples and quoted mentions are neither definitions nor references (40.409936ms)
✔ machine-local paths are findings in prose, links, quotes, and examples (SPEC-019) (340.766242ms)
✔ relative paths, URLs, slash commands, and character mentions are not absolute path findings (31.746162ms)
✔ a slash after a placeholder continues the template (SPEC-019) (64.882163ms)
✔ a host path is a finding until the file declares it (SPEC-019, SPEC-024) (71.845673ms)
✔ declared host paths cover children with a slash boundary and stay file-local (98.646206ms)
✔ a host-path declaration inside a requirement or example grants no exception (93.705047ms)
✔ host-path declarations require absolute or home-relative entries (167.776794ms)
✔ supersede writes both lines, and the old record keeps every word it had (DEC-008, DEC-010) (68.370336ms)
✔ supersede without a cause, or with one outside the four, is refused (DEC-009) (93.37366ms)
✔ supersede of a record that does not exist is refused (60.778046ms)
✔ a predecessor with no title line cannot be stamped, so nothing is written (48.119324ms)
✔ reversals reports counts by decider, cause, and domain (DEC-011) (130.516213ms)
✔ decide in a domain with a reversal is refused without --history, naming the reversal; with it, the record carries History (DEC-012) (129.229642ms)
✔ decide in a domain with no reversals needs no --history (89.964433ms)
✔ a record resting on prose alone is in the domain unspecified, and so is the next one (97.342172ms)
✔ step 1: an in-progress record is reconciled before anything else (81.140979ms)
✔ step 2: an open escalation is presented and nothing else happens (55.562542ms)
✔ an answered escalation is not open (365.85866ms)
✔ step 3: a decision with no realized-by is built, first by name (59.368497ms)
✔ a superseded decision with no realized-by is not work (114.894062ms)
✔ step 6: a mechanism that has never run is run, not implemented (101.801039ms)
✔ step 6: a requirement whose mechanism fails is implemented (425.693728ms)
✔ step 6 before step 7: failing evidence outranks a missing mechanism (325.653602ms)
✔ step 7: a requirement with no mechanism is declared (77.581641ms)
✔ step 10: every requirement current and passing, review clean, is Done (309.860921ms)
✔ malformed roadmap is Resolvable, not fatal (47.172643ms)
✔ a commitment naming no requirements is Resolvable (53.626896ms)
✔ the primary test: two wakes on the same checkout give the same action (84.736539ms)
✔ outside a cairn repository wake cannot run (33.784601ms)
✔ the loop never waits on the review queue (DEC-015) (270.5646ms)
✔ the linked walkthrough runs from agreement through the next commitment (PKG-016) (1041.461169ms)
ℹ tests 348
ℹ suites 0
ℹ pass 348
ℹ fail 0
ℹ cancelled 0
ℹ skipped 0
ℹ todo 0
ℹ duration_ms 17425.86555
