✔ a Draft block overrides an Agreed file for both wake and check (SPEC-018) (134.322515ms)
✔ an Agreed block overrides a Draft file in the kernel and lint (SPEC-018, SPEC-002) (249.245783ms)
✔ a block Status does not become the file default, including inside examples (SPEC-018) (222.280168ms)
✔ block status without a value does not inherit Agreed by accident (SPEC-018) (42.84711ms)
✔ inheritance needs a file Scope and includes only Agreed blocks, regardless of prefix (PKG-015) (640.794133ms)
✔ Scope inside a requirement or fenced example does not declare inheritance (PKG-015) (347.414292ms)
✔ check refuses a dirty declared input and names it; a dirty undeclared file does not block (172.248393ms)
✔ check writes one record per requirement carrying the full receipt (111.974049ms)
✔ a nonzero exit records fail, and the receipt keeps the exit code (126.005171ms)
✔ two checks write two records; nothing is overwritten or deleted (206.641025ms)
✔ a commit changing a declared input makes evidence stale; an undeclared one does not (314.738688ms)
✔ a regression is named before a requirement that never passed (315.807466ms)
✔ three attempts with no escalation since: wake says escalate, not a fourth (DEC-016, DEC-017, DEC-018) (941.07365ms)
✔ the review gate: no review, stale review, open finding, then Done (587.053063ms)
✔ Done is refused while any requirement lacks current passing evidence (64.763386ms)
✔ check names a requested requirement that no mechanism claims (72.598706ms)
✔ check writes and clears an in-progress record around the run (98.804091ms)
✔ a linked declared input digests the same at a commit and in the tree (LOOP-023, LOOP-024) (218.745914ms)
✔ a result line is the mechanism's statement about one requirement; what it did not mention is unverified (LOOP-037, LOOP-052) (95.258219ms)
✔ a mechanism that says nothing is read by its exit code for every requirement (LOOP-039) (101.651167ms)
✔ unverified is not an attempt, and a return to an earlier failed digest counts once (DEC-017, DEC-018) (810.407209ms)
✔ a result line for a requirement the mechanism does not speak for is named and writes nothing (LOOP-038) (87.956042ms)
✔ a result line inside ordinary output, or without the marker, does not count (206.084423ms)
✔ a targeted check runs the named requirements' mechanisms and records every requirement they speak for (LOOP-040) (97.81116ms)
✔ two result lines for one requirement: a fail on any line wins (89.592889ms)
✔ three runs at one digest with no attempt since: the verdict stays implement and names DEC-019; an escalation naming it among others clears the hint (DEC-019, LOOP-053) (438.968727ms)
✔ writes a record with every required field and an empty realized-by (34.515918ms)
✔ a Consequential decision is queued for review (39.727429ms)
✔ a Consequential decision is queued even when .cairn/queue does not exist yet (28.831561ms)
✔ Routine is refused: routine decisions produce no record (32.559826ms)
✔ a missing field is a usage error and nothing is written (30.557599ms)
✔ supersedes requires a classified cause, and the old record must exist (101.5239ms)
✔ an existing record is not overwritten (65.018873ms)
✔ a queued decision stays queued; nothing but the developer removes it (DEC-014) (50.886456ms)
✔ escalate writes the six-line format followed by its facts, and wake presents it (107.726275ms)
✔ a missing or multi-line field is refused with the field named, and nothing is written (78.982283ms)
✔ a Blocking escalation that fails the format is written anyway, naming the malformed field (LOOP-014) (86.668959ms)
✔ a --level other than Blocking is refused rather than silently losing the bypass (42.71641ms)
✔ a second escalation while one is open is refused (LOOP-011) (59.785689ms)
✔ answer records the reply; wake no longer presents it; a second answer is refused (155.975924ms)
✔ answer to an unknown escalation is refused (43.006076ms)
✔ a stranger resumes from the file alone: question and answer are both in it (LOOP-013) (78.750061ms)
✔ after an answer, the same concern can be escalated again under a new name (104.327605ms)
✔ an escalation exists when its file does, committed or not (LOOP-009) (39.451758ms)
✔ developer answers require one of the three forms and cannot inject fields (LOOP-048) (317.845069ms)
✔ ask, agent explanation, another ask, and ok stay ordered in one file (LOOP-049, LOOP-050, LOOP-014) (393.449004ms)
✔ fresh closed answers accompany only concerned requirements until new evidence (LOOP-051) (356.279474ms)
✔ a PKG requirement the commitment does not name is declared, run, and gates Done (PKG-011) (611.034981ms)
✔ a PKG requirement in a Draft spec is not folded in (177.374593ms)
✔ help works outside a repository without running a command (PKG-017) (613.83263ms)
✔ help does not hide invalid options or consume literal arguments (127.642921ms)
✔ the script links cairn and the skills, and the linked cairn runs (PKG-014, PKG-005) (131.010352ms)
✔ a link owned by another package is kept; --force replaces it; --unlink removes ours and leaves a stranger's (79.516921ms)
✔ --force never replaces a real directory (27.553911ms)
✔ three megabytes are retained exactly once with matching digests (LOOP-041, LOOP-042) (163.60525ms)
✔ split stdout result lines survive a long non-result line; stderr is never a verdict (149.34739ms)
✔ signal termination is recorded and logs survive a clone (LOOP-043) (130.986931ms)
✔ working agreements and ignore changes are Cairn records inside the footprint (126.699328ms)
✔ a clean package passes (55.469647ms)
✔ PKG-001: a dependency, or a service manifest (98.774018ms)
✔ PKG-002: ignoring evidence or other durable state (47.41889ms)
✔ PKG-003: a command, a directory, or a record kind no decision names (123.98862ms)
✔ PKG-004: a kernel over 1500 lines (36.631586ms)
✔ PKG-006: a skill step naming a vendor's product (35.754226ms)
✔ PKG-008: a non-ASCII character in a tracked text file (39.255996ms)
✔ PKG-009: the kernel importing from tests (44.860892ms)
✔ PKG-012: a network call or a model vendor in the kernel (87.26453ms)
✔ PKG-013: deferral language, but not in code, quotes, or a rule (86.635662ms)
✔ this repository passes the package lint (83.554014ms)
✔ a tracked path deleted from the working tree is skipped, not a crash (44.707292ms)
✔ a sentence in a Formats section is not a record kind (36.916879ms)
✔ a record kind named by its path alone is checked (39.829061ms)
✔ PKG-002: a tracked in-progress record (32.626085ms)
✔ PKG-002: ignoring evidence alone is a finding (37.686895ms)
✔ each unmatched input and each duplicate owner is refused before execution (LOOP-044, LOOP-056) (181.741875ms)
✔ an indexed input deleted on disk asks for a commit (LOOP-045) (93.456622ms)
✔ wake and check require a Git working tree (LOOP-046) (73.68253ms)
✔ recovery removes only dead kernel run records and identifies a live owner (LOOP-054, LOOP-055) (177.860352ms)
✔ an agent action based behind a clean HEAD appears committed (LOOP-027) (114.482322ms)
✔ realization needs a real commit and a subject (DEC-006) (146.538331ms)
✔ 1500 binary inputs digest identically at the review commit in under a second (LOOP-024, LOOP-032) (346.199204ms)
✔ merged work is excluded but a later own commit is a breach (LOOP-047) (129.073339ms)
✔ exact Current tenure ignores prefix matches and earlier visits to the same slug (LOOP-035) (153.03551ms)
✔ a kernel run records its supervising PID (LOOP-054) (100.26336ms)
✔ a merged declared input still stales evidence (LOOP-047) (187.396962ms)
✔ wildcard and magic pathspecs select the same historical inputs (LOOP-024, LOOP-032) (1034.949347ms)
✔ historical selection retains deleted files and excludes new ones (LOOP-024, LOOP-035) (713.313025ms)
✔ explicit reporting with no lines and exit 0 establishes no requirement verdicts (168.847227ms)
✔ explicit reporting with no lines and exit 1 establishes no requirement verdicts (182.29946ms)
✔ a reporter that cannot start keeps execution diagnostics without blaming requirements (92.293715ms)
✔ large output cannot kill a reporter or invent a requirement verdict (127.611262ms)
✔ explicit mode ignores cairn: R-999: pass (107.674299ms)
✔ explicit mode ignores cairn: R-001: unverified (110.990675ms)
✔ explicit mode ignores cairn: R-001: passed (97.676412ms)
✔ explicit results survive nonzero exit and contradictory duplicates still fail (190.82828ms)
✔ unverified results across changed inputs never become failed attempts (563.698532ms)
✔ legacy exit 0 retains its interpretation (104.367143ms)
✔ legacy exit 1 retains its interpretation (95.936784ms)
✔ a misspelled reporting mode is refused before execution (86.231848ms)
✔ changed requirement blocks unchecked reruns and makes the completion review stale (LOOP-058, LOOP-059) (686.742642ms)
✔ falsifier changes need review; separate rationale and other requirements do not change a receipt (444.345684ms)
✔ legacy receipts recover requirement identity from their commit; unavailable history requires review (426.41575ms)
✔ check refuses uncommitted requirement text and mechanism review markers (383.938047ms)
✔ tightened response limit cannot reuse the old passing check (620.642489ms)
✔ a declared input over 1 MiB agrees at a commit and in the tree (LOOP-060) (264.018508ms)
✔ a failed Git blob read cannot be hashed as an empty blob (213.800093ms)
✔ Git listings over 1 MiB include the last declared input (654.555524ms)
✔ requirement identity excludes fenced examples and status dates (264.553706ms)
✔ backlog writes the item; a second with the same title is refused, never overwritten (LOOP-016) (82.382439ms)
✔ a commit inside the footprint: check runs; outside it: check names the path and does not run (LOOP-035) (239.839165ms)
✔ a file under .cairn/ or docs/ is never a breach (213.260629ms)
✔ declaring the path as an input clears the breach (138.933131ms)
✔ a revert preserves the record of an out-of-scope commit (LOOP-047) (150.699886ms)
✔ a commitment naming a requirement the spec set does not hold as Agreed is repaired (LOOP-029) (50.255475ms)
✔ a requirement in a Draft spec file is not Agreed (49.607218ms)
✔ working agreements and the ignore file are Cairn records (LOOP-035, LOOP-036) (178.895021ms)
✔ the over-asking rule is gone from both skills (SPEC-005, SPEC-006) (1.36305ms)
✔ a decision during the phase is recorded (DEC-003) (0.193938ms)
✔ understanding is restated before writing (SPEC-003) (0.11025ms)
✔ falsifiers are proposed as one set and confirmed by exception (SPEC-004) (0.475205ms)
✔ depth is inferred and domains derived, never asked or imposed (SPEC-008, SPEC-009) (0.209849ms)
✔ a term enters the glossary at first occurrence (SPEC-010) (0.113075ms)
✔ the phase ends at the first commitment, and later ones are specified during the loop (SPEC-011, SPEC-012) (0.113259ms)
✔ a requirement goes Agreed only with a nameable mechanism (SPEC-013) (0.151075ms)
✔ review before agreement, recording what it attacked (SPEC-014, SPEC-015) (0.199834ms)
✔ no spec file without requirements; nothing Agreed without a falsifier (SPEC-001, SPEC-002) (0.219417ms)
✔ Observed is marked, and is not contract (SPEC-016, SPEC-017) (0.116673ms)
✔ the skills exclude artifacts outside Cairn's workflow (0.147311ms)
✔ the working agreement names the agent's move for each verdict and the write-ahead record (LOOP-036) (0.313891ms)
✔ the working agreement names the developer's moves (LOOP-036, DEC-014) (0.106193ms)
✔ this repository runs by the file it ships (0.452409ms)
✔ both skills write the working agreement without naming a vendor's file (LOOP-036, PKG-006) (0.167407ms)
✔ the working agreement says what an attempt is (LOOP-036, DEC-017, DEC-018) (0.087686ms)
✔ the working agreement says a failure no footprint change can address is an escalation, and where an inherited requirement is repaired (DEC-019, LOOP-057) (0.100035ms)
✔ a two-obligation sentence is named (PKG-007) (29.484342ms)
✔ an obligation with no actor is named (PKG-010) (22.071944ms)
✔ a leading condition clause is not the actor, and the actor after it counts (25.222781ms)
✔ an Agreed requirement with no falsifier is named (SPEC-002); a Draft one is not (52.630911ms)
✔ prose after a Draft requirement with no falsifier is not scanned as requirement text (33.14575ms)
✔ a spec declaring a prefix with no requirement is named (SPEC-001) (25.429604ms)
✔ a keyword in backticks or quotes is a mention, not an obligation (31.198108ms)
✔ this repository's own specification passes the lint (37.613355ms)
✔ duplicate identifiers are rejected within a file and across files (SPEC-020) (55.702651ms)
✔ references resolve across files; missing references name their source (SPEC-021) (61.924559ms)
✔ code examples and quoted mentions are neither definitions nor references (20.41118ms)
✔ machine-local paths are findings in prose, links, quotes, and examples (SPEC-019) (268.703472ms)
✔ relative paths, URLs, slash commands, and character mentions are not absolute path findings (26.878678ms)
✔ a slash after a placeholder continues the template (SPEC-019) (47.167803ms)
✔ a host path is a finding until the file declares it (SPEC-019, SPEC-024) (46.466167ms)
✔ declared host paths cover children with a slash boundary and stay file-local (62.33359ms)
✔ a host-path declaration inside a requirement or example grants no exception (61.708069ms)
✔ host-path declarations require absolute or home-relative entries (117.458048ms)
✔ supersede writes both lines, and the old record keeps every word it had (DEC-008, DEC-010) (43.225185ms)
✔ supersede without a cause, or with one outside the four, is refused (DEC-009) (71.664149ms)
✔ supersede of a record that does not exist is refused (39.440477ms)
✔ a predecessor with no title line cannot be stamped, so nothing is written (45.966244ms)
✔ reversals reports counts by decider, cause, and domain (DEC-011) (90.240133ms)
✔ decide in a domain with a reversal is refused without --history, naming the reversal; with it, the record carries History (DEC-012) (104.308448ms)
✔ decide in a domain with no reversals needs no --history (66.304741ms)
✔ a record resting on prose alone is in the domain unspecified, and so is the next one (69.526161ms)
✔ step 1: an in-progress record is reconciled before anything else (66.808298ms)
✔ step 2: an open escalation is presented and nothing else happens (51.775306ms)
✔ an answered escalation is not open (193.869742ms)
✔ step 3: a decision with no realized-by is built, first by name (53.802728ms)
✔ a superseded decision with no realized-by is not work (53.347925ms)
✔ step 6: a mechanism that has never run is run, not implemented (66.165968ms)
✔ step 6: a requirement whose mechanism fails is implemented (192.374169ms)
✔ step 6 before step 7: failing evidence outranks a missing mechanism (151.939151ms)
✔ step 7: a requirement with no mechanism is declared (53.929632ms)
✔ step 10: every requirement current and passing, review clean, is Done (167.193306ms)
✔ malformed roadmap is Resolvable, not fatal (37.93122ms)
✔ a commitment naming no requirements is Resolvable (37.011466ms)
✔ the primary test: two wakes on the same checkout give the same action (72.595874ms)
✔ outside a cairn repository wake cannot run (20.500071ms)
✔ the loop never waits on the review queue (DEC-015) (165.662519ms)
✔ the linked walkthrough runs from agreement through the next commitment (PKG-016) (621.642274ms)
ℹ tests 176
ℹ suites 0
ℹ pass 176
ℹ fail 0
ℹ cancelled 0
ℹ skipped 0
ℹ todo 0
ℹ duration_ms 5199.934698
