✔ check refuses a dirty declared input and names it; a dirty undeclared file does not block (147.263028ms)
✔ check writes one record per requirement carrying the full receipt (85.237059ms)
✔ a nonzero exit records fail, and the receipt keeps the exit code (113.840396ms)
✔ two checks write two records; nothing is overwritten or deleted (164.856466ms)
✔ a commit changing a declared input makes evidence stale; an undeclared one does not (278.830648ms)
✔ a regression is named before a requirement that never passed (288.781955ms)
✔ three attempts with no escalation since: wake says escalate, not a fourth (DEC-016, DEC-017, DEC-018) (836.243334ms)
✔ the review gate: no review, stale review, open finding, then Done (506.670089ms)
✔ Done is refused while any requirement lacks current passing evidence (52.61244ms)
✔ check names a requested requirement that no mechanism claims (66.934091ms)
✔ check writes and clears an in-progress record around the run (84.274825ms)
✔ a linked declared input digests the same at a commit and in the tree (LOOP-023, LOOP-024) (213.563687ms)
✔ a result line is the mechanism's statement about one requirement; what it did not mention is unverified (LOOP-037, LOOP-052) (93.122348ms)
✔ a mechanism that says nothing is read by its exit code for every requirement (LOOP-039) (91.052848ms)
✔ unverified is not an attempt, and a return to an earlier failed digest counts once (DEC-017, DEC-018) (812.82756ms)
✔ a result line for a requirement the mechanism does not speak for is named and writes nothing (LOOP-038) (78.247504ms)
✔ a result line inside ordinary output, or without the marker, does not count (80.058022ms)
✔ a targeted check runs the named requirements' mechanisms and records every requirement they speak for (LOOP-040) (84.115779ms)
✔ two result lines for one requirement: a fail on any line wins (78.747394ms)
✔ three runs at one digest with no attempt since: the verdict stays implement and names DEC-019; an escalation naming it among others clears the hint (DEC-019, LOOP-053) (358.224653ms)
✔ writes a record with every required field and an empty realized-by (32.831912ms)
✔ a Consequential decision is queued for review (34.031614ms)
✔ a Consequential decision is queued even when .cairn/queue does not exist yet (21.2489ms)
✔ Routine is refused: routine decisions produce no record (19.272008ms)
✔ a missing field is a usage error and nothing is written (20.878048ms)
✔ supersedes requires a classified cause, and the old record must exist (81.144383ms)
✔ an existing record is not overwritten (58.10106ms)
✔ a queued decision stays queued; nothing but the developer removes it (DEC-014) (54.169702ms)
✔ escalate writes the six-line format followed by its facts, and wake presents it (70.651178ms)
✔ a missing or multi-line field is refused with the field named, and nothing is written (53.988931ms)
✔ a Blocking escalation that fails the format is written anyway, naming the malformed field (LOOP-014) (74.674258ms)
✔ a --level other than Blocking is refused rather than silently losing the bypass (32.412558ms)
✔ a second escalation while one is open is refused (LOOP-011) (59.234121ms)
✔ answer records the reply; wake no longer presents it; a second answer is refused (124.603057ms)
✔ answer to an unknown escalation is refused (34.667592ms)
✔ a stranger resumes from the file alone: question and answer are both in it (LOOP-013) (70.187739ms)
✔ after an answer, the same concern can be escalated again under a new name (86.954102ms)
✔ an escalation exists when its file does, committed or not (LOOP-009) (33.893593ms)
✔ a PKG requirement the commitment does not name is declared, run, and gates Done (PKG-011) (540.869667ms)
✔ a PKG requirement in a Draft spec is not folded in (160.108308ms)
✔ the script links cairn and the skills, and the linked cairn runs (PKG-014, PKG-005) (102.834589ms)
✔ a link owned by another package is kept; --force replaces it; --unlink removes ours and leaves a stranger's (66.641002ms)
✔ --force never replaces a real directory (23.581738ms)
✔ three megabytes are retained exactly once with matching digests (LOOP-041, LOOP-042) (125.481ms)
✔ split stdout result lines survive a long non-result line; stderr is never a verdict (146.858599ms)
✔ signal termination is recorded and logs survive a clone (LOOP-043) (103.872329ms)
✔ working agreements and ignore changes are Cairn records inside the footprint (96.828577ms)
✔ a clean package passes (40.743406ms)
✔ PKG-001: a dependency, or a service manifest (80.586907ms)
✔ PKG-002: ignoring evidence or other durable state (31.655394ms)
✔ PKG-003: a command, a directory, or a record kind no decision names (114.863903ms)
✔ PKG-004: a kernel over 1500 lines (33.672228ms)
✔ PKG-006: a skill step naming a vendor's product (46.616478ms)
✔ PKG-008: a non-ASCII character in a tracked text file (40.391983ms)
✔ PKG-009: the kernel importing from tests (31.30291ms)
✔ PKG-012: a network call or a model vendor in the kernel (78.593459ms)
✔ PKG-013: deferral language, but not in code, quotes, or a rule (60.248452ms)
✔ this repository passes the package lint (57.012067ms)
✔ a tracked path deleted from the working tree is skipped, not a crash (33.388825ms)
✔ a sentence in a Formats section is not a record kind (34.554892ms)
✔ a record kind named by its path alone is checked (40.151364ms)
✔ PKG-002: a tracked in-progress record (32.649092ms)
✔ PKG-002: ignoring evidence alone is a finding (37.063792ms)
✔ each unmatched input and each duplicate owner is refused before execution (LOOP-044, LOOP-056) (159.772877ms)
✔ an indexed input deleted on disk asks for a commit (LOOP-045) (75.520977ms)
✔ wake and check require a Git working tree (LOOP-046) (63.958085ms)
✔ recovery removes only dead kernel run records and identifies a live owner (LOOP-054, LOOP-055) (166.421184ms)
✔ an agent action based behind a clean HEAD appears committed (LOOP-027) (81.348465ms)
✔ realization needs a real commit and a subject (DEC-006) (123.156051ms)
✔ 1500 binary inputs digest identically at the review commit in under a second (LOOP-024, LOOP-032) (287.53316ms)
✔ merged work is excluded but a later own commit is a breach (LOOP-047) (115.886228ms)
✔ exact Current tenure ignores prefix matches and earlier visits to the same slug (LOOP-035) (127.487594ms)
✔ a kernel run records its supervising PID (LOOP-054) (89.676927ms)
✔ a merged declared input still stales evidence (LOOP-047) (160.172876ms)
✔ explicit reporting with no lines and exit 0 establishes no requirement verdicts (156.365376ms)
✔ explicit reporting with no lines and exit 1 establishes no requirement verdicts (148.058659ms)
✔ a reporter that cannot start keeps execution diagnostics without blaming requirements (70.379292ms)
✔ large output cannot kill a reporter or invent a requirement verdict (107.414789ms)
✔ explicit mode ignores cairn: R-999: pass (94.875172ms)
✔ explicit mode ignores cairn: R-001: unverified (106.589876ms)
✔ explicit mode ignores cairn: R-001: passed (100.350589ms)
✔ explicit results survive nonzero exit and contradictory duplicates still fail (171.940112ms)
✔ unverified results across changed inputs never become failed attempts (489.645957ms)
✔ legacy exit 0 retains its interpretation (91.717775ms)
✔ legacy exit 1 retains its interpretation (99.936493ms)
✔ a misspelled reporting mode is refused before execution (81.576617ms)
✔ changed requirement blocks unchecked reruns and makes the completion review stale (LOOP-058, LOOP-059) (587.259305ms)
✔ falsifier changes need review; separate rationale and other requirements do not change a receipt (399.101989ms)
✔ legacy receipts recover requirement identity from their commit; unavailable history requires review (353.974445ms)
✔ check refuses uncommitted requirement text and mechanism review markers (349.247292ms)
✔ tightened response limit cannot reuse the old passing check (529.346741ms)
✔ a declared input over 1 MiB agrees at a commit and in the tree (LOOP-060) (228.192865ms)
✔ a failed Git blob read cannot be hashed as an empty blob (225.801503ms)
✔ Git listings over 1 MiB include the last declared input (1232.017476ms)
✔ requirement identity excludes fenced examples and status dates (230.327134ms)
✔ backlog writes the item; a second with the same title is refused, never overwritten (LOOP-016) (55.469346ms)
✔ a commit inside the footprint: check runs; outside it: check names the path and does not run (LOOP-035) (192.476998ms)
✔ a file under .cairn/ or docs/ is never a breach (165.89607ms)
✔ declaring the path as an input clears the breach (115.956362ms)
✔ a revert preserves the record of an out-of-scope commit (LOOP-047) (127.097944ms)
✔ a commitment naming a requirement the spec set does not hold as Agreed is repaired (LOOP-029) (51.004097ms)
✔ a requirement in a Draft spec file is not Agreed (35.67301ms)
✔ working agreements and the ignore file are Cairn records (LOOP-035, LOOP-036) (159.946499ms)
✔ the over-asking rule is gone from both skills (SPEC-005, SPEC-006) (1.214368ms)
✔ a decision during the phase is recorded (DEC-003) (0.133273ms)
✔ understanding is restated before writing (SPEC-003) (0.10191ms)
✔ falsifiers are proposed as one set and confirmed by exception (SPEC-004) (0.208731ms)
✔ depth is inferred and domains derived, never asked or imposed (SPEC-008, SPEC-009) (0.138142ms)
✔ a term enters the glossary at first occurrence (SPEC-010) (0.099098ms)
✔ the phase ends at the first commitment, and later ones are specified during the loop (SPEC-011, SPEC-012) (0.109085ms)
✔ a requirement goes Agreed only with a nameable mechanism (SPEC-013) (0.099416ms)
✔ review before agreement, recording what it attacked (SPEC-014, SPEC-015) (0.135705ms)
✔ no spec file without requirements; nothing Agreed without a falsifier (SPEC-001, SPEC-002) (0.182757ms)
✔ Observed is marked, and is not contract (SPEC-016, SPEC-017) (0.114492ms)
✔ the skills exclude artifacts outside Cairn's workflow (0.142333ms)
✔ the working agreement names the agent's move for each verdict and the write-ahead record (LOOP-036) (0.172724ms)
✔ the working agreement names the developer's moves (LOOP-036, DEC-014) (0.085657ms)
✔ this repository runs by the file it ships (0.407363ms)
✔ both skills write the working agreement without naming a vendor's file (LOOP-036, PKG-006) (0.106328ms)
✔ the working agreement says what an attempt is (LOOP-036, DEC-017, DEC-018) (0.082737ms)
✔ the working agreement says a failure no footprint change can address is an escalation, and where an inherited requirement is repaired (DEC-019, LOOP-057) (0.078643ms)
✔ a two-obligation sentence is named (PKG-007) (28.730987ms)
✔ an obligation with no actor is named (PKG-010) (18.431033ms)
✔ a leading condition clause is not the actor, and the actor after it counts (30.010112ms)
✔ an Agreed requirement with no falsifier is named (SPEC-002); a Draft one is not (37.44224ms)
✔ prose after a Draft requirement with no falsifier is not scanned as requirement text (25.716217ms)
✔ a spec declaring a prefix with no requirement is named (SPEC-001) (25.584836ms)
✔ a keyword in backticks or quotes is a mention, not an obligation (27.006089ms)
✔ this repository's own specification passes the lint (31.428312ms)
✔ duplicate identifiers are rejected within a file and across files (SPEC-020) (36.203805ms)
✔ references resolve across files; missing references name their source (SPEC-021) (49.028422ms)
✔ code examples and quoted mentions are neither definitions nor references (27.544904ms)
✔ supersede writes both lines, and the old record keeps every word it had (DEC-008, DEC-010) (35.129945ms)
✔ supersede without a cause, or with one outside the four, is refused (DEC-009) (54.668385ms)
✔ supersede of a record that does not exist is refused (38.313961ms)
✔ a predecessor with no title line cannot be stamped, so nothing is written (29.431622ms)
✔ reversals reports counts by decider, cause, and domain (DEC-011) (96.422158ms)
✔ decide in a domain with a reversal is refused without --history, naming the reversal; with it, the record carries History (DEC-012) (91.125979ms)
✔ decide in a domain with no reversals needs no --history (65.128813ms)
✔ a record resting on prose alone is in the domain unspecified, and so is the next one (66.745668ms)
✔ step 1: an in-progress record is reconciled before anything else (49.520547ms)
✔ step 2: an open escalation is presented and nothing else happens (47.280954ms)
✔ an answered escalation is not open (162.348169ms)
✔ step 3: a decision with no realized-by is built, first by name (37.200597ms)
✔ a superseded decision with no realized-by is not work (60.569759ms)
✔ step 6: a mechanism that has never run is run, not implemented (56.85387ms)
✔ step 6: a requirement whose mechanism fails is implemented (154.009779ms)
✔ step 6 before step 7: failing evidence outranks a missing mechanism (124.189756ms)
✔ step 7: a requirement with no mechanism is declared (45.050541ms)
✔ step 10: every requirement current and passing, review clean, is Done (146.453535ms)
✔ malformed roadmap is Resolvable, not fatal (38.639821ms)
✔ a commitment naming no requirements is Resolvable (29.835233ms)
✔ the primary test: two wakes on the same checkout give the same action (62.895421ms)
✔ outside a cairn repository wake cannot run (19.408582ms)
✔ the loop never waits on the review queue (DEC-015) (157.349997ms)
✔ the linked walkthrough runs from agreement through the next commitment (PKG-016) (514.720709ms)
ℹ tests 156
ℹ suites 0
ℹ pass 156
ℹ fail 0
ℹ cancelled 0
ℹ skipped 0
ℹ todo 0
ℹ duration_ms 4567.28468
