✔ a Draft block overrides an Agreed file for both wake and check (SPEC-018) (105.217543ms)
✔ an Agreed block overrides a Draft file in the kernel and lint (SPEC-018, SPEC-002) (241.609117ms)
✔ a block Status does not become the file default, including inside examples (SPEC-018) (233.149051ms)
✔ block status without a value does not inherit Agreed by accident (SPEC-018) (52.676297ms)
✔ inheritance needs a file Scope and includes only Agreed blocks, regardless of prefix (PKG-015) (631.062951ms)
✔ Scope inside a requirement or fenced example does not declare inheritance (PKG-015) (358.587245ms)
✔ check refuses a dirty declared input and names it; a dirty undeclared file does not block (177.401659ms)
✔ check writes one record per requirement carrying the full receipt (111.025382ms)
✔ a nonzero exit records fail, and the receipt keeps the exit code (116.590477ms)
✔ two checks write two records; nothing is overwritten or deleted (212.109171ms)
✔ a commit changing a declared input makes evidence stale; an undeclared one does not (306.774516ms)
✔ a regression is named before a requirement that never passed (302.439384ms)
✔ three attempts with no escalation since: wake says escalate, not a fourth (DEC-016, DEC-017, DEC-018) (943.541088ms)
✔ the review gate: no review, stale review, open finding, then Done (576.082869ms)
✔ Done is refused while any requirement lacks current passing evidence (57.366318ms)
✔ check names a requested requirement that no mechanism claims (72.099646ms)
✔ check writes and clears an in-progress record around the run (104.935895ms)
✔ a linked declared input digests the same at a commit and in the tree (LOOP-023, LOOP-024) (224.513226ms)
✔ a result line is the mechanism's statement about one requirement; what it did not mention is unverified (LOOP-037, LOOP-052) (98.763088ms)
✔ a mechanism that says nothing is read by its exit code for every requirement (LOOP-039) (86.580404ms)
✔ unverified is not an attempt, and a return to an earlier failed digest counts once (DEC-017, DEC-018) (771.506422ms)
✔ a result line for a requirement the mechanism does not speak for is named and writes nothing (LOOP-038) (87.934946ms)
✔ a result line inside ordinary output, or without the marker, does not count (95.056259ms)
✔ a targeted check runs the named requirements' mechanisms and records every requirement they speak for (LOOP-040) (95.997144ms)
✔ two result lines for one requirement: a fail on any line wins (90.583909ms)
✔ three runs at one digest with no attempt since: the verdict stays implement and names DEC-019; an escalation naming it among others clears the hint (DEC-019, LOOP-053) (425.721227ms)
✔ writes a record with every required field and an empty realized-by (38.769422ms)
✔ a Consequential decision is queued for review (37.476028ms)
✔ a Consequential decision is queued even when .cairn/queue does not exist yet (26.924056ms)
✔ Routine is refused: routine decisions produce no record (30.289247ms)
✔ a missing field is a usage error and nothing is written (35.829221ms)
✔ supersedes requires a classified cause, and the old record must exist (92.633522ms)
✔ an existing record is not overwritten (69.334038ms)
✔ a queued decision stays queued; nothing but the developer removes it (DEC-014) (65.304716ms)
✔ escalate writes the six-line format followed by its facts, and wake presents it (88.930522ms)
✔ a missing or multi-line field is refused with the field named, and nothing is written (69.404443ms)
✔ a Blocking escalation that fails the format is written anyway, naming the malformed field (LOOP-014) (80.710141ms)
✔ a --level other than Blocking is refused rather than silently losing the bypass (40.557378ms)
✔ a second escalation while one is open is refused (LOOP-011) (69.489737ms)
✔ answer records the reply; wake no longer presents it; a second answer is refused (154.957408ms)
✔ answer to an unknown escalation is refused (40.692058ms)
✔ a stranger resumes from the file alone: question and answer are both in it (LOOP-013) (69.262024ms)
✔ after an answer, the same concern can be escalated again under a new name (107.670701ms)
✔ an escalation exists when its file does, committed or not (LOOP-009) (39.770156ms)
✔ developer answers require one of the three forms and cannot inject fields (LOOP-048) (346.547405ms)
✔ ask, agent explanation, another ask, and ok stay ordered in one file (LOOP-049, LOOP-050, LOOP-014) (431.432939ms)
✔ fresh closed answers accompany only concerned requirements until new evidence (LOOP-051) (381.221259ms)
✔ a PKG requirement the commitment does not name is declared, run, and gates Done (PKG-011) (614.87664ms)
✔ a PKG requirement in a Draft spec is not folded in (174.140907ms)
✔ the script links cairn and the skills, and the linked cairn runs (PKG-014, PKG-005) (104.578363ms)
✔ a link owned by another package is kept; --force replaces it; --unlink removes ours and leaves a stranger's (73.035303ms)
✔ --force never replaces a real directory (19.747469ms)
✔ three megabytes are retained exactly once with matching digests (LOOP-041, LOOP-042) (145.122006ms)
✔ split stdout result lines survive a long non-result line; stderr is never a verdict (157.713071ms)
✔ signal termination is recorded and logs survive a clone (LOOP-043) (135.595025ms)
✔ working agreements and ignore changes are Cairn records inside the footprint (133.417972ms)
✔ a clean package passes (44.662432ms)
✔ PKG-001: a dependency, or a service manifest (82.734887ms)
✔ PKG-002: ignoring evidence or other durable state (38.620281ms)
✔ PKG-003: a command, a directory, or a record kind no decision names (127.280372ms)
✔ PKG-004: a kernel over 1500 lines (40.458616ms)
✔ PKG-006: a skill step naming a vendor's product (38.484285ms)
✔ PKG-008: a non-ASCII character in a tracked text file (48.231394ms)
✔ PKG-009: the kernel importing from tests (43.991463ms)
✔ PKG-012: a network call or a model vendor in the kernel (84.733139ms)
✔ PKG-013: deferral language, but not in code, quotes, or a rule (85.903982ms)
✔ this repository passes the package lint (44.517638ms)
✔ a tracked path deleted from the working tree is skipped, not a crash (43.802078ms)
✔ a sentence in a Formats section is not a record kind (44.552006ms)
✔ a record kind named by its path alone is checked (33.596522ms)
✔ PKG-002: a tracked in-progress record (40.291618ms)
✔ PKG-002: ignoring evidence alone is a finding (41.214886ms)
✔ each unmatched input and each duplicate owner is refused before execution (LOOP-044, LOOP-056) (160.30642ms)
✔ an indexed input deleted on disk asks for a commit (LOOP-045) (77.634738ms)
✔ wake and check require a Git working tree (LOOP-046) (72.440755ms)
✔ recovery removes only dead kernel run records and identifies a live owner (LOOP-054, LOOP-055) (169.058883ms)
✔ an agent action based behind a clean HEAD appears committed (LOOP-027) (114.452788ms)
✔ realization needs a real commit and a subject (DEC-006) (138.293319ms)
✔ 1500 binary inputs digest identically at the review commit in under a second (LOOP-024, LOOP-032) (397.090783ms)
✔ merged work is excluded but a later own commit is a breach (LOOP-047) (125.675081ms)
✔ exact Current tenure ignores prefix matches and earlier visits to the same slug (LOOP-035) (133.093641ms)
✔ a kernel run records its supervising PID (LOOP-054) (98.433433ms)
✔ a merged declared input still stales evidence (LOOP-047) (169.799791ms)
✔ wildcard and magic pathspecs select the same historical inputs (LOOP-024, LOOP-032) (1038.242488ms)
✔ historical selection retains deleted files and excludes new ones (LOOP-024, LOOP-035) (673.14374ms)
✔ explicit reporting with no lines and exit 0 establishes no requirement verdicts (175.243638ms)
✔ explicit reporting with no lines and exit 1 establishes no requirement verdicts (161.661628ms)
✔ a reporter that cannot start keeps execution diagnostics without blaming requirements (96.124323ms)
✔ large output cannot kill a reporter or invent a requirement verdict (119.819225ms)
✔ explicit mode ignores cairn: R-999: pass (102.672988ms)
✔ explicit mode ignores cairn: R-001: unverified (101.50363ms)
✔ explicit mode ignores cairn: R-001: passed (106.850529ms)
✔ explicit results survive nonzero exit and contradictory duplicates still fail (200.738293ms)
✔ unverified results across changed inputs never become failed attempts (527.472025ms)
✔ legacy exit 0 retains its interpretation (105.939691ms)
✔ legacy exit 1 retains its interpretation (106.029454ms)
✔ a misspelled reporting mode is refused before execution (82.948556ms)
✔ changed requirement blocks unchecked reruns and makes the completion review stale (LOOP-058, LOOP-059) (660.606786ms)
✔ falsifier changes need review; separate rationale and other requirements do not change a receipt (408.463396ms)
✔ legacy receipts recover requirement identity from their commit; unavailable history requires review (390.164425ms)
✔ check refuses uncommitted requirement text and mechanism review markers (410.586251ms)
✔ tightened response limit cannot reuse the old passing check (613.697429ms)
✔ a declared input over 1 MiB agrees at a commit and in the tree (LOOP-060) (258.723422ms)
✔ a failed Git blob read cannot be hashed as an empty blob (226.585408ms)
✔ Git listings over 1 MiB include the last declared input (614.634953ms)
✔ requirement identity excludes fenced examples and status dates (260.540854ms)
✔ backlog writes the item; a second with the same title is refused, never overwritten (LOOP-016) (76.86046ms)
✔ a commit inside the footprint: check runs; outside it: check names the path and does not run (LOOP-035) (217.674544ms)
✔ a file under .cairn/ or docs/ is never a breach (198.846586ms)
✔ declaring the path as an input clears the breach (141.877812ms)
✔ a revert preserves the record of an out-of-scope commit (LOOP-047) (143.498455ms)
✔ a commitment naming a requirement the spec set does not hold as Agreed is repaired (LOOP-029) (41.215219ms)
✔ a requirement in a Draft spec file is not Agreed (47.743273ms)
✔ working agreements and the ignore file are Cairn records (LOOP-035, LOOP-036) (164.704236ms)
✔ the over-asking rule is gone from both skills (SPEC-005, SPEC-006) (0.65009ms)
✔ a decision during the phase is recorded (DEC-003) (0.072804ms)
✔ understanding is restated before writing (SPEC-003) (0.047283ms)
✔ falsifiers are proposed as one set and confirmed by exception (SPEC-004) (0.11857ms)
✔ depth is inferred and domains derived, never asked or imposed (SPEC-008, SPEC-009) (0.096055ms)
✔ a term enters the glossary at first occurrence (SPEC-010) (0.057808ms)
✔ the phase ends at the first commitment, and later ones are specified during the loop (SPEC-011, SPEC-012) (0.050627ms)
✔ a requirement goes Agreed only with a nameable mechanism (SPEC-013) (0.042862ms)
✔ review before agreement, recording what it attacked (SPEC-014, SPEC-015) (0.057928ms)
✔ no spec file without requirements; nothing Agreed without a falsifier (SPEC-001, SPEC-002) (0.080387ms)
✔ Observed is marked, and is not contract (SPEC-016, SPEC-017) (0.053296ms)
✔ the skills exclude artifacts outside Cairn's workflow (0.088706ms)
✔ the working agreement names the agent's move for each verdict and the write-ahead record (LOOP-036) (0.107302ms)
✔ the working agreement names the developer's moves (LOOP-036, DEC-014) (0.058296ms)
✔ this repository runs by the file it ships (0.288407ms)
✔ both skills write the working agreement without naming a vendor's file (LOOP-036, PKG-006) (0.098963ms)
✔ the working agreement says what an attempt is (LOOP-036, DEC-017, DEC-018) (0.045584ms)
✔ the working agreement says a failure no footprint change can address is an escalation, and where an inherited requirement is repaired (DEC-019, LOOP-057) (0.034039ms)
✔ a two-obligation sentence is named (PKG-007) (21.934966ms)
✔ an obligation with no actor is named (PKG-010) (29.608982ms)
✔ a leading condition clause is not the actor, and the actor after it counts (23.67876ms)
✔ an Agreed requirement with no falsifier is named (SPEC-002); a Draft one is not (63.951381ms)
✔ prose after a Draft requirement with no falsifier is not scanned as requirement text (20.943825ms)
✔ a spec declaring a prefix with no requirement is named (SPEC-001) (30.023441ms)
✔ a keyword in backticks or quotes is a mention, not an obligation (20.731709ms)
✔ this repository's own specification passes the lint (33.358556ms)
✔ duplicate identifiers are rejected within a file and across files (SPEC-020) (63.29131ms)
✔ references resolve across files; missing references name their source (SPEC-021) (51.886585ms)
✔ code examples and quoted mentions are neither definitions nor references (22.47789ms)
✔ machine-local paths are findings in prose, links, quotes, and examples (SPEC-019) (290.768333ms)
✔ relative paths, URLs, slash commands, and character mentions are not absolute path findings (26.395537ms)
✔ supersede writes both lines, and the old record keeps every word it had (DEC-008, DEC-010) (50.282387ms)
✔ supersede without a cause, or with one outside the four, is refused (DEC-009) (88.650473ms)
✔ supersede of a record that does not exist is refused (44.798464ms)
✔ a predecessor with no title line cannot be stamped, so nothing is written (40.630463ms)
✔ reversals reports counts by decider, cause, and domain (DEC-011) (98.576423ms)
✔ decide in a domain with a reversal is refused without --history, naming the reversal; with it, the record carries History (DEC-012) (102.667125ms)
✔ decide in a domain with no reversals needs no --history (64.808503ms)
✔ a record resting on prose alone is in the domain unspecified, and so is the next one (78.732252ms)
✔ step 1: an in-progress record is reconciled before anything else (47.260196ms)
✔ step 2: an open escalation is presented and nothing else happens (54.114628ms)
✔ an answered escalation is not open (184.71341ms)
✔ step 3: a decision with no realized-by is built, first by name (46.623217ms)
✔ a superseded decision with no realized-by is not work (57.102672ms)
✔ step 6: a mechanism that has never run is run, not implemented (60.351743ms)
✔ step 6: a requirement whose mechanism fails is implemented (192.548469ms)
✔ step 6 before step 7: failing evidence outranks a missing mechanism (150.819429ms)
✔ step 7: a requirement with no mechanism is declared (57.53359ms)
✔ step 10: every requirement current and passing, review clean, is Done (173.980615ms)
✔ malformed roadmap is Resolvable, not fatal (43.980074ms)
✔ a commitment naming no requirements is Resolvable (42.875584ms)
✔ the primary test: two wakes on the same checkout give the same action (73.681983ms)
✔ outside a cairn repository wake cannot run (28.667657ms)
✔ the loop never waits on the review queue (DEC-015) (158.128657ms)
✔ the linked walkthrough runs from agreement through the next commitment (PKG-016) (554.821741ms)
ℹ tests 169
ℹ suites 0
ℹ pass 169
ℹ fail 0
ℹ cancelled 0
ℹ skipped 0
ℹ todo 0
ℹ duration_ms 5003.676991
