✔ a Draft block overrides an Agreed file for both wake and check (SPEC-018) (188.225264ms)
✔ an Agreed block overrides a Draft file in the kernel and lint (SPEC-018, SPEC-002) (541.69273ms)
✔ a block Status does not become the file default, including inside examples (SPEC-018) (306.347996ms)
✔ block status without a value does not inherit Agreed by accident (SPEC-018) (68.837151ms)
✔ inheritance needs a file Scope and includes only Agreed blocks, regardless of prefix (PKG-015) (1312.364826ms)
✔ Scope inside a requirement or fenced example does not declare inheritance (PKG-015) (618.228755ms)
✔ LOOP-063: reject input mutation during a check and retain diagnostics (330.083059ms)
✔ LOOP-063: reject deletion mutation during a check and retain diagnostics (368.044646ms)
✔ LOOP-063: reject addition mutation during a check and retain diagnostics (336.834647ms)
✔ LOOP-063: reject mode mutation during a check and retain diagnostics (320.992758ms)
✔ LOOP-063: reject specification mutation during a check and retain diagnostics (288.739322ms)
✔ LOOP-063: reject declaration mutation during a check and retain diagnostics (270.815675ms)
✔ LOOP-063: reject commit mutation during a check and retain diagnostics (260.243324ms)
✔ LOOP-063: committed input mutation during execution cannot certify the replacement (257.945548ms)
✔ LOOP-064: removing executable permission makes passing evidence stale (413.527789ms)
✔ LOOP-064: a mode-only change also invalidates the previous review after new evidence (619.547061ms)
✔ LOOP-064: changing a regular file into a link with identical identity bytes is stale (698.006511ms)
✔ LOOP-063: an unchanged candidate still records a pass despite unrelated working-tree edits (188.906243ms)
✔ LOOP-064: current and historical input ordering agrees for Unicode filenames (290.886247ms)
✔ LOOP-063: Git status hiding content changes cannot certify an uncommitted candidate (108.540471ms)
✔ LOOP-063: Git status hiding mode changes cannot certify an uncommitted candidate (101.470468ms)
✔ LOOP-066: one check owns execution with a kernel action record (462.502455ms)
✔ LOOP-066: one check owns execution with an agent action record (354.369572ms)
✔ LOOP-066: a live lock is named and never silently overwritten (104.023928ms)
✔ LOOP-066: a dead lock is named and never silently overwritten (117.593474ms)
✔ LOOP-066: a incomplete lock is named and never silently overwritten (109.340354ms)
✔ LOOP-066: an execution error releases the check lock for a corrected rerun (392.464109ms)
✔ LOOP-066: a live kernel action from an older Cairn also blocks execution (57.526238ms)
✔ LOOP-066: separate Git worktrees can run checks independently (338.337261ms)
✔ after a green check --stale runs nothing; after one input changes it runs only that mechanism (LOOP-094) (946.971911ms)
✔ a mechanism speaking for two stale requirements runs once and refreshes both (LOOP-094, LOOP-040) (547.118283ms)
✔ a fresh failure and an unverified result are skipped with implement named (LOOP-094) (498.85723ms)
✔ --stale with a requirement identifier is refused (LOOP-094) (43.927439ms)
✔ check refuses a dirty declared input and names it; a dirty undeclared file does not block (422.98685ms)
✔ check writes one record per requirement carrying the full receipt (306.721497ms)
✔ a nonzero exit records fail, and the receipt keeps the exit code (296.93957ms)
✔ two checks write two records; nothing is overwritten or deleted (507.678585ms)
✔ a commit changing a declared input makes evidence stale; an undeclared one does not (545.081331ms)
✔ a regression is named before a requirement that never passed (710.013869ms)
✔ three attempts with no escalation since: wake says escalate, not a fourth (DEC-016, DEC-017, DEC-018) (1817.645591ms)
✔ the review gate: no review, stale review, open finding, then Done (912.41467ms)
✔ Done is refused while any requirement lacks current passing evidence (77.277002ms)
✔ check names a requested requirement that no mechanism claims (109.955472ms)
✔ check writes and clears an in-progress record around the run (184.892019ms)
✔ a linked declared input digests the same at a commit and in the tree (LOOP-023, LOOP-024) (393.780062ms)
✔ a result line is the mechanism's statement about one requirement; what it did not mention is unverified (LOOP-037, LOOP-052) (198.350886ms)
✔ a mechanism that says nothing is read by its exit code for every requirement (LOOP-039) (188.223816ms)
✔ unverified is not an attempt, and a return to an earlier failed digest counts once (DEC-017, DEC-018) (1575.886024ms)
✔ a result line for a requirement the mechanism does not speak for is named and writes nothing (LOOP-038) (191.772854ms)
✔ a result line inside ordinary output, or without the marker, does not count (185.198535ms)
✔ a targeted check runs the named requirements' mechanisms and records every requirement they speak for (LOOP-040) (173.629368ms)
✔ two result lines for one requirement: a fail on any line wins (185.404942ms)
✔ three runs at one digest with no attempt since: the verdict stays implement and names DEC-019; an escalation naming it among others clears the hint (DEC-019, LOOP-053) (857.164156ms)
✔ a complete commitment with an unpromoted backlog item names promote, and a stamped item lets it reach Done (LOOP-087) (838.356292ms)
✔ an empty backlog with a next-iteration item names an escalation recommending what to specify next; both empty is Done (LOOP-091) (562.810141ms)
✔ a promotion marker must resolve to a decision record (LOOP-088) (191.526545ms)
✔ a commitment promoted from an item needs a decision record naming the item (LOOP-088) (187.145594ms)
✔ the spec lint reports a promotion marker with no decision record (LOOP-088) (63.198444ms)
✔ a promoted commitment that changes an Agreed requirement or the working agreement is an escalation; an unpromoted one is not (LOOP-089, LOOP-090) (1119.654159ms)
✔ a capture from one of the commitment's own requirements needs Outside because: or an escalation (LOOP-092) (1269.789654ms)
✔ a next-iteration item names what it would change, and the capture refuses one that does not (LOOP-093) (364.556512ms)
✔ an answered next-iteration escalation makes wake name specify: the recommended item on ok, the named one on instead (LOOP-091) (1357.163362ms)
✔ writes a record with every required field and an empty realized-by (28.804262ms)
✔ a Consequential decision is queued for review (39.283223ms)
✔ a Consequential decision is queued even when .cairn/queue does not exist yet (59.143786ms)
✔ Routine is refused: routine decisions produce no record (45.306634ms)
✔ a missing field is a usage error and nothing is written (39.741262ms)
✔ supersedes requires a classified cause, and the old record must exist (126.069437ms)
✔ an existing record is not overwritten (89.482412ms)
✔ a queued decision stays queued; nothing but the developer removes it (DEC-014) (87.239111ms)
✔ LOOP-067: missing inputs names a declaration repair before execution (130.152445ms)
✔ LOOP-067: empty inputs names a declaration repair before execution (122.82459ms)
✔ LOOP-067: missing command names a declaration repair before execution (124.498489ms)
✔ LOOP-067: list command names a declaration repair before execution (124.935994ms)
✔ LOOP-067: empty command names a declaration repair before execution (141.682286ms)
✔ LOOP-067: missing requirements names a declaration repair before execution (131.777671ms)
✔ LOOP-067: bad identifier names a declaration repair before execution (118.439136ms)
✔ LOOP-067: scalar one-item lists retain their existing meaning (276.174681ms)
✔ LOOP-068: a unpopulated gitlink is refused by name (140.88022ms)
✔ LOOP-068: a populated gitlink is refused by name (141.574521ms)
✔ LOOP-069: identical selections across 100 mechanisms use at most 20 Git processes (123.743542ms)
✔ escalate writes the six-line format followed by its facts, and wake presents it (130.224958ms)
✔ a missing or multi-line field is refused with the field named, and nothing is written (98.47218ms)
✔ a Blocking escalation that fails the format is written anyway, naming the malformed field (LOOP-014) (117.338452ms)
✔ a --level other than Blocking is refused rather than silently losing the bypass (52.287372ms)
✔ a second escalation while one is open is refused (LOOP-011) (96.853019ms)
✔ answer records the reply; wake no longer presents it; a second answer is refused (221.702913ms)
✔ answer to an unknown escalation is refused (53.332879ms)
✔ a stranger resumes from the file alone: question and answer are both in it (LOOP-013) (99.325404ms)
✔ after an answer, the same concern can be escalated again under a new name (150.607997ms)
✔ an escalation exists when its file does, committed or not (LOOP-009) (57.498149ms)
✔ developer answers require one of the three forms and cannot inject fields (LOOP-048) (450.891551ms)
✔ ask, agent explanation, another ask, and ok stay ordered in one file (LOOP-049, LOOP-050, LOOP-014) (557.23945ms)
✔ fresh closed answers accompany only concerned requirements until new evidence (LOOP-051) (590.180622ms)
✔ LOOP-065: delete of output refuses Done and a new run recovers (1012.82514ms)
✔ LOOP-065: corrupt of output refuses Done and a new run recovers (864.87086ms)
✔ LOOP-065: delete of stderr_output refuses Done and a new run recovers (763.640682ms)
✔ LOOP-065: corrupt of stderr_output refuses Done and a new run recovers (690.982171ms)
✔ LOOP-065: a receipt without output needs a new check (401.492654ms)
✔ LOOP-065: a receipt without output_digest needs a new check (392.514294ms)
✔ LOOP-065: a receipt without stderr_output needs a new check (378.284178ms)
✔ LOOP-065: a receipt without stderr_digest needs a new check (364.71387ms)
✔ LOOP-065: legacy unverifiable output is rerun without rewriting history (651.852131ms)
✔ LOOP-070: a later failure is latest even when the clock moves backward (877.233484ms)
✔ LOOP-070: receipt collisions at one clock instant retain execution order beyond nine suffixes (2544.721886ms)
✔ LOOP-070: imported branch receipts stale a later sequence until a new check incorporates them (973.640959ms)
✔ LOOP-070: legacy receipts need one ordered check and remain byte-for-byte unchanged (490.996701ms)
✔ LOOP-070: edit of a prior receipt requires fresh evidence (469.630958ms)
✔ LOOP-070: remove of a prior receipt requires fresh evidence (468.251903ms)
✔ LOOP-075: supporting evidence file README.md does not become a receipt (501.797518ms)
✔ LOOP-075: supporting evidence file notes.txt does not become a receipt (497.696834ms)
✔ LOOP-075: supporting evidence file support does not become a receipt (489.369607ms)
✔ LOOP-075: supporting evidence file .DS_Store does not become a receipt (473.458626ms)
✔ LOOP-075: malformed receipt requirement=R-999 names a repair before execution (337.453851ms)
✔ LOOP-075: malformed receipt result=success names a repair before execution (349.655237ms)
✔ LOOP-075: malformed receipt sequence=NaN names a repair before execution (348.570465ms)
✔ LOOP-075: malformed receipt sequence=9007199254740992 names a repair before execution (344.892242ms)
✔ LOOP-075: malformed receipt sequence=
  - 1 names a repair before execution (325.105238ms)
✔ LOOP-075: malformed receipt history_digest=wrong names a repair before execution (342.016266ms)
✔ LOOP-075: a receipt-shaped directory is a named repair instead of an EISDIR crash (267.656852ms)
✔ LOOP-070: an earlier escalation cannot cover three new attempts after clock rollback (917.638199ms)
✔ LOOP-070: an answer becomes old after a later check even if that check's timestamp is earlier (603.540264ms)
✔ LOOP-070: the newest answer wins between checks even when its clock timestamp is older (354.104971ms)
✔ LOOP-070: legacy escalation dates cover old receipts but not three newer sequenced runs (1284.597779ms)
✔ a PKG requirement the commitment does not name is declared, run, and gates Done (PKG-011) (1469.072595ms)
✔ a PKG requirement in a Draft spec is not folded in (344.531072ms)
✔ LOOP-076/079: stale inputs identify the receipt and the check to run (583.913353ms)
✔ LOOP-077: names a content change using checked input identity (574.004809ms)
✔ LOOP-077: names a mode change using checked input identity (513.061355ms)
✔ LOOP-077: names a kind change using checked input identity (443.688818ms)
✔ LOOP-077: names a added change using checked input identity (412.670512ms)
✔ LOOP-077: names a removed change using checked input identity (393.699251ms)
✔ LOOP-077: names a link-target change using checked input identity (604.477247ms)
✔ LOOP-077: changed selection compares the old and new input sets (386.996826ms)
✔ LOOP-077: raw CRLF changes remain visible when Git-clean content agrees (367.832842ms)
✔ LOOP-077: detail output is sorted, bounded, and reports the omitted count (418.640109ms)
✔ LOOP-077: filenames cannot inject lines or terminal controls into explanations (360.553597ms)
✔ LOOP-077: receipts from one run share details and do not store source contents (283.517727ms)
✔ LOOP-078/080: legacy optional detail limits explanation without changing standing (468.935628ms)
✔ LOOP-078/080: invalid-field optional detail limits explanation without changing standing (502.407678ms)
✔ LOOP-078/080: missing optional detail limits explanation without changing standing (454.519032ms)
✔ LOOP-078/080: invalid-json optional detail limits explanation without changing standing (459.317979ms)
✔ LOOP-078/080: mismatched optional detail limits explanation without changing standing (448.978136ms)
✔ LOOP-078/080: duplicate optional detail limits explanation without changing standing (461.102481ms)
✔ LOOP-078/080: unsafe-path optional detail limits explanation without changing standing (465.154501ms)
✔ LOOP-078/080: directory optional detail limits explanation without changing standing (449.379927ms)
✔ LOOP-078/080: symlink optional detail limits explanation without changing standing (463.225616ms)
✔ LOOP-078: unavailable old requirement text is not claimed as a proven change (382.878558ms)
✔ LOOP-076/079: changed requirements identify evidence and retain review-before-check guidance (350.891718ms)
✔ LOOP-078: simultaneous input and output damage keep both reasons (377.67288ms)
✔ LOOP-080: deterministic freshness sequence seed=7 (7364.283308ms)
✔ LOOP-080: deterministic freshness sequence seed=42 (5658.031173ms)
✔ LOOP-080: deterministic freshness sequence seed=913 (4458.161523ms)
✔ LOOP-080: agreement changes, mechanism review, checks, and completion review retain priority (1155.155362ms)
✔ LOOP-080: imported receipt history demands a rerun without a false input explanation (1206.355144ms)
✔ LOOP-073: clean CRLF input completes under attributes (487.884298ms)
✔ LOOP-073: clean CRLF input completes under autocrlf (440.650435ms)
✔ LOOP-073: raw line-ending mutation during a run is rejected even when Git still sees the same content (194.127031ms)
✔ LOOP-073: execution evidence changes when clean conversion preserves committed identity (725.540844ms)
✔ LOOP-073: Git clean filters use Git's conversion while retaining raw evidence identity (353.734234ms)
✔ LOOP-073: failure of a required Git filter cannot record evidence (99.375451ms)
✔ LOOP-073: a clean filter moving HEAD during ending validation prevents evidence (444.462011ms)
✔ LOOP-073: canonical Git identities handle links without reading their targets (324.779248ms)
✔ LOOP-073: Git conversion keeps raw Unicode and control-character input paths (300.986452ms)
✔ LOOP-073: conversion and links work in a SHA-256 Git repository (322.201225ms)
✔ LOOP-074: historical specification filename "café.md" remains reviewable (310.155762ms)
✔ LOOP-074: historical specification filename "spec\ttab.md" remains reviewable (316.945213ms)
✔ LOOP-074: historical specification filename "spec\nline.md" remains reviewable (299.692195ms)
✔ help works outside a repository without running a command (PKG-017) (813.711878ms)
✔ help does not hide invalid options or consume literal arguments (152.940463ms)
✔ the stop hook refuses a stop while wake says Resolvable, with the verdict as the reason (PKG-018) (196.393293ms)
✔ the stop hook allows a stop at Done, at Escalate, and outside a Cairn repository (PKG-018) (875.968324ms)
✔ the session-start hook links the command once and prints the verdict in a Cairn repository (PKG-019, PKG-014, PKG-005) (390.562244ms)
✔ the session-start hook prints no verdict outside a Cairn repository and leaves an existing link alone (PKG-019) (39.772169ms)
✔ three megabytes are retained exactly once with matching digests (LOOP-041, LOOP-042) (315.273247ms)
✔ split stdout result lines survive a long non-result line; stderr is never a verdict (335.971846ms)
✔ signal termination is recorded and logs survive a clone (LOOP-043) (330.672867ms)
✔ working agreements and ignore changes are Cairn records inside the footprint (273.911885ms)
✔ a clean package passes (60.235886ms)
✔ PKG-001: a dependency, or a service manifest (122.89373ms)
✔ PKG-002: ignoring evidence or other durable state (61.342967ms)
✔ PKG-003: a command, a directory, or a record kind no decision names (197.845218ms)
✔ PKG-004: a kernel over 1500 lines (60.28419ms)
✔ PKG-006: a skill step naming a vendor's product (60.768418ms)
✔ PKG-008: a non-ASCII character in a tracked text file (62.936027ms)
✔ PKG-009: the kernel importing from tests (55.146577ms)
✔ PKG-012: a network call or a model vendor in the kernel (102.468084ms)
✔ PKG-013: deferral language, but not in code, quotes, or a rule (131.422917ms)
✔ this repository passes the package lint (120.7542ms)
✔ a tracked path deleted from the working tree is skipped, not a crash (68.367619ms)
✔ a sentence in a Formats section is not a record kind (55.80691ms)
✔ a record kind named by its path alone is checked (54.015388ms)
✔ PKG-002: a tracked in-progress record (58.645679ms)
✔ PKG-002: ignoring evidence alone is a finding (53.590255ms)
✔ LOOP-071: decision body metadata does not resolve unbuilt work: "Superseded by: example" (581.029113ms)
✔ LOOP-071: decision body metadata does not resolve unbuilt work: "```text\nSuperseded by: example\n```" (526.250653ms)
✔ LOOP-071: decision body metadata does not resolve unbuilt work: "~~~text\nSuperseded by: example\n~~~" (486.982139ms)
✔ LOOP-071: a fenced realization example is not a resolving commit (422.529715ms)
✔ LOOP-071: a fenced commit inside the realization section is not built (401.136816ms)
✔ LOOP-071: ## Example cannot replace an open review finding (434.476839ms)
✔ LOOP-071: # Example cannot replace an open review finding (406.373329ms)
✔ LOOP-071: ### Example cannot replace an open review finding (404.307991ms)
✔ LOOP-071:   ## Example cannot replace an open review finding (387.10249ms)
✔ LOOP-071: Example paragraph. cannot replace an open review finding (397.646861ms)
✔ LOOP-071: Example
------- cannot replace an open review finding (402.788245ms)
✔ LOOP-071: fenced fields before a real review header are ignored (369.196932ms)
✔ LOOP-071: multiline decision --title cannot inject metadata (310.246647ms)
✔ LOOP-071: multiline decision --decided-by cannot inject metadata (322.879042ms)
✔ LOOP-071: multiline decision --rests-on cannot inject metadata (300.752102ms)
✔ LOOP-071: multiline decision --wrong-if cannot inject metadata (314.812968ms)
✔ LOOP-071: multiline decision --history cannot inject metadata (314.738331ms)
✔ LOOP-072: malformed Blocking concerns stay open: "R-001\nAnswer: ok" (83.488951ms)
✔ LOOP-072: malformed Blocking concerns stay open: "R-001\r\nAnswer: ok" (63.569473ms)
✔ LOOP-072: malformed Blocking concerns stay open: "R-001\rAnswer: ok" (68.971207ms)
✔ LOOP-072: malformed Blocking concerns stay open: "R-001 Answer: ok" (59.349707ms)
✔ LOOP-072: malformed Blocking concerns stay open: "R-001 Answer: ok" (77.936209ms)
✔ LOOP-072: ordinary malformed concerns are refused: "R-001\nR-002" (46.021924ms)
✔ LOOP-072: ordinary malformed concerns are refused: "R-001, prose" (37.522315ms)
✔ LOOP-072: ordinary malformed concerns are refused: " " (38.688493ms)
✔ LOOP-072: a Blocking escalation without concerns is still presented (70.619698ms)
✔ LOOP-072: carriage returns in a Blocking question do not create answer records (73.288425ms)
✔ LOOP-072: explanation separator 8232 cannot close an escalation (116.671151ms)
✔ LOOP-071: decision metadata refuses separator 8232 (303.7803ms)
✔ LOOP-072: explanation separator 8233 cannot close an escalation (119.068939ms)
✔ LOOP-071: decision metadata refuses separator 8233 (316.653737ms)
✔ each unmatched input and each duplicate owner is refused before execution (LOOP-044, LOOP-056) (272.192457ms)
✔ an indexed input deleted on disk asks for a commit (LOOP-045) (134.80739ms)
✔ wake and check require a Git working tree (LOOP-046) (117.287991ms)
✔ recovery removes only dead kernel run records and identifies a live owner (LOOP-054, LOOP-055) (293.56127ms)
✔ an agent action based behind a clean HEAD appears committed (LOOP-027) (161.666296ms)
✔ realization needs a real commit and a subject (DEC-006) (222.857534ms)
✔ 1500 binary inputs digest identically at the review commit in under a second (LOOP-024, LOOP-032) (1126.840568ms)
✔ merged work is excluded but a later own commit is a breach (LOOP-047) (169.265453ms)
✔ exact Current tenure ignores prefix matches and earlier visits to the same slug (LOOP-035) (184.07379ms)
✔ a kernel run records its supervising PID (LOOP-054) (204.75635ms)
✔ a merged declared input still stales evidence (LOOP-047) (313.541397ms)
✔ wildcard and magic pathspecs select the same historical inputs (LOOP-024, LOOP-032) (1749.987381ms)
✔ historical selection retains deleted files and excludes new ones (LOOP-024, LOOP-035) (1162.505813ms)
✔ explicit reporting with no lines and exit 0 establishes no requirement verdicts (413.343754ms)
✔ explicit reporting with no lines and exit 1 establishes no requirement verdicts (399.90901ms)
✔ a reporter that cannot start keeps execution diagnostics without blaming requirements (241.882284ms)
✔ large output cannot kill a reporter or invent a requirement verdict (290.738094ms)
✔ explicit mode ignores cairn: R-999: pass (231.517734ms)
✔ explicit mode ignores cairn: R-001: unverified (232.054325ms)
✔ explicit mode ignores cairn: R-001: passed (209.335352ms)
✔ explicit results survive nonzero exit and contradictory duplicates still fail (417.644738ms)
✔ unverified results across changed inputs never become failed attempts (1099.735237ms)
✔ legacy exit 0 retains its interpretation (193.289618ms)
✔ legacy exit 1 retains its interpretation (196.398278ms)
✔ a misspelled reporting mode is refused before execution (84.350904ms)
✔ changed requirement blocks unchecked reruns and makes the completion review stale (LOOP-058, LOOP-059) (1462.899895ms)
✔ falsifier changes need review; separate rationale and other requirements do not change a receipt (849.25403ms)
✔ legacy receipts recover requirement identity from their commit; unavailable history requires review (708.473874ms)
✔ check refuses uncommitted requirement text and mechanism review markers (633.278935ms)
✔ tightened response limit cannot reuse the old passing check (1132.081195ms)
✔ a declared input over 1 MiB agrees at a commit and in the tree (LOOP-060) (418.303018ms)
✔ a failed Git blob read cannot be hashed as an empty blob (368.192535ms)
✔ Git listings over 1 MiB include the last declared input (1785.276038ms)
✔ requirement identity excludes fenced examples and status dates (455.097623ms)
✔ DemonCoder REM-002 and Status in progress cannot silently satisfy the review gate (LOOP-086) (730.521488ms)
✔ valid open findings retain their behavior (442.581661ms)
✔ valid resolved findings retain their behavior (378.432185ms)
✔ valid empty findings retain their behavior (352.664161ms)
✔ valid mixed valid findings retain their behavior (347.148165ms)
✔ malformed finding "open:" requires repair (307.901446ms)
✔ malformed finding "resolved:   " requires repair (312.161845ms)
✔ malformed finding "Open: incorrect case" requires repair (295.108686ms)
✔ malformed finding "unknown: issue" requires repair (300.160878ms)
✔ malformed finding "\u001b[31mBAD: issue" requires repair (282.547423ms)
✔ the established explicit empty findings list remains valid (309.144627ms)
✔ a scalar findings value requires the supported list format (289.853508ms)
✔ empty footprint names declaration before scope and records no evidence (LOOP-081) (534.920572ms)
✔ first declaration still checks the full earlier history (LOOP-081) (285.672174ms)
✔ an empty current footprint does not block an explicitly requested existing mechanism (LOOP-081) (243.010964ms)
✔ an inherited mechanism provides a footprint even before local mechanisms exist (186.540336ms)
✔ scope reports every path, escapes line breaks, and gives identical remedies (LOOP-082) (168.507545ms)
✔ scope verdict reuses the answered-escalation annotation (LOOP-048, LOOP-051, LOOP-083) (402.219538ms)
✔ a committed scope acknowledgment lets restored history proceed (LOOP-083) (505.497809ms)
✔ scope acknowledgment must be committed before it can clear a breach (495.231891ms)
✔ ordinary ok does not acknowledge scope history (229.151829ms)
✔ scope escalation refuses unrestored paths and names the restoration remedy (206.314896ms)
✔ an invalid scope request still records an explicitly Blocking decision (122.530279ms)
✔ ask and explanation stay open; only the final committed ok acknowledges scope (585.1092ms)
✔ instead is visible but does not silently authorize a scope exception (308.320713ms)
✔ later changes to an acknowledged path still block, including later reverts (947.609742ms)
✔ approval cannot hide another path changed after the snapshot (327.792868ms)
✔ acknowledged history remains conditional on the paths staying restored (530.647653ms)
✔ editing the scope snapshot after answer invalidates its acknowledgment (264.522273ms)
✔ malformed scope metadata cannot suppress a breach (1272.338926ms)
✔ damaged acknowledgment fields cannot suppress a breach (459.766732ms)
✔ scope path matching is literal, including wildcard filenames and control characters (446.256714ms)
✔ scope acknowledgment does not carry into another activation of the same slug (264.748998ms)
✔ restoration checks additions, deletions, executable modes, and symlink kinds (1357.490849ms)
✔ explicit committed retention keeps correct work and requires new evidence and review (LOOP-084, LOOP-085) (1642.294198ms)
✔ a missing declaration covers correct earlier work without retention or revert (370.447818ms)
✔ keep requires scope and an unchanged committed candidate (120.45242ms)
✔ uncommitted retention and instead answers cannot clear the incident (835.778842ms)
✔ retention does not grant future edits, even when reverted to the approved tree (1063.315598ms)
✔ retention cannot cover another path or another activation (509.814195ms)
✔ imported changes must still match the retained tree (506.900267ms)
✔ retention handles additions, deletions, modes, symlinks, and literal filenames (1826.205706ms)
✔ retention cannot convert an existing restoration answer or accept an unknown mode (353.931218ms)
✔ a check failure after retention remains a failure (637.761123ms)
✔ retained paths stay part of the stable checked candidate without extending its footprint (517.366144ms)
✔ retention ask needs an explanation and final committed approval (494.045772ms)
✔ an unknown scope mode remains invalid even with a matching approval digest (265.782563ms)
✔ backlog writes the item; a second with the same title is refused, never overwritten (LOOP-016) (103.503172ms)
✔ a commit inside the footprint: check runs; outside it: check names the path and does not run (LOOP-035) (514.614892ms)
✔ a file under .cairn/ or docs/ is never a breach (430.019626ms)
✔ declaring the path as an input clears the breach (213.492909ms)
✔ a revert preserves the record of an out-of-scope commit (LOOP-047) (219.763661ms)
✔ a commitment naming a requirement the spec set does not hold as Agreed is repaired (LOOP-029) (59.236466ms)
✔ a requirement in a Draft spec file is not Agreed (55.4444ms)
✔ working agreements and the ignore file are Cairn records (LOOP-035, LOOP-036) (353.67071ms)
✔ the over-asking rule is gone from both skills (SPEC-005, SPEC-006) (1.324966ms)
✔ a decision during the phase is recorded (DEC-003) (0.142464ms)
✔ understanding is restated before writing (SPEC-003) (0.338327ms)
✔ falsifiers are proposed as one set and confirmed by exception (SPEC-004) (0.252357ms)
✔ depth is inferred and domains derived, never asked or imposed (SPEC-008, SPEC-009) (0.144377ms)
✔ a term enters the glossary at first occurrence (SPEC-010) (0.211163ms)
✔ the phase ends at the first commitment, and later ones are specified during the loop (SPEC-011, SPEC-012) (0.120106ms)
✔ a requirement goes Agreed only with a nameable mechanism (SPEC-013) (0.099451ms)
✔ review before agreement, recording what it attacked (SPEC-014, SPEC-015) (0.130011ms)
✔ no spec file without requirements; nothing Agreed without a falsifier (SPEC-001, SPEC-002) (0.168675ms)
✔ Observed is marked, and is not contract (SPEC-016, SPEC-017) (0.579697ms)
✔ the skills exclude artifacts outside Cairn's workflow (0.168128ms)
✔ the working agreement names the agent's move for each verdict and the write-ahead record (LOOP-036) (0.189362ms)
✔ the working agreement names the developer's moves (LOOP-036, DEC-014) (0.250196ms)
✔ this repository runs by the file it ships (0.346458ms)
✔ both skills write the working agreement without naming a vendor's file (LOOP-036, PKG-006) (0.44246ms)
✔ the working agreement says what an attempt is (LOOP-036, DEC-017, DEC-018) (0.072921ms)
✔ the working agreement says a failure no footprint change can address is an escalation, and where an inherited requirement is repaired (DEC-019, LOOP-057) (0.065437ms)
✔ the working agreement states the promote, next-iteration, and no-deferral moves (LOOP-029, LOOP-087, LOOP-091, LOOP-092) (0.207012ms)
✔ both skills sort captures into the backlog or next-iteration and forbid deferral (LOOP-029, LOOP-092, LOOP-093) (0.091822ms)
✔ the skill requires a falsifier on every requirement, a MAY included (SPEC-025) (0.110644ms)
✔ the working agreement names the hooks as optional and the install skill registers them for two harnesses (PKG-006, PKG-018, PKG-019) (0.207127ms)
✔ a two-obligation sentence is named (PKG-007) (30.773288ms)
✔ an obligation with no actor is named (PKG-010) (45.170948ms)
✔ a leading condition clause is not the actor, and the actor after it counts (38.695453ms)
✔ an Agreed requirement with no falsifier is named (SPEC-002); a Draft one is not (80.408078ms)
✔ prose after a Draft requirement with no falsifier is not scanned as requirement text (30.526759ms)
✔ a spec declaring a prefix with no requirement is named (SPEC-001) (34.104426ms)
✔ a keyword in backticks or quotes is a mention, not an obligation (39.024916ms)
✔ this repository's own specification passes the lint (69.13821ms)
✔ duplicate identifiers are rejected within a file and across files (SPEC-020) (65.962244ms)
✔ references resolve across files; missing references name their source (SPEC-021) (73.866704ms)
✔ code examples and quoted mentions are neither definitions nor references (33.419489ms)
✔ machine-local paths are findings in prose, links, quotes, and examples (SPEC-019) (360.848949ms)
✔ relative paths, URLs, slash commands, and character mentions are not absolute path findings (32.070555ms)
✔ a slash after a placeholder continues the template (SPEC-019) (71.491443ms)
✔ a host path is a finding until the file declares it (SPEC-019, SPEC-024) (64.18845ms)
✔ declared host paths cover children with a slash boundary and stay file-local (108.976543ms)
✔ a host-path declaration inside a requirement or example grants no exception (105.553482ms)
✔ host-path declarations require absolute or home-relative entries (151.646276ms)
✔ an Agreed block whose only keyword is MAY needs a falsifier like any other (SPEC-025, SPEC-002) (58.361699ms)
✔ supersede writes both lines, and the old record keeps every word it had (DEC-008, DEC-010) (71.311739ms)
✔ supersede without a cause, or with one outside the four, is refused (DEC-009) (104.322223ms)
✔ supersede of a record that does not exist is refused (59.333691ms)
✔ a predecessor with no title line cannot be stamped, so nothing is written (58.021358ms)
✔ reversals reports counts by decider, cause, and domain (DEC-011) (154.927514ms)
✔ decide in a domain with a reversal is refused without --history, naming the reversal; with it, the record carries History (DEC-012) (136.188202ms)
✔ decide in a domain with no reversals needs no --history (98.568965ms)
✔ a record resting on prose alone is in the domain unspecified, and so is the next one (103.634227ms)
✔ step 1: an in-progress record is reconciled before anything else (78.116628ms)
✔ step 2: an open escalation is presented and nothing else happens (81.388765ms)
✔ an answered escalation is not open (459.27248ms)
✔ step 3: a decision with no realized-by is built, first by name (73.995623ms)
✔ a superseded decision with no realized-by is not work (123.478891ms)
✔ step 6: a mechanism that has never run is run, not implemented (121.599176ms)
✔ step 6: a requirement whose mechanism fails is implemented (460.371556ms)
✔ step 6 before step 7: failing evidence outranks a missing mechanism (318.610321ms)
✔ step 7: a requirement with no mechanism is declared (82.257607ms)
✔ step 10: every requirement current and passing, review clean, is Done (323.728271ms)
✔ malformed roadmap is Resolvable, not fatal (54.03699ms)
✔ a commitment naming no requirements is Resolvable (57.49237ms)
✔ the primary test: two wakes on the same checkout give the same action (89.105204ms)
✔ outside a cairn repository wake cannot run (32.884203ms)
✔ the loop never waits on the review queue (DEC-015) (304.792608ms)
✔ the linked walkthrough runs from agreement through the next commitment (PKG-016) (1214.333031ms)
ℹ tests 379
ℹ suites 0
ℹ pass 379
ℹ fail 0
ℹ cancelled 0
ℹ skipped 0
ℹ todo 0
ℹ duration_ms 19930.758393
