✔ a Draft block overrides an Agreed file for both wake and check (SPEC-018) (139.08744ms)
✔ an Agreed block overrides a Draft file in the kernel and lint (SPEC-018, SPEC-002) (439.126652ms)
✔ a block Status does not become the file default, including inside examples (SPEC-018) (628.301352ms)
✔ block status without a value does not inherit Agreed by accident (SPEC-018) (66.497606ms)
✔ inheritance needs a file Scope and includes only Agreed blocks, regardless of prefix (PKG-015) (810.067068ms)
✔ Scope inside a requirement or fenced example does not declare inheritance (PKG-015) (307.509211ms)
✔ check refuses a dirty declared input and names it; a dirty undeclared file does not block (235.70591ms)
✔ check writes one record per requirement carrying the full receipt (399.942395ms)
✔ a nonzero exit records fail, and the receipt keeps the exit code (219.448793ms)
✔ two checks write two records; nothing is overwritten or deleted (360.071319ms)
✔ a commit changing a declared input makes evidence stale; an undeclared one does not (517.845633ms)
✔ a regression is named before a requirement that never passed (273.990575ms)
✔ three attempts with no escalation since: wake says escalate, not a fourth (DEC-016, DEC-017, DEC-018) (841.9041ms)
✔ the review gate: no review, stale review, open finding, then Done (686.22464ms)
✔ Done is refused while any requirement lacks current passing evidence (48.915952ms)
✔ check names a requested requirement that no mechanism claims (67.830174ms)
✔ check writes and clears an in-progress record around the run (96.509633ms)
✔ a linked declared input digests the same at a commit and in the tree (LOOP-023, LOOP-024) (209.478557ms)
✔ a result line is the mechanism's statement about one requirement; what it did not mention is unverified (LOOP-037, LOOP-052) (98.708761ms)
✔ a mechanism that says nothing is read by its exit code for every requirement (LOOP-039) (109.57439ms)
✔ unverified is not an attempt, and a return to an earlier failed digest counts once (DEC-017, DEC-018) (842.764803ms)
✔ a result line for a requirement the mechanism does not speak for is named and writes nothing (LOOP-038) (86.727238ms)
✔ a result line inside ordinary output, or without the marker, does not count (99.087938ms)
✔ a targeted check runs the named requirements' mechanisms and records every requirement they speak for (LOOP-040) (94.642796ms)
✔ two result lines for one requirement: a fail on any line wins (85.499218ms)
✔ three runs at one digest with no attempt since: the verdict stays implement and names DEC-019; an escalation naming it among others clears the hint (DEC-019, LOOP-053) (398.774032ms)
✔ writes a record with every required field and an empty realized-by (40.044699ms)
✔ a Consequential decision is queued for review (28.925924ms)
✔ a Consequential decision is queued even when .cairn/queue does not exist yet (34.675544ms)
✔ Routine is refused: routine decisions produce no record (35.414033ms)
✔ a missing field is a usage error and nothing is written (37.469406ms)
✔ supersedes requires a classified cause, and the old record must exist (139.435869ms)
✔ an existing record is not overwritten (85.460496ms)
✔ a queued decision stays queued; nothing but the developer removes it (DEC-014) (74.035704ms)
✔ escalate writes the six-line format followed by its facts, and wake presents it (77.423578ms)
✔ a missing or multi-line field is refused with the field named, and nothing is written (75.799ms)
✔ a Blocking escalation that fails the format is written anyway, naming the malformed field (LOOP-014) (119.531136ms)
✔ a --level other than Blocking is refused rather than silently losing the bypass (55.241649ms)
✔ a second escalation while one is open is refused (LOOP-011) (111.497465ms)
✔ answer records the reply; wake no longer presents it; a second answer is refused (299.406937ms)
✔ answer to an unknown escalation is refused (48.35957ms)
✔ a stranger resumes from the file alone: question and answer are both in it (LOOP-013) (160.021501ms)
✔ after an answer, the same concern can be escalated again under a new name (175.603595ms)
✔ an escalation exists when its file does, committed or not (LOOP-009) (77.30343ms)
✔ developer answers require one of the three forms and cannot inject fields (LOOP-048) (495.125637ms)
✔ ask, agent explanation, another ask, and ok stay ordered in one file (LOOP-049, LOOP-050, LOOP-014) (386.296794ms)
✔ fresh closed answers accompany only concerned requirements until new evidence (LOOP-051) (329.106592ms)
✔ a PKG requirement the commitment does not name is declared, run, and gates Done (PKG-011) (1359.681891ms)
✔ a PKG requirement in a Draft spec is not folded in (333.316872ms)
✔ the script links cairn and the skills, and the linked cairn runs (PKG-014, PKG-005) (135.573386ms)
✔ a link owned by another package is kept; --force replaces it; --unlink removes ours and leaves a stranger's (105.565633ms)
✔ --force never replaces a real directory (47.060245ms)
✔ three megabytes are retained exactly once with matching digests (LOOP-041, LOOP-042) (161.133327ms)
✔ split stdout result lines survive a long non-result line; stderr is never a verdict (202.738702ms)
✔ signal termination is recorded and logs survive a clone (LOOP-043) (415.81719ms)
✔ working agreements and ignore changes are Cairn records inside the footprint (210.863553ms)
✔ a clean package passes (43.037304ms)
✔ PKG-001: a dependency, or a service manifest (80.951629ms)
✔ PKG-002: ignoring evidence or other durable state (49.702778ms)
✔ PKG-003: a command, a directory, or a record kind no decision names (210.357202ms)
✔ PKG-004: a kernel over 1500 lines (45.597915ms)
✔ PKG-006: a skill step naming a vendor's product (179.418427ms)
✔ PKG-008: a non-ASCII character in a tracked text file (76.923572ms)
✔ PKG-009: the kernel importing from tests (155.816254ms)
✔ PKG-012: a network call or a model vendor in the kernel (147.069443ms)
✔ PKG-013: deferral language, but not in code, quotes, or a rule (150.359104ms)
✔ this repository passes the package lint (108.74342ms)
✔ a tracked path deleted from the working tree is skipped, not a crash (75.715535ms)
✔ a sentence in a Formats section is not a record kind (86.487332ms)
✔ a record kind named by its path alone is checked (130.473987ms)
✔ PKG-002: a tracked in-progress record (83.706576ms)
✔ PKG-002: ignoring evidence alone is a finding (71.136438ms)
✔ each unmatched input and each duplicate owner is refused before execution (LOOP-044, LOOP-056) (263.194219ms)
✔ an indexed input deleted on disk asks for a commit (LOOP-045) (266.319673ms)
✔ wake and check require a Git working tree (LOOP-046) (160.028774ms)
✔ recovery removes only dead kernel run records and identifies a live owner (LOOP-054, LOOP-055) (368.055867ms)
✔ an agent action based behind a clean HEAD appears committed (LOOP-027) (229.643503ms)
✔ realization needs a real commit and a subject (DEC-006) (330.132074ms)
✔ 1500 binary inputs digest identically at the review commit in under a second (LOOP-024, LOOP-032) (353.238269ms)
✔ merged work is excluded but a later own commit is a breach (LOOP-047) (120.383505ms)
✔ exact Current tenure ignores prefix matches and earlier visits to the same slug (LOOP-035) (127.354079ms)
✔ a kernel run records its supervising PID (LOOP-054) (99.626589ms)
✔ a merged declared input still stales evidence (LOOP-047) (164.170063ms)
✔ wildcard and magic pathspecs select the same historical inputs (LOOP-024, LOOP-032) (1105.604117ms)
✔ historical selection retains deleted files and excludes new ones (LOOP-024, LOOP-035) (711.62421ms)
✔ explicit reporting with no lines and exit 0 establishes no requirement verdicts (233.20432ms)
✔ explicit reporting with no lines and exit 1 establishes no requirement verdicts (273.235724ms)
✔ a reporter that cannot start keeps execution diagnostics without blaming requirements (187.338236ms)
✔ large output cannot kill a reporter or invent a requirement verdict (169.523828ms)
✔ explicit mode ignores cairn: R-999: pass (372.44323ms)
✔ explicit mode ignores cairn: R-001: unverified (171.830403ms)
✔ explicit mode ignores cairn: R-001: passed (213.063023ms)
✔ explicit results survive nonzero exit and contradictory duplicates still fail (224.492247ms)
✔ unverified results across changed inputs never become failed attempts (506.705585ms)
✔ legacy exit 0 retains its interpretation (89.826258ms)
✔ legacy exit 1 retains its interpretation (84.841402ms)
✔ a misspelled reporting mode is refused before execution (90.497004ms)
✔ changed requirement blocks unchecked reruns and makes the completion review stale (LOOP-058, LOOP-059) (1067.459315ms)
✔ falsifier changes need review; separate rationale and other requirements do not change a receipt (735.946301ms)
✔ legacy receipts recover requirement identity from their commit; unavailable history requires review (359.040365ms)
✔ check refuses uncommitted requirement text and mechanism review markers (367.059355ms)
✔ tightened response limit cannot reuse the old passing check (602.65947ms)
✔ a declared input over 1 MiB agrees at a commit and in the tree (LOOP-060) (309.960032ms)
✔ a failed Git blob read cannot be hashed as an empty blob (229.501307ms)
✔ Git listings over 1 MiB include the last declared input (636.408031ms)
✔ requirement identity excludes fenced examples and status dates (291.306015ms)
✔ backlog writes the item; a second with the same title is refused, never overwritten (LOOP-016) (70.110188ms)
✔ a commit inside the footprint: check runs; outside it: check names the path and does not run (LOOP-035) (411.064104ms)
✔ a file under .cairn/ or docs/ is never a breach (538.858451ms)
✔ declaring the path as an input clears the breach (206.546555ms)
✔ a revert preserves the record of an out-of-scope commit (LOOP-047) (260.998336ms)
✔ a commitment naming a requirement the spec set does not hold as Agreed is repaired (LOOP-029) (74.203993ms)
✔ a requirement in a Draft spec file is not Agreed (83.899129ms)
✔ working agreements and the ignore file are Cairn records (LOOP-035, LOOP-036) (176.332232ms)
✔ the over-asking rule is gone from both skills (SPEC-005, SPEC-006) (1.170609ms)
✔ a decision during the phase is recorded (DEC-003) (0.136728ms)
✔ understanding is restated before writing (SPEC-003) (0.118142ms)
✔ falsifiers are proposed as one set and confirmed by exception (SPEC-004) (0.248012ms)
✔ depth is inferred and domains derived, never asked or imposed (SPEC-008, SPEC-009) (0.163937ms)
✔ a term enters the glossary at first occurrence (SPEC-010) (0.101971ms)
✔ the phase ends at the first commitment, and later ones are specified during the loop (SPEC-011, SPEC-012) (0.127412ms)
✔ a requirement goes Agreed only with a nameable mechanism (SPEC-013) (0.121399ms)
✔ review before agreement, recording what it attacked (SPEC-014, SPEC-015) (0.129792ms)
✔ no spec file without requirements; nothing Agreed without a falsifier (SPEC-001, SPEC-002) (0.193388ms)
✔ Observed is marked, and is not contract (SPEC-016, SPEC-017) (0.118422ms)
✔ the skills exclude artifacts outside Cairn's workflow (0.204005ms)
✔ the working agreement names the agent's move for each verdict and the write-ahead record (LOOP-036) (0.198269ms)
✔ the working agreement names the developer's moves (LOOP-036, DEC-014) (0.087287ms)
✔ this repository runs by the file it ships (0.362334ms)
✔ both skills write the working agreement without naming a vendor's file (LOOP-036, PKG-006) (0.164603ms)
✔ the working agreement says what an attempt is (LOOP-036, DEC-017, DEC-018) (0.102146ms)
✔ the working agreement says a failure no footprint change can address is an escalation, and where an inherited requirement is repaired (DEC-019, LOOP-057) (0.103412ms)
✔ a two-obligation sentence is named (PKG-007) (51.984956ms)
✔ an obligation with no actor is named (PKG-010) (23.407335ms)
✔ a leading condition clause is not the actor, and the actor after it counts (27.255188ms)
✔ an Agreed requirement with no falsifier is named (SPEC-002); a Draft one is not (59.314326ms)
✔ prose after a Draft requirement with no falsifier is not scanned as requirement text (58.276322ms)
✔ a spec declaring a prefix with no requirement is named (SPEC-001) (38.070452ms)
✔ a keyword in backticks or quotes is a mention, not an obligation (33.85588ms)
✔ this repository's own specification passes the lint (47.46422ms)
✔ duplicate identifiers are rejected within a file and across files (SPEC-020) (70.938074ms)
✔ references resolve across files; missing references name their source (SPEC-021) (80.670656ms)
✔ code examples and quoted mentions are neither definitions nor references (60.311807ms)
✔ machine-local paths are findings in prose, links, quotes, and examples (SPEC-019) (471.599832ms)
✔ relative paths, URLs, slash commands, and character mentions are not absolute path findings (45.213426ms)
✔ supersede writes both lines, and the old record keeps every word it had (DEC-008, DEC-010) (51.15723ms)
✔ supersede without a cause, or with one outside the four, is refused (DEC-009) (82.120614ms)
✔ supersede of a record that does not exist is refused (66.817002ms)
✔ a predecessor with no title line cannot be stamped, so nothing is written (80.206655ms)
✔ reversals reports counts by decider, cause, and domain (DEC-011) (158.885745ms)
✔ decide in a domain with a reversal is refused without --history, naming the reversal; with it, the record carries History (DEC-012) (163.355056ms)
✔ decide in a domain with no reversals needs no --history (130.340788ms)
✔ a record resting on prose alone is in the domain unspecified, and so is the next one (135.638646ms)
✔ step 1: an in-progress record is reconciled before anything else (70.582103ms)
✔ step 2: an open escalation is presented and nothing else happens (51.88793ms)
✔ an answered escalation is not open (458.604802ms)
✔ step 3: a decision with no realized-by is built, first by name (71.515269ms)
✔ a superseded decision with no realized-by is not work (159.025511ms)
✔ step 6: a mechanism that has never run is run, not implemented (91.548453ms)
✔ step 6: a requirement whose mechanism fails is implemented (486.227682ms)
✔ step 6 before step 7: failing evidence outranks a missing mechanism (277.954491ms)
✔ step 7: a requirement with no mechanism is declared (64.812164ms)
✔ step 10: every requirement current and passing, review clean, is Done (147.806368ms)
✔ malformed roadmap is Resolvable, not fatal (33.686873ms)
✔ a commitment naming no requirements is Resolvable (30.846563ms)
✔ the primary test: two wakes on the same checkout give the same action (63.369356ms)
✔ outside a cairn repository wake cannot run (31.442465ms)
✔ the loop never waits on the review queue (DEC-015) (150.706423ms)
✔ the linked walkthrough runs from agreement through the next commitment (PKG-016) (958.844009ms)
ℹ tests 169
ℹ suites 0
ℹ pass 169
ℹ fail 0
ℹ cancelled 0
ℹ skipped 0
ℹ todo 0
ℹ duration_ms 5843.608701
