✔ a Draft block overrides an Agreed file for both wake and check (SPEC-018) (130.850643ms)
✔ an Agreed block overrides a Draft file in the kernel and lint (SPEC-018, SPEC-002) (230.39361ms)
✔ a block Status does not become the file default, including inside examples (SPEC-018) (192.37787ms)
✔ block status without a value does not inherit Agreed by accident (SPEC-018) (46.424111ms)
✔ inheritance needs a file Scope and includes only Agreed blocks, regardless of prefix (PKG-015) (610.140182ms)
✔ Scope inside a requirement or fenced example does not declare inheritance (PKG-015) (333.027382ms)
✔ check refuses a dirty declared input and names it; a dirty undeclared file does not block (161.41699ms)
✔ check writes one record per requirement carrying the full receipt (101.28523ms)
✔ a nonzero exit records fail, and the receipt keeps the exit code (100.302206ms)
✔ two checks write two records; nothing is overwritten or deleted (189.093981ms)
✔ a commit changing a declared input makes evidence stale; an undeclared one does not (288.436379ms)
✔ a regression is named before a requirement that never passed (303.591188ms)
✔ three attempts with no escalation since: wake says escalate, not a fourth (DEC-016, DEC-017, DEC-018) (874.213125ms)
✔ the review gate: no review, stale review, open finding, then Done (461.470978ms)
✔ Done is refused while any requirement lacks current passing evidence (49.607213ms)
✔ check names a requested requirement that no mechanism claims (63.681764ms)
✔ check writes and clears an in-progress record around the run (85.329447ms)
✔ a linked declared input digests the same at a commit and in the tree (LOOP-023, LOOP-024) (203.366464ms)
✔ a result line is the mechanism's statement about one requirement; what it did not mention is unverified (LOOP-037, LOOP-052) (87.086341ms)
✔ a mechanism that says nothing is read by its exit code for every requirement (LOOP-039) (90.110083ms)
✔ unverified is not an attempt, and a return to an earlier failed digest counts once (DEC-017, DEC-018) (787.894947ms)
✔ a result line for a requirement the mechanism does not speak for is named and writes nothing (LOOP-038) (90.747144ms)
✔ a result line inside ordinary output, or without the marker, does not count (96.184007ms)
✔ a targeted check runs the named requirements' mechanisms and records every requirement they speak for (LOOP-040) (91.975847ms)
✔ two result lines for one requirement: a fail on any line wins (90.343419ms)
✔ three runs at one digest with no attempt since: the verdict stays implement and names DEC-019; an escalation naming it among others clears the hint (DEC-019, LOOP-053) (434.676354ms)
✔ writes a record with every required field and an empty realized-by (28.477879ms)
✔ a Consequential decision is queued for review (36.473745ms)
✔ a Consequential decision is queued even when .cairn/queue does not exist yet (37.5393ms)
✔ Routine is refused: routine decisions produce no record (32.253236ms)
✔ a missing field is a usage error and nothing is written (23.76712ms)
✔ supersedes requires a classified cause, and the old record must exist (86.888381ms)
✔ an existing record is not overwritten (53.665538ms)
✔ a queued decision stays queued; nothing but the developer removes it (DEC-014) (42.827494ms)
✔ escalate writes the six-line format followed by its facts, and wake presents it (77.312898ms)
✔ a missing or multi-line field is refused with the field named, and nothing is written (58.579416ms)
✔ a Blocking escalation that fails the format is written anyway, naming the malformed field (LOOP-014) (70.370882ms)
✔ a --level other than Blocking is refused rather than silently losing the bypass (32.231702ms)
✔ a second escalation while one is open is refused (LOOP-011) (69.139085ms)
✔ answer records the reply; wake no longer presents it; a second answer is refused (119.564111ms)
✔ answer to an unknown escalation is refused (34.390975ms)
✔ a stranger resumes from the file alone: question and answer are both in it (LOOP-013) (65.476525ms)
✔ after an answer, the same concern can be escalated again under a new name (85.910432ms)
✔ an escalation exists when its file does, committed or not (LOOP-009) (34.749478ms)
✔ developer answers require one of the three forms and cannot inject fields (LOOP-048) (300.611218ms)
✔ ask, agent explanation, another ask, and ok stay ordered in one file (LOOP-049, LOOP-050, LOOP-014) (373.839641ms)
✔ fresh closed answers accompany only concerned requirements until new evidence (LOOP-051) (339.921302ms)
✔ a PKG requirement the commitment does not name is declared, run, and gates Done (PKG-011) (535.86569ms)
✔ a PKG requirement in a Draft spec is not folded in (160.16535ms)
✔ the script links cairn and the skills, and the linked cairn runs (PKG-014, PKG-005) (112.667636ms)
✔ a link owned by another package is kept; --force replaces it; --unlink removes ours and leaves a stranger's (75.982079ms)
✔ --force never replaces a real directory (20.697064ms)
✔ three megabytes are retained exactly once with matching digests (LOOP-041, LOOP-042) (133.622614ms)
✔ split stdout result lines survive a long non-result line; stderr is never a verdict (136.62023ms)
✔ signal termination is recorded and logs survive a clone (LOOP-043) (112.785087ms)
✔ working agreements and ignore changes are Cairn records inside the footprint (97.868368ms)
✔ a clean package passes (47.157581ms)
✔ PKG-001: a dependency, or a service manifest (82.989369ms)
✔ PKG-002: ignoring evidence or other durable state (33.384732ms)
✔ PKG-003: a command, a directory, or a record kind no decision names (114.609817ms)
✔ PKG-004: a kernel over 1500 lines (42.467215ms)
✔ PKG-006: a skill step naming a vendor's product (31.857808ms)
✔ PKG-008: a non-ASCII character in a tracked text file (42.12426ms)
✔ PKG-009: the kernel importing from tests (32.603629ms)
✔ PKG-012: a network call or a model vendor in the kernel (86.529008ms)
✔ PKG-013: deferral language, but not in code, quotes, or a rule (74.925925ms)
✔ this repository passes the package lint (49.730476ms)
✔ a tracked path deleted from the working tree is skipped, not a crash (35.351667ms)
✔ a sentence in a Formats section is not a record kind (34.900959ms)
✔ a record kind named by its path alone is checked (40.441592ms)
✔ PKG-002: a tracked in-progress record (41.769539ms)
✔ PKG-002: ignoring evidence alone is a finding (33.775326ms)
✔ each unmatched input and each duplicate owner is refused before execution (LOOP-044, LOOP-056) (148.458815ms)
✔ an indexed input deleted on disk asks for a commit (LOOP-045) (75.347068ms)
✔ wake and check require a Git working tree (LOOP-046) (70.861901ms)
✔ recovery removes only dead kernel run records and identifies a live owner (LOOP-054, LOOP-055) (161.781493ms)
✔ an agent action based behind a clean HEAD appears committed (LOOP-027) (93.738274ms)
✔ realization needs a real commit and a subject (DEC-006) (119.603798ms)
✔ 1500 binary inputs digest identically at the review commit in under a second (LOOP-024, LOOP-032) (310.759079ms)
✔ merged work is excluded but a later own commit is a breach (LOOP-047) (114.988684ms)
✔ exact Current tenure ignores prefix matches and earlier visits to the same slug (LOOP-035) (135.247566ms)
✔ a kernel run records its supervising PID (LOOP-054) (93.110477ms)
✔ a merged declared input still stales evidence (LOOP-047) (167.510902ms)
✔ explicit reporting with no lines and exit 0 establishes no requirement verdicts (167.49893ms)
✔ explicit reporting with no lines and exit 1 establishes no requirement verdicts (149.534526ms)
✔ a reporter that cannot start keeps execution diagnostics without blaming requirements (86.719599ms)
✔ large output cannot kill a reporter or invent a requirement verdict (119.269354ms)
✔ explicit mode ignores cairn: R-999: pass (89.419823ms)
✔ explicit mode ignores cairn: R-001: unverified (105.372022ms)
✔ explicit mode ignores cairn: R-001: passed (95.93162ms)
✔ explicit results survive nonzero exit and contradictory duplicates still fail (198.826564ms)
✔ unverified results across changed inputs never become failed attempts (542.044217ms)
✔ legacy exit 0 retains its interpretation (94.957786ms)
✔ legacy exit 1 retains its interpretation (85.585422ms)
✔ a misspelled reporting mode is refused before execution (79.74396ms)
✔ changed requirement blocks unchecked reruns and makes the completion review stale (LOOP-058, LOOP-059) (628.705611ms)
✔ falsifier changes need review; separate rationale and other requirements do not change a receipt (402.334185ms)
✔ legacy receipts recover requirement identity from their commit; unavailable history requires review (382.294952ms)
✔ check refuses uncommitted requirement text and mechanism review markers (344.371183ms)
✔ tightened response limit cannot reuse the old passing check (503.772812ms)
✔ a declared input over 1 MiB agrees at a commit and in the tree (LOOP-060) (200.644757ms)
✔ a failed Git blob read cannot be hashed as an empty blob (198.379251ms)
✔ Git listings over 1 MiB include the last declared input (1138.453878ms)
✔ requirement identity excludes fenced examples and status dates (262.514907ms)
✔ backlog writes the item; a second with the same title is refused, never overwritten (LOOP-016) (64.205509ms)
✔ a commit inside the footprint: check runs; outside it: check names the path and does not run (LOOP-035) (226.5375ms)
✔ a file under .cairn/ or docs/ is never a breach (183.608681ms)
✔ declaring the path as an input clears the breach (123.999078ms)
✔ a revert preserves the record of an out-of-scope commit (LOOP-047) (136.385068ms)
✔ a commitment naming a requirement the spec set does not hold as Agreed is repaired (LOOP-029) (34.908975ms)
✔ a requirement in a Draft spec file is not Agreed (43.894613ms)
✔ working agreements and the ignore file are Cairn records (LOOP-035, LOOP-036) (166.457593ms)
✔ the over-asking rule is gone from both skills (SPEC-005, SPEC-006) (1.162685ms)
✔ a decision during the phase is recorded (DEC-003) (0.138306ms)
✔ understanding is restated before writing (SPEC-003) (0.104432ms)
✔ falsifiers are proposed as one set and confirmed by exception (SPEC-004) (0.270292ms)
✔ depth is inferred and domains derived, never asked or imposed (SPEC-008, SPEC-009) (0.150938ms)
✔ a term enters the glossary at first occurrence (SPEC-010) (0.099092ms)
✔ the phase ends at the first commitment, and later ones are specified during the loop (SPEC-011, SPEC-012) (0.130859ms)
✔ a requirement goes Agreed only with a nameable mechanism (SPEC-013) (0.106194ms)
✔ review before agreement, recording what it attacked (SPEC-014, SPEC-015) (0.12755ms)
✔ no spec file without requirements; nothing Agreed without a falsifier (SPEC-001, SPEC-002) (0.169202ms)
✔ Observed is marked, and is not contract (SPEC-016, SPEC-017) (0.119035ms)
✔ the skills exclude artifacts outside Cairn's workflow (0.177136ms)
✔ the working agreement names the agent's move for each verdict and the write-ahead record (LOOP-036) (0.140582ms)
✔ the working agreement names the developer's moves (LOOP-036, DEC-014) (0.051376ms)
✔ this repository runs by the file it ships (0.24049ms)
✔ both skills write the working agreement without naming a vendor's file (LOOP-036, PKG-006) (0.069389ms)
✔ the working agreement says what an attempt is (LOOP-036, DEC-017, DEC-018) (0.038123ms)
✔ the working agreement says a failure no footprint change can address is an escalation, and where an inherited requirement is repaired (DEC-019, LOOP-057) (0.034091ms)
✔ a two-obligation sentence is named (PKG-007) (22.708646ms)
✔ an obligation with no actor is named (PKG-010) (21.296721ms)
✔ a leading condition clause is not the actor, and the actor after it counts (36.945574ms)
✔ an Agreed requirement with no falsifier is named (SPEC-002); a Draft one is not (46.354863ms)
✔ prose after a Draft requirement with no falsifier is not scanned as requirement text (24.15234ms)
✔ a spec declaring a prefix with no requirement is named (SPEC-001) (28.901918ms)
✔ a keyword in backticks or quotes is a mention, not an obligation (28.378553ms)
✔ this repository's own specification passes the lint (25.444661ms)
✔ duplicate identifiers are rejected within a file and across files (SPEC-020) (45.310294ms)
✔ references resolve across files; missing references name their source (SPEC-021) (52.221001ms)
✔ code examples and quoted mentions are neither definitions nor references (18.701518ms)
✔ machine-local paths are findings in prose, links, quotes, and examples (SPEC-019) (226.158019ms)
✔ relative paths, URLs, slash commands, and character mentions are not absolute path findings (23.947705ms)
✔ supersede writes both lines, and the old record keeps every word it had (DEC-008, DEC-010) (37.445105ms)
✔ supersede without a cause, or with one outside the four, is refused (DEC-009) (54.54015ms)
✔ supersede of a record that does not exist is refused (40.864087ms)
✔ a predecessor with no title line cannot be stamped, so nothing is written (39.881743ms)
✔ reversals reports counts by decider, cause, and domain (DEC-011) (85.937752ms)
✔ decide in a domain with a reversal is refused without --history, naming the reversal; with it, the record carries History (DEC-012) (101.660938ms)
✔ decide in a domain with no reversals needs no --history (72.076923ms)
✔ a record resting on prose alone is in the domain unspecified, and so is the next one (59.159487ms)
✔ step 1: an in-progress record is reconciled before anything else (53.582373ms)
✔ step 2: an open escalation is presented and nothing else happens (40.468607ms)
✔ an answered escalation is not open (147.96357ms)
✔ step 3: a decision with no realized-by is built, first by name (39.205ms)
✔ a superseded decision with no realized-by is not work (64.812868ms)
✔ step 6: a mechanism that has never run is run, not implemented (62.987365ms)
✔ step 6: a requirement whose mechanism fails is implemented (174.509277ms)
✔ step 6 before step 7: failing evidence outranks a missing mechanism (143.482123ms)
✔ step 7: a requirement with no mechanism is declared (54.939051ms)
✔ step 10: every requirement current and passing, review clean, is Done (152.236285ms)
✔ malformed roadmap is Resolvable, not fatal (43.249769ms)
✔ a commitment naming no requirements is Resolvable (31.90089ms)
✔ the primary test: two wakes on the same checkout give the same action (52.893639ms)
✔ outside a cairn repository wake cannot run (22.244631ms)
✔ the loop never waits on the review queue (DEC-015) (157.237916ms)
✔ the linked walkthrough runs from agreement through the next commitment (PKG-016) (518.315882ms)
ℹ tests 167
ℹ suites 0
ℹ pass 167
ℹ fail 0
ℹ cancelled 0
ℹ skipped 0
ℹ todo 0
ℹ duration_ms 4703.867992
