✔ check refuses a dirty declared input and names it; a dirty undeclared file does not block (131.696569ms)
✔ check writes one record per requirement carrying the full receipt (81.601383ms)
✔ a nonzero exit records fail, and the receipt keeps the exit code (94.339527ms)
✔ two checks write two records; nothing is overwritten or deleted (166.56941ms)
✔ a commit changing a declared input makes evidence stale; an undeclared one does not (246.296888ms)
✔ a regression is named before a requirement that never passed (230.169017ms)
✔ three attempts with no escalation since: wake says escalate, not a fourth (DEC-016, DEC-017, DEC-018) (597.308022ms)
✔ the review gate: no review, stale review, open finding, then Done (375.331228ms)
✔ Done is refused while any requirement lacks current passing evidence (39.389373ms)
✔ check names a requested requirement that no mechanism claims (45.608849ms)
✔ check writes and clears an in-progress record around the run (70.002764ms)
✔ a linked declared input digests the same at a commit and in the tree (LOOP-023, LOOP-024) (158.620537ms)
✔ a result line is the mechanism's statement about one requirement; what it did not mention is unverified (LOOP-037, LOOP-052) (74.087702ms)
✔ a mechanism that says nothing is read by its exit code for every requirement (LOOP-039) (77.900481ms)
✔ unverified is not an attempt, and a return to an earlier failed digest counts once (DEC-017, DEC-018) (622.578299ms)
✔ a result line for a requirement the mechanism does not speak for is named and writes nothing (LOOP-038) (78.810214ms)
✔ a result line inside ordinary output, or without the marker, does not count (87.425015ms)
✔ a targeted check runs the named requirements' mechanisms and records every requirement they speak for (LOOP-040) (74.861222ms)
✔ two result lines for one requirement: a fail on any line wins (76.391164ms)
✔ three runs at one digest with no attempt since: the verdict stays implement and names DEC-019; an escalation naming it among others clears the hint (DEC-019, LOOP-053) (318.525562ms)
✔ writes a record with every required field and an empty realized-by (23.292122ms)
✔ a Consequential decision is queued for review (19.24685ms)
✔ a Consequential decision is queued even when .cairn/queue does not exist yet (20.84622ms)
✔ Routine is refused: routine decisions produce no record (25.643547ms)
✔ a missing field is a usage error and nothing is written (29.798196ms)
✔ supersedes requires a classified cause, and the old record must exist (70.691401ms)
✔ an existing record is not overwritten (38.705217ms)
✔ a queued decision stays queued; nothing but the developer removes it (DEC-014) (38.58701ms)
✔ escalate writes the six-line format followed by its facts, and wake presents it (73.533385ms)
✔ a missing or multi-line field is refused with the field named, and nothing is written (65.080377ms)
✔ a Blocking escalation that fails the format is written anyway, naming the malformed field (LOOP-014) (49.85139ms)
✔ a --level other than Blocking is refused rather than silently losing the bypass (29.369763ms)
✔ a second escalation while one is open is refused (LOOP-011) (67.352173ms)
✔ answer records the reply; wake no longer presents it; a second answer is refused (98.745964ms)
✔ answer to an unknown escalation is refused (39.21406ms)
✔ a stranger resumes from the file alone: question and answer are both in it (LOOP-013) (60.208551ms)
✔ after an answer, the same concern can be escalated again under a new name (83.982471ms)
✔ an escalation exists when its file does, committed or not (LOOP-009) (29.157711ms)
✔ a PKG requirement the commitment does not name is declared, run, and gates Done (PKG-011) (444.459541ms)
✔ a PKG requirement in a Draft spec is not folded in (142.328948ms)
✔ the script links cairn and the skills, and the linked cairn runs (PKG-014, PKG-005) (95.754969ms)
✔ a link owned by another package is kept; --force replaces it; --unlink removes ours and leaves a stranger's (67.555176ms)
✔ --force never replaces a real directory (23.210327ms)
✔ three megabytes are retained exactly once with matching digests (LOOP-041, LOOP-042) (102.994606ms)
✔ split stdout result lines survive a long non-result line; stderr is never a verdict (110.569736ms)
✔ signal termination is recorded and logs survive a clone (LOOP-043) (97.494078ms)
✔ working agreements and ignore changes are Cairn records inside the footprint (102.130229ms)
✔ a clean package passes (38.917114ms)
✔ PKG-001: a dependency, or a service manifest (68.859632ms)
✔ PKG-002: ignoring evidence or other durable state (36.372378ms)
✔ PKG-003: a command, a directory, or a record kind no decision names (114.326607ms)
✔ PKG-004: a kernel over 1500 lines (43.948409ms)
✔ PKG-006: a skill step naming a vendor's product (31.637817ms)
✔ PKG-008: a non-ASCII character in a tracked text file (39.248447ms)
✔ PKG-009: the kernel importing from tests (29.052982ms)
✔ PKG-012: a network call or a model vendor in the kernel (76.419077ms)
✔ PKG-013: deferral language, but not in code, quotes, or a rule (77.543239ms)
✔ this repository passes the package lint (49.44501ms)
✔ a tracked path deleted from the working tree is skipped, not a crash (42.332098ms)
✔ a sentence in a Formats section is not a record kind (38.774993ms)
✔ a record kind named by its path alone is checked (40.034574ms)
✔ PKG-002: a tracked in-progress record (40.925586ms)
✔ PKG-002: ignoring evidence alone is a finding (38.342941ms)
✔ explicit reporting with no lines and exit 0 establishes no requirement verdicts (104.196803ms)
✔ explicit reporting with no lines and exit 1 establishes no requirement verdicts (116.217293ms)
✔ a reporter that cannot start keeps execution diagnostics without blaming requirements (59.847494ms)
✔ large output cannot kill a reporter or invent a requirement verdict (87.864384ms)
✔ explicit mode ignores cairn: R-999: pass (81.874188ms)
✔ explicit mode ignores cairn: R-001: unverified (84.993284ms)
✔ explicit mode ignores cairn: R-001: passed (89.692787ms)
✔ explicit results survive nonzero exit and contradictory duplicates still fail (164.430229ms)
✔ unverified results across changed inputs never become failed attempts (370.233414ms)
✔ legacy exit 0 retains its interpretation (68.311307ms)
✔ legacy exit 1 retains its interpretation (69.129649ms)
✔ a misspelled reporting mode is refused before execution (55.26138ms)
✔ changed requirement blocks unchecked reruns and makes the completion review stale (LOOP-058, LOOP-059) (489.671626ms)
✔ falsifier changes need review; separate rationale and other requirements do not change a receipt (346.601072ms)
✔ legacy receipts recover requirement identity from their commit; unavailable history requires review (268.283998ms)
✔ check refuses uncommitted requirement text and mechanism review markers (240.986792ms)
✔ tightened response limit cannot reuse the old passing check (392.802846ms)
✔ a declared input over 1 MiB agrees at a commit and in the tree (LOOP-060) (169.276934ms)
✔ a failed Git blob read cannot be hashed as an empty blob (158.100998ms)
✔ Git listings over 1 MiB include the last declared input (1090.119003ms)
✔ requirement identity excludes fenced examples and status dates (219.96411ms)
✔ backlog writes the item; a second with the same title is refused, never overwritten (LOOP-016) (53.803201ms)
✔ a commit inside the footprint: check runs; outside it: check names the path and does not run (LOOP-035) (167.420384ms)
✔ a file under .cairn/ or docs/ is never a breach (138.337544ms)
✔ declaring the path as an input clears the breach (101.051575ms)
✔ reverting the change and writing a backlog item clears the breach (121.580584ms)
✔ a commitment naming a requirement the spec set does not hold as Agreed is repaired (LOOP-029) (29.590764ms)
✔ a requirement in a Draft spec file is not Agreed (32.698622ms)
✔ the over-asking rule is gone from both skills (SPEC-005, SPEC-006) (1.148573ms)
✔ a decision during the phase is recorded (DEC-003) (0.131158ms)
✔ understanding is restated before writing (SPEC-003) (0.104762ms)
✔ falsifiers are proposed as one set and confirmed by exception (SPEC-004) (0.499686ms)
✔ depth is inferred and domains derived, never asked or imposed (SPEC-008, SPEC-009) (0.134511ms)
✔ a term enters the glossary at first occurrence (SPEC-010) (0.098805ms)
✔ the phase ends at the first commitment, and later ones are specified during the loop (SPEC-011, SPEC-012) (0.113655ms)
✔ a requirement goes Agreed only with a nameable mechanism (SPEC-013) (0.100355ms)
✔ review before agreement, recording what it attacked (SPEC-014, SPEC-015) (0.128095ms)
✔ no spec file without requirements; nothing Agreed without a falsifier (SPEC-001, SPEC-002) (3.402664ms)
✔ Observed is marked, and is not contract (SPEC-016, SPEC-017) (0.193581ms)
✔ the skills exclude artifacts outside Cairn's workflow (0.160796ms)
✔ the working agreement names the agent's move for each verdict and the write-ahead record (LOOP-036) (0.16474ms)
✔ the working agreement names the developer's moves (LOOP-036, DEC-014) (0.095626ms)
✔ this repository runs by the file it ships (0.380697ms)
✔ both skills write the working agreement without naming a vendor's file (LOOP-036, PKG-006) (0.10506ms)
✔ the working agreement says what an attempt is (LOOP-036, DEC-017, DEC-018) (0.079966ms)
✔ the working agreement says a failure no footprint change can address is an escalation, and where an inherited requirement is repaired (DEC-019, LOOP-057) (0.083188ms)
✔ a two-obligation sentence is named (PKG-007) (27.524988ms)
✔ an obligation with no actor is named (PKG-010) (18.157853ms)
✔ a leading condition clause is not the actor, and the actor after it counts (26.527494ms)
✔ an Agreed requirement with no falsifier is named (SPEC-002); a Draft one is not (42.695435ms)
✔ prose after a Draft requirement with no falsifier is not scanned as requirement text (25.492118ms)
✔ a spec declaring a prefix with no requirement is named (SPEC-001) (27.128315ms)
✔ a keyword in backticks or quotes is a mention, not an obligation (27.126392ms)
✔ this repository's own specification passes the lint (31.018475ms)
✔ duplicate identifiers are rejected within a file and across files (SPEC-020) (45.058268ms)
✔ references resolve across files; missing references name their source (SPEC-021) (53.28691ms)
✔ code examples and quoted mentions are neither definitions nor references (27.306225ms)
✔ supersede writes both lines, and the old record keeps every word it had (DEC-008, DEC-010) (44.799552ms)
✔ supersede without a cause, or with one outside the four, is refused (DEC-009) (54.394927ms)
✔ supersede of a record that does not exist is refused (42.780295ms)
✔ a predecessor with no title line cannot be stamped, so nothing is written (32.388838ms)
✔ reversals reports counts by decider, cause, and domain (DEC-011) (88.899671ms)
✔ decide in a domain with a reversal is refused without --history, naming the reversal; with it, the record carries History (DEC-012) (91.058309ms)
✔ decide in a domain with no reversals needs no --history (64.144777ms)
✔ a record resting on prose alone is in the domain unspecified, and so is the next one (55.100139ms)
✔ step 1: an in-progress record is reconciled before anything else (43.447966ms)
✔ step 2: an open escalation is presented and nothing else happens (39.375362ms)
✔ an answered escalation is not open (123.258091ms)
✔ step 3: a decision with no realized-by is built, first by name (41.855824ms)
✔ a superseded decision with no realized-by is not work (53.729105ms)
✔ step 6: a mechanism that has never run is run, not implemented (42.658306ms)
✔ step 6: a requirement whose mechanism fails is implemented (152.457489ms)
✔ step 6 before step 7: failing evidence outranks a missing mechanism (112.432135ms)
✔ step 7: a requirement with no mechanism is declared (46.393677ms)
✔ step 10: every requirement current and passing, review clean, is Done (140.852959ms)
✔ malformed roadmap is Resolvable, not fatal (38.822867ms)
✔ a commitment naming no requirements is Resolvable (30.510189ms)
✔ the primary test: two wakes on the same checkout give the same action (50.686807ms)
✔ outside a cairn repository wake cannot run (17.808543ms)
✔ the loop never waits on the review queue (DEC-015) (112.760741ms)
✔ the linked walkthrough runs from agreement through the next commitment (PKG-016) (446.291222ms)
ℹ tests 144
ℹ suites 0
ℹ pass 144
ℹ fail 0
ℹ cancelled 0
ℹ skipped 0
ℹ todo 0
ℹ duration_ms 3692.392751
