✔ a Draft block overrides an Agreed file for both wake and check (SPEC-018) (155.726724ms)
✔ an Agreed block overrides a Draft file in the kernel and lint (SPEC-018, SPEC-002) (480.374524ms)
✔ a block Status does not become the file default, including inside examples (SPEC-018) (269.965974ms)
✔ block status without a value does not inherit Agreed by accident (SPEC-018) (61.840056ms)
✔ inheritance needs a file Scope and includes only Agreed blocks, regardless of prefix (PKG-015) (989.73606ms)
✔ Scope inside a requirement or fenced example does not declare inheritance (PKG-015) (458.394244ms)
✔ LOOP-063: reject input mutation during a check and retain diagnostics (308.651418ms)
✔ LOOP-063: reject deletion mutation during a check and retain diagnostics (314.002538ms)
✔ LOOP-063: reject addition mutation during a check and retain diagnostics (233.862665ms)
✔ LOOP-063: reject mode mutation during a check and retain diagnostics (239.685076ms)
✔ LOOP-063: reject specification mutation during a check and retain diagnostics (217.002328ms)
✔ LOOP-063: reject declaration mutation during a check and retain diagnostics (212.533764ms)
✔ LOOP-063: reject commit mutation during a check and retain diagnostics (223.918345ms)
✔ LOOP-063: committed input mutation during execution cannot certify the replacement (220.356276ms)
✔ LOOP-064: removing executable permission makes passing evidence stale (290.860332ms)
✔ LOOP-064: a mode-only change also invalidates the previous review after new evidence (426.35727ms)
✔ LOOP-064: changing a regular file into a link with identical identity bytes is stale (519.738933ms)
✔ LOOP-063: an unchanged candidate still records a pass despite unrelated working-tree edits (141.026197ms)
✔ LOOP-064: current and historical input ordering agrees for Unicode filenames (216.89031ms)
✔ LOOP-063: Git status hiding content changes cannot certify an uncommitted candidate (91.645411ms)
✔ LOOP-063: Git status hiding mode changes cannot certify an uncommitted candidate (88.828888ms)
✔ LOOP-066: one check owns execution with a kernel action record (410.530536ms)
✔ LOOP-066: one check owns execution with an agent action record (335.019748ms)
✔ LOOP-066: a live lock is named and never silently overwritten (99.528724ms)
✔ LOOP-066: a dead lock is named and never silently overwritten (100.245912ms)
✔ LOOP-066: a incomplete lock is named and never silently overwritten (116.839815ms)
✔ LOOP-066: an execution error releases the check lock for a corrected rerun (277.120771ms)
✔ LOOP-066: a live kernel action from an older Cairn also blocks execution (58.337653ms)
✔ LOOP-066: separate Git worktrees can run checks independently (287.208737ms)
✔ check refuses a dirty declared input and names it; a dirty undeclared file does not block (314.973998ms)
✔ check writes one record per requirement carrying the full receipt (300.576936ms)
✔ a nonzero exit records fail, and the receipt keeps the exit code (200.459802ms)
✔ two checks write two records; nothing is overwritten or deleted (344.258166ms)
✔ a commit changing a declared input makes evidence stale; an undeclared one does not (434.768742ms)
✔ a regression is named before a requirement that never passed (532.686585ms)
✔ three attempts with no escalation since: wake says escalate, not a fourth (DEC-016, DEC-017, DEC-018) (1289.59281ms)
✔ the review gate: no review, stale review, open finding, then Done (684.806236ms)
✔ Done is refused while any requirement lacks current passing evidence (58.83241ms)
✔ check names a requested requirement that no mechanism claims (77.608043ms)
✔ check writes and clears an in-progress record around the run (141.949053ms)
✔ a linked declared input digests the same at a commit and in the tree (LOOP-023, LOOP-024) (279.16367ms)
✔ a result line is the mechanism's statement about one requirement; what it did not mention is unverified (LOOP-037, LOOP-052) (148.19257ms)
✔ a mechanism that says nothing is read by its exit code for every requirement (LOOP-039) (138.019685ms)
✔ unverified is not an attempt, and a return to an earlier failed digest counts once (DEC-017, DEC-018) (1199.341306ms)
✔ a result line for a requirement the mechanism does not speak for is named and writes nothing (LOOP-038) (151.083908ms)
✔ a result line inside ordinary output, or without the marker, does not count (144.708511ms)
✔ a targeted check runs the named requirements' mechanisms and records every requirement they speak for (LOOP-040) (142.383339ms)
✔ two result lines for one requirement: a fail on any line wins (139.956799ms)
✔ three runs at one digest with no attempt since: the verdict stays implement and names DEC-019; an escalation naming it among others clears the hint (DEC-019, LOOP-053) (607.141897ms)
✔ writes a record with every required field and an empty realized-by (28.642216ms)
✔ a Consequential decision is queued for review (36.733783ms)
✔ a Consequential decision is queued even when .cairn/queue does not exist yet (43.113502ms)
✔ Routine is refused: routine decisions produce no record (41.717957ms)
✔ a missing field is a usage error and nothing is written (49.491726ms)
✔ supersedes requires a classified cause, and the old record must exist (138.805593ms)
✔ an existing record is not overwritten (166.137955ms)
✔ a queued decision stays queued; nothing but the developer removes it (DEC-014) (72.689151ms)
✔ LOOP-067: missing inputs names a declaration repair before execution (105.925314ms)
✔ LOOP-067: empty inputs names a declaration repair before execution (127.32618ms)
✔ LOOP-067: missing command names a declaration repair before execution (220.106528ms)
✔ LOOP-067: list command names a declaration repair before execution (119.897766ms)
✔ LOOP-067: empty command names a declaration repair before execution (114.221337ms)
✔ LOOP-067: missing requirements names a declaration repair before execution (101.903371ms)
✔ LOOP-067: bad identifier names a declaration repair before execution (116.378858ms)
✔ LOOP-067: scalar one-item lists retain their existing meaning (169.843968ms)
✔ LOOP-068: a unpopulated gitlink is refused by name (127.66876ms)
✔ LOOP-068: a populated gitlink is refused by name (139.693231ms)
✔ LOOP-069: identical selections across 100 mechanisms use at most 20 Git processes (100.407086ms)
✔ escalate writes the six-line format followed by its facts, and wake presents it (103.443865ms)
✔ a missing or multi-line field is refused with the field named, and nothing is written (98.789264ms)
✔ a Blocking escalation that fails the format is written anyway, naming the malformed field (LOOP-014) (113.186595ms)
✔ a --level other than Blocking is refused rather than silently losing the bypass (112.754494ms)
✔ a second escalation while one is open is refused (LOOP-011) (102.08757ms)
✔ answer records the reply; wake no longer presents it; a second answer is refused (201.200636ms)
✔ answer to an unknown escalation is refused (41.348218ms)
✔ a stranger resumes from the file alone: question and answer are both in it (LOOP-013) (87.740457ms)
✔ after an answer, the same concern can be escalated again under a new name (133.442439ms)
✔ an escalation exists when its file does, committed or not (LOOP-009) (67.437391ms)
✔ developer answers require one of the three forms and cannot inject fields (LOOP-048) (404.657142ms)
✔ ask, agent explanation, another ask, and ok stay ordered in one file (LOOP-049, LOOP-050, LOOP-014) (565.514509ms)
✔ fresh closed answers accompany only concerned requirements until new evidence (LOOP-051) (415.819134ms)
✔ LOOP-065: delete of output refuses Done and a new run recovers (813.950815ms)
✔ LOOP-065: corrupt of output refuses Done and a new run recovers (631.040614ms)
✔ LOOP-065: delete of stderr_output refuses Done and a new run recovers (564.815604ms)
✔ LOOP-065: corrupt of stderr_output refuses Done and a new run recovers (516.042512ms)
✔ LOOP-065: a receipt without output needs a new check (266.185517ms)
✔ LOOP-065: a receipt without output_digest needs a new check (311.257482ms)
✔ LOOP-065: a receipt without stderr_output needs a new check (280.932693ms)
✔ LOOP-065: a receipt without stderr_digest needs a new check (267.529771ms)
✔ LOOP-065: legacy unverifiable output is rerun without rewriting history (503.964603ms)
✔ LOOP-070: a later failure is latest even when the clock moves backward (690.302146ms)
✔ LOOP-070: receipt collisions at one clock instant retain execution order beyond nine suffixes (1855.534281ms)
✔ LOOP-070: imported branch receipts stale a later sequence until a new check incorporates them (766.50652ms)
✔ LOOP-070: legacy receipts need one ordered check and remain byte-for-byte unchanged (330.017907ms)
✔ LOOP-070: edit of a prior receipt requires fresh evidence (328.89905ms)
✔ LOOP-070: remove of a prior receipt requires fresh evidence (340.724229ms)
✔ LOOP-075: supporting evidence file README.md does not become a receipt (376.22968ms)
✔ LOOP-075: supporting evidence file notes.txt does not become a receipt (365.242893ms)
✔ LOOP-075: supporting evidence file support does not become a receipt (389.81324ms)
✔ LOOP-075: supporting evidence file .DS_Store does not become a receipt (386.30948ms)
✔ LOOP-075: malformed receipt requirement=R-999 names a repair before execution (287.380844ms)
✔ LOOP-075: malformed receipt result=success names a repair before execution (266.787544ms)
✔ LOOP-075: malformed receipt sequence=NaN names a repair before execution (264.769733ms)
✔ LOOP-075: malformed receipt sequence=9007199254740992 names a repair before execution (259.798212ms)
✔ LOOP-075: malformed receipt sequence=
  - 1 names a repair before execution (244.717564ms)
✔ LOOP-075: malformed receipt history_digest=wrong names a repair before execution (245.588943ms)
✔ LOOP-075: a receipt-shaped directory is a named repair instead of an EISDIR crash (183.271567ms)
✔ LOOP-070: an earlier escalation cannot cover three new attempts after clock rollback (665.736223ms)
✔ LOOP-070: an answer becomes old after a later check even if that check's timestamp is earlier (365.065668ms)
✔ LOOP-070: the newest answer wins between checks even when its clock timestamp is older (255.665931ms)
✔ LOOP-070: legacy escalation dates cover old receipts but not three newer sequenced runs (901.00641ms)
✔ a PKG requirement the commitment does not name is declared, run, and gates Done (PKG-011) (1102.627833ms)
✔ a PKG requirement in a Draft spec is not folded in (268.176847ms)
✔ LOOP-076/079: stale inputs identify the receipt and the check to run (516.029165ms)
✔ LOOP-077: names a content change using checked input identity (368.467832ms)
✔ LOOP-077: names a mode change using checked input identity (344.572985ms)
✔ LOOP-077: names a kind change using checked input identity (334.28795ms)
✔ LOOP-077: names a added change using checked input identity (325.179407ms)
✔ LOOP-077: names a removed change using checked input identity (296.99296ms)
✔ LOOP-077: names a link-target change using checked input identity (452.581665ms)
✔ LOOP-077: changed selection compares the old and new input sets (299.27835ms)
✔ LOOP-077: raw CRLF changes remain visible when Git-clean content agrees (295.942548ms)
✔ LOOP-077: detail output is sorted, bounded, and reports the omitted count (283.149506ms)
✔ LOOP-077: filenames cannot inject lines or terminal controls into explanations (261.600683ms)
✔ LOOP-077: receipts from one run share details and do not store source contents (206.482465ms)
✔ LOOP-078/080: legacy optional detail limits explanation without changing standing (338.749285ms)
✔ LOOP-078/080: invalid-field optional detail limits explanation without changing standing (347.449126ms)
✔ LOOP-078/080: missing optional detail limits explanation without changing standing (323.445993ms)
✔ LOOP-078/080: invalid-json optional detail limits explanation without changing standing (365.125534ms)
✔ LOOP-078/080: mismatched optional detail limits explanation without changing standing (355.039485ms)
✔ LOOP-078/080: duplicate optional detail limits explanation without changing standing (345.966299ms)
✔ LOOP-078/080: unsafe-path optional detail limits explanation without changing standing (351.796714ms)
✔ LOOP-078/080: directory optional detail limits explanation without changing standing (356.549276ms)
✔ LOOP-078/080: symlink optional detail limits explanation without changing standing (339.106236ms)
✔ LOOP-078: unavailable old requirement text is not claimed as a proven change (249.407061ms)
✔ LOOP-076/079: changed requirements identify evidence and retain review-before-check guidance (246.342653ms)
✔ LOOP-078: simultaneous input and output damage keep both reasons (258.871853ms)
✔ LOOP-080: deterministic freshness sequence seed=7 (5338.670986ms)
✔ LOOP-080: deterministic freshness sequence seed=42 (3884.078983ms)
✔ LOOP-080: deterministic freshness sequence seed=913 (3459.231047ms)
✔ LOOP-080: agreement changes, mechanism review, checks, and completion review retain priority (853.134507ms)
✔ LOOP-080: imported receipt history demands a rerun without a false input explanation (876.554602ms)
✔ LOOP-073: clean CRLF input completes under attributes (424.244321ms)
✔ LOOP-073: clean CRLF input completes under autocrlf (354.57629ms)
✔ LOOP-073: raw line-ending mutation during a run is rejected even when Git still sees the same content (156.460883ms)
✔ LOOP-073: execution evidence changes when clean conversion preserves committed identity (525.825525ms)
✔ LOOP-073: Git clean filters use Git's conversion while retaining raw evidence identity (309.67712ms)
✔ LOOP-073: failure of a required Git filter cannot record evidence (84.331105ms)
✔ LOOP-073: a clean filter moving HEAD during ending validation prevents evidence (412.541683ms)
✔ LOOP-073: canonical Git identities handle links without reading their targets (234.072499ms)
✔ LOOP-073: Git conversion keeps raw Unicode and control-character input paths (212.536397ms)
✔ LOOP-073: conversion and links work in a SHA-256 Git repository (259.346041ms)
✔ LOOP-074: historical specification filename "café.md" remains reviewable (234.320827ms)
✔ LOOP-074: historical specification filename "spec\ttab.md" remains reviewable (239.607722ms)
✔ LOOP-074: historical specification filename "spec\nline.md" remains reviewable (207.718275ms)
✔ help works outside a repository without running a command (PKG-017) (804.23795ms)
✔ help does not hide invalid options or consume literal arguments (137.218185ms)
✔ the script links cairn and the skills, and the linked cairn runs (PKG-014, PKG-005) (182.117327ms)
✔ a link owned by another package is kept; --force replaces it; --unlink removes ours and leaves a stranger's (243.981104ms)
✔ --force never replaces a real directory (69.007828ms)
✔ three megabytes are retained exactly once with matching digests (LOOP-041, LOOP-042) (248.077269ms)
✔ split stdout result lines survive a long non-result line; stderr is never a verdict (313.413871ms)
✔ signal termination is recorded and logs survive a clone (LOOP-043) (203.938378ms)
✔ working agreements and ignore changes are Cairn records inside the footprint (209.104571ms)
✔ a clean package passes (56.656396ms)
✔ PKG-001: a dependency, or a service manifest (117.177455ms)
✔ PKG-002: ignoring evidence or other durable state (82.601864ms)
✔ PKG-003: a command, a directory, or a record kind no decision names (253.610485ms)
✔ PKG-004: a kernel over 1500 lines (49.785042ms)
✔ PKG-006: a skill step naming a vendor's product (47.635521ms)
✔ PKG-008: a non-ASCII character in a tracked text file (60.937181ms)
✔ PKG-009: the kernel importing from tests (52.078945ms)
✔ PKG-012: a network call or a model vendor in the kernel (108.000428ms)
✔ PKG-013: deferral language, but not in code, quotes, or a rule (101.833765ms)
✔ this repository passes the package lint (82.211865ms)
✔ a tracked path deleted from the working tree is skipped, not a crash (79.588725ms)
✔ a sentence in a Formats section is not a record kind (51.501819ms)
✔ a record kind named by its path alone is checked (46.40526ms)
✔ PKG-002: a tracked in-progress record (42.760429ms)
✔ PKG-002: ignoring evidence alone is a finding (45.234313ms)
✔ LOOP-071: decision body metadata does not resolve unbuilt work: "Superseded by: example" (562.466453ms)
✔ LOOP-071: decision body metadata does not resolve unbuilt work: "```text\nSuperseded by: example\n```" (379.745405ms)
✔ LOOP-071: decision body metadata does not resolve unbuilt work: "~~~text\nSuperseded by: example\n~~~" (373.329499ms)
✔ LOOP-071: a fenced realization example is not a resolving commit (347.966538ms)
✔ LOOP-071: a fenced commit inside the realization section is not built (332.57345ms)
✔ LOOP-071: ## Example cannot replace an open review finding (290.05332ms)
✔ LOOP-071: # Example cannot replace an open review finding (285.140846ms)
✔ LOOP-071: ### Example cannot replace an open review finding (278.586864ms)
✔ LOOP-071:   ## Example cannot replace an open review finding (337.305657ms)
✔ LOOP-071: Example paragraph. cannot replace an open review finding (284.556326ms)
✔ LOOP-071: Example
------- cannot replace an open review finding (276.933873ms)
✔ LOOP-071: fenced fields before a real review header are ignored (286.942888ms)
✔ LOOP-071: multiline decision --title cannot inject metadata (243.857794ms)
✔ LOOP-071: multiline decision --decided-by cannot inject metadata (243.730338ms)
✔ LOOP-071: multiline decision --rests-on cannot inject metadata (246.386522ms)
✔ LOOP-071: multiline decision --wrong-if cannot inject metadata (232.81895ms)
✔ LOOP-071: multiline decision --history cannot inject metadata (267.235152ms)
✔ LOOP-072: malformed Blocking concerns stay open: "R-001\nAnswer: ok" (70.433932ms)
✔ LOOP-072: malformed Blocking concerns stay open: "R-001\r\nAnswer: ok" (71.786884ms)
✔ LOOP-072: malformed Blocking concerns stay open: "R-001\rAnswer: ok" (76.297135ms)
✔ LOOP-072: malformed Blocking concerns stay open: "R-001 Answer: ok" (64.710876ms)
✔ LOOP-072: malformed Blocking concerns stay open: "R-001 Answer: ok" (69.908628ms)
✔ LOOP-072: ordinary malformed concerns are refused: "R-001\nR-002" (32.83991ms)
✔ LOOP-072: ordinary malformed concerns are refused: "R-001, prose" (44.993945ms)
✔ LOOP-072: ordinary malformed concerns are refused: " " (42.68022ms)
✔ LOOP-072: a Blocking escalation without concerns is still presented (79.968402ms)
✔ LOOP-072: carriage returns in a Blocking question do not create answer records (57.005868ms)
✔ LOOP-072: explanation separator 8232 cannot close an escalation (133.544448ms)
✔ LOOP-071: decision metadata refuses separator 8232 (250.624505ms)
✔ LOOP-072: explanation separator 8233 cannot close an escalation (121.051511ms)
✔ LOOP-071: decision metadata refuses separator 8233 (245.40768ms)
✔ each unmatched input and each duplicate owner is refused before execution (LOOP-044, LOOP-056) (272.487378ms)
✔ an indexed input deleted on disk asks for a commit (LOOP-045) (160.1561ms)
✔ wake and check require a Git working tree (LOOP-046) (112.190876ms)
✔ recovery removes only dead kernel run records and identifies a live owner (LOOP-054, LOOP-055) (239.530553ms)
✔ an agent action based behind a clean HEAD appears committed (LOOP-027) (148.718537ms)
✔ realization needs a real commit and a subject (DEC-006) (173.972379ms)
✔ 1500 binary inputs digest identically at the review commit in under a second (LOOP-024, LOOP-032) (1006.243457ms)
✔ merged work is excluded but a later own commit is a breach (LOOP-047) (141.806328ms)
✔ exact Current tenure ignores prefix matches and earlier visits to the same slug (LOOP-035) (156.788937ms)
✔ a kernel run records its supervising PID (LOOP-054) (135.282709ms)
✔ a merged declared input still stales evidence (LOOP-047) (224.747718ms)
✔ wildcard and magic pathspecs select the same historical inputs (LOOP-024, LOOP-032) (1305.321235ms)
✔ historical selection retains deleted files and excludes new ones (LOOP-024, LOOP-035) (873.244998ms)
✔ explicit reporting with no lines and exit 0 establishes no requirement verdicts (377.357586ms)
✔ explicit reporting with no lines and exit 1 establishes no requirement verdicts (297.394442ms)
✔ a reporter that cannot start keeps execution diagnostics without blaming requirements (169.443736ms)
✔ large output cannot kill a reporter or invent a requirement verdict (202.146107ms)
✔ explicit mode ignores cairn: R-999: pass (169.489357ms)
✔ explicit mode ignores cairn: R-001: unverified (178.595946ms)
✔ explicit mode ignores cairn: R-001: passed (168.74531ms)
✔ explicit results survive nonzero exit and contradictory duplicates still fail (326.612098ms)
✔ unverified results across changed inputs never become failed attempts (779.888123ms)
✔ legacy exit 0 retains its interpretation (142.417336ms)
✔ legacy exit 1 retains its interpretation (165.010978ms)
✔ a misspelled reporting mode is refused before execution (85.351163ms)
✔ changed requirement blocks unchecked reruns and makes the completion review stale (LOOP-058, LOOP-059) (1137.810027ms)
✔ falsifier changes need review; separate rationale and other requirements do not change a receipt (669.251498ms)
✔ legacy receipts recover requirement identity from their commit; unavailable history requires review (483.520616ms)
✔ check refuses uncommitted requirement text and mechanism review markers (460.436128ms)
✔ tightened response limit cannot reuse the old passing check (897.862517ms)
✔ a declared input over 1 MiB agrees at a commit and in the tree (LOOP-060) (307.086863ms)
✔ a failed Git blob read cannot be hashed as an empty blob (285.582568ms)
✔ Git listings over 1 MiB include the last declared input (1873.034363ms)
✔ requirement identity excludes fenced examples and status dates (345.93066ms)
✔ backlog writes the item; a second with the same title is refused, never overwritten (LOOP-016) (102.731966ms)
✔ a commit inside the footprint: check runs; outside it: check names the path and does not run (LOOP-035) (493.682049ms)
✔ a file under .cairn/ or docs/ is never a breach (312.106547ms)
✔ declaring the path as an input clears the breach (166.014741ms)
✔ a revert preserves the record of an out-of-scope commit (LOOP-047) (189.682271ms)
✔ a commitment naming a requirement the spec set does not hold as Agreed is repaired (LOOP-029) (60.539156ms)
✔ a requirement in a Draft spec file is not Agreed (69.052275ms)
✔ working agreements and the ignore file are Cairn records (LOOP-035, LOOP-036) (259.601825ms)
✔ the over-asking rule is gone from both skills (SPEC-005, SPEC-006) (1.027039ms)
✔ a decision during the phase is recorded (DEC-003) (0.156035ms)
✔ understanding is restated before writing (SPEC-003) (0.098939ms)
✔ falsifiers are proposed as one set and confirmed by exception (SPEC-004) (0.30146ms)
✔ depth is inferred and domains derived, never asked or imposed (SPEC-008, SPEC-009) (0.129249ms)
✔ a term enters the glossary at first occurrence (SPEC-010) (0.077983ms)
✔ the phase ends at the first commitment, and later ones are specified during the loop (SPEC-011, SPEC-012) (0.092753ms)
✔ a requirement goes Agreed only with a nameable mechanism (SPEC-013) (0.070274ms)
✔ review before agreement, recording what it attacked (SPEC-014, SPEC-015) (0.161725ms)
✔ no spec file without requirements; nothing Agreed without a falsifier (SPEC-001, SPEC-002) (0.13654ms)
✔ Observed is marked, and is not contract (SPEC-016, SPEC-017) (0.13793ms)
✔ the skills exclude artifacts outside Cairn's workflow (0.107583ms)
✔ the working agreement names the agent's move for each verdict and the write-ahead record (LOOP-036) (0.133573ms)
✔ the working agreement names the developer's moves (LOOP-036, DEC-014) (0.071427ms)
✔ this repository runs by the file it ships (0.28526ms)
✔ both skills write the working agreement without naming a vendor's file (LOOP-036, PKG-006) (0.11347ms)
✔ the working agreement says what an attempt is (LOOP-036, DEC-017, DEC-018) (0.325866ms)
✔ the working agreement says a failure no footprint change can address is an escalation, and where an inherited requirement is repaired (DEC-019, LOOP-057) (0.061868ms)
✔ a two-obligation sentence is named (PKG-007) (36.775701ms)
✔ an obligation with no actor is named (PKG-010) (27.456572ms)
✔ a leading condition clause is not the actor, and the actor after it counts (37.050819ms)
✔ an Agreed requirement with no falsifier is named (SPEC-002); a Draft one is not (78.567929ms)
✔ prose after a Draft requirement with no falsifier is not scanned as requirement text (35.431378ms)
✔ a spec declaring a prefix with no requirement is named (SPEC-001) (26.88722ms)
✔ a keyword in backticks or quotes is a mention, not an obligation (71.336326ms)
✔ this repository's own specification passes the lint (48.369487ms)
✔ duplicate identifiers are rejected within a file and across files (SPEC-020) (99.683257ms)
✔ references resolve across files; missing references name their source (SPEC-021) (78.534809ms)
✔ code examples and quoted mentions are neither definitions nor references (36.843102ms)
✔ machine-local paths are findings in prose, links, quotes, and examples (SPEC-019) (300.966663ms)
✔ relative paths, URLs, slash commands, and character mentions are not absolute path findings (26.876983ms)
✔ a slash after a placeholder continues the template (SPEC-019) (63.069508ms)
✔ a host path is a finding until the file declares it (SPEC-019, SPEC-024) (68.642789ms)
✔ declared host paths cover children with a slash boundary and stay file-local (107.062823ms)
✔ a host-path declaration inside a requirement or example grants no exception (96.55597ms)
✔ host-path declarations require absolute or home-relative entries (150.141736ms)
✔ supersede writes both lines, and the old record keeps every word it had (DEC-008, DEC-010) (57.010261ms)
✔ supersede without a cause, or with one outside the four, is refused (DEC-009) (128.024184ms)
✔ supersede of a record that does not exist is refused (56.780374ms)
✔ a predecessor with no title line cannot be stamped, so nothing is written (118.756329ms)
✔ reversals reports counts by decider, cause, and domain (DEC-011) (160.099058ms)
✔ decide in a domain with a reversal is refused without --history, naming the reversal; with it, the record carries History (DEC-012) (117.618264ms)
✔ decide in a domain with no reversals needs no --history (103.570897ms)
✔ a record resting on prose alone is in the domain unspecified, and so is the next one (93.021539ms)
✔ step 1: an in-progress record is reconciled before anything else (84.762202ms)
✔ step 2: an open escalation is presented and nothing else happens (74.227871ms)
✔ an answered escalation is not open (415.397149ms)
✔ step 3: a decision with no realized-by is built, first by name (73.263453ms)
✔ a superseded decision with no realized-by is not work (72.606347ms)
✔ step 6: a mechanism that has never run is run, not implemented (80.795153ms)
✔ step 6: a requirement whose mechanism fails is implemented (321.420428ms)
✔ step 6 before step 7: failing evidence outranks a missing mechanism (234.533831ms)
✔ step 7: a requirement with no mechanism is declared (70.952182ms)
✔ step 10: every requirement current and passing, review clean, is Done (253.227964ms)
✔ malformed roadmap is Resolvable, not fatal (54.051588ms)
✔ a commitment naming no requirements is Resolvable (43.000251ms)
✔ the primary test: two wakes on the same checkout give the same action (98.560062ms)
✔ outside a cairn repository wake cannot run (37.328501ms)
✔ the loop never waits on the review queue (DEC-015) (214.326698ms)
✔ the linked walkthrough runs from agreement through the next commitment (PKG-016) (988.656546ms)
ℹ tests 313
ℹ suites 0
ℹ pass 313
ℹ fail 0
ℹ cancelled 0
ℹ skipped 0
ℹ todo 0
ℹ duration_ms 14467.174137
