✔ a Draft block overrides an Agreed file for both wake and check (SPEC-018) (168.752577ms)
✔ an Agreed block overrides a Draft file in the kernel and lint (SPEC-018, SPEC-002) (420.559417ms)
✔ a block Status does not become the file default, including inside examples (SPEC-018) (303.924878ms)
✔ block status without a value does not inherit Agreed by accident (SPEC-018) (66.40483ms)
✔ inheritance needs a file Scope and includes only Agreed blocks, regardless of prefix (PKG-015) (947.409089ms)
✔ Scope inside a requirement or fenced example does not declare inheritance (PKG-015) (439.158327ms)
✔ LOOP-063: reject input mutation during a check and retain diagnostics (255.755464ms)
✔ LOOP-063: reject deletion mutation during a check and retain diagnostics (267.760373ms)
✔ LOOP-063: reject addition mutation during a check and retain diagnostics (239.483214ms)
✔ LOOP-063: reject mode mutation during a check and retain diagnostics (243.645588ms)
✔ LOOP-063: reject specification mutation during a check and retain diagnostics (214.959865ms)
✔ LOOP-063: reject declaration mutation during a check and retain diagnostics (206.376287ms)
✔ LOOP-063: reject commit mutation during a check and retain diagnostics (216.714646ms)
✔ LOOP-063: committed input mutation during execution cannot certify the replacement (198.70473ms)
✔ LOOP-064: removing executable permission makes passing evidence stale (308.661231ms)
✔ LOOP-064: a mode-only change also invalidates the previous review after new evidence (456.098074ms)
✔ LOOP-064: changing a regular file into a link with identical identity bytes is stale (502.562155ms)
✔ LOOP-063: an unchanged candidate still records a pass despite unrelated working-tree edits (164.209412ms)
✔ LOOP-064: current and historical input ordering agrees for Unicode filenames (212.947022ms)
✔ LOOP-063: Git status hiding content changes cannot certify an uncommitted candidate (90.14069ms)
✔ LOOP-063: Git status hiding mode changes cannot certify an uncommitted candidate (95.90936ms)
✔ LOOP-066: one check owns execution with a kernel action record (370.551832ms)
✔ LOOP-066: one check owns execution with an agent action record (302.143816ms)
✔ LOOP-066: a live lock is named and never silently overwritten (104.418894ms)
✔ LOOP-066: a dead lock is named and never silently overwritten (108.049369ms)
✔ LOOP-066: a incomplete lock is named and never silently overwritten (97.87012ms)
✔ LOOP-066: an execution error releases the check lock for a corrected rerun (258.338045ms)
✔ LOOP-066: a live kernel action from an older Cairn also blocks execution (59.206693ms)
✔ LOOP-066: separate Git worktrees can run checks independently (266.229315ms)
✔ check refuses a dirty declared input and names it; a dirty undeclared file does not block (281.35949ms)
✔ check writes one record per requirement carrying the full receipt (211.646363ms)
✔ a nonzero exit records fail, and the receipt keeps the exit code (204.579775ms)
✔ two checks write two records; nothing is overwritten or deleted (370.987475ms)
✔ a commit changing a declared input makes evidence stale; an undeclared one does not (399.337454ms)
✔ a regression is named before a requirement that never passed (471.061148ms)
✔ three attempts with no escalation since: wake says escalate, not a fourth (DEC-016, DEC-017, DEC-018) (1348.140738ms)
✔ the review gate: no review, stale review, open finding, then Done (640.127314ms)
✔ Done is refused while any requirement lacks current passing evidence (56.147186ms)
✔ check names a requested requirement that no mechanism claims (79.362478ms)
✔ check writes and clears an in-progress record around the run (137.323109ms)
✔ a linked declared input digests the same at a commit and in the tree (LOOP-023, LOOP-024) (266.390221ms)
✔ a result line is the mechanism's statement about one requirement; what it did not mention is unverified (LOOP-037, LOOP-052) (136.370572ms)
✔ a mechanism that says nothing is read by its exit code for every requirement (LOOP-039) (139.661758ms)
✔ unverified is not an attempt, and a return to an earlier failed digest counts once (DEC-017, DEC-018) (1219.849667ms)
✔ a result line for a requirement the mechanism does not speak for is named and writes nothing (LOOP-038) (154.986567ms)
✔ a result line inside ordinary output, or without the marker, does not count (156.453502ms)
✔ a targeted check runs the named requirements' mechanisms and records every requirement they speak for (LOOP-040) (152.407039ms)
✔ two result lines for one requirement: a fail on any line wins (142.891986ms)
✔ three runs at one digest with no attempt since: the verdict stays implement and names DEC-019; an escalation naming it among others clears the hint (DEC-019, LOOP-053) (678.155461ms)
✔ writes a record with every required field and an empty realized-by (40.313144ms)
✔ a Consequential decision is queued for review (43.557065ms)
✔ a Consequential decision is queued even when .cairn/queue does not exist yet (35.778334ms)
✔ Routine is refused: routine decisions produce no record (30.950191ms)
✔ a missing field is a usage error and nothing is written (48.299013ms)
✔ supersedes requires a classified cause, and the old record must exist (142.495317ms)
✔ an existing record is not overwritten (85.083205ms)
✔ a queued decision stays queued; nothing but the developer removes it (DEC-014) (82.669887ms)
✔ LOOP-067: missing inputs names a declaration repair before execution (121.491412ms)
✔ LOOP-067: empty inputs names a declaration repair before execution (116.807933ms)
✔ LOOP-067: missing command names a declaration repair before execution (137.161431ms)
✔ LOOP-067: list command names a declaration repair before execution (115.884958ms)
✔ LOOP-067: empty command names a declaration repair before execution (101.027246ms)
✔ LOOP-067: missing requirements names a declaration repair before execution (116.936489ms)
✔ LOOP-067: bad identifier names a declaration repair before execution (98.071018ms)
✔ LOOP-067: scalar one-item lists retain their existing meaning (185.784362ms)
✔ LOOP-068: a unpopulated gitlink is refused by name (107.081465ms)
✔ LOOP-068: a populated gitlink is refused by name (133.401162ms)
✔ LOOP-069: identical selections across 100 mechanisms use at most 20 Git processes (105.380175ms)
✔ escalate writes the six-line format followed by its facts, and wake presents it (87.558735ms)
✔ a missing or multi-line field is refused with the field named, and nothing is written (107.096027ms)
✔ a Blocking escalation that fails the format is written anyway, naming the malformed field (LOOP-014) (130.875773ms)
✔ a --level other than Blocking is refused rather than silently losing the bypass (63.471837ms)
✔ a second escalation while one is open is refused (LOOP-011) (88.618972ms)
✔ answer records the reply; wake no longer presents it; a second answer is refused (199.782083ms)
✔ answer to an unknown escalation is refused (54.409777ms)
✔ a stranger resumes from the file alone: question and answer are both in it (LOOP-013) (92.518317ms)
✔ after an answer, the same concern can be escalated again under a new name (140.346646ms)
✔ an escalation exists when its file does, committed or not (LOOP-009) (55.998459ms)
✔ developer answers require one of the three forms and cannot inject fields (LOOP-048) (416.422549ms)
✔ ask, agent explanation, another ask, and ok stay ordered in one file (LOOP-049, LOOP-050, LOOP-014) (509.134744ms)
✔ fresh closed answers accompany only concerned requirements until new evidence (LOOP-051) (445.594688ms)
✔ LOOP-065: delete of output refuses Done and a new run recovers (754.308822ms)
✔ LOOP-065: corrupt of output refuses Done and a new run recovers (642.152448ms)
✔ LOOP-065: delete of stderr_output refuses Done and a new run recovers (536.115764ms)
✔ LOOP-065: corrupt of stderr_output refuses Done and a new run recovers (532.434771ms)
✔ LOOP-065: a receipt without output needs a new check (270.771178ms)
✔ LOOP-065: a receipt without output_digest needs a new check (286.114185ms)
✔ LOOP-065: a receipt without stderr_output needs a new check (269.096112ms)
✔ LOOP-065: a receipt without stderr_digest needs a new check (283.348378ms)
✔ LOOP-065: legacy unverifiable output is rerun without rewriting history (514.895472ms)
✔ LOOP-070: a later failure is latest even when the clock moves backward (620.387392ms)
✔ LOOP-070: receipt collisions at one clock instant retain execution order beyond nine suffixes (1869.244016ms)
✔ LOOP-070: imported branch receipts stale a later sequence until a new check incorporates them (723.976016ms)
✔ LOOP-070: legacy receipts need one ordered check and remain byte-for-byte unchanged (352.741747ms)
✔ LOOP-070: edit of a prior receipt requires fresh evidence (345.708697ms)
✔ LOOP-070: remove of a prior receipt requires fresh evidence (329.896931ms)
✔ LOOP-075: supporting evidence file README.md does not become a receipt (355.48356ms)
✔ LOOP-075: supporting evidence file notes.txt does not become a receipt (368.975474ms)
✔ LOOP-075: supporting evidence file support does not become a receipt (365.188567ms)
✔ LOOP-075: supporting evidence file .DS_Store does not become a receipt (379.812436ms)
✔ LOOP-075: malformed receipt requirement=R-999 names a repair before execution (290.721833ms)
✔ LOOP-075: malformed receipt result=success names a repair before execution (288.044292ms)
✔ LOOP-075: malformed receipt sequence=NaN names a repair before execution (286.24318ms)
✔ LOOP-075: malformed receipt sequence=9007199254740992 names a repair before execution (253.113921ms)
✔ LOOP-075: malformed receipt sequence=
  - 1 names a repair before execution (280.721404ms)
✔ LOOP-075: malformed receipt history_digest=wrong names a repair before execution (256.576687ms)
✔ LOOP-075: a receipt-shaped directory is a named repair instead of an EISDIR crash (204.326289ms)
✔ LOOP-070: an earlier escalation cannot cover three new attempts after clock rollback (710.239074ms)
✔ LOOP-070: an answer becomes old after a later check even if that check's timestamp is earlier (454.412447ms)
✔ LOOP-070: the newest answer wins between checks even when its clock timestamp is older (298.122101ms)
✔ LOOP-070: legacy escalation dates cover old receipts but not three newer sequenced runs (855.019113ms)
✔ a PKG requirement the commitment does not name is declared, run, and gates Done (PKG-011) (1057.606294ms)
✔ a PKG requirement in a Draft spec is not folded in (267.632882ms)
✔ LOOP-076/079: stale inputs identify the receipt and the check to run (469.369949ms)
✔ LOOP-077: names a content change using checked input identity (380.007723ms)
✔ LOOP-077: names a mode change using checked input identity (353.495482ms)
✔ LOOP-077: names a kind change using checked input identity (320.334802ms)
✔ LOOP-077: names a added change using checked input identity (291.077349ms)
✔ LOOP-077: names a removed change using checked input identity (304.920486ms)
✔ LOOP-077: names a link-target change using checked input identity (459.34596ms)
✔ LOOP-077: changed selection compares the old and new input sets (287.37359ms)
✔ LOOP-077: raw CRLF changes remain visible when Git-clean content agrees (283.913733ms)
✔ LOOP-077: detail output is sorted, bounded, and reports the omitted count (290.862754ms)
✔ LOOP-077: filenames cannot inject lines or terminal controls into explanations (304.34228ms)
✔ LOOP-077: receipts from one run share details and do not store source contents (223.502716ms)
✔ LOOP-078/080: legacy optional detail limits explanation without changing standing (329.995526ms)
✔ LOOP-078/080: invalid-field optional detail limits explanation without changing standing (355.202015ms)
✔ LOOP-078/080: missing optional detail limits explanation without changing standing (358.737035ms)
✔ LOOP-078/080: invalid-json optional detail limits explanation without changing standing (364.232078ms)
✔ LOOP-078/080: mismatched optional detail limits explanation without changing standing (352.95486ms)
✔ LOOP-078/080: duplicate optional detail limits explanation without changing standing (378.22434ms)
✔ LOOP-078/080: unsafe-path optional detail limits explanation without changing standing (376.21115ms)
✔ LOOP-078/080: directory optional detail limits explanation without changing standing (375.288212ms)
✔ LOOP-078/080: symlink optional detail limits explanation without changing standing (362.603414ms)
✔ LOOP-078: unavailable old requirement text is not claimed as a proven change (282.404563ms)
✔ LOOP-076/079: changed requirements identify evidence and retain review-before-check guidance (282.342714ms)
✔ LOOP-078: simultaneous input and output damage keep both reasons (299.351008ms)
✔ LOOP-080: deterministic freshness sequence seed=7 (5277.691914ms)
✔ LOOP-080: deterministic freshness sequence seed=42 (4194.280823ms)
✔ LOOP-080: deterministic freshness sequence seed=913 (3132.722133ms)
✔ LOOP-080: agreement changes, mechanism review, checks, and completion review retain priority (853.683219ms)
✔ LOOP-080: imported receipt history demands a rerun without a false input explanation (908.29113ms)
✔ LOOP-073: clean CRLF input completes under attributes (359.711998ms)
✔ LOOP-073: clean CRLF input completes under autocrlf (321.32887ms)
✔ LOOP-073: raw line-ending mutation during a run is rejected even when Git still sees the same content (147.071355ms)
✔ LOOP-073: execution evidence changes when clean conversion preserves committed identity (518.981994ms)
✔ LOOP-073: Git clean filters use Git's conversion while retaining raw evidence identity (253.207183ms)
✔ LOOP-073: failure of a required Git filter cannot record evidence (82.520626ms)
✔ LOOP-073: a clean filter moving HEAD during ending validation prevents evidence (214.62541ms)
✔ LOOP-073: canonical Git identities handle links without reading their targets (251.474933ms)
✔ LOOP-073: Git conversion keeps raw Unicode and control-character input paths (261.665856ms)
✔ LOOP-073: conversion and links work in a SHA-256 Git repository (238.161359ms)
✔ LOOP-074: historical specification filename "café.md" remains reviewable (238.427705ms)
✔ LOOP-074: historical specification filename "spec\ttab.md" remains reviewable (229.506232ms)
✔ LOOP-074: historical specification filename "spec\nline.md" remains reviewable (223.100862ms)
✔ help works outside a repository without running a command (PKG-017) (794.466593ms)
✔ help does not hide invalid options or consume literal arguments (134.805488ms)
✔ the script links cairn and the skills, and the linked cairn runs (PKG-014, PKG-005) (178.206156ms)
✔ a link owned by another package is kept; --force replaces it; --unlink removes ours and leaves a stranger's (171.089854ms)
✔ --force never replaces a real directory (43.887924ms)
✔ three megabytes are retained exactly once with matching digests (LOOP-041, LOOP-042) (260.78892ms)
✔ split stdout result lines survive a long non-result line; stderr is never a verdict (249.100234ms)
✔ signal termination is recorded and logs survive a clone (LOOP-043) (206.039295ms)
✔ working agreements and ignore changes are Cairn records inside the footprint (218.842935ms)
✔ a clean package passes (62.330271ms)
✔ PKG-001: a dependency, or a service manifest (113.898025ms)
✔ PKG-002: ignoring evidence or other durable state (77.799208ms)
✔ PKG-003: a command, a directory, or a record kind no decision names (179.317041ms)
✔ PKG-004: a kernel over 1500 lines (53.059754ms)
✔ PKG-006: a skill step naming a vendor's product (53.371631ms)
✔ PKG-008: a non-ASCII character in a tracked text file (49.670007ms)
✔ PKG-009: the kernel importing from tests (49.35591ms)
✔ PKG-012: a network call or a model vendor in the kernel (96.853877ms)
✔ PKG-013: deferral language, but not in code, quotes, or a rule (101.280288ms)
✔ this repository passes the package lint (113.898261ms)
✔ a tracked path deleted from the working tree is skipped, not a crash (55.539327ms)
✔ a sentence in a Formats section is not a record kind (52.990896ms)
✔ a record kind named by its path alone is checked (41.98348ms)
✔ PKG-002: a tracked in-progress record (50.001484ms)
✔ PKG-002: ignoring evidence alone is a finding (44.856461ms)
✔ LOOP-071: decision body metadata does not resolve unbuilt work: "Superseded by: example" (424.896096ms)
✔ LOOP-071: decision body metadata does not resolve unbuilt work: "```text\nSuperseded by: example\n```" (393.760378ms)
✔ LOOP-071: decision body metadata does not resolve unbuilt work: "~~~text\nSuperseded by: example\n~~~" (359.548666ms)
✔ LOOP-071: a fenced realization example is not a resolving commit (333.842393ms)
✔ LOOP-071: a fenced commit inside the realization section is not built (305.108981ms)
✔ LOOP-071: ## Example cannot replace an open review finding (305.61535ms)
✔ LOOP-071: # Example cannot replace an open review finding (323.974537ms)
✔ LOOP-071: ### Example cannot replace an open review finding (297.922262ms)
✔ LOOP-071:   ## Example cannot replace an open review finding (296.157962ms)
✔ LOOP-071: Example paragraph. cannot replace an open review finding (292.291216ms)
✔ LOOP-071: Example
------- cannot replace an open review finding (289.091046ms)
✔ LOOP-071: fenced fields before a real review header are ignored (285.753774ms)
✔ LOOP-071: multiline decision --title cannot inject metadata (262.374441ms)
✔ LOOP-071: multiline decision --decided-by cannot inject metadata (228.080007ms)
✔ LOOP-071: multiline decision --rests-on cannot inject metadata (241.375832ms)
✔ LOOP-071: multiline decision --wrong-if cannot inject metadata (262.483412ms)
✔ LOOP-071: multiline decision --history cannot inject metadata (247.641699ms)
✔ LOOP-072: malformed Blocking concerns stay open: "R-001\nAnswer: ok" (64.644912ms)
✔ LOOP-072: malformed Blocking concerns stay open: "R-001\r\nAnswer: ok" (76.272603ms)
✔ LOOP-072: malformed Blocking concerns stay open: "R-001\rAnswer: ok" (83.437645ms)
✔ LOOP-072: malformed Blocking concerns stay open: "R-001 Answer: ok" (81.492134ms)
✔ LOOP-072: malformed Blocking concerns stay open: "R-001 Answer: ok" (68.266263ms)
✔ LOOP-072: ordinary malformed concerns are refused: "R-001\nR-002" (42.664457ms)
✔ LOOP-072: ordinary malformed concerns are refused: "R-001, prose" (39.085506ms)
✔ LOOP-072: ordinary malformed concerns are refused: " " (35.708016ms)
✔ LOOP-072: a Blocking escalation without concerns is still presented (73.628513ms)
✔ LOOP-072: carriage returns in a Blocking question do not create answer records (78.3024ms)
✔ LOOP-072: explanation separator 8232 cannot close an escalation (118.490674ms)
✔ LOOP-071: decision metadata refuses separator 8232 (250.565472ms)
✔ LOOP-072: explanation separator 8233 cannot close an escalation (149.133ms)
✔ LOOP-071: decision metadata refuses separator 8233 (275.438768ms)
✔ each unmatched input and each duplicate owner is refused before execution (LOOP-044, LOOP-056) (287.900284ms)
✔ an indexed input deleted on disk asks for a commit (LOOP-045) (126.511648ms)
✔ wake and check require a Git working tree (LOOP-046) (98.193743ms)
✔ recovery removes only dead kernel run records and identifies a live owner (LOOP-054, LOOP-055) (212.87873ms)
✔ an agent action based behind a clean HEAD appears committed (LOOP-027) (140.507962ms)
✔ realization needs a real commit and a subject (DEC-006) (175.792104ms)
✔ 1500 binary inputs digest identically at the review commit in under a second (LOOP-024, LOOP-032) (930.876168ms)
✔ merged work is excluded but a later own commit is a breach (LOOP-047) (148.971302ms)
✔ exact Current tenure ignores prefix matches and earlier visits to the same slug (LOOP-035) (157.860639ms)
✔ a kernel run records its supervising PID (LOOP-054) (146.39894ms)
✔ a merged declared input still stales evidence (LOOP-047) (228.387512ms)
✔ wildcard and magic pathspecs select the same historical inputs (LOOP-024, LOOP-032) (1295.987151ms)
✔ historical selection retains deleted files and excludes new ones (LOOP-024, LOOP-035) (885.903836ms)
✔ explicit reporting with no lines and exit 0 establishes no requirement verdicts (333.797112ms)
✔ explicit reporting with no lines and exit 1 establishes no requirement verdicts (250.339357ms)
✔ a reporter that cannot start keeps execution diagnostics without blaming requirements (182.628295ms)
✔ large output cannot kill a reporter or invent a requirement verdict (196.766448ms)
✔ explicit mode ignores cairn: R-999: pass (166.401023ms)
✔ explicit mode ignores cairn: R-001: unverified (176.153364ms)
✔ explicit mode ignores cairn: R-001: passed (157.981511ms)
✔ explicit results survive nonzero exit and contradictory duplicates still fail (290.808241ms)
✔ unverified results across changed inputs never become failed attempts (798.198373ms)
✔ legacy exit 0 retains its interpretation (149.569608ms)
✔ legacy exit 1 retains its interpretation (143.072589ms)
✔ a misspelled reporting mode is refused before execution (86.151396ms)
✔ changed requirement blocks unchecked reruns and makes the completion review stale (LOOP-058, LOOP-059) (1039.696869ms)
✔ falsifier changes need review; separate rationale and other requirements do not change a receipt (624.584699ms)
✔ legacy receipts recover requirement identity from their commit; unavailable history requires review (514.78668ms)
✔ check refuses uncommitted requirement text and mechanism review markers (460.122152ms)
✔ tightened response limit cannot reuse the old passing check (877.825606ms)
✔ a declared input over 1 MiB agrees at a commit and in the tree (LOOP-060) (319.4556ms)
✔ a failed Git blob read cannot be hashed as an empty blob (255.844757ms)
✔ Git listings over 1 MiB include the last declared input (1817.112121ms)
✔ requirement identity excludes fenced examples and status dates (355.779604ms)
✔ empty footprint names declaration before scope and records no evidence (LOOP-081) (376.257894ms)
✔ first declaration still checks the full earlier history (LOOP-081) (226.778914ms)
✔ an empty current footprint does not block an explicitly requested existing mechanism (LOOP-081) (165.498674ms)
✔ an inherited mechanism provides a footprint even before local mechanisms exist (171.583827ms)
✔ scope reports every path, escapes line breaks, and gives identical remedies (LOOP-082) (147.451298ms)
✔ scope verdict reuses the answered-escalation annotation (LOOP-048, LOOP-051, LOOP-083) (361.653674ms)
✔ a committed scope acknowledgment lets restored history proceed (LOOP-083) (416.044764ms)
✔ scope acknowledgment must be committed before it can clear a breach (385.245888ms)
✔ ordinary ok does not acknowledge scope history (204.544794ms)
✔ scope escalation refuses unrestored paths and names the restoration remedy (179.054609ms)
✔ an invalid scope request still records an explicitly Blocking decision (113.377096ms)
✔ ask and explanation stay open; only the final committed ok acknowledges scope (457.274123ms)
✔ instead is visible but does not silently authorize a scope exception (309.301019ms)
✔ later changes to an acknowledged path still block, including later reverts (799.288023ms)
✔ approval cannot hide another path changed after the snapshot (291.361975ms)
✔ acknowledged history remains conditional on the paths staying restored (430.912905ms)
✔ editing the scope snapshot after answer invalidates its acknowledgment (270.294312ms)
✔ malformed scope metadata cannot suppress a breach (1262.834174ms)
✔ damaged acknowledgment fields cannot suppress a breach (512.868258ms)
✔ scope path matching is literal, including wildcard filenames and control characters (410.678659ms)
✔ scope acknowledgment does not carry into another activation of the same slug (262.212206ms)
✔ restoration checks additions, deletions, executable modes, and symlink kinds (1079.048672ms)
✔ backlog writes the item; a second with the same title is refused, never overwritten (LOOP-016) (110.959614ms)
✔ a commit inside the footprint: check runs; outside it: check names the path and does not run (LOOP-035) (405.339794ms)
✔ a file under .cairn/ or docs/ is never a breach (289.986475ms)
✔ declaring the path as an input clears the breach (167.87903ms)
✔ a revert preserves the record of an out-of-scope commit (LOOP-047) (185.542861ms)
✔ a commitment naming a requirement the spec set does not hold as Agreed is repaired (LOOP-029) (60.09759ms)
✔ a requirement in a Draft spec file is not Agreed (59.28349ms)
✔ working agreements and the ignore file are Cairn records (LOOP-035, LOOP-036) (243.929117ms)
✔ the over-asking rule is gone from both skills (SPEC-005, SPEC-006) (1.00913ms)
✔ a decision during the phase is recorded (DEC-003) (0.152879ms)
✔ understanding is restated before writing (SPEC-003) (0.089956ms)
✔ falsifiers are proposed as one set and confirmed by exception (SPEC-004) (0.216024ms)
✔ depth is inferred and domains derived, never asked or imposed (SPEC-008, SPEC-009) (0.135125ms)
✔ a term enters the glossary at first occurrence (SPEC-010) (0.075587ms)
✔ the phase ends at the first commitment, and later ones are specified during the loop (SPEC-011, SPEC-012) (0.084141ms)
✔ a requirement goes Agreed only with a nameable mechanism (SPEC-013) (0.082868ms)
✔ review before agreement, recording what it attacked (SPEC-014, SPEC-015) (0.117103ms)
✔ no spec file without requirements; nothing Agreed without a falsifier (SPEC-001, SPEC-002) (0.16533ms)
✔ Observed is marked, and is not contract (SPEC-016, SPEC-017) (0.098304ms)
✔ the skills exclude artifacts outside Cairn's workflow (0.122243ms)
✔ the working agreement names the agent's move for each verdict and the write-ahead record (LOOP-036) (0.158121ms)
✔ the working agreement names the developer's moves (LOOP-036, DEC-014) (0.062487ms)
✔ this repository runs by the file it ships (0.329165ms)
✔ both skills write the working agreement without naming a vendor's file (LOOP-036, PKG-006) (0.24977ms)
✔ the working agreement says what an attempt is (LOOP-036, DEC-017, DEC-018) (0.075534ms)
✔ the working agreement says a failure no footprint change can address is an escalation, and where an inherited requirement is repaired (DEC-019, LOOP-057) (0.073271ms)
✔ a two-obligation sentence is named (PKG-007) (36.866884ms)
✔ an obligation with no actor is named (PKG-010) (33.156533ms)
✔ a leading condition clause is not the actor, and the actor after it counts (35.478845ms)
✔ an Agreed requirement with no falsifier is named (SPEC-002); a Draft one is not (66.555221ms)
✔ prose after a Draft requirement with no falsifier is not scanned as requirement text (39.749525ms)
✔ a spec declaring a prefix with no requirement is named (SPEC-001) (41.389624ms)
✔ a keyword in backticks or quotes is a mention, not an obligation (44.421487ms)
✔ this repository's own specification passes the lint (40.448238ms)
✔ duplicate identifiers are rejected within a file and across files (SPEC-020) (60.582977ms)
✔ references resolve across files; missing references name their source (SPEC-021) (68.45972ms)
✔ code examples and quoted mentions are neither definitions nor references (33.242887ms)
✔ machine-local paths are findings in prose, links, quotes, and examples (SPEC-019) (329.214745ms)
✔ relative paths, URLs, slash commands, and character mentions are not absolute path findings (32.392624ms)
✔ a slash after a placeholder continues the template (SPEC-019) (67.727295ms)
✔ a host path is a finding until the file declares it (SPEC-019, SPEC-024) (63.462564ms)
✔ declared host paths cover children with a slash boundary and stay file-local (91.436525ms)
✔ a host-path declaration inside a requirement or example grants no exception (83.546163ms)
✔ host-path declarations require absolute or home-relative entries (149.281203ms)
✔ supersede writes both lines, and the old record keeps every word it had (DEC-008, DEC-010) (78.675596ms)
✔ supersede without a cause, or with one outside the four, is refused (DEC-009) (104.114777ms)
✔ supersede of a record that does not exist is refused (83.706166ms)
✔ a predecessor with no title line cannot be stamped, so nothing is written (51.094042ms)
✔ reversals reports counts by decider, cause, and domain (DEC-011) (139.018458ms)
✔ decide in a domain with a reversal is refused without --history, naming the reversal; with it, the record carries History (DEC-012) (129.560209ms)
✔ decide in a domain with no reversals needs no --history (97.123589ms)
✔ a record resting on prose alone is in the domain unspecified, and so is the next one (77.462989ms)
✔ step 1: an in-progress record is reconciled before anything else (75.058808ms)
✔ step 2: an open escalation is presented and nothing else happens (58.724006ms)
✔ an answered escalation is not open (329.267099ms)
✔ step 3: a decision with no realized-by is built, first by name (65.170302ms)
✔ a superseded decision with no realized-by is not work (82.431822ms)
✔ step 6: a mechanism that has never run is run, not implemented (89.133133ms)
✔ step 6: a requirement whose mechanism fails is implemented (322.096282ms)
✔ step 6 before step 7: failing evidence outranks a missing mechanism (217.918099ms)
✔ step 7: a requirement with no mechanism is declared (54.985719ms)
✔ step 10: every requirement current and passing, review clean, is Done (231.036593ms)
✔ malformed roadmap is Resolvable, not fatal (51.010025ms)
✔ a commitment naming no requirements is Resolvable (50.310748ms)
✔ the primary test: two wakes on the same checkout give the same action (94.303985ms)
✔ outside a cairn repository wake cannot run (22.017387ms)
✔ the loop never waits on the review queue (DEC-015) (239.30616ms)
✔ the linked walkthrough runs from agreement through the next commitment (PKG-016) (922.013736ms)
ℹ tests 335
ℹ suites 0
ℹ pass 335
ℹ fail 0
ℹ cancelled 0
ℹ skipped 0
ℹ todo 0
ℹ duration_ms 14429.907459
