✔ a Draft block overrides an Agreed file for both wake and check (SPEC-018) (155.181806ms)
✔ an Agreed block overrides a Draft file in the kernel and lint (SPEC-018, SPEC-002) (344.230968ms)
✔ a block Status does not become the file default, including inside examples (SPEC-018) (258.277343ms)
✔ block status without a value does not inherit Agreed by accident (SPEC-018) (66.993369ms)
✔ inheritance needs a file Scope and includes only Agreed blocks, regardless of prefix (PKG-015) (708.146142ms)
✔ Scope inside a requirement or fenced example does not declare inheritance (PKG-015) (364.562656ms)
✔ LOOP-063: reject input mutation during a check and retain diagnostics (239.280638ms)
✔ LOOP-063: reject deletion mutation during a check and retain diagnostics (227.993806ms)
✔ LOOP-063: reject addition mutation during a check and retain diagnostics (209.178286ms)
✔ LOOP-063: reject mode mutation during a check and retain diagnostics (207.322823ms)
✔ LOOP-063: reject specification mutation during a check and retain diagnostics (174.263286ms)
✔ LOOP-063: reject declaration mutation during a check and retain diagnostics (172.052172ms)
✔ LOOP-063: reject commit mutation during a check and retain diagnostics (161.630895ms)
✔ LOOP-063: committed input mutation during execution cannot certify the replacement (168.90774ms)
✔ LOOP-064: removing executable permission makes passing evidence stale (242.964445ms)
✔ LOOP-064: a mode-only change also invalidates the previous review after new evidence (399.798074ms)
✔ LOOP-064: changing a regular file into a link with identical identity bytes is stale (434.855596ms)
✔ LOOP-063: an unchanged candidate still records a pass despite unrelated working-tree edits (118.835331ms)
✔ LOOP-064: current and historical input ordering agrees for Unicode filenames (182.563477ms)
✔ LOOP-063: Git status hiding content changes cannot certify an uncommitted candidate (76.30112ms)
✔ LOOP-063: Git status hiding mode changes cannot certify an uncommitted candidate (71.921487ms)
✔ LOOP-066: one check owns execution with a kernel action record (284.271578ms)
✔ LOOP-066: one check owns execution with an agent action record (260.573211ms)
✔ LOOP-066: a live lock is named and never silently overwritten (97.157785ms)
✔ LOOP-066: a dead lock is named and never silently overwritten (101.660569ms)
✔ LOOP-066: a incomplete lock is named and never silently overwritten (98.873433ms)
✔ LOOP-066: an execution error releases the check lock for a corrected rerun (214.721228ms)
✔ LOOP-066: a live kernel action from an older Cairn also blocks execution (39.23839ms)
✔ LOOP-066: separate Git worktrees can run checks independently (212.565622ms)
✔ check refuses a dirty declared input and names it; a dirty undeclared file does not block (261.264659ms)
✔ check writes one record per requirement carrying the full receipt (200.783763ms)
✔ a nonzero exit records fail, and the receipt keeps the exit code (156.12792ms)
✔ two checks write two records; nothing is overwritten or deleted (280.865328ms)
✔ a commit changing a declared input makes evidence stale; an undeclared one does not (331.067761ms)
✔ a regression is named before a requirement that never passed (369.035668ms)
✔ three attempts with no escalation since: wake says escalate, not a fourth (DEC-016, DEC-017, DEC-018) (1061.13367ms)
✔ the review gate: no review, stale review, open finding, then Done (610.610099ms)
✔ Done is refused while any requirement lacks current passing evidence (59.605494ms)
✔ check names a requested requirement that no mechanism claims (64.208841ms)
✔ check writes and clears an in-progress record around the run (110.064973ms)
✔ a linked declared input digests the same at a commit and in the tree (LOOP-023, LOOP-024) (239.349444ms)
✔ a result line is the mechanism's statement about one requirement; what it did not mention is unverified (LOOP-037, LOOP-052) (130.256147ms)
✔ a mechanism that says nothing is read by its exit code for every requirement (LOOP-039) (110.810783ms)
✔ unverified is not an attempt, and a return to an earlier failed digest counts once (DEC-017, DEC-018) (953.611248ms)
✔ a result line for a requirement the mechanism does not speak for is named and writes nothing (LOOP-038) (108.269853ms)
✔ a result line inside ordinary output, or without the marker, does not count (106.617749ms)
✔ a targeted check runs the named requirements' mechanisms and records every requirement they speak for (LOOP-040) (116.127981ms)
✔ two result lines for one requirement: a fail on any line wins (102.058353ms)
✔ three runs at one digest with no attempt since: the verdict stays implement and names DEC-019; an escalation naming it among others clears the hint (DEC-019, LOOP-053) (443.883012ms)
✔ writes a record with every required field and an empty realized-by (40.103299ms)
✔ a Consequential decision is queued for review (43.269036ms)
✔ a Consequential decision is queued even when .cairn/queue does not exist yet (46.846729ms)
✔ Routine is refused: routine decisions produce no record (38.727843ms)
✔ a missing field is a usage error and nothing is written (33.75703ms)
✔ supersedes requires a classified cause, and the old record must exist (135.271116ms)
✔ an existing record is not overwritten (83.22085ms)
✔ a queued decision stays queued; nothing but the developer removes it (DEC-014) (73.236943ms)
✔ LOOP-067: missing inputs names a declaration repair before execution (125.042616ms)
✔ LOOP-067: empty inputs names a declaration repair before execution (108.663344ms)
✔ LOOP-067: missing command names a declaration repair before execution (130.025936ms)
✔ LOOP-067: list command names a declaration repair before execution (118.437619ms)
✔ LOOP-067: empty command names a declaration repair before execution (106.243773ms)
✔ LOOP-067: missing requirements names a declaration repair before execution (93.757551ms)
✔ LOOP-067: bad identifier names a declaration repair before execution (100.256451ms)
✔ LOOP-067: scalar one-item lists retain their existing meaning (138.194012ms)
✔ LOOP-068: a unpopulated gitlink is refused by name (105.233713ms)
✔ LOOP-068: a populated gitlink is refused by name (107.313582ms)
✔ LOOP-069: identical selections across 100 mechanisms use at most 20 Git processes (74.989547ms)
✔ escalate writes the six-line format followed by its facts, and wake presents it (114.672006ms)
✔ a missing or multi-line field is refused with the field named, and nothing is written (81.423058ms)
✔ a Blocking escalation that fails the format is written anyway, naming the malformed field (LOOP-014) (116.540358ms)
✔ a --level other than Blocking is refused rather than silently losing the bypass (58.822202ms)
✔ a second escalation while one is open is refused (LOOP-011) (92.999316ms)
✔ answer records the reply; wake no longer presents it; a second answer is refused (167.035356ms)
✔ answer to an unknown escalation is refused (49.775816ms)
✔ a stranger resumes from the file alone: question and answer are both in it (LOOP-013) (75.203178ms)
✔ after an answer, the same concern can be escalated again under a new name (110.724401ms)
✔ an escalation exists when its file does, committed or not (LOOP-009) (47.620097ms)
✔ developer answers require one of the three forms and cannot inject fields (LOOP-048) (328.792939ms)
✔ ask, agent explanation, another ask, and ok stay ordered in one file (LOOP-049, LOOP-050, LOOP-014) (447.288854ms)
✔ fresh closed answers accompany only concerned requirements until new evidence (LOOP-051) (355.840837ms)
✔ LOOP-065: delete of output refuses Done and a new run recovers (638.874387ms)
✔ LOOP-065: corrupt of output refuses Done and a new run recovers (492.792833ms)
✔ LOOP-065: delete of stderr_output refuses Done and a new run recovers (411.588009ms)
✔ LOOP-065: corrupt of stderr_output refuses Done and a new run recovers (418.869255ms)
✔ LOOP-065: a receipt without output needs a new check (244.182736ms)
✔ LOOP-065: a receipt without output_digest needs a new check (253.12155ms)
✔ LOOP-065: a receipt without stderr_output needs a new check (228.664364ms)
✔ LOOP-065: a receipt without stderr_digest needs a new check (248.480324ms)
✔ LOOP-065: legacy unverifiable output is rerun without rewriting history (425.028796ms)
✔ a PKG requirement the commitment does not name is declared, run, and gates Done (PKG-011) (863.001414ms)
✔ a PKG requirement in a Draft spec is not folded in (193.236665ms)
✔ help works outside a repository without running a command (PKG-017) (706.315745ms)
✔ help does not hide invalid options or consume literal arguments (125.029823ms)
✔ the script links cairn and the skills, and the linked cairn runs (PKG-014, PKG-005) (184.342104ms)
✔ a link owned by another package is kept; --force replaces it; --unlink removes ours and leaves a stranger's (132.13807ms)
✔ --force never replaces a real directory (49.076004ms)
✔ three megabytes are retained exactly once with matching digests (LOOP-041, LOOP-042) (211.331963ms)
✔ split stdout result lines survive a long non-result line; stderr is never a verdict (205.015056ms)
✔ signal termination is recorded and logs survive a clone (LOOP-043) (176.372579ms)
✔ working agreements and ignore changes are Cairn records inside the footprint (164.426105ms)
✔ a clean package passes (69.988879ms)
✔ PKG-001: a dependency, or a service manifest (102.168334ms)
✔ PKG-002: ignoring evidence or other durable state (49.054451ms)
✔ PKG-003: a command, a directory, or a record kind no decision names (170.488347ms)
✔ PKG-004: a kernel over 1500 lines (47.766568ms)
✔ PKG-006: a skill step naming a vendor's product (44.502246ms)
✔ PKG-008: a non-ASCII character in a tracked text file (48.115796ms)
✔ PKG-009: the kernel importing from tests (48.40493ms)
✔ PKG-012: a network call or a model vendor in the kernel (97.464898ms)
✔ PKG-013: deferral language, but not in code, quotes, or a rule (102.440381ms)
✔ this repository passes the package lint (79.523192ms)
✔ a tracked path deleted from the working tree is skipped, not a crash (38.162087ms)
✔ a sentence in a Formats section is not a record kind (43.431199ms)
✔ a record kind named by its path alone is checked (39.994372ms)
✔ PKG-002: a tracked in-progress record (45.056277ms)
✔ PKG-002: ignoring evidence alone is a finding (42.915778ms)
✔ each unmatched input and each duplicate owner is refused before execution (LOOP-044, LOOP-056) (263.820613ms)
✔ an indexed input deleted on disk asks for a commit (LOOP-045) (118.011936ms)
✔ wake and check require a Git working tree (LOOP-046) (94.732362ms)
✔ recovery removes only dead kernel run records and identifies a live owner (LOOP-054, LOOP-055) (209.408769ms)
✔ an agent action based behind a clean HEAD appears committed (LOOP-027) (134.342908ms)
✔ realization needs a real commit and a subject (DEC-006) (134.690314ms)
✔ 1500 binary inputs digest identically at the review commit in under a second (LOOP-024, LOOP-032) (617.691675ms)
✔ merged work is excluded but a later own commit is a breach (LOOP-047) (137.458223ms)
✔ exact Current tenure ignores prefix matches and earlier visits to the same slug (LOOP-035) (126.36861ms)
✔ a kernel run records its supervising PID (LOOP-054) (132.787528ms)
✔ a merged declared input still stales evidence (LOOP-047) (177.367492ms)
✔ wildcard and magic pathspecs select the same historical inputs (LOOP-024, LOOP-032) (1118.559804ms)
✔ historical selection retains deleted files and excludes new ones (LOOP-024, LOOP-035) (761.791663ms)
✔ explicit reporting with no lines and exit 0 establishes no requirement verdicts (246.194463ms)
✔ explicit reporting with no lines and exit 1 establishes no requirement verdicts (231.722809ms)
✔ a reporter that cannot start keeps execution diagnostics without blaming requirements (146.493592ms)
✔ large output cannot kill a reporter or invent a requirement verdict (169.873012ms)
✔ explicit mode ignores cairn: R-999: pass (128.26737ms)
✔ explicit mode ignores cairn: R-001: unverified (128.328714ms)
✔ explicit mode ignores cairn: R-001: passed (128.448434ms)
✔ explicit results survive nonzero exit and contradictory duplicates still fail (227.378948ms)
✔ unverified results across changed inputs never become failed attempts (604.627586ms)
✔ legacy exit 0 retains its interpretation (112.414397ms)
✔ legacy exit 1 retains its interpretation (122.995987ms)
✔ a misspelled reporting mode is refused before execution (76.626722ms)
✔ changed requirement blocks unchecked reruns and makes the completion review stale (LOOP-058, LOOP-059) (887.927133ms)
✔ falsifier changes need review; separate rationale and other requirements do not change a receipt (470.940724ms)
✔ legacy receipts recover requirement identity from their commit; unavailable history requires review (402.471621ms)
✔ check refuses uncommitted requirement text and mechanism review markers (403.300085ms)
✔ tightened response limit cannot reuse the old passing check (673.914527ms)
✔ a declared input over 1 MiB agrees at a commit and in the tree (LOOP-060) (281.979477ms)
✔ a failed Git blob read cannot be hashed as an empty blob (252.771438ms)
✔ Git listings over 1 MiB include the last declared input (1064.151046ms)
✔ requirement identity excludes fenced examples and status dates (282.235595ms)
✔ backlog writes the item; a second with the same title is refused, never overwritten (LOOP-016) (96.314037ms)
✔ a commit inside the footprint: check runs; outside it: check names the path and does not run (LOOP-035) (323.682054ms)
✔ a file under .cairn/ or docs/ is never a breach (255.112207ms)
✔ declaring the path as an input clears the breach (155.722645ms)
✔ a revert preserves the record of an out-of-scope commit (LOOP-047) (143.793921ms)
✔ a commitment naming a requirement the spec set does not hold as Agreed is repaired (LOOP-029) (49.571761ms)
✔ a requirement in a Draft spec file is not Agreed (56.650237ms)
✔ working agreements and the ignore file are Cairn records (LOOP-035, LOOP-036) (185.299821ms)
✔ the over-asking rule is gone from both skills (SPEC-005, SPEC-006) (1.353089ms)
✔ a decision during the phase is recorded (DEC-003) (0.140145ms)
✔ understanding is restated before writing (SPEC-003) (0.100223ms)
✔ falsifiers are proposed as one set and confirmed by exception (SPEC-004) (0.4765ms)
✔ depth is inferred and domains derived, never asked or imposed (SPEC-008, SPEC-009) (0.162278ms)
✔ a term enters the glossary at first occurrence (SPEC-010) (0.102322ms)
✔ the phase ends at the first commitment, and later ones are specified during the loop (SPEC-011, SPEC-012) (0.113956ms)
✔ a requirement goes Agreed only with a nameable mechanism (SPEC-013) (0.107181ms)
✔ review before agreement, recording what it attacked (SPEC-014, SPEC-015) (0.320517ms)
✔ no spec file without requirements; nothing Agreed without a falsifier (SPEC-001, SPEC-002) (0.557213ms)
✔ Observed is marked, and is not contract (SPEC-016, SPEC-017) (0.197468ms)
✔ the skills exclude artifacts outside Cairn's workflow (0.151493ms)
✔ the working agreement names the agent's move for each verdict and the write-ahead record (LOOP-036) (0.273137ms)
✔ the working agreement names the developer's moves (LOOP-036, DEC-014) (0.0849ms)
✔ this repository runs by the file it ships (0.529366ms)
✔ both skills write the working agreement without naming a vendor's file (LOOP-036, PKG-006) (0.102023ms)
✔ the working agreement says what an attempt is (LOOP-036, DEC-017, DEC-018) (0.096267ms)
✔ the working agreement says a failure no footprint change can address is an escalation, and where an inherited requirement is repaired (DEC-019, LOOP-057) (0.088268ms)
✔ a two-obligation sentence is named (PKG-007) (40.606012ms)
✔ an obligation with no actor is named (PKG-010) (35.414656ms)
✔ a leading condition clause is not the actor, and the actor after it counts (34.491987ms)
✔ an Agreed requirement with no falsifier is named (SPEC-002); a Draft one is not (66.5263ms)
✔ prose after a Draft requirement with no falsifier is not scanned as requirement text (34.704526ms)
✔ a spec declaring a prefix with no requirement is named (SPEC-001) (32.119297ms)
✔ a keyword in backticks or quotes is a mention, not an obligation (32.240352ms)
✔ this repository's own specification passes the lint (45.951846ms)
✔ duplicate identifiers are rejected within a file and across files (SPEC-020) (71.886056ms)
✔ references resolve across files; missing references name their source (SPEC-021) (60.328631ms)
✔ code examples and quoted mentions are neither definitions nor references (33.924803ms)
✔ machine-local paths are findings in prose, links, quotes, and examples (SPEC-019) (294.952814ms)
✔ relative paths, URLs, slash commands, and character mentions are not absolute path findings (25.189471ms)
✔ a slash after a placeholder continues the template (SPEC-019) (51.381472ms)
✔ a host path is a finding until the file declares it (SPEC-019, SPEC-024) (49.379963ms)
✔ declared host paths cover children with a slash boundary and stay file-local (85.259945ms)
✔ a host-path declaration inside a requirement or example grants no exception (63.164802ms)
✔ host-path declarations require absolute or home-relative entries (136.501453ms)
✔ supersede writes both lines, and the old record keeps every word it had (DEC-008, DEC-010) (67.770361ms)
✔ supersede without a cause, or with one outside the four, is refused (DEC-009) (89.836309ms)
✔ supersede of a record that does not exist is refused (53.789672ms)
✔ a predecessor with no title line cannot be stamped, so nothing is written (66.370114ms)
✔ reversals reports counts by decider, cause, and domain (DEC-011) (129.731134ms)
✔ decide in a domain with a reversal is refused without --history, naming the reversal; with it, the record carries History (DEC-012) (124.263091ms)
✔ decide in a domain with no reversals needs no --history (80.421146ms)
✔ a record resting on prose alone is in the domain unspecified, and so is the next one (90.851574ms)
✔ step 1: an in-progress record is reconciled before anything else (70.895871ms)
✔ step 2: an open escalation is presented and nothing else happens (76.556247ms)
✔ an answered escalation is not open (270.798541ms)
✔ step 3: a decision with no realized-by is built, first by name (59.817827ms)
✔ a superseded decision with no realized-by is not work (70.77288ms)
✔ step 6: a mechanism that has never run is run, not implemented (72.166732ms)
✔ step 6: a requirement whose mechanism fails is implemented (241.174252ms)
✔ step 6 before step 7: failing evidence outranks a missing mechanism (156.031903ms)
✔ step 7: a requirement with no mechanism is declared (53.310164ms)
✔ step 10: every requirement current and passing, review clean, is Done (177.436393ms)
✔ malformed roadmap is Resolvable, not fatal (36.378993ms)
✔ a commitment naming no requirements is Resolvable (43.048064ms)
✔ the primary test: two wakes on the same checkout give the same action (67.425344ms)
✔ outside a cairn repository wake cannot run (28.801892ms)
✔ the loop never waits on the review queue (DEC-015) (191.830201ms)
✔ the linked walkthrough runs from agreement through the next commitment (PKG-016) (801.582422ms)
ℹ tests 219
ℹ suites 0
ℹ pass 219
ℹ fail 0
ℹ cancelled 0
ℹ skipped 0
ℹ todo 0
ℹ duration_ms 5882.819773
