✔ a Draft block overrides an Agreed file for both wake and check (SPEC-018) (188.62213ms)
✔ an Agreed block overrides a Draft file in the kernel and lint (SPEC-018, SPEC-002) (636.633174ms)
✔ a block Status does not become the file default, including inside examples (SPEC-018) (374.548028ms)
✔ block status without a value does not inherit Agreed by accident (SPEC-018) (83.387037ms)
✔ inheritance needs a file Scope and includes only Agreed blocks, regardless of prefix (PKG-015) (1748.416498ms)
✔ Scope inside a requirement or fenced example does not declare inheritance (PKG-015) (730.618339ms)
✔ a falsifier wrapped onto a line beginning with Status: does not become the block's status (SPEC-018) (1.109678ms)
✔ LOOP-063: reject input mutation during a check and retain diagnostics (438.767811ms)
✔ LOOP-063: reject deletion mutation during a check and retain diagnostics (426.397842ms)
✔ LOOP-063: reject addition mutation during a check and retain diagnostics (409.202615ms)
✔ LOOP-063: reject mode mutation during a check and retain diagnostics (427.623709ms)
✔ LOOP-063: reject specification mutation during a check and retain diagnostics (436.563588ms)
✔ LOOP-063: reject declaration mutation during a check and retain diagnostics (414.122702ms)
✔ LOOP-063: reject commit mutation during a check and retain diagnostics (388.954408ms)
✔ LOOP-063: committed input mutation during execution cannot certify the replacement (333.778814ms)
✔ LOOP-064: removing executable permission makes passing evidence stale (495.388685ms)
✔ LOOP-064: a mode-only change also invalidates the previous review after new evidence (730.547336ms)
✔ LOOP-064: changing a regular file into a link with identical identity bytes is stale (770.183417ms)
✔ LOOP-063: an unchanged candidate still records a pass despite unrelated working-tree edits (202.918612ms)
✔ LOOP-064: current and historical input ordering agrees for Unicode filenames (276.400034ms)
✔ LOOP-063: Git status hiding content changes cannot certify an uncommitted candidate (118.614944ms)
✔ LOOP-066: one check owns execution with a kernel action record (464.423853ms)
✔ LOOP-066: one check owns execution with an agent action record (441.614627ms)
✔ LOOP-066: a live lock is named and never silently overwritten (147.929957ms)
✔ LOOP-066: a dead lock is named and never silently overwritten (132.171151ms)
✔ LOOP-066: a incomplete lock is named and never silently overwritten (145.951892ms)
✔ LOOP-066: an execution error releases the check lock for a corrected rerun (548.449218ms)
✔ LOOP-066: a live kernel action from an older Cairn also blocks execution (115.500759ms)
✔ LOOP-066: separate Git worktrees can run checks independently (517.897204ms)
✔ after a green check --stale runs nothing; after one input changes it runs only that mechanism (LOOP-094) (1025.485004ms)
✔ a mechanism speaking for two stale requirements runs once and refreshes both (LOOP-094, LOOP-040) (696.024648ms)
✔ a fresh failure and an unverified result are skipped with implement named (LOOP-094) (658.644103ms)
✔ --stale with a requirement identifier is refused (LOOP-094) (80.377107ms)
✔ check refuses a dirty declared input and names it; a dirty undeclared file does not block (LOOP-030) (443.953549ms)
✔ check writes one receipt per run carrying the full record and a result line per requirement (LOOP-097) (333.930568ms)
✔ a nonzero exit records fail, and the receipt keeps the exit code (LOOP-034) (321.344843ms)
✔ a pass after a fail keeps the failing record; nothing is overwritten or deleted (LOOP-025) (788.916361ms)
✔ a commit changing a declared input makes evidence stale; an undeclared one does not (LOOP-007) (883.568369ms)
✔ a regression is named before a requirement that never passed (LOOP-031) (877.80667ms)
✔ three attempts with no escalation since: wake says escalate, not a fourth (DEC-016, DEC-017, DEC-018) (2016.998023ms)
✔ the review gate: no review, stale review, open finding, then Done (LOOP-020, LOOP-033) (895.254009ms)
✔ Done is refused while any requirement lacks current passing evidence (LOOP-017) (78.520074ms)
✔ check names a requested requirement that no mechanism claims (83.131368ms)
✔ check writes the in-progress record before the run and clears it after (LOOP-021) (170.838133ms)
✔ a linked declared input digests the same at a commit and in the tree (LOOP-023, LOOP-024) (344.307047ms)
✔ a result line is the mechanism's statement about one requirement; what it did not mention is unverified (LOOP-037, LOOP-052) (194.917203ms)
✔ a mechanism that says nothing is read by its exit code for every requirement (LOOP-039) (176.972422ms)
✔ unverified is not an attempt, and a return to an earlier failed digest counts once (DEC-017, DEC-018) (1563.727477ms)
✔ a result line for a requirement the mechanism does not speak for is named and writes nothing (LOOP-038) (182.44144ms)
✔ a result line inside ordinary output, or without the marker, does not count (166.256102ms)
✔ a targeted check runs the named requirements' mechanisms and records every requirement they speak for (LOOP-040) (177.112605ms)
✔ two result lines for one requirement: a fail on any line wins (166.848644ms)
✔ three runs at one digest with no attempt since: the verdict stays implement and names DEC-019; an escalation naming it among others clears the hint (DEC-019, LOOP-053) (860.156088ms)
✔ a receipt names its commit in full, and an older receipt with the short form is still read (LOOP-136) (255.949785ms)
✔ a complete commitment with an unpromoted backlog item names promote, and a stamped item lets it reach Done (LOOP-087) (900.340262ms)
✔ an empty backlog with waiting next-iteration items is Done, with the count as information and no action on them (LOOP-091) (820.320166ms)
✔ a promotion marker must resolve to a decision record (LOOP-088) (308.545215ms)
✔ a commitment promoted from an item needs a decision record naming the item (LOOP-088) (274.011717ms)
✔ the spec lint reports a promotion marker with no decision record (LOOP-088) (87.025709ms)
✔ a promoted commitment that changes an Agreed requirement or the working agreement is an escalation; an unpromoted one is not (LOOP-089, LOOP-090) (1520.224539ms)
✔ a capture from one of the commitment's own requirements needs Outside because: or an escalation (LOOP-092) (1458.222602ms)
✔ a next-iteration item names what it would change, and the capture refuses one that does not (LOOP-093) (375.975149ms)
✔ a commitment specified from a next-iteration item needs the item stamped before anything else (SPEC-027) (487.236537ms)
✔ a by deference marker resolves to a decision record like a promotion marker (SPEC-002, LOOP-088) (178.356745ms)
✔ the LOOP-090 gate reads the Concerns line, not the slug as a substring (LOOP-114) (494.917207ms)
✔ the LOOP-088 check reads the Promotes line, and decide --promotes writes it (LOOP-115) (223.422637ms)
✔ the activation commit of a promoted commitment is inside the LOOP-089 comparison (LOOP-116) (126.704598ms)
✔ the LOOP-090 route needs one escalation: its Concerns line covers the moved item too (LOOP-119, LOOP-092, LOOP-114) (598.765012ms)
✔ an escalation raised before the promoted commitment began does not silence the LOOP-090 gate (LOOP-114) (312.019383ms)
✔ an escalation raised before the commitment began does not silence the capture gate (LOOP-119) (297.409968ms)
✔ the activation commit is inside the scope footprint (LOOP-120) (103.859294ms)
✔ a requirement Agreed at activation that is demoted or removed is a contract change (LOOP-121) (575.756859ms)
✔ the include files are the root files that hold @AGENTS.md: exempt from the footprint, compared by the gate (LOOP-122) (1065.456045ms)
✔ a superseded promotion no longer satisfies the LOOP-088 check, and the repair says the promotion was reversed (LOOP-123) (454.038008ms)
✔ the restore route measures from the tree before activation, so a path the activation commit added must go (LOOP-120, LOOP-035) (180.783274ms)
✔ the loop works against exactly one commitment: the current one (LOOP-019) (371.346057ms)
✔ a promotion recorded below Consequential is a repair naming the level, since the developer never sees it in the queue (LOOP-088) (65.573986ms)
✔ every requirement the node-test declaration speaks for is named in a test title (PKG-025) (3.034331ms)
✔ every repository path the tests read is a declared input of node-test (PKG-026) (1.017535ms)
✔ writes a record with every required field and an empty realized-by (DEC-001, DEC-005) (71.112498ms)
✔ a Consequential decision is queued for review (DEC-013) (88.641552ms)
✔ a Consequential decision is queued even when .cairn/queue does not exist yet (107.523834ms)
✔ Routine is refused: routine decisions produce no record (69.049293ms)
✔ a missing field is a usage error and nothing is written (71.545665ms)
✔ supersedes requires a classified cause, and the old record must exist (175.552479ms)
✔ an existing record is not overwritten (136.327762ms)
✔ a queued decision stays queued; nothing but the developer removes it (DEC-014) (225.264028ms)
✔ each accepted decider is stored lowercase, whatever case it was typed in (DEC-020) (577.108566ms)
✔ a decider outside the vocabulary is a usage error naming all three, and nothing is written (DEC-020) (466.084114ms)
✔ an empty --decided-by is the missing-field error, not the vocabulary one (84.842007ms)
✔ LOOP-006, LOOP-067: missing inputs names a declaration repair before execution (192.718204ms)
✔ LOOP-006, LOOP-067: empty inputs names a declaration repair before execution (168.822768ms)
✔ LOOP-006, LOOP-067: missing command names a declaration repair before execution (150.07218ms)
✔ LOOP-006, LOOP-067: list command names a declaration repair before execution (139.377647ms)
✔ LOOP-006, LOOP-067: empty command names a declaration repair before execution (137.206609ms)
✔ LOOP-006, LOOP-067: missing requirements names a declaration repair before execution (165.672021ms)
✔ LOOP-006, LOOP-067: bad identifier names a declaration repair before execution (141.676502ms)
✔ LOOP-067: scalar one-item lists retain their existing meaning (335.824805ms)
✔ LOOP-068: a unpopulated gitlink is refused by name (218.962435ms)
✔ LOOP-068: a populated gitlink is refused by name (219.369997ms)
✔ LOOP-069: identical selections across 100 mechanisms use at most 20 Git processes (150.446434ms)
✔ escalate writes the six-line format followed by its facts, and wake presents it (LOOP-010, LOOP-026) (134.123093ms)
✔ a missing or multi-line field is refused with the field named, and nothing is written (LOOP-012) (122.840008ms)
✔ a Blocking escalation that fails the format is written anyway, naming the malformed field (LOOP-013) (135.728063ms)
✔ the loop stops for the developer only at Blocking: a recorded decision below it never yields Escalate, and the Blocking bypass must be spelled exactly (DEC-002) (296.186429ms)
✔ a second escalation while one is open is refused (LOOP-011) (111.314013ms)
✔ answer records the reply; wake no longer presents it; a second answer is refused (296.307797ms)
✔ answer to an unknown escalation is refused (85.901692ms)
✔ a stranger resumes from the file alone: question and answer are both in it (LOOP-014) (140.235163ms)
✔ a developer-shaped answer during the agent's turn is refused and writes nothing; the explanation is still accepted (LOOP-135) (674.604825ms)
✔ after an answer, the same concern can be escalated again under a new name (213.947902ms)
✔ an escalation exists when its file does, committed or not (LOOP-009) (84.39215ms)
✔ developer answers require one of the three forms and cannot inject fields (LOOP-048) (625.034343ms)
✔ ask, agent explanation, another ask, and ok stay ordered in one file (LOOP-049, LOOP-050, LOOP-014) (758.89517ms)
✔ fresh closed answers accompany only concerned requirements until new evidence (LOOP-051) (644.779445ms)
✔ a raised escalation carries no derivable status line, and an old record with one still parses (LOOP-028) (141.560439ms)
✔ LOOP-065: delete of output refuses Done and a new run recovers (1176.653854ms)
✔ LOOP-065: corrupt of output refuses Done and a new run recovers (1313.09051ms)
✔ LOOP-065: delete of stderr_output refuses Done and a new run recovers (1020.939878ms)
✔ LOOP-065: corrupt of stderr_output refuses Done and a new run recovers (828.999061ms)
✔ LOOP-065: a receipt without output needs a new check (439.338846ms)
✔ LOOP-065: a receipt without output_digest needs a new check (425.637962ms)
✔ LOOP-065: a receipt without stderr_output needs a new check (448.219166ms)
✔ LOOP-065: a receipt without stderr_digest needs a new check (362.343618ms)
✔ LOOP-065: legacy unverifiable output is rerun without rewriting history (638.671737ms)
✔ a fresh record names the kernel that wrote it (LOOP-023) (274.263105ms)
✔ LOOP-095: a record from another kernel is stale with the kernel named, and a new check restores Done (671.387517ms)
✔ LOOP-095: a record from no kernel is stale with the kernel named, and a new check restores Done (631.631969ms)
✔ LOOP-070: a later failure is latest even when the clock moves backward (983.24945ms)
✔ LOOP-070: receipt collisions at one clock instant retain execution order beyond nine suffixes (3348.959502ms)
✔ LOOP-070: imported branch receipts stale a later sequence until a new check incorporates them (1107.20018ms)
✔ LOOP-070, LOOP-098: legacy receipts need one ordered check, remain byte-for-byte unchanged, and precede the run receipt in the history (497.275877ms)
✔ LOOP-070: edit of a prior receipt requires fresh evidence (444.364847ms)
✔ LOOP-070: remove of a prior receipt requires fresh evidence (420.148731ms)
✔ LOOP-075: supporting evidence file README.md does not become a receipt (475.347925ms)
✔ LOOP-075: supporting evidence file notes.txt does not become a receipt (475.455959ms)
✔ LOOP-075: supporting evidence file support does not become a receipt (459.217519ms)
✔ LOOP-075: supporting evidence file .DS_Store does not become a receipt (487.521129ms)
✔ LOOP-075: a malformed result line (result=success) names a repair before execution (339.516977ms)
✔ LOOP-075: a malformed result line (sequence=NaN) names a repair before execution (339.023458ms)
✔ LOOP-075: a malformed result line (sequence=9007199254740992) names a repair before execution (338.501258ms)
✔ LOOP-075: a malformed result line (history_digest=wrong) names a repair before execution (354.198608ms)
✔ LOOP-075: a malformed result line (tokens) names a repair before execution (332.555414ms)
✔ LOOP-075: a receipt-shaped directory is a named repair instead of an EISDIR crash (247.962832ms)
✔ LOOP-070: an earlier escalation cannot cover three new attempts after clock rollback (938.340138ms)
✔ LOOP-070: an answer becomes old after a later check even if that check's timestamp is earlier (576.10186ms)
✔ LOOP-070: the newest answer wins between checks even when its clock timestamp is older (397.757237ms)
✔ LOOP-070: legacy escalation dates cover old receipts but not three newer sequenced runs (1273.737433ms)
✔ a PKG requirement the commitment does not name is declared, run, and gates Done (PKG-011) (1801.716081ms)
✔ a PKG requirement in a Draft spec is not folded in (508.408917ms)
✔ LOOP-076, LOOP-079: stale inputs identify the receipt and the check to run (694.467282ms)
✔ LOOP-077: names a content change using checked input identity (681.147632ms)
✔ LOOP-077: names a mode change using checked input identity (658.115308ms)
✔ LOOP-077: names a kind change using checked input identity (642.099093ms)
✔ LOOP-077: names a added change using checked input identity (580.209275ms)
✔ LOOP-077: names a removed change using checked input identity (470.651708ms)
✔ LOOP-077: names a link-target change using checked input identity (733.83427ms)
✔ LOOP-077: changed selection compares the old and new input sets (445.972004ms)
✔ LOOP-077: raw CRLF changes remain visible when Git-clean content agrees (445.3983ms)
✔ LOOP-077: detail output is sorted, bounded, and reports the omitted count (443.463492ms)
✔ LOOP-077: filenames cannot inject lines or terminal controls into explanations (372.927964ms)
✔ LOOP-077: receipts from one run share details and do not store source contents (280.638445ms)
✔ LOOP-078, LOOP-080: legacy optional detail limits explanation without changing standing (452.808588ms)
✔ LOOP-078, LOOP-080: invalid-field optional detail limits explanation without changing standing (482.495767ms)
✔ LOOP-078, LOOP-080: missing optional detail limits explanation without changing standing (481.32646ms)
✔ LOOP-078, LOOP-080: invalid-json optional detail limits explanation without changing standing (476.850923ms)
✔ LOOP-078, LOOP-080: mismatched optional detail limits explanation without changing standing (484.564642ms)
✔ LOOP-078, LOOP-080: duplicate optional detail limits explanation without changing standing (460.232167ms)
✔ LOOP-078, LOOP-080: unsafe-path optional detail limits explanation without changing standing (465.56675ms)
✔ LOOP-078, LOOP-080: directory optional detail limits explanation without changing standing (490.520098ms)
✔ LOOP-078, LOOP-080: symlink optional detail limits explanation without changing standing (435.99199ms)
✔ LOOP-078: unavailable old requirement text is not claimed as a proven change (354.707914ms)
✔ LOOP-076, LOOP-079: changed requirements identify evidence and retain review-before-check guidance (378.521705ms)
✔ LOOP-078: simultaneous input and output damage keep both reasons (336.170771ms)
✔ LOOP-080: deterministic freshness sequence seed=7 (8381.93014ms)
✔ LOOP-080: deterministic freshness sequence seed=42 (5721.380697ms)
✔ LOOP-080: deterministic freshness sequence seed=913 (4803.588617ms)
✔ LOOP-080: agreement changes, mechanism review, checks, and completion review retain priority (1146.289058ms)
✔ LOOP-080: imported receipt history demands a rerun without a false input explanation (1275.514056ms)
✔ LOOP-073: clean CRLF input completes under attributes (560.883135ms)
✔ LOOP-073: clean CRLF input completes under autocrlf (562.715766ms)
✔ LOOP-073: raw line-ending mutation during a run is rejected even when Git still sees the same content (265.632607ms)
✔ LOOP-073: execution evidence changes when clean conversion preserves committed identity (1100.097868ms)
✔ LOOP-073: Git clean filters use Git's conversion while retaining raw evidence identity (492.175599ms)
✔ LOOP-073: failure of a required Git filter cannot record evidence (129.32245ms)
✔ LOOP-073: a clean filter moving HEAD during ending validation prevents evidence (553.894656ms)
✔ LOOP-073: canonical Git identities handle links without reading their targets (388.997699ms)
✔ LOOP-073: Git conversion keeps raw Unicode and control-character input paths (340.291185ms)
✔ LOOP-073: conversion and links work in a SHA-256 Git repository (349.2718ms)
✔ LOOP-074: historical specification filename "café.md" remains reviewable (352.48321ms)
✔ LOOP-074: historical specification filename "spec\ttab.md" remains reviewable (360.410451ms)
✔ LOOP-074: historical specification filename "spec\nline.md" remains reviewable (319.829411ms)
✔ help works outside a repository without running a command (PKG-017) (982.133827ms)
✔ help does not hide invalid options or consume literal arguments (192.625321ms)
✔ help lists the lint command (PKG-017) (48.769608ms)
✔ a working directory that no longer exists is named as the failure, and git is not blamed (PKG-041, PKG-022) (206.910282ms)
✔ the stop hook refuses a stop while wake says Resolvable, with the verdict as the reason (PKG-018) (181.967481ms)
✔ the stop hook allows a stop at Done, at Escalate, and outside a Cairn repository (PKG-018) (1025.194912ms)
✔ the session-start hook links the command once and prints the verdict in a Cairn repository (PKG-019, PKG-014, PKG-005) (475.209691ms)
✔ the session-start hook prints no verdict outside a Cairn repository and leaves an existing link that resolves alone (PKG-019) (60.666146ms)
✔ a checkout under a path with a space links a command that resolves, and its stop hook still blocks (PKG-019, PKG-021) (343.689674ms)
✔ the hooks run the kernel the command link resolves to, so hook and agent share one referee (PKG-021) (965.871653ms)
✔ a dangling link is replaced and reported (PKG-019) (165.316395ms)
✔ errors exit 0 with one line on standard error and no stack trace (PKG-022) (184.226863ms)
✔ the hooks judge with the cairn on PATH, a wrapper included, and session-start names it (PKG-033) (874.996659ms)
✔ a link to a wrapper or file is kept; a dangling link or one to a directory is replaced (PKG-034) (362.252022ms)
✔ a project below the Git toplevel gets the verdict and the stop refusal (PKG-035) (268.986985ms)
✔ a kernel that prints no verdict is one stderr line: the stop is allowed and session-start prints no trace (PKG-036) (134.838942ms)
✔ a link that cannot be created is one stderr line, and the verdict still prints (PKG-019, PKG-022) (132.558928ms)
✔ with git absent the hooks say so in one line and block nothing (PKG-022) (87.540573ms)
✔ cairn lint runs the checker over docs/spec by default and over a named directory (PKG-028) (248.415379ms)
✔ cairn lint names a missing directory in one line, takes one argument, and reports a bad root (PKG-028) (197.753082ms)
✔ three megabytes are retained exactly once with matching digests (LOOP-041, LOOP-042) (370.140312ms)
✔ split stdout result lines survive a long non-result line; stderr is never a verdict (321.449784ms)
✔ signal termination is recorded and logs survive a clone (LOOP-043) (348.357503ms)
✔ working agreements and ignore changes are Cairn records inside the footprint (370.88422ms)
✔ a clean package passes (80.390832ms)
✔ PKG-001: a dependency, or a service manifest (173.770388ms)
✔ PKG-002: ignoring evidence or other durable state, by directory or by extension (138.260403ms)
✔ PKG-003: a command, a directory, or a record kind no decision names (232.92939ms)
✔ PKG-004: a kernel over 1600 lines, counting every file under bin/ as wc -l does; exactly 1600 passes (339.685871ms)
✔ PKG-006: a skill step naming a vendor's product, in either order, across a wrapped list item (PKG-027) (338.545689ms)
✔ PKG-008: a non-ASCII character in a tracked text file (79.590159ms)
✔ PKG-009: the kernel importing from tests (98.012302ms)
✔ PKG-012: a network call or a model vendor in the kernel (165.511724ms)
✔ PKG-013: deferral language, but not in code, quotes, or a rule (608.472377ms)
✔ a tracked path deleted from the working tree is skipped, not a crash (92.49865ms)
✔ a sentence in a Formats section is not a record kind (87.06459ms)
✔ a record kind named by its path alone is checked (104.505184ms)
✔ PKG-002: a tracked in-progress record (73.563252ms)
✔ PKG-002: ignoring evidence alone is a finding (60.086941ms)
✔ PKG-003 reads the kernel's commands from its help output (PKG-023) (93.848487ms)
✔ the ASCII scan covers shipped files, not records under .cairn/ (PKG-024) (64.697664ms)
✔ a vendor-naming step wrapped across lines is matched (PKG-006, PKG-027) (71.244028ms)
✔ PKG-013 scans the README, the manual, and the walkthrough (PKG-032) (212.480049ms)
✔ the manifests, the listing and package.json agree on the name and version, and name paths the repository holds (PKG-037) (3.499664ms)
✔ the hooks file registers session-start and stop against the plugin's own hook.mjs through the plugin root variable (PKG-038) (0.252886ms)
✔ a Muse hook entry whose shared hook is missing prints one line and exits 0 (PKG-041, PKG-022) (67.679092ms)
✔ the registered commands print the verdict at session start, link the command into the plugin, and refuse a stop while wake says Resolvable (PKG-038, PKG-021) (349.870761ms)
✔ LOOP-071: decision body metadata does not resolve unbuilt work: "Superseded by: example" (674.514243ms)
✔ LOOP-071: decision body metadata does not resolve unbuilt work: "```text\nSuperseded by: example\n```" (644.062104ms)
✔ LOOP-071: decision body metadata does not resolve unbuilt work: "~~~text\nSuperseded by: example\n~~~" (678.328838ms)
✔ LOOP-071: a fenced realization example is not a resolving commit (633.113742ms)
✔ LOOP-071: a fenced commit inside the realization section is not built (554.363831ms)
✔ LOOP-071: ## Example cannot replace an open review finding (529.485377ms)
✔ LOOP-071: # Example cannot replace an open review finding (488.894944ms)
✔ LOOP-071: ### Example cannot replace an open review finding (461.347625ms)
✔ LOOP-071:   ## Example cannot replace an open review finding (458.792574ms)
✔ LOOP-071: Example paragraph. cannot replace an open review finding (445.46083ms)
✔ LOOP-071: Example
------- cannot replace an open review finding (406.24563ms)
✔ LOOP-071: fenced fields before a real review header are ignored (368.916456ms)
✔ LOOP-071: multiline decision --title cannot inject metadata (294.850228ms)
✔ LOOP-071: multiline decision --decided-by cannot inject metadata (313.980232ms)
✔ LOOP-071: multiline decision --rests-on cannot inject metadata (322.127822ms)
✔ LOOP-071: multiline decision --wrong-if cannot inject metadata (320.537121ms)
✔ LOOP-071: multiline decision --history cannot inject metadata (313.974929ms)
✔ LOOP-072: malformed Blocking concerns stay open: "R-001\nAnswer: ok" (87.481592ms)
✔ LOOP-072: malformed Blocking concerns stay open: "R-001\r\nAnswer: ok" (101.278877ms)
✔ LOOP-072: malformed Blocking concerns stay open: "R-001\rAnswer: ok" (98.187264ms)
✔ LOOP-072: malformed Blocking concerns stay open: "R-001 Answer: ok" (76.351355ms)
✔ LOOP-072: malformed Blocking concerns stay open: "R-001 Answer: ok" (95.919053ms)
✔ LOOP-072: ordinary malformed concerns are refused: "R-001\nR-002" (42.188278ms)
✔ LOOP-072: ordinary malformed concerns are refused: "R-001, prose" (40.848499ms)
✔ LOOP-072: ordinary malformed concerns are refused: " " (42.473789ms)
✔ LOOP-072: a Blocking escalation without concerns is still presented (77.803792ms)
✔ LOOP-072: carriage returns in a Blocking question do not create answer records (83.662949ms)
✔ LOOP-072: explanation separator 8232 cannot close an escalation (156.004215ms)
✔ LOOP-071: decision metadata refuses separator 8232 (321.60728ms)
✔ LOOP-072: explanation separator 8233 cannot close an escalation (143.313015ms)
✔ LOOP-071: decision metadata refuses separator 8233 (321.376635ms)
✔ Concerns, Rests on, and Promoted from written as lists read as the flat form (LOOP-124) (590.633182ms)
✔ an item named by filename, path, or backticked slug resolves like the slug (LOOP-125) (549.791907ms)
✔ an input that covers Cairn's own output is named as the repair, before and after a check (LOOP-126, LOOP-105) (699.219203ms)
✔ an unreadable record directory is a repair, not an error exit (LOOP-127) (82.667266ms)
✔ a title that slugifies to nothing is refused (LOOP-128) (147.972356ms)
✔ examined: [] is an empty list (LOOP-129, LOOP-108) (489.787679ms)
✔ below the Git toplevel the restore check compares root-relative paths (LOOP-130, LOOP-035) (335.271024ms)
✔ below the Git toplevel an uncommitted declared input is named from the project root (LOOP-132, LOOP-030) (202.241447ms)
✔ a value on the key line followed by list items is the first item, never dropped (LOOP-133) (540.84257ms)
✔ the footprint's walk reads Current: as the wake does: a fenced example below the real line, or a second line in history, never moves the start (LOOP-134, LOOP-035) (252.784729ms)
✔ an input spelled .. from a project below the Git toplevel covers the evidence directory (LOOP-126, LOOP-105) (75.625017ms)
✔ a Consequential record this commitment added needs its queue entry committed (LOOP-131, DEC-004) (442.268773ms)
✔ a mechanism that removes the check lock still gets its evidence, with no repair for the lock (LOOP-107) (209.376512ms)
✔ a staged rename reads as its two paths, never as a bare origin token (LOOP-030, LOOP-110) (105.629975ms)
✔ a Current: line inside a fenced example is neither a second Current: line nor the commitment, before or after the real line (LOOP-104) (193.824179ms)
✔ a Status: word is taken only from a line that carries one, never from wrapped prose after it (SPEC-018) (0.745822ms)
✔ the placeholder left above a resolving entry is a repair naming the file (DEC-021) (211.135461ms)
✔ the placeholder alone is a decision recorded and not yet built, unchanged (DEC-007) (68.940698ms)
✔ resolving entries with no placeholder are unchanged (DEC-006) (120.528599ms)
✔ a shallow clone that cannot resolve its entries is still told to fetch, not to edit (LOOP-113 keeps precedence) (142.627223ms)
✔ the placeholder quoted in a fenced example does not make a built record a repair (DEC-021) (106.316593ms)
✔ supersede takes the same decider vocabulary as decide (DEC-020) (82.023399ms)
✔ a superseded record is held to the same line: its placeholder above a resolving entry is a repair (DEC-021, DEC-010) (162.024549ms)
✔ realize() touches only the Realized by section; a body that quotes the placeholder keeps it (95.083458ms)
✔ an unmatched input is refused before execution (LOOP-044) (191.292012ms)
✔ an indexed input deleted on disk asks for a commit (LOOP-045) (167.210235ms)
✔ wake and check require a Git working tree (LOOP-046) (135.484057ms)
✔ recovery removes only dead kernel run records and identifies a live owner (LOOP-054, LOOP-055) (304.762826ms)
✔ an agent action based behind a clean HEAD appears committed (LOOP-027) (196.673342ms)
✔ realization needs a real commit and a subject (DEC-006) (269.499761ms)
✔ 1500 binary inputs digest identically at the review commit in under a second (LOOP-024) (1465.12373ms)
✔ merged work is excluded but a later own commit is a breach (LOOP-047) (252.116105ms)
✔ exact Current tenure ignores prefix matches and earlier visits to the same slug (LOOP-035) (255.47687ms)
✔ a kernel run records its supervising PID (LOOP-054) (246.552409ms)
✔ a merged declared input still stales evidence (LOOP-047) (350.424648ms)
✔ wildcard and magic pathspecs select the same historical inputs (LOOP-024, LOOP-032) (1959.457976ms)
✔ historical selection retains deleted files and excludes new ones (LOOP-024, LOOP-035) (1158.537846ms)
✔ cairn --version prints the package.json version outside a repository, and help lists it (PKG-039) (212.847684ms)
✔ a release is one commit setting one version in the five files, with the changelog entry, tagged v<version> (PKG-040) (1041.078534ms)
✔ the release script refuses a bad version, no increase, a dirty tree, a missing entry, a taken tag, a disagreeing file, and a loop not at Done, each in one line with nothing written (PKG-040) (2155.910011ms)
✔ explicit reporting with no lines and exit 0 establishes no requirement verdicts (LOOP-061) (403.592389ms)
✔ explicit reporting with no lines and exit 1 establishes no requirement verdicts (LOOP-061) (428.828637ms)
✔ a reporter that cannot start keeps execution diagnostics without blaming requirements (LOOP-062) (268.03986ms)
✔ large output cannot kill a reporter or invent a requirement verdict (333.589699ms)
✔ explicit mode ignores cairn: R-999: pass (341.584777ms)
✔ explicit mode ignores cairn: R-001: unverified (360.298604ms)
✔ explicit mode ignores cairn: R-001: passed (368.898551ms)
✔ explicit results survive nonzero exit and contradictory duplicates still fail (568.051306ms)
✔ unverified results across changed inputs never become failed attempts (1267.712051ms)
✔ legacy exit 0 retains its interpretation (206.944014ms)
✔ legacy exit 1 retains its interpretation (198.831656ms)
✔ a misspelled reporting mode is refused before execution (113.655639ms)
✔ changed requirement blocks unchecked reruns and makes the completion review stale (LOOP-058, LOOP-059) (1811.276387ms)
✔ falsifier changes need review; separate rationale and other requirements do not change a receipt (1267.386363ms)
✔ legacy receipts recover requirement identity from their commit; unavailable history requires review (801.942749ms)
✔ check refuses uncommitted requirement text and mechanism review markers (719.367803ms)
✔ tightened response limit cannot reuse the old passing check (1266.515644ms)
✔ a declared input over 1 MiB agrees at a commit and in the tree (LOOP-060) (398.852545ms)
✔ a failed Git blob read cannot be hashed as an empty blob (333.592051ms)
✔ Git listings over 1 MiB include the last declared input (2372.964684ms)
✔ requirement identity excludes fenced examples and status dates (476.568439ms)
✔ DemonCoder REM-002 and Status in progress cannot silently satisfy the review gate (LOOP-086) (818.161111ms)
✔ valid open findings retain their behavior (508.830653ms)
✔ valid resolved findings retain their behavior (560.924884ms)
✔ valid empty findings retain their behavior (548.470307ms)
✔ valid mixed valid findings retain their behavior (451.400541ms)
✔ malformed finding "open:" requires repair (397.770448ms)
✔ malformed finding "resolved:   " requires repair (379.768298ms)
✔ malformed finding "Open: incorrect case" requires repair (329.940131ms)
✔ malformed finding "unknown: issue" requires repair (354.30923ms)
✔ malformed finding "\u001b[31mBAD: issue" requires repair (325.845547ms)
✔ the established explicit empty findings list remains valid (347.272796ms)
✔ a scalar findings value requires the supported list format (323.064988ms)
✔ a Requirements: line written as a list is read like the flat form (LOOP-102) (162.778517ms)
✔ a subdirectory or a README in a record directory changes nothing (LOOP-103) (549.58575ms)
✔ two Current: lines are a roadmap repair (LOOP-104) (83.860047ms)
✔ a repeated identifier, an input under the evidence directory, and a missing cwd are refused by name (LOOP-105) (464.623021ms)
✔ a requirement whose evidence outlives its mechanism is named declare, not a regression or an escalation (LOOP-106) (1206.393269ms)
✔ an unreadable record is a repair, not an error exit (LOOP-107) (92.55867ms)
✔ a review needs commit, a nonempty examined list, and a findings list, each named when missing (LOOP-108) (1003.788244ms)
✔ a decision record missing a header field or naming a missing predecessor is a repair (LOOP-109) (277.565341ms)
✔ a dirty declared input with no in-progress record is named record ahead of run (LOOP-022, LOOP-110) (224.792022ms)
✔ with core.filemode false the index mode is the identity, so a mode-only difference does not refuse the check (LOOP-111) (220.381995ms)
✔ a project below the Git toplevel can run check (LOOP-112) (239.523832ms)
✔ a shallow clone names history to fetch, not a decision to build (LOOP-113) (163.388449ms)
✔ record-writing commands refuse to run outside a Cairn repository and write nothing (LOOP-118) (216.242361ms)
✔ a git that cannot start is one line and exit 3 from wake and from check, with nothing recorded (LOOP-137) (103.184871ms)
✔ empty footprint names declaration before scope and records no evidence (LOOP-081) (568.326467ms)
✔ first declaration still checks the full earlier history (LOOP-081) (391.096342ms)
✔ an empty current footprint does not block an explicitly requested existing mechanism (LOOP-081) (325.503725ms)
✔ an inherited mechanism provides a footprint even before local mechanisms exist (249.112638ms)
✔ scope reports every path, escapes line breaks, and gives identical remedies (LOOP-082) (311.81551ms)
✔ scope verdict reuses the answered-escalation annotation (LOOP-048, LOOP-051, LOOP-083) (644.884509ms)
✔ a committed scope acknowledgment lets restored history proceed (LOOP-083) (764.706067ms)
✔ scope acknowledgment must be committed before it can clear a breach (633.172483ms)
✔ ordinary ok does not acknowledge scope history (296.886544ms)
✔ scope escalation refuses unrestored paths and names the restoration remedy (243.261898ms)
✔ an invalid scope request still records an explicitly Blocking decision (125.9419ms)
✔ ask and explanation stay open; only the final committed ok acknowledges scope (713.099455ms)
✔ instead is visible but does not silently authorize a scope exception (367.605341ms)
✔ later changes to an acknowledged path still block, including later reverts (1073.540544ms)
✔ approval cannot hide another path changed after the snapshot (340.132853ms)
✔ acknowledged history remains conditional on the paths staying restored (534.967902ms)
✔ editing the scope snapshot after answer invalidates its acknowledgment (255.072006ms)
✔ malformed scope metadata cannot suppress a breach (1485.312373ms)
✔ damaged acknowledgment fields cannot suppress a breach (571.781687ms)
✔ scope path matching is literal, including wildcard filenames and control characters (532.452029ms)
✔ scope acknowledgment does not carry into another activation of the same slug (277.7018ms)
✔ restoration checks additions, deletions, executable modes, and symlink kinds (1411.177675ms)
✔ explicit committed retention keeps correct work and requires new evidence and review (LOOP-084, LOOP-085) (2200.694416ms)
✔ a missing declaration covers correct earlier work without retention or revert (553.92505ms)
✔ keep requires scope and an unchanged committed candidate (162.237461ms)
✔ uncommitted retention and instead answers cannot clear the incident (1047.925157ms)
✔ retention does not grant future edits, even when reverted to the approved tree (1293.140555ms)
✔ retention cannot cover another path or another activation (594.367547ms)
✔ imported changes must still match the retained tree (542.653279ms)
✔ retention handles additions, deletions, modes, symlinks, and literal filenames (1831.79208ms)
✔ retention cannot convert an existing restoration answer or accept an unknown mode (444.321614ms)
✔ a check failure after retention remains a failure (694.025786ms)
✔ retained paths stay part of the stable checked candidate without extending its footprint (581.584581ms)
✔ retention ask needs an explanation and final committed approval (592.255581ms)
✔ an unknown scope mode remains invalid even with a matching approval digest (284.226609ms)
✔ backlog writes the item; a second with the same title is refused, never overwritten (LOOP-016) (138.252622ms)
✔ a commit inside the footprint: check runs; outside it: check names the path and does not run (LOOP-015, LOOP-035) (572.300971ms)
✔ Cairn's records are never a breach; another file under docs/ is (LOOP-117) (642.639078ms)
✔ declaring the path as an input clears the breach (308.076457ms)
✔ a revert preserves the record of an out-of-scope commit (LOOP-047) (332.094875ms)
✔ a commitment naming a requirement the spec set does not hold as Agreed is repaired (LOOP-029) (93.187665ms)
✔ a requirement in a Draft spec file is not Agreed (74.80826ms)
✔ working agreements and the ignore file are Cairn records (LOOP-035, LOOP-036) (443.828802ms)
✔ the over-asking rule is gone from both skills (SPEC-005, SPEC-006, SPEC-007) (1.238572ms)
✔ a decision during the phase is recorded (DEC-003) (0.14028ms)
✔ understanding is restated before writing (SPEC-003) (0.096699ms)
✔ falsifiers are proposed as one set and confirmed by exception (SPEC-004) (0.116386ms)
✔ depth is inferred and domains derived, never asked or imposed (SPEC-008, SPEC-009) (0.090563ms)
✔ a term enters the glossary at first occurrence (SPEC-010) (0.053353ms)
✔ the phase ends at the first commitment, and later ones are specified during the loop (SPEC-011, SPEC-012) (0.061089ms)
✔ a requirement goes Agreed only with a nameable mechanism (SPEC-013) (0.052293ms)
✔ review before agreement, recording what it attacked (SPEC-014, SPEC-015) (0.093567ms)
✔ no spec file without requirements; nothing Agreed without a falsifier (SPEC-001, SPEC-002) (0.115296ms)
✔ Observed is marked, and is not contract (SPEC-016, SPEC-017) (0.084804ms)
✔ the skills exclude artifacts outside Cairn's workflow (0.116328ms)
✔ the working agreement names the agent's move for each verdict and the write-ahead record (LOOP-036) (0.140366ms)
✔ the working agreement names the developer's moves (LOOP-036, DEC-014) (0.080702ms)
✔ this repository runs by the file it ships (0.361244ms)
✔ both skills write the working agreement without naming a vendor's file (LOOP-002, LOOP-036, PKG-006) (0.105313ms)
✔ the working agreement says what an attempt is (LOOP-036, DEC-017, DEC-018) (0.066956ms)
✔ the working agreement says a failure no footprint change can address is an escalation, and where an inherited requirement is repaired (DEC-019, LOOP-057) (0.06303ms)
✔ the working agreement states the promote, next-iteration, and no-deferral moves (LOOP-029, LOOP-087, LOOP-091, LOOP-092) (0.060081ms)
✔ both skills sort captures into the backlog or next-iteration and forbid deferral (LOOP-029, LOOP-092, LOOP-093) (0.051735ms)
✔ the skill requires a falsifier on every requirement, a MAY included (SPEC-025) (0.042005ms)
✔ the working agreement names the hooks as optional and the install skill registers them for two harnesses (PKG-006, PKG-018, PKG-019) (0.177514ms)
✔ the working agreement says the kernel is upgraded at Done, never inside a commitment (LOOP-096) (0.056123ms)
✔ the next-iteration skill starts from the specification and ends by naming the next commitment (SPEC-026, SPEC-027) (0.209315ms)
✔ every document that names the project skills names next-iteration beside them (SPEC-026, PKG-014) (2.692258ms)
✔ the working agreement states a move for every action the kernel can name (LOOP-101) (1.275702ms)
✔ the working agreement states both record formats and the two flags the moves need (LOOP-036) (0.141888ms)
✔ the skills demonstrate a safe violating example and preserve recon findings (SPEC-022, SPEC-023) (0.061393ms)
✔ the specification skills run the checker through the cairn command (PKG-029) (0.19112ms)
✔ the README invokes the phase skills by name and states versions and platforms (PKG-030, PKG-031) (0.302938ms)
✔ the manual and the walkthrough say the loop promotes backlog items at Done (0.626168ms)
✔ a two-obligation sentence is named (PKG-007) (57.20773ms)
✔ an obligation with no actor is named (PKG-010) (38.498273ms)
✔ a leading condition clause is not the actor, and the actor after it counts (43.562005ms)
✔ an Agreed requirement with no falsifier is named (SPEC-002); a Draft one is not (92.526676ms)
✔ prose after a Draft requirement with no falsifier is not scanned as requirement text (38.291835ms)
✔ a spec declaring a prefix with no requirement is named (SPEC-001) (44.64611ms)
✔ a keyword in backticks or quotes is a mention, not an obligation (37.642082ms)
✔ duplicate identifiers are rejected within a file and across files (SPEC-020) (85.550651ms)
✔ references resolve across files; missing references name their source (SPEC-021) (95.556489ms)
✔ code examples and quoted mentions are neither definitions nor references (40.98772ms)
✔ machine-local paths are findings in prose, links, quotes, and examples (SPEC-019) (451.338796ms)
✔ relative paths, URLs, slash commands, and character mentions are not absolute path findings (40.94868ms)
✔ a slash after a placeholder continues the template (SPEC-019) (98.218335ms)
✔ a host path is a finding until the file declares it (SPEC-019, SPEC-024) (91.532621ms)
✔ declared host paths cover children with a slash boundary and stay file-local (138.921503ms)
✔ a host-path declaration inside a requirement or example grants no exception (140.984284ms)
✔ host-path declarations require absolute or home-relative entries (222.532448ms)
✔ an Agreed block whose only keyword is MAY needs a falsifier like any other (SPEC-025, SPEC-002) (84.010893ms)
✔ a regex literal is not a path, a drive path and a file URL are, and a skill's slash name is allowed (SPEC-028, SPEC-029) (78.492678ms)
✔ a backticked or quoted actor still counts as one (PKG-010) (43.226472ms)
✔ supersede writes both lines, and the old record keeps every word it had (DEC-008, DEC-010) (80.53359ms)
✔ supersede without a cause, or with one outside the four, is refused (DEC-009) (170.512447ms)
✔ supersede of a record that does not exist is refused (78.052772ms)
✔ a predecessor with no title line cannot be stamped, so nothing is written (101.707971ms)
✔ a --supersedes argument outside the slug alphabet is refused, and a path never reaches the filesystem (DEC-022) (246.87451ms)
✔ a record already superseded cannot be superseded again: one Superseded by line per record (DEC-022, DEC-010) (241.94138ms)
✔ reversals reports counts by decider, cause, and domain (DEC-011) (194.396504ms)
✔ decide in a domain with a reversal is refused without --history, naming the reversal; with it, the record carries History (DEC-012) (195.498976ms)
✔ decide in a domain with no reversals needs no --history (115.647701ms)
✔ a record resting on prose alone is in the domain unspecified, and so is the next one (122.93923ms)
✔ the decider tally normalizes case and whitespace, and names a value outside the vocabulary (DEC-020, DEC-011) (65.571254ms)
✔ a record with no Decided by line is tallied as unrecorded, not as a vocabulary value (76.068762ms)
✔ Decided by written as a list tallies like the flat form, and does not crash the report (LOOP-124, DEC-020) (74.331067ms)
✔ a second declaration for one requirement is accepted, a named check runs every mechanism, and Done needs each to pass (LOOP-056, LOOP-099) (2067.267591ms)
✔ one mechanism's stale evidence names that mechanism, and --stale runs only it (LOOP-056, LOOP-094) (728.0758ms)
✔ attempts are counted within one mechanism's records, so the other's passes do not reset them (LOOP-100, DEC-016) (1340.617386ms)
✔ step 1: an in-progress record is reconciled before anything else (120.094742ms)
✔ step 2: an open escalation is presented and nothing else happens (83.181669ms)
✔ an answered escalation is not open (470.620733ms)
✔ step 3: a decision with no realized-by is built, first by name (DEC-007) (81.655917ms)
✔ a superseded decision with no realized-by is not work (121.073251ms)
✔ step 6: a mechanism that has never run is run, not implemented (LOOP-008) (119.241869ms)
✔ step 6: a requirement whose mechanism fails is implemented (441.47826ms)
✔ step 6 before step 7: failing evidence outranks a missing mechanism (299.14198ms)
✔ step 7: a requirement with no mechanism is declared (LOOP-106) (88.39551ms)
✔ every verdict names who acts: Resolvable is the agent's, Done needs nobody, Escalate waits for the developer (LOOP-004) (504.411426ms)
✔ malformed roadmap is Resolvable, not fatal (LOOP-005) (57.873961ms)
✔ a commitment naming no requirements is Resolvable (LOOP-018) (51.925261ms)
✔ the primary test: two wakes on the same checkout give the same action, before and after a persisted transition (LOOP-001, LOOP-003) (508.285567ms)
✔ outside a cairn repository wake cannot run (36.896269ms)
✔ the loop never waits on the review queue (DEC-015) (305.301171ms)
✔ twenty built records cost one git call to resolve, not twenty (DEC-023) (180.251131ms)
✔ an ambiguous Realized by identifier is the repair that says lengthen it, not a build (LOOP-113, DEC-023) (187.906383ms)
✔ the linked walkthrough runs from agreement through the next commitment (PKG-016) (1322.410333ms)
ℹ tests 485
ℹ suites 0
ℹ pass 485
ℹ fail 0
ℹ cancelled 0
ℹ skipped 0
ℹ todo 0
ℹ duration_ms 21419.871941
