✔ a Draft block overrides an Agreed file for both wake and check (SPEC-018) (200.154113ms)
✔ an Agreed block overrides a Draft file in the kernel and lint (SPEC-018, SPEC-002) (688.390518ms)
✔ a block Status does not become the file default, including inside examples (SPEC-018) (389.2752ms)
✔ block status without a value does not inherit Agreed by accident (SPEC-018) (82.750056ms)
✔ inheritance needs a file Scope and includes only Agreed blocks, regardless of prefix (PKG-015) (1780.948398ms)
✔ Scope inside a requirement or fenced example does not declare inheritance (PKG-015) (778.319885ms)
✔ a falsifier wrapped onto a line beginning with Status: does not become the block's status (SPEC-018) (3.04973ms)
✔ LOOP-063: reject input mutation during a check and retain diagnostics (411.388142ms)
✔ LOOP-063: reject deletion mutation during a check and retain diagnostics (429.825421ms)
✔ LOOP-063: reject addition mutation during a check and retain diagnostics (456.77884ms)
✔ LOOP-063: reject mode mutation during a check and retain diagnostics (442.520789ms)
✔ LOOP-063: reject specification mutation during a check and retain diagnostics (393.146897ms)
✔ LOOP-063: reject declaration mutation during a check and retain diagnostics (345.854971ms)
✔ LOOP-063: reject commit mutation during a check and retain diagnostics (336.22461ms)
✔ LOOP-063: committed input mutation during execution cannot certify the replacement (319.709056ms)
✔ LOOP-064: removing executable permission makes passing evidence stale (513.963478ms)
✔ LOOP-064: a mode-only change also invalidates the previous review after new evidence (781.749056ms)
✔ LOOP-064: changing a regular file into a link with identical identity bytes is stale (877.263097ms)
✔ LOOP-063: an unchanged candidate still records a pass despite unrelated working-tree edits (380.651487ms)
✔ LOOP-064: current and historical input ordering agrees for Unicode filenames (494.322533ms)
✔ LOOP-063: Git status hiding content changes cannot certify an uncommitted candidate (121.397606ms)
✔ LOOP-066: one check owns execution with a kernel action record (481.379026ms)
✔ LOOP-066: one check owns execution with an agent action record (471.284057ms)
✔ LOOP-066: a live lock is named and never silently overwritten (129.803476ms)
✔ LOOP-066: a dead lock is named and never silently overwritten (129.644704ms)
✔ LOOP-066: a incomplete lock is named and never silently overwritten (169.425695ms)
✔ LOOP-066: an execution error releases the check lock for a corrected rerun (550.332429ms)
✔ LOOP-066: a live kernel action from an older Cairn also blocks execution (85.890311ms)
✔ LOOP-066: separate Git worktrees can run checks independently (462.457071ms)
✔ after a green check --stale runs nothing; after one input changes it runs only that mechanism (LOOP-094) (1231.283718ms)
✔ a mechanism speaking for two stale requirements runs once and refreshes both (LOOP-094, LOOP-040) (752.610578ms)
✔ a fresh failure and an unverified result are skipped with implement named (LOOP-094) (607.405334ms)
✔ --stale with a requirement identifier is refused (LOOP-094) (64.27055ms)
✔ check refuses a dirty declared input and names it; a dirty undeclared file does not block (LOOP-030) (463.920824ms)
✔ check writes one receipt per run carrying the full record and a result line per requirement (LOOP-097) (390.45652ms)
✔ a nonzero exit records fail, and the receipt keeps the exit code (LOOP-034) (422.738819ms)
✔ two checks write two records; nothing is overwritten or deleted (LOOP-025) (709.957868ms)
✔ a commit changing a declared input makes evidence stale; an undeclared one does not (LOOP-007) (736.210752ms)
✔ a regression is named before a requirement that never passed (LOOP-031) (881.505427ms)
✔ three attempts with no escalation since: wake says escalate, not a fourth (DEC-016, DEC-017, DEC-018) (2473.425729ms)
✔ the review gate: no review, stale review, open finding, then Done (LOOP-020, LOOP-033) (1046.319811ms)
✔ Done is refused while any requirement lacks current passing evidence (LOOP-017) (98.457095ms)
✔ check names a requested requirement that no mechanism claims (112.713887ms)
✔ check writes and clears an in-progress record around the run (LOOP-021) (221.767697ms)
✔ a linked declared input digests the same at a commit and in the tree (LOOP-023, LOOP-024) (407.068016ms)
✔ a result line is the mechanism's statement about one requirement; what it did not mention is unverified (LOOP-037, LOOP-052) (222.771138ms)
✔ a mechanism that says nothing is read by its exit code for every requirement (LOOP-039) (215.832169ms)
✔ unverified is not an attempt, and a return to an earlier failed digest counts once (DEC-017, DEC-018) (1844.103691ms)
✔ a result line for a requirement the mechanism does not speak for is named and writes nothing (LOOP-038) (228.609614ms)
✔ a result line inside ordinary output, or without the marker, does not count (229.121802ms)
✔ a targeted check runs the named requirements' mechanisms and records every requirement they speak for (LOOP-040) (210.010939ms)
✔ two result lines for one requirement: a fail on any line wins (212.471127ms)
✔ three runs at one digest with no attempt since: the verdict stays implement and names DEC-019; an escalation naming it among others clears the hint (DEC-019, LOOP-053) (1003.414545ms)
✔ a complete commitment with an unpromoted backlog item names promote, and a stamped item lets it reach Done (LOOP-087) (988.433366ms)
✔ an empty backlog with waiting next-iteration items is Done, with the count as information and no action on them (LOOP-091) (869.937229ms)
✔ a promotion marker must resolve to a decision record (LOOP-088) (234.666624ms)
✔ a commitment promoted from an item needs a decision record naming the item (LOOP-088) (254.799689ms)
✔ the spec lint reports a promotion marker with no decision record (LOOP-088) (79.500825ms)
✔ a promoted commitment that changes an Agreed requirement or the working agreement is an escalation; an unpromoted one is not (LOOP-089, LOOP-090) (1428.090942ms)
✔ a capture from one of the commitment's own requirements needs Outside because: or an escalation (LOOP-092) (1637.934339ms)
✔ a next-iteration item names what it would change, and the capture refuses one that does not (LOOP-093) (609.495761ms)
✔ a commitment specified from a next-iteration item needs the item stamped before anything else (SPEC-027) (528.937936ms)
✔ a by deference marker resolves to a decision record like a promotion marker (SPEC-002, LOOP-088) (187.352068ms)
✔ the LOOP-090 gate reads the Concerns line, not the slug as a substring (LOOP-114) (566.172083ms)
✔ the LOOP-088 check reads the Promotes line, and decide --promotes writes it (LOOP-115) (229.147214ms)
✔ the activation commit of a promoted commitment is inside the LOOP-089 comparison (LOOP-116) (140.487961ms)
✔ the LOOP-090 route needs one escalation: its Concerns line covers the moved item too (LOOP-119, LOOP-092, LOOP-114) (609.674848ms)
✔ every requirement the node-test declaration speaks for is named in a test title (PKG-025) (2.926349ms)
✔ every repository path the tests read is a declared input of node-test (PKG-026) (0.891384ms)
✔ writes a record with every required field and an empty realized-by (DEC-001, DEC-005) (64.417257ms)
✔ a Consequential decision is queued for review (DEC-004, DEC-013) (95.681738ms)
✔ a Consequential decision is queued even when .cairn/queue does not exist yet (111.851153ms)
✔ Routine is refused: routine decisions produce no record (75.429896ms)
✔ a missing field is a usage error and nothing is written (67.647554ms)
✔ supersedes requires a classified cause, and the old record must exist (166.090766ms)
✔ an existing record is not overwritten (122.311876ms)
✔ a queued decision stays queued; nothing but the developer removes it (DEC-014) (204.361903ms)
✔ LOOP-006, LOOP-067: missing inputs names a declaration repair before execution (121.430812ms)
✔ LOOP-006, LOOP-067: empty inputs names a declaration repair before execution (166.969ms)
✔ LOOP-006, LOOP-067: missing command names a declaration repair before execution (137.15657ms)
✔ LOOP-006, LOOP-067: list command names a declaration repair before execution (150.279207ms)
✔ LOOP-006, LOOP-067: empty command names a declaration repair before execution (157.953019ms)
✔ LOOP-006, LOOP-067: missing requirements names a declaration repair before execution (134.637196ms)
✔ LOOP-006, LOOP-067: bad identifier names a declaration repair before execution (146.91134ms)
✔ LOOP-067: scalar one-item lists retain their existing meaning (401.878971ms)
✔ LOOP-068: a unpopulated gitlink is refused by name (165.80045ms)
✔ LOOP-068: a populated gitlink is refused by name (174.742561ms)
✔ LOOP-069: identical selections across 100 mechanisms use at most 20 Git processes (188.114211ms)
✔ escalate writes the six-line format followed by its facts, and wake presents it (LOOP-010, LOOP-026) (118.755807ms)
✔ a missing or multi-line field is refused with the field named, and nothing is written (LOOP-012) (124.965665ms)
✔ a Blocking escalation that fails the format is written anyway, naming the malformed field (LOOP-013) (127.930488ms)
✔ a --level other than Blocking is refused rather than silently losing the bypass (DEC-002) (90.974677ms)
✔ a second escalation while one is open is refused (LOOP-011) (124.69252ms)
✔ answer records the reply; wake no longer presents it; a second answer is refused (273.168056ms)
✔ answer to an unknown escalation is refused (92.49665ms)
✔ a stranger resumes from the file alone: question and answer are both in it (LOOP-014) (126.213607ms)
✔ after an answer, the same concern can be escalated again under a new name (196.635931ms)
✔ an escalation exists when its file does, committed or not (LOOP-009) (74.479998ms)
✔ developer answers require one of the three forms and cannot inject fields (LOOP-048) (612.302701ms)
✔ ask, agent explanation, another ask, and ok stay ordered in one file (LOOP-049, LOOP-050, LOOP-014) (739.637835ms)
✔ fresh closed answers accompany only concerned requirements until new evidence (LOOP-051) (743.254225ms)
✔ a raised escalation carries no derivable status line, and an old record with one still parses (LOOP-028) (139.822951ms)
✔ LOOP-065: delete of output refuses Done and a new run recovers (1333.062412ms)
✔ LOOP-065: corrupt of output refuses Done and a new run recovers (1162.43449ms)
✔ LOOP-065: delete of stderr_output refuses Done and a new run recovers (950.872786ms)
✔ LOOP-065: corrupt of stderr_output refuses Done and a new run recovers (883.268099ms)
✔ LOOP-065: a receipt without output needs a new check (486.688121ms)
✔ LOOP-065: a receipt without output_digest needs a new check (492.747335ms)
✔ LOOP-065: a receipt without stderr_output needs a new check (701.576421ms)
✔ LOOP-065: a receipt without stderr_digest needs a new check (450.899501ms)
✔ LOOP-065: legacy unverifiable output is rerun without rewriting history (774.571972ms)
✔ a fresh record names the kernel that wrote it (LOOP-023) (351.857112ms)
✔ LOOP-095: a record from another kernel is stale with the kernel named, and a new check restores Done (769.34111ms)
✔ LOOP-095: a record from no kernel is stale with the kernel named, and a new check restores Done (786.997197ms)
✔ LOOP-070: a later failure is latest even when the clock moves backward (1067.492178ms)
✔ LOOP-070: receipt collisions at one clock instant retain execution order beyond nine suffixes (3377.46144ms)
✔ LOOP-070: imported branch receipts stale a later sequence until a new check incorporates them (1513.098009ms)
✔ LOOP-070, LOOP-098: legacy receipts need one ordered check and remain byte-for-byte unchanged (550.0463ms)
✔ LOOP-070: edit of a prior receipt requires fresh evidence (500.444108ms)
✔ LOOP-070: remove of a prior receipt requires fresh evidence (520.113214ms)
✔ LOOP-075: supporting evidence file README.md does not become a receipt (541.204984ms)
✔ LOOP-075: supporting evidence file notes.txt does not become a receipt (565.258687ms)
✔ LOOP-075: supporting evidence file support does not become a receipt (547.659848ms)
✔ LOOP-075: supporting evidence file .DS_Store does not become a receipt (547.312965ms)
✔ LOOP-075: a malformed result line (result=success) names a repair before execution (390.730258ms)
✔ LOOP-075: a malformed result line (sequence=NaN) names a repair before execution (404.233381ms)
✔ LOOP-075: a malformed result line (sequence=9007199254740992) names a repair before execution (401.369773ms)
✔ LOOP-075: a malformed result line (history_digest=wrong) names a repair before execution (391.666929ms)
✔ LOOP-075: a malformed result line (tokens) names a repair before execution (416.89724ms)
✔ LOOP-075: a receipt-shaped directory is a named repair instead of an EISDIR crash (307.130041ms)
✔ LOOP-070: an earlier escalation cannot cover three new attempts after clock rollback (1104.357255ms)
✔ LOOP-070: an answer becomes old after a later check even if that check's timestamp is earlier (706.37956ms)
✔ LOOP-070: the newest answer wins between checks even when its clock timestamp is older (455.712161ms)
✔ LOOP-070: legacy escalation dates cover old receipts but not three newer sequenced runs (1428.566624ms)
✔ a PKG requirement the commitment does not name is declared, run, and gates Done (PKG-011) (1910.624358ms)
✔ a PKG requirement in a Draft spec is not folded in (461.173996ms)
✔ LOOP-076, LOOP-079: stale inputs identify the receipt and the check to run (745.722964ms)
✔ LOOP-077: names a content change using checked input identity (723.377551ms)
✔ LOOP-077: names a mode change using checked input identity (678.598276ms)
✔ LOOP-077: names a kind change using checked input identity (588.399694ms)
✔ LOOP-077: names a added change using checked input identity (536.378798ms)
✔ LOOP-077: names a removed change using checked input identity (500.79363ms)
✔ LOOP-077: names a link-target change using checked input identity (768.87408ms)
✔ LOOP-077: changed selection compares the old and new input sets (477.987723ms)
✔ LOOP-077: raw CRLF changes remain visible when Git-clean content agrees (584.907895ms)
✔ LOOP-077: detail output is sorted, bounded, and reports the omitted count (608.667942ms)
✔ LOOP-077: filenames cannot inject lines or terminal controls into explanations (406.510865ms)
✔ LOOP-077: receipts from one run share details and do not store source contents (340.251836ms)
✔ LOOP-078, LOOP-080: legacy optional detail limits explanation without changing standing (551.11548ms)
✔ LOOP-078, LOOP-080: invalid-field optional detail limits explanation without changing standing (533.216011ms)
✔ LOOP-078, LOOP-080: missing optional detail limits explanation without changing standing (543.12459ms)
✔ LOOP-078, LOOP-080: invalid-json optional detail limits explanation without changing standing (539.971899ms)
✔ LOOP-078, LOOP-080: mismatched optional detail limits explanation without changing standing (546.681751ms)
✔ LOOP-078, LOOP-080: duplicate optional detail limits explanation without changing standing (558.871942ms)
✔ LOOP-078, LOOP-080: unsafe-path optional detail limits explanation without changing standing (527.144168ms)
✔ LOOP-078, LOOP-080: directory optional detail limits explanation without changing standing (515.737193ms)
✔ LOOP-078, LOOP-080: symlink optional detail limits explanation without changing standing (519.759996ms)
✔ LOOP-078: unavailable old requirement text is not claimed as a proven change (425.330403ms)
✔ LOOP-076, LOOP-079: changed requirements identify evidence and retain review-before-check guidance (416.389846ms)
✔ LOOP-078: simultaneous input and output damage keep both reasons (449.428755ms)
✔ LOOP-080: deterministic freshness sequence seed=7 (9143.817658ms)
✔ LOOP-080: deterministic freshness sequence seed=42 (6502.720584ms)
✔ LOOP-080: deterministic freshness sequence seed=913 (5557.130951ms)
✔ LOOP-080: agreement changes, mechanism review, checks, and completion review retain priority (1563.171188ms)
✔ LOOP-080: imported receipt history demands a rerun without a false input explanation (1520.671006ms)
✔ LOOP-073: clean CRLF input completes under attributes (605.338555ms)
✔ LOOP-073: clean CRLF input completes under autocrlf (608.757935ms)
✔ LOOP-073: raw line-ending mutation during a run is rejected even when Git still sees the same content (287.82365ms)
✔ LOOP-073: execution evidence changes when clean conversion preserves committed identity (960.969156ms)
✔ LOOP-073: Git clean filters use Git's conversion while retaining raw evidence identity (460.621738ms)
✔ LOOP-073: failure of a required Git filter cannot record evidence (108.564465ms)
✔ LOOP-073: a clean filter moving HEAD during ending validation prevents evidence (515.112182ms)
✔ LOOP-073: canonical Git identities handle links without reading their targets (402.486103ms)
✔ LOOP-073: Git conversion keeps raw Unicode and control-character input paths (383.99284ms)
✔ LOOP-073: conversion and links work in a SHA-256 Git repository (399.127441ms)
✔ LOOP-074: historical specification filename "café.md" remains reviewable (398.112781ms)
✔ LOOP-074: historical specification filename "spec\ttab.md" remains reviewable (544.278589ms)
✔ LOOP-074: historical specification filename "spec\nline.md" remains reviewable (451.356171ms)
✔ help works outside a repository without running a command (PKG-017) (943.291698ms)
✔ help does not hide invalid options or consume literal arguments (183.318157ms)
✔ help lists the lint command (PKG-028, PKG-017) (52.589243ms)
✔ the stop hook refuses a stop while wake says Resolvable, with the verdict as the reason (PKG-018) (226.1928ms)
✔ the stop hook allows a stop at Done, at Escalate, and outside a Cairn repository (PKG-018) (1112.304847ms)
✔ the session-start hook links the command once and prints the verdict in a Cairn repository (PKG-019, PKG-014, PKG-005) (512.543588ms)
✔ the session-start hook prints no verdict outside a Cairn repository and leaves an existing link that resolves alone (PKG-019) (53.847153ms)
✔ a checkout under a path with a space links a command that resolves, and its stop hook still blocks (PKG-019, PKG-021) (341.367985ms)
✔ the hooks run the kernel the command link resolves to, so hook and agent share one referee (PKG-021, LOOP-096) (878.601322ms)
✔ a dangling link is replaced and reported (PKG-019) (165.517755ms)
✔ errors exit 0 with one line on standard error and no stack trace (PKG-022) (79.585886ms)
✔ cairn lint runs the checker over docs/spec by default and over a named directory (PKG-028) (222.231398ms)
✔ three megabytes are retained exactly once with matching digests (LOOP-041, LOOP-042) (394.205021ms)
✔ split stdout result lines survive a long non-result line; stderr is never a verdict (404.898843ms)
✔ signal termination is recorded and logs survive a clone (LOOP-043) (371.466367ms)
✔ working agreements and ignore changes are Cairn records inside the footprint (395.637605ms)
✔ a clean package passes (75.65849ms)
✔ PKG-001: a dependency, or a service manifest (159.808718ms)
✔ PKG-002: ignoring evidence or other durable state (68.379767ms)
✔ PKG-003: a command, a directory, or a record kind no decision names (265.359551ms)
✔ PKG-004: a kernel over 1500 lines (71.585522ms)
✔ PKG-006: a skill step naming a vendor's product (55.83582ms)
✔ PKG-008: a non-ASCII character in a tracked text file (71.932658ms)
✔ PKG-009: the kernel importing from tests (72.528394ms)
✔ PKG-012: a network call or a model vendor in the kernel (132.229323ms)
✔ PKG-013: deferral language, but not in code, quotes, or a rule (128.583223ms)
✔ a tracked path deleted from the working tree is skipped, not a crash (99.346785ms)
✔ a sentence in a Formats section is not a record kind (69.124013ms)
✔ a record kind named by its path alone is checked (85.959688ms)
✔ PKG-002: a tracked in-progress record (71.855217ms)
✔ PKG-002: ignoring evidence alone is a finding (68.283454ms)
✔ PKG-003 reads the kernel's commands from its help output (PKG-023) (104.348324ms)
✔ the ASCII scan covers shipped files, not records under .cairn/ (PKG-024) (69.674896ms)
✔ a vendor-naming step wrapped across lines is matched (PKG-006, PKG-027) (64.187629ms)
✔ PKG-013 scans the README, the manual, and the walkthrough (PKG-032) (188.47554ms)
✔ LOOP-071: decision body metadata does not resolve unbuilt work: "Superseded by: example" (711.250683ms)
✔ LOOP-071: decision body metadata does not resolve unbuilt work: "```text\nSuperseded by: example\n```" (686.790003ms)
✔ LOOP-071: decision body metadata does not resolve unbuilt work: "~~~text\nSuperseded by: example\n~~~" (650.299415ms)
✔ LOOP-071: a fenced realization example is not a resolving commit (559.917493ms)
✔ LOOP-071: a fenced commit inside the realization section is not built (504.564897ms)
✔ LOOP-071: ## Example cannot replace an open review finding (515.598703ms)
✔ LOOP-071: # Example cannot replace an open review finding (511.890691ms)
✔ LOOP-071: ### Example cannot replace an open review finding (497.223764ms)
✔ LOOP-071:   ## Example cannot replace an open review finding (503.176505ms)
✔ LOOP-071: Example paragraph. cannot replace an open review finding (716.38604ms)
✔ LOOP-071: Example
------- cannot replace an open review finding (449.829394ms)
✔ LOOP-071: fenced fields before a real review header are ignored (446.863246ms)
✔ LOOP-071: multiline decision --title cannot inject metadata (372.661982ms)
✔ LOOP-071: multiline decision --decided-by cannot inject metadata (354.662757ms)
✔ LOOP-071: multiline decision --rests-on cannot inject metadata (349.232427ms)
✔ LOOP-071: multiline decision --wrong-if cannot inject metadata (364.023858ms)
✔ LOOP-071: multiline decision --history cannot inject metadata (385.021806ms)
✔ LOOP-072: malformed Blocking concerns stay open: "R-001\nAnswer: ok" (88.660689ms)
✔ LOOP-072: malformed Blocking concerns stay open: "R-001\r\nAnswer: ok" (93.54312ms)
✔ LOOP-072: malformed Blocking concerns stay open: "R-001\rAnswer: ok" (94.154303ms)
✔ LOOP-072: malformed Blocking concerns stay open: "R-001 Answer: ok" (84.099435ms)
✔ LOOP-072: malformed Blocking concerns stay open: "R-001 Answer: ok" (89.756209ms)
✔ LOOP-072: ordinary malformed concerns are refused: "R-001\nR-002" (38.819194ms)
✔ LOOP-072: ordinary malformed concerns are refused: "R-001, prose" (36.586606ms)
✔ LOOP-072: ordinary malformed concerns are refused: " " (51.634241ms)
✔ LOOP-072: a Blocking escalation without concerns is still presented (69.80714ms)
✔ LOOP-072: carriage returns in a Blocking question do not create answer records (67.828395ms)
✔ LOOP-072: explanation separator 8232 cannot close an escalation (142.664599ms)
✔ LOOP-071: decision metadata refuses separator 8232 (359.577731ms)
✔ LOOP-072: explanation separator 8233 cannot close an escalation (145.114969ms)
✔ LOOP-071: decision metadata refuses separator 8233 (373.963292ms)
✔ an unmatched input is refused before execution (LOOP-044) (145.621516ms)
✔ an indexed input deleted on disk asks for a commit (LOOP-045) (153.438745ms)
✔ wake and check require a Git working tree (LOOP-046) (123.137593ms)
✔ recovery removes only dead kernel run records and identifies a live owner (LOOP-054, LOOP-055) (344.407107ms)
✔ an agent action based behind a clean HEAD appears committed (LOOP-027) (190.197185ms)
✔ realization needs a real commit and a subject (DEC-006) (257.690799ms)
✔ 1500 binary inputs digest identically at the review commit in under a second (LOOP-024) (1541.60684ms)
✔ merged work is excluded but a later own commit is a breach (LOOP-047) (219.836019ms)
✔ exact Current tenure ignores prefix matches and earlier visits to the same slug (LOOP-035) (253.284806ms)
✔ a kernel run records its supervising PID (LOOP-054) (258.858104ms)
✔ a merged declared input still stales evidence (LOOP-047) (399.984786ms)
✔ wildcard and magic pathspecs select the same historical inputs (LOOP-024, LOOP-032) (2468.001313ms)
✔ historical selection retains deleted files and excludes new ones (LOOP-024, LOOP-035) (1366.852087ms)
✔ explicit reporting with no lines and exit 0 establishes no requirement verdicts (LOOP-061) (504.699396ms)
✔ explicit reporting with no lines and exit 1 establishes no requirement verdicts (LOOP-061) (484.245224ms)
✔ a reporter that cannot start keeps execution diagnostics without blaming requirements (LOOP-062) (356.650357ms)
✔ large output cannot kill a reporter or invent a requirement verdict (375.087319ms)
✔ explicit mode ignores cairn: R-999: pass (361.152387ms)
✔ explicit mode ignores cairn: R-001: unverified (313.556496ms)
✔ explicit mode ignores cairn: R-001: passed (270.812034ms)
✔ explicit results survive nonzero exit and contradictory duplicates still fail (539.495943ms)
✔ unverified results across changed inputs never become failed attempts (1364.612745ms)
✔ legacy exit 0 retains its interpretation (244.807842ms)
✔ legacy exit 1 retains its interpretation (250.702861ms)
✔ a misspelled reporting mode is refused before execution (127.040594ms)
✔ changed requirement blocks unchecked reruns and makes the completion review stale (LOOP-058, LOOP-059) (1933.644458ms)
✔ falsifier changes need review; separate rationale and other requirements do not change a receipt (1124.716252ms)
✔ legacy receipts recover requirement identity from their commit; unavailable history requires review (858.431849ms)
✔ check refuses uncommitted requirement text and mechanism review markers (766.324196ms)
✔ tightened response limit cannot reuse the old passing check (1624.909337ms)
✔ a declared input over 1 MiB agrees at a commit and in the tree (LOOP-060) (467.92329ms)
✔ a failed Git blob read cannot be hashed as an empty blob (426.74189ms)
✔ Git listings over 1 MiB include the last declared input (2367.947791ms)
✔ requirement identity excludes fenced examples and status dates (558.238232ms)
✔ DemonCoder REM-002 and Status in progress cannot silently satisfy the review gate (LOOP-086) (909.171289ms)
✔ valid open findings retain their behavior (589.054484ms)
✔ valid resolved findings retain their behavior (548.759395ms)
✔ valid empty findings retain their behavior (441.877559ms)
✔ valid mixed valid findings retain their behavior (414.321771ms)
✔ malformed finding "open:" requires repair (408.314188ms)
✔ malformed finding "resolved:   " requires repair (372.398737ms)
✔ malformed finding "Open: incorrect case" requires repair (362.900978ms)
✔ malformed finding "unknown: issue" requires repair (349.902911ms)
✔ malformed finding "\u001b[31mBAD: issue" requires repair (377.235369ms)
✔ the established explicit empty findings list remains valid (379.220817ms)
✔ a scalar findings value requires the supported list format (507.548529ms)
✔ a Requirements: line written as a list is read like the flat form (LOOP-102) (138.993491ms)
✔ a subdirectory or a README in a record directory changes nothing (LOOP-103) (595.766599ms)
✔ two Current: lines are a roadmap repair (LOOP-019, LOOP-104) (82.594793ms)
✔ a repeated identifier, an input under the evidence directory, and a missing cwd are refused by name (LOOP-105) (437.855809ms)
✔ a requirement whose evidence outlives its mechanism is named declare, not a regression or an escalation (LOOP-106) (1148.97223ms)
✔ an unreadable record is a repair, not an error exit (LOOP-107) (70.410462ms)
✔ a review needs commit, a nonempty examined list, and a findings list, each named when missing (LOOP-108) (910.634651ms)
✔ a decision record missing a header field or naming a missing predecessor is a repair (LOOP-109) (274.296972ms)
✔ a dirty declared input with no in-progress record is named record ahead of run (LOOP-022, LOOP-110) (225.59477ms)
✔ with core.filemode false the index mode is the identity, so a mode-only difference does not refuse the check (LOOP-111) (249.417186ms)
✔ a project below the Git toplevel can run check (LOOP-112) (248.750959ms)
✔ a shallow clone names history to fetch, not a decision to build (LOOP-113) (118.26277ms)
✔ record-writing commands refuse to run outside a Cairn repository and write nothing (LOOP-118, LOOP-046) (218.067306ms)
✔ empty footprint names declaration before scope and records no evidence (LOOP-081) (635.122529ms)
✔ first declaration still checks the full earlier history (LOOP-081) (331.635377ms)
✔ an empty current footprint does not block an explicitly requested existing mechanism (LOOP-081) (328.902198ms)
✔ an inherited mechanism provides a footprint even before local mechanisms exist (241.348343ms)
✔ scope reports every path, escapes line breaks, and gives identical remedies (LOOP-082) (216.588809ms)
✔ scope verdict reuses the answered-escalation annotation (LOOP-048, LOOP-051, LOOP-083) (512.956013ms)
✔ a committed scope acknowledgment lets restored history proceed (LOOP-083) (662.68869ms)
✔ scope acknowledgment must be committed before it can clear a breach (609.950947ms)
✔ ordinary ok does not acknowledge scope history (291.854548ms)
✔ scope escalation refuses unrestored paths and names the restoration remedy (247.729131ms)
✔ an invalid scope request still records an explicitly Blocking decision (131.370182ms)
✔ ask and explanation stay open; only the final committed ok acknowledges scope (690.388081ms)
✔ instead is visible but does not silently authorize a scope exception (409.924073ms)
✔ later changes to an acknowledged path still block, including later reverts (1326.382776ms)
✔ approval cannot hide another path changed after the snapshot (335.792475ms)
✔ acknowledged history remains conditional on the paths staying restored (594.18481ms)
✔ editing the scope snapshot after answer invalidates its acknowledgment (277.872162ms)
✔ malformed scope metadata cannot suppress a breach (1374.132473ms)
✔ damaged acknowledgment fields cannot suppress a breach (549.775899ms)
✔ scope path matching is literal, including wildcard filenames and control characters (533.311259ms)
✔ scope acknowledgment does not carry into another activation of the same slug (307.094764ms)
✔ restoration checks additions, deletions, executable modes, and symlink kinds (1543.947047ms)
✔ explicit committed retention keeps correct work and requires new evidence and review (LOOP-084, LOOP-085) (2162.598783ms)
✔ a missing declaration covers correct earlier work without retention or revert (497.617912ms)
✔ keep requires scope and an unchanged committed candidate (159.006602ms)
✔ uncommitted retention and instead answers cannot clear the incident (1021.277686ms)
✔ retention does not grant future edits, even when reverted to the approved tree (1314.695268ms)
✔ retention cannot cover another path or another activation (803.321811ms)
✔ imported changes must still match the retained tree (570.557896ms)
✔ retention handles additions, deletions, modes, symlinks, and literal filenames (2061.294791ms)
✔ retention cannot convert an existing restoration answer or accept an unknown mode (451.17324ms)
✔ a check failure after retention remains a failure (775.553113ms)
✔ retained paths stay part of the stable checked candidate without extending its footprint (612.779872ms)
✔ retention ask needs an explanation and final committed approval (596.508331ms)
✔ an unknown scope mode remains invalid even with a matching approval digest (268.542706ms)
✔ backlog writes the item; a second with the same title is refused, never overwritten (LOOP-016) (123.361461ms)
✔ a commit inside the footprint: check runs; outside it: check names the path and does not run (LOOP-015, LOOP-035) (637.54409ms)
✔ Cairn's records are never a breach; another file under docs/ is (LOOP-117) (726.452201ms)
✔ declaring the path as an input clears the breach (266.244078ms)
✔ a revert preserves the record of an out-of-scope commit (LOOP-047) (284.735474ms)
✔ a commitment naming a requirement the spec set does not hold as Agreed is repaired (LOOP-029) (71.424976ms)
✔ a requirement in a Draft spec file is not Agreed (68.843679ms)
✔ working agreements and the ignore file are Cairn records (LOOP-035, LOOP-036) (469.835439ms)
✔ the over-asking rule is gone from both skills (SPEC-005, SPEC-006, SPEC-007) (1.262442ms)
✔ a decision during the phase is recorded (DEC-003) (0.122852ms)
✔ understanding is restated before writing (SPEC-003) (0.092659ms)
✔ falsifiers are proposed as one set and confirmed by exception (SPEC-004) (0.249426ms)
✔ depth is inferred and domains derived, never asked or imposed (SPEC-008, SPEC-009) (0.13523ms)
✔ a term enters the glossary at first occurrence (SPEC-010) (0.075021ms)
✔ the phase ends at the first commitment, and later ones are specified during the loop (SPEC-011, SPEC-012) (0.094437ms)
✔ a requirement goes Agreed only with a nameable mechanism (SPEC-013) (0.068373ms)
✔ review before agreement, recording what it attacked (SPEC-014, SPEC-015) (0.856947ms)
✔ no spec file without requirements; nothing Agreed without a falsifier (SPEC-001, SPEC-002) (0.15744ms)
✔ Observed is marked, and is not contract (SPEC-016, SPEC-017) (0.486815ms)
✔ the skills exclude artifacts outside Cairn's workflow (0.146342ms)
✔ the working agreement names the agent's move for each verdict and the write-ahead record (LOOP-036) (0.51541ms)
✔ the working agreement names the developer's moves (LOOP-036, DEC-014) (0.074038ms)
✔ this repository runs by the file it ships (0.336645ms)
✔ both skills write the working agreement without naming a vendor's file (LOOP-002, LOOP-036, PKG-006) (0.194668ms)
✔ the working agreement says what an attempt is (LOOP-036, DEC-017, DEC-018) (0.063352ms)
✔ the working agreement says a failure no footprint change can address is an escalation, and where an inherited requirement is repaired (DEC-019, LOOP-057) (0.066713ms)
✔ the working agreement states the promote, next-iteration, and no-deferral moves (LOOP-029, LOOP-087, LOOP-091, LOOP-092) (0.063213ms)
✔ both skills sort captures into the backlog or next-iteration and forbid deferral (LOOP-029, LOOP-092, LOOP-093) (0.053836ms)
✔ the skill requires a falsifier on every requirement, a MAY included (SPEC-025) (0.044496ms)
✔ the working agreement names the hooks as optional and the install skill registers them for two harnesses (PKG-006, PKG-018, PKG-019) (0.19484ms)
✔ the working agreement says the kernel is upgraded at Done, never inside a commitment (LOOP-096) (0.158693ms)
✔ the next-iteration skill starts from the specification and ends by naming the next commitment (SPEC-026, SPEC-027) (0.219587ms)
✔ every document that names the project skills names next-iteration beside them (SPEC-026, PKG-014) (3.140304ms)
✔ the working agreement states a move for every action the kernel can name (LOOP-101) (0.983992ms)
✔ the working agreement states both record formats and the two flags the moves need (LOOP-036) (0.136602ms)
✔ the skills demonstrate a safe violating example and preserve recon findings (SPEC-022, SPEC-023) (0.04958ms)
✔ the specification skills run the checker through the cairn command (PKG-029) (0.668722ms)
✔ the README invokes the phase skills by name and states versions and platforms (PKG-030, PKG-031) (0.442765ms)
✔ the manual and the walkthrough say the loop promotes backlog items at Done (LOOP-087) (0.468217ms)
✔ a two-obligation sentence is named (PKG-007) (47.237988ms)
✔ an obligation with no actor is named (PKG-010) (35.116271ms)
✔ a leading condition clause is not the actor, and the actor after it counts (48.155957ms)
✔ an Agreed requirement with no falsifier is named (SPEC-002); a Draft one is not (86.359843ms)
✔ prose after a Draft requirement with no falsifier is not scanned as requirement text (31.122552ms)
✔ a spec declaring a prefix with no requirement is named (SPEC-001) (49.862164ms)
✔ a keyword in backticks or quotes is a mention, not an obligation (47.969366ms)
✔ duplicate identifiers are rejected within a file and across files (SPEC-020) (71.26246ms)
✔ references resolve across files; missing references name their source (SPEC-021) (92.85673ms)
✔ code examples and quoted mentions are neither definitions nor references (41.424334ms)
✔ machine-local paths are findings in prose, links, quotes, and examples (SPEC-019) (399.396016ms)
✔ relative paths, URLs, slash commands, and character mentions are not absolute path findings (34.747888ms)
✔ a slash after a placeholder continues the template (SPEC-019) (74.989055ms)
✔ a host path is a finding until the file declares it (SPEC-019, SPEC-024) (88.845606ms)
✔ declared host paths cover children with a slash boundary and stay file-local (131.215374ms)
✔ a host-path declaration inside a requirement or example grants no exception (152.653884ms)
✔ host-path declarations require absolute or home-relative entries (211.289429ms)
✔ an Agreed block whose only keyword is MAY needs a falsifier like any other (SPEC-025, SPEC-002) (76.042692ms)
✔ a regex literal is not a path, a drive path and a file URL are, and a skill's slash name is allowed (SPEC-028, SPEC-029) (54.980837ms)
✔ a backticked or quoted actor still counts as one (PKG-010) (43.756832ms)
✔ supersede writes both lines, and the old record keeps every word it had (DEC-008, DEC-010) (80.067853ms)
✔ supersede without a cause, or with one outside the four, is refused (DEC-009) (124.099373ms)
✔ supersede of a record that does not exist is refused (71.128531ms)
✔ a predecessor with no title line cannot be stamped, so nothing is written (72.147367ms)
✔ reversals reports counts by decider, cause, and domain (DEC-011) (177.885435ms)
✔ decide in a domain with a reversal is refused without --history, naming the reversal; with it, the record carries History (DEC-012) (162.842106ms)
✔ decide in a domain with no reversals needs no --history (115.063248ms)
✔ a record resting on prose alone is in the domain unspecified, and so is the next one (114.12639ms)
✔ a second declaration for one requirement is accepted, a named check runs every mechanism, and Done needs each to pass (LOOP-056, LOOP-099) (2253.6146ms)
✔ one mechanism's stale evidence names that mechanism, and --stale runs only it (LOOP-056, LOOP-094) (840.13919ms)
✔ attempts are counted within one mechanism's records, so the other's passes do not reset them (LOOP-100, DEC-016) (1545.826365ms)
✔ step 1: an in-progress record is reconciled before anything else (92.316251ms)
✔ step 2: an open escalation is presented and nothing else happens (79.783111ms)
✔ an answered escalation is not open (569.322264ms)
✔ step 3: a decision with no realized-by is built, first by name (DEC-007) (86.006689ms)
✔ a superseded decision with no realized-by is not work (132.319275ms)
✔ step 6: a mechanism that has never run is run, not implemented (LOOP-008) (137.14656ms)
✔ step 6: a requirement whose mechanism fails is implemented (536.215577ms)
✔ step 6 before step 7: failing evidence outranks a missing mechanism (367.478366ms)
✔ step 7: a requirement with no mechanism is declared (LOOP-006) (95.600286ms)
✔ step 10: every requirement current and passing, review clean, is Done (LOOP-004) (400.108483ms)
✔ malformed roadmap is Resolvable, not fatal (LOOP-005) (61.071935ms)
✔ a commitment naming no requirements is Resolvable (LOOP-018) (57.287295ms)
✔ the primary test: two wakes on the same checkout give the same action (LOOP-001, LOOP-003) (97.284977ms)
✔ outside a cairn repository wake cannot run (36.325021ms)
✔ the loop never waits on the review queue (DEC-015) (389.527824ms)
✔ the linked walkthrough runs from agreement through the next commitment (PKG-016) (1519.309178ms)
ℹ tests 424
ℹ suites 0
ℹ pass 424
ℹ fail 0
ℹ cancelled 0
ℹ skipped 0
ℹ todo 0
ℹ duration_ms 24385.045833
