✔ a Draft block overrides an Agreed file for both wake and check (SPEC-018) (206.106217ms)
✔ an Agreed block overrides a Draft file in the kernel and lint (SPEC-018, SPEC-002) (847.295004ms)
✔ a block Status does not become the file default, including inside examples (SPEC-018) (417.279859ms)
✔ block status without a value does not inherit Agreed by accident (SPEC-018) (99.22812ms)
✔ inheritance needs a file Scope and includes only Agreed blocks, regardless of prefix (PKG-015) (1893.446415ms)
✔ Scope inside a requirement or fenced example does not declare inheritance (PKG-015) (833.673178ms)
✔ a falsifier wrapped onto a line beginning with Status: does not become the block's status (SPEC-018) (1.228561ms)
✔ with attribution forbidden, an unpushed commit carrying an AI attribution line is named reword before any work; without the policy, or once pushed, it is not (PKG-045) (468.882692ms)
✔ each attribution form is caught, a prose mention is not, and the oldest attributed commit is named first (PKG-045) (740.474312ms)
✔ LOOP-063: reject input mutation during a check and retain diagnostics (496.379157ms)
✔ LOOP-063: reject deletion mutation during a check and retain diagnostics (602.711699ms)
✔ LOOP-063: reject addition mutation during a check and retain diagnostics (478.194452ms)
✔ LOOP-063: reject mode mutation during a check and retain diagnostics (419.522075ms)
✔ LOOP-063: reject specification mutation during a check and retain diagnostics (429.092748ms)
✔ LOOP-063: reject declaration mutation during a check and retain diagnostics (462.649796ms)
✔ LOOP-063: reject commit mutation during a check and retain diagnostics (420.323182ms)
✔ LOOP-063: committed input mutation during execution cannot certify the replacement (396.000012ms)
✔ LOOP-064: removing executable permission makes passing evidence stale (533.00925ms)
✔ LOOP-064: a mode-only change also invalidates the previous review after new evidence (774.227528ms)
✔ LOOP-064: changing a regular file into a link with identical identity bytes is stale (809.460068ms)
✔ LOOP-063: an unchanged candidate still records a pass despite unrelated working-tree edits (205.003607ms)
✔ LOOP-064: current and historical input ordering agrees for Unicode filenames (317.271996ms)
✔ LOOP-063: Git status hiding content changes cannot certify an uncommitted candidate (118.890344ms)
✔ LOOP-066: one check owns execution with a kernel action record (552.420698ms)
✔ LOOP-066: one check owns execution with an agent action record (706.767147ms)
✔ LOOP-066: a live lock is named and never silently overwritten (146.255619ms)
✔ LOOP-066: a dead lock is named and never silently overwritten (161.211639ms)
✔ LOOP-066: a incomplete lock is named and never silently overwritten (138.770032ms)
✔ LOOP-066: an execution error releases the check lock for a corrected rerun (505.665422ms)
✔ LOOP-066: a live kernel action from an older Cairn also blocks execution (100.723864ms)
✔ LOOP-066: separate Git worktrees can run checks independently (573.911461ms)
✔ after a green check --stale runs nothing; after one input changes it runs only that mechanism (LOOP-094) (1360.194254ms)
✔ a mechanism speaking for two stale requirements runs once and refreshes both (LOOP-094, LOOP-040) (690.004833ms)
✔ a fresh failure and an unverified result are skipped with implement named (LOOP-094) (744.224191ms)
✔ --stale with a requirement identifier is refused (LOOP-094) (86.119455ms)
✔ check --stale holds back a mechanism whose requirement has three attempts and no escalation, names it, and records nothing (LOOP-094, DEC-016) (1907.838574ms)
✔ check refuses a dirty declared input and names it; a dirty undeclared file does not block (LOOP-030) (482.144298ms)
✔ check writes one receipt per run carrying the full record and a result line per requirement (LOOP-097) (463.555531ms)
✔ a nonzero exit records fail, and the receipt keeps the exit code (LOOP-034) (416.411656ms)
✔ a pass after a fail keeps the failing record; nothing is overwritten or deleted (LOOP-025) (729.916546ms)
✔ a commit changing a declared input makes evidence stale; an undeclared one does not (LOOP-007) (868.430612ms)
✔ a regression is named before a requirement that never passed (LOOP-031) (1051.481512ms)
✔ three attempts with no escalation since: wake says escalate, not a fourth (DEC-016, DEC-017, DEC-018) (2143.894273ms)
✔ the review gate: no review, stale review, open finding, then Done (LOOP-020, LOOP-033) (919.760735ms)
✔ Done is refused while any requirement lacks current passing evidence (LOOP-017) (90.510484ms)
✔ check names a requested requirement that no mechanism claims (92.431917ms)
✔ check writes the in-progress record before the run and clears it after (LOOP-021) (190.582495ms)
✔ a linked declared input digests the same at a commit and in the tree (LOOP-023, LOOP-024) (383.088978ms)
✔ a result line is the mechanism's statement about one requirement; what it did not mention is unverified (LOOP-037, LOOP-052) (179.059868ms)
✔ a mechanism that says nothing is read by its exit code for every requirement (LOOP-039) (175.962785ms)
✔ unverified is not an attempt, and a return to an earlier failed digest counts once (DEC-017, DEC-018) (1641.201851ms)
✔ a result line for a requirement the mechanism does not speak for is named and writes nothing (LOOP-038) (186.671156ms)
✔ a result line inside ordinary output, or without the marker, does not count (177.07186ms)
✔ a targeted check runs the named requirements' mechanisms and records every requirement they speak for (LOOP-040) (174.097402ms)
✔ two result lines for one requirement: a fail on any line wins (169.099355ms)
✔ three runs at one digest with no attempt since: the verdict stays implement and names DEC-019; an escalation naming it among others clears the hint (DEC-019, LOOP-053) (853.969918ms)
✔ a receipt names its commit in full, and an older receipt with the short form is still read (LOOP-136) (247.225302ms)
✔ a complete commitment with an unpromoted backlog item names promote, and a stamped item lets it reach Done (LOOP-087) (1258.018923ms)
✔ an empty backlog with waiting next-iteration items is Done, with the count as information and no action on them (LOOP-091) (918.879045ms)
✔ a promotion marker must resolve to a decision record (LOOP-088) (327.421419ms)
✔ a commitment promoted from an item needs a decision record naming the item (LOOP-088) (315.709999ms)
✔ the spec lint reports a promotion marker with no decision record (LOOP-088) (82.873393ms)
✔ a promoted commitment that changes an Agreed requirement or the working agreement is an escalation; an unpromoted one is not (LOOP-089, LOOP-090) (1560.184602ms)
✔ a capture from one of the commitment's own requirements needs Outside because: or an escalation (LOOP-092) (1550.912863ms)
✔ a next-iteration item names what it would change, and the capture refuses one that does not (LOOP-093) (412.767184ms)
✔ a commitment specified from a next-iteration item needs the item stamped before anything else (SPEC-027) (464.526597ms)
✔ a by deference marker resolves to a decision record like a promotion marker (SPEC-002, LOOP-088) (190.73967ms)
✔ the LOOP-090 gate reads the Concerns line, not the slug as a substring (LOOP-114) (517.200675ms)
✔ the LOOP-088 check reads the Promotes line, and decide --promotes writes it (LOOP-115) (225.188498ms)
✔ the activation commit of a promoted commitment is inside the LOOP-089 comparison (LOOP-116) (134.273128ms)
✔ the LOOP-090 route needs one escalation: its Concerns line covers the moved item too (LOOP-119, LOOP-092, LOOP-114) (621.606973ms)
✔ an escalation raised before the promoted commitment began does not silence the LOOP-090 gate (LOOP-114) (303.022952ms)
✔ an escalation raised before the commitment began does not silence the capture gate (LOOP-119) (303.978585ms)
✔ the activation commit is inside the scope footprint (LOOP-120) (98.528181ms)
✔ a requirement Agreed at activation that is demoted or removed is a contract change (LOOP-121) (539.226901ms)
✔ the include files are the root files that hold @AGENTS.md: exempt from the footprint, compared by the gate (LOOP-122) (1010.084687ms)
✔ a superseded promotion no longer satisfies the LOOP-088 check, and the repair says the promotion was reversed (LOOP-123) (433.715241ms)
✔ the restore route measures from the tree before activation, so a path the activation commit added must go (LOOP-120, LOOP-035) (178.135614ms)
✔ the loop works against exactly one commitment: the current one (LOOP-019) (339.872136ms)
✔ a promotion recorded below Consequential is a repair naming the level, since the developer never sees it in the queue (LOOP-088) (68.762422ms)
✔ every requirement the node-test declaration speaks for is named in a test title (PKG-025) (1.800459ms)
✔ every repository path the tests read is a declared input of node-test (PKG-026) (0.840645ms)
✔ writes a record with every required field and an empty realized-by (DEC-001, DEC-005) (115.15739ms)
✔ a Consequential decision is queued for review (DEC-013) (65.199409ms)
✔ a Consequential decision is queued even when .cairn/queue does not exist yet (94.634469ms)
✔ Routine is refused: routine decisions produce no record (94.442968ms)
✔ a missing field is a usage error and nothing is written (76.119881ms)
✔ supersedes requires a classified cause, and the old record must exist (257.854418ms)
✔ an existing record is not overwritten (178.742951ms)
✔ a queued decision stays queued; nothing but the developer removes it (DEC-014) (254.054756ms)
✔ each accepted decider is stored lowercase, whatever case it was typed in (DEC-020) (611.788137ms)
✔ a decider outside the vocabulary is a usage error naming all three, and nothing is written (DEC-020) (487.737115ms)
✔ an empty --decided-by is the missing-field error, not the vocabulary one (101.18339ms)
✔ LOOP-006, LOOP-067: missing inputs names a declaration repair before execution (199.427672ms)
✔ LOOP-006, LOOP-067: empty inputs names a declaration repair before execution (152.3685ms)
✔ LOOP-006, LOOP-067: missing command names a declaration repair before execution (161.315843ms)
✔ LOOP-006, LOOP-067: list command names a declaration repair before execution (188.384515ms)
✔ LOOP-006, LOOP-067: empty command names a declaration repair before execution (204.513123ms)
✔ LOOP-006, LOOP-067: missing requirements names a declaration repair before execution (232.307688ms)
✔ LOOP-006, LOOP-067: bad identifier names a declaration repair before execution (182.525877ms)
✔ LOOP-067: scalar one-item lists retain their existing meaning (322.864826ms)
✔ LOOP-068: a unpopulated gitlink is refused by name (189.046694ms)
✔ LOOP-068: a populated gitlink is refused by name (197.692574ms)
✔ LOOP-069: identical selections across 100 mechanisms use at most 20 Git processes (178.311185ms)
✔ escalate writes the six-line format followed by its facts, and wake presents it (LOOP-010, LOOP-026) (135.847069ms)
✔ a missing or multi-line field is refused with the field named, and nothing is written (LOOP-012) (172.507328ms)
✔ a Blocking escalation that fails the format is written anyway, naming the malformed field (LOOP-013) (156.784126ms)
✔ the loop stops for the developer only at Blocking: a recorded decision below it never yields Escalate, and the Blocking bypass must be spelled exactly (DEC-002) (514.795331ms)
✔ a second escalation while one is open is refused (LOOP-011) (150.6115ms)
✔ answer records the reply; wake no longer presents it; a second answer is refused (322.320523ms)
✔ answer to an unknown escalation is refused (85.957624ms)
✔ a stranger resumes from the file alone: question and answer are both in it (LOOP-014) (148.450076ms)
✔ a developer-shaped answer during the agent's turn is refused and writes nothing; the explanation is still accepted (LOOP-135) (687.186301ms)
✔ after an answer, the same concern can be escalated again under a new name (199.067011ms)
✔ an escalation exists when its file does, committed or not (LOOP-009) (83.795473ms)
✔ developer answers require one of the three forms and cannot inject fields (LOOP-048) (618.216575ms)
✔ ask, agent explanation, another ask, and ok stay ordered in one file (LOOP-049, LOOP-050, LOOP-014) (775.368804ms)
✔ fresh closed answers accompany only concerned requirements until new evidence (LOOP-051) (684.130242ms)
✔ a raised escalation carries no derivable status line, and an old record with one still parses (LOOP-028) (151.436425ms)
✔ LOOP-065: delete of output refuses Done and a new run recovers (1344.235077ms)
✔ LOOP-065: corrupt of output refuses Done and a new run recovers (1343.199996ms)
✔ LOOP-065: delete of stderr_output refuses Done and a new run recovers (1172.29647ms)
✔ LOOP-065: corrupt of stderr_output refuses Done and a new run recovers (955.293207ms)
✔ LOOP-065: a receipt without output needs a new check (472.543367ms)
✔ LOOP-065: a receipt without output_digest needs a new check (455.804495ms)
✔ LOOP-065: a receipt without stderr_output needs a new check (464.380787ms)
✔ LOOP-065: a receipt without stderr_digest needs a new check (420.13772ms)
✔ LOOP-065: legacy unverifiable output is rerun without rewriting history (668.548405ms)
✔ a fresh record names the kernel that wrote it (LOOP-023) (311.46046ms)
✔ LOOP-095: a record from another kernel is stale with the kernel named, and a new check restores Done (656.241842ms)
✔ LOOP-095: a record from no kernel is stale with the kernel named, and a new check restores Done (735.021666ms)
✔ LOOP-070: a later failure is latest even when the clock moves backward (1225.811527ms)
✔ LOOP-070: receipt collisions at one clock instant retain execution order beyond nine suffixes (3634.719886ms)
✔ LOOP-070: imported branch receipts stale a later sequence until a new check incorporates them (1121.524507ms)
✔ LOOP-070, LOOP-098: legacy receipts need one ordered check, remain byte-for-byte unchanged, and precede the run receipt in the history (514.449421ms)
✔ LOOP-070: edit of a prior receipt requires fresh evidence (467.597951ms)
✔ LOOP-070: remove of a prior receipt requires fresh evidence (450.225549ms)
✔ LOOP-075: supporting evidence file README.md does not become a receipt (454.361367ms)
✔ LOOP-075: supporting evidence file notes.txt does not become a receipt (482.217045ms)
✔ LOOP-075: supporting evidence file support does not become a receipt (530.077567ms)
✔ LOOP-075: supporting evidence file .DS_Store does not become a receipt (485.196164ms)
✔ LOOP-075: a malformed result line (result=success) names a repair before execution (340.850279ms)
✔ LOOP-075: a malformed result line (sequence=NaN) names a repair before execution (338.447729ms)
✔ LOOP-075: a malformed result line (sequence=9007199254740992) names a repair before execution (303.430615ms)
✔ LOOP-075: a malformed result line (history_digest=wrong) names a repair before execution (336.737335ms)
✔ LOOP-075: a malformed result line (tokens) names a repair before execution (330.117516ms)
✔ LOOP-075: a receipt-shaped directory is a named repair instead of an EISDIR crash (254.020602ms)
✔ LOOP-070: an earlier escalation cannot cover three new attempts after clock rollback (941.313746ms)
✔ LOOP-070: an answer becomes old after a later check even if that check's timestamp is earlier (621.126319ms)
✔ LOOP-070: the newest answer wins between checks even when its clock timestamp is older (410.546536ms)
✔ LOOP-070: legacy escalation dates cover old receipts but not three newer sequenced runs (1291.109461ms)
✔ a PKG requirement the commitment does not name is declared, run, and gates Done (PKG-011) (2143.93899ms)
✔ a PKG requirement in a Draft spec is not folded in (498.377653ms)
✔ LOOP-076, LOOP-079: stale inputs identify the receipt and the check to run (881.534084ms)
✔ LOOP-077: names a content change using checked input identity (699.862957ms)
✔ LOOP-077: names a mode change using checked input identity (736.911785ms)
✔ LOOP-077: names a kind change using checked input identity (714.809758ms)
✔ LOOP-077: names a added change using checked input identity (638.823647ms)
✔ LOOP-077: names a removed change using checked input identity (521.313276ms)
✔ LOOP-077: names a link-target change using checked input identity (785.024634ms)
✔ LOOP-077: changed selection compares the old and new input sets (448.214789ms)
✔ LOOP-077: raw CRLF changes remain visible when Git-clean content agrees (418.572853ms)
✔ LOOP-077: detail output is sorted, bounded, and reports the omitted count (452.966732ms)
✔ LOOP-077: filenames cannot inject lines or terminal controls into explanations (397.008366ms)
✔ LOOP-077: receipts from one run share details and do not store source contents (302.948893ms)
✔ LOOP-078, LOOP-080: legacy optional detail limits explanation without changing standing (489.74114ms)
✔ LOOP-078, LOOP-080: invalid-field optional detail limits explanation without changing standing (503.891413ms)
✔ LOOP-078, LOOP-080: missing optional detail limits explanation without changing standing (520.203212ms)
✔ LOOP-078, LOOP-080: invalid-json optional detail limits explanation without changing standing (507.293433ms)
✔ LOOP-078, LOOP-080: mismatched optional detail limits explanation without changing standing (484.679246ms)
✔ LOOP-078, LOOP-080: duplicate optional detail limits explanation without changing standing (482.705691ms)
✔ LOOP-078, LOOP-080: unsafe-path optional detail limits explanation without changing standing (473.780431ms)
✔ LOOP-078, LOOP-080: directory optional detail limits explanation without changing standing (464.1957ms)
✔ LOOP-078, LOOP-080: symlink optional detail limits explanation without changing standing (475.100182ms)
✔ LOOP-078: unavailable old requirement text is not claimed as a proven change (337.348237ms)
✔ LOOP-076, LOOP-079: changed requirements identify evidence and retain review-before-check guidance (372.609013ms)
✔ LOOP-078: simultaneous input and output damage keep both reasons (360.47483ms)
✔ LOOP-080: deterministic freshness sequence seed=7 (9044.073448ms)
✔ LOOP-080: deterministic freshness sequence seed=42 (5796.385741ms)
✔ LOOP-080: deterministic freshness sequence seed=913 (4821.868273ms)
✔ LOOP-080: agreement changes, mechanism review, checks, and completion review retain priority (1169.082657ms)
✔ LOOP-080: imported receipt history demands a rerun without a false input explanation (1325.622723ms)
✔ LOOP-073: clean CRLF input completes under attributes (555.010263ms)
✔ LOOP-073: clean CRLF input completes under autocrlf (766.867104ms)
✔ LOOP-073: raw line-ending mutation during a run is rejected even when Git still sees the same content (248.804482ms)
✔ LOOP-073: execution evidence changes when clean conversion preserves committed identity (1075.377022ms)
✔ LOOP-073: Git clean filters use Git's conversion while retaining raw evidence identity (627.055432ms)
✔ LOOP-073: failure of a required Git filter cannot record evidence (140.457386ms)
✔ LOOP-073: a clean filter moving HEAD during ending validation prevents evidence (612.928384ms)
✔ LOOP-073: canonical Git identities handle links without reading their targets (440.883008ms)
✔ LOOP-073: Git conversion keeps raw Unicode and control-character input paths (387.223594ms)
✔ LOOP-073: conversion and links work in a SHA-256 Git repository (368.681631ms)
✔ LOOP-074: historical specification filename "café.md" remains reviewable (381.081968ms)
✔ LOOP-074: historical specification filename "spec\ttab.md" remains reviewable (351.985049ms)
✔ LOOP-074: historical specification filename "spec\nline.md" remains reviewable (362.161899ms)
✔ help works outside a repository without running a command (PKG-017) (1206.363506ms)
✔ help does not hide invalid options or consume literal arguments (190.699744ms)
✔ help lists the lint command (PKG-017) (42.542005ms)
✔ a working directory that no longer exists is named as the failure, and git is not blamed (PKG-041, PKG-022) (219.220634ms)
✔ the stop hook refuses a stop while wake says Resolvable, with the verdict as the reason (PKG-018) (221.228082ms)
✔ the stop hook allows a stop at Done, at Escalate, and outside a Cairn repository (PKG-018) (1288.965803ms)
✔ the session-start hook links the command once and prints the verdict in a Cairn repository (PKG-019, PKG-014, PKG-005) (512.85035ms)
✔ the session-start hook prints no verdict outside a Cairn repository and leaves an existing link that resolves alone (PKG-019) (82.072677ms)
✔ a checkout under a path with a space links a command that resolves, and its stop hook still blocks (PKG-019, PKG-021) (392.248085ms)
✔ the hooks run the kernel the command link resolves to, so hook and agent share one referee (PKG-021) (1073.339141ms)
✔ a dangling link is replaced and reported (PKG-019) (149.032128ms)
✔ errors exit 0 with one line on standard error and no stack trace (PKG-022) (196.180348ms)
✔ the hooks judge with the cairn on PATH, a wrapper included, and session-start names it (PKG-033) (951.204149ms)
✔ a link to a wrapper or file is kept; a dangling link or one to a directory is replaced (PKG-034) (390.903072ms)
✔ a project below the Git toplevel gets the verdict and the stop refusal (PKG-035) (282.225389ms)
✔ a kernel that prints no verdict is one stderr line: the stop is allowed and session-start prints no trace (PKG-036) (148.293333ms)
✔ a link that cannot be created is one stderr line, and the verdict still prints (PKG-019, PKG-022) (132.610592ms)
✔ with git absent the hooks say so in one line and block nothing (PKG-022) (87.669283ms)
✔ stop_hook_active true no longer lets a Resolvable stop through: the hook still refuses (PKG-018) (142.993055ms)
✔ receipts written by the project's own kernel are judged with it, not with a different cairn on PATH (PKG-033, PKG-021) (389.634593ms)
✔ the fourth stop on an unchanged verdict, commit and tree goes through with a message and a stop record; each refusal names cairn escalate (PKG-043, PKG-044) (452.281616ms)
✔ progress resets the count, a commit or an edited file alike, and each session counts on its own (PKG-043) (1174.690926ms)
✔ cairn lint runs the checker over docs/spec by default and over a named directory (PKG-028) (232.048994ms)
✔ cairn lint names a missing directory in one line, takes one argument, and reports a bad root (PKG-028) (227.513196ms)
✔ three megabytes are retained exactly once with matching digests (LOOP-041, LOOP-042) (439.364931ms)
✔ split stdout result lines survive a long non-result line; stderr is never a verdict (598.535624ms)
✔ signal termination is recorded and logs survive a clone (LOOP-043) (424.89569ms)
✔ working agreements and ignore changes are Cairn records inside the footprint (402.876255ms)
✔ a clean package passes (115.063348ms)
✔ PKG-001: a dependency, or a service manifest (169.694315ms)
✔ PKG-002: ignoring evidence or other durable state, by directory or by extension (162.227237ms)
✔ PKG-003: a command, a directory, or a record kind no decision names (333.154886ms)
✔ PKG-004: a kernel over 1900 lines, counting every file under bin/ as wc -l does; exactly 1900 passes (491.003616ms)
✔ PKG-006: a skill step naming a vendor's product, in either order, across a wrapped list item (PKG-027) (353.159951ms)
✔ PKG-008: a non-ASCII character in a tracked text file (69.980861ms)
✔ PKG-009: the kernel importing from tests (86.404041ms)
✔ PKG-012: a network call or a model client in the kernel, but not a vendor's name in text (339.606116ms)
✔ PKG-013: deferral language, but not in code, quotes, or a rule (631.570717ms)
✔ a tracked path deleted from the working tree is skipped, not a crash (102.886364ms)
✔ a sentence in a Formats section is not a record kind (73.108156ms)
✔ a record kind named by its path alone is checked (67.892031ms)
✔ PKG-002: a tracked in-progress record (76.429093ms)
✔ PKG-002: ignoring evidence alone is a finding (75.643448ms)
✔ PKG-003 reads the kernel's commands from its help output (PKG-023) (115.190253ms)
✔ the ASCII scan covers shipped files, not records under .cairn/ (PKG-024) (83.037889ms)
✔ a vendor-naming step wrapped across lines is matched (PKG-006, PKG-027) (73.903103ms)
✔ PKG-013 scans the README, the manual, and the walkthrough (PKG-032) (216.784953ms)
✔ the manifests, the listing and package.json agree on the name and version, and name paths the repository holds (PKG-037) (2.316409ms)
✔ the hooks file registers session-start and stop against the plugin's own hook.mjs through the plugin root variable (PKG-038) (0.343416ms)
✔ a Muse hook entry whose shared hook is missing prints one line and exits 0 (PKG-041, PKG-022) (88.921695ms)
✔ the registered commands print the verdict at session start, link the command into the plugin, and refuse a stop while wake says Resolvable (PKG-038, PKG-021) (367.589701ms)
✔ LOOP-071: decision body metadata does not resolve unbuilt work: "Superseded by: example" (652.488122ms)
✔ LOOP-071: decision body metadata does not resolve unbuilt work: "```text\nSuperseded by: example\n```" (850.754777ms)
✔ LOOP-071: decision body metadata does not resolve unbuilt work: "~~~text\nSuperseded by: example\n~~~" (672.117297ms)
✔ LOOP-071: a fenced realization example is not a resolving commit (708.835568ms)
✔ LOOP-071: a fenced commit inside the realization section is not built (637.472145ms)
✔ LOOP-071: ## Example cannot replace an open review finding (587.892269ms)
✔ LOOP-071: # Example cannot replace an open review finding (550.945047ms)
✔ LOOP-071: ### Example cannot replace an open review finding (488.485728ms)
✔ LOOP-071:   ## Example cannot replace an open review finding (471.355592ms)
✔ LOOP-071: Example paragraph. cannot replace an open review finding (444.37912ms)
✔ LOOP-071: Example
------- cannot replace an open review finding (427.317557ms)
✔ LOOP-071: fenced fields before a real review header are ignored (387.007744ms)
✔ LOOP-071: multiline decision --title cannot inject metadata (312.545784ms)
✔ LOOP-071: multiline decision --decided-by cannot inject metadata (334.073317ms)
✔ LOOP-071: multiline decision --rests-on cannot inject metadata (331.704508ms)
✔ LOOP-071: multiline decision --wrong-if cannot inject metadata (322.121019ms)
✔ LOOP-071: multiline decision --history cannot inject metadata (373.449217ms)
✔ LOOP-072: malformed Blocking concerns stay open: "R-001\nAnswer: ok" (77.851245ms)
✔ LOOP-072: malformed Blocking concerns stay open: "R-001\r\nAnswer: ok" (75.555551ms)
✔ LOOP-072: malformed Blocking concerns stay open: "R-001\rAnswer: ok" (77.923447ms)
✔ LOOP-072: malformed Blocking concerns stay open: "R-001 Answer: ok" (79.122007ms)
✔ LOOP-072: malformed Blocking concerns stay open: "R-001 Answer: ok" (76.823437ms)
✔ LOOP-072: ordinary malformed concerns are refused: "R-001\nR-002" (50.063009ms)
✔ LOOP-072: ordinary malformed concerns are refused: "R-001, prose" (55.490103ms)
✔ LOOP-072: ordinary malformed concerns are refused: " " (52.405646ms)
✔ LOOP-072: a Blocking escalation without concerns is still presented (95.872805ms)
✔ LOOP-072: carriage returns in a Blocking question do not create answer records (97.196067ms)
✔ LOOP-072: explanation separator 8232 cannot close an escalation (134.819456ms)
✔ LOOP-071: decision metadata refuses separator 8232 (279.22678ms)
✔ LOOP-072: explanation separator 8233 cannot close an escalation (148.347699ms)
✔ LOOP-071: decision metadata refuses separator 8233 (309.556424ms)
✔ Concerns, Rests on, and Promoted from written as lists read as the flat form (LOOP-124) (811.66723ms)
✔ an item named by filename, path, or backticked slug resolves like the slug (LOOP-125) (681.821091ms)
✔ an input that covers Cairn's own output is named as the repair, before and after a check (LOOP-126, LOOP-105) (688.119055ms)
✔ an unreadable record directory is a repair, not an error exit (LOOP-127) (81.575333ms)
✔ a title that slugifies to nothing is refused (LOOP-128) (130.477323ms)
✔ examined: [] is an empty list (LOOP-129, LOOP-108) (506.013535ms)
✔ below the Git toplevel the restore check compares root-relative paths (LOOP-130, LOOP-035) (382.269049ms)
✔ below the Git toplevel an uncommitted declared input is named from the project root (LOOP-132, LOOP-030) (224.921073ms)
✔ a value on the key line followed by list items is the first item, never dropped (LOOP-133) (561.061198ms)
✔ the footprint's walk reads Current: as the wake does: a fenced example below the real line, or a second line in history, never moves the start (LOOP-134, LOOP-035) (282.359268ms)
✔ an input spelled .. from a project below the Git toplevel covers the evidence directory (LOOP-126, LOOP-105) (85.437383ms)
✔ a Consequential record this commitment added needs its queue entry committed (LOOP-131, DEC-004) (479.831553ms)
✔ a mechanism that removes the check lock still gets its evidence, with no repair for the lock (LOOP-107) (218.365717ms)
✔ a staged rename reads as its two paths, never as a bare origin token (LOOP-030, LOOP-110) (108.972787ms)
✔ a Current: line inside a fenced example is neither a second Current: line nor the commitment, before or after the real line (LOOP-104) (204.813396ms)
✔ a Status: word is taken only from a line that carries one, never from wrapped prose after it (SPEC-018) (0.856132ms)
✔ the placeholder left above a resolving entry is a repair naming the file (DEC-021) (217.435452ms)
✔ the placeholder alone is a decision recorded and not yet built, unchanged (DEC-007) (72.963164ms)
✔ resolving entries with no placeholder are unchanged (DEC-006) (122.450568ms)
✔ a shallow clone that cannot resolve its entries is still told to fetch, not to edit (LOOP-113 keeps precedence) (129.840829ms)
✔ the placeholder quoted in a fenced example does not make a built record a repair (DEC-021) (124.531962ms)
✔ supersede takes the same decider vocabulary as decide (DEC-020) (116.180493ms)
✔ a superseded record is held to the same line: its placeholder above a resolving entry is a repair (DEC-021, DEC-010) (177.541821ms)
✔ realize() touches only the Realized by section; a body that quotes the placeholder keeps it (103.852488ms)
✔ an untracked file under a declared input is not a change under way; check still refuses beside it and names .gitignore (LOOP-110, LOOP-030) (199.759504ms)
✔ an unmatched input is refused before execution (LOOP-044) (203.917947ms)
✔ an indexed input deleted on disk asks for a commit (LOOP-045) (161.34976ms)
✔ wake and check require a Git working tree (LOOP-046) (159.847368ms)
✔ recovery removes only dead kernel run records and identifies a live owner (LOOP-054, LOOP-055) (489.146357ms)
✔ an agent action based behind a clean HEAD appears committed (LOOP-027) (239.096167ms)
✔ realization needs a real commit and a subject (DEC-006) (281.226962ms)
✔ 1500 binary inputs digest identically at the review commit in under a second (LOOP-024) (1627.682642ms)
✔ merged work is excluded but a later own commit is a breach (LOOP-047) (289.69417ms)
✔ exact Current tenure ignores prefix matches and earlier visits to the same slug (LOOP-035) (274.375098ms)
✔ a kernel run records its supervising PID (LOOP-054) (252.945725ms)
✔ a merged declared input still stales evidence (LOOP-047) (384.860537ms)
✔ wildcard and magic pathspecs select the same historical inputs (LOOP-024, LOOP-032) (2036.551471ms)
✔ historical selection retains deleted files and excludes new ones (LOOP-024, LOOP-035) (1234.10958ms)
✔ cairn --version prints the package.json version outside a repository, and help lists it (PKG-039) (146.641755ms)
✔ a release is one commit setting one version in the five files, with the changelog entry, tagged v<version> (PKG-040) (1213.711268ms)
✔ the release script refuses a bad version, no increase, a dirty tree, a missing entry, a taken tag, a disagreeing file, and a loop not at Done, each in one line with nothing written (PKG-040) (2028.930943ms)
✔ a version file written as compact JSON is released, and nothing else in any version file changes (PKG-042) (1208.560052ms)
✔ with attribution forbidden, the release script refuses an unpushed commit carrying an AI attribution line (PKG-045) (545.463263ms)
✔ explicit reporting with no lines and exit 0 establishes no requirement verdicts (LOOP-061) (466.096904ms)
✔ explicit reporting with no lines and exit 1 establishes no requirement verdicts (LOOP-061) (619.689274ms)
✔ a reporter that cannot start keeps execution diagnostics without blaming requirements (LOOP-062) (357.708606ms)
✔ large output cannot kill a reporter or invent a requirement verdict (372.471766ms)
✔ explicit mode ignores cairn: R-999: pass (360.595055ms)
✔ explicit mode ignores cairn: R-001: unverified (351.405421ms)
✔ explicit mode ignores cairn: R-001: passed (330.020245ms)
✔ explicit results survive nonzero exit and contradictory duplicates still fail (646.104821ms)
✔ unverified results across changed inputs never become failed attempts (1381.177393ms)
✔ legacy exit 0 retains its interpretation (236.557603ms)
✔ legacy exit 1 retains its interpretation (216.139845ms)
✔ a misspelled reporting mode is refused before execution (109.591676ms)
✔ changed requirement blocks unchecked reruns and makes the completion review stale (LOOP-058, LOOP-059) (2009.969249ms)
✔ falsifier changes need review; separate rationale and other requirements do not change a receipt (1385.286501ms)
✔ legacy receipts recover requirement identity from their commit; unavailable history requires review (949.453095ms)
✔ check refuses uncommitted requirement text and mechanism review markers (766.425165ms)
✔ tightened response limit cannot reuse the old passing check (1331.949834ms)
✔ a declared input over 1 MiB agrees at a commit and in the tree (LOOP-060) (440.245499ms)
✔ a failed Git blob read cannot be hashed as an empty blob (334.305975ms)
✔ Git listings over 1 MiB include the last declared input (2357.693353ms)
✔ requirement identity excludes fenced examples and status dates (462.302808ms)
✔ DemonCoder REM-002 and Status in progress cannot silently satisfy the review gate (LOOP-086) (993.921857ms)
✔ valid open findings retain their behavior (566.36884ms)
✔ valid resolved findings retain their behavior (565.921264ms)
✔ valid empty findings retain their behavior (648.156477ms)
✔ valid mixed valid findings retain their behavior (541.254145ms)
✔ malformed finding "open:" requires repair (430.654574ms)
✔ malformed finding "resolved:   " requires repair (388.307001ms)
✔ malformed finding "Open: incorrect case" requires repair (391.077619ms)
✔ malformed finding "unknown: issue" requires repair (347.691055ms)
✔ malformed finding "\u001b[31mBAD: issue" requires repair (346.757589ms)
✔ the established explicit empty findings list remains valid (358.567905ms)
✔ a scalar findings value requires the supported list format (338.607478ms)
✔ a Requirements: line written as a list is read like the flat form (LOOP-102) (150.227744ms)
✔ a subdirectory or a README in a record directory changes nothing (LOOP-103) (697.260814ms)
✔ two Current: lines are a roadmap repair (LOOP-104) (116.810537ms)
✔ a repeated identifier, an input under the evidence directory, and a missing cwd are refused by name (LOOP-105) (476.140868ms)
✔ a requirement whose evidence outlives its mechanism is named declare, not a regression or an escalation (LOOP-106) (1294.477946ms)
✔ an unreadable record is a repair, not an error exit (LOOP-107) (91.488319ms)
✔ a review needs commit, a nonempty examined list, and a findings list, each named when missing (LOOP-108) (1042.509501ms)
✔ a decision record missing a header field or naming a missing predecessor is a repair (LOOP-109) (312.8191ms)
✔ a dirty declared input with no in-progress record is named record ahead of run (LOOP-022, LOOP-110) (260.267762ms)
✔ with core.filemode false the index mode is the identity, so a mode-only difference does not refuse the check (LOOP-111) (233.369457ms)
✔ a project below the Git toplevel can run check (LOOP-112) (241.263148ms)
✔ a shallow clone names history to fetch, not a decision to build (LOOP-113) (157.600668ms)
✔ record-writing commands refuse to run outside a Cairn repository and write nothing (LOOP-118) (234.799221ms)
✔ a git that cannot start is one line and exit 3 from wake and from check, with nothing recorded (LOOP-137) (105.356054ms)
✔ an unexplained or uncommitted stop record is named explain before any other action; explained and committed, the wake moves on (LOOP-139) (265.180788ms)
✔ empty footprint names declaration before scope and records no evidence (LOOP-081) (698.684674ms)
✔ first declaration still checks the full earlier history (LOOP-081) (521.595934ms)
✔ an empty current footprint does not block an explicitly requested existing mechanism (LOOP-081) (360.931682ms)
✔ an inherited mechanism provides a footprint even before local mechanisms exist (286.491611ms)
✔ scope reports every path, escapes line breaks, and gives identical remedies (LOOP-082) (264.591192ms)
✔ scope verdict reuses the answered-escalation annotation (LOOP-048, LOOP-051, LOOP-083) (705.512166ms)
✔ a committed scope acknowledgment lets restored history proceed (LOOP-083) (837.431138ms)
✔ scope acknowledgment must be committed before it can clear a breach (700.615161ms)
✔ ordinary ok does not acknowledge scope history (307.785461ms)
✔ scope escalation refuses unrestored paths and names the restoration remedy (258.417974ms)
✔ an invalid scope request still records an explicitly Blocking decision (156.539316ms)
✔ ask and explanation stay open; only the final committed ok acknowledges scope (722.037419ms)
✔ instead is visible but does not silently authorize a scope exception (400.266641ms)
✔ later changes to an acknowledged path still block, including later reverts (1114.280435ms)
✔ approval cannot hide another path changed after the snapshot (386.975079ms)
✔ acknowledged history remains conditional on the paths staying restored (527.502905ms)
✔ editing the scope snapshot after answer invalidates its acknowledgment (306.750289ms)
✔ malformed scope metadata cannot suppress a breach (1403.512264ms)
✔ damaged acknowledgment fields cannot suppress a breach (510.060869ms)
✔ scope path matching is literal, including wildcard filenames and control characters (488.080959ms)
✔ scope acknowledgment does not carry into another activation of the same slug (289.831834ms)
✔ restoration checks additions, deletions, executable modes, and symlink kinds (1415.86047ms)
✔ explicit committed retention keeps correct work and requires new evidence and review (LOOP-084, LOOP-085) (2445.746561ms)
✔ a missing declaration covers correct earlier work without retention or revert (617.036684ms)
✔ keep requires scope and an unchanged committed candidate (173.704828ms)
✔ uncommitted retention and instead answers cannot clear the incident (1079.962656ms)
✔ retention does not grant future edits, even when reverted to the approved tree (1310.913751ms)
✔ retention cannot cover another path or another activation (581.515306ms)
✔ imported changes must still match the retained tree (557.808584ms)
✔ retention handles additions, deletions, modes, symlinks, and literal filenames (1985.46866ms)
✔ retention cannot convert an existing restoration answer or accept an unknown mode (428.060972ms)
✔ a check failure after retention remains a failure (662.31783ms)
✔ retained paths stay part of the stable checked candidate without extending its footprint (586.205143ms)
✔ retention ask needs an explanation and final committed approval (543.340773ms)
✔ an unknown scope mode remains invalid even with a matching approval digest (270.193349ms)
✔ backlog writes the item; a second with the same title is refused, never overwritten (LOOP-016) (272.458025ms)
✔ a commit inside the footprint: check runs; outside it: check names the path and does not run (LOOP-015, LOOP-035) (749.29417ms)
✔ Cairn's records are never a breach; another file under docs/ is (LOOP-117) (676.287695ms)
✔ declaring the path as an input clears the breach (336.665642ms)
✔ a revert preserves the record of an out-of-scope commit (LOOP-047) (343.673577ms)
✔ a commitment naming a requirement the spec set does not hold as Agreed is repaired (LOOP-029) (80.534643ms)
✔ a requirement in a Draft spec file is not Agreed (98.860298ms)
✔ working agreements and the ignore file are Cairn records (LOOP-035, LOOP-036) (498.882953ms)
✔ the over-asking rule is gone from both skills (SPEC-005, SPEC-006, SPEC-007) (0.960075ms)
✔ a decision during the phase is recorded (DEC-003) (0.101121ms)
✔ understanding is restated before writing (SPEC-003) (0.071699ms)
✔ falsifiers are proposed as one set and confirmed by exception (SPEC-004) (0.095758ms)
✔ depth is inferred and domains derived, never asked or imposed (SPEC-008, SPEC-009) (0.077322ms)
✔ a term enters the glossary at first occurrence (SPEC-010) (0.051737ms)
✔ the phase ends at the first commitment, and later ones are specified during the loop (SPEC-011, SPEC-012) (0.055859ms)
✔ a requirement goes Agreed only with a nameable mechanism (SPEC-013) (0.069019ms)
✔ review before agreement, recording what it attacked (SPEC-014, SPEC-015) (0.076874ms)
✔ no spec file without requirements; nothing Agreed without a falsifier (SPEC-001, SPEC-002) (0.122308ms)
✔ Observed is marked, and is not contract (SPEC-016, SPEC-017) (0.105698ms)
✔ the skills exclude artifacts outside Cairn's workflow (0.123029ms)
✔ the working agreement names the agent's move for each verdict and the write-ahead record (LOOP-036) (0.182018ms)
✔ the working agreement names the developer's moves (LOOP-036, DEC-014) (0.082021ms)
✔ this repository runs by the file it ships (0.358334ms)
✔ both skills write the working agreement without naming a vendor's file (LOOP-002, LOOP-036, PKG-006) (0.173715ms)
✔ the working agreement says what an attempt is (LOOP-036, DEC-017, DEC-018) (0.099201ms)
✔ the working agreement says a failure no footprint change can address is an escalation, and where an inherited requirement is repaired (DEC-019, LOOP-057) (0.108974ms)
✔ the working agreement states the promote, next-iteration, and no-deferral moves (LOOP-029, LOOP-087, LOOP-091, LOOP-092) (0.090291ms)
✔ both skills sort captures into the backlog or next-iteration and forbid deferral (LOOP-029, LOOP-092, LOOP-093) (0.069456ms)
✔ the skill requires a falsifier on every requirement, a MAY included (SPEC-025) (0.061487ms)
✔ the working agreement names the hooks as optional and the install skill registers them for two harnesses (PKG-006, PKG-018, PKG-019) (0.272989ms)
✔ the working agreement says the kernel is upgraded at Done, never inside a commitment (LOOP-096) (0.083384ms)
✔ the next-iteration skill starts from the specification and ends by naming the next commitment (SPEC-026, SPEC-027) (0.229942ms)
✔ every document that names the project skills names next-iteration beside them (SPEC-026, PKG-014) (1.972388ms)
✔ the working agreement states a move for every action the kernel can name (LOOP-101) (1.770638ms)
✔ the working agreement states both record formats and the two flags the moves need (LOOP-036) (0.231964ms)
✔ the skills demonstrate a safe violating example and preserve recon findings (SPEC-022, SPEC-023) (0.093214ms)
✔ the specification skills run the checker through the cairn command (PKG-029) (0.246033ms)
✔ the README invokes the phase skills by name and states versions and platforms (PKG-030, PKG-031) (0.358427ms)
✔ the manual and the walkthrough say the loop promotes backlog items at Done (0.8067ms)
✔ the working agreement says a report is not work under way, its findings are captured, and it is committed with them (LOOP-138) (0.099726ms)
✔ a two-obligation sentence is named (PKG-007) (44.39938ms)
✔ an obligation with no actor is named (PKG-010) (42.432781ms)
✔ a leading condition clause is not the actor, and the actor after it counts (58.073056ms)
✔ an Agreed requirement with no falsifier is named (SPEC-002); a Draft one is not (74.49223ms)
✔ prose after a Draft requirement with no falsifier is not scanned as requirement text (52.560711ms)
✔ a spec declaring a prefix with no requirement is named (SPEC-001) (36.847364ms)
✔ a keyword in backticks or quotes is a mention, not an obligation (54.32914ms)
✔ duplicate identifiers are rejected within a file and across files (SPEC-020) (99.00786ms)
✔ references resolve across files; missing references name their source (SPEC-021) (88.455155ms)
✔ code examples and quoted mentions are neither definitions nor references (49.038481ms)
✔ machine-local paths are findings in prose, links, quotes, and examples (SPEC-019) (481.925816ms)
✔ relative paths, URLs, slash commands, and character mentions are not absolute path findings (65.801547ms)
✔ a slash after a placeholder continues the template (SPEC-019) (98.774566ms)
✔ a host path is a finding until the file declares it (SPEC-019, SPEC-024) (93.453466ms)
✔ declared host paths cover children with a slash boundary and stay file-local (138.2495ms)
✔ a host-path declaration inside a requirement or example grants no exception (141.139584ms)
✔ host-path declarations require absolute or home-relative entries (193.364226ms)
✔ an Agreed block whose only keyword is MAY needs a falsifier like any other (SPEC-025, SPEC-002) (78.308137ms)
✔ a regex literal is not a path, a drive path and a file URL are, and a skill's slash name is allowed (SPEC-028, SPEC-029) (87.30736ms)
✔ a backticked or quoted actor still counts as one (PKG-010) (40.277524ms)
✔ supersede writes both lines, and the old record keeps every word it had (DEC-008, DEC-010) (70.994855ms)
✔ supersede without a cause, or with one outside the four, is refused (DEC-009) (172.207773ms)
✔ supersede of a record that does not exist is refused (79.463139ms)
✔ a predecessor with no title line cannot be stamped, so nothing is written (87.090974ms)
✔ a --supersedes argument outside the slug alphabet is refused, and a path never reaches the filesystem (DEC-022) (242.569301ms)
✔ a record already superseded cannot be superseded again: one Superseded by line per record (DEC-022, DEC-010) (228.993682ms)
✔ reversals reports counts by decider, cause, and domain (DEC-011) (237.799504ms)
✔ decide in a domain with a reversal is refused without --history, naming the reversal; with it, the record carries History (DEC-012) (223.196945ms)
✔ decide in a domain with no reversals needs no --history (130.066024ms)
✔ a record resting on prose alone is in the domain unspecified, and so is the next one (146.370987ms)
✔ the decider tally normalizes case and whitespace, and names a value outside the vocabulary (DEC-020, DEC-011) (77.258691ms)
✔ a record with no Decided by line is tallied as unrecorded, not as a vocabulary value (75.888919ms)
✔ Decided by written as a list tallies like the flat form, and does not crash the report (LOOP-124, DEC-020) (86.466281ms)
✔ a second declaration for one requirement is accepted, a named check runs every mechanism, and Done needs each to pass (LOOP-056, LOOP-099) (2150.05646ms)
✔ one mechanism's stale evidence names that mechanism, and --stale runs only it (LOOP-056, LOOP-094) (757.871816ms)
✔ attempts are counted within one mechanism's records, so the other's passes do not reset them (LOOP-100, DEC-016) (1403.226825ms)
✔ step 1: an in-progress record is reconciled before anything else (132.66339ms)
✔ step 2: an open escalation is presented and nothing else happens (88.536438ms)
✔ an answered escalation is not open (542.370729ms)
✔ step 3: a decision with no realized-by is built, first by name (DEC-007) (91.934517ms)
✔ a superseded decision with no realized-by is not work (110.781335ms)
✔ step 6: a mechanism that has never run is run, not implemented (LOOP-008) (139.381273ms)
✔ step 6: a requirement whose mechanism fails is implemented (508.746639ms)
✔ step 6 before step 7: failing evidence outranks a missing mechanism (336.416564ms)
✔ step 7: a requirement with no mechanism is declared (LOOP-106) (93.652778ms)
✔ every verdict names who acts: Resolvable is the agent's, Done needs nobody, Escalate waits for the developer (LOOP-004) (534.768155ms)
✔ malformed roadmap is Resolvable, not fatal (LOOP-005) (57.083629ms)
✔ a commitment naming no requirements is Resolvable (LOOP-018) (57.1049ms)
✔ the primary test: two wakes on the same checkout give the same action, before and after a persisted transition (LOOP-001, LOOP-003) (554.412964ms)
✔ outside a cairn repository wake cannot run (32.512256ms)
✔ the loop never waits on the review queue (DEC-015) (309.453082ms)
✔ twenty built records cost one git call to resolve, not twenty (DEC-023) (182.558711ms)
✔ an ambiguous Realized by identifier is the repair that says lengthen it, not a build (LOOP-113, DEC-023) (191.225195ms)
✔ the linked walkthrough runs from agreement through the next commitment (PKG-016) (1426.044922ms)
ℹ tests 497
ℹ suites 0
ℹ pass 497
ℹ fail 0
ℹ cancelled 0
ℹ skipped 0
ℹ todo 0
ℹ duration_ms 22263.429631
