✔ a Draft block overrides an Agreed file for both wake and check (SPEC-018) (179.399581ms)
✔ an Agreed block overrides a Draft file in the kernel and lint (SPEC-018, SPEC-002) (660.429267ms)
✔ a block Status does not become the file default, including inside examples (SPEC-018) (394.456848ms)
✔ block status without a value does not inherit Agreed by accident (SPEC-018) (101.836204ms)
✔ inheritance needs a file Scope and includes only Agreed blocks, regardless of prefix (PKG-015) (1978.399146ms)
✔ Scope inside a requirement or fenced example does not declare inheritance (PKG-015) (910.805685ms)
✔ a falsifier wrapped onto a line beginning with Status: does not become the block's status (SPEC-018) (0.842096ms)
✔ with attribution forbidden, an unpushed commit carrying an AI attribution line is named reword before any work; without the policy, or once pushed, it is not (PKG-045) (481.485633ms)
✔ each attribution form is caught, a prose mention is not, and the oldest attributed commit is named first (PKG-045) (592.615998ms)
✔ LOOP-063: reject input mutation during a check and retain diagnostics (435.587677ms)
✔ LOOP-063: reject deletion mutation during a check and retain diagnostics (395.463961ms)
✔ LOOP-063: reject addition mutation during a check and retain diagnostics (430.812369ms)
✔ LOOP-063: reject mode mutation during a check and retain diagnostics (424.595802ms)
✔ LOOP-063: reject specification mutation during a check and retain diagnostics (426.434992ms)
✔ LOOP-063: reject declaration mutation during a check and retain diagnostics (439.078193ms)
✔ LOOP-063: reject commit mutation during a check and retain diagnostics (387.04661ms)
✔ LOOP-063: committed input mutation during execution cannot certify the replacement (418.277064ms)
✔ LOOP-064: removing executable permission makes passing evidence stale (648.460247ms)
✔ LOOP-064: a mode-only change also invalidates the previous review after new evidence (851.477586ms)
✔ LOOP-064: changing a regular file into a link with identical identity bytes is stale (849.35894ms)
✔ LOOP-063: an unchanged candidate still records a pass despite unrelated working-tree edits (208.488879ms)
✔ LOOP-064: current and historical input ordering agrees for Unicode filenames (360.346744ms)
✔ LOOP-063: Git status hiding content changes cannot certify an uncommitted candidate (132.255233ms)
✔ LOOP-066: one check owns execution with a kernel action record (433.973408ms)
✔ LOOP-066: one check owns execution with an agent action record (421.2608ms)
✔ LOOP-066: a live lock is named and never silently overwritten (148.208784ms)
✔ LOOP-066: a dead lock is named and never silently overwritten (150.109359ms)
✔ LOOP-066: a incomplete lock is named and never silently overwritten (180.428329ms)
✔ LOOP-066: an execution error releases the check lock for a corrected rerun (479.181182ms)
✔ LOOP-066: a live kernel action from an older Cairn also blocks execution (104.226376ms)
✔ LOOP-066: separate Git worktrees can run checks independently (488.57984ms)
✔ after a green check --stale runs nothing; after one input changes it runs only that mechanism (LOOP-094) (1005.086263ms)
✔ a mechanism speaking for two stale requirements runs once and refreshes both (LOOP-094, LOOP-040) (677.270855ms)
✔ a fresh failure and an unverified result are skipped with implement named (LOOP-094) (606.632527ms)
✔ --stale with a requirement identifier is refused (LOOP-094) (77.896437ms)
✔ check --stale holds back a mechanism whose requirement has three attempts and no escalation, names it, and records nothing (LOOP-094, DEC-016) (2020.599748ms)
✔ check refuses a dirty declared input and names it; a dirty undeclared file does not block (LOOP-030) (449.675364ms)
✔ check writes one receipt per run carrying the full record and a result line per requirement (LOOP-097) (299.06708ms)
✔ a nonzero exit records fail, and the receipt keeps the exit code (LOOP-034) (363.812696ms)
✔ a pass after a fail keeps the failing record; nothing is overwritten or deleted (LOOP-025) (679.512706ms)
✔ a commit changing a declared input makes evidence stale; an undeclared one does not (LOOP-007) (950.827187ms)
✔ a regression is named before a requirement that never passed (LOOP-031) (1003.634202ms)
✔ three attempts with no escalation since: wake says escalate, not a fourth (DEC-016, DEC-017, DEC-018) (2173.840754ms)
✔ the review gate: no review, stale review, open finding, then Done (LOOP-020, LOOP-033) (1048.167318ms)
✔ Done is refused while any requirement lacks current passing evidence (LOOP-017) (100.666433ms)
✔ check names a requested requirement that no mechanism claims (98.761318ms)
✔ check writes the in-progress record before the run and clears it after (LOOP-021) (172.53603ms)
✔ a linked declared input digests the same at a commit and in the tree (LOOP-023, LOOP-024) (407.28954ms)
✔ a result line is the mechanism's statement about one requirement; what it did not mention is unverified (LOOP-037, LOOP-052) (173.332039ms)
✔ a mechanism that says nothing is read by its exit code for every requirement (LOOP-039) (198.248695ms)
✔ unverified is not an attempt, and a return to an earlier failed digest counts once (DEC-017, DEC-018) (1579.715724ms)
✔ a result line for a requirement the mechanism does not speak for is named and writes nothing (LOOP-038) (180.02337ms)
✔ a result line inside ordinary output, or without the marker, does not count (177.779292ms)
✔ a targeted check runs the named requirements' mechanisms and records every requirement they speak for (LOOP-040) (176.062687ms)
✔ two result lines for one requirement: a fail on any line wins (176.261176ms)
✔ three runs at one digest with no attempt since: the verdict stays implement and names DEC-019; an escalation naming it among others clears the hint (DEC-019, LOOP-053) (806.814082ms)
✔ a receipt names its commit in full, and an older receipt with the short form is still read (LOOP-136) (322.805728ms)
✔ a change only to a document its declaration lists leaves the review fresh and the evidence stale; a change to another input makes the review stale (LOOP-141) (1091.771545ms)
✔ a complete commitment with an unpromoted backlog item names promote, and a stamped item lets it reach Done (LOOP-087) (1006.509471ms)
✔ an empty backlog with waiting next-iteration items is Done, with the count as information and no action on them (LOOP-091) (911.91714ms)
✔ a promotion marker must resolve to a decision record (LOOP-088) (281.499642ms)
✔ a commitment promoted from an item needs a decision record naming the item (LOOP-088) (276.904663ms)
✔ the spec lint reports a promotion marker with no decision record (LOOP-088) (84.548013ms)
✔ a promoted commitment that changes an Agreed requirement or the working agreement is an escalation; an unpromoted one is not (LOOP-089, LOOP-090) (1671.853495ms)
✔ a capture from one of the commitment's own requirements needs Outside because: or an escalation (LOOP-092) (1651.11464ms)
✔ a next-iteration item names what it would change, and the capture refuses one that does not (LOOP-093) (448.462132ms)
✔ a commitment specified from a next-iteration item needs the item stamped before anything else (SPEC-027) (510.531479ms)
✔ a by deference marker resolves to a decision record like a promotion marker (SPEC-002, LOOP-088) (168.835078ms)
✔ the LOOP-090 gate reads the Concerns line, not the slug as a substring (LOOP-114) (528.573068ms)
✔ the LOOP-088 check reads the Promotes line, and decide --promotes writes it (LOOP-115) (232.552824ms)
✔ the activation commit of a promoted commitment is inside the LOOP-089 comparison (LOOP-116) (132.571842ms)
✔ the LOOP-090 route needs one escalation: its Concerns line covers the moved item too (LOOP-119, LOOP-092, LOOP-114) (617.306525ms)
✔ an escalation raised before the promoted commitment began does not silence the LOOP-090 gate (LOOP-114) (297.127867ms)
✔ an escalation raised before the commitment began does not silence the capture gate (LOOP-119) (326.378247ms)
✔ the activation commit is inside the scope footprint (LOOP-120) (114.840255ms)
✔ a requirement Agreed at activation that is demoted or removed is a contract change (LOOP-121) (578.314439ms)
✔ the include files are the root files that hold @AGENTS.md: exempt from the footprint, compared by the gate (LOOP-122) (1069.860818ms)
✔ a superseded promotion no longer satisfies the LOOP-088 check, and the repair says the promotion was reversed (LOOP-123) (529.30665ms)
✔ the restore route measures from the tree before activation, so a path the activation commit added must go (LOOP-120, LOOP-035) (171.47289ms)
✔ the loop works against exactly one commitment: the current one (LOOP-019) (397.362363ms)
✔ a promotion recorded below Consequential is a repair naming the level, since the developer never sees it in the queue (LOOP-088) (73.495164ms)
✔ every requirement the node-test declaration speaks for is named in a test title (PKG-025) (2.749213ms)
✔ every repository path the tests read is a declared input of node-test (PKG-026) (0.925356ms)
✔ writes a record with every required field and an empty realized-by (DEC-001, DEC-005) (69.331972ms)
✔ a Consequential decision is queued for review (DEC-013) (72.102734ms)
✔ a Consequential decision is queued even when .cairn/queue does not exist yet (80.050058ms)
✔ Routine is refused: routine decisions produce no record (87.863924ms)
✔ a missing field is a usage error and nothing is written (74.434173ms)
✔ supersedes requires a classified cause, and the old record must exist (196.447284ms)
✔ an existing record is not overwritten (111.337326ms)
✔ a queued decision stays queued; nothing but the developer removes it (DEC-014) (229.3854ms)
✔ each accepted decider is stored lowercase, whatever case it was typed in (DEC-020) (589.482637ms)
✔ a decider outside the vocabulary is a usage error naming all three, and nothing is written (DEC-020) (463.303803ms)
✔ an empty --decided-by is the missing-field error, not the vocabulary one (82.303604ms)
✔ LOOP-006, LOOP-067: missing inputs names a declaration repair before execution (148.548703ms)
✔ LOOP-006, LOOP-067: empty inputs names a declaration repair before execution (184.61779ms)
✔ LOOP-006, LOOP-067: missing command names a declaration repair before execution (160.339438ms)
✔ LOOP-006, LOOP-067: list command names a declaration repair before execution (136.830726ms)
✔ LOOP-006, LOOP-067: empty command names a declaration repair before execution (132.889097ms)
✔ LOOP-006, LOOP-067: missing requirements names a declaration repair before execution (151.653591ms)
✔ LOOP-006, LOOP-067: bad identifier names a declaration repair before execution (162.510223ms)
✔ LOOP-067: scalar one-item lists retain their existing meaning (312.355832ms)
✔ LOOP-068: a unpopulated gitlink is refused by name (171.689753ms)
✔ LOOP-068: a populated gitlink is refused by name (193.685264ms)
✔ LOOP-069: identical selections across 100 mechanisms use at most 20 Git processes (171.490803ms)
✔ --defect needs --from naming an Agreed requirement, and writes Defect: yes (LOOP-140) (245.303272ms)
✔ an unfixed defect is named fix before a promotable item, and counts as fixed only with passing evidence at or after its commit and no Agreed text changed (LOOP-087, LOOP-140) (2109.445208ms)
✔ escalate writes the six-line format followed by its facts, and wake presents it (LOOP-010, LOOP-026) (140.871405ms)
✔ a missing or multi-line field is refused with the field named, and nothing is written (LOOP-012) (155.680204ms)
✔ a Blocking escalation that fails the format is written anyway, naming the malformed field (LOOP-013) (154.375325ms)
✔ the loop stops for the developer only at Blocking: a recorded decision below it never yields Escalate, and the Blocking bypass must be spelled exactly (DEC-002) (309.600495ms)
✔ a second escalation while one is open is refused (LOOP-011) (124.392188ms)
✔ answer records the reply; wake no longer presents it; a second answer is refused (309.671158ms)
✔ answer to an unknown escalation is refused (79.114449ms)
✔ a stranger resumes from the file alone: question and answer are both in it (LOOP-014) (141.846752ms)
✔ a developer-shaped answer during the agent's turn is refused and writes nothing; the explanation is still accepted (LOOP-135) (654.085168ms)
✔ after an answer, the same concern can be escalated again under a new name (174.174635ms)
✔ an escalation exists when its file does, committed or not (LOOP-009) (77.947095ms)
✔ developer answers require one of the three forms and cannot inject fields (LOOP-048) (582.661555ms)
✔ ask, agent explanation, another ask, and ok stay ordered in one file (LOOP-049, LOOP-050, LOOP-014) (807.117741ms)
✔ fresh closed answers accompany only concerned requirements until new evidence (LOOP-051) (731.236584ms)
✔ a raised escalation carries no derivable status line, and an old record with one still parses (LOOP-028) (165.664166ms)
✔ LOOP-065: delete of output refuses Done and a new run recovers (1249.653355ms)
✔ LOOP-065: corrupt of output refuses Done and a new run recovers (1323.477698ms)
✔ LOOP-065: delete of stderr_output refuses Done and a new run recovers (1162.536038ms)
✔ LOOP-065: corrupt of stderr_output refuses Done and a new run recovers (991.799339ms)
✔ LOOP-065: a receipt without output needs a new check (496.07503ms)
✔ LOOP-065: a receipt without output_digest needs a new check (467.252453ms)
✔ LOOP-065: a receipt without stderr_output needs a new check (473.772447ms)
✔ LOOP-065: a receipt without stderr_digest needs a new check (431.907674ms)
✔ LOOP-065: legacy unverifiable output is rerun without rewriting history (713.1263ms)
✔ a fresh record names the kernel that wrote it (LOOP-023) (305.340987ms)
✔ LOOP-095: a record from another kernel is stale with the kernel named, and a new check restores Done (744.810777ms)
✔ LOOP-095: a record from no kernel is stale with the kernel named, and a new check restores Done (739.901034ms)
✔ LOOP-070: a later failure is latest even when the clock moves backward (1030.185476ms)
✔ LOOP-070: receipt collisions at one clock instant retain execution order beyond nine suffixes (3720.553079ms)
✔ LOOP-070: imported branch receipts stale a later sequence until a new check incorporates them (1180.095496ms)
✔ LOOP-070, LOOP-098: legacy receipts need one ordered check, remain byte-for-byte unchanged, and precede the run receipt in the history (515.746763ms)
✔ LOOP-070: edit of a prior receipt requires fresh evidence (449.643265ms)
✔ LOOP-070: remove of a prior receipt requires fresh evidence (433.853309ms)
✔ LOOP-075: supporting evidence file README.md does not become a receipt (522.875778ms)
✔ LOOP-075: supporting evidence file notes.txt does not become a receipt (537.908873ms)
✔ LOOP-075: supporting evidence file support does not become a receipt (517.330263ms)
✔ LOOP-075: supporting evidence file .DS_Store does not become a receipt (538.445635ms)
✔ LOOP-075: a malformed result line (result=success) names a repair before execution (317.989504ms)
✔ LOOP-075: a malformed result line (sequence=NaN) names a repair before execution (346.530217ms)
✔ LOOP-075: a malformed result line (sequence=9007199254740992) names a repair before execution (351.735587ms)
✔ LOOP-075: a malformed result line (history_digest=wrong) names a repair before execution (286.315195ms)
✔ LOOP-075: a malformed result line (tokens) names a repair before execution (349.988807ms)
✔ LOOP-075: a receipt-shaped directory is a named repair instead of an EISDIR crash (337.332288ms)
✔ LOOP-070: an earlier escalation cannot cover three new attempts after clock rollback (884.68084ms)
✔ LOOP-070: an answer becomes old after a later check even if that check's timestamp is earlier (578.770998ms)
✔ LOOP-070: the newest answer wins between checks even when its clock timestamp is older (387.763446ms)
✔ LOOP-070: legacy escalation dates cover old receipts but not three newer sequenced runs (1168.629461ms)
✔ a PKG requirement the commitment does not name is declared, run, and gates Done (PKG-011) (1849.338929ms)
✔ a PKG requirement in a Draft spec is not folded in (575.09521ms)
✔ LOOP-076, LOOP-079: stale inputs identify the receipt and the check to run (720.724639ms)
✔ LOOP-077: names a content change using checked input identity (714.378454ms)
✔ LOOP-077: names a mode change using checked input identity (755.112174ms)
✔ LOOP-077: names a kind change using checked input identity (659.944565ms)
✔ LOOP-077: names a added change using checked input identity (619.835238ms)
✔ LOOP-077: names a removed change using checked input identity (593.2179ms)
✔ LOOP-077: names a link-target change using checked input identity (836.698016ms)
✔ LOOP-077: changed selection compares the old and new input sets (520.833467ms)
✔ LOOP-077: raw CRLF changes remain visible when Git-clean content agrees (461.956453ms)
✔ LOOP-077: detail output is sorted, bounded, and reports the omitted count (487.080018ms)
✔ LOOP-077: filenames cannot inject lines or terminal controls into explanations (395.495843ms)
✔ LOOP-077: receipts from one run share details and do not store source contents (302.32568ms)
✔ LOOP-078, LOOP-080: legacy optional detail limits explanation without changing standing (502.463532ms)
✔ LOOP-078, LOOP-080: invalid-field optional detail limits explanation without changing standing (518.851975ms)
✔ LOOP-078, LOOP-080: missing optional detail limits explanation without changing standing (500.427243ms)
✔ LOOP-078, LOOP-080: invalid-json optional detail limits explanation without changing standing (507.608508ms)
✔ LOOP-078, LOOP-080: mismatched optional detail limits explanation without changing standing (511.586559ms)
✔ LOOP-078, LOOP-080: duplicate optional detail limits explanation without changing standing (512.761889ms)
✔ LOOP-078, LOOP-080: unsafe-path optional detail limits explanation without changing standing (501.152671ms)
✔ LOOP-078, LOOP-080: directory optional detail limits explanation without changing standing (466.72209ms)
✔ LOOP-078, LOOP-080: symlink optional detail limits explanation without changing standing (595.759188ms)
✔ LOOP-078: unavailable old requirement text is not claimed as a proven change (374.357478ms)
✔ LOOP-076, LOOP-079: changed requirements identify evidence and retain review-before-check guidance (371.50323ms)
✔ LOOP-078: simultaneous input and output damage keep both reasons (389.699913ms)
✔ LOOP-080: deterministic freshness sequence seed=7 (9412.198454ms)
✔ LOOP-080: deterministic freshness sequence seed=42 (5804.730714ms)
✔ LOOP-080: deterministic freshness sequence seed=913 (4875.032665ms)
✔ LOOP-080: agreement changes, mechanism review, checks, and completion review retain priority (1179.548387ms)
✔ LOOP-080: imported receipt history demands a rerun without a false input explanation (1324.046117ms)
✔ LOOP-073: clean CRLF input completes under attributes (559.007557ms)
✔ LOOP-073: clean CRLF input completes under autocrlf (564.482651ms)
✔ LOOP-073: raw line-ending mutation during a run is rejected even when Git still sees the same content (261.779032ms)
✔ LOOP-073: execution evidence changes when clean conversion preserves committed identity (1072.254861ms)
✔ LOOP-073: Git clean filters use Git's conversion while retaining raw evidence identity (583.900121ms)
✔ LOOP-073: failure of a required Git filter cannot record evidence (139.400213ms)
✔ LOOP-073: a clean filter moving HEAD during ending validation prevents evidence (598.938071ms)
✔ LOOP-073: canonical Git identities handle links without reading their targets (491.684858ms)
✔ LOOP-073: Git conversion keeps raw Unicode and control-character input paths (424.743763ms)
✔ LOOP-073: conversion and links work in a SHA-256 Git repository (410.526849ms)
✔ LOOP-074: historical specification filename "café.md" remains reviewable (417.218758ms)
✔ LOOP-074: historical specification filename "spec\ttab.md" remains reviewable (398.605263ms)
✔ LOOP-074: historical specification filename "spec\nline.md" remains reviewable (387.417375ms)
✔ help works outside a repository without running a command (PKG-017) (964.272284ms)
✔ help does not hide invalid options or consume literal arguments (192.858752ms)
✔ help lists the lint command (PKG-017) (56.684222ms)
✔ a working directory that no longer exists is named as the failure, and git is not blamed (PKG-041, PKG-022) (165.925367ms)
✔ the stop hook refuses a stop while wake says Resolvable, with the verdict as the reason (PKG-018) (198.259098ms)
✔ the stop hook allows a stop at Done, at Escalate, and outside a Cairn repository (PKG-018) (1050.550968ms)
✔ the session-start hook links the command once and prints the verdict in a Cairn repository (PKG-019, PKG-014, PKG-005) (445.267353ms)
✔ the session-start hook prints no verdict outside a Cairn repository and leaves an existing link that resolves alone (PKG-019) (64.090817ms)
✔ a checkout under a path with a space links a command that resolves, and its stop hook still blocks (PKG-019, PKG-021) (369.848695ms)
✔ the hooks run the kernel the command link resolves to, so hook and agent share one referee (PKG-021) (1127.552666ms)
✔ a dangling link is replaced and reported (PKG-019) (179.879364ms)
✔ errors exit 0 with one line on standard error and no stack trace (PKG-022) (181.999392ms)
✔ the hooks judge with the cairn on PATH, a wrapper included, and session-start names it (PKG-033) (1059.647628ms)
✔ a link to a wrapper or file is kept; a dangling link or one to a directory is replaced (PKG-034) (392.412482ms)
✔ a project below the Git toplevel gets the verdict and the stop refusal (PKG-035) (301.672103ms)
✔ a kernel that prints no verdict is one stderr line: the stop is allowed and session-start prints no trace (PKG-036) (152.584258ms)
✔ a link that cannot be created is one stderr line, and the verdict still prints (PKG-019, PKG-022) (133.044049ms)
✔ with git absent the hooks say so in one line and block nothing (PKG-022) (82.136454ms)
✔ stop_hook_active true no longer lets a Resolvable stop through: the hook still refuses (PKG-018) (143.748201ms)
✔ receipts written by the project's own kernel are judged with it, not with a different cairn on PATH (PKG-033, PKG-021) (378.02023ms)
✔ the fourth stop on an unchanged verdict, commit and tree goes through with a message and a stop record; each refusal names cairn escalate (PKG-043, PKG-044) (415.506255ms)
✔ progress resets the count, a commit or an edited file alike, and each session counts on its own (PKG-043) (1204.780858ms)
✔ no report, one for another commitment, at another commit, or at a value that is not a commit names a new reviewer; an uncommitted review is committed first (LOOP-020) (1578.387589ms)
✔ an old report re-dated, however it is edited, does not name the new commit and names a new reviewer; a new report with the same words does not (LOOP-020) (1367.292191ms)
✔ each finding is carried by the one line citing its number and beginning with its words; malformed reports are repairs (LOOP-020) (3941.869278ms)
✔ citations name their report's commit, so rounds never collide and an old line never carries a new finding; a wrapped review line is its own repair (LOOP-020) (819.29965ms)
✔ a finding that quotes a citation in its own words is carried by copying it, and an uncited wrapped line is no repair when there is nothing to carry (LOOP-020) (565.452578ms)
✔ a citation that is not last on its line is refused as such, and a finding ending with a citation is carried in the short form (LOOP-020) (849.704756ms)
✔ a report written or changed on disk but not committed is named commit, never judged as the committed one (LOOP-020) (558.870032ms)
✔ the findings list is read from the record's text: blank lines between entries, a wrapped entry, any bullet, and a blank line inside examined: lose nothing; a list after a heading stays unread (LOOP-020, LOOP-086, LOOP-071) (1362.595773ms)
✔ the reader reads a numbered or nested list and a blank line in examined:, and names a line it cannot read rather than reading nothing (LOOP-086, LOOP-020) (1158.605757ms)
✔ a line the reader cannot read is named whenever an entry follows it, in the review and in the report, and a finding under a heading is named (LOOP-086, LOOP-020) (1489.59887ms)
✔ a margin line that only looks like a field never ends a list in silence (LOOP-086, LOOP-020) (979.87089ms)
✔ a field name repeated inside a list is named, the report's findings under a heading are named beside a list, and the repair offers the fix that keeps the finding (LOOP-020, LOOP-086) (913.53602ms)
✔ a Reviewer: line inside a list is named, and an honest record with a findings-titled heading is read (LOOP-020, LOOP-086) (768.847596ms)
✔ a record that declares findings: [] keeps a bulleted body as prose, as this repository's own reviews are written (LOOP-086, LOOP-020) (376.245651ms)
✔ a field name in another case never ends a list in silence, a record with its fields out of order is told to reorder them, and a citation names only a finding the report made (LOOP-086, LOOP-020, LOOP-108) (827.52408ms)
✔ a citation of zero is a citation, a field ends a list however it is spaced, a heading may be underlined, a blank line before a continuation is nothing, and a doubled commit: line does not name the commit (LOOP-020, LOOP-086, LOOP-108) (1016.206713ms)
✔ a rule under a field line is not a heading, the hint names a heading of either form, and an earlier report's citation on a carrying line is history (LOOP-020, LOOP-108) (1125.787123ms)
✔ a title that ends with a colon is still a heading, a report whose fields sit below a heading or prose is repaired rather than discarded, and the repair names the form the kernel reads (LOOP-020, LOOP-086, LOOP-108) (1030.972243ms)
✔ a report for another commitment or commit is replaced even when its fields sit below a heading, a quoted field line does not replace the real one, a rule under any field is a rule, and the review is told what the report is told (LOOP-020, LOOP-108) (1114.737243ms)
✔ an underline makes a heading of the line above it unless that line is an entry or the record's own field, an unread field is named where it sits, a field spelled another way is named, and the findings-titled repair names retitling (LOOP-020, LOOP-086, LOOP-108) (1439.84818ms)
✔ an underlined heading that names findings holds no list either, an unterminated fence hides nothing, a spelling is judged at the margin, and a report short of one header line is repaired (LOOP-020, LOOP-086, LOOP-108) (932.672038ms)
✔ a heading that names findings holds no content of any shape, its own section decides, and a report the wrong commit wrote is replaced before any repair (LOOP-020, LOOP-086) (844.482251ms)
✔ a findings-naming heading holds nothing at all, however deep, and a report with no record is replaced rather than repaired (LOOP-020, LOOP-086) (1892.795727ms)
✔ a recognisable finding under a heading is named wherever it sits, a findings-titled section is prose beside a list that holds entries, and a record may open with a title (LOOP-020, LOOP-086, LOOP-108) (1900.100298ms)
✔ a line that says open: is a finding however it is marked up, and one leading title of any form is the record's own (LOOP-020, LOOP-086, LOOP-108) (3448.234132ms)
✔ every line outside the findings list is read for the prefix, and a findings-naming section is judged over its subsections (LOOP-020, LOOP-086) (2890.874547ms)
✔ markup is whatever precedes the first letter, a row is a row wherever its pipes sit, and each message names the move (LOOP-020, LOOP-086) (2317.90594ms)
✔ a marker that contains a letter is still a marker, and a fence opens only on its own line (LOOP-020, LOOP-086) (2509.528238ms)
✔ a label before the prefix is markup too, and a divider hides no finding (LOOP-020, LOOP-071, LOOP-086) (2289.234341ms)
✔ only the findings list itself is exempt from the sweep, and a label of any shape is markup (LOOP-020, LOOP-071, LOOP-086) (2453.436246ms)
✔ the prefix belongs to the findings list alone: anywhere else in a record it is a finding (LOOP-020, LOOP-086) (2377.054405ms)
✔ the prefix is what a line says however it is punctuated, and no fence or second field hides an entry (LOOP-020, LOOP-071, LOOP-086) (2962.539673ms)
✔ a numbered prefix is still the prefix, and each message names the action it means (LOOP-020, LOOP-086) (1806.50856ms)
✔ a comment or an entity is not a gap, a field belongs at the margin, and a bullet belongs to a list (LOOP-020, LOOP-086, LOOP-108) (1591.602013ms)
✔ an element round the word and markup in the gap is still the prefix, and no repair asks for what the record already does (LOOP-020, LOOP-086) (1592.988085ms)
✔ cairn lint runs the checker over docs/spec by default and over a named directory (PKG-028) (226.837694ms)
✔ cairn lint names a missing directory in one line, takes one argument, and reports a bad root (PKG-028) (239.855271ms)
✔ three megabytes are retained exactly once with matching digests (LOOP-041, LOOP-042) (350.450075ms)
✔ split stdout result lines survive a long non-result line; stderr is never a verdict (317.12743ms)
✔ signal termination is recorded and logs survive a clone (LOOP-043) (354.143503ms)
✔ working agreements and ignore changes are Cairn records inside the footprint (360.965315ms)
✔ a clean package passes (73.425308ms)
✔ PKG-001: a dependency, or a service manifest (162.689811ms)
✔ PKG-002: ignoring evidence or other durable state, by directory or by extension (161.112773ms)
✔ PKG-003: a command, a directory, or a record kind no decision names (245.079217ms)
✔ PKG-004: a kernel over 2000 lines, counting every file under bin/ as wc -l does; exactly 2000 passes (457.509271ms)
✔ PKG-006: a skill step naming a vendor's product, in either order, across a wrapped list item (PKG-027) (321.389579ms)
✔ PKG-008: a non-ASCII character in a tracked text file (66.39435ms)
✔ PKG-009: the kernel importing from tests (101.14588ms)
✔ PKG-012: a network call or a model client in the kernel, but not a vendor's name in text (316.635845ms)
✔ PKG-013: deferral language, but not in code, quotes, or a rule (620.656312ms)
✔ a tracked path deleted from the working tree is skipped, not a crash (92.478328ms)
✔ a sentence in a Formats section is not a record kind (76.354091ms)
✔ a record kind named by its path alone is checked (77.601486ms)
✔ PKG-002: a tracked in-progress record (70.242895ms)
✔ PKG-002: ignoring evidence alone is a finding (77.138144ms)
✔ PKG-003 reads the kernel's commands from its help output (PKG-023) (105.622082ms)
✔ the ASCII scan covers shipped files, not records under .cairn/ (PKG-024) (80.762251ms)
✔ a vendor-naming step wrapped across lines is matched (PKG-006, PKG-027) (84.906382ms)
✔ PKG-013 scans the README, the manual, and the walkthrough (PKG-032) (223.642671ms)
✔ the manifests, the listing and package.json agree on the name and version, and name paths the repository holds (PKG-037) (2.16813ms)
✔ the hooks file registers session-start and stop against the plugin's own hook.mjs through the plugin root variable (PKG-038) (0.194986ms)
✔ a Muse hook entry whose shared hook is missing prints one line and exits 0 (PKG-041, PKG-022) (98.880738ms)
✔ the registered commands print the verdict at session start, link the command into the plugin, and refuse a stop while wake says Resolvable (PKG-038, PKG-021) (339.603975ms)
✔ LOOP-071: decision body metadata does not resolve unbuilt work: "Superseded by: example" (683.658461ms)
✔ LOOP-071: decision body metadata does not resolve unbuilt work: "```text\nSuperseded by: example\n```" (659.111146ms)
✔ LOOP-071: decision body metadata does not resolve unbuilt work: "~~~text\nSuperseded by: example\n~~~" (682.955108ms)
✔ LOOP-071: a fenced realization example is not a resolving commit (658.396488ms)
✔ LOOP-071: a fenced commit inside the realization section is not built (631.976858ms)
✔ LOOP-071: ## Example cannot replace an open review finding (679.455754ms)
✔ LOOP-071: # Example cannot replace an open review finding (560.583207ms)
✔ LOOP-071: ### Example cannot replace an open review finding (545.538292ms)
✔ LOOP-071:   ## Example cannot replace an open review finding (508.772376ms)
✔ LOOP-071: Example paragraph. cannot replace an open review finding (504.052762ms)
✔ LOOP-071: Example
------- cannot replace an open review finding (420.070851ms)
✔ LOOP-071: fenced fields before a real review header are ignored (405.069036ms)
✔ LOOP-071: multiline decision --title cannot inject metadata (353.822375ms)
✔ LOOP-071: multiline decision --decided-by cannot inject metadata (336.099896ms)
✔ LOOP-071: multiline decision --rests-on cannot inject metadata (336.7517ms)
✔ LOOP-071: multiline decision --wrong-if cannot inject metadata (352.423017ms)
✔ LOOP-071: multiline decision --history cannot inject metadata (342.986422ms)
✔ LOOP-072: malformed Blocking concerns stay open: "R-001\nAnswer: ok" (95.671198ms)
✔ LOOP-072: malformed Blocking concerns stay open: "R-001\r\nAnswer: ok" (79.743141ms)
✔ LOOP-072: malformed Blocking concerns stay open: "R-001\rAnswer: ok" (99.110518ms)
✔ LOOP-072: malformed Blocking concerns stay open: "R-001 Answer: ok" (85.164624ms)
✔ LOOP-072: malformed Blocking concerns stay open: "R-001 Answer: ok" (84.427883ms)
✔ LOOP-072: ordinary malformed concerns are refused: "R-001\nR-002" (41.411997ms)
✔ LOOP-072: ordinary malformed concerns are refused: "R-001, prose" (41.288524ms)
✔ LOOP-072: ordinary malformed concerns are refused: " " (43.091802ms)
✔ LOOP-072: a Blocking escalation without concerns is still presented (82.103581ms)
✔ LOOP-072: carriage returns in a Blocking question do not create answer records (95.877691ms)
✔ LOOP-072: explanation separator 8232 cannot close an escalation (173.56788ms)
✔ LOOP-071: decision metadata refuses separator 8232 (354.043089ms)
✔ LOOP-072: explanation separator 8233 cannot close an escalation (148.589642ms)
✔ LOOP-071: decision metadata refuses separator 8233 (347.492314ms)
✔ Concerns, Rests on, and Promoted from written as lists read as the flat form (LOOP-124) (588.702745ms)
✔ an item named by filename, path, or backticked slug resolves like the slug (LOOP-125) (526.806386ms)
✔ an input that covers Cairn's own output is named as the repair, before and after a check (LOOP-126, LOOP-105) (624.699228ms)
✔ an unreadable record directory is a repair, not an error exit (LOOP-127) (89.578097ms)
✔ a title that slugifies to nothing is refused (LOOP-128) (135.195906ms)
✔ examined: [] is an empty list (LOOP-129, LOOP-108) (498.354101ms)
✔ below the Git toplevel the restore check compares root-relative paths (LOOP-130, LOOP-035) (347.195453ms)
✔ below the Git toplevel an uncommitted declared input is named from the project root (LOOP-132, LOOP-030) (222.006866ms)
✔ a value on the key line followed by list items is the first item, never dropped (LOOP-133) (591.431081ms)
✔ the footprint's walk reads Current: as the wake does: a fenced example below the real line, or a second line in history, never moves the start (LOOP-134, LOOP-035) (275.427865ms)
✔ an input spelled .. from a project below the Git toplevel covers the evidence directory (LOOP-126, LOOP-105) (94.74427ms)
✔ a Consequential record this commitment added needs its queue entry committed (LOOP-131, DEC-004) (487.910254ms)
✔ a mechanism that removes the check lock still gets its evidence, with no repair for the lock (LOOP-107) (226.262127ms)
✔ a staged rename reads as its two paths, never as a bare origin token (LOOP-030, LOOP-110) (125.031917ms)
✔ a Current: line inside a fenced example is neither a second Current: line nor the commitment, before or after the real line (LOOP-104) (185.082364ms)
✔ a Status: word is taken only from a line that carries one, never from wrapped prose after it (SPEC-018) (0.828891ms)
✔ the placeholder left above a resolving entry is a repair naming the file (DEC-021) (232.558723ms)
✔ the placeholder alone is a decision recorded and not yet built, unchanged (DEC-007) (70.637165ms)
✔ resolving entries with no placeholder are unchanged (DEC-006) (112.616713ms)
✔ a shallow clone that cannot resolve its entries is still told to fetch, not to edit (LOOP-113 keeps precedence) (121.857512ms)
✔ the placeholder quoted in a fenced example does not make a built record a repair (DEC-021) (120.935019ms)
✔ supersede takes the same decider vocabulary as decide (DEC-020) (98.150166ms)
✔ a superseded record is held to the same line: its placeholder above a resolving entry is a repair (DEC-021, DEC-010) (177.938474ms)
✔ realize() touches only the Realized by section; a body that quotes the placeholder keeps it (113.013475ms)
✔ an untracked file under a declared input is not a change under way; check still refuses beside it and names .gitignore (LOOP-110, LOOP-030) (231.192824ms)
✔ an unmatched input is refused before execution (LOOP-044) (201.314132ms)
✔ an indexed input deleted on disk asks for a commit (LOOP-045) (167.583317ms)
✔ wake and check require a Git working tree (LOOP-046) (137.436095ms)
✔ recovery removes only dead kernel run records and identifies a live owner (LOOP-054, LOOP-055) (309.23832ms)
✔ an agent action based behind a clean HEAD appears committed (LOOP-027) (191.384856ms)
✔ realization needs a real commit and a subject (DEC-006) (321.255305ms)
✔ 1500 binary inputs digest identically at the review commit in under a second (LOOP-024) (1522.609434ms)
✔ merged work is excluded but a later own commit is a breach (LOOP-047) (293.128955ms)
✔ exact Current tenure ignores prefix matches and earlier visits to the same slug (LOOP-035) (324.797629ms)
✔ a kernel run records its supervising PID (LOOP-054) (284.843522ms)
✔ a merged declared input still stales evidence (LOOP-047) (424.43988ms)
✔ wildcard and magic pathspecs select the same historical inputs (LOOP-024, LOOP-032) (2224.831973ms)
✔ historical selection retains deleted files and excludes new ones (LOOP-024, LOOP-035) (1230.515876ms)
✔ cairn --version prints the package.json version outside a repository, and help lists it (PKG-039) (135.55256ms)
✔ a release is one commit setting one version in the five files, with the changelog entry, tagged v<version> (PKG-040) (1144.453593ms)
✔ the release script refuses a bad version, no increase, a dirty tree, a missing entry, a taken tag, a disagreeing file, and a loop not at Done, each in one line with nothing written (PKG-040) (1917.269971ms)
✔ a version file written as compact JSON is released, and nothing else in any version file changes (PKG-042) (1339.54957ms)
✔ with attribution forbidden, the release script refuses an unpushed commit carrying an AI attribution line (PKG-045) (615.360234ms)
✔ explicit reporting with no lines and exit 0 establishes no requirement verdicts (LOOP-061) (461.080282ms)
✔ explicit reporting with no lines and exit 1 establishes no requirement verdicts (LOOP-061) (434.653227ms)
✔ a reporter that cannot start keeps execution diagnostics without blaming requirements (LOOP-062) (304.708874ms)
✔ large output cannot kill a reporter or invent a requirement verdict (310.345808ms)
✔ explicit mode ignores cairn: R-999: pass (338.992198ms)
✔ explicit mode ignores cairn: R-001: unverified (333.762772ms)
✔ explicit mode ignores cairn: R-001: passed (347.804175ms)
✔ explicit results survive nonzero exit and contradictory duplicates still fail (600.22457ms)
✔ unverified results across changed inputs never become failed attempts (1462.136879ms)
✔ legacy exit 0 retains its interpretation (232.443413ms)
✔ legacy exit 1 retains its interpretation (217.724358ms)
✔ a misspelled reporting mode is refused before execution (121.234648ms)
✔ changed requirement blocks unchecked reruns and makes the completion review stale (LOOP-058, LOOP-059) (1904.049207ms)
✔ falsifier changes need review; separate rationale and other requirements do not change a receipt (1341.278426ms)
✔ legacy receipts recover requirement identity from their commit; unavailable history requires review (1039.391697ms)
✔ check refuses uncommitted requirement text and mechanism review markers (806.310264ms)
✔ tightened response limit cannot reuse the old passing check (1343.031151ms)
✔ a declared input over 1 MiB agrees at a commit and in the tree (LOOP-060) (444.868381ms)
✔ a failed Git blob read cannot be hashed as an empty blob (405.471016ms)
✔ Git listings over 1 MiB include the last declared input (2159.943695ms)
✔ requirement identity excludes fenced examples and status dates (505.932807ms)
✔ DemonCoder REM-002 and Status in progress cannot silently satisfy the review gate (LOOP-086) (828.807016ms)
✔ valid open findings retain their behavior (509.524981ms)
✔ valid resolved findings retain their behavior (554.007467ms)
✔ valid empty findings retain their behavior (582.334495ms)
✔ valid mixed valid findings retain their behavior (462.651944ms)
✔ malformed finding "open:" requires repair (457.36356ms)
✔ malformed finding "resolved:   " requires repair (450.682417ms)
✔ malformed finding "Open: incorrect case" requires repair (378.111957ms)
✔ malformed finding "unknown: issue" requires repair (379.928687ms)
✔ malformed finding "\u001b[31mBAD: issue" requires repair (367.545554ms)
✔ the established explicit empty findings list remains valid (420.279279ms)
✔ a scalar findings value requires the supported list format (322.497595ms)
✔ check runs a mechanism when a requirement outside the commitment was revised, and asks for the review once a commitment includes it (LOOP-059) (963.017683ms)
✔ a Requirements: line written as a list is read like the flat form (LOOP-102) (113.801981ms)
✔ a subdirectory or a README in a record directory changes nothing (LOOP-103) (594.811214ms)
✔ two Current: lines are a roadmap repair (LOOP-104) (77.648378ms)
✔ a repeated identifier, an input under the evidence directory, and a missing cwd are refused by name (LOOP-105) (433.297361ms)
✔ a requirement whose evidence outlives its mechanism is named declare, not a regression or an escalation (LOOP-106) (1091.546481ms)
✔ an unreadable record is a repair, not an error exit (LOOP-107) (90.302764ms)
✔ a review needs commit, a nonempty examined list, and a findings list, each named when missing (LOOP-108) (1035.911728ms)
✔ a decision record missing a header field or naming a missing predecessor is a repair (LOOP-109) (311.03475ms)
✔ a dirty declared input with no in-progress record is named record ahead of run (LOOP-022, LOOP-110) (237.639464ms)
✔ with core.filemode false the index mode is the identity, so a mode-only difference does not refuse the check (LOOP-111) (240.619599ms)
✔ a project below the Git toplevel can run check (LOOP-112) (236.519382ms)
✔ a shallow clone names history to fetch, not a decision to build (LOOP-113) (140.892148ms)
✔ record-writing commands refuse to run outside a Cairn repository and write nothing (LOOP-118) (238.785506ms)
✔ a git that cannot start is one line and exit 3 from wake and from check, with nothing recorded (LOOP-137) (94.633404ms)
✔ an unexplained or uncommitted stop record is named explain before any other action; explained and committed, the wake moves on (LOOP-139) (274.013816ms)
✔ empty footprint names declaration before scope and records no evidence (LOOP-081) (596.781531ms)
✔ first declaration still checks the full earlier history (LOOP-081) (379.58952ms)
✔ an empty current footprint does not block an explicitly requested existing mechanism (LOOP-081) (316.780187ms)
✔ an inherited mechanism provides a footprint even before local mechanisms exist (224.896851ms)
✔ scope reports every path, escapes line breaks, and gives identical remedies (LOOP-082) (238.974335ms)
✔ scope verdict reuses the answered-escalation annotation (LOOP-048, LOOP-051, LOOP-083) (606.699757ms)
✔ a committed scope acknowledgment lets restored history proceed (LOOP-083) (717.962515ms)
✔ scope acknowledgment must be committed before it can clear a breach (626.649072ms)
✔ ordinary ok does not acknowledge scope history (307.975915ms)
✔ scope escalation refuses unrestored paths and names the restoration remedy (275.094464ms)
✔ an invalid scope request still records an explicitly Blocking decision (158.37185ms)
✔ ask and explanation stay open; only the final committed ok acknowledges scope (686.327317ms)
✔ instead is visible but does not silently authorize a scope exception (366.082678ms)
✔ later changes to an acknowledged path still block, including later reverts (1050.748479ms)
✔ approval cannot hide another path changed after the snapshot (397.415882ms)
✔ acknowledged history remains conditional on the paths staying restored (532.439307ms)
✔ editing the scope snapshot after answer invalidates its acknowledgment (291.368222ms)
✔ malformed scope metadata cannot suppress a breach (1448.367061ms)
✔ damaged acknowledgment fields cannot suppress a breach (510.9722ms)
✔ scope path matching is literal, including wildcard filenames and control characters (571.082862ms)
✔ scope acknowledgment does not carry into another activation of the same slug (287.068937ms)
✔ restoration checks additions, deletions, executable modes, and symlink kinds (1418.267889ms)
✔ explicit committed retention keeps correct work and requires new evidence and review (LOOP-084, LOOP-085) (2173.355173ms)
✔ a missing declaration covers correct earlier work without retention or revert (502.839461ms)
✔ keep requires scope and an unchanged committed candidate (168.325028ms)
✔ uncommitted retention and instead answers cannot clear the incident (1040.457142ms)
✔ retention does not grant future edits, even when reverted to the approved tree (1257.023999ms)
✔ retention cannot cover another path or another activation (531.107875ms)
✔ imported changes must still match the retained tree (558.211528ms)
✔ retention handles additions, deletions, modes, symlinks, and literal filenames (1901.338172ms)
✔ retention cannot convert an existing restoration answer or accept an unknown mode (415.465895ms)
✔ a check failure after retention remains a failure (659.213463ms)
✔ retained paths stay part of the stable checked candidate without extending its footprint (541.748652ms)
✔ retention ask needs an explanation and final committed approval (619.469059ms)
✔ an unknown scope mode remains invalid even with a matching approval digest (292.117285ms)
✔ backlog writes the item; a second with the same title is refused, never overwritten (LOOP-016) (133.262431ms)
✔ a commit inside the footprint: check runs; outside it: check names the path and does not run (LOOP-015, LOOP-035) (569.029187ms)
✔ Cairn's records are never a breach; another file under docs/ is (LOOP-117) (701.538665ms)
✔ declaring the path as an input clears the breach (277.171791ms)
✔ a revert preserves the record of an out-of-scope commit (LOOP-047) (271.700623ms)
✔ a commitment naming a requirement the spec set does not hold as Agreed is repaired (LOOP-029) (87.995496ms)
✔ a requirement in a Draft spec file is not Agreed (80.576395ms)
✔ working agreements and the ignore file are Cairn records (LOOP-035, LOOP-036) (446.308158ms)
✔ the over-asking rule is gone from both skills (SPEC-005, SPEC-006, SPEC-007) (2.063272ms)
✔ a decision during the phase is recorded (DEC-003) (0.154154ms)
✔ understanding is restated before writing (SPEC-003) (0.123165ms)
✔ falsifiers are proposed as one set and confirmed by exception (SPEC-004) (0.304054ms)
✔ depth is inferred and domains derived, never asked or imposed (SPEC-008, SPEC-009) (0.157228ms)
✔ a term enters the glossary at first occurrence (SPEC-010) (0.101228ms)
✔ the phase ends at the first commitment, and later ones are specified during the loop (SPEC-011, SPEC-012) (0.116456ms)
✔ a requirement goes Agreed only with a nameable mechanism (SPEC-013) (0.128175ms)
✔ review before agreement, recording what it attacked (SPEC-014, SPEC-015) (0.131248ms)
✔ no spec file without requirements; nothing Agreed without a falsifier (SPEC-001, SPEC-002) (0.202086ms)
✔ Observed is marked, and is not contract (SPEC-016, SPEC-017) (0.577977ms)
✔ the skills exclude artifacts outside Cairn's workflow (0.147623ms)
✔ the working agreement names the agent's move for each verdict and the write-ahead record (LOOP-036) (0.588276ms)
✔ the working agreement names the developer's moves (LOOP-036, DEC-014) (0.085631ms)
✔ this repository runs by the file it ships (0.357573ms)
✔ both skills write the working agreement without naming a vendor's file (LOOP-002, LOOP-036, PKG-006) (0.19852ms)
✔ the working agreement says what an attempt is (LOOP-036, DEC-017, DEC-018) (0.072704ms)
✔ the working agreement says a failure no footprint change can address is an escalation, and where an inherited requirement is repaired (DEC-019, LOOP-057) (0.075563ms)
✔ the working agreement states the promote, next-iteration, and no-deferral moves (LOOP-029, LOOP-087, LOOP-091, LOOP-092) (0.092707ms)
✔ both skills sort captures into the backlog or next-iteration and forbid deferral (LOOP-029, LOOP-092, LOOP-093) (0.083589ms)
✔ the skill requires a falsifier on every requirement, a MAY included (SPEC-025) (0.076672ms)
✔ the working agreement names the hooks as optional and the install skill registers them for two harnesses (PKG-006, PKG-018, PKG-019) (0.222339ms)
✔ the working agreement says the kernel is upgraded at Done, never inside a commitment (LOOP-096) (0.069605ms)
✔ the next-iteration skill starts from the specification and ends by naming the next commitment (SPEC-026, SPEC-027) (0.237645ms)
✔ every document that names the project skills names next-iteration beside them (SPEC-026, PKG-014) (3.127059ms)
✔ the working agreement states a move for every action the kernel can name (LOOP-101) (4.794025ms)
✔ the working agreement states both record formats and the two flags the moves need (LOOP-036) (0.158266ms)
✔ the skills demonstrate a safe violating example and preserve recon findings (SPEC-022, SPEC-023) (0.076408ms)
✔ the specification skills run the checker through the cairn command (PKG-029) (0.225194ms)
✔ the README invokes the phase skills by name and states versions and platforms (PKG-030, PKG-031) (0.404263ms)
✔ the manual and the walkthrough say the loop promotes backlog items at Done (0.871736ms)
✔ the working agreement says a report is not work under way, its findings are captured, and it is committed with them (LOOP-138) (0.098552ms)
✔ a two-obligation sentence is named (PKG-007) (38.850312ms)
✔ an obligation with no actor is named (PKG-010) (42.708335ms)
✔ a leading condition clause is not the actor, and the actor after it counts (41.873239ms)
✔ an Agreed requirement with no falsifier is named (SPEC-002); a Draft one is not (74.323533ms)
✔ prose after a Draft requirement with no falsifier is not scanned as requirement text (38.480101ms)
✔ a spec declaring a prefix with no requirement is named (SPEC-001) (40.733759ms)
✔ a keyword in backticks or quotes is a mention, not an obligation (39.226837ms)
✔ duplicate identifiers are rejected within a file and across files (SPEC-020) (98.122594ms)
✔ references resolve across files; missing references name their source (SPEC-021) (101.854693ms)
✔ code examples and quoted mentions are neither definitions nor references (49.306108ms)
✔ machine-local paths are findings in prose, links, quotes, and examples (SPEC-019) (429.032003ms)
✔ relative paths, URLs, slash commands, and character mentions are not absolute path findings (33.45972ms)
✔ a slash after a placeholder continues the template (SPEC-019) (84.161229ms)
✔ a host path is a finding until the file declares it (SPEC-019, SPEC-024) (74.862047ms)
✔ declared host paths cover children with a slash boundary and stay file-local (134.40547ms)
✔ a host-path declaration inside a requirement or example grants no exception (124.072605ms)
✔ host-path declarations require absolute or home-relative entries (192.764577ms)
✔ an Agreed block whose only keyword is MAY needs a falsifier like any other (SPEC-025, SPEC-002) (94.199254ms)
✔ a regex literal is not a path, a drive path and a file URL are, and a skill's slash name is allowed (SPEC-028, SPEC-029) (90.987845ms)
✔ a backticked or quoted actor still counts as one (PKG-010) (36.384998ms)
✔ a fence the file never closes is named, since the parser then reads its example as specification (77.599577ms)
✔ supersede writes both lines, and the old record keeps every word it had (DEC-008, DEC-010) (89.721257ms)
✔ supersede without a cause, or with one outside the four, is refused (DEC-009) (114.442423ms)
✔ supersede of a record that does not exist is refused (85.490445ms)
✔ a predecessor with no title line cannot be stamped, so nothing is written (71.532065ms)
✔ a --supersedes argument outside the slug alphabet is refused, and a path never reaches the filesystem (DEC-022) (256.474745ms)
✔ a record already superseded cannot be superseded again: one Superseded by line per record (DEC-022, DEC-010) (178.799281ms)
✔ reversals reports counts by decider, cause, and domain (DEC-011) (188.658028ms)
✔ decide in a domain with a reversal is refused without --history, naming the reversal; with it, the record carries History (DEC-012) (203.448058ms)
✔ decide in a domain with no reversals needs no --history (142.168997ms)
✔ a record resting on prose alone is in the domain unspecified, and so is the next one (123.086958ms)
✔ the decider tally normalizes case and whitespace, and names a value outside the vocabulary (DEC-020, DEC-011) (75.544365ms)
✔ a record with no Decided by line is tallied as unrecorded, not as a vocabulary value (73.243937ms)
✔ Decided by written as a list tallies like the flat form, and does not crash the report (LOOP-124, DEC-020) (87.36568ms)
✔ a second declaration for one requirement is accepted, a named check runs every mechanism, and Done needs each to pass (LOOP-056, LOOP-099) (2066.745473ms)
✔ one mechanism's stale evidence names that mechanism, and --stale runs only it (LOOP-056, LOOP-094) (767.738743ms)
✔ attempts are counted within one mechanism's records, so the other's passes do not reset them (LOOP-100, DEC-016) (1334.140445ms)
✔ step 1: an in-progress record is reconciled before anything else (91.202335ms)
✔ step 2: an open escalation is presented and nothing else happens (82.211214ms)
✔ an answered escalation is not open (502.19371ms)
✔ step 3: a decision with no realized-by is built, first by name (DEC-007) (87.821689ms)
✔ a superseded decision with no realized-by is not work (111.103187ms)
✔ step 6: a mechanism that has never run is run, not implemented (LOOP-008) (122.617074ms)
✔ step 6: a requirement whose mechanism fails is implemented (510.419581ms)
✔ step 6 before step 7: failing evidence outranks a missing mechanism (345.280468ms)
✔ step 7: a requirement with no mechanism is declared (LOOP-106) (81.102216ms)
✔ every verdict names who acts: Resolvable is the agent's, Done needs nobody, Escalate waits for the developer (LOOP-004) (592.156423ms)
✔ malformed roadmap is Resolvable, not fatal (LOOP-005) (61.227459ms)
✔ a commitment naming no requirements is Resolvable (LOOP-018) (60.50576ms)
✔ the primary test: two wakes on the same checkout give the same action, before and after a persisted transition (LOOP-001, LOOP-003) (531.215624ms)
✔ outside a cairn repository wake cannot run (39.171767ms)
✔ the loop never waits on the review queue (DEC-015) (338.933798ms)
✔ twenty built records cost one git call to resolve, not twenty (DEC-023) (179.518846ms)
✔ an ambiguous Realized by identifier is the repair that says lengthen it, not a build (LOOP-113, DEC-023) (195.434558ms)
✔ the linked walkthrough runs from agreement through the next commitment (PKG-016) (1372.781019ms)
ℹ tests 537
ℹ suites 0
ℹ pass 537
ℹ fail 0
ℹ cancelled 0
ℹ skipped 0
ℹ todo 0
ℹ duration_ms 55213.266147
