✔ a Draft block overrides an Agreed file for both wake and check (SPEC-018) (188.616786ms)
✔ an Agreed block overrides a Draft file in the kernel and lint (SPEC-018, SPEC-002) (553.499003ms)
✔ a block Status does not become the file default, including inside examples (SPEC-018) (346.075475ms)
✔ block status without a value does not inherit Agreed by accident (SPEC-018) (74.071466ms)
✔ inheritance needs a file Scope and includes only Agreed blocks, regardless of prefix (PKG-015) (1736.420744ms)
✔ Scope inside a requirement or fenced example does not declare inheritance (PKG-015) (864.130113ms)
✔ a falsifier wrapped onto a line beginning with Status: does not become the block's status (SPEC-018) (1.196254ms)
✔ with attribution forbidden, an unpushed commit carrying an AI attribution line is named reword before any work; without the policy, or once pushed, it is not (PKG-045) (381.697492ms)
✔ each attribution form is caught, a prose mention is not, and the oldest attributed commit is named first (PKG-045) (537.532283ms)
✔ LOOP-063: reject input mutation during a check and retain diagnostics (369.137585ms)
✔ LOOP-063: reject deletion mutation during a check and retain diagnostics (350.501692ms)
✔ LOOP-063: reject addition mutation during a check and retain diagnostics (365.986226ms)
✔ LOOP-063: reject mode mutation during a check and retain diagnostics (374.458899ms)
✔ LOOP-063: reject specification mutation during a check and retain diagnostics (374.988233ms)
✔ LOOP-063: reject declaration mutation during a check and retain diagnostics (388.224701ms)
✔ LOOP-063: reject commit mutation during a check and retain diagnostics (380.802176ms)
✔ LOOP-063: committed input mutation during execution cannot certify the replacement (391.922343ms)
✔ LOOP-064: removing executable permission makes passing evidence stale (581.446133ms)
✔ LOOP-064: a mode-only change also invalidates the previous review after new evidence (799.194416ms)
✔ LOOP-064: changing a regular file into a link with identical identity bytes is stale (845.485822ms)
✔ LOOP-063: an unchanged candidate still records a pass despite unrelated working-tree edits (214.759295ms)
✔ LOOP-064: current and historical input ordering agrees for Unicode filenames (330.686367ms)
✔ LOOP-063: Git status hiding content changes cannot certify an uncommitted candidate (126.386279ms)
✔ LOOP-066: one check owns execution with a kernel action record (424.270645ms)
✔ LOOP-066: one check owns execution with an agent action record (405.086254ms)
✔ LOOP-066: a live lock is named and never silently overwritten (131.544697ms)
✔ LOOP-066: a dead lock is named and never silently overwritten (119.389052ms)
✔ LOOP-066: a incomplete lock is named and never silently overwritten (129.48722ms)
✔ LOOP-066: an execution error releases the check lock for a corrected rerun (459.293371ms)
✔ LOOP-066: a live kernel action from an older Cairn also blocks execution (108.690895ms)
✔ LOOP-066: separate Git worktrees can run checks independently (489.584281ms)
✔ after a green check --stale runs nothing; after one input changes it runs only that mechanism (LOOP-094) (873.448636ms)
✔ a mechanism speaking for two stale requirements runs once and refreshes both (LOOP-094, LOOP-040) (554.698363ms)
✔ a fresh failure and an unverified result are skipped with implement named (LOOP-094) (584.235288ms)
✔ --stale with a requirement identifier is refused (LOOP-094) (70.791016ms)
✔ check --stale holds back a mechanism whose requirement has three attempts and no escalation, names it, and records nothing (LOOP-094, DEC-016) (1868.942729ms)
✔ check refuses a dirty declared input and names it; a dirty undeclared file does not block (LOOP-030) (432.097573ms)
✔ check writes one receipt per run carrying the full record and a result line per requirement (LOOP-097) (270.36276ms)
✔ a nonzero exit records fail, and the receipt keeps the exit code (LOOP-034) (306.595015ms)
✔ a pass after a fail keeps the failing record; nothing is overwritten or deleted (LOOP-025) (660.728174ms)
✔ a commit changing a declared input makes evidence stale; an undeclared one does not (LOOP-007) (871.316662ms)
✔ a regression is named before a requirement that never passed (LOOP-031) (943.433728ms)
✔ three attempts with no escalation since: wake says escalate, not a fourth (DEC-016, DEC-017, DEC-018) (2093.429576ms)
✔ the review gate: no review, stale review, open finding, then Done (LOOP-020, LOOP-033) (1022.009089ms)
✔ Done is refused while any requirement lacks current passing evidence (LOOP-017) (94.787673ms)
✔ check names a requested requirement that no mechanism claims (88.91802ms)
✔ check writes the in-progress record before the run and clears it after (LOOP-021) (157.599906ms)
✔ a linked declared input digests the same at a commit and in the tree (LOOP-023, LOOP-024) (389.206506ms)
✔ a result line is the mechanism's statement about one requirement; what it did not mention is unverified (LOOP-037, LOOP-052) (162.352893ms)
✔ a mechanism that says nothing is read by its exit code for every requirement (LOOP-039) (163.18085ms)
✔ unverified is not an attempt, and a return to an earlier failed digest counts once (DEC-017, DEC-018) (1546.10111ms)
✔ a result line for a requirement the mechanism does not speak for is named and writes nothing (LOOP-038) (166.063267ms)
✔ a result line inside ordinary output, or without the marker, does not count (164.139718ms)
✔ a targeted check runs the named requirements' mechanisms and records every requirement they speak for (LOOP-040) (171.229792ms)
✔ two result lines for one requirement: a fail on any line wins (175.798801ms)
✔ three runs at one digest with no attempt since: the verdict stays implement and names DEC-019; an escalation naming it among others clears the hint (DEC-019, LOOP-053) (824.888611ms)
✔ a receipt names its commit in full, and an older receipt with the short form is still read (LOOP-136) (257.988648ms)
✔ a change only to a document its declaration lists leaves the review fresh and the evidence stale; a change to another input makes the review stale (LOOP-141) (1064.628085ms)
✔ a complete commitment with an unpromoted backlog item names promote, and a stamped item lets it reach Done (LOOP-087) (891.351174ms)
✔ an empty backlog with waiting next-iteration items is Done, with the count as information and no action on them (LOOP-091) (782.689858ms)
✔ a promotion marker must resolve to a decision record (LOOP-088) (281.379098ms)
✔ a commitment promoted from an item needs a decision record naming the item (LOOP-088) (262.969699ms)
✔ the spec lint reports a promotion marker with no decision record (LOOP-088) (68.083907ms)
✔ a promoted commitment that changes an Agreed requirement or the working agreement is an escalation; an unpromoted one is not (LOOP-089, LOOP-090) (1546.760418ms)
✔ a capture from one of the commitment's own requirements needs Outside because: or an escalation (LOOP-092) (1598.941617ms)
✔ a next-iteration item names what it would change, and the capture refuses one that does not (LOOP-093) (415.507911ms)
✔ a commitment specified from a next-iteration item needs the item stamped before anything else (SPEC-027) (504.220163ms)
✔ a by deference marker resolves to a decision record like a promotion marker (SPEC-002, LOOP-088) (171.198974ms)
✔ the LOOP-090 gate reads the Concerns line, not the slug as a substring (LOOP-114) (529.350564ms)
✔ the LOOP-088 check reads the Promotes line, and decide --promotes writes it (LOOP-115) (234.222118ms)
✔ the activation commit of a promoted commitment is inside the LOOP-089 comparison (LOOP-116) (137.129207ms)
✔ the LOOP-090 route needs one escalation: its Concerns line covers the moved item too (LOOP-119, LOOP-092, LOOP-114) (588.093214ms)
✔ an escalation raised before the promoted commitment began does not silence the LOOP-090 gate (LOOP-114) (309.954602ms)
✔ an escalation raised before the commitment began does not silence the capture gate (LOOP-119) (321.837936ms)
✔ the activation commit is inside the scope footprint (LOOP-120) (97.375092ms)
✔ a requirement Agreed at activation that is demoted or removed is a contract change (LOOP-121) (591.14707ms)
✔ the include files are the root files that hold @AGENTS.md: exempt from the footprint, compared by the gate (LOOP-122) (1012.309677ms)
✔ a superseded promotion no longer satisfies the LOOP-088 check, and the repair says the promotion was reversed (LOOP-123) (454.791414ms)
✔ the restore route measures from the tree before activation, so a path the activation commit added must go (LOOP-120, LOOP-035) (183.694697ms)
✔ the loop works against exactly one commitment: the current one (LOOP-019) (381.297206ms)
✔ a promotion recorded below Consequential is a repair naming the level, since the developer never sees it in the queue (LOOP-088) (70.474467ms)
✔ every requirement the node-test declaration speaks for is named in a test title (PKG-025) (3.189247ms)
✔ every repository path the tests read is a declared input of node-test (PKG-026) (1.082285ms)
✔ writes a record with every required field and an empty realized-by (DEC-001, DEC-005) (67.381443ms)
✔ a Consequential decision is queued for review (DEC-013) (65.02538ms)
✔ a Consequential decision is queued even when .cairn/queue does not exist yet (71.113181ms)
✔ Routine is refused: routine decisions produce no record (87.831115ms)
✔ a missing field is a usage error and nothing is written (57.326943ms)
✔ supersedes requires a classified cause, and the old record must exist (170.739759ms)
✔ an existing record is not overwritten (123.98471ms)
✔ a queued decision stays queued; nothing but the developer removes it (DEC-014) (198.390013ms)
✔ each accepted decider is stored lowercase, whatever case it was typed in (DEC-020) (485.897282ms)
✔ a decider outside the vocabulary is a usage error naming all three, and nothing is written (DEC-020) (421.69219ms)
✔ an empty --decided-by is the missing-field error, not the vocabulary one (65.610624ms)
✔ LOOP-006, LOOP-067: missing inputs names a declaration repair before execution (131.837765ms)
✔ LOOP-006, LOOP-067: empty inputs names a declaration repair before execution (142.286965ms)
✔ LOOP-006, LOOP-067: missing command names a declaration repair before execution (166.17424ms)
✔ LOOP-006, LOOP-067: list command names a declaration repair before execution (125.050178ms)
✔ LOOP-006, LOOP-067: empty command names a declaration repair before execution (134.426053ms)
✔ LOOP-006, LOOP-067: missing requirements names a declaration repair before execution (148.738582ms)
✔ LOOP-006, LOOP-067: bad identifier names a declaration repair before execution (150.941553ms)
✔ LOOP-067: scalar one-item lists retain their existing meaning (267.26322ms)
✔ LOOP-068: a unpopulated gitlink is refused by name (156.94957ms)
✔ LOOP-068: a populated gitlink is refused by name (190.267432ms)
✔ LOOP-069: identical selections across 100 mechanisms use at most 20 Git processes (152.693072ms)
✔ --defect needs --from naming an Agreed requirement, and writes Defect: yes (LOOP-140) (234.43372ms)
✔ an unfixed defect is named fix before a promotable item, and counts as fixed only with passing evidence at or after its commit and no Agreed text changed (LOOP-087, LOOP-140) (1868.781883ms)
✔ escalate writes the six-line format followed by its facts, and wake presents it (LOOP-010, LOOP-026) (133.548694ms)
✔ a missing or multi-line field is refused with the field named, and nothing is written (LOOP-012) (128.018216ms)
✔ a Blocking escalation that fails the format is written anyway, naming the malformed field (LOOP-013) (123.519133ms)
✔ the loop stops for the developer only at Blocking: a recorded decision below it never yields Escalate, and the Blocking bypass must be spelled exactly (DEC-002) (288.439901ms)
✔ a second escalation while one is open is refused (LOOP-011) (119.3705ms)
✔ answer records the reply; wake no longer presents it; a second answer is refused (255.949487ms)
✔ answer to an unknown escalation is refused (73.11038ms)
✔ a stranger resumes from the file alone: question and answer are both in it (LOOP-014) (113.796263ms)
✔ a developer-shaped answer during the agent's turn is refused and writes nothing; the explanation is still accepted (LOOP-135) (642.000156ms)
✔ after an answer, the same concern can be escalated again under a new name (182.377143ms)
✔ an escalation exists when its file does, committed or not (LOOP-009) (87.955146ms)
✔ developer answers require one of the three forms and cannot inject fields (LOOP-048) (583.903871ms)
✔ ask, agent explanation, another ask, and ok stay ordered in one file (LOOP-049, LOOP-050, LOOP-014) (753.742539ms)
✔ fresh closed answers accompany only concerned requirements until new evidence (LOOP-051) (706.509277ms)
✔ a raised escalation carries no derivable status line, and an old record with one still parses (LOOP-028) (158.536325ms)
✔ LOOP-065: delete of output refuses Done and a new run recovers (1079.599052ms)
✔ LOOP-065: corrupt of output refuses Done and a new run recovers (1179.466205ms)
✔ LOOP-065: delete of stderr_output refuses Done and a new run recovers (1119.099535ms)
✔ LOOP-065: corrupt of stderr_output refuses Done and a new run recovers (911.098736ms)
✔ LOOP-065: a receipt without output needs a new check (506.10508ms)
✔ LOOP-065: a receipt without output_digest needs a new check (446.861917ms)
✔ LOOP-065: a receipt without stderr_output needs a new check (447.741512ms)
✔ LOOP-065: a receipt without stderr_digest needs a new check (378.626182ms)
✔ LOOP-065: legacy unverifiable output is rerun without rewriting history (735.661359ms)
✔ a fresh record names the kernel that wrote it (LOOP-023) (307.278999ms)
✔ LOOP-095: a record from another kernel is stale with the kernel named, and a new check restores Done (690.042772ms)
✔ LOOP-095: a record from no kernel is stale with the kernel named, and a new check restores Done (704.500094ms)
✔ LOOP-070: a later failure is latest even when the clock moves backward (897.931452ms)
✔ LOOP-070: receipt collisions at one clock instant retain execution order beyond nine suffixes (3347.546404ms)
✔ LOOP-070: imported branch receipts stale a later sequence until a new check incorporates them (1143.522474ms)
✔ LOOP-070, LOOP-098: legacy receipts need one ordered check, remain byte-for-byte unchanged, and precede the run receipt in the history (551.543033ms)
✔ LOOP-070: edit of a prior receipt requires fresh evidence (425.965047ms)
✔ LOOP-070: remove of a prior receipt requires fresh evidence (459.855444ms)
✔ LOOP-075: supporting evidence file README.md does not become a receipt (501.291751ms)
✔ LOOP-075: supporting evidence file notes.txt does not become a receipt (492.988395ms)
✔ LOOP-075: supporting evidence file support does not become a receipt (531.795932ms)
✔ LOOP-075: supporting evidence file .DS_Store does not become a receipt (535.57851ms)
✔ LOOP-075: a malformed result line (result=success) names a repair before execution (347.903686ms)
✔ LOOP-075: a malformed result line (sequence=NaN) names a repair before execution (328.251131ms)
✔ LOOP-075: a malformed result line (sequence=9007199254740992) names a repair before execution (313.126678ms)
✔ LOOP-075: a malformed result line (history_digest=wrong) names a repair before execution (320.647513ms)
✔ LOOP-075: a malformed result line (tokens) names a repair before execution (309.827246ms)
✔ LOOP-075: a receipt-shaped directory is a named repair instead of an EISDIR crash (272.569362ms)
✔ LOOP-070: an earlier escalation cannot cover three new attempts after clock rollback (929.411065ms)
✔ LOOP-070: an answer becomes old after a later check even if that check's timestamp is earlier (623.200871ms)
✔ LOOP-070: the newest answer wins between checks even when its clock timestamp is older (425.383582ms)
✔ LOOP-070: legacy escalation dates cover old receipts but not three newer sequenced runs (1279.56178ms)
✔ a PKG requirement the commitment does not name is declared, run, and gates Done (PKG-011) (1720.546003ms)
✔ a PKG requirement in a Draft spec is not folded in (509.833124ms)
✔ LOOP-076, LOOP-079: stale inputs identify the receipt and the check to run (623.645921ms)
✔ LOOP-077: names a content change using checked input identity (606.123773ms)
✔ LOOP-077: names a mode change using checked input identity (629.280951ms)
✔ LOOP-077: names a kind change using checked input identity (591.369485ms)
✔ LOOP-077: names a added change using checked input identity (616.40389ms)
✔ LOOP-077: names a removed change using checked input identity (547.664738ms)
✔ LOOP-077: names a link-target change using checked input identity (784.25259ms)
✔ LOOP-077: changed selection compares the old and new input sets (474.99989ms)
✔ LOOP-077: raw CRLF changes remain visible when Git-clean content agrees (459.838931ms)
✔ LOOP-077: detail output is sorted, bounded, and reports the omitted count (471.431713ms)
✔ LOOP-077: filenames cannot inject lines or terminal controls into explanations (364.607466ms)
✔ LOOP-077: receipts from one run share details and do not store source contents (314.429163ms)
✔ LOOP-078, LOOP-080: legacy optional detail limits explanation without changing standing (511.131573ms)
✔ LOOP-078, LOOP-080: invalid-field optional detail limits explanation without changing standing (481.633687ms)
✔ LOOP-078, LOOP-080: missing optional detail limits explanation without changing standing (479.631901ms)
✔ LOOP-078, LOOP-080: invalid-json optional detail limits explanation without changing standing (505.764244ms)
✔ LOOP-078, LOOP-080: mismatched optional detail limits explanation without changing standing (494.343928ms)
✔ LOOP-078, LOOP-080: duplicate optional detail limits explanation without changing standing (483.016329ms)
✔ LOOP-078, LOOP-080: unsafe-path optional detail limits explanation without changing standing (479.683512ms)
✔ LOOP-078, LOOP-080: directory optional detail limits explanation without changing standing (480.445606ms)
✔ LOOP-078, LOOP-080: symlink optional detail limits explanation without changing standing (490.911654ms)
✔ LOOP-078: unavailable old requirement text is not claimed as a proven change (372.179312ms)
✔ LOOP-076, LOOP-079: changed requirements identify evidence and retain review-before-check guidance (406.218294ms)
✔ LOOP-078: simultaneous input and output damage keep both reasons (390.989109ms)
✔ LOOP-080: deterministic freshness sequence seed=7 (8722.890998ms)
✔ LOOP-080: deterministic freshness sequence seed=42 (5847.65872ms)
✔ LOOP-080: deterministic freshness sequence seed=913 (4758.788814ms)
✔ LOOP-080: agreement changes, mechanism review, checks, and completion review retain priority (1284.98593ms)
✔ LOOP-080: imported receipt history demands a rerun without a false input explanation (1350.804768ms)
✔ LOOP-073: clean CRLF input completes under attributes (508.733784ms)
✔ LOOP-073: clean CRLF input completes under autocrlf (500.243921ms)
✔ LOOP-073: raw line-ending mutation during a run is rejected even when Git still sees the same content (213.253919ms)
✔ LOOP-073: execution evidence changes when clean conversion preserves committed identity (958.580353ms)
✔ LOOP-073: Git clean filters use Git's conversion while retaining raw evidence identity (503.02224ms)
✔ LOOP-073: failure of a required Git filter cannot record evidence (137.65094ms)
✔ LOOP-073: a clean filter moving HEAD during ending validation prevents evidence (602.143151ms)
✔ LOOP-073: canonical Git identities handle links without reading their targets (437.806309ms)
✔ LOOP-073: Git conversion keeps raw Unicode and control-character input paths (379.643852ms)
✔ LOOP-073: conversion and links work in a SHA-256 Git repository (417.868456ms)
✔ LOOP-074: historical specification filename "café.md" remains reviewable (383.06051ms)
✔ LOOP-074: historical specification filename "spec\ttab.md" remains reviewable (382.158162ms)
✔ LOOP-074: historical specification filename "spec\nline.md" remains reviewable (356.691038ms)
✔ help works outside a repository without running a command (PKG-017) (875.658807ms)
✔ help does not hide invalid options or consume literal arguments (203.765573ms)
✔ help lists the lint command (PKG-017) (51.053565ms)
✔ a working directory that no longer exists is named as the failure, and git is not blamed (PKG-041, PKG-022) (167.942397ms)
✔ the stop hook refuses a stop while wake says Resolvable, with the verdict as the reason (PKG-018) (177.6977ms)
✔ the stop hook allows a stop at Done, at Escalate, and outside a Cairn repository (PKG-018) (940.067967ms)
✔ the session-start hook links the command once and prints the verdict in a Cairn repository (PKG-019, PKG-014, PKG-005) (445.094875ms)
✔ the session-start hook prints no verdict outside a Cairn repository and leaves an existing link that resolves alone (PKG-019) (53.739413ms)
✔ a checkout under a path with a space links a command that resolves, and its stop hook still blocks (PKG-019, PKG-021) (337.14264ms)
✔ the hooks run the kernel the command link resolves to, so hook and agent share one referee (PKG-021) (996.871568ms)
✔ a dangling link is replaced and reported (PKG-019) (167.229372ms)
✔ errors exit 0 with one line on standard error and no stack trace (PKG-022) (188.293594ms)
✔ the hooks judge with the cairn on PATH, a wrapper included, and session-start names it (PKG-033) (970.369841ms)
✔ a link to a wrapper or file is kept; a dangling link or one to a directory is replaced (PKG-034) (413.512326ms)
✔ a project below the Git toplevel gets the verdict and the stop refusal (PKG-035) (279.75931ms)
✔ a kernel that prints no verdict is one stderr line: the stop is allowed and session-start prints no trace (PKG-036) (143.979271ms)
✔ a link that cannot be created is one stderr line, and the verdict still prints (PKG-019, PKG-022) (120.877653ms)
✔ with git absent the hooks say so in one line and block nothing (PKG-022) (86.091101ms)
✔ stop_hook_active true no longer lets a Resolvable stop through: the hook still refuses (PKG-018) (123.54374ms)
✔ receipts written by the project's own kernel are judged with it, not with a different cairn on PATH (PKG-033, PKG-021) (356.188188ms)
✔ the fourth stop on an unchanged verdict, commit and tree goes through with a message and a stop record; each refusal names cairn escalate (PKG-043, PKG-044) (377.848041ms)
✔ progress resets the count, a commit or an edited file alike, and each session counts on its own (PKG-043) (1121.347372ms)
✔ no report, one for another commitment, at another commit, or at a value that is not a commit names a new reviewer; an uncommitted review is committed first (LOOP-020) (1439.840034ms)
✔ an old report re-dated, however it is edited, does not name the new commit and names a new reviewer; a new report with the same words does not (LOOP-020) (1266.091994ms)
✔ each finding is carried by the one line citing its number and beginning with its words; malformed reports are repairs (LOOP-020) (3650.598455ms)
✔ citations name their report's commit, so rounds never collide and an old line never carries a new finding; a wrapped review line is its own repair (LOOP-020) (801.356107ms)
✔ a finding that quotes a citation in its own words is carried by copying it, and an uncited wrapped line is no repair when there is nothing to carry (LOOP-020) (555.822864ms)
✔ a citation that is not last on its line is refused as such, and a finding ending with a citation is carried in the short form (LOOP-020) (836.260143ms)
✔ a report written or changed on disk but not committed is named commit, never judged as the committed one (LOOP-020) (555.482158ms)
✔ the findings list is read from the record's text: blank lines between entries, a wrapped entry, any bullet, and a blank line inside examined: lose nothing; a list after a heading stays unread (LOOP-020, LOOP-086, LOOP-071) (1253.535258ms)
✔ the reader reads a numbered or nested list and a blank line in examined:, and names a line it cannot read rather than reading nothing (LOOP-086, LOOP-020) (1077.659513ms)
✔ a line the reader cannot read is named whenever an entry follows it, in the review and in the report, and a finding under a heading is named (LOOP-086, LOOP-020) (1499.636117ms)
✔ a margin line that only looks like a field never ends a list in silence (LOOP-086, LOOP-020) (1026.746307ms)
✔ a field name repeated inside a list is named, the report's findings under a heading are named beside a list, and the repair offers the fix that keeps the finding (LOOP-020, LOOP-086) (852.949669ms)
✔ a Reviewer: line inside a list is named, and an honest record with a findings-titled heading is read (LOOP-020, LOOP-086) (534.296131ms)
✔ a record that declares findings: [] keeps a bulleted body as prose, as this repository's own reviews are written (LOOP-086, LOOP-020) (355.576013ms)
✔ a field name in another case never ends a list in silence, a record with its fields out of order is told to reorder them, and a citation names only a finding the report made (LOOP-086, LOOP-020, LOOP-108) (756.949932ms)
✔ a citation of zero is a citation, a field ends a list however it is spaced, a heading may be underlined, a blank line before a continuation is nothing, and a doubled commit: line does not name the commit (LOOP-020, LOOP-086, LOOP-108) (992.51079ms)
✔ a rule under a field line is not a heading, the hint names a heading of either form, and an earlier report's citation on a carrying line is history (LOOP-020, LOOP-108) (1055.900856ms)
✔ cairn lint runs the checker over docs/spec by default and over a named directory (PKG-028) (194.90177ms)
✔ cairn lint names a missing directory in one line, takes one argument, and reports a bad root (PKG-028) (191.545643ms)
✔ three megabytes are retained exactly once with matching digests (LOOP-041, LOOP-042) (340.350227ms)
✔ split stdout result lines survive a long non-result line; stderr is never a verdict (318.537937ms)
✔ signal termination is recorded and logs survive a clone (LOOP-043) (295.608578ms)
✔ working agreements and ignore changes are Cairn records inside the footprint (326.798876ms)
✔ a clean package passes (88.921405ms)
✔ PKG-001: a dependency, or a service manifest (149.694685ms)
✔ PKG-002: ignoring evidence or other durable state, by directory or by extension (112.986996ms)
✔ PKG-003: a command, a directory, or a record kind no decision names (218.941964ms)
✔ PKG-004: a kernel over 1900 lines, counting every file under bin/ as wc -l does; exactly 1900 passes (316.214491ms)
✔ PKG-006: a skill step naming a vendor's product, in either order, across a wrapped list item (PKG-027) (291.992691ms)
✔ PKG-008: a non-ASCII character in a tracked text file (74.388587ms)
✔ PKG-009: the kernel importing from tests (78.270567ms)
✔ PKG-012: a network call or a model client in the kernel, but not a vendor's name in text (329.624117ms)
✔ PKG-013: deferral language, but not in code, quotes, or a rule (560.614535ms)
✔ a tracked path deleted from the working tree is skipped, not a crash (71.976911ms)
✔ a sentence in a Formats section is not a record kind (76.929748ms)
✔ a record kind named by its path alone is checked (80.492018ms)
✔ PKG-002: a tracked in-progress record (75.143765ms)
✔ PKG-002: ignoring evidence alone is a finding (53.719248ms)
✔ PKG-003 reads the kernel's commands from its help output (PKG-023) (100.862425ms)
✔ the ASCII scan covers shipped files, not records under .cairn/ (PKG-024) (78.428379ms)
✔ a vendor-naming step wrapped across lines is matched (PKG-006, PKG-027) (69.681645ms)
✔ PKG-013 scans the README, the manual, and the walkthrough (PKG-032) (214.975101ms)
✔ the manifests, the listing and package.json agree on the name and version, and name paths the repository holds (PKG-037) (1.870529ms)
✔ the hooks file registers session-start and stop against the plugin's own hook.mjs through the plugin root variable (PKG-038) (0.202122ms)
✔ a Muse hook entry whose shared hook is missing prints one line and exits 0 (PKG-041, PKG-022) (80.717083ms)
✔ the registered commands print the verdict at session start, link the command into the plugin, and refuse a stop while wake says Resolvable (PKG-038, PKG-021) (327.571756ms)
✔ LOOP-071: decision body metadata does not resolve unbuilt work: "Superseded by: example" (610.871384ms)
✔ LOOP-071: decision body metadata does not resolve unbuilt work: "```text\nSuperseded by: example\n```" (595.446224ms)
✔ LOOP-071: decision body metadata does not resolve unbuilt work: "~~~text\nSuperseded by: example\n~~~" (675.141255ms)
✔ LOOP-071: a fenced realization example is not a resolving commit (576.075814ms)
✔ LOOP-071: a fenced commit inside the realization section is not built (619.3106ms)
✔ LOOP-071: ## Example cannot replace an open review finding (573.070917ms)
✔ LOOP-071: # Example cannot replace an open review finding (545.082528ms)
✔ LOOP-071: ### Example cannot replace an open review finding (514.486781ms)
✔ LOOP-071:   ## Example cannot replace an open review finding (487.275673ms)
✔ LOOP-071: Example paragraph. cannot replace an open review finding (485.386043ms)
✔ LOOP-071: Example
------- cannot replace an open review finding (438.266348ms)
✔ LOOP-071: fenced fields before a real review header are ignored (408.376599ms)
✔ LOOP-071: multiline decision --title cannot inject metadata (359.779476ms)
✔ LOOP-071: multiline decision --decided-by cannot inject metadata (301.088615ms)
✔ LOOP-071: multiline decision --rests-on cannot inject metadata (311.336041ms)
✔ LOOP-071: multiline decision --wrong-if cannot inject metadata (337.793839ms)
✔ LOOP-071: multiline decision --history cannot inject metadata (345.961689ms)
✔ LOOP-072: malformed Blocking concerns stay open: "R-001\nAnswer: ok" (86.834161ms)
✔ LOOP-072: malformed Blocking concerns stay open: "R-001\r\nAnswer: ok" (92.53853ms)
✔ LOOP-072: malformed Blocking concerns stay open: "R-001\rAnswer: ok" (88.241884ms)
✔ LOOP-072: malformed Blocking concerns stay open: "R-001 Answer: ok" (71.61824ms)
✔ LOOP-072: malformed Blocking concerns stay open: "R-001 Answer: ok" (101.646762ms)
✔ LOOP-072: ordinary malformed concerns are refused: "R-001\nR-002" (45.005569ms)
✔ LOOP-072: ordinary malformed concerns are refused: "R-001, prose" (38.986962ms)
✔ LOOP-072: ordinary malformed concerns are refused: " " (45.494271ms)
✔ LOOP-072: a Blocking escalation without concerns is still presented (91.875654ms)
✔ LOOP-072: carriage returns in a Blocking question do not create answer records (99.080068ms)
✔ LOOP-072: explanation separator 8232 cannot close an escalation (151.938115ms)
✔ LOOP-071: decision metadata refuses separator 8232 (319.125272ms)
✔ LOOP-072: explanation separator 8233 cannot close an escalation (130.3394ms)
✔ LOOP-071: decision metadata refuses separator 8233 (324.055735ms)
✔ Concerns, Rests on, and Promoted from written as lists read as the flat form (LOOP-124) (541.240199ms)
✔ an item named by filename, path, or backticked slug resolves like the slug (LOOP-125) (518.977018ms)
✔ an input that covers Cairn's own output is named as the repair, before and after a check (LOOP-126, LOOP-105) (614.225516ms)
✔ an unreadable record directory is a repair, not an error exit (LOOP-127) (73.943163ms)
✔ a title that slugifies to nothing is refused (LOOP-128) (135.686291ms)
✔ examined: [] is an empty list (LOOP-129, LOOP-108) (393.630929ms)
✔ below the Git toplevel the restore check compares root-relative paths (LOOP-130, LOOP-035) (336.32782ms)
✔ below the Git toplevel an uncommitted declared input is named from the project root (LOOP-132, LOOP-030) (208.838958ms)
✔ a value on the key line followed by list items is the first item, never dropped (LOOP-133) (563.06331ms)
✔ the footprint's walk reads Current: as the wake does: a fenced example below the real line, or a second line in history, never moves the start (LOOP-134, LOOP-035) (279.134439ms)
✔ an input spelled .. from a project below the Git toplevel covers the evidence directory (LOOP-126, LOOP-105) (82.17711ms)
✔ a Consequential record this commitment added needs its queue entry committed (LOOP-131, DEC-004) (458.329813ms)
✔ a mechanism that removes the check lock still gets its evidence, with no repair for the lock (LOOP-107) (222.086528ms)
✔ a staged rename reads as its two paths, never as a bare origin token (LOOP-030, LOOP-110) (109.075655ms)
✔ a Current: line inside a fenced example is neither a second Current: line nor the commitment, before or after the real line (LOOP-104) (197.518944ms)
✔ a Status: word is taken only from a line that carries one, never from wrapped prose after it (SPEC-018) (0.609234ms)
✔ the placeholder left above a resolving entry is a repair naming the file (DEC-021) (235.718109ms)
✔ the placeholder alone is a decision recorded and not yet built, unchanged (DEC-007) (72.910633ms)
✔ resolving entries with no placeholder are unchanged (DEC-006) (115.261754ms)
✔ a shallow clone that cannot resolve its entries is still told to fetch, not to edit (LOOP-113 keeps precedence) (103.718096ms)
✔ the placeholder quoted in a fenced example does not make a built record a repair (DEC-021) (116.609134ms)
✔ supersede takes the same decider vocabulary as decide (DEC-020) (93.41852ms)
✔ a superseded record is held to the same line: its placeholder above a resolving entry is a repair (DEC-021, DEC-010) (173.380724ms)
✔ realize() touches only the Realized by section; a body that quotes the placeholder keeps it (116.334471ms)
✔ an untracked file under a declared input is not a change under way; check still refuses beside it and names .gitignore (LOOP-110, LOOP-030) (207.529382ms)
✔ an unmatched input is refused before execution (LOOP-044) (166.993943ms)
✔ an indexed input deleted on disk asks for a commit (LOOP-045) (166.075707ms)
✔ wake and check require a Git working tree (LOOP-046) (111.53716ms)
✔ recovery removes only dead kernel run records and identifies a live owner (LOOP-054, LOOP-055) (295.558802ms)
✔ an agent action based behind a clean HEAD appears committed (LOOP-027) (174.021613ms)
✔ realization needs a real commit and a subject (DEC-006) (263.976195ms)
✔ 1500 binary inputs digest identically at the review commit in under a second (LOOP-024) (1367.759605ms)
✔ merged work is excluded but a later own commit is a breach (LOOP-047) (263.91897ms)
✔ exact Current tenure ignores prefix matches and earlier visits to the same slug (LOOP-035) (294.707243ms)
✔ a kernel run records its supervising PID (LOOP-054) (249.440455ms)
✔ a merged declared input still stales evidence (LOOP-047) (389.999849ms)
✔ wildcard and magic pathspecs select the same historical inputs (LOOP-024, LOOP-032) (2141.070332ms)
✔ historical selection retains deleted files and excludes new ones (LOOP-024, LOOP-035) (1205.330913ms)
✔ cairn --version prints the package.json version outside a repository, and help lists it (PKG-039) (129.078954ms)
✔ a release is one commit setting one version in the five files, with the changelog entry, tagged v<version> (PKG-040) (944.071184ms)
✔ the release script refuses a bad version, no increase, a dirty tree, a missing entry, a taken tag, a disagreeing file, and a loop not at Done, each in one line with nothing written (PKG-040) (1831.860746ms)
✔ a version file written as compact JSON is released, and nothing else in any version file changes (PKG-042) (1227.288118ms)
✔ with attribution forbidden, the release script refuses an unpushed commit carrying an AI attribution line (PKG-045) (552.718571ms)
✔ explicit reporting with no lines and exit 0 establishes no requirement verdicts (LOOP-061) (412.512727ms)
✔ explicit reporting with no lines and exit 1 establishes no requirement verdicts (LOOP-061) (400.420003ms)
✔ a reporter that cannot start keeps execution diagnostics without blaming requirements (LOOP-062) (258.348239ms)
✔ large output cannot kill a reporter or invent a requirement verdict (303.212184ms)
✔ explicit mode ignores cairn: R-999: pass (269.317952ms)
✔ explicit mode ignores cairn: R-001: unverified (288.06778ms)
✔ explicit mode ignores cairn: R-001: passed (304.111882ms)
✔ explicit results survive nonzero exit and contradictory duplicates still fail (561.487387ms)
✔ unverified results across changed inputs never become failed attempts (1401.821183ms)
✔ legacy exit 0 retains its interpretation (222.707593ms)
✔ legacy exit 1 retains its interpretation (228.311752ms)
✔ a misspelled reporting mode is refused before execution (110.034647ms)
✔ changed requirement blocks unchecked reruns and makes the completion review stale (LOOP-058, LOOP-059) (1648.793719ms)
✔ falsifier changes need review; separate rationale and other requirements do not change a receipt (1222.334368ms)
✔ legacy receipts recover requirement identity from their commit; unavailable history requires review (964.497096ms)
✔ check refuses uncommitted requirement text and mechanism review markers (776.929829ms)
✔ tightened response limit cannot reuse the old passing check (1325.059894ms)
✔ a declared input over 1 MiB agrees at a commit and in the tree (LOOP-060) (443.562868ms)
✔ a failed Git blob read cannot be hashed as an empty blob (383.86596ms)
✔ Git listings over 1 MiB include the last declared input (2149.20367ms)
✔ requirement identity excludes fenced examples and status dates (488.398822ms)
✔ DemonCoder REM-002 and Status in progress cannot silently satisfy the review gate (LOOP-086) (714.569244ms)
✔ valid open findings retain their behavior (468.013743ms)
✔ valid resolved findings retain their behavior (526.067394ms)
✔ valid empty findings retain their behavior (501.409856ms)
✔ valid mixed valid findings retain their behavior (455.147042ms)
✔ malformed finding "open:" requires repair (448.021695ms)
✔ malformed finding "resolved:   " requires repair (387.453364ms)
✔ malformed finding "Open: incorrect case" requires repair (360.348787ms)
✔ malformed finding "unknown: issue" requires repair (337.890931ms)
✔ malformed finding "\u001b[31mBAD: issue" requires repair (362.644848ms)
✔ the established explicit empty findings list remains valid (371.556744ms)
✔ a scalar findings value requires the supported list format (330.160296ms)
✔ check runs a mechanism when a requirement outside the commitment was revised, and asks for the review once a commitment includes it (LOOP-059) (811.395884ms)
✔ a Requirements: line written as a list is read like the flat form (LOOP-102) (106.558146ms)
✔ a subdirectory or a README in a record directory changes nothing (LOOP-103) (498.1847ms)
✔ two Current: lines are a roadmap repair (LOOP-104) (75.323619ms)
✔ a repeated identifier, an input under the evidence directory, and a missing cwd are refused by name (LOOP-105) (429.000042ms)
✔ a requirement whose evidence outlives its mechanism is named declare, not a regression or an escalation (LOOP-106) (1006.068568ms)
✔ an unreadable record is a repair, not an error exit (LOOP-107) (84.869794ms)
✔ a review needs commit, a nonempty examined list, and a findings list, each named when missing (LOOP-108) (949.045331ms)
✔ a decision record missing a header field or naming a missing predecessor is a repair (LOOP-109) (276.855075ms)
✔ a dirty declared input with no in-progress record is named record ahead of run (LOOP-022, LOOP-110) (236.811407ms)
✔ with core.filemode false the index mode is the identity, so a mode-only difference does not refuse the check (LOOP-111) (213.937522ms)
✔ a project below the Git toplevel can run check (LOOP-112) (264.360855ms)
✔ a shallow clone names history to fetch, not a decision to build (LOOP-113) (148.219152ms)
✔ record-writing commands refuse to run outside a Cairn repository and write nothing (LOOP-118) (226.752929ms)
✔ a git that cannot start is one line and exit 3 from wake and from check, with nothing recorded (LOOP-137) (76.509719ms)
✔ an unexplained or uncommitted stop record is named explain before any other action; explained and committed, the wake moves on (LOOP-139) (275.225043ms)
✔ empty footprint names declaration before scope and records no evidence (LOOP-081) (517.85115ms)
✔ first declaration still checks the full earlier history (LOOP-081) (337.099095ms)
✔ an empty current footprint does not block an explicitly requested existing mechanism (LOOP-081) (292.747848ms)
✔ an inherited mechanism provides a footprint even before local mechanisms exist (237.679737ms)
✔ scope reports every path, escapes line breaks, and gives identical remedies (LOOP-082) (214.570036ms)
✔ scope verdict reuses the answered-escalation annotation (LOOP-048, LOOP-051, LOOP-083) (546.607883ms)
✔ a committed scope acknowledgment lets restored history proceed (LOOP-083) (687.906384ms)
✔ scope acknowledgment must be committed before it can clear a breach (601.053394ms)
✔ ordinary ok does not acknowledge scope history (305.857779ms)
✔ scope escalation refuses unrestored paths and names the restoration remedy (232.909768ms)
✔ an invalid scope request still records an explicitly Blocking decision (139.433919ms)
✔ ask and explanation stay open; only the final committed ok acknowledges scope (697.011831ms)
✔ instead is visible but does not silently authorize a scope exception (349.566606ms)
✔ later changes to an acknowledged path still block, including later reverts (1041.560515ms)
✔ approval cannot hide another path changed after the snapshot (366.680042ms)
✔ acknowledged history remains conditional on the paths staying restored (506.688477ms)
✔ editing the scope snapshot after answer invalidates its acknowledgment (276.805552ms)
✔ malformed scope metadata cannot suppress a breach (1415.798027ms)
✔ damaged acknowledgment fields cannot suppress a breach (510.697904ms)
✔ scope path matching is literal, including wildcard filenames and control characters (527.122511ms)
✔ scope acknowledgment does not carry into another activation of the same slug (292.713489ms)
✔ restoration checks additions, deletions, executable modes, and symlink kinds (1423.815572ms)
✔ explicit committed retention keeps correct work and requires new evidence and review (LOOP-084, LOOP-085) (1979.775758ms)
✔ a missing declaration covers correct earlier work without retention or revert (481.164411ms)
✔ keep requires scope and an unchanged committed candidate (155.917346ms)
✔ uncommitted retention and instead answers cannot clear the incident (1009.204139ms)
✔ retention does not grant future edits, even when reverted to the approved tree (1216.627059ms)
✔ retention cannot cover another path or another activation (537.200024ms)
✔ imported changes must still match the retained tree (551.207655ms)
✔ retention handles additions, deletions, modes, symlinks, and literal filenames (1863.961937ms)
✔ retention cannot convert an existing restoration answer or accept an unknown mode (410.29174ms)
✔ a check failure after retention remains a failure (644.914791ms)
✔ retained paths stay part of the stable checked candidate without extending its footprint (601.700942ms)
✔ retention ask needs an explanation and final committed approval (532.144991ms)
✔ an unknown scope mode remains invalid even with a matching approval digest (261.797726ms)
✔ backlog writes the item; a second with the same title is refused, never overwritten (LOOP-016) (125.381995ms)
✔ a commit inside the footprint: check runs; outside it: check names the path and does not run (LOOP-015, LOOP-035) (536.775346ms)
✔ Cairn's records are never a breach; another file under docs/ is (LOOP-117) (624.527406ms)
✔ declaring the path as an input clears the breach (264.560199ms)
✔ a revert preserves the record of an out-of-scope commit (LOOP-047) (296.805436ms)
✔ a commitment naming a requirement the spec set does not hold as Agreed is repaired (LOOP-029) (71.935344ms)
✔ a requirement in a Draft spec file is not Agreed (74.097492ms)
✔ working agreements and the ignore file are Cairn records (LOOP-035, LOOP-036) (426.577299ms)
✔ the over-asking rule is gone from both skills (SPEC-005, SPEC-006, SPEC-007) (1.347778ms)
✔ a decision during the phase is recorded (DEC-003) (0.159938ms)
✔ understanding is restated before writing (SPEC-003) (0.100439ms)
✔ falsifiers are proposed as one set and confirmed by exception (SPEC-004) (0.149419ms)
✔ depth is inferred and domains derived, never asked or imposed (SPEC-008, SPEC-009) (0.118476ms)
✔ a term enters the glossary at first occurrence (SPEC-010) (0.086772ms)
✔ the phase ends at the first commitment, and later ones are specified during the loop (SPEC-011, SPEC-012) (0.080641ms)
✔ a requirement goes Agreed only with a nameable mechanism (SPEC-013) (0.092843ms)
✔ review before agreement, recording what it attacked (SPEC-014, SPEC-015) (0.092449ms)
✔ no spec file without requirements; nothing Agreed without a falsifier (SPEC-001, SPEC-002) (0.147824ms)
✔ Observed is marked, and is not contract (SPEC-016, SPEC-017) (1.310617ms)
✔ the skills exclude artifacts outside Cairn's workflow (0.159847ms)
✔ the working agreement names the agent's move for each verdict and the write-ahead record (LOOP-036) (0.169744ms)
✔ the working agreement names the developer's moves (LOOP-036, DEC-014) (0.075204ms)
✔ this repository runs by the file it ships (0.318447ms)
✔ both skills write the working agreement without naming a vendor's file (LOOP-002, LOOP-036, PKG-006) (0.091417ms)
✔ the working agreement says what an attempt is (LOOP-036, DEC-017, DEC-018) (0.071682ms)
✔ the working agreement says a failure no footprint change can address is an escalation, and where an inherited requirement is repaired (DEC-019, LOOP-057) (0.754683ms)
✔ the working agreement states the promote, next-iteration, and no-deferral moves (LOOP-029, LOOP-087, LOOP-091, LOOP-092) (0.108914ms)
✔ both skills sort captures into the backlog or next-iteration and forbid deferral (LOOP-029, LOOP-092, LOOP-093) (0.058402ms)
✔ the skill requires a falsifier on every requirement, a MAY included (SPEC-025) (0.043472ms)
✔ the working agreement names the hooks as optional and the install skill registers them for two harnesses (PKG-006, PKG-018, PKG-019) (0.237473ms)
✔ the working agreement says the kernel is upgraded at Done, never inside a commitment (LOOP-096) (0.059004ms)
✔ the next-iteration skill starts from the specification and ends by naming the next commitment (SPEC-026, SPEC-027) (0.203087ms)
✔ every document that names the project skills names next-iteration beside them (SPEC-026, PKG-014) (3.273241ms)
✔ the working agreement states a move for every action the kernel can name (LOOP-101) (1.492012ms)
✔ the working agreement states both record formats and the two flags the moves need (LOOP-036) (0.099952ms)
✔ the skills demonstrate a safe violating example and preserve recon findings (SPEC-022, SPEC-023) (0.03501ms)
✔ the specification skills run the checker through the cairn command (PKG-029) (0.142289ms)
✔ the README invokes the phase skills by name and states versions and platforms (PKG-030, PKG-031) (0.17804ms)
✔ the manual and the walkthrough say the loop promotes backlog items at Done (0.614508ms)
✔ the working agreement says a report is not work under way, its findings are captured, and it is committed with them (LOOP-138) (0.079938ms)
✔ a two-obligation sentence is named (PKG-007) (38.02787ms)
✔ an obligation with no actor is named (PKG-010) (39.525002ms)
✔ a leading condition clause is not the actor, and the actor after it counts (39.128893ms)
✔ an Agreed requirement with no falsifier is named (SPEC-002); a Draft one is not (70.665188ms)
✔ prose after a Draft requirement with no falsifier is not scanned as requirement text (41.1182ms)
✔ a spec declaring a prefix with no requirement is named (SPEC-001) (47.796859ms)
✔ a keyword in backticks or quotes is a mention, not an obligation (35.385545ms)
✔ duplicate identifiers are rejected within a file and across files (SPEC-020) (79.794369ms)
✔ references resolve across files; missing references name their source (SPEC-021) (83.007475ms)
✔ code examples and quoted mentions are neither definitions nor references (38.368906ms)
✔ machine-local paths are findings in prose, links, quotes, and examples (SPEC-019) (388.743672ms)
✔ relative paths, URLs, slash commands, and character mentions are not absolute path findings (34.463499ms)
✔ a slash after a placeholder continues the template (SPEC-019) (78.85229ms)
✔ a host path is a finding until the file declares it (SPEC-019, SPEC-024) (69.450669ms)
✔ declared host paths cover children with a slash boundary and stay file-local (113.889618ms)
✔ a host-path declaration inside a requirement or example grants no exception (110.595573ms)
✔ host-path declarations require absolute or home-relative entries (199.361518ms)
✔ an Agreed block whose only keyword is MAY needs a falsifier like any other (SPEC-025, SPEC-002) (86.339332ms)
✔ a regex literal is not a path, a drive path and a file URL are, and a skill's slash name is allowed (SPEC-028, SPEC-029) (80.837877ms)
✔ a backticked or quoted actor still counts as one (PKG-010) (35.059932ms)
✔ supersede writes both lines, and the old record keeps every word it had (DEC-008, DEC-010) (72.838497ms)
✔ supersede without a cause, or with one outside the four, is refused (DEC-009) (131.32701ms)
✔ supersede of a record that does not exist is refused (73.796302ms)
✔ a predecessor with no title line cannot be stamped, so nothing is written (69.167664ms)
✔ a --supersedes argument outside the slug alphabet is refused, and a path never reaches the filesystem (DEC-022) (228.072126ms)
✔ a record already superseded cannot be superseded again: one Superseded by line per record (DEC-022, DEC-010) (189.668098ms)
✔ reversals reports counts by decider, cause, and domain (DEC-011) (178.527207ms)
✔ decide in a domain with a reversal is refused without --history, naming the reversal; with it, the record carries History (DEC-012) (177.97416ms)
✔ decide in a domain with no reversals needs no --history (116.566584ms)
✔ a record resting on prose alone is in the domain unspecified, and so is the next one (117.587505ms)
✔ the decider tally normalizes case and whitespace, and names a value outside the vocabulary (DEC-020, DEC-011) (64.268024ms)
✔ a record with no Decided by line is tallied as unrecorded, not as a vocabulary value (64.149378ms)
✔ Decided by written as a list tallies like the flat form, and does not crash the report (LOOP-124, DEC-020) (63.734644ms)
✔ a second declaration for one requirement is accepted, a named check runs every mechanism, and Done needs each to pass (LOOP-056, LOOP-099) (1936.329972ms)
✔ one mechanism's stale evidence names that mechanism, and --stale runs only it (LOOP-056, LOOP-094) (720.317118ms)
✔ attempts are counted within one mechanism's records, so the other's passes do not reset them (LOOP-100, DEC-016) (1325.123371ms)
✔ step 1: an in-progress record is reconciled before anything else (86.845227ms)
✔ step 2: an open escalation is presented and nothing else happens (69.021782ms)
✔ an answered escalation is not open (475.961501ms)
✔ step 3: a decision with no realized-by is built, first by name (DEC-007) (89.469248ms)
✔ a superseded decision with no realized-by is not work (108.104841ms)
✔ step 6: a mechanism that has never run is run, not implemented (LOOP-008) (119.609465ms)
✔ step 6: a requirement whose mechanism fails is implemented (453.202246ms)
✔ step 6 before step 7: failing evidence outranks a missing mechanism (327.958335ms)
✔ step 7: a requirement with no mechanism is declared (LOOP-106) (75.909919ms)
✔ every verdict names who acts: Resolvable is the agent's, Done needs nobody, Escalate waits for the developer (LOOP-004) (558.913677ms)
✔ malformed roadmap is Resolvable, not fatal (LOOP-005) (60.379172ms)
✔ a commitment naming no requirements is Resolvable (LOOP-018) (73.500246ms)
✔ the primary test: two wakes on the same checkout give the same action, before and after a persisted transition (LOOP-001, LOOP-003) (511.797228ms)
✔ outside a cairn repository wake cannot run (35.925148ms)
✔ the loop never waits on the review queue (DEC-015) (360.837353ms)
✔ twenty built records cost one git call to resolve, not twenty (DEC-023) (171.372403ms)
✔ an ambiguous Realized by identifier is the repair that says lengthen it, not a build (LOOP-113, DEC-023) (168.909648ms)
✔ the linked walkthrough runs from agreement through the next commitment (PKG-016) (1258.425286ms)
ℹ tests 518
ℹ suites 0
ℹ pass 518
ℹ fail 0
ℹ cancelled 0
ℹ skipped 0
ℹ todo 0
ℹ duration_ms 22061.027185
