✔ a Draft block overrides an Agreed file for both wake and check (SPEC-018) (222.32916ms)
✔ an Agreed block overrides a Draft file in the kernel and lint (SPEC-018, SPEC-002) (555.770808ms)
✔ a block Status does not become the file default, including inside examples (SPEC-018) (382.47226ms)
✔ block status without a value does not inherit Agreed by accident (SPEC-018) (97.885628ms)
✔ inheritance needs a file Scope and includes only Agreed blocks, regardless of prefix (PKG-015) (1853.95393ms)
✔ Scope inside a requirement or fenced example does not declare inheritance (PKG-015) (682.735385ms)
✔ a falsifier wrapped onto a line beginning with Status: does not become the block's status (SPEC-018) (1.154993ms)
✔ LOOP-063: reject input mutation during a check and retain diagnostics (372.655415ms)
✔ LOOP-063: reject deletion mutation during a check and retain diagnostics (395.727867ms)
✔ LOOP-063: reject addition mutation during a check and retain diagnostics (383.277366ms)
✔ LOOP-063: reject mode mutation during a check and retain diagnostics (420.274341ms)
✔ LOOP-063: reject specification mutation during a check and retain diagnostics (444.868673ms)
✔ LOOP-063: reject declaration mutation during a check and retain diagnostics (408.536776ms)
✔ LOOP-063: reject commit mutation during a check and retain diagnostics (383.785462ms)
✔ LOOP-063: committed input mutation during execution cannot certify the replacement (327.258353ms)
✔ LOOP-064: removing executable permission makes passing evidence stale (486.576209ms)
✔ LOOP-064: a mode-only change also invalidates the previous review after new evidence (720.666137ms)
✔ LOOP-064: changing a regular file into a link with identical identity bytes is stale (853.278622ms)
✔ LOOP-063: an unchanged candidate still records a pass despite unrelated working-tree edits (278.610632ms)
✔ LOOP-064: current and historical input ordering agrees for Unicode filenames (423.675466ms)
✔ LOOP-063: Git status hiding content changes cannot certify an uncommitted candidate (116.442421ms)
✔ LOOP-066: one check owns execution with a kernel action record (447.306371ms)
✔ LOOP-066: one check owns execution with an agent action record (456.958369ms)
✔ LOOP-066: a live lock is named and never silently overwritten (140.191199ms)
✔ LOOP-066: a dead lock is named and never silently overwritten (149.687327ms)
✔ LOOP-066: a incomplete lock is named and never silently overwritten (146.716154ms)
✔ LOOP-066: an execution error releases the check lock for a corrected rerun (587.687608ms)
✔ LOOP-066: a live kernel action from an older Cairn also blocks execution (108.437071ms)
✔ LOOP-066: separate Git worktrees can run checks independently (545.014201ms)
✔ after a green check --stale runs nothing; after one input changes it runs only that mechanism (LOOP-094) (953.111214ms)
✔ a mechanism speaking for two stale requirements runs once and refreshes both (LOOP-094, LOOP-040) (723.57282ms)
✔ a fresh failure and an unverified result are skipped with implement named (LOOP-094) (742.42199ms)
✔ --stale with a requirement identifier is refused (LOOP-094) (92.545244ms)
✔ check refuses a dirty declared input and names it; a dirty undeclared file does not block (LOOP-030) (413.223713ms)
✔ check writes one receipt per run carrying the full record and a result line per requirement (LOOP-097) (320.849686ms)
✔ a nonzero exit records fail, and the receipt keeps the exit code (LOOP-034) (346.407085ms)
✔ a pass after a fail keeps the failing record; nothing is overwritten or deleted (LOOP-025) (764.484419ms)
✔ a commit changing a declared input makes evidence stale; an undeclared one does not (LOOP-007) (821.223178ms)
✔ a regression is named before a requirement that never passed (LOOP-031) (847.40152ms)
✔ three attempts with no escalation since: wake says escalate, not a fourth (DEC-016, DEC-017, DEC-018) (2251.786587ms)
✔ the review gate: no review, stale review, open finding, then Done (LOOP-020, LOOP-033) (984.437342ms)
✔ Done is refused while any requirement lacks current passing evidence (LOOP-017) (82.106648ms)
✔ check names a requested requirement that no mechanism claims (87.468411ms)
✔ check writes the in-progress record before the run and clears it after (LOOP-021) (180.051154ms)
✔ a linked declared input digests the same at a commit and in the tree (LOOP-023, LOOP-024) (410.007894ms)
✔ a result line is the mechanism's statement about one requirement; what it did not mention is unverified (LOOP-037, LOOP-052) (184.247425ms)
✔ a mechanism that says nothing is read by its exit code for every requirement (LOOP-039) (189.860907ms)
✔ unverified is not an attempt, and a return to an earlier failed digest counts once (DEC-017, DEC-018) (1661.894897ms)
✔ a result line for a requirement the mechanism does not speak for is named and writes nothing (LOOP-038) (204.993398ms)
✔ a result line inside ordinary output, or without the marker, does not count (432.045088ms)
✔ a targeted check runs the named requirements' mechanisms and records every requirement they speak for (LOOP-040) (183.020141ms)
✔ two result lines for one requirement: a fail on any line wins (175.566699ms)
✔ three runs at one digest with no attempt since: the verdict stays implement and names DEC-019; an escalation naming it among others clears the hint (DEC-019, LOOP-053) (904.269147ms)
✔ a receipt names its commit in full, and an older receipt with the short form is still read (LOOP-136) (273.315068ms)
✔ a complete commitment with an unpromoted backlog item names promote, and a stamped item lets it reach Done (LOOP-087) (887.0822ms)
✔ an empty backlog with waiting next-iteration items is Done, with the count as information and no action on them (LOOP-091) (811.922066ms)
✔ a promotion marker must resolve to a decision record (LOOP-088) (324.359134ms)
✔ a commitment promoted from an item needs a decision record naming the item (LOOP-088) (313.744978ms)
✔ the spec lint reports a promotion marker with no decision record (LOOP-088) (111.110645ms)
✔ a promoted commitment that changes an Agreed requirement or the working agreement is an escalation; an unpromoted one is not (LOOP-089, LOOP-090) (1408.424415ms)
✔ a capture from one of the commitment's own requirements needs Outside because: or an escalation (LOOP-092) (1585.834065ms)
✔ a next-iteration item names what it would change, and the capture refuses one that does not (LOOP-093) (541.616459ms)
✔ a commitment specified from a next-iteration item needs the item stamped before anything else (SPEC-027) (505.492093ms)
✔ a by deference marker resolves to a decision record like a promotion marker (SPEC-002, LOOP-088) (192.300112ms)
✔ the LOOP-090 gate reads the Concerns line, not the slug as a substring (LOOP-114) (504.056556ms)
✔ the LOOP-088 check reads the Promotes line, and decide --promotes writes it (LOOP-115) (238.17948ms)
✔ the activation commit of a promoted commitment is inside the LOOP-089 comparison (LOOP-116) (135.595682ms)
✔ the LOOP-090 route needs one escalation: its Concerns line covers the moved item too (LOOP-119, LOOP-092, LOOP-114) (628.435442ms)
✔ an escalation raised before the promoted commitment began does not silence the LOOP-090 gate (LOOP-114) (326.472499ms)
✔ an escalation raised before the commitment began does not silence the capture gate (LOOP-119) (312.168392ms)
✔ the activation commit is inside the scope footprint (LOOP-120) (120.157822ms)
✔ a requirement Agreed at activation that is demoted or removed is a contract change (LOOP-121) (598.487033ms)
✔ the include files are the root files that hold @AGENTS.md: exempt from the footprint, compared by the gate (LOOP-122) (1272.24864ms)
✔ a superseded promotion no longer satisfies the LOOP-088 check, and the repair says the promotion was reversed (LOOP-123) (428.449123ms)
✔ the restore route measures from the tree before activation, so a path the activation commit added must go (LOOP-120, LOOP-035) (160.07007ms)
✔ the loop works against exactly one commitment: the current one (LOOP-019) (375.455741ms)
✔ a promotion recorded below Consequential is a repair naming the level, since the developer never sees it in the queue (LOOP-088) (61.033214ms)
✔ every requirement the node-test declaration speaks for is named in a test title (PKG-025) (2.201947ms)
✔ every repository path the tests read is a declared input of node-test (PKG-026) (0.764051ms)
✔ writes a record with every required field and an empty realized-by (DEC-001, DEC-005) (95.453183ms)
✔ a Consequential decision is queued for review (DEC-013) (77.461525ms)
✔ a Consequential decision is queued even when .cairn/queue does not exist yet (80.235313ms)
✔ Routine is refused: routine decisions produce no record (86.397218ms)
✔ a missing field is a usage error and nothing is written (81.69158ms)
✔ supersedes requires a classified cause, and the old record must exist (173.520434ms)
✔ an existing record is not overwritten (128.962624ms)
✔ a queued decision stays queued; nothing but the developer removes it (DEC-014) (224.800081ms)
✔ each accepted decider is stored lowercase, whatever case it was typed in (DEC-020) (600.951557ms)
✔ a decider outside the vocabulary is a usage error naming all three, and nothing is written (DEC-020) (487.41316ms)
✔ an empty --decided-by is the missing-field error, not the vocabulary one (91.740433ms)
✔ LOOP-006, LOOP-067: missing inputs names a declaration repair before execution (154.302323ms)
✔ LOOP-006, LOOP-067: empty inputs names a declaration repair before execution (157.155622ms)
✔ LOOP-006, LOOP-067: missing command names a declaration repair before execution (154.892874ms)
✔ LOOP-006, LOOP-067: list command names a declaration repair before execution (137.828597ms)
✔ LOOP-006, LOOP-067: empty command names a declaration repair before execution (175.763919ms)
✔ LOOP-006, LOOP-067: missing requirements names a declaration repair before execution (165.124574ms)
✔ LOOP-006, LOOP-067: bad identifier names a declaration repair before execution (152.562822ms)
✔ LOOP-067: scalar one-item lists retain their existing meaning (344.627455ms)
✔ LOOP-068: a unpopulated gitlink is refused by name (216.088147ms)
✔ LOOP-068: a populated gitlink is refused by name (244.729442ms)
✔ LOOP-069: identical selections across 100 mechanisms use at most 20 Git processes (176.927252ms)
✔ escalate writes the six-line format followed by its facts, and wake presents it (LOOP-010, LOOP-026) (130.376589ms)
✔ a missing or multi-line field is refused with the field named, and nothing is written (LOOP-012) (106.889618ms)
✔ a Blocking escalation that fails the format is written anyway, naming the malformed field (LOOP-013) (150.926371ms)
✔ the loop stops for the developer only at Blocking: a recorded decision below it never yields Escalate, and the Blocking bypass must be spelled exactly (DEC-002) (303.24695ms)
✔ a second escalation while one is open is refused (LOOP-011) (134.245308ms)
✔ answer records the reply; wake no longer presents it; a second answer is refused (285.016742ms)
✔ answer to an unknown escalation is refused (71.020965ms)
✔ a stranger resumes from the file alone: question and answer are both in it (LOOP-014) (141.405084ms)
✔ a developer-shaped answer during the agent's turn is refused and writes nothing; the explanation is still accepted (LOOP-135) (704.822392ms)
✔ after an answer, the same concern can be escalated again under a new name (234.690739ms)
✔ an escalation exists when its file does, committed or not (LOOP-009) (80.359371ms)
✔ developer answers require one of the three forms and cannot inject fields (LOOP-048) (596.052369ms)
✔ ask, agent explanation, another ask, and ok stay ordered in one file (LOOP-049, LOOP-050, LOOP-014) (711.570753ms)
✔ fresh closed answers accompany only concerned requirements until new evidence (LOOP-051) (635.914118ms)
✔ a raised escalation carries no derivable status line, and an old record with one still parses (LOOP-028) (148.389431ms)
✔ LOOP-065: delete of output refuses Done and a new run recovers (1183.373582ms)
✔ LOOP-065: corrupt of output refuses Done and a new run recovers (1270.392407ms)
✔ LOOP-065: delete of stderr_output refuses Done and a new run recovers (943.223466ms)
✔ LOOP-065: corrupt of stderr_output refuses Done and a new run recovers (828.237171ms)
✔ LOOP-065: a receipt without output needs a new check (489.226176ms)
✔ LOOP-065: a receipt without output_digest needs a new check (466.753495ms)
✔ LOOP-065: a receipt without stderr_output needs a new check (605.800067ms)
✔ LOOP-065: a receipt without stderr_digest needs a new check (394.384107ms)
✔ LOOP-065: legacy unverifiable output is rerun without rewriting history (705.820959ms)
✔ a fresh record names the kernel that wrote it (LOOP-023) (317.79728ms)
✔ LOOP-095: a record from another kernel is stale with the kernel named, and a new check restores Done (705.119301ms)
✔ LOOP-095: a record from no kernel is stale with the kernel named, and a new check restores Done (727.270487ms)
✔ LOOP-070: a later failure is latest even when the clock moves backward (922.325225ms)
✔ LOOP-070: receipt collisions at one clock instant retain execution order beyond nine suffixes (3399.52229ms)
✔ LOOP-070: imported branch receipts stale a later sequence until a new check incorporates them (1311.784746ms)
✔ LOOP-070, LOOP-098: legacy receipts need one ordered check, remain byte-for-byte unchanged, and precede the run receipt in the history (528.572683ms)
✔ LOOP-070: edit of a prior receipt requires fresh evidence (480.965136ms)
✔ LOOP-070: remove of a prior receipt requires fresh evidence (447.624968ms)
✔ LOOP-075: supporting evidence file README.md does not become a receipt (520.33492ms)
✔ LOOP-075: supporting evidence file notes.txt does not become a receipt (493.267888ms)
✔ LOOP-075: supporting evidence file support does not become a receipt (509.715747ms)
✔ LOOP-075: supporting evidence file .DS_Store does not become a receipt (495.265497ms)
✔ LOOP-075: a malformed result line (result=success) names a repair before execution (360.507829ms)
✔ LOOP-075: a malformed result line (sequence=NaN) names a repair before execution (391.019841ms)
✔ LOOP-075: a malformed result line (sequence=9007199254740992) names a repair before execution (492.534319ms)
✔ LOOP-075: a malformed result line (history_digest=wrong) names a repair before execution (361.531788ms)
✔ LOOP-075: a malformed result line (tokens) names a repair before execution (378.764802ms)
✔ LOOP-075: a receipt-shaped directory is a named repair instead of an EISDIR crash (266.861083ms)
✔ LOOP-070: an earlier escalation cannot cover three new attempts after clock rollback (945.342615ms)
✔ LOOP-070: an answer becomes old after a later check even if that check's timestamp is earlier (592.79122ms)
✔ LOOP-070: the newest answer wins between checks even when its clock timestamp is older (400.107966ms)
✔ LOOP-070: legacy escalation dates cover old receipts but not three newer sequenced runs (1376.72113ms)
✔ a PKG requirement the commitment does not name is declared, run, and gates Done (PKG-011) (1769.140687ms)
✔ a PKG requirement in a Draft spec is not folded in (536.371262ms)
✔ LOOP-076, LOOP-079: stale inputs identify the receipt and the check to run (687.091226ms)
✔ LOOP-077: names a content change using checked input identity (603.609173ms)
✔ LOOP-077: names a mode change using checked input identity (741.868945ms)
✔ LOOP-077: names a kind change using checked input identity (640.26532ms)
✔ LOOP-077: names a added change using checked input identity (516.357605ms)
✔ LOOP-077: names a removed change using checked input identity (471.040726ms)
✔ LOOP-077: names a link-target change using checked input identity (715.225497ms)
✔ LOOP-077: changed selection compares the old and new input sets (488.315652ms)
✔ LOOP-077: raw CRLF changes remain visible when Git-clean content agrees (447.688852ms)
✔ LOOP-077: detail output is sorted, bounded, and reports the omitted count (618.718723ms)
✔ LOOP-077: filenames cannot inject lines or terminal controls into explanations (396.018446ms)
✔ LOOP-077: receipts from one run share details and do not store source contents (288.645954ms)
✔ LOOP-078, LOOP-080: legacy optional detail limits explanation without changing standing (473.461382ms)
✔ LOOP-078, LOOP-080: invalid-field optional detail limits explanation without changing standing (489.251956ms)
✔ LOOP-078, LOOP-080: missing optional detail limits explanation without changing standing (520.162417ms)
✔ LOOP-078, LOOP-080: invalid-json optional detail limits explanation without changing standing (483.242176ms)
✔ LOOP-078, LOOP-080: mismatched optional detail limits explanation without changing standing (498.88686ms)
✔ LOOP-078, LOOP-080: duplicate optional detail limits explanation without changing standing (484.903519ms)
✔ LOOP-078, LOOP-080: unsafe-path optional detail limits explanation without changing standing (728.626408ms)
✔ LOOP-078, LOOP-080: directory optional detail limits explanation without changing standing (465.333899ms)
✔ LOOP-078, LOOP-080: symlink optional detail limits explanation without changing standing (492.361296ms)
✔ LOOP-078: unavailable old requirement text is not claimed as a proven change (360.308763ms)
✔ LOOP-076, LOOP-079: changed requirements identify evidence and retain review-before-check guidance (404.343827ms)
✔ LOOP-078: simultaneous input and output damage keep both reasons (383.664489ms)
✔ LOOP-080: deterministic freshness sequence seed=7 (8723.947471ms)
✔ LOOP-080: deterministic freshness sequence seed=42 (6264.507899ms)
✔ LOOP-080: deterministic freshness sequence seed=913 (5580.683671ms)
✔ LOOP-080: agreement changes, mechanism review, checks, and completion review retain priority (1386.680258ms)
✔ LOOP-080: imported receipt history demands a rerun without a false input explanation (1643.178429ms)
✔ LOOP-073: clean CRLF input completes under attributes (491.302649ms)
✔ LOOP-073: clean CRLF input completes under autocrlf (510.017505ms)
✔ LOOP-073: raw line-ending mutation during a run is rejected even when Git still sees the same content (235.419761ms)
✔ LOOP-073: execution evidence changes when clean conversion preserves committed identity (1092.596449ms)
✔ LOOP-073: Git clean filters use Git's conversion while retaining raw evidence identity (507.052292ms)
✔ LOOP-073: failure of a required Git filter cannot record evidence (112.705972ms)
✔ LOOP-073: a clean filter moving HEAD during ending validation prevents evidence (561.012542ms)
✔ LOOP-073: canonical Git identities handle links without reading their targets (379.121001ms)
✔ LOOP-073: Git conversion keeps raw Unicode and control-character input paths (349.107921ms)
✔ LOOP-073: conversion and links work in a SHA-256 Git repository (413.614758ms)
✔ LOOP-074: historical specification filename "café.md" remains reviewable (362.533265ms)
✔ LOOP-074: historical specification filename "spec\ttab.md" remains reviewable (414.258347ms)
✔ LOOP-074: historical specification filename "spec\nline.md" remains reviewable (476.158117ms)
✔ help works outside a repository without running a command (PKG-017) (971.370738ms)
✔ help does not hide invalid options or consume literal arguments (184.710595ms)
✔ help lists the lint command (PKG-017) (53.098577ms)
✔ a working directory that no longer exists is named as the failure, and git is not blamed (PKG-041, PKG-022) (196.939598ms)
✔ the stop hook refuses a stop while wake says Resolvable, with the verdict as the reason (PKG-018) (173.43559ms)
✔ the stop hook allows a stop at Done, at Escalate, and outside a Cairn repository (PKG-018) (949.464697ms)
✔ the session-start hook links the command once and prints the verdict in a Cairn repository (PKG-019, PKG-014, PKG-005) (542.305619ms)
✔ the session-start hook prints no verdict outside a Cairn repository and leaves an existing link that resolves alone (PKG-019) (64.077503ms)
✔ a checkout under a path with a space links a command that resolves, and its stop hook still blocks (PKG-019, PKG-021) (403.497312ms)
✔ the hooks run the kernel the command link resolves to, so hook and agent share one referee (PKG-021) (885.694192ms)
✔ a dangling link is replaced and reported (PKG-019) (148.231613ms)
✔ errors exit 0 with one line on standard error and no stack trace (PKG-022) (161.957457ms)
✔ the hooks judge with the cairn on PATH, a wrapper included, and session-start names it (PKG-033) (878.582192ms)
✔ a link to a wrapper or file is kept; a dangling link or one to a directory is replaced (PKG-034) (410.738392ms)
✔ a project below the Git toplevel gets the verdict and the stop refusal (PKG-035) (265.247554ms)
✔ a kernel that prints no verdict is one stderr line: the stop is allowed and session-start prints no trace (PKG-036) (159.863707ms)
✔ a link that cannot be created is one stderr line, and the verdict still prints (PKG-019, PKG-022) (159.220094ms)
✔ with git absent the hooks say so in one line and block nothing (PKG-022) (178.58137ms)
✔ cairn lint runs the checker over docs/spec by default and over a named directory (PKG-028) (246.56989ms)
✔ cairn lint names a missing directory in one line, takes one argument, and reports a bad root (PKG-028) (210.791211ms)
✔ three megabytes are retained exactly once with matching digests (LOOP-041, LOOP-042) (330.773178ms)
✔ split stdout result lines survive a long non-result line; stderr is never a verdict (340.906847ms)
✔ signal termination is recorded and logs survive a clone (LOOP-043) (306.876322ms)
✔ working agreements and ignore changes are Cairn records inside the footprint (342.700249ms)
✔ a clean package passes (79.962152ms)
✔ PKG-001: a dependency, or a service manifest (166.579481ms)
✔ PKG-002: ignoring evidence or other durable state, by directory or by extension (132.173331ms)
✔ PKG-003: a command, a directory, or a record kind no decision names (233.445055ms)
✔ PKG-004: a kernel over 1600 lines, counting every file under bin/ as wc -l does; exactly 1600 passes (311.873778ms)
✔ PKG-006: a skill step naming a vendor's product, in either order, across a wrapped list item (PKG-027) (310.454413ms)
✔ PKG-008: a non-ASCII character in a tracked text file (86.815368ms)
✔ PKG-009: the kernel importing from tests (99.184224ms)
✔ PKG-012: a network call or a model vendor in the kernel (203.194609ms)
✔ PKG-013: deferral language, but not in code, quotes, or a rule (633.000652ms)
✔ a tracked path deleted from the working tree is skipped, not a crash (82.274327ms)
✔ a sentence in a Formats section is not a record kind (99.164465ms)
✔ a record kind named by its path alone is checked (80.841141ms)
✔ PKG-002: a tracked in-progress record (65.682771ms)
✔ PKG-002: ignoring evidence alone is a finding (62.639541ms)
✔ PKG-003 reads the kernel's commands from its help output (PKG-023) (100.051246ms)
✔ the ASCII scan covers shipped files, not records under .cairn/ (PKG-024) (69.074607ms)
✔ a vendor-naming step wrapped across lines is matched (PKG-006, PKG-027) (63.701874ms)
✔ PKG-013 scans the README, the manual, and the walkthrough (PKG-032) (184.103381ms)
✔ the manifests, the listing and package.json agree on the name and version, and name paths the repository holds (PKG-037) (2.723609ms)
✔ the hooks file registers session-start and stop against the plugin's own hook.mjs through the plugin root variable (PKG-038) (0.243524ms)
✔ a Muse hook entry whose shared hook is missing prints one line and exits 0 (PKG-041, PKG-022) (87.585329ms)
✔ the registered commands print the verdict at session start, link the command into the plugin, and refuse a stop while wake says Resolvable (PKG-038, PKG-021) (314.763041ms)
✔ LOOP-071: decision body metadata does not resolve unbuilt work: "Superseded by: example" (592.510217ms)
✔ LOOP-071: decision body metadata does not resolve unbuilt work: "```text\nSuperseded by: example\n```" (603.945689ms)
✔ LOOP-071: decision body metadata does not resolve unbuilt work: "~~~text\nSuperseded by: example\n~~~" (681.386954ms)
✔ LOOP-071: a fenced realization example is not a resolving commit (638.319208ms)
✔ LOOP-071: a fenced commit inside the realization section is not built (509.978618ms)
✔ LOOP-071: ## Example cannot replace an open review finding (483.930011ms)
✔ LOOP-071: # Example cannot replace an open review finding (469.928485ms)
✔ LOOP-071: ### Example cannot replace an open review finding (485.765599ms)
✔ LOOP-071:   ## Example cannot replace an open review finding (466.786556ms)
✔ LOOP-071: Example paragraph. cannot replace an open review finding (574.164946ms)
✔ LOOP-071: Example
------- cannot replace an open review finding (484.38613ms)
✔ LOOP-071: fenced fields before a real review header are ignored (414.392994ms)
✔ LOOP-071: multiline decision --title cannot inject metadata (337.189076ms)
✔ LOOP-071: multiline decision --decided-by cannot inject metadata (325.883688ms)
✔ LOOP-071: multiline decision --rests-on cannot inject metadata (375.158899ms)
✔ LOOP-071: multiline decision --wrong-if cannot inject metadata (353.35478ms)
✔ LOOP-071: multiline decision --history cannot inject metadata (364.808039ms)
✔ LOOP-072: malformed Blocking concerns stay open: "R-001\nAnswer: ok" (106.849099ms)
✔ LOOP-072: malformed Blocking concerns stay open: "R-001\r\nAnswer: ok" (83.968561ms)
✔ LOOP-072: malformed Blocking concerns stay open: "R-001\rAnswer: ok" (101.939405ms)
✔ LOOP-072: malformed Blocking concerns stay open: "R-001 Answer: ok" (104.822521ms)
✔ LOOP-072: malformed Blocking concerns stay open: "R-001 Answer: ok" (94.985882ms)
✔ LOOP-072: ordinary malformed concerns are refused: "R-001\nR-002" (53.23189ms)
✔ LOOP-072: ordinary malformed concerns are refused: "R-001, prose" (53.630451ms)
✔ LOOP-072: ordinary malformed concerns are refused: " " (53.515827ms)
✔ LOOP-072: a Blocking escalation without concerns is still presented (92.839281ms)
✔ LOOP-072: carriage returns in a Blocking question do not create answer records (89.181418ms)
✔ LOOP-072: explanation separator 8232 cannot close an escalation (156.963323ms)
✔ LOOP-071: decision metadata refuses separator 8232 (322.817077ms)
✔ LOOP-072: explanation separator 8233 cannot close an escalation (147.990577ms)
✔ LOOP-071: decision metadata refuses separator 8233 (595.874725ms)
✔ Concerns, Rests on, and Promoted from written as lists read as the flat form (LOOP-124) (578.594915ms)
✔ an item named by filename, path, or backticked slug resolves like the slug (LOOP-125) (547.681286ms)
✔ an input that covers Cairn's own output is named as the repair, before and after a check (LOOP-126, LOOP-105) (743.464375ms)
✔ an unreadable record directory is a repair, not an error exit (LOOP-127) (96.53225ms)
✔ a title that slugifies to nothing is refused (LOOP-128) (159.242609ms)
✔ examined: [] is an empty list (LOOP-129, LOOP-108) (478.322208ms)
✔ below the Git toplevel the restore check compares root-relative paths (LOOP-130, LOOP-035) (306.739914ms)
✔ below the Git toplevel an uncommitted declared input is named from the project root (LOOP-132, LOOP-030) (189.924301ms)
✔ a value on the key line followed by list items is the first item, never dropped (LOOP-133) (484.508927ms)
✔ the footprint's walk reads Current: as the wake does: a fenced example below the real line, or a second line in history, never moves the start (LOOP-134, LOOP-035) (258.306177ms)
✔ an input spelled .. from a project below the Git toplevel covers the evidence directory (LOOP-126, LOOP-105) (74.148312ms)
✔ a Consequential record this commitment added needs its queue entry committed (LOOP-131, DEC-004) (453.859987ms)
✔ a mechanism that removes the check lock still gets its evidence, with no repair for the lock (LOOP-107) (264.838773ms)
✔ a staged rename reads as its two paths, never as a bare origin token (LOOP-030, LOOP-110) (100.28607ms)
✔ a Current: line inside a fenced example is neither a second Current: line nor the commitment, before or after the real line (LOOP-104) (175.227761ms)
✔ a Status: word is taken only from a line that carries one, never from wrapped prose after it (SPEC-018) (1.036933ms)
✔ the placeholder left above a resolving entry is a repair naming the file (DEC-021) (210.748428ms)
✔ the placeholder alone is a decision recorded and not yet built, unchanged (DEC-007) (70.312432ms)
✔ resolving entries with no placeholder are unchanged (DEC-006) (115.261076ms)
✔ a shallow clone that cannot resolve its entries is still told to fetch, not to edit (LOOP-113 keeps precedence) (198.383143ms)
✔ the placeholder quoted in a fenced example does not make a built record a repair (DEC-021) (155.123733ms)
✔ supersede takes the same decider vocabulary as decide (DEC-020) (95.747318ms)
✔ a superseded record is held to the same line: its placeholder above a resolving entry is a repair (DEC-021, DEC-010) (170.800421ms)
✔ realize() touches only the Realized by section; a body that quotes the placeholder keeps it (110.39451ms)
✔ an unmatched input is refused before execution (LOOP-044) (167.828629ms)
✔ an indexed input deleted on disk asks for a commit (LOOP-045) (154.824775ms)
✔ wake and check require a Git working tree (LOOP-046) (134.766104ms)
✔ recovery removes only dead kernel run records and identifies a live owner (LOOP-054, LOOP-055) (347.78511ms)
✔ an agent action based behind a clean HEAD appears committed (LOOP-027) (186.589459ms)
✔ realization needs a real commit and a subject (DEC-006) (249.32998ms)
✔ 1500 binary inputs digest identically at the review commit in under a second (LOOP-024) (1480.612888ms)
✔ merged work is excluded but a later own commit is a breach (LOOP-047) (242.066776ms)
✔ exact Current tenure ignores prefix matches and earlier visits to the same slug (LOOP-035) (251.501667ms)
✔ a kernel run records its supervising PID (LOOP-054) (210.763691ms)
✔ a merged declared input still stales evidence (LOOP-047) (357.283246ms)
✔ wildcard and magic pathspecs select the same historical inputs (LOOP-024, LOOP-032) (2237.430016ms)
✔ historical selection retains deleted files and excludes new ones (LOOP-024, LOOP-035) (1230.1691ms)
✔ cairn --version prints the package.json version outside a repository, and help lists it (PKG-039) (133.608683ms)
✔ a release is one commit setting one version in the five files, with the changelog entry, tagged v<version> (PKG-040) (986.775175ms)
✔ the release script refuses a bad version, no increase, a dirty tree, a missing entry, a taken tag, a disagreeing file, and a loop not at Done, each in one line with nothing written (PKG-040) (2167.972279ms)
✔ explicit reporting with no lines and exit 0 establishes no requirement verdicts (LOOP-061) (412.035128ms)
✔ explicit reporting with no lines and exit 1 establishes no requirement verdicts (LOOP-061) (425.524515ms)
✔ a reporter that cannot start keeps execution diagnostics without blaming requirements (LOOP-062) (281.759893ms)
✔ large output cannot kill a reporter or invent a requirement verdict (355.961403ms)
✔ explicit mode ignores cairn: R-999: pass (374.940277ms)
✔ explicit mode ignores cairn: R-001: unverified (352.121613ms)
✔ explicit mode ignores cairn: R-001: passed (298.796479ms)
✔ explicit results survive nonzero exit and contradictory duplicates still fail (535.116806ms)
✔ unverified results across changed inputs never become failed attempts (1238.778288ms)
✔ legacy exit 0 retains its interpretation (240.648195ms)
✔ legacy exit 1 retains its interpretation (228.478009ms)
✔ a misspelled reporting mode is refused before execution (109.432197ms)
✔ changed requirement blocks unchecked reruns and makes the completion review stale (LOOP-058, LOOP-059) (1793.16093ms)
✔ falsifier changes need review; separate rationale and other requirements do not change a receipt (1221.20719ms)
✔ legacy receipts recover requirement identity from their commit; unavailable history requires review (793.89784ms)
✔ check refuses uncommitted requirement text and mechanism review markers (769.339285ms)
✔ tightened response limit cannot reuse the old passing check (1496.439354ms)
✔ a declared input over 1 MiB agrees at a commit and in the tree (LOOP-060) (444.914651ms)
✔ a failed Git blob read cannot be hashed as an empty blob (373.834577ms)
✔ Git listings over 1 MiB include the last declared input (2371.947451ms)
✔ requirement identity excludes fenced examples and status dates (791.592465ms)
✔ DemonCoder REM-002 and Status in progress cannot silently satisfy the review gate (LOOP-086) (758.771149ms)
✔ valid open findings retain their behavior (509.12727ms)
✔ valid resolved findings retain their behavior (593.236345ms)
✔ valid empty findings retain their behavior (528.05275ms)
✔ valid mixed valid findings retain their behavior (437.248071ms)
✔ malformed finding "open:" requires repair (391.035044ms)
✔ malformed finding "resolved:   " requires repair (340.335756ms)
✔ malformed finding "Open: incorrect case" requires repair (340.374111ms)
✔ malformed finding "unknown: issue" requires repair (329.069375ms)
✔ malformed finding "\u001b[31mBAD: issue" requires repair (392.804197ms)
✔ the established explicit empty findings list remains valid (334.143076ms)
✔ a scalar findings value requires the supported list format (366.696806ms)
✔ a Requirements: line written as a list is read like the flat form (LOOP-102) (135.655284ms)
✔ a subdirectory or a README in a record directory changes nothing (LOOP-103) (487.263431ms)
✔ two Current: lines are a roadmap repair (LOOP-104) (72.71906ms)
✔ a repeated identifier, an input under the evidence directory, and a missing cwd are refused by name (LOOP-105) (415.349957ms)
✔ a requirement whose evidence outlives its mechanism is named declare, not a regression or an escalation (LOOP-106) (1227.289337ms)
✔ an unreadable record is a repair, not an error exit (LOOP-107) (112.396387ms)
✔ a review needs commit, a nonempty examined list, and a findings list, each named when missing (LOOP-108) (912.490614ms)
✔ a decision record missing a header field or naming a missing predecessor is a repair (LOOP-109) (286.245758ms)
✔ a dirty declared input with no in-progress record is named record ahead of run (LOOP-022, LOOP-110) (218.630691ms)
✔ with core.filemode false the index mode is the identity, so a mode-only difference does not refuse the check (LOOP-111) (225.153091ms)
✔ a project below the Git toplevel can run check (LOOP-112) (238.937869ms)
✔ a shallow clone names history to fetch, not a decision to build (LOOP-113) (175.409363ms)
✔ record-writing commands refuse to run outside a Cairn repository and write nothing (LOOP-118) (236.638349ms)
✔ empty footprint names declaration before scope and records no evidence (LOOP-081) (570.606188ms)
✔ first declaration still checks the full earlier history (LOOP-081) (351.947229ms)
✔ an empty current footprint does not block an explicitly requested existing mechanism (LOOP-081) (297.927688ms)
✔ an inherited mechanism provides a footprint even before local mechanisms exist (304.144223ms)
✔ scope reports every path, escapes line breaks, and gives identical remedies (LOOP-082) (252.608949ms)
✔ scope verdict reuses the answered-escalation annotation (LOOP-048, LOOP-051, LOOP-083) (658.991552ms)
✔ a committed scope acknowledgment lets restored history proceed (LOOP-083) (738.044444ms)
✔ scope acknowledgment must be committed before it can clear a breach (617.819038ms)
✔ ordinary ok does not acknowledge scope history (293.553165ms)
✔ scope escalation refuses unrestored paths and names the restoration remedy (249.932465ms)
✔ an invalid scope request still records an explicitly Blocking decision (163.95958ms)
✔ ask and explanation stay open; only the final committed ok acknowledges scope (737.258288ms)
✔ instead is visible but does not silently authorize a scope exception (541.081299ms)
✔ later changes to an acknowledged path still block, including later reverts (1131.463ms)
✔ approval cannot hide another path changed after the snapshot (402.864542ms)
✔ acknowledged history remains conditional on the paths staying restored (550.669498ms)
✔ editing the scope snapshot after answer invalidates its acknowledgment (298.588023ms)
✔ malformed scope metadata cannot suppress a breach (1485.758028ms)
✔ damaged acknowledgment fields cannot suppress a breach (926.620417ms)
✔ scope path matching is literal, including wildcard filenames and control characters (520.089225ms)
✔ scope acknowledgment does not carry into another activation of the same slug (302.354587ms)
✔ restoration checks additions, deletions, executable modes, and symlink kinds (1509.823332ms)
✔ explicit committed retention keeps correct work and requires new evidence and review (LOOP-084, LOOP-085) (2203.366675ms)
✔ a missing declaration covers correct earlier work without retention or revert (559.629428ms)
✔ keep requires scope and an unchanged committed candidate (174.11548ms)
✔ uncommitted retention and instead answers cannot clear the incident (1023.229153ms)
✔ retention does not grant future edits, even when reverted to the approved tree (1474.145868ms)
✔ retention cannot cover another path or another activation (640.33056ms)
✔ imported changes must still match the retained tree (584.606141ms)
✔ retention handles additions, deletions, modes, symlinks, and literal filenames (2056.058968ms)
✔ retention cannot convert an existing restoration answer or accept an unknown mode (446.539126ms)
✔ a check failure after retention remains a failure (709.822358ms)
✔ retained paths stay part of the stable checked candidate without extending its footprint (692.741687ms)
✔ retention ask needs an explanation and final committed approval (584.48023ms)
✔ an unknown scope mode remains invalid even with a matching approval digest (301.04559ms)
✔ backlog writes the item; a second with the same title is refused, never overwritten (LOOP-016) (119.135763ms)
✔ a commit inside the footprint: check runs; outside it: check names the path and does not run (LOOP-015, LOOP-035) (563.812275ms)
✔ Cairn's records are never a breach; another file under docs/ is (LOOP-117) (751.748922ms)
✔ declaring the path as an input clears the breach (363.84759ms)
✔ a revert preserves the record of an out-of-scope commit (LOOP-047) (309.717453ms)
✔ a commitment naming a requirement the spec set does not hold as Agreed is repaired (LOOP-029) (77.438724ms)
✔ a requirement in a Draft spec file is not Agreed (77.568728ms)
✔ working agreements and the ignore file are Cairn records (LOOP-035, LOOP-036) (412.977163ms)
✔ the over-asking rule is gone from both skills (SPEC-005, SPEC-006, SPEC-007) (1.148044ms)
✔ a decision during the phase is recorded (DEC-003) (0.139635ms)
✔ understanding is restated before writing (SPEC-003) (0.092768ms)
✔ falsifiers are proposed as one set and confirmed by exception (SPEC-004) (0.147676ms)
✔ depth is inferred and domains derived, never asked or imposed (SPEC-008, SPEC-009) (0.094966ms)
✔ a term enters the glossary at first occurrence (SPEC-010) (0.059849ms)
✔ the phase ends at the first commitment, and later ones are specified during the loop (SPEC-011, SPEC-012) (0.074016ms)
✔ a requirement goes Agreed only with a nameable mechanism (SPEC-013) (0.065449ms)
✔ review before agreement, recording what it attacked (SPEC-014, SPEC-015) (0.127935ms)
✔ no spec file without requirements; nothing Agreed without a falsifier (SPEC-001, SPEC-002) (0.134373ms)
✔ Observed is marked, and is not contract (SPEC-016, SPEC-017) (0.108885ms)
✔ the skills exclude artifacts outside Cairn's workflow (0.13206ms)
✔ the working agreement names the agent's move for each verdict and the write-ahead record (LOOP-036) (0.17123ms)
✔ the working agreement names the developer's moves (LOOP-036, DEC-014) (0.082182ms)
✔ this repository runs by the file it ships (0.319767ms)
✔ both skills write the working agreement without naming a vendor's file (LOOP-002, LOOP-036, PKG-006) (0.11112ms)
✔ the working agreement says what an attempt is (LOOP-036, DEC-017, DEC-018) (0.067578ms)
✔ the working agreement says a failure no footprint change can address is an escalation, and where an inherited requirement is repaired (DEC-019, LOOP-057) (0.065895ms)
✔ the working agreement states the promote, next-iteration, and no-deferral moves (LOOP-029, LOOP-087, LOOP-091, LOOP-092) (0.063995ms)
✔ both skills sort captures into the backlog or next-iteration and forbid deferral (LOOP-029, LOOP-092, LOOP-093) (0.049536ms)
✔ the skill requires a falsifier on every requirement, a MAY included (SPEC-025) (0.043803ms)
✔ the working agreement names the hooks as optional and the install skill registers them for two harnesses (PKG-006, PKG-018, PKG-019) (0.177964ms)
✔ the working agreement says the kernel is upgraded at Done, never inside a commitment (LOOP-096) (0.077661ms)
✔ the next-iteration skill starts from the specification and ends by naming the next commitment (SPEC-026, SPEC-027) (0.223276ms)
✔ every document that names the project skills names next-iteration beside them (SPEC-026, PKG-014) (2.368625ms)
✔ the working agreement states a move for every action the kernel can name (LOOP-101) (1.235214ms)
✔ the working agreement states both record formats and the two flags the moves need (LOOP-036) (0.135951ms)
✔ the skills demonstrate a safe violating example and preserve recon findings (SPEC-022, SPEC-023) (0.050253ms)
✔ the specification skills run the checker through the cairn command (PKG-029) (0.19729ms)
✔ the README invokes the phase skills by name and states versions and platforms (PKG-030, PKG-031) (0.268223ms)
✔ the manual and the walkthrough say the loop promotes backlog items at Done (0.635162ms)
✔ a two-obligation sentence is named (PKG-007) (43.681208ms)
✔ an obligation with no actor is named (PKG-010) (41.145167ms)
✔ a leading condition clause is not the actor, and the actor after it counts (39.825432ms)
✔ an Agreed requirement with no falsifier is named (SPEC-002); a Draft one is not (76.741338ms)
✔ prose after a Draft requirement with no falsifier is not scanned as requirement text (41.108756ms)
✔ a spec declaring a prefix with no requirement is named (SPEC-001) (39.690951ms)
✔ a keyword in backticks or quotes is a mention, not an obligation (34.017974ms)
✔ duplicate identifiers are rejected within a file and across files (SPEC-020) (84.534967ms)
✔ references resolve across files; missing references name their source (SPEC-021) (73.382437ms)
✔ code examples and quoted mentions are neither definitions nor references (43.446918ms)
✔ machine-local paths are findings in prose, links, quotes, and examples (SPEC-019) (436.078217ms)
✔ relative paths, URLs, slash commands, and character mentions are not absolute path findings (51.688074ms)
✔ a slash after a placeholder continues the template (SPEC-019) (136.804017ms)
✔ a host path is a finding until the file declares it (SPEC-019, SPEC-024) (92.01875ms)
✔ declared host paths cover children with a slash boundary and stay file-local (121.206637ms)
✔ a host-path declaration inside a requirement or example grants no exception (147.36645ms)
✔ host-path declarations require absolute or home-relative entries (245.49459ms)
✔ an Agreed block whose only keyword is MAY needs a falsifier like any other (SPEC-025, SPEC-002) (86.017822ms)
✔ a regex literal is not a path, a drive path and a file URL are, and a skill's slash name is allowed (SPEC-028, SPEC-029) (86.730006ms)
✔ a backticked or quoted actor still counts as one (PKG-010) (42.918189ms)
✔ supersede writes both lines, and the old record keeps every word it had (DEC-008, DEC-010) (119.975479ms)
✔ supersede without a cause, or with one outside the four, is refused (DEC-009) (186.653424ms)
✔ supersede of a record that does not exist is refused (91.253162ms)
✔ a predecessor with no title line cannot be stamped, so nothing is written (115.019259ms)
✔ a --supersedes argument outside the slug alphabet is refused, and a path never reaches the filesystem (DEC-022) (288.783566ms)
✔ a record already superseded cannot be superseded again: one Superseded by line per record (DEC-022, DEC-010) (201.125089ms)
✔ reversals reports counts by decider, cause, and domain (DEC-011) (205.982731ms)
✔ decide in a domain with a reversal is refused without --history, naming the reversal; with it, the record carries History (DEC-012) (168.902589ms)
✔ decide in a domain with no reversals needs no --history (114.84964ms)
✔ a record resting on prose alone is in the domain unspecified, and so is the next one (112.874741ms)
✔ the decider tally normalizes case and whitespace, and names a value outside the vocabulary (DEC-020, DEC-011) (58.318654ms)
✔ a record with no Decided by line is tallied as unrecorded, not as a vocabulary value (64.865218ms)
✔ Decided by written as a list tallies like the flat form, and does not crash the report (LOOP-124, DEC-020) (63.532474ms)
✔ a second declaration for one requirement is accepted, a named check runs every mechanism, and Done needs each to pass (LOOP-056, LOOP-099) (2013.677406ms)
✔ one mechanism's stale evidence names that mechanism, and --stale runs only it (LOOP-056, LOOP-094) (718.651792ms)
✔ attempts are counted within one mechanism's records, so the other's passes do not reset them (LOOP-100, DEC-016) (1611.675784ms)
✔ step 1: an in-progress record is reconciled before anything else (117.542463ms)
✔ step 2: an open escalation is presented and nothing else happens (94.953975ms)
✔ an answered escalation is not open (425.676924ms)
✔ step 3: a decision with no realized-by is built, first by name (DEC-007) (85.704916ms)
✔ a superseded decision with no realized-by is not work (104.465847ms)
✔ step 6: a mechanism that has never run is run, not implemented (LOOP-008) (103.285491ms)
✔ step 6: a requirement whose mechanism fails is implemented (405.560402ms)
✔ step 6 before step 7: failing evidence outranks a missing mechanism (297.667371ms)
✔ step 7: a requirement with no mechanism is declared (LOOP-106) (74.0218ms)
✔ every verdict names who acts: Resolvable is the agent's, Done needs nobody, Escalate waits for the developer (LOOP-004) (481.68794ms)
✔ malformed roadmap is Resolvable, not fatal (LOOP-005) (60.29102ms)
✔ a commitment naming no requirements is Resolvable (LOOP-018) (92.144814ms)
✔ the primary test: two wakes on the same checkout give the same action, before and after a persisted transition (LOOP-001, LOOP-003) (545.622696ms)
✔ outside a cairn repository wake cannot run (40.295992ms)
✔ the loop never waits on the review queue (DEC-015) (451.755836ms)
✔ twenty built records cost one git call to resolve, not twenty (DEC-023) (241.79158ms)
✔ the linked walkthrough runs from agreement through the next commitment (PKG-016) (1208.559305ms)
ℹ tests 483
ℹ suites 0
ℹ pass 483
ℹ fail 0
ℹ cancelled 0
ℹ skipped 0
ℹ todo 0
ℹ duration_ms 23682.016305
