✔ a Draft block overrides an Agreed file for both wake and check (SPEC-018) (185.825871ms)
✔ an Agreed block overrides a Draft file in the kernel and lint (SPEC-018, SPEC-002) (594.77961ms)
✔ a block Status does not become the file default, including inside examples (SPEC-018) (407.578877ms)
✔ block status without a value does not inherit Agreed by accident (SPEC-018) (109.769454ms)
✔ inheritance needs a file Scope and includes only Agreed blocks, regardless of prefix (PKG-015) (1758.602692ms)
✔ Scope inside a requirement or fenced example does not declare inheritance (PKG-015) (804.183249ms)
✔ a falsifier wrapped onto a line beginning with Status: does not become the block's status (SPEC-018) (1.041768ms)
✔ with attribution forbidden, an unpushed commit carrying an AI attribution line is named reword before any work; without the policy, or once pushed, it is not (PKG-045) (464.401774ms)
✔ each attribution form is caught, a prose mention is not, and the oldest attributed commit is named first (PKG-045) (612.173738ms)
✔ LOOP-063: reject input mutation during a check and retain diagnostics (433.928018ms)
✔ LOOP-063: reject deletion mutation during a check and retain diagnostics (416.588274ms)
✔ LOOP-063: reject addition mutation during a check and retain diagnostics (388.004378ms)
✔ LOOP-063: reject mode mutation during a check and retain diagnostics (412.710547ms)
✔ LOOP-063: reject specification mutation during a check and retain diagnostics (384.677643ms)
✔ LOOP-063: reject declaration mutation during a check and retain diagnostics (389.022349ms)
✔ LOOP-063: reject commit mutation during a check and retain diagnostics (411.074415ms)
✔ LOOP-063: committed input mutation during execution cannot certify the replacement (391.589854ms)
✔ LOOP-064: removing executable permission makes passing evidence stale (519.627282ms)
✔ LOOP-064: a mode-only change also invalidates the previous review after new evidence (745.381868ms)
✔ LOOP-064: changing a regular file into a link with identical identity bytes is stale (780.028548ms)
✔ LOOP-063: an unchanged candidate still records a pass despite unrelated working-tree edits (200.476307ms)
✔ LOOP-064: current and historical input ordering agrees for Unicode filenames (314.386565ms)
✔ LOOP-063: Git status hiding content changes cannot certify an uncommitted candidate (115.678098ms)
✔ LOOP-066: one check owns execution with a kernel action record (466.264135ms)
✔ LOOP-066: one check owns execution with an agent action record (471.567825ms)
✔ LOOP-066: a live lock is named and never silently overwritten (131.915113ms)
✔ LOOP-066: a dead lock is named and never silently overwritten (135.494784ms)
✔ LOOP-066: a incomplete lock is named and never silently overwritten (151.800255ms)
✔ LOOP-066: an execution error releases the check lock for a corrected rerun (509.693705ms)
✔ LOOP-066: a live kernel action from an older Cairn also blocks execution (95.025465ms)
✔ LOOP-066: separate Git worktrees can run checks independently (483.339816ms)
✔ after a green check --stale runs nothing; after one input changes it runs only that mechanism (LOOP-094) (1035.52484ms)
✔ a mechanism speaking for two stale requirements runs once and refreshes both (LOOP-094, LOOP-040) (647.899259ms)
✔ a fresh failure and an unverified result are skipped with implement named (LOOP-094) (602.042292ms)
✔ --stale with a requirement identifier is refused (LOOP-094) (61.248724ms)
✔ check --stale holds back a mechanism whose requirement has three attempts and no escalation, names it, and records nothing (LOOP-094, DEC-016) (1892.26257ms)
✔ check refuses a dirty declared input and names it; a dirty undeclared file does not block (LOOP-030) (511.110498ms)
✔ check writes one receipt per run carrying the full record and a result line per requirement (LOOP-097) (358.063134ms)
✔ a nonzero exit records fail, and the receipt keeps the exit code (LOOP-034) (392.652778ms)
✔ a pass after a fail keeps the failing record; nothing is overwritten or deleted (LOOP-025) (703.138229ms)
✔ a commit changing a declared input makes evidence stale; an undeclared one does not (LOOP-007) (781.43847ms)
✔ a regression is named before a requirement that never passed (LOOP-031) (990.45052ms)
✔ three attempts with no escalation since: wake says escalate, not a fourth (DEC-016, DEC-017, DEC-018) (2077.118155ms)
✔ the review gate: no review, stale review, open finding, then Done (LOOP-020, LOOP-033) (920.227631ms)
✔ Done is refused while any requirement lacks current passing evidence (LOOP-017) (81.198283ms)
✔ check names a requested requirement that no mechanism claims (86.567551ms)
✔ check writes the in-progress record before the run and clears it after (LOOP-021) (178.369421ms)
✔ a linked declared input digests the same at a commit and in the tree (LOOP-023, LOOP-024) (366.179812ms)
✔ a result line is the mechanism's statement about one requirement; what it did not mention is unverified (LOOP-037, LOOP-052) (178.78808ms)
✔ a mechanism that says nothing is read by its exit code for every requirement (LOOP-039) (184.317017ms)
✔ unverified is not an attempt, and a return to an earlier failed digest counts once (DEC-017, DEC-018) (1521.555101ms)
✔ a result line for a requirement the mechanism does not speak for is named and writes nothing (LOOP-038) (169.767071ms)
✔ a result line inside ordinary output, or without the marker, does not count (157.847895ms)
✔ a targeted check runs the named requirements' mechanisms and records every requirement they speak for (LOOP-040) (178.062031ms)
✔ two result lines for one requirement: a fail on any line wins (174.387416ms)
✔ three runs at one digest with no attempt since: the verdict stays implement and names DEC-019; an escalation naming it among others clears the hint (DEC-019, LOOP-053) (895.447723ms)
✔ a receipt names its commit in full, and an older receipt with the short form is still read (LOOP-136) (255.890069ms)
✔ a change only to a document its declaration lists leaves the review fresh and the evidence stale; a change to another input makes the review stale (LOOP-141) (1021.87532ms)
✔ a complete commitment with an unpromoted backlog item names promote, and a stamped item lets it reach Done (LOOP-087) (999.833821ms)
✔ an empty backlog with waiting next-iteration items is Done, with the count as information and no action on them (LOOP-091) (802.263127ms)
✔ a promotion marker must resolve to a decision record (LOOP-088) (238.84445ms)
✔ a commitment promoted from an item needs a decision record naming the item (LOOP-088) (268.705137ms)
✔ the spec lint reports a promotion marker with no decision record (LOOP-088) (77.967873ms)
✔ a promoted commitment that changes an Agreed requirement or the working agreement is an escalation; an unpromoted one is not (LOOP-089, LOOP-090) (1631.341637ms)
✔ a capture from one of the commitment's own requirements needs Outside because: or an escalation (LOOP-092) (1470.059705ms)
✔ a next-iteration item names what it would change, and the capture refuses one that does not (LOOP-093) (410.020591ms)
✔ a commitment specified from a next-iteration item needs the item stamped before anything else (SPEC-027) (447.779561ms)
✔ a by deference marker resolves to a decision record like a promotion marker (SPEC-002, LOOP-088) (185.763547ms)
✔ the LOOP-090 gate reads the Concerns line, not the slug as a substring (LOOP-114) (509.388166ms)
✔ the LOOP-088 check reads the Promotes line, and decide --promotes writes it (LOOP-115) (224.94128ms)
✔ the activation commit of a promoted commitment is inside the LOOP-089 comparison (LOOP-116) (133.30287ms)
✔ the LOOP-090 route needs one escalation: its Concerns line covers the moved item too (LOOP-119, LOOP-092, LOOP-114) (573.331569ms)
✔ an escalation raised before the promoted commitment began does not silence the LOOP-090 gate (LOOP-114) (293.159996ms)
✔ an escalation raised before the commitment began does not silence the capture gate (LOOP-119) (286.503487ms)
✔ the activation commit is inside the scope footprint (LOOP-120) (95.627472ms)
✔ a requirement Agreed at activation that is demoted or removed is a contract change (LOOP-121) (533.748496ms)
✔ the include files are the root files that hold @AGENTS.md: exempt from the footprint, compared by the gate (LOOP-122) (994.753266ms)
✔ a superseded promotion no longer satisfies the LOOP-088 check, and the repair says the promotion was reversed (LOOP-123) (452.831752ms)
✔ the restore route measures from the tree before activation, so a path the activation commit added must go (LOOP-120, LOOP-035) (169.683234ms)
✔ the loop works against exactly one commitment: the current one (LOOP-019) (366.061887ms)
✔ a promotion recorded below Consequential is a repair naming the level, since the developer never sees it in the queue (LOOP-088) (75.641045ms)
✔ every requirement the node-test declaration speaks for is named in a test title (PKG-025) (2.501712ms)
✔ every repository path the tests read is a declared input of node-test (PKG-026) (0.679708ms)
✔ writes a record with every required field and an empty realized-by (DEC-001, DEC-005) (70.578097ms)
✔ a Consequential decision is queued for review (DEC-013) (166.91519ms)
✔ a Consequential decision is queued even when .cairn/queue does not exist yet (84.611614ms)
✔ Routine is refused: routine decisions produce no record (67.820361ms)
✔ a missing field is a usage error and nothing is written (74.388329ms)
✔ supersedes requires a classified cause, and the old record must exist (166.367125ms)
✔ an existing record is not overwritten (142.233505ms)
✔ a queued decision stays queued; nothing but the developer removes it (DEC-014) (225.25651ms)
✔ each accepted decider is stored lowercase, whatever case it was typed in (DEC-020) (539.633501ms)
✔ a decider outside the vocabulary is a usage error naming all three, and nothing is written (DEC-020) (422.369458ms)
✔ an empty --decided-by is the missing-field error, not the vocabulary one (75.830423ms)
✔ LOOP-006, LOOP-067: missing inputs names a declaration repair before execution (140.770606ms)
✔ LOOP-006, LOOP-067: empty inputs names a declaration repair before execution (167.701424ms)
✔ LOOP-006, LOOP-067: missing command names a declaration repair before execution (175.920491ms)
✔ LOOP-006, LOOP-067: list command names a declaration repair before execution (135.067035ms)
✔ LOOP-006, LOOP-067: empty command names a declaration repair before execution (151.869044ms)
✔ LOOP-006, LOOP-067: missing requirements names a declaration repair before execution (150.089279ms)
✔ LOOP-006, LOOP-067: bad identifier names a declaration repair before execution (147.060555ms)
✔ LOOP-067: scalar one-item lists retain their existing meaning (305.942346ms)
✔ LOOP-068: a unpopulated gitlink is refused by name (208.134782ms)
✔ LOOP-068: a populated gitlink is refused by name (194.403625ms)
✔ LOOP-069: identical selections across 100 mechanisms use at most 20 Git processes (152.355653ms)
✔ escalate writes the six-line format followed by its facts, and wake presents it (LOOP-010, LOOP-026) (120.196115ms)
✔ a missing or multi-line field is refused with the field named, and nothing is written (LOOP-012) (165.037176ms)
✔ a Blocking escalation that fails the format is written anyway, naming the malformed field (LOOP-013) (143.018185ms)
✔ the loop stops for the developer only at Blocking: a recorded decision below it never yields Escalate, and the Blocking bypass must be spelled exactly (DEC-002) (291.298173ms)
✔ a second escalation while one is open is refused (LOOP-011) (129.708629ms)
✔ answer records the reply; wake no longer presents it; a second answer is refused (288.723393ms)
✔ answer to an unknown escalation is refused (78.783972ms)
✔ a stranger resumes from the file alone: question and answer are both in it (LOOP-014) (144.633508ms)
✔ a developer-shaped answer during the agent's turn is refused and writes nothing; the explanation is still accepted (LOOP-135) (624.551204ms)
✔ after an answer, the same concern can be escalated again under a new name (208.936663ms)
✔ an escalation exists when its file does, committed or not (LOOP-009) (78.888489ms)
✔ developer answers require one of the three forms and cannot inject fields (LOOP-048) (623.040558ms)
✔ ask, agent explanation, another ask, and ok stay ordered in one file (LOOP-049, LOOP-050, LOOP-014) (753.680252ms)
✔ fresh closed answers accompany only concerned requirements until new evidence (LOOP-051) (655.095961ms)
✔ a raised escalation carries no derivable status line, and an old record with one still parses (LOOP-028) (147.110093ms)
✔ LOOP-065: delete of output refuses Done and a new run recovers (1139.24911ms)
✔ LOOP-065: corrupt of output refuses Done and a new run recovers (1139.81951ms)
✔ LOOP-065: delete of stderr_output refuses Done and a new run recovers (1073.763986ms)
✔ LOOP-065: corrupt of stderr_output refuses Done and a new run recovers (873.420749ms)
✔ LOOP-065: a receipt without output needs a new check (454.381458ms)
✔ LOOP-065: a receipt without output_digest needs a new check (428.476709ms)
✔ LOOP-065: a receipt without stderr_output needs a new check (420.374294ms)
✔ LOOP-065: a receipt without stderr_digest needs a new check (423.891163ms)
✔ LOOP-065: legacy unverifiable output is rerun without rewriting history (641.74629ms)
✔ a fresh record names the kernel that wrote it (LOOP-023) (289.249131ms)
✔ LOOP-095: a record from another kernel is stale with the kernel named, and a new check restores Done (672.28543ms)
✔ LOOP-095: a record from no kernel is stale with the kernel named, and a new check restores Done (659.817903ms)
✔ LOOP-070: a later failure is latest even when the clock moves backward (980.607031ms)
✔ LOOP-070: receipt collisions at one clock instant retain execution order beyond nine suffixes (3385.594619ms)
✔ LOOP-070: imported branch receipts stale a later sequence until a new check incorporates them (1061.74644ms)
✔ LOOP-070, LOOP-098: legacy receipts need one ordered check, remain byte-for-byte unchanged, and precede the run receipt in the history (483.501987ms)
✔ LOOP-070: edit of a prior receipt requires fresh evidence (444.669993ms)
✔ LOOP-070: remove of a prior receipt requires fresh evidence (468.673663ms)
✔ LOOP-075: supporting evidence file README.md does not become a receipt (465.723508ms)
✔ LOOP-075: supporting evidence file notes.txt does not become a receipt (477.872004ms)
✔ LOOP-075: supporting evidence file support does not become a receipt (483.956633ms)
✔ LOOP-075: supporting evidence file .DS_Store does not become a receipt (483.473233ms)
✔ LOOP-075: a malformed result line (result=success) names a repair before execution (316.902764ms)
✔ LOOP-075: a malformed result line (sequence=NaN) names a repair before execution (314.995936ms)
✔ LOOP-075: a malformed result line (sequence=9007199254740992) names a repair before execution (332.218345ms)
✔ LOOP-075: a malformed result line (history_digest=wrong) names a repair before execution (321.600832ms)
✔ LOOP-075: a malformed result line (tokens) names a repair before execution (323.497332ms)
✔ LOOP-075: a receipt-shaped directory is a named repair instead of an EISDIR crash (239.411968ms)
✔ LOOP-070: an earlier escalation cannot cover three new attempts after clock rollback (952.566403ms)
✔ LOOP-070: an answer becomes old after a later check even if that check's timestamp is earlier (588.33245ms)
✔ LOOP-070: the newest answer wins between checks even when its clock timestamp is older (367.325423ms)
✔ LOOP-070: legacy escalation dates cover old receipts but not three newer sequenced runs (1206.283681ms)
✔ a PKG requirement the commitment does not name is declared, run, and gates Done (PKG-011) (1750.958869ms)
✔ a PKG requirement in a Draft spec is not folded in (446.442569ms)
✔ LOOP-076, LOOP-079: stale inputs identify the receipt and the check to run (682.259339ms)
✔ LOOP-077: names a content change using checked input identity (646.431646ms)
✔ LOOP-077: names a mode change using checked input identity (589.335804ms)
✔ LOOP-077: names a kind change using checked input identity (635.192338ms)
✔ LOOP-077: names a added change using checked input identity (679.433599ms)
✔ LOOP-077: names a removed change using checked input identity (482.136262ms)
✔ LOOP-077: names a link-target change using checked input identity (751.036365ms)
✔ LOOP-077: changed selection compares the old and new input sets (434.968598ms)
✔ LOOP-077: raw CRLF changes remain visible when Git-clean content agrees (409.95143ms)
✔ LOOP-077: detail output is sorted, bounded, and reports the omitted count (454.839559ms)
✔ LOOP-077: filenames cannot inject lines or terminal controls into explanations (369.957234ms)
✔ LOOP-077: receipts from one run share details and do not store source contents (266.886314ms)
✔ LOOP-078, LOOP-080: legacy optional detail limits explanation without changing standing (475.941844ms)
✔ LOOP-078, LOOP-080: invalid-field optional detail limits explanation without changing standing (449.699995ms)
✔ LOOP-078, LOOP-080: missing optional detail limits explanation without changing standing (444.50608ms)
✔ LOOP-078, LOOP-080: invalid-json optional detail limits explanation without changing standing (495.444572ms)
✔ LOOP-078, LOOP-080: mismatched optional detail limits explanation without changing standing (473.738963ms)
✔ LOOP-078, LOOP-080: duplicate optional detail limits explanation without changing standing (467.825029ms)
✔ LOOP-078, LOOP-080: unsafe-path optional detail limits explanation without changing standing (446.709351ms)
✔ LOOP-078, LOOP-080: directory optional detail limits explanation without changing standing (442.411724ms)
✔ LOOP-078, LOOP-080: symlink optional detail limits explanation without changing standing (444.537015ms)
✔ LOOP-078: unavailable old requirement text is not claimed as a proven change (361.809779ms)
✔ LOOP-076, LOOP-079: changed requirements identify evidence and retain review-before-check guidance (365.184626ms)
✔ LOOP-078: simultaneous input and output damage keep both reasons (350.788106ms)
✔ LOOP-080: deterministic freshness sequence seed=7 (8508.971578ms)
✔ LOOP-080: deterministic freshness sequence seed=42 (5493.581265ms)
✔ LOOP-080: deterministic freshness sequence seed=913 (5094.400488ms)
✔ LOOP-080: agreement changes, mechanism review, checks, and completion review retain priority (1277.809198ms)
✔ LOOP-080: imported receipt history demands a rerun without a false input explanation (1169.615515ms)
✔ LOOP-073: clean CRLF input completes under attributes (520.997382ms)
✔ LOOP-073: clean CRLF input completes under autocrlf (527.847548ms)
✔ LOOP-073: raw line-ending mutation during a run is rejected even when Git still sees the same content (220.408067ms)
✔ LOOP-073: execution evidence changes when clean conversion preserves committed identity (987.286503ms)
✔ LOOP-073: Git clean filters use Git's conversion while retaining raw evidence identity (545.365991ms)
✔ LOOP-073: failure of a required Git filter cannot record evidence (141.308437ms)
✔ LOOP-073: a clean filter moving HEAD during ending validation prevents evidence (597.035259ms)
✔ LOOP-073: canonical Git identities handle links without reading their targets (399.896141ms)
✔ LOOP-073: Git conversion keeps raw Unicode and control-character input paths (357.570801ms)
✔ LOOP-073: conversion and links work in a SHA-256 Git repository (361.586792ms)
✔ LOOP-074: historical specification filename "café.md" remains reviewable (357.636118ms)
✔ LOOP-074: historical specification filename "spec\ttab.md" remains reviewable (329.688539ms)
✔ LOOP-074: historical specification filename "spec\nline.md" remains reviewable (371.17238ms)
✔ help works outside a repository without running a command (PKG-017) (968.068513ms)
✔ help does not hide invalid options or consume literal arguments (205.432427ms)
✔ help lists the lint command (PKG-017) (54.042285ms)
✔ a working directory that no longer exists is named as the failure, and git is not blamed (PKG-041, PKG-022) (209.768447ms)
✔ the stop hook refuses a stop while wake says Resolvable, with the verdict as the reason (PKG-018) (210.320637ms)
✔ the stop hook allows a stop at Done, at Escalate, and outside a Cairn repository (PKG-018) (1081.275521ms)
✔ the session-start hook links the command once and prints the verdict in a Cairn repository (PKG-019, PKG-014, PKG-005) (417.031889ms)
✔ the session-start hook prints no verdict outside a Cairn repository and leaves an existing link that resolves alone (PKG-019) (46.784163ms)
✔ a checkout under a path with a space links a command that resolves, and its stop hook still blocks (PKG-019, PKG-021) (361.748799ms)
✔ the hooks run the kernel the command link resolves to, so hook and agent share one referee (PKG-021) (1025.481111ms)
✔ a dangling link is replaced and reported (PKG-019) (153.576765ms)
✔ errors exit 0 with one line on standard error and no stack trace (PKG-022) (166.022052ms)
✔ the hooks judge with the cairn on PATH, a wrapper included, and session-start names it (PKG-033) (918.318404ms)
✔ a link to a wrapper or file is kept; a dangling link or one to a directory is replaced (PKG-034) (385.107898ms)
✔ a project below the Git toplevel gets the verdict and the stop refusal (PKG-035) (264.338644ms)
✔ a kernel that prints no verdict is one stderr line: the stop is allowed and session-start prints no trace (PKG-036) (139.594703ms)
✔ a link that cannot be created is one stderr line, and the verdict still prints (PKG-019, PKG-022) (111.745779ms)
✔ with git absent the hooks say so in one line and block nothing (PKG-022) (69.689698ms)
✔ stop_hook_active true no longer lets a Resolvable stop through: the hook still refuses (PKG-018) (136.938403ms)
✔ receipts written by the project's own kernel are judged with it, not with a different cairn on PATH (PKG-033, PKG-021) (358.841744ms)
✔ the fourth stop on an unchanged verdict, commit and tree goes through with a message and a stop record; each refusal names cairn escalate (PKG-043, PKG-044) (435.162472ms)
✔ progress resets the count, a commit or an edited file alike, and each session counts on its own (PKG-043) (1175.93313ms)
✔ cairn lint runs the checker over docs/spec by default and over a named directory (PKG-028) (205.577514ms)
✔ cairn lint names a missing directory in one line, takes one argument, and reports a bad root (PKG-028) (213.060482ms)
✔ three megabytes are retained exactly once with matching digests (LOOP-041, LOOP-042) (397.075031ms)
✔ split stdout result lines survive a long non-result line; stderr is never a verdict (359.759153ms)
✔ signal termination is recorded and logs survive a clone (LOOP-043) (338.580046ms)
✔ working agreements and ignore changes are Cairn records inside the footprint (386.497143ms)
✔ a clean package passes (108.429941ms)
✔ PKG-001: a dependency, or a service manifest (178.823466ms)
✔ PKG-002: ignoring evidence or other durable state, by directory or by extension (146.816729ms)
✔ PKG-003: a command, a directory, or a record kind no decision names (247.934403ms)
✔ PKG-004: a kernel over 1900 lines, counting every file under bin/ as wc -l does; exactly 1900 passes (309.042732ms)
✔ PKG-006: a skill step naming a vendor's product, in either order, across a wrapped list item (PKG-027) (310.27738ms)
✔ PKG-008: a non-ASCII character in a tracked text file (98.19948ms)
✔ PKG-009: the kernel importing from tests (76.872679ms)
✔ PKG-012: a network call or a model client in the kernel, but not a vendor's name in text (301.901885ms)
✔ PKG-013: deferral language, but not in code, quotes, or a rule (506.307012ms)
✔ a tracked path deleted from the working tree is skipped, not a crash (107.940891ms)
✔ a sentence in a Formats section is not a record kind (74.979832ms)
✔ a record kind named by its path alone is checked (69.369934ms)
✔ PKG-002: a tracked in-progress record (64.890048ms)
✔ PKG-002: ignoring evidence alone is a finding (57.660094ms)
✔ PKG-003 reads the kernel's commands from its help output (PKG-023) (130.452085ms)
✔ the ASCII scan covers shipped files, not records under .cairn/ (PKG-024) (76.909921ms)
✔ a vendor-naming step wrapped across lines is matched (PKG-006, PKG-027) (70.589763ms)
✔ PKG-013 scans the README, the manual, and the walkthrough (PKG-032) (213.70828ms)
✔ the manifests, the listing and package.json agree on the name and version, and name paths the repository holds (PKG-037) (1.993944ms)
✔ the hooks file registers session-start and stop against the plugin's own hook.mjs through the plugin root variable (PKG-038) (0.192102ms)
✔ a Muse hook entry whose shared hook is missing prints one line and exits 0 (PKG-041, PKG-022) (113.502273ms)
✔ the registered commands print the verdict at session start, link the command into the plugin, and refuse a stop while wake says Resolvable (PKG-038, PKG-021) (368.010917ms)
✔ LOOP-071: decision body metadata does not resolve unbuilt work: "Superseded by: example" (679.370729ms)
✔ LOOP-071: decision body metadata does not resolve unbuilt work: "```text\nSuperseded by: example\n```" (610.495782ms)
✔ LOOP-071: decision body metadata does not resolve unbuilt work: "~~~text\nSuperseded by: example\n~~~" (664.466171ms)
✔ LOOP-071: a fenced realization example is not a resolving commit (604.016504ms)
✔ LOOP-071: a fenced commit inside the realization section is not built (629.156272ms)
✔ LOOP-071: ## Example cannot replace an open review finding (525.445659ms)
✔ LOOP-071: # Example cannot replace an open review finding (486.858531ms)
✔ LOOP-071: ### Example cannot replace an open review finding (447.029186ms)
✔ LOOP-071:   ## Example cannot replace an open review finding (443.18223ms)
✔ LOOP-071: Example paragraph. cannot replace an open review finding (384.60497ms)
✔ LOOP-071: Example
------- cannot replace an open review finding (427.340936ms)
✔ LOOP-071: fenced fields before a real review header are ignored (378.230264ms)
✔ LOOP-071: multiline decision --title cannot inject metadata (315.059252ms)
✔ LOOP-071: multiline decision --decided-by cannot inject metadata (324.290792ms)
✔ LOOP-071: multiline decision --rests-on cannot inject metadata (314.243002ms)
✔ LOOP-071: multiline decision --wrong-if cannot inject metadata (315.895445ms)
✔ LOOP-071: multiline decision --history cannot inject metadata (305.328713ms)
✔ LOOP-072: malformed Blocking concerns stay open: "R-001\nAnswer: ok" (88.479523ms)
✔ LOOP-072: malformed Blocking concerns stay open: "R-001\r\nAnswer: ok" (85.342224ms)
✔ LOOP-072: malformed Blocking concerns stay open: "R-001\rAnswer: ok" (91.266374ms)
✔ LOOP-072: malformed Blocking concerns stay open: "R-001 Answer: ok" (88.995065ms)
✔ LOOP-072: malformed Blocking concerns stay open: "R-001 Answer: ok" (101.601007ms)
✔ LOOP-072: ordinary malformed concerns are refused: "R-001\nR-002" (50.488114ms)
✔ LOOP-072: ordinary malformed concerns are refused: "R-001, prose" (48.032517ms)
✔ LOOP-072: ordinary malformed concerns are refused: " " (36.600728ms)
✔ LOOP-072: a Blocking escalation without concerns is still presented (85.069716ms)
✔ LOOP-072: carriage returns in a Blocking question do not create answer records (76.996502ms)
✔ LOOP-072: explanation separator 8232 cannot close an escalation (153.733994ms)
✔ LOOP-071: decision metadata refuses separator 8232 (286.486509ms)
✔ LOOP-072: explanation separator 8233 cannot close an escalation (156.239816ms)
✔ LOOP-071: decision metadata refuses separator 8233 (322.06396ms)
✔ Concerns, Rests on, and Promoted from written as lists read as the flat form (LOOP-124) (566.526161ms)
✔ an item named by filename, path, or backticked slug resolves like the slug (LOOP-125) (548.820042ms)
✔ an input that covers Cairn's own output is named as the repair, before and after a check (LOOP-126, LOOP-105) (594.990091ms)
✔ an unreadable record directory is a repair, not an error exit (LOOP-127) (84.974779ms)
✔ a title that slugifies to nothing is refused (LOOP-128) (127.834861ms)
✔ examined: [] is an empty list (LOOP-129, LOOP-108) (459.618709ms)
✔ below the Git toplevel the restore check compares root-relative paths (LOOP-130, LOOP-035) (338.697562ms)
✔ below the Git toplevel an uncommitted declared input is named from the project root (LOOP-132, LOOP-030) (264.776281ms)
✔ a value on the key line followed by list items is the first item, never dropped (LOOP-133) (562.063796ms)
✔ the footprint's walk reads Current: as the wake does: a fenced example below the real line, or a second line in history, never moves the start (LOOP-134, LOOP-035) (284.76451ms)
✔ an input spelled .. from a project below the Git toplevel covers the evidence directory (LOOP-126, LOOP-105) (76.066912ms)
✔ a Consequential record this commitment added needs its queue entry committed (LOOP-131, DEC-004) (460.878782ms)
✔ a mechanism that removes the check lock still gets its evidence, with no repair for the lock (LOOP-107) (196.355907ms)
✔ a staged rename reads as its two paths, never as a bare origin token (LOOP-030, LOOP-110) (102.332676ms)
✔ a Current: line inside a fenced example is neither a second Current: line nor the commitment, before or after the real line (LOOP-104) (188.413407ms)
✔ a Status: word is taken only from a line that carries one, never from wrapped prose after it (SPEC-018) (0.880054ms)
✔ the placeholder left above a resolving entry is a repair naming the file (DEC-021) (224.746314ms)
✔ the placeholder alone is a decision recorded and not yet built, unchanged (DEC-007) (56.418278ms)
✔ resolving entries with no placeholder are unchanged (DEC-006) (115.363767ms)
✔ a shallow clone that cannot resolve its entries is still told to fetch, not to edit (LOOP-113 keeps precedence) (110.465696ms)
✔ the placeholder quoted in a fenced example does not make a built record a repair (DEC-021) (108.468076ms)
✔ supersede takes the same decider vocabulary as decide (DEC-020) (93.522204ms)
✔ a superseded record is held to the same line: its placeholder above a resolving entry is a repair (DEC-021, DEC-010) (185.018185ms)
✔ realize() touches only the Realized by section; a body that quotes the placeholder keeps it (110.642892ms)
✔ an untracked file under a declared input is not a change under way; check still refuses beside it and names .gitignore (LOOP-110, LOOP-030) (204.574734ms)
✔ an unmatched input is refused before execution (LOOP-044) (267.484977ms)
✔ an indexed input deleted on disk asks for a commit (LOOP-045) (167.974254ms)
✔ wake and check require a Git working tree (LOOP-046) (141.856494ms)
✔ recovery removes only dead kernel run records and identifies a live owner (LOOP-054, LOOP-055) (337.888553ms)
✔ an agent action based behind a clean HEAD appears committed (LOOP-027) (228.471542ms)
✔ realization needs a real commit and a subject (DEC-006) (278.885827ms)
✔ 1500 binary inputs digest identically at the review commit in under a second (LOOP-024) (1537.294745ms)
✔ merged work is excluded but a later own commit is a breach (LOOP-047) (266.45365ms)
✔ exact Current tenure ignores prefix matches and earlier visits to the same slug (LOOP-035) (263.732813ms)
✔ a kernel run records its supervising PID (LOOP-054) (241.713387ms)
✔ a merged declared input still stales evidence (LOOP-047) (363.893515ms)
✔ wildcard and magic pathspecs select the same historical inputs (LOOP-024, LOOP-032) (1976.753382ms)
✔ historical selection retains deleted files and excludes new ones (LOOP-024, LOOP-035) (1184.111672ms)
✔ cairn --version prints the package.json version outside a repository, and help lists it (PKG-039) (141.537822ms)
✔ a release is one commit setting one version in the five files, with the changelog entry, tagged v<version> (PKG-040) (998.246482ms)
✔ the release script refuses a bad version, no increase, a dirty tree, a missing entry, a taken tag, a disagreeing file, and a loop not at Done, each in one line with nothing written (PKG-040) (1870.196838ms)
✔ a version file written as compact JSON is released, and nothing else in any version file changes (PKG-042) (1138.788632ms)
✔ with attribution forbidden, the release script refuses an unpushed commit carrying an AI attribution line (PKG-045) (482.59744ms)
✔ explicit reporting with no lines and exit 0 establishes no requirement verdicts (LOOP-061) (402.003492ms)
✔ explicit reporting with no lines and exit 1 establishes no requirement verdicts (LOOP-061) (419.922528ms)
✔ a reporter that cannot start keeps execution diagnostics without blaming requirements (LOOP-062) (287.819421ms)
✔ large output cannot kill a reporter or invent a requirement verdict (337.126245ms)
✔ explicit mode ignores cairn: R-999: pass (296.045812ms)
✔ explicit mode ignores cairn: R-001: unverified (300.74402ms)
✔ explicit mode ignores cairn: R-001: passed (304.234375ms)
✔ explicit results survive nonzero exit and contradictory duplicates still fail (675.559362ms)
✔ unverified results across changed inputs never become failed attempts (1376.819087ms)
✔ legacy exit 0 retains its interpretation (220.87185ms)
✔ legacy exit 1 retains its interpretation (208.37161ms)
✔ a misspelled reporting mode is refused before execution (116.490058ms)
✔ changed requirement blocks unchecked reruns and makes the completion review stale (LOOP-058, LOOP-059) (1759.106905ms)
✔ falsifier changes need review; separate rationale and other requirements do not change a receipt (1274.295339ms)
✔ legacy receipts recover requirement identity from their commit; unavailable history requires review (872.755523ms)
✔ check refuses uncommitted requirement text and mechanism review markers (730.05736ms)
✔ tightened response limit cannot reuse the old passing check (1322.635503ms)
✔ a declared input over 1 MiB agrees at a commit and in the tree (LOOP-060) (393.220856ms)
✔ a failed Git blob read cannot be hashed as an empty blob (369.953413ms)
✔ Git listings over 1 MiB include the last declared input (2298.990868ms)
✔ requirement identity excludes fenced examples and status dates (479.334167ms)
✔ DemonCoder REM-002 and Status in progress cannot silently satisfy the review gate (LOOP-086) (858.300244ms)
✔ valid open findings retain their behavior (513.757319ms)
✔ valid resolved findings retain their behavior (512.252063ms)
✔ valid empty findings retain their behavior (534.932395ms)
✔ valid mixed valid findings retain their behavior (506.843298ms)
✔ malformed finding "open:" requires repair (396.966193ms)
✔ malformed finding "resolved:   " requires repair (380.856678ms)
✔ malformed finding "Open: incorrect case" requires repair (338.349757ms)
✔ malformed finding "unknown: issue" requires repair (338.751621ms)
✔ malformed finding "\u001b[31mBAD: issue" requires repair (330.040554ms)
✔ the established explicit empty findings list remains valid (344.584088ms)
✔ a scalar findings value requires the supported list format (301.113776ms)
✔ check runs a mechanism when a requirement outside the commitment was revised, and asks for the review once a commitment includes it (LOOP-059) (1016.229159ms)
✔ a Requirements: line written as a list is read like the flat form (LOOP-102) (144.498896ms)
✔ a subdirectory or a README in a record directory changes nothing (LOOP-103) (543.105368ms)
✔ two Current: lines are a roadmap repair (LOOP-104) (93.356589ms)
✔ a repeated identifier, an input under the evidence directory, and a missing cwd are refused by name (LOOP-105) (463.932243ms)
✔ a requirement whose evidence outlives its mechanism is named declare, not a regression or an escalation (LOOP-106) (1106.523567ms)
✔ an unreadable record is a repair, not an error exit (LOOP-107) (80.333429ms)
✔ a review needs commit, a nonempty examined list, and a findings list, each named when missing (LOOP-108) (1049.974311ms)
✔ a decision record missing a header field or naming a missing predecessor is a repair (LOOP-109) (298.864672ms)
✔ a dirty declared input with no in-progress record is named record ahead of run (LOOP-022, LOOP-110) (243.55117ms)
✔ with core.filemode false the index mode is the identity, so a mode-only difference does not refuse the check (LOOP-111) (234.157767ms)
✔ a project below the Git toplevel can run check (LOOP-112) (237.436916ms)
✔ a shallow clone names history to fetch, not a decision to build (LOOP-113) (147.018789ms)
✔ record-writing commands refuse to run outside a Cairn repository and write nothing (LOOP-118) (237.865642ms)
✔ a git that cannot start is one line and exit 3 from wake and from check, with nothing recorded (LOOP-137) (101.084467ms)
✔ an unexplained or uncommitted stop record is named explain before any other action; explained and committed, the wake moves on (LOOP-139) (256.897643ms)
✔ empty footprint names declaration before scope and records no evidence (LOOP-081) (620.597663ms)
✔ first declaration still checks the full earlier history (LOOP-081) (376.995823ms)
✔ an empty current footprint does not block an explicitly requested existing mechanism (LOOP-081) (290.026546ms)
✔ an inherited mechanism provides a footprint even before local mechanisms exist (253.771685ms)
✔ scope reports every path, escapes line breaks, and gives identical remedies (LOOP-082) (239.949232ms)
✔ scope verdict reuses the answered-escalation annotation (LOOP-048, LOOP-051, LOOP-083) (644.71906ms)
✔ a committed scope acknowledgment lets restored history proceed (LOOP-083) (726.904936ms)
✔ scope acknowledgment must be committed before it can clear a breach (611.917701ms)
✔ ordinary ok does not acknowledge scope history (296.960335ms)
✔ scope escalation refuses unrestored paths and names the restoration remedy (259.956078ms)
✔ an invalid scope request still records an explicitly Blocking decision (150.702198ms)
✔ ask and explanation stay open; only the final committed ok acknowledges scope (653.744362ms)
✔ instead is visible but does not silently authorize a scope exception (357.097124ms)
✔ later changes to an acknowledged path still block, including later reverts (1088.776937ms)
✔ approval cannot hide another path changed after the snapshot (385.214243ms)
✔ acknowledged history remains conditional on the paths staying restored (532.286065ms)
✔ editing the scope snapshot after answer invalidates its acknowledgment (296.920986ms)
✔ malformed scope metadata cannot suppress a breach (1393.016525ms)
✔ damaged acknowledgment fields cannot suppress a breach (533.053371ms)
✔ scope path matching is literal, including wildcard filenames and control characters (491.276002ms)
✔ scope acknowledgment does not carry into another activation of the same slug (314.289795ms)
✔ restoration checks additions, deletions, executable modes, and symlink kinds (1432.369439ms)
✔ explicit committed retention keeps correct work and requires new evidence and review (LOOP-084, LOOP-085) (2084.489374ms)
✔ a missing declaration covers correct earlier work without retention or revert (593.788723ms)
✔ keep requires scope and an unchanged committed candidate (171.85761ms)
✔ uncommitted retention and instead answers cannot clear the incident (1031.96689ms)
✔ retention does not grant future edits, even when reverted to the approved tree (1312.028897ms)
✔ retention cannot cover another path or another activation (550.740708ms)
✔ imported changes must still match the retained tree (555.482542ms)
✔ retention handles additions, deletions, modes, symlinks, and literal filenames (1892.227116ms)
✔ retention cannot convert an existing restoration answer or accept an unknown mode (403.277034ms)
✔ a check failure after retention remains a failure (646.480468ms)
✔ retained paths stay part of the stable checked candidate without extending its footprint (559.507441ms)
✔ retention ask needs an explanation and final committed approval (514.479933ms)
✔ an unknown scope mode remains invalid even with a matching approval digest (281.142399ms)
✔ backlog writes the item; a second with the same title is refused, never overwritten (LOOP-016) (131.578196ms)
✔ a commit inside the footprint: check runs; outside it: check names the path and does not run (LOOP-015, LOOP-035) (564.956447ms)
✔ Cairn's records are never a breach; another file under docs/ is (LOOP-117) (621.111261ms)
✔ declaring the path as an input clears the breach (276.281109ms)
✔ a revert preserves the record of an out-of-scope commit (LOOP-047) (351.209825ms)
✔ a commitment naming a requirement the spec set does not hold as Agreed is repaired (LOOP-029) (87.388453ms)
✔ a requirement in a Draft spec file is not Agreed (74.391641ms)
✔ working agreements and the ignore file are Cairn records (LOOP-035, LOOP-036) (403.099284ms)
✔ the over-asking rule is gone from both skills (SPEC-005, SPEC-006, SPEC-007) (1.962203ms)
✔ a decision during the phase is recorded (DEC-003) (0.178385ms)
✔ understanding is restated before writing (SPEC-003) (0.123081ms)
✔ falsifiers are proposed as one set and confirmed by exception (SPEC-004) (0.23904ms)
✔ depth is inferred and domains derived, never asked or imposed (SPEC-008, SPEC-009) (0.139267ms)
✔ a term enters the glossary at first occurrence (SPEC-010) (0.10573ms)
✔ the phase ends at the first commitment, and later ones are specified during the loop (SPEC-011, SPEC-012) (0.120954ms)
✔ a requirement goes Agreed only with a nameable mechanism (SPEC-013) (0.786718ms)
✔ review before agreement, recording what it attacked (SPEC-014, SPEC-015) (0.154501ms)
✔ no spec file without requirements; nothing Agreed without a falsifier (SPEC-001, SPEC-002) (0.170697ms)
✔ Observed is marked, and is not contract (SPEC-016, SPEC-017) (0.764234ms)
✔ the skills exclude artifacts outside Cairn's workflow (0.14804ms)
✔ the working agreement names the agent's move for each verdict and the write-ahead record (LOOP-036) (0.22337ms)
✔ the working agreement names the developer's moves (LOOP-036, DEC-014) (0.090491ms)
✔ this repository runs by the file it ships (0.410753ms)
✔ both skills write the working agreement without naming a vendor's file (LOOP-002, LOOP-036, PKG-006) (0.119738ms)
✔ the working agreement says what an attempt is (LOOP-036, DEC-017, DEC-018) (0.07868ms)
✔ the working agreement says a failure no footprint change can address is an escalation, and where an inherited requirement is repaired (DEC-019, LOOP-057) (0.10718ms)
✔ the working agreement states the promote, next-iteration, and no-deferral moves (LOOP-029, LOOP-087, LOOP-091, LOOP-092) (0.094898ms)
✔ both skills sort captures into the backlog or next-iteration and forbid deferral (LOOP-029, LOOP-092, LOOP-093) (0.082328ms)
✔ the skill requires a falsifier on every requirement, a MAY included (SPEC-025) (0.086577ms)
✔ the working agreement names the hooks as optional and the install skill registers them for two harnesses (PKG-006, PKG-018, PKG-019) (0.235858ms)
✔ the working agreement says the kernel is upgraded at Done, never inside a commitment (LOOP-096) (0.075891ms)
✔ the next-iteration skill starts from the specification and ends by naming the next commitment (SPEC-026, SPEC-027) (0.244128ms)
✔ every document that names the project skills names next-iteration beside them (SPEC-026, PKG-014) (2.97271ms)
✔ the working agreement states a move for every action the kernel can name (LOOP-101) (2.105143ms)
✔ the working agreement states both record formats and the two flags the moves need (LOOP-036) (0.27146ms)
✔ the skills demonstrate a safe violating example and preserve recon findings (SPEC-022, SPEC-023) (0.087038ms)
✔ the specification skills run the checker through the cairn command (PKG-029) (0.245754ms)
✔ the README invokes the phase skills by name and states versions and platforms (PKG-030, PKG-031) (0.436672ms)
✔ the manual and the walkthrough say the loop promotes backlog items at Done (1.288309ms)
✔ the working agreement says a report is not work under way, its findings are captured, and it is committed with them (LOOP-138) (0.101829ms)
✔ a two-obligation sentence is named (PKG-007) (34.922743ms)
✔ an obligation with no actor is named (PKG-010) (34.124355ms)
✔ a leading condition clause is not the actor, and the actor after it counts (39.217537ms)
✔ an Agreed requirement with no falsifier is named (SPEC-002); a Draft one is not (98.622125ms)
✔ prose after a Draft requirement with no falsifier is not scanned as requirement text (41.108159ms)
✔ a spec declaring a prefix with no requirement is named (SPEC-001) (49.361949ms)
✔ a keyword in backticks or quotes is a mention, not an obligation (37.80575ms)
✔ duplicate identifiers are rejected within a file and across files (SPEC-020) (87.606414ms)
✔ references resolve across files; missing references name their source (SPEC-021) (85.106688ms)
✔ code examples and quoted mentions are neither definitions nor references (35.576088ms)
✔ machine-local paths are findings in prose, links, quotes, and examples (SPEC-019) (445.323759ms)
✔ relative paths, URLs, slash commands, and character mentions are not absolute path findings (32.302502ms)
✔ a slash after a placeholder continues the template (SPEC-019) (87.381349ms)
✔ a host path is a finding until the file declares it (SPEC-019, SPEC-024) (89.859386ms)
✔ declared host paths cover children with a slash boundary and stay file-local (118.56514ms)
✔ a host-path declaration inside a requirement or example grants no exception (107.644559ms)
✔ host-path declarations require absolute or home-relative entries (214.803879ms)
✔ an Agreed block whose only keyword is MAY needs a falsifier like any other (SPEC-025, SPEC-002) (83.717817ms)
✔ a regex literal is not a path, a drive path and a file URL are, and a skill's slash name is allowed (SPEC-028, SPEC-029) (96.862497ms)
✔ a backticked or quoted actor still counts as one (PKG-010) (47.960333ms)
✔ supersede writes both lines, and the old record keeps every word it had (DEC-008, DEC-010) (98.243499ms)
✔ supersede without a cause, or with one outside the four, is refused (DEC-009) (147.886248ms)
✔ supersede of a record that does not exist is refused (66.448008ms)
✔ a predecessor with no title line cannot be stamped, so nothing is written (73.666419ms)
✔ a --supersedes argument outside the slug alphabet is refused, and a path never reaches the filesystem (DEC-022) (215.744713ms)
✔ a record already superseded cannot be superseded again: one Superseded by line per record (DEC-022, DEC-010) (195.563776ms)
✔ reversals reports counts by decider, cause, and domain (DEC-011) (194.813915ms)
✔ decide in a domain with a reversal is refused without --history, naming the reversal; with it, the record carries History (DEC-012) (179.230602ms)
✔ decide in a domain with no reversals needs no --history (129.473384ms)
✔ a record resting on prose alone is in the domain unspecified, and so is the next one (131.542597ms)
✔ the decider tally normalizes case and whitespace, and names a value outside the vocabulary (DEC-020, DEC-011) (127.730091ms)
✔ a record with no Decided by line is tallied as unrecorded, not as a vocabulary value (63.075191ms)
✔ Decided by written as a list tallies like the flat form, and does not crash the report (LOOP-124, DEC-020) (77.847016ms)
✔ a second declaration for one requirement is accepted, a named check runs every mechanism, and Done needs each to pass (LOOP-056, LOOP-099) (2034.031656ms)
✔ one mechanism's stale evidence names that mechanism, and --stale runs only it (LOOP-056, LOOP-094) (763.57717ms)
✔ attempts are counted within one mechanism's records, so the other's passes do not reset them (LOOP-100, DEC-016) (1341.345384ms)
✔ step 1: an in-progress record is reconciled before anything else (112.208922ms)
✔ step 2: an open escalation is presented and nothing else happens (98.324257ms)
✔ an answered escalation is not open (478.799691ms)
✔ step 3: a decision with no realized-by is built, first by name (DEC-007) (87.414256ms)
✔ a superseded decision with no realized-by is not work (171.873555ms)
✔ step 6: a mechanism that has never run is run, not implemented (LOOP-008) (127.335714ms)
✔ step 6: a requirement whose mechanism fails is implemented (478.777941ms)
✔ step 6 before step 7: failing evidence outranks a missing mechanism (324.455198ms)
✔ step 7: a requirement with no mechanism is declared (LOOP-106) (79.749077ms)
✔ every verdict names who acts: Resolvable is the agent's, Done needs nobody, Escalate waits for the developer (LOOP-004) (485.364463ms)
✔ malformed roadmap is Resolvable, not fatal (LOOP-005) (54.092865ms)
✔ a commitment naming no requirements is Resolvable (LOOP-018) (69.467656ms)
✔ the primary test: two wakes on the same checkout give the same action, before and after a persisted transition (LOOP-001, LOOP-003) (534.852114ms)
✔ outside a cairn repository wake cannot run (36.862622ms)
✔ the loop never waits on the review queue (DEC-015) (286.564669ms)
✔ twenty built records cost one git call to resolve, not twenty (DEC-023) (180.860278ms)
✔ an ambiguous Realized by identifier is the repair that says lengthen it, not a build (LOOP-113, DEC-023) (176.628678ms)
✔ the linked walkthrough runs from agreement through the next commitment (PKG-016) (1354.52798ms)
ℹ tests 499
ℹ suites 0
ℹ pass 499
ℹ fail 0
ℹ cancelled 0
ℹ skipped 0
ℹ todo 0
ℹ duration_ms 21641.982931
