✔ a Draft block overrides an Agreed file for both wake and check (SPEC-018) (176.838075ms)
✔ an Agreed block overrides a Draft file in the kernel and lint (SPEC-018, SPEC-002) (606.633813ms)
✔ a block Status does not become the file default, including inside examples (SPEC-018) (361.277829ms)
✔ block status without a value does not inherit Agreed by accident (SPEC-018) (81.402742ms)
✔ inheritance needs a file Scope and includes only Agreed blocks, regardless of prefix (PKG-015) (1779.630728ms)
✔ Scope inside a requirement or fenced example does not declare inheritance (PKG-015) (1008.299652ms)
✔ a falsifier wrapped onto a line beginning with Status: does not become the block's status (SPEC-018) (1.171287ms)
✔ LOOP-063: reject input mutation during a check and retain diagnostics (370.599865ms)
✔ LOOP-063: reject deletion mutation during a check and retain diagnostics (383.002816ms)
✔ LOOP-063: reject addition mutation during a check and retain diagnostics (396.638057ms)
✔ LOOP-063: reject mode mutation during a check and retain diagnostics (390.090826ms)
✔ LOOP-063: reject specification mutation during a check and retain diagnostics (412.984732ms)
✔ LOOP-063: reject declaration mutation during a check and retain diagnostics (378.55876ms)
✔ LOOP-063: reject commit mutation during a check and retain diagnostics (321.617927ms)
✔ LOOP-063: committed input mutation during execution cannot certify the replacement (309.431325ms)
✔ LOOP-064: removing executable permission makes passing evidence stale (659.278402ms)
✔ LOOP-064: a mode-only change also invalidates the previous review after new evidence (940.028116ms)
✔ LOOP-064: changing a regular file into a link with identical identity bytes is stale (875.665527ms)
✔ LOOP-063: an unchanged candidate still records a pass despite unrelated working-tree edits (224.09514ms)
✔ LOOP-064: current and historical input ordering agrees for Unicode filenames (323.479319ms)
✔ LOOP-063: Git status hiding content changes cannot certify an uncommitted candidate (113.325874ms)
✔ LOOP-066: one check owns execution with a kernel action record (433.846394ms)
✔ LOOP-066: one check owns execution with an agent action record (406.494125ms)
✔ LOOP-066: a live lock is named and never silently overwritten (128.083174ms)
✔ LOOP-066: a dead lock is named and never silently overwritten (132.106325ms)
✔ LOOP-066: a incomplete lock is named and never silently overwritten (128.240937ms)
✔ LOOP-066: an execution error releases the check lock for a corrected rerun (521.135013ms)
✔ LOOP-066: a live kernel action from an older Cairn also blocks execution (81.792781ms)
✔ LOOP-066: separate Git worktrees can run checks independently (477.693368ms)
✔ after a green check --stale runs nothing; after one input changes it runs only that mechanism (LOOP-094) (1038.688936ms)
✔ a mechanism speaking for two stale requirements runs once and refreshes both (LOOP-094, LOOP-040) (713.467091ms)
✔ a fresh failure and an unverified result are skipped with implement named (LOOP-094) (631.794346ms)
✔ --stale with a requirement identifier is refused (LOOP-094) (72.765164ms)
✔ check refuses a dirty declared input and names it; a dirty undeclared file does not block (LOOP-030) (432.183039ms)
✔ check writes one receipt per run carrying the full record and a result line per requirement (LOOP-097) (328.883965ms)
✔ a nonzero exit records fail, and the receipt keeps the exit code (LOOP-034) (361.971538ms)
✔ two checks write two records; nothing is overwritten or deleted (LOOP-025) (684.419937ms)
✔ a commit changing a declared input makes evidence stale; an undeclared one does not (LOOP-007) (772.871672ms)
✔ a regression is named before a requirement that never passed (LOOP-031) (1005.283838ms)
✔ three attempts with no escalation since: wake says escalate, not a fourth (DEC-016, DEC-017, DEC-018) (2305.803824ms)
✔ the review gate: no review, stale review, open finding, then Done (LOOP-020, LOOP-033) (1010.379704ms)
✔ Done is refused while any requirement lacks current passing evidence (LOOP-017) (96.888218ms)
✔ check names a requested requirement that no mechanism claims (106.323184ms)
✔ check writes and clears an in-progress record around the run (LOOP-021) (199.211132ms)
✔ a linked declared input digests the same at a commit and in the tree (LOOP-023, LOOP-024) (382.505959ms)
✔ a result line is the mechanism's statement about one requirement; what it did not mention is unverified (LOOP-037, LOOP-052) (196.838757ms)
✔ a mechanism that says nothing is read by its exit code for every requirement (LOOP-039) (204.766133ms)
✔ unverified is not an attempt, and a return to an earlier failed digest counts once (DEC-017, DEC-018) (1690.691431ms)
✔ a result line for a requirement the mechanism does not speak for is named and writes nothing (LOOP-038) (191.25849ms)
✔ a result line inside ordinary output, or without the marker, does not count (185.154608ms)
✔ a targeted check runs the named requirements' mechanisms and records every requirement they speak for (LOOP-040) (188.188157ms)
✔ two result lines for one requirement: a fail on any line wins (195.28201ms)
✔ three runs at one digest with no attempt since: the verdict stays implement and names DEC-019; an escalation naming it among others clears the hint (DEC-019, LOOP-053) (880.120442ms)
✔ a complete commitment with an unpromoted backlog item names promote, and a stamped item lets it reach Done (LOOP-087) (931.595244ms)
✔ an empty backlog with waiting next-iteration items is Done, with the count as information and no action on them (LOOP-091) (818.893031ms)
✔ a promotion marker must resolve to a decision record (LOOP-088) (261.192994ms)
✔ a commitment promoted from an item needs a decision record naming the item (LOOP-088) (258.704023ms)
✔ the spec lint reports a promotion marker with no decision record (LOOP-088) (70.472117ms)
✔ a promoted commitment that changes an Agreed requirement or the working agreement is an escalation; an unpromoted one is not (LOOP-089, LOOP-090) (1674.351767ms)
✔ a capture from one of the commitment's own requirements needs Outside because: or an escalation (LOOP-092) (1569.801114ms)
✔ a next-iteration item names what it would change, and the capture refuses one that does not (LOOP-093) (402.336497ms)
✔ a commitment specified from a next-iteration item needs the item stamped before anything else (SPEC-027) (506.382413ms)
✔ a by deference marker resolves to a decision record like a promotion marker (SPEC-002, LOOP-088) (199.064497ms)
✔ the LOOP-090 gate reads the Concerns line, not the slug as a substring (LOOP-114) (534.909839ms)
✔ the LOOP-088 check reads the Promotes line, and decide --promotes writes it (LOOP-115) (220.152102ms)
✔ the activation commit of a promoted commitment is inside the LOOP-089 comparison (LOOP-116) (138.608208ms)
✔ the LOOP-090 route needs one escalation: its Concerns line covers the moved item too (LOOP-119, LOOP-092, LOOP-114) (595.721395ms)
✔ an escalation raised before the promoted commitment began does not silence the LOOP-090 gate (LOOP-114) (327.441458ms)
✔ an escalation raised before the commitment began does not silence the capture gate (LOOP-119) (313.487483ms)
✔ every requirement the node-test declaration speaks for is named in a test title (PKG-025) (1.679455ms)
✔ every repository path the tests read is a declared input of node-test (PKG-026) (0.566713ms)
✔ writes a record with every required field and an empty realized-by (DEC-001, DEC-005) (62.643395ms)
✔ a Consequential decision is queued for review (DEC-004, DEC-013) (72.336403ms)
✔ a Consequential decision is queued even when .cairn/queue does not exist yet (68.289858ms)
✔ Routine is refused: routine decisions produce no record (69.481949ms)
✔ a missing field is a usage error and nothing is written (74.917523ms)
✔ supersedes requires a classified cause, and the old record must exist (170.195582ms)
✔ an existing record is not overwritten (126.751722ms)
✔ a queued decision stays queued; nothing but the developer removes it (DEC-014) (197.264925ms)
✔ LOOP-006, LOOP-067: missing inputs names a declaration repair before execution (116.940882ms)
✔ LOOP-006, LOOP-067: empty inputs names a declaration repair before execution (143.733635ms)
✔ LOOP-006, LOOP-067: missing command names a declaration repair before execution (127.004675ms)
✔ LOOP-006, LOOP-067: list command names a declaration repair before execution (123.126906ms)
✔ LOOP-006, LOOP-067: empty command names a declaration repair before execution (127.452775ms)
✔ LOOP-006, LOOP-067: missing requirements names a declaration repair before execution (129.261977ms)
✔ LOOP-006, LOOP-067: bad identifier names a declaration repair before execution (127.859425ms)
✔ LOOP-067: scalar one-item lists retain their existing meaning (341.07126ms)
✔ LOOP-068: a unpopulated gitlink is refused by name (180.32744ms)
✔ LOOP-068: a populated gitlink is refused by name (184.43062ms)
✔ LOOP-069: identical selections across 100 mechanisms use at most 20 Git processes (166.044008ms)
✔ escalate writes the six-line format followed by its facts, and wake presents it (LOOP-010, LOOP-026) (117.389599ms)
✔ a missing or multi-line field is refused with the field named, and nothing is written (LOOP-012) (121.172991ms)
✔ a Blocking escalation that fails the format is written anyway, naming the malformed field (LOOP-013) (117.036022ms)
✔ a --level other than Blocking is refused rather than silently losing the bypass (DEC-002) (74.750218ms)
✔ a second escalation while one is open is refused (LOOP-011) (153.055911ms)
✔ answer records the reply; wake no longer presents it; a second answer is refused (275.658597ms)
✔ answer to an unknown escalation is refused (65.565143ms)
✔ a stranger resumes from the file alone: question and answer are both in it (LOOP-014) (122.789084ms)
✔ after an answer, the same concern can be escalated again under a new name (167.025052ms)
✔ an escalation exists when its file does, committed or not (LOOP-009) (71.123806ms)
✔ developer answers require one of the three forms and cannot inject fields (LOOP-048) (597.670713ms)
✔ ask, agent explanation, another ask, and ok stay ordered in one file (LOOP-049, LOOP-050, LOOP-014) (741.637961ms)
✔ fresh closed answers accompany only concerned requirements until new evidence (LOOP-051) (748.7224ms)
✔ a raised escalation carries no derivable status line, and an old record with one still parses (LOOP-028) (188.536847ms)
✔ LOOP-065: delete of output refuses Done and a new run recovers (1176.552092ms)
✔ LOOP-065: corrupt of output refuses Done and a new run recovers (1164.996712ms)
✔ LOOP-065: delete of stderr_output refuses Done and a new run recovers (918.637871ms)
✔ LOOP-065: corrupt of stderr_output refuses Done and a new run recovers (1166.655923ms)
✔ LOOP-065: a receipt without output needs a new check (487.869749ms)
✔ LOOP-065: a receipt without output_digest needs a new check (484.223207ms)
✔ LOOP-065: a receipt without stderr_output needs a new check (456.254352ms)
✔ LOOP-065: a receipt without stderr_digest needs a new check (414.541722ms)
✔ LOOP-065: legacy unverifiable output is rerun without rewriting history (743.625083ms)
✔ a fresh record names the kernel that wrote it (LOOP-023) (301.761576ms)
✔ LOOP-095: a record from another kernel is stale with the kernel named, and a new check restores Done (758.752404ms)
✔ LOOP-095: a record from no kernel is stale with the kernel named, and a new check restores Done (695.350873ms)
✔ LOOP-070: a later failure is latest even when the clock moves backward (983.17606ms)
✔ LOOP-070: receipt collisions at one clock instant retain execution order beyond nine suffixes (3505.810207ms)
✔ LOOP-070: imported branch receipts stale a later sequence until a new check incorporates them (1189.563735ms)
✔ LOOP-070, LOOP-098: legacy receipts need one ordered check and remain byte-for-byte unchanged (539.222379ms)
✔ LOOP-070: edit of a prior receipt requires fresh evidence (505.195391ms)
✔ LOOP-070: remove of a prior receipt requires fresh evidence (494.837587ms)
✔ LOOP-075: supporting evidence file README.md does not become a receipt (536.661167ms)
✔ LOOP-075: supporting evidence file notes.txt does not become a receipt (540.644994ms)
✔ LOOP-075: supporting evidence file support does not become a receipt (525.803415ms)
✔ LOOP-075: supporting evidence file .DS_Store does not become a receipt (541.628244ms)
✔ LOOP-075: a malformed result line (result=success) names a repair before execution (391.262437ms)
✔ LOOP-075: a malformed result line (sequence=NaN) names a repair before execution (376.177689ms)
✔ LOOP-075: a malformed result line (sequence=9007199254740992) names a repair before execution (355.253008ms)
✔ LOOP-075: a malformed result line (history_digest=wrong) names a repair before execution (367.794846ms)
✔ LOOP-075: a malformed result line (tokens) names a repair before execution (347.298968ms)
✔ LOOP-075: a receipt-shaped directory is a named repair instead of an EISDIR crash (278.651598ms)
✔ LOOP-070: an earlier escalation cannot cover three new attempts after clock rollback (1023.859502ms)
✔ LOOP-070: an answer becomes old after a later check even if that check's timestamp is earlier (646.6262ms)
✔ LOOP-070: the newest answer wins between checks even when its clock timestamp is older (429.456487ms)
✔ LOOP-070: legacy escalation dates cover old receipts but not three newer sequenced runs (1397.389692ms)
✔ a PKG requirement the commitment does not name is declared, run, and gates Done (PKG-011) (1904.352672ms)
✔ a PKG requirement in a Draft spec is not folded in (457.834527ms)
✔ LOOP-076, LOOP-079: stale inputs identify the receipt and the check to run (691.829209ms)
✔ LOOP-077: names a content change using checked input identity (690.985944ms)
✔ LOOP-077: names a mode change using checked input identity (668.878216ms)
✔ LOOP-077: names a kind change using checked input identity (574.690664ms)
✔ LOOP-077: names a added change using checked input identity (521.017367ms)
✔ LOOP-077: names a removed change using checked input identity (776.268454ms)
✔ LOOP-077: names a link-target change using checked input identity (732.488427ms)
✔ LOOP-077: changed selection compares the old and new input sets (516.784645ms)
✔ LOOP-077: raw CRLF changes remain visible when Git-clean content agrees (432.311365ms)
✔ LOOP-077: detail output is sorted, bounded, and reports the omitted count (463.523438ms)
✔ LOOP-077: filenames cannot inject lines or terminal controls into explanations (430.286901ms)
✔ LOOP-077: receipts from one run share details and do not store source contents (321.984668ms)
✔ LOOP-078, LOOP-080: legacy optional detail limits explanation without changing standing (521.285304ms)
✔ LOOP-078, LOOP-080: invalid-field optional detail limits explanation without changing standing (511.146728ms)
✔ LOOP-078, LOOP-080: missing optional detail limits explanation without changing standing (533.943055ms)
✔ LOOP-078, LOOP-080: invalid-json optional detail limits explanation without changing standing (526.463232ms)
✔ LOOP-078, LOOP-080: mismatched optional detail limits explanation without changing standing (518.149618ms)
✔ LOOP-078, LOOP-080: duplicate optional detail limits explanation without changing standing (509.427003ms)
✔ LOOP-078, LOOP-080: unsafe-path optional detail limits explanation without changing standing (496.913956ms)
✔ LOOP-078, LOOP-080: directory optional detail limits explanation without changing standing (522.832465ms)
✔ LOOP-078, LOOP-080: symlink optional detail limits explanation without changing standing (469.478335ms)
✔ LOOP-078: unavailable old requirement text is not claimed as a proven change (389.082089ms)
✔ LOOP-076, LOOP-079: changed requirements identify evidence and retain review-before-check guidance (386.529228ms)
✔ LOOP-078: simultaneous input and output damage keep both reasons (402.096461ms)
✔ LOOP-080: deterministic freshness sequence seed=7 (8902.802981ms)
✔ LOOP-080: deterministic freshness sequence seed=42 (6252.503094ms)
✔ LOOP-080: deterministic freshness sequence seed=913 (5904.263191ms)
✔ LOOP-080: agreement changes, mechanism review, checks, and completion review retain priority (1380.266111ms)
✔ LOOP-080: imported receipt history demands a rerun without a false input explanation (1418.487259ms)
✔ LOOP-073: clean CRLF input completes under attributes (555.414875ms)
✔ LOOP-073: clean CRLF input completes under autocrlf (541.133154ms)
✔ LOOP-073: raw line-ending mutation during a run is rejected even when Git still sees the same content (244.696826ms)
✔ LOOP-073: execution evidence changes when clean conversion preserves committed identity (1003.677122ms)
✔ LOOP-073: Git clean filters use Git's conversion while retaining raw evidence identity (437.570355ms)
✔ LOOP-073: failure of a required Git filter cannot record evidence (107.450011ms)
✔ LOOP-073: a clean filter moving HEAD during ending validation prevents evidence (614.754193ms)
✔ LOOP-073: canonical Git identities handle links without reading their targets (530.83809ms)
✔ LOOP-073: Git conversion keeps raw Unicode and control-character input paths (352.229718ms)
✔ LOOP-073: conversion and links work in a SHA-256 Git repository (371.536241ms)
✔ LOOP-074: historical specification filename "café.md" remains reviewable (419.22136ms)
✔ LOOP-074: historical specification filename "spec\ttab.md" remains reviewable (357.017364ms)
✔ LOOP-074: historical specification filename "spec\nline.md" remains reviewable (350.635737ms)
✔ help works outside a repository without running a command (PKG-017) (842.280083ms)
✔ help does not hide invalid options or consume literal arguments (173.8488ms)
✔ help lists the lint command (PKG-028, PKG-017) (44.813916ms)
✔ the stop hook refuses a stop while wake says Resolvable, with the verdict as the reason (PKG-018) (204.452203ms)
✔ the stop hook allows a stop at Done, at Escalate, and outside a Cairn repository (PKG-018) (994.920305ms)
✔ the session-start hook links the command once and prints the verdict in a Cairn repository (PKG-019, PKG-014, PKG-005) (515.50314ms)
✔ the session-start hook prints no verdict outside a Cairn repository and leaves an existing link that resolves alone (PKG-019) (48.685798ms)
✔ a checkout under a path with a space links a command that resolves, and its stop hook still blocks (PKG-019, PKG-021) (364.925547ms)
✔ the hooks run the kernel the command link resolves to, so hook and agent share one referee (PKG-021, LOOP-096) (850.462464ms)
✔ a dangling link is replaced and reported (PKG-019) (149.292399ms)
✔ errors exit 0 with one line on standard error and no stack trace (PKG-022) (76.984968ms)
✔ cairn lint runs the checker over docs/spec by default and over a named directory (PKG-028) (211.389449ms)
✔ three megabytes are retained exactly once with matching digests (LOOP-041, LOOP-042) (380.994209ms)
✔ split stdout result lines survive a long non-result line; stderr is never a verdict (402.631365ms)
✔ signal termination is recorded and logs survive a clone (LOOP-043) (383.399366ms)
✔ working agreements and ignore changes are Cairn records inside the footprint (378.627676ms)
✔ a clean package passes (91.189058ms)
✔ PKG-001: a dependency, or a service manifest (136.763339ms)
✔ PKG-002: ignoring evidence or other durable state (63.099363ms)
✔ PKG-003: a command, a directory, or a record kind no decision names (178.921419ms)
✔ PKG-004: a kernel over 1500 lines (64.385731ms)
✔ PKG-006: a skill step naming a vendor's product (55.782196ms)
✔ PKG-008: a non-ASCII character in a tracked text file (57.48589ms)
✔ PKG-009: the kernel importing from tests (61.697403ms)
✔ PKG-012: a network call or a model vendor in the kernel (123.778622ms)
✔ PKG-013: deferral language, but not in code, quotes, or a rule (136.928326ms)
✔ a tracked path deleted from the working tree is skipped, not a crash (68.599636ms)
✔ a sentence in a Formats section is not a record kind (63.735854ms)
✔ a record kind named by its path alone is checked (75.411422ms)
✔ PKG-002: a tracked in-progress record (57.71877ms)
✔ PKG-002: ignoring evidence alone is a finding (70.077417ms)
✔ PKG-003 reads the kernel's commands from its help output (PKG-023) (111.500034ms)
✔ the ASCII scan covers shipped files, not records under .cairn/ (PKG-024) (58.624045ms)
✔ a vendor-naming step wrapped across lines is matched (PKG-006, PKG-027) (62.096357ms)
✔ PKG-013 scans the README, the manual, and the walkthrough (PKG-032) (206.053112ms)
✔ LOOP-071: decision body metadata does not resolve unbuilt work: "Superseded by: example" (637.755306ms)
✔ LOOP-071: decision body metadata does not resolve unbuilt work: "```text\nSuperseded by: example\n```" (689.968732ms)
✔ LOOP-071: decision body metadata does not resolve unbuilt work: "~~~text\nSuperseded by: example\n~~~" (693.864848ms)
✔ LOOP-071: a fenced realization example is not a resolving commit (559.808119ms)
✔ LOOP-071: a fenced commit inside the realization section is not built (488.436028ms)
✔ LOOP-071: ## Example cannot replace an open review finding (799.772118ms)
✔ LOOP-071: # Example cannot replace an open review finding (485.124762ms)
✔ LOOP-071: ### Example cannot replace an open review finding (477.765348ms)
✔ LOOP-071:   ## Example cannot replace an open review finding (517.397389ms)
✔ LOOP-071: Example paragraph. cannot replace an open review finding (475.098593ms)
✔ LOOP-071: Example
------- cannot replace an open review finding (452.170811ms)
✔ LOOP-071: fenced fields before a real review header are ignored (443.96589ms)
✔ LOOP-071: multiline decision --title cannot inject metadata (345.348401ms)
✔ LOOP-071: multiline decision --decided-by cannot inject metadata (340.228328ms)
✔ LOOP-071: multiline decision --rests-on cannot inject metadata (350.318619ms)
✔ LOOP-071: multiline decision --wrong-if cannot inject metadata (338.512783ms)
✔ LOOP-071: multiline decision --history cannot inject metadata (331.509661ms)
✔ LOOP-072: malformed Blocking concerns stay open: "R-001\nAnswer: ok" (78.279805ms)
✔ LOOP-072: malformed Blocking concerns stay open: "R-001\r\nAnswer: ok" (67.003209ms)
✔ LOOP-072: malformed Blocking concerns stay open: "R-001\rAnswer: ok" (71.841253ms)
✔ LOOP-072: malformed Blocking concerns stay open: "R-001 Answer: ok" (82.833612ms)
✔ LOOP-072: malformed Blocking concerns stay open: "R-001 Answer: ok" (70.608306ms)
✔ LOOP-072: ordinary malformed concerns are refused: "R-001\nR-002" (39.702662ms)
✔ LOOP-072: ordinary malformed concerns are refused: "R-001, prose" (37.591243ms)
✔ LOOP-072: ordinary malformed concerns are refused: " " (36.029101ms)
✔ LOOP-072: a Blocking escalation without concerns is still presented (74.358429ms)
✔ LOOP-072: carriage returns in a Blocking question do not create answer records (65.158664ms)
✔ LOOP-072: explanation separator 8232 cannot close an escalation (129.52688ms)
✔ LOOP-071: decision metadata refuses separator 8232 (361.243512ms)
✔ LOOP-072: explanation separator 8233 cannot close an escalation (146.088637ms)
✔ LOOP-071: decision metadata refuses separator 8233 (341.316585ms)
✔ an unmatched input is refused before execution (LOOP-044) (183.717416ms)
✔ an indexed input deleted on disk asks for a commit (LOOP-045) (138.59039ms)
✔ wake and check require a Git working tree (LOOP-046) (101.211605ms)
✔ recovery removes only dead kernel run records and identifies a live owner (LOOP-054, LOOP-055) (328.083194ms)
✔ an agent action based behind a clean HEAD appears committed (LOOP-027) (185.297901ms)
✔ realization needs a real commit and a subject (DEC-006) (258.406251ms)
✔ 1500 binary inputs digest identically at the review commit in under a second (LOOP-024) (1409.349741ms)
✔ merged work is excluded but a later own commit is a breach (LOOP-047) (213.549329ms)
✔ exact Current tenure ignores prefix matches and earlier visits to the same slug (LOOP-035) (233.833151ms)
✔ a kernel run records its supervising PID (LOOP-054) (285.463687ms)
✔ a merged declared input still stales evidence (LOOP-047) (609.710244ms)
✔ wildcard and magic pathspecs select the same historical inputs (LOOP-024, LOOP-032) (2129.942241ms)
✔ historical selection retains deleted files and excludes new ones (LOOP-024, LOOP-035) (1291.956593ms)
✔ explicit reporting with no lines and exit 0 establishes no requirement verdicts (LOOP-061) (443.081868ms)
✔ explicit reporting with no lines and exit 1 establishes no requirement verdicts (LOOP-061) (466.172629ms)
✔ a reporter that cannot start keeps execution diagnostics without blaming requirements (LOOP-062) (320.034208ms)
✔ large output cannot kill a reporter or invent a requirement verdict (386.196336ms)
✔ explicit mode ignores cairn: R-999: pass (336.868769ms)
✔ explicit mode ignores cairn: R-001: unverified (298.835093ms)
✔ explicit mode ignores cairn: R-001: passed (276.623716ms)
✔ explicit results survive nonzero exit and contradictory duplicates still fail (529.013651ms)
✔ unverified results across changed inputs never become failed attempts (1617.150164ms)
✔ legacy exit 0 retains its interpretation (242.311316ms)
✔ legacy exit 1 retains its interpretation (260.133657ms)
✔ a misspelled reporting mode is refused before execution (107.994014ms)
✔ changed requirement blocks unchecked reruns and makes the completion review stale (LOOP-058, LOOP-059) (1842.582881ms)
✔ falsifier changes need review; separate rationale and other requirements do not change a receipt (1099.185244ms)
✔ legacy receipts recover requirement identity from their commit; unavailable history requires review (1099.938723ms)
✔ check refuses uncommitted requirement text and mechanism review markers (735.716221ms)
✔ tightened response limit cannot reuse the old passing check (1350.695695ms)
✔ a declared input over 1 MiB agrees at a commit and in the tree (LOOP-060) (463.098238ms)
✔ a failed Git blob read cannot be hashed as an empty blob (405.761082ms)
✔ Git listings over 1 MiB include the last declared input (2136.529552ms)
✔ requirement identity excludes fenced examples and status dates (524.431064ms)
✔ DemonCoder REM-002 and Status in progress cannot silently satisfy the review gate (LOOP-086) (833.530686ms)
✔ valid open findings retain their behavior (523.580306ms)
✔ valid resolved findings retain their behavior (536.390441ms)
✔ valid empty findings retain their behavior (501.216544ms)
✔ valid mixed valid findings retain their behavior (402.559061ms)
✔ malformed finding "open:" requires repair (397.060481ms)
✔ malformed finding "resolved:   " requires repair (727.346474ms)
✔ malformed finding "Open: incorrect case" requires repair (358.569517ms)
✔ malformed finding "unknown: issue" requires repair (364.053671ms)
✔ malformed finding "\u001b[31mBAD: issue" requires repair (380.248458ms)
✔ the established explicit empty findings list remains valid (343.593306ms)
✔ a scalar findings value requires the supported list format (318.92765ms)
✔ a Requirements: line written as a list is read like the flat form (LOOP-102) (167.208559ms)
✔ a subdirectory or a README in a record directory changes nothing (LOOP-103) (529.422482ms)
✔ two Current: lines are a roadmap repair (LOOP-019, LOOP-104) (76.820584ms)
✔ a repeated identifier, an input under the evidence directory, and a missing cwd are refused by name (LOOP-105) (403.302215ms)
✔ a requirement whose evidence outlives its mechanism is named declare, not a regression or an escalation (LOOP-106) (1117.849084ms)
✔ an unreadable record is a repair, not an error exit (LOOP-107) (74.374698ms)
✔ a review needs commit, a nonempty examined list, and a findings list, each named when missing (LOOP-108) (908.080331ms)
✔ a decision record missing a header field or naming a missing predecessor is a repair (LOOP-109) (438.139839ms)
✔ a dirty declared input with no in-progress record is named record ahead of run (LOOP-022, LOOP-110) (261.09688ms)
✔ with core.filemode false the index mode is the identity, so a mode-only difference does not refuse the check (LOOP-111) (237.471137ms)
✔ a project below the Git toplevel can run check (LOOP-112) (246.294296ms)
✔ a shallow clone names history to fetch, not a decision to build (LOOP-113) (118.964717ms)
✔ record-writing commands refuse to run outside a Cairn repository and write nothing (LOOP-118, LOOP-046) (224.481754ms)
✔ empty footprint names declaration before scope and records no evidence (LOOP-081) (587.861915ms)
✔ first declaration still checks the full earlier history (LOOP-081) (329.200808ms)
✔ an empty current footprint does not block an explicitly requested existing mechanism (LOOP-081) (298.102737ms)
✔ an inherited mechanism provides a footprint even before local mechanisms exist (202.286486ms)
✔ scope reports every path, escapes line breaks, and gives identical remedies (LOOP-082) (261.754993ms)
✔ scope verdict reuses the answered-escalation annotation (LOOP-048, LOOP-051, LOOP-083) (505.035303ms)
✔ a committed scope acknowledgment lets restored history proceed (LOOP-083) (625.312988ms)
✔ scope acknowledgment must be committed before it can clear a breach (740.114129ms)
✔ ordinary ok does not acknowledge scope history (391.529966ms)
✔ scope escalation refuses unrestored paths and names the restoration remedy (228.70106ms)
✔ an invalid scope request still records an explicitly Blocking decision (134.617293ms)
✔ ask and explanation stay open; only the final committed ok acknowledges scope (729.683561ms)
✔ instead is visible but does not silently authorize a scope exception (356.517227ms)
✔ later changes to an acknowledged path still block, including later reverts (1045.61583ms)
✔ approval cannot hide another path changed after the snapshot (345.18963ms)
✔ acknowledged history remains conditional on the paths staying restored (531.04359ms)
✔ editing the scope snapshot after answer invalidates its acknowledgment (278.603608ms)
✔ malformed scope metadata cannot suppress a breach (1345.877564ms)
✔ damaged acknowledgment fields cannot suppress a breach (505.048002ms)
✔ scope path matching is literal, including wildcard filenames and control characters (507.367082ms)
✔ scope acknowledgment does not carry into another activation of the same slug (286.435322ms)
✔ restoration checks additions, deletions, executable modes, and symlink kinds (1407.337259ms)
✔ explicit committed retention keeps correct work and requires new evidence and review (LOOP-084, LOOP-085) (2059.047541ms)
✔ a missing declaration covers correct earlier work without retention or revert (481.447939ms)
✔ keep requires scope and an unchanged committed candidate (133.497756ms)
✔ uncommitted retention and instead answers cannot clear the incident (1282.832702ms)
✔ retention does not grant future edits, even when reverted to the approved tree (1325.181145ms)
✔ retention cannot cover another path or another activation (541.190069ms)
✔ imported changes must still match the retained tree (582.713897ms)
✔ retention handles additions, deletions, modes, symlinks, and literal filenames (1972.467937ms)
✔ retention cannot convert an existing restoration answer or accept an unknown mode (394.193869ms)
✔ a check failure after retention remains a failure (716.065772ms)
✔ retained paths stay part of the stable checked candidate without extending its footprint (561.112185ms)
✔ retention ask needs an explanation and final committed approval (518.709453ms)
✔ an unknown scope mode remains invalid even with a matching approval digest (273.262401ms)
✔ backlog writes the item; a second with the same title is refused, never overwritten (LOOP-016) (127.018113ms)
✔ a commit inside the footprint: check runs; outside it: check names the path and does not run (LOOP-015, LOOP-035) (557.656573ms)
✔ Cairn's records are never a breach; another file under docs/ is (LOOP-117) (643.162666ms)
✔ declaring the path as an input clears the breach (285.890322ms)
✔ a revert preserves the record of an out-of-scope commit (LOOP-047) (278.77273ms)
✔ a commitment naming a requirement the spec set does not hold as Agreed is repaired (LOOP-029) (80.269372ms)
✔ a requirement in a Draft spec file is not Agreed (66.254965ms)
✔ working agreements and the ignore file are Cairn records (LOOP-035, LOOP-036) (462.364069ms)
✔ the over-asking rule is gone from both skills (SPEC-005, SPEC-006, SPEC-007) (1.324932ms)
✔ a decision during the phase is recorded (DEC-003) (0.138243ms)
✔ understanding is restated before writing (SPEC-003) (0.085979ms)
✔ falsifiers are proposed as one set and confirmed by exception (SPEC-004) (0.148512ms)
✔ depth is inferred and domains derived, never asked or imposed (SPEC-008, SPEC-009) (0.10147ms)
✔ a term enters the glossary at first occurrence (SPEC-010) (0.070103ms)
✔ the phase ends at the first commitment, and later ones are specified during the loop (SPEC-011, SPEC-012) (0.074471ms)
✔ a requirement goes Agreed only with a nameable mechanism (SPEC-013) (0.075565ms)
✔ review before agreement, recording what it attacked (SPEC-014, SPEC-015) (0.698632ms)
✔ no spec file without requirements; nothing Agreed without a falsifier (SPEC-001, SPEC-002) (0.25023ms)
✔ Observed is marked, and is not contract (SPEC-016, SPEC-017) (0.243337ms)
✔ the skills exclude artifacts outside Cairn's workflow (0.140257ms)
✔ the working agreement names the agent's move for each verdict and the write-ahead record (LOOP-036) (0.611119ms)
✔ the working agreement names the developer's moves (LOOP-036, DEC-014) (0.089049ms)
✔ this repository runs by the file it ships (0.310552ms)
✔ both skills write the working agreement without naming a vendor's file (LOOP-002, LOOP-036, PKG-006) (0.205851ms)
✔ the working agreement says what an attempt is (LOOP-036, DEC-017, DEC-018) (0.071524ms)
✔ the working agreement says a failure no footprint change can address is an escalation, and where an inherited requirement is repaired (DEC-019, LOOP-057) (0.058728ms)
✔ the working agreement states the promote, next-iteration, and no-deferral moves (LOOP-029, LOOP-087, LOOP-091, LOOP-092) (0.060168ms)
✔ both skills sort captures into the backlog or next-iteration and forbid deferral (LOOP-029, LOOP-092, LOOP-093) (0.046824ms)
✔ the skill requires a falsifier on every requirement, a MAY included (SPEC-025) (0.046872ms)
✔ the working agreement names the hooks as optional and the install skill registers them for two harnesses (PKG-006, PKG-018, PKG-019) (0.176822ms)
✔ the working agreement says the kernel is upgraded at Done, never inside a commitment (LOOP-096) (0.043242ms)
✔ the next-iteration skill starts from the specification and ends by naming the next commitment (SPEC-026, SPEC-027) (0.162215ms)
✔ every document that names the project skills names next-iteration beside them (SPEC-026, PKG-014) (2.705876ms)
✔ the working agreement states a move for every action the kernel can name (LOOP-101) (0.900341ms)
✔ the working agreement states both record formats and the two flags the moves need (LOOP-036) (0.142558ms)
✔ the skills demonstrate a safe violating example and preserve recon findings (SPEC-022, SPEC-023) (0.066692ms)
✔ the specification skills run the checker through the cairn command (PKG-029) (0.904358ms)
✔ the README invokes the phase skills by name and states versions and platforms (PKG-030, PKG-031) (0.357223ms)
✔ the manual and the walkthrough say the loop promotes backlog items at Done (LOOP-087) (0.608877ms)
✔ a two-obligation sentence is named (PKG-007) (47.188979ms)
✔ an obligation with no actor is named (PKG-010) (46.523391ms)
✔ a leading condition clause is not the actor, and the actor after it counts (47.413613ms)
✔ an Agreed requirement with no falsifier is named (SPEC-002); a Draft one is not (76.284097ms)
✔ prose after a Draft requirement with no falsifier is not scanned as requirement text (37.786804ms)
✔ a spec declaring a prefix with no requirement is named (SPEC-001) (31.74336ms)
✔ a keyword in backticks or quotes is a mention, not an obligation (38.791347ms)
✔ duplicate identifiers are rejected within a file and across files (SPEC-020) (77.232604ms)
✔ references resolve across files; missing references name their source (SPEC-021) (77.040121ms)
✔ code examples and quoted mentions are neither definitions nor references (43.679831ms)
✔ machine-local paths are findings in prose, links, quotes, and examples (SPEC-019) (389.075058ms)
✔ relative paths, URLs, slash commands, and character mentions are not absolute path findings (41.553894ms)
✔ a slash after a placeholder continues the template (SPEC-019) (85.099481ms)
✔ a host path is a finding until the file declares it (SPEC-019, SPEC-024) (79.22226ms)
✔ declared host paths cover children with a slash boundary and stay file-local (127.245818ms)
✔ a host-path declaration inside a requirement or example grants no exception (110.545653ms)
✔ host-path declarations require absolute or home-relative entries (208.128409ms)
✔ an Agreed block whose only keyword is MAY needs a falsifier like any other (SPEC-025, SPEC-002) (80.535511ms)
✔ a regex literal is not a path, a drive path and a file URL are, and a skill's slash name is allowed (SPEC-028, SPEC-029) (39.045683ms)
✔ a backticked or quoted actor still counts as one (PKG-010) (34.029242ms)
✔ supersede writes both lines, and the old record keeps every word it had (DEC-008, DEC-010) (66.409828ms)
✔ supersede without a cause, or with one outside the four, is refused (DEC-009) (106.049917ms)
✔ supersede of a record that does not exist is refused (76.451365ms)
✔ a predecessor with no title line cannot be stamped, so nothing is written (69.525597ms)
✔ reversals reports counts by decider, cause, and domain (DEC-011) (168.550452ms)
✔ decide in a domain with a reversal is refused without --history, naming the reversal; with it, the record carries History (DEC-012) (176.690219ms)
✔ decide in a domain with no reversals needs no --history (125.289704ms)
✔ a record resting on prose alone is in the domain unspecified, and so is the next one (132.663482ms)
✔ a second declaration for one requirement is accepted, a named check runs every mechanism, and Done needs each to pass (LOOP-056, LOOP-099) (2137.772009ms)
✔ one mechanism's stale evidence names that mechanism, and --stale runs only it (LOOP-056, LOOP-094) (793.381105ms)
✔ attempts are counted within one mechanism's records, so the other's passes do not reset them (LOOP-100, DEC-016) (1836.952059ms)
✔ step 1: an in-progress record is reconciled before anything else (97.096217ms)
✔ step 2: an open escalation is presented and nothing else happens (97.179488ms)
✔ an answered escalation is not open (588.646099ms)
✔ step 3: a decision with no realized-by is built, first by name (DEC-007) (73.438755ms)
✔ a superseded decision with no realized-by is not work (140.426234ms)
✔ step 6: a mechanism that has never run is run, not implemented (LOOP-008) (138.153174ms)
✔ step 6: a requirement whose mechanism fails is implemented (533.524307ms)
✔ step 6 before step 7: failing evidence outranks a missing mechanism (335.355278ms)
✔ step 7: a requirement with no mechanism is declared (LOOP-006) (87.078432ms)
✔ step 10: every requirement current and passing, review clean, is Done (LOOP-004) (444.007446ms)
✔ malformed roadmap is Resolvable, not fatal (LOOP-005) (103.908812ms)
✔ a commitment naming no requirements is Resolvable (LOOP-018) (129.702328ms)
✔ the primary test: two wakes on the same checkout give the same action (LOOP-001, LOOP-003) (137.859907ms)
✔ outside a cairn repository wake cannot run (54.635099ms)
✔ the loop never waits on the review queue (DEC-015) (346.051244ms)
✔ the linked walkthrough runs from agreement through the next commitment (PKG-016) (1424.106399ms)
ℹ tests 426
ℹ suites 0
ℹ pass 426
ℹ fail 0
ℹ cancelled 0
ℹ skipped 0
ℹ todo 0
ℹ duration_ms 23964.862525
