✔ a Draft block overrides an Agreed file for both wake and check (SPEC-018) (211.790907ms)
✔ an Agreed block overrides a Draft file in the kernel and lint (SPEC-018, SPEC-002) (1109.425524ms)
✔ a block Status does not become the file default, including inside examples (SPEC-018) (480.951741ms)
✔ block status without a value does not inherit Agreed by accident (SPEC-018) (89.785228ms)
✔ inheritance needs a file Scope and includes only Agreed blocks, regardless of prefix (PKG-015) (3230.203591ms)
✔ Scope inside a requirement or fenced example does not declare inheritance (PKG-015) (1531.403691ms)
✔ a falsifier wrapped onto a line beginning with Status: does not become the block's status (SPEC-018) (1.190026ms)
✔ with attribution forbidden, an unpushed commit carrying an AI attribution line is named reword before any work; without the policy, or once pushed, it is not (PKG-045) (527.106018ms)
✔ rewording yields to explaining a stop record, and is named once that record is explained (PKG-045, LOOP-139) (256.800297ms)
✔ each attribution form is caught, a prose mention is not, and the oldest attributed commit is named first (PKG-045) (1061.667322ms)
✔ LOOP-063: reject input mutation during a check and retain diagnostics (681.592606ms)
✔ LOOP-063: reject deletion mutation during a check and retain diagnostics (585.476018ms)
✔ LOOP-063: reject addition mutation during a check and retain diagnostics (527.967213ms)
✔ LOOP-063: reject mode mutation during a check and retain diagnostics (739.421819ms)
✔ LOOP-063: reject specification mutation during a check and retain diagnostics (598.232062ms)
✔ LOOP-063: reject declaration mutation during a check and retain diagnostics (682.828847ms)
✔ LOOP-063: reject commit mutation during a check and retain diagnostics (580.973068ms)
✔ LOOP-063: committed input mutation during execution cannot certify the replacement (623.997234ms)
✔ LOOP-064: removing executable permission makes passing evidence stale (1060.216552ms)
✔ LOOP-064: a mode-only change also invalidates the previous review after new evidence (1278.636213ms)
✔ LOOP-064: changing a regular file into a link with identical identity bytes is stale (1356.626918ms)
✔ LOOP-063: an unchanged candidate still records a pass despite unrelated working-tree edits (341.40269ms)
✔ LOOP-064: current and historical input ordering agrees for Unicode filenames (576.733977ms)
✔ LOOP-063: Git status hiding content changes cannot certify an uncommitted candidate (179.084214ms)
✔ LOOP-066: one check owns execution with a kernel action record (679.559447ms)
✔ LOOP-066: one check owns execution with an agent action record (685.803489ms)
✔ LOOP-066: a live lock is named and never silently overwritten (369.70662ms)
✔ LOOP-066: a dead lock is named and never silently overwritten (240.252036ms)
✔ LOOP-066: a incomplete lock is named and never silently overwritten (283.976155ms)
✔ LOOP-066: an execution error releases the check lock for a corrected rerun (714.238566ms)
✔ LOOP-066: a live kernel action from an older Cairn also blocks execution (178.572106ms)
✔ LOOP-066: separate Git worktrees can run checks independently (842.766434ms)
✔ after a green check --stale runs nothing; after one input changes it runs only that mechanism (LOOP-094) (1333.076914ms)
✔ a mechanism speaking for two stale requirements runs once and refreshes both (LOOP-094, LOOP-040) (1276.442389ms)
✔ a fresh failure and an unverified result are skipped with implement named (LOOP-094) (945.433959ms)
✔ --stale with a requirement identifier is refused (LOOP-094) (102.618877ms)
✔ check --stale holds back a mechanism whose requirement has three attempts and no escalation, names it, and records nothing (LOOP-094, DEC-016) (3132.728736ms)
✔ check refuses a dirty declared input and names it; a dirty undeclared file does not block (LOOP-030) (622.785728ms)
✔ check writes one receipt per run carrying the full record and a result line per requirement (LOOP-097) (556.239504ms)
✔ a nonzero exit records fail, and the receipt keeps the exit code (LOOP-034) (503.181478ms)
✔ a pass after a fail keeps the failing record; nothing is overwritten or deleted (LOOP-025) (973.496241ms)
✔ a commit changing a declared input makes evidence stale; an undeclared one does not (LOOP-007) (1539.60435ms)
✔ a regression is named before a requirement that never passed (LOOP-031) (1737.033883ms)
✔ three attempts with no escalation since: wake says escalate, not a fourth (DEC-016, DEC-017, DEC-018) (3376.720399ms)
✔ the review gate: no review, stale review, open finding, then Done (LOOP-020, LOOP-033) (1325.019545ms)
✔ Done is refused while any requirement lacks current passing evidence (LOOP-017) (107.814761ms)
✔ check names a requested requirement that no mechanism claims (123.256149ms)
✔ check writes the in-progress record before the run and clears it after (LOOP-021) (254.263719ms)
✔ a linked declared input digests the same at a commit and in the tree (LOOP-023, LOOP-024) (537.641002ms)
✔ a result line is the mechanism's statement about one requirement; what it did not mention is unverified (LOOP-037, LOOP-052) (226.27648ms)
✔ a mechanism that says nothing is read by its exit code for every requirement (LOOP-039) (233.250105ms)
✔ unverified is not an attempt, and a return to an earlier failed digest counts once (DEC-017, DEC-018) (1994.942111ms)
✔ a result line for a requirement the mechanism does not speak for is named and writes nothing (LOOP-038) (200.949088ms)
✔ a result line inside ordinary output, or without the marker, does not count (212.17557ms)
✔ a targeted check runs the named requirements' mechanisms and records every requirement they speak for (LOOP-040) (214.898761ms)
✔ two result lines for one requirement: a fail on any line wins (211.555791ms)
✔ three runs at one digest with no attempt since: the verdict stays implement and names DEC-019; an escalation naming it among others clears the hint (DEC-019, LOOP-053) (1053.171568ms)
✔ a receipt names its commit in full, and an older receipt with the short form is still read (LOOP-136) (288.444205ms)
✔ a change only to a document its declaration lists leaves the review fresh and the evidence stale; a change to another input makes the review stale (LOOP-141) (1317.894788ms)
✔ a complete commitment with an unpromoted backlog item names promote, and a stamped item lets it reach Done (LOOP-087) (1634.864621ms)
✔ an empty backlog with waiting next-iteration items is Done, with the count as information and no action on them (LOOP-091) (1305.667159ms)
✔ a promotion marker must resolve to a decision record (LOOP-088) (428.952138ms)
✔ a commitment promoted from an item needs a decision record naming the item (LOOP-088) (361.350201ms)
✔ the spec lint reports a promotion marker with no decision record (LOOP-088) (131.44825ms)
✔ a promoted commitment that changes an Agreed requirement or the working agreement is an escalation; an unpromoted one is not (LOOP-089, LOOP-090) (2632.602482ms)
✔ a capture from one of the commitment's own requirements needs Outside because: or an escalation (LOOP-092) (2601.396941ms)
✔ a next-iteration item names what it would change, and the capture refuses one that does not (LOOP-093) (643.236482ms)
✔ a commitment specified from a next-iteration item needs the item stamped before anything else (SPEC-027) (637.600407ms)
✔ a by deference marker resolves to a decision record like a promotion marker (SPEC-002, LOOP-088) (236.185737ms)
✔ the LOOP-090 gate reads the Concerns line, not the slug as a substring (LOOP-114) (677.500935ms)
✔ the LOOP-088 check reads the Promotes line, and decide --promotes writes it (LOOP-115) (259.190803ms)
✔ the activation commit of a promoted commitment is inside the LOOP-089 comparison (LOOP-116) (174.166817ms)
✔ the LOOP-090 route needs one escalation: its Concerns line covers the moved item too (LOOP-119, LOOP-092, LOOP-114) (741.611369ms)
✔ an escalation raised before the promoted commitment began does not silence the LOOP-090 gate (LOOP-114) (440.036946ms)
✔ an escalation raised before the commitment began does not silence the capture gate (LOOP-119) (387.105259ms)
✔ the activation commit is inside the scope footprint (LOOP-120) (130.944327ms)
✔ a requirement Agreed at activation that is demoted or removed is a contract change (LOOP-121) (701.613955ms)
✔ the include files are the root files that hold @AGENTS.md: exempt from the footprint, compared by the gate (LOOP-122) (1335.265561ms)
✔ a superseded promotion no longer satisfies the LOOP-088 check, and the repair says the promotion was reversed (LOOP-123) (572.079169ms)
✔ the restore route measures from the tree before activation, so a path the activation commit added must go (LOOP-120, LOOP-035) (181.731386ms)
✔ the loop works against exactly one commitment: the current one (LOOP-019) (457.756287ms)
✔ a promotion recorded below Consequential is a repair naming the level, since the developer never sees it in the queue (LOOP-088) (85.699288ms)
✔ every requirement the node-test declaration speaks for is named in a test title (PKG-025) (4.070193ms)
✔ every repository path the tests read is a declared input of node-test (PKG-026) (1.484031ms)
✔ writes a record with every required field and an empty realized-by (DEC-001, DEC-005) (76.234507ms)
✔ a Consequential decision is queued for review (DEC-013) (128.36522ms)
✔ a Consequential decision is queued even when .cairn/queue does not exist yet (122.221397ms)
✔ Routine is refused: routine decisions produce no record (89.617751ms)
✔ a missing field is a usage error and nothing is written (97.265542ms)
✔ supersedes requires a classified cause, and the old record must exist (320.244165ms)
✔ an existing record is not overwritten (192.305907ms)
✔ a queued decision stays queued; nothing but the developer removes it (DEC-014) (238.917966ms)
✔ each accepted decider is stored lowercase, whatever case it was typed in (DEC-020) (746.379044ms)
✔ a decider outside the vocabulary is a usage error naming all three, and nothing is written (DEC-020) (709.835255ms)
✔ an empty --decided-by is the missing-field error, not the vocabulary one (164.580872ms)
✔ LOOP-006, LOOP-067: missing inputs names a declaration repair before execution (186.952738ms)
✔ LOOP-006, LOOP-067: empty inputs names a declaration repair before execution (205.595243ms)
✔ LOOP-006, LOOP-067: missing command names a declaration repair before execution (349.608195ms)
✔ LOOP-006, LOOP-067: list command names a declaration repair before execution (170.348338ms)
✔ LOOP-006, LOOP-067: empty command names a declaration repair before execution (328.7931ms)
✔ LOOP-006, LOOP-067: missing requirements names a declaration repair before execution (272.305704ms)
✔ LOOP-006, LOOP-067: bad identifier names a declaration repair before execution (188.522216ms)
✔ LOOP-067: scalar one-item lists retain their existing meaning (437.469693ms)
✔ LOOP-068: a unpopulated gitlink is refused by name (280.534394ms)
✔ LOOP-068: a populated gitlink is refused by name (250.165032ms)
✔ LOOP-069: identical selections across 100 mechanisms use at most 20 Git processes (215.691895ms)
✔ --defect needs --from naming an Agreed requirement, and writes Defect: yes (LOOP-140) (359.168873ms)
✔ an unfixed defect is named fix before a promotable item, and counts as fixed only with passing evidence at or after its commit and no Agreed text changed (LOOP-087, LOOP-140) (3767.666925ms)
✔ escalate writes the six-line format followed by its facts, and wake presents it (LOOP-010, LOOP-026) (192.220117ms)
✔ a missing or multi-line field is refused with the field named, and nothing is written (LOOP-012) (218.752955ms)
✔ a Blocking escalation that fails the format is written anyway, naming the malformed field (LOOP-013) (233.034105ms)
✔ the loop stops for the developer only at Blocking: a recorded decision below it never yields Escalate, and the Blocking bypass must be spelled exactly (DEC-002) (543.696396ms)
✔ a second escalation while one is open is refused (LOOP-011) (223.390338ms)
✔ answer records the reply; wake no longer presents it; a second answer is refused (340.098777ms)
✔ answer to an unknown escalation is refused (96.811662ms)
✔ a stranger resumes from the file alone: question and answer are both in it (LOOP-014) (145.621437ms)
✔ a developer-shaped answer during the agent's turn is refused and writes nothing; the explanation is still accepted (LOOP-135) (927.094505ms)
✔ after an answer, the same concern can be escalated again under a new name (294.510341ms)
✔ an escalation exists when its file does, committed or not (LOOP-009) (113.949626ms)
✔ developer answers require one of the three forms and cannot inject fields (LOOP-048) (887.673523ms)
✔ ask, agent explanation, another ask, and ok stay ordered in one file (LOOP-049, LOOP-050, LOOP-014) (1137.335109ms)
✔ fresh closed answers accompany only concerned requirements until new evidence (LOOP-051) (1100.333349ms)
✔ a raised escalation carries no derivable status line, and an old record with one still parses (LOOP-028) (229.781572ms)
✔ LOOP-065: delete of output refuses Done and a new run recovers (1810.617061ms)
✔ LOOP-065: corrupt of output refuses Done and a new run recovers (1961.075483ms)
✔ LOOP-065: delete of stderr_output refuses Done and a new run recovers (1866.471457ms)
✔ LOOP-065: corrupt of stderr_output refuses Done and a new run recovers (1555.958265ms)
✔ LOOP-065: a receipt without output needs a new check (789.82678ms)
✔ LOOP-065: a receipt without output_digest needs a new check (776.972757ms)
✔ LOOP-065: a receipt without stderr_output needs a new check (805.959724ms)
✔ LOOP-065: a receipt without stderr_digest needs a new check (564.652741ms)
✔ LOOP-065: legacy unverifiable output is rerun without rewriting history (934.603351ms)
✔ a fresh record names the kernel that wrote it (LOOP-023) (391.50243ms)
✔ LOOP-095: a record from another kernel is stale with the kernel named, and a new check restores Done (863.952021ms)
✔ LOOP-095: a record from no kernel is stale with the kernel named, and a new check restores Done (995.625135ms)
✔ LOOP-070: a later failure is latest even when the clock moves backward (1569.383135ms)
✔ LOOP-070: receipt collisions at one clock instant retain execution order beyond nine suffixes (5736.844748ms)
✔ LOOP-070: imported branch receipts stale a later sequence until a new check incorporates them (2001.362614ms)
✔ LOOP-070, LOOP-098: legacy receipts need one ordered check, remain byte-for-byte unchanged, and precede the run receipt in the history (700.793016ms)
✔ LOOP-070: edit of a prior receipt requires fresh evidence (564.348396ms)
✔ LOOP-070: remove of a prior receipt requires fresh evidence (612.419278ms)
✔ LOOP-075: supporting evidence file README.md does not become a receipt (616.073504ms)
✔ LOOP-075: supporting evidence file notes.txt does not become a receipt (639.770908ms)
✔ LOOP-075: supporting evidence file support does not become a receipt (748.898878ms)
✔ LOOP-075: supporting evidence file .DS_Store does not become a receipt (643.94486ms)
✔ LOOP-075: a malformed result line (result=success) names a repair before execution (444.781538ms)
✔ LOOP-075: a malformed result line (sequence=NaN) names a repair before execution (392.088445ms)
✔ LOOP-075: a malformed result line (sequence=9007199254740992) names a repair before execution (434.643588ms)
✔ LOOP-075: a malformed result line (history_digest=wrong) names a repair before execution (419.179241ms)
✔ LOOP-075: a malformed result line (tokens) names a repair before execution (412.521118ms)
✔ LOOP-075: a receipt-shaped directory is a named repair instead of an EISDIR crash (320.157153ms)
✔ LOOP-070: an earlier escalation cannot cover three new attempts after clock rollback (1141.006576ms)
✔ LOOP-070: an answer becomes old after a later check even if that check's timestamp is earlier (700.768779ms)
✔ LOOP-070: the newest answer wins between checks even when its clock timestamp is older (446.316238ms)
✔ LOOP-070: legacy escalation dates cover old receipts but not three newer sequenced runs (1493.230609ms)
✔ a PKG requirement the commitment does not name is declared, run, and gates Done (PKG-011) (2924.343894ms)
✔ a PKG requirement in a Draft spec is not folded in (953.456783ms)
✔ LOOP-076, LOOP-079: stale inputs identify the receipt and the check to run (1239.281209ms)
✔ LOOP-077: names a content change using checked input identity (1138.365657ms)
✔ LOOP-077: names a mode change using checked input identity (1155.496815ms)
✔ LOOP-077: names a kind change using checked input identity (994.724554ms)
✔ LOOP-077: names a added change using checked input identity (1109.661529ms)
✔ LOOP-077: names a removed change using checked input identity (847.162595ms)
✔ LOOP-077: names a link-target change using checked input identity (1256.090262ms)
✔ LOOP-077: changed selection compares the old and new input sets (845.139546ms)
✔ LOOP-077: raw CRLF changes remain visible when Git-clean content agrees (789.608022ms)
✔ LOOP-077: detail output is sorted, bounded, and reports the omitted count (636.644616ms)
✔ LOOP-077: filenames cannot inject lines or terminal controls into explanations (486.245597ms)
✔ LOOP-077: receipts from one run share details and do not store source contents (430.976728ms)
✔ LOOP-078, LOOP-080: legacy optional detail limits explanation without changing standing (635.755282ms)
✔ LOOP-078, LOOP-080: invalid-field optional detail limits explanation without changing standing (632.149727ms)
✔ LOOP-078, LOOP-080: missing optional detail limits explanation without changing standing (628.957927ms)
✔ LOOP-078, LOOP-080: invalid-json optional detail limits explanation without changing standing (683.99753ms)
✔ LOOP-078, LOOP-080: mismatched optional detail limits explanation without changing standing (623.28162ms)
✔ LOOP-078, LOOP-080: duplicate optional detail limits explanation without changing standing (606.006896ms)
✔ LOOP-078, LOOP-080: unsafe-path optional detail limits explanation without changing standing (632.70997ms)
✔ LOOP-078, LOOP-080: directory optional detail limits explanation without changing standing (595.446355ms)
✔ LOOP-078, LOOP-080: symlink optional detail limits explanation without changing standing (592.51624ms)
✔ LOOP-078: unavailable old requirement text is not claimed as a proven change (474.560597ms)
✔ LOOP-076, LOOP-079: changed requirements identify evidence and retain review-before-check guidance (485.255677ms)
✔ LOOP-078: simultaneous input and output damage keep both reasons (465.329475ms)
✔ LOOP-080: deterministic freshness sequence seed=7 (13547.184788ms)
✔ LOOP-080: deterministic freshness sequence seed=42 (7115.2144ms)
✔ LOOP-080: deterministic freshness sequence seed=913 (6037.347741ms)
✔ LOOP-080: agreement changes, mechanism review, checks, and completion review retain priority (1595.738424ms)
✔ LOOP-080: imported receipt history demands a rerun without a false input explanation (1661.131903ms)
✔ LOOP-073: clean CRLF input completes under attributes (817.960456ms)
✔ LOOP-073: clean CRLF input completes under autocrlf (1163.330984ms)
✔ LOOP-073: raw line-ending mutation during a run is rejected even when Git still sees the same content (435.40078ms)
✔ LOOP-073: execution evidence changes when clean conversion preserves committed identity (1540.172311ms)
✔ LOOP-073: Git clean filters use Git's conversion while retaining raw evidence identity (837.620624ms)
✔ LOOP-073: failure of a required Git filter cannot record evidence (199.320381ms)
✔ LOOP-073: a clean filter moving HEAD during ending validation prevents evidence (661.751745ms)
✔ LOOP-073: canonical Git identities handle links without reading their targets (693.462391ms)
✔ LOOP-073: Git conversion keeps raw Unicode and control-character input paths (665.200113ms)
✔ LOOP-073: conversion and links work in a SHA-256 Git repository (619.313124ms)
✔ LOOP-074: historical specification filename "café.md" remains reviewable (659.191734ms)
✔ LOOP-074: historical specification filename "spec\ttab.md" remains reviewable (620.398292ms)
✔ LOOP-074: historical specification filename "spec\nline.md" remains reviewable (599.387571ms)
✔ help works outside a repository without running a command (PKG-017) (1459.50123ms)
✔ help does not hide invalid options or consume literal arguments (347.138616ms)
✔ help lists the lint command (PKG-017) (67.049397ms)
✔ a working directory that no longer exists is named as the failure, and git is not blamed (PKG-041, PKG-022) (281.086777ms)
✔ the stop hook refuses a stop while wake says Resolvable, with the verdict as the reason (PKG-018) (433.14065ms)
✔ the stop hook allows a stop at Done, at Escalate, and outside a Cairn repository (PKG-018) (1537.415459ms)
✔ the session-start hook links the command once and prints the verdict in a Cairn repository (PKG-019, PKG-014, PKG-005) (671.404081ms)
✔ the session-start hook prints no verdict outside a Cairn repository and leaves an existing link that resolves alone (PKG-019) (70.939547ms)
✔ a checkout under a path with a space links a command that resolves, and its stop hook still blocks (PKG-019, PKG-021) (528.660432ms)
✔ the hooks run the kernel the command link resolves to, so hook and agent share one referee (PKG-021) (1865.289727ms)
✔ a dangling link is replaced and reported (PKG-019) (257.329634ms)
✔ errors exit 0 with one line on standard error and no stack trace (PKG-022) (223.385ms)
✔ the hooks judge with the cairn on PATH, a wrapper included, and session-start names it (PKG-033) (1574.951413ms)
✔ a link to a wrapper or file is kept; a dangling link or one to a directory is replaced (PKG-034) (580.208483ms)
✔ a project below the Git toplevel gets the verdict and the stop refusal (PKG-035) (475.989519ms)
✔ a kernel that prints no verdict is one stderr line: the stop is allowed and session-start prints no trace (PKG-036) (213.048161ms)
✔ a link that cannot be created is one stderr line, and the verdict still prints (PKG-019, PKG-022) (215.371476ms)
✔ with git absent the hooks say so in one line and block nothing (PKG-022) (111.472595ms)
✔ stop_hook_active true no longer lets a Resolvable stop through: the hook still refuses (PKG-018) (221.819641ms)
✔ receipts written by the project's own kernel are judged with it, not with a different cairn on PATH (PKG-033, PKG-021) (532.720993ms)
✔ the fourth stop on an unchanged verdict, commit and tree goes through with a message and a stop record; each refusal names cairn escalate (PKG-043, PKG-044) (542.99376ms)
✔ progress resets the count, a commit or an edited file alike, and each session counts on its own (PKG-043) (1500.278803ms)
✔ no report, one for another commitment, at another commit, or at a value that is not a commit names a new reviewer; an uncommitted review is committed first (LOOP-020) (2643.291551ms)
✔ an old report re-dated, however it is edited, does not name the new commit and names a new reviewer; a new report with the same words does not (LOOP-020) (2305.231203ms)
✔ each finding is carried by the one line citing its number and beginning with its words; malformed reports are repairs (LOOP-020) (5649.755792ms)
✔ citations name their report's commit, so rounds never collide and an old line never carries a new finding; a wrapped review line is its own repair (LOOP-020) (1104.14664ms)
✔ a finding that quotes a citation in its own words is carried by copying it, and an uncited wrapped line is no repair when there is nothing to carry (LOOP-020) (678.059716ms)
✔ a citation that is not last on its line is refused as such, and a finding ending with a citation is carried in the short form (LOOP-020) (1088.697488ms)
✔ a report written or changed on disk but not committed is named commit, never judged as the committed one (LOOP-020) (682.432079ms)
✔ the findings list is read from the record's text: blank lines between entries, a wrapped entry, any bullet, and a blank line inside examined: lose nothing; a list after a heading stays unread (LOOP-020, LOOP-086, LOOP-071) (1609.442155ms)
✔ the reader reads a numbered or nested list and a blank line in examined:, and names a line it cannot read rather than reading nothing (LOOP-086, LOOP-020) (1309.709526ms)
✔ a line the reader cannot read is named whenever an entry follows it, in the review and in the report, and a finding under a heading is named (LOOP-086, LOOP-020) (1833.837202ms)
✔ a margin line that only looks like a field never ends a list in silence (LOOP-086, LOOP-020) (1216.974793ms)
✔ a field name repeated inside a list is named, the report's findings under a heading are named beside a list, and the repair offers the fix that keeps the finding (LOOP-020, LOOP-086) (1134.336469ms)
✔ a Reviewer: line inside a list is named, and an honest record with a findings-titled heading is read (LOOP-020, LOOP-086) (946.019489ms)
✔ a record that declares findings: [] keeps a bulleted body as prose, as this repository's own reviews are written (LOOP-086, LOOP-020) (452.18336ms)
✔ a field name in another case never ends a list in silence, a record with its fields out of order is told to reorder them, and a citation names only a finding the report made (LOOP-086, LOOP-020, LOOP-108) (1066.538388ms)
✔ a citation of zero is a citation, a field ends a list however it is spaced, a heading may be underlined, a blank line before a continuation is nothing, and a doubled commit: line does not name the commit (LOOP-020, LOOP-086, LOOP-108) (1314.658016ms)
✔ a rule under a field line is not a heading, the hint names a heading of either form, and an earlier report's citation on a carrying line is history (LOOP-020, LOOP-108) (1478.930335ms)
✔ a title that ends with a colon is still a heading, a report whose fields sit below a heading or prose is repaired rather than discarded, and the repair names the form the kernel reads (LOOP-020, LOOP-086, LOOP-108) (1339.948803ms)
✔ a report for another commitment or commit is replaced even when its fields sit below a heading, a quoted field line does not replace the real one, a rule under any field is a rule, and the review is told what the report is told (LOOP-020, LOOP-108) (1381.873526ms)
✔ an underline makes a heading of the line above it unless that line is an entry or the record's own field, an unread field is named where it sits, a field spelled another way is named, and the findings-titled repair names retitling (LOOP-020, LOOP-086, LOOP-108) (1822.90363ms)
✔ an underlined heading that names findings holds no list either, an unterminated fence hides nothing, a spelling is judged at the margin, and a report short of one header line is repaired (LOOP-020, LOOP-086, LOOP-108) (1246.281537ms)
✔ a heading that names findings holds no content of any shape, its own section decides, and a report the wrong commit wrote is replaced before any repair (LOOP-020, LOOP-086) (1032.935052ms)
✔ a findings-naming heading holds nothing at all, however deep, and a report with no record is replaced rather than repaired (LOOP-020, LOOP-086) (2756.172325ms)
✔ a recognisable finding under a heading is named wherever it sits, a findings-titled section is prose beside a list that holds entries, and a record may open with a title (LOOP-020, LOOP-086, LOOP-108) (2478.610168ms)
✔ a line that says open: is a finding however it is marked up, and one leading title of any form is the record's own (LOOP-020, LOOP-086, LOOP-108) (4237.729782ms)
✔ every line outside the findings list is read for the prefix, and a findings-naming heading is refused for its title alone (LOOP-020, LOOP-086) (3240.410031ms)
✔ markup is whatever precedes the first letter, a row is a row wherever its pipes sit, and each message names the move (LOOP-020, LOOP-086) (2601.962967ms)
✔ a marker that contains a letter is still a marker, and a fence opens only on its own line (LOOP-020, LOOP-086) (2987.62839ms)
✔ a label before the prefix is markup too, and a divider hides no finding (LOOP-020, LOOP-071, LOOP-086) (2647.535674ms)
✔ only the findings list itself is exempt from the sweep, and a label of any shape is markup (LOOP-020, LOOP-071, LOOP-086) (2579.970326ms)
✔ the prefix belongs to the findings list alone: anywhere else in a record it is a finding (LOOP-020, LOOP-086) (2888.92086ms)
✔ the prefix is what a line says however it is punctuated, and no fence or second field hides an entry (LOOP-020, LOOP-071, LOOP-086) (3663.882975ms)
✔ a numbered prefix is still the prefix, and each message names the action it means (LOOP-020, LOOP-086) (2008.868944ms)
✔ a comment or an entity is not a gap, a field belongs at the margin, and a bullet belongs to a list (LOOP-020, LOOP-086, LOOP-108) (1646.607739ms)
✔ an element round the word and markup in the gap is still the prefix, and no repair asks for what the record already does (LOOP-020, LOOP-086) (1802.984357ms)
✔ cairn lint runs the checker over docs/spec by default and over a named directory (PKG-028) (291.34809ms)
✔ cairn lint names a missing directory in one line, takes one argument, and reports a bad root (PKG-028) (348.162796ms)
✔ three megabytes are retained exactly once with matching digests (LOOP-041, LOOP-042) (714.511333ms)
✔ split stdout result lines survive a long non-result line; stderr is never a verdict (580.138512ms)
✔ signal termination is recorded and logs survive a clone (LOOP-043) (789.193911ms)
✔ working agreements and ignore changes are Cairn records inside the footprint (542.800907ms)
✔ a clean package passes (100.412569ms)
✔ PKG-001: a dependency, or a service manifest (547.346704ms)
✔ PKG-002: ignoring evidence or other durable state, by directory or by extension (200.51685ms)
✔ PKG-003: a command, a directory, or a record kind no decision names (381.952094ms)
✔ PKG-004: a kernel over 2000 lines, counting every file under bin/ as wc -l does; exactly 2000 passes (628.376279ms)
✔ PKG-006: a skill step naming a vendor's product, in either order, across a wrapped list item (PKG-027) (492.62653ms)
✔ PKG-008: a non-ASCII character in a tracked text file (131.70037ms)
✔ PKG-009: the kernel importing from tests (104.724309ms)
✔ PKG-012: a network call or a model client in the kernel, but not a vendor's name in text (1128.887393ms)
✔ PKG-013: deferral language, but not in code, quotes, or a rule (880.170325ms)
✔ a tracked path deleted from the working tree is skipped, not a crash (119.713264ms)
✔ a sentence in a Formats section is not a record kind (95.020493ms)
✔ a record kind named by its path alone is checked (108.856808ms)
✔ PKG-002: a tracked in-progress record (129.163577ms)
✔ PKG-002: ignoring evidence alone is a finding (84.30103ms)
✔ PKG-003 reads the kernel's commands from its help output (PKG-023) (158.218125ms)
✔ the ASCII scan covers shipped files, not records under .cairn/ (PKG-024) (115.064617ms)
✔ a vendor-naming step wrapped across lines is matched (PKG-006, PKG-027) (96.63014ms)
✔ PKG-013 scans the README, the manual, and the walkthrough (PKG-032) (325.945263ms)
✔ the manifests, the listing and package.json agree on the name and version, and name paths the repository holds (PKG-037) (5.013568ms)
✔ the hooks file registers session-start and stop against the plugin's own hook.mjs through the plugin root variable (PKG-038) (0.296018ms)
✔ a Muse hook entry whose shared hook is missing prints one line and exits 0 (PKG-041, PKG-022) (135.483861ms)
✔ the registered commands print the verdict at session start, link the command into the plugin, and refuse a stop while wake says Resolvable (PKG-038, PKG-021) (544.113544ms)
✔ LOOP-071: decision body metadata does not resolve unbuilt work: "Superseded by: example" (1160.681554ms)
✔ LOOP-071: decision body metadata does not resolve unbuilt work: "```text\nSuperseded by: example\n```" (1008.807325ms)
✔ LOOP-071: decision body metadata does not resolve unbuilt work: "~~~text\nSuperseded by: example\n~~~" (1031.808541ms)
✔ LOOP-071: a fenced realization example is not a resolving commit (1020.191827ms)
✔ LOOP-071: a fenced commit inside the realization section is not built (966.372732ms)
✔ LOOP-071: ## Example cannot replace an open review finding (992.312545ms)
✔ LOOP-071: # Example cannot replace an open review finding (870.394366ms)
✔ LOOP-071: ### Example cannot replace an open review finding (852.566654ms)
✔ LOOP-071:   ## Example cannot replace an open review finding (777.216073ms)
✔ LOOP-071: Example paragraph. cannot replace an open review finding (788.431817ms)
✔ LOOP-071: Example
------- cannot replace an open review finding (597.764468ms)
✔ LOOP-071: fenced fields before a real review header are ignored (525.924661ms)
✔ LOOP-071: multiline decision --title cannot inject metadata (452.205606ms)
✔ LOOP-071: multiline decision --decided-by cannot inject metadata (421.525173ms)
✔ LOOP-071: multiline decision --rests-on cannot inject metadata (433.007703ms)
✔ LOOP-071: multiline decision --wrong-if cannot inject metadata (404.921304ms)
✔ LOOP-071: multiline decision --history cannot inject metadata (462.36849ms)
✔ LOOP-072: malformed Blocking concerns stay open: "R-001\nAnswer: ok" (113.616019ms)
✔ LOOP-072: malformed Blocking concerns stay open: "R-001\r\nAnswer: ok" (105.302997ms)
✔ LOOP-072: malformed Blocking concerns stay open: "R-001\rAnswer: ok" (135.493099ms)
✔ LOOP-072: malformed Blocking concerns stay open: "R-001 Answer: ok" (122.017591ms)
✔ LOOP-072: malformed Blocking concerns stay open: "R-001 Answer: ok" (89.835015ms)
✔ LOOP-072: ordinary malformed concerns are refused: "R-001\nR-002" (45.666806ms)
✔ LOOP-072: ordinary malformed concerns are refused: "R-001, prose" (45.958176ms)
✔ LOOP-072: ordinary malformed concerns are refused: " " (56.251212ms)
✔ LOOP-072: a Blocking escalation without concerns is still presented (110.166348ms)
✔ LOOP-072: carriage returns in a Blocking question do not create answer records (95.848046ms)
✔ LOOP-072: explanation separator 8232 cannot close an escalation (185.526893ms)
✔ LOOP-071: decision metadata refuses separator 8232 (400.071151ms)
✔ LOOP-072: explanation separator 8233 cannot close an escalation (169.094552ms)
✔ LOOP-071: decision metadata refuses separator 8233 (437.000627ms)
✔ Concerns, Rests on, and Promoted from written as lists read as the flat form (LOOP-124) (838.508108ms)
✔ an item named by filename, path, or backticked slug resolves like the slug (LOOP-125) (769.826036ms)
✔ an input that covers Cairn's own output is named as the repair, before and after a check (LOOP-126, LOOP-105) (1088.444767ms)
✔ an unreadable record directory is a repair, not an error exit (LOOP-127) (105.618936ms)
✔ a title that slugifies to nothing is refused (LOOP-128) (173.795541ms)
✔ examined: [] is an empty list (LOOP-129, LOOP-108) (688.435817ms)
✔ below the Git toplevel the restore check compares root-relative paths (LOOP-130, LOOP-035) (454.250506ms)
✔ below the Git toplevel an uncommitted declared input is named from the project root (LOOP-132, LOOP-030) (378.822115ms)
✔ a value on the key line followed by list items is the first item, never dropped (LOOP-133) (957.528074ms)
✔ the footprint's walk reads Current: as the wake does: a fenced example below the real line, or a second line in history, never moves the start (LOOP-134, LOOP-035) (426.661101ms)
✔ an input spelled .. from a project below the Git toplevel covers the evidence directory (LOOP-126, LOOP-105) (131.995886ms)
✔ a Consequential record this commitment added needs its queue entry committed (LOOP-131, DEC-004) (734.091857ms)
✔ a mechanism that removes the check lock still gets its evidence, with no repair for the lock (LOOP-107) (325.65861ms)
✔ a staged rename reads as its two paths, never as a bare origin token (LOOP-030, LOOP-110) (178.691673ms)
✔ a Current: line inside a fenced example is neither a second Current: line nor the commitment, before or after the real line (LOOP-104) (340.281945ms)
✔ a Status: word is taken only from a line that carries one, never from wrapped prose after it (SPEC-018) (0.744006ms)
✔ the placeholder left above a resolving entry is a repair naming the file (DEC-021) (333.801512ms)
✔ the placeholder alone is a decision recorded and not yet built, unchanged (DEC-007) (132.935504ms)
✔ resolving entries with no placeholder are unchanged (DEC-006) (184.552986ms)
✔ a shallow clone that cannot resolve its entries is still told to fetch, not to edit (LOOP-113 keeps precedence) (166.212945ms)
✔ the placeholder quoted in a fenced example does not make a built record a repair (DEC-021) (173.912753ms)
✔ supersede takes the same decider vocabulary as decide (DEC-020) (137.712134ms)
✔ a superseded record is held to the same line: its placeholder above a resolving entry is a repair (DEC-021, DEC-010) (253.678394ms)
✔ realize() touches only the Realized by section; a body that quotes the placeholder keeps it (178.570291ms)
✔ an untracked file under a declared input is not a change under way; check still refuses beside it and names .gitignore (LOOP-110, LOOP-030) (309.902337ms)
✔ an unmatched input is refused before execution (LOOP-044) (214.887322ms)
✔ an indexed input deleted on disk asks for a commit (LOOP-045) (215.675171ms)
✔ wake and check require a Git working tree (LOOP-046) (163.748931ms)
✔ recovery removes only dead kernel run records and identifies a live owner (LOOP-054, LOOP-055) (452.477138ms)
✔ an agent action based behind a clean HEAD appears committed (LOOP-027) (295.694279ms)
✔ realization needs a real commit and a subject (DEC-006) (485.023842ms)
✔ 1500 binary inputs digest identically at the review commit in under a second (LOOP-024) (2091.35068ms)
✔ merged work is excluded but a later own commit is a breach (LOOP-047) (451.451582ms)
✔ exact Current tenure ignores prefix matches and earlier visits to the same slug (LOOP-035) (519.964836ms)
✔ a kernel run records its supervising PID (LOOP-054) (557.237212ms)
✔ a merged declared input still stales evidence (LOOP-047) (595.673949ms)
✔ wildcard and magic pathspecs select the same historical inputs (LOOP-024, LOOP-032) (3546.676387ms)
✔ historical selection retains deleted files and excludes new ones (LOOP-024, LOOP-035) (1651.062227ms)
✔ cairn --version prints the package.json version outside a repository, and help lists it (PKG-039) (238.511442ms)
✔ a release is one commit setting one version in the five files, with the changelog entry, tagged v<version> (PKG-040) (1712.433331ms)
✔ the release script refuses a bad version, no increase, a dirty tree, a missing entry, a taken tag, a disagreeing file, and a loop not at Done, each in one line with nothing written (PKG-040) (2754.417911ms)
✔ a version file written as compact JSON is released, and nothing else in any version file changes (PKG-042) (2153.65539ms)
✔ with attribution forbidden, the release script refuses an unpushed commit carrying an AI attribution line (PKG-045) (874.83287ms)
✔ explicit reporting with no lines and exit 0 establishes no requirement verdicts (LOOP-061) (769.286035ms)
✔ explicit reporting with no lines and exit 1 establishes no requirement verdicts (LOOP-061) (862.95688ms)
✔ a reporter that cannot start keeps execution diagnostics without blaming requirements (LOOP-062) (571.630029ms)
✔ large output cannot kill a reporter or invent a requirement verdict (586.413519ms)
✔ explicit mode ignores cairn: R-999: pass (457.274095ms)
✔ explicit mode ignores cairn: R-001: unverified (457.502437ms)
✔ explicit mode ignores cairn: R-001: passed (458.425815ms)
✔ explicit results survive nonzero exit and contradictory duplicates still fail (915.913767ms)
✔ unverified results across changed inputs never become failed attempts (2234.082174ms)
✔ legacy exit 0 retains its interpretation (379.591582ms)
✔ legacy exit 1 retains its interpretation (366.893255ms)
✔ a misspelled reporting mode is refused before execution (182.302538ms)
✔ changed requirement blocks unchecked reruns and makes the completion review stale (LOOP-058, LOOP-059) (3083.336107ms)
✔ falsifier changes need review; separate rationale and other requirements do not change a receipt (2011.305592ms)
✔ legacy receipts recover requirement identity from their commit; unavailable history requires review (1553.170444ms)
✔ check refuses uncommitted requirement text and mechanism review markers (1224.176718ms)
✔ tightened response limit cannot reuse the old passing check (2114.529587ms)
✔ a declared input over 1 MiB agrees at a commit and in the tree (LOOP-060) (549.643262ms)
✔ a failed Git blob read cannot be hashed as an empty blob (528.226107ms)
✔ Git listings over 1 MiB include the last declared input (2625.514124ms)
✔ requirement identity excludes fenced examples and status dates (675.132409ms)
✔ DemonCoder REM-002 and Status in progress cannot silently satisfy the review gate (LOOP-086) (1256.698735ms)
✔ valid open findings retain their behavior (762.010329ms)
✔ valid resolved findings retain their behavior (1019.733568ms)
✔ valid empty findings retain their behavior (927.530679ms)
✔ valid mixed valid findings retain their behavior (789.601754ms)
✔ malformed finding "open:" requires repair (837.016496ms)
✔ malformed finding "resolved:   " requires repair (597.913491ms)
✔ malformed finding "Open: incorrect case" requires repair (613.370307ms)
✔ malformed finding "unknown: issue" requires repair (529.97304ms)
✔ malformed finding "\u001b[31mBAD: issue" requires repair (616.329975ms)
✔ the established explicit empty findings list remains valid (587.346918ms)
✔ a scalar findings value requires the supported list format (627.021478ms)
✔ check runs a mechanism when a requirement outside the commitment was revised, and asks for the review once a commitment includes it (LOOP-059) (1537.303239ms)
✔ a Requirements: line written as a list is read like the flat form (LOOP-102) (157.814401ms)
✔ a subdirectory or a README in a record directory changes nothing (LOOP-103) (1022.186074ms)
✔ two Current: lines are a roadmap repair (LOOP-104) (142.332191ms)
✔ a repeated identifier, an input under the evidence directory, and a missing cwd are refused by name (LOOP-105) (750.319162ms)
✔ a requirement whose evidence outlives its mechanism is named declare, not a regression or an escalation (LOOP-106) (1620.696115ms)
✔ an unreadable record is a repair, not an error exit (LOOP-107) (103.907627ms)
✔ a review needs commit, a nonempty examined list, and a findings list, each named when missing (LOOP-108) (1638.656642ms)
✔ a decision record missing a header field or naming a missing predecessor is a repair (LOOP-109) (491.651256ms)
✔ a dirty declared input with no in-progress record is named record ahead of run (LOOP-022, LOOP-110) (357.645537ms)
✔ with core.filemode false the index mode is the identity, so a mode-only difference does not refuse the check (LOOP-111) (357.791259ms)
✔ a project below the Git toplevel can run check (LOOP-112) (439.513146ms)
✔ a shallow clone names history to fetch, not a decision to build (LOOP-113) (251.915459ms)
✔ record-writing commands refuse to run outside a Cairn repository and write nothing (LOOP-118) (335.690258ms)
✔ a git that cannot start is one line and exit 3 from wake and from check, with nothing recorded (LOOP-137) (135.382104ms)
✔ an unexplained or uncommitted stop record is named explain before any other action; explained and committed, the wake moves on (LOOP-139) (427.518485ms)
✔ empty footprint names declaration before scope and records no evidence (LOOP-081) (935.151809ms)
✔ first declaration still checks the full earlier history (LOOP-081) (603.473378ms)
✔ an empty current footprint does not block an explicitly requested existing mechanism (LOOP-081) (471.613517ms)
✔ an inherited mechanism provides a footprint even before local mechanisms exist (351.317059ms)
✔ scope reports every path, escapes line breaks, and gives identical remedies (LOOP-082) (422.868436ms)
✔ scope verdict reuses the answered-escalation annotation (LOOP-048, LOOP-051, LOOP-083) (999.952337ms)
✔ a committed scope acknowledgment lets restored history proceed (LOOP-083) (1079.457746ms)
✔ scope acknowledgment must be committed before it can clear a breach (885.007273ms)
✔ ordinary ok does not acknowledge scope history (460.864186ms)
✔ scope escalation refuses unrestored paths and names the restoration remedy (393.487386ms)
✔ an invalid scope request still records an explicitly Blocking decision (205.821871ms)
✔ ask and explanation stay open; only the final committed ok acknowledges scope (1047.978688ms)
✔ instead is visible but does not silently authorize a scope exception (459.451696ms)
✔ later changes to an acknowledged path still block, including later reverts (1426.148679ms)
✔ approval cannot hide another path changed after the snapshot (470.210532ms)
✔ acknowledged history remains conditional on the paths staying restored (661.214063ms)
✔ editing the scope snapshot after answer invalidates its acknowledgment (381.177368ms)
✔ malformed scope metadata cannot suppress a breach (1764.782758ms)
✔ damaged acknowledgment fields cannot suppress a breach (688.839787ms)
✔ scope path matching is literal, including wildcard filenames and control characters (605.514965ms)
✔ scope acknowledgment does not carry into another activation of the same slug (347.385938ms)
✔ restoration checks additions, deletions, executable modes, and symlink kinds (1706.269573ms)
✔ explicit committed retention keeps correct work and requires new evidence and review (LOOP-084, LOOP-085) (3284.611172ms)
✔ a missing declaration covers correct earlier work without retention or revert (811.95036ms)
✔ keep requires scope and an unchanged committed candidate (214.191097ms)
✔ uncommitted retention and instead answers cannot clear the incident (1628.953486ms)
✔ retention does not grant future edits, even when reverted to the approved tree (1993.969667ms)
✔ retention cannot cover another path or another activation (681.166383ms)
✔ imported changes must still match the retained tree (756.381514ms)
✔ retention handles additions, deletions, modes, symlinks, and literal filenames (2382.988842ms)
✔ retention cannot convert an existing restoration answer or accept an unknown mode (500.055911ms)
✔ a check failure after retention remains a failure (784.854979ms)
✔ retained paths stay part of the stable checked candidate without extending its footprint (710.079119ms)
✔ retention ask needs an explanation and final committed approval (645.245985ms)
✔ an unknown scope mode remains invalid even with a matching approval digest (305.01047ms)
✔ backlog writes the item; a second with the same title is refused, never overwritten (LOOP-016) (190.618836ms)
✔ a commit inside the footprint: check runs; outside it: check names the path and does not run (LOOP-015, LOOP-035) (804.856242ms)
✔ Cairn's records are never a breach; another file under docs/ is (LOOP-117) (1016.770316ms)
✔ declaring the path as an input clears the breach (449.240311ms)
✔ a revert preserves the record of an out-of-scope commit (LOOP-047) (504.316335ms)
✔ a commitment naming a requirement the spec set does not hold as Agreed is repaired (LOOP-029) (140.649545ms)
✔ a requirement in a Draft spec file is not Agreed (115.358196ms)
✔ working agreements and the ignore file are Cairn records (LOOP-035, LOOP-036) (719.017448ms)
✔ the over-asking rule is gone from both skills (SPEC-005, SPEC-006, SPEC-007) (1.577014ms)
✔ a decision during the phase is recorded (DEC-003) (0.147647ms)
✔ understanding is restated before writing (SPEC-003) (0.122872ms)
✔ falsifiers are proposed as one set and confirmed by exception (SPEC-004) (0.187646ms)
✔ depth is inferred and domains derived, never asked or imposed (SPEC-008, SPEC-009) (0.304851ms)
✔ a term enters the glossary at first occurrence (SPEC-010) (0.10449ms)
✔ the phase ends at the first commitment, and later ones are specified during the loop (SPEC-011, SPEC-012) (0.118294ms)
✔ a requirement goes Agreed only with a nameable mechanism (SPEC-013) (0.127378ms)
✔ review before agreement, recording what it attacked (SPEC-014, SPEC-015) (0.143543ms)
✔ no spec file without requirements; nothing Agreed without a falsifier (SPEC-001, SPEC-002) (0.214364ms)
✔ Observed is marked, and is not contract (SPEC-016, SPEC-017) (0.182282ms)
✔ the skills exclude artifacts outside Cairn's workflow (0.156778ms)
✔ the working agreement names the agent's move for each verdict and the write-ahead record (LOOP-036) (0.262717ms)
✔ the working agreement names the developer's moves (LOOP-036, DEC-014) (0.475456ms)
✔ this repository runs by the file it ships (0.387683ms)
✔ both skills write the working agreement without naming a vendor's file (LOOP-002, LOOP-036, PKG-006) (0.12073ms)
✔ the working agreement says what an attempt is (LOOP-036, DEC-017, DEC-018) (0.080971ms)
✔ the working agreement says a failure no footprint change can address is an escalation, and where an inherited requirement is repaired (DEC-019, LOOP-057) (0.106099ms)
✔ the working agreement states the promote, next-iteration, and no-deferral moves (LOOP-029, LOOP-087, LOOP-091, LOOP-092) (0.100152ms)
✔ both skills sort captures into the backlog or next-iteration and forbid deferral (LOOP-029, LOOP-092, LOOP-093) (0.085457ms)
✔ the skill requires a falsifier on every requirement, a MAY included (SPEC-025) (0.080043ms)
✔ the working agreement names the hooks as optional and the install skill registers them for two harnesses (PKG-006, PKG-018, PKG-019) (0.348971ms)
✔ the working agreement says the kernel is upgraded at Done, never inside a commitment (LOOP-096) (0.097903ms)
✔ the next-iteration skill starts from the specification and ends by naming the next commitment (SPEC-026, SPEC-027) (0.271923ms)
✔ every document that names the project skills names next-iteration beside them (SPEC-026, PKG-014) (2.939984ms)
✔ the working agreement states a move for every action the kernel can name (LOOP-101) (2.181038ms)
✔ the working agreement states both record formats and the two flags the moves need (LOOP-036) (0.172426ms)
✔ the skills demonstrate a safe violating example and preserve recon findings (SPEC-022, SPEC-023) (0.078583ms)
✔ the specification skills run the checker through the cairn command (PKG-029) (0.412862ms)
✔ the README invokes the phase skills by name and states versions and platforms (PKG-030, PKG-031) (10.755998ms)
✔ the manual and the walkthrough say the loop promotes backlog items at Done (1.011988ms)
✔ the working agreement says a report is not work under way, its findings are captured, and it is committed with them (LOOP-138) (0.110181ms)
✔ a two-obligation sentence is named (PKG-007) (97.232697ms)
✔ an obligation with no actor is named (PKG-010) (57.767349ms)
✔ a leading condition clause is not the actor, and the actor after it counts (101.340803ms)
✔ an Agreed requirement with no falsifier is named (SPEC-002); a Draft one is not (100.947531ms)
✔ prose after a Draft requirement with no falsifier is not scanned as requirement text (64.205713ms)
✔ a spec declaring a prefix with no requirement is named (SPEC-001) (61.096656ms)
✔ a keyword in backticks or quotes is a mention, not an obligation (68.875919ms)
✔ duplicate identifiers are rejected within a file and across files (SPEC-020) (114.875799ms)
✔ references resolve across files; missing references name their source (SPEC-021) (124.41235ms)
✔ code examples and quoted mentions are neither definitions nor references (62.059419ms)
✔ machine-local paths are findings in prose, links, quotes, and examples (SPEC-019) (556.254979ms)
✔ relative paths, URLs, slash commands, and character mentions are not absolute path findings (47.78888ms)
✔ a slash after a placeholder continues the template (SPEC-019) (120.061659ms)
✔ a host path is a finding until the file declares it (SPEC-019, SPEC-024) (102.025619ms)
✔ declared host paths cover children with a slash boundary and stay file-local (166.419235ms)
✔ a host-path declaration inside a requirement or example grants no exception (197.362372ms)
✔ host-path declarations require absolute or home-relative entries (367.852759ms)
✔ an Agreed block whose only keyword is MAY needs a falsifier like any other (SPEC-025, SPEC-002) (120.458137ms)
✔ a regex literal is not a path, a drive path and a file URL are, and a skill's slash name is allowed (SPEC-028, SPEC-029) (127.54616ms)
✔ a backticked or quoted actor still counts as one (PKG-010) (48.258238ms)
✔ a fence the file never closes is named, since the parser then reads its example as specification (115.94221ms)
✔ supersede writes both lines, and the old record keeps every word it had (DEC-008, DEC-010) (110.438468ms)
✔ supersede without a cause, or with one outside the four, is refused (DEC-009) (190.609392ms)
✔ supersede of a record that does not exist is refused (128.678651ms)
✔ a predecessor with no title line cannot be stamped, so nothing is written (145.628986ms)
✔ a --supersedes argument outside the slug alphabet is refused, and a path never reaches the filesystem (DEC-022) (422.912557ms)
✔ a record already superseded cannot be superseded again: one Superseded by line per record (DEC-022, DEC-010) (256.341877ms)
✔ reversals reports counts by decider, cause, and domain (DEC-011) (327.905324ms)
✔ decide in a domain with a reversal is refused without --history, naming the reversal; with it, the record carries History (DEC-012) (247.564415ms)
✔ decide in a domain with no reversals needs no --history (176.943633ms)
✔ a record resting on prose alone is in the domain unspecified, and so is the next one (201.17516ms)
✔ the decider tally normalizes case and whitespace, and names a value outside the vocabulary (DEC-020, DEC-011) (161.392851ms)
✔ a record with no Decided by line is tallied as unrecorded, not as a vocabulary value (150.921981ms)
✔ Decided by written as a list tallies like the flat form, and does not crash the report (LOOP-124, DEC-020) (93.369668ms)
✔ a second declaration for one requirement is accepted, a named check runs every mechanism, and Done needs each to pass (LOOP-056, LOOP-099) (3373.344372ms)
✔ one mechanism's stale evidence names that mechanism, and --stale runs only it (LOOP-056, LOOP-094) (1172.835072ms)
✔ attempts are counted within one mechanism's records, so the other's passes do not reset them (LOOP-100, DEC-016) (2179.086262ms)
✔ step 1: an in-progress record is reconciled before anything else (133.182542ms)
✔ step 2: an open escalation is presented and nothing else happens (118.564088ms)
✔ an answered escalation is not open (746.287059ms)
✔ step 3: a decision with no realized-by is built, first by name (DEC-007) (107.004957ms)
✔ a superseded decision with no realized-by is not work (264.778377ms)
✔ step 6: a mechanism that has never run is run, not implemented (LOOP-008) (188.895219ms)
✔ step 6: a requirement whose mechanism fails is implemented (746.278566ms)
✔ step 6 before step 7: failing evidence outranks a missing mechanism (509.983394ms)
✔ step 7: a requirement with no mechanism is declared (LOOP-106) (116.821556ms)
✔ every verdict names who acts: Resolvable is the agent's, Done needs nobody, Escalate waits for the developer (LOOP-004) (917.086537ms)
✔ malformed roadmap is Resolvable, not fatal (LOOP-005) (87.921301ms)
✔ a commitment naming no requirements is Resolvable (LOOP-018) (108.259467ms)
✔ the primary test: two wakes on the same checkout give the same action, before and after a persisted transition (LOOP-001, LOOP-003) (861.45087ms)
✔ outside a cairn repository wake cannot run (70.558671ms)
✔ the loop never waits on the review queue (DEC-015) (560.988781ms)
✔ twenty built records cost one git call to resolve, not twenty (DEC-023) (225.976923ms)
✔ an ambiguous Realized by identifier is the repair that says lengthen it, not a build (LOOP-113, DEC-023) (211.098948ms)
✔ the linked walkthrough runs from agreement through the next commitment (PKG-016) (2164.448ms)
ℹ tests 538
ℹ suites 0
ℹ pass 538
ℹ fail 0
ℹ cancelled 0
ℹ skipped 0
ℹ todo 0
ℹ duration_ms 69026.567621
