✔ a Draft block overrides an Agreed file for both wake and check (SPEC-018) (191.349032ms)
✔ an Agreed block overrides a Draft file in the kernel and lint (SPEC-018, SPEC-002) (748.073315ms)
✔ a block Status does not become the file default, including inside examples (SPEC-018) (378.587195ms)
✔ block status without a value does not inherit Agreed by accident (SPEC-018) (95.623918ms)
✔ inheritance needs a file Scope and includes only Agreed blocks, regardless of prefix (PKG-015) (2147.408064ms)
✔ Scope inside a requirement or fenced example does not declare inheritance (PKG-015) (1050.603771ms)
✔ a falsifier wrapped onto a line beginning with Status: does not become the block's status (SPEC-018) (1.376918ms)
✔ with attribution forbidden, an unpushed commit carrying an AI attribution line is named reword before any work; without the policy, or once pushed, it is not (PKG-045) (478.003584ms)
✔ rewording yields to explaining a stop record, and is named once that record is explained (PKG-045, LOOP-139) (257.49383ms)
✔ each attribution form is caught, a prose mention is not, and the oldest attributed commit is named first (PKG-045) (596.463873ms)
✔ LOOP-063: reject input mutation during a check and retain diagnostics (456.660574ms)
✔ LOOP-063: reject deletion mutation during a check and retain diagnostics (465.310207ms)
✔ LOOP-063: reject addition mutation during a check and retain diagnostics (415.007567ms)
✔ LOOP-063: reject mode mutation during a check and retain diagnostics (499.271097ms)
✔ LOOP-063: reject specification mutation during a check and retain diagnostics (458.355916ms)
✔ LOOP-063: reject declaration mutation during a check and retain diagnostics (448.507703ms)
✔ LOOP-063: reject commit mutation during a check and retain diagnostics (386.74036ms)
✔ LOOP-063: committed input mutation during execution cannot certify the replacement (411.897781ms)
✔ LOOP-064: removing executable permission makes passing evidence stale (739.184208ms)
✔ LOOP-064: a mode-only change also invalidates the previous review after new evidence (920.854692ms)
✔ LOOP-064: changing a regular file into a link with identical identity bytes is stale (1016.966843ms)
✔ LOOP-063: an unchanged candidate still records a pass despite unrelated working-tree edits (233.033555ms)
✔ LOOP-064: current and historical input ordering agrees for Unicode filenames (476.946117ms)
✔ LOOP-063: Git status hiding content changes cannot certify an uncommitted candidate (124.483755ms)
✔ LOOP-066: one check owns execution with a kernel action record (478.224073ms)
✔ LOOP-066: one check owns execution with an agent action record (537.432075ms)
✔ LOOP-066: a live lock is named and never silently overwritten (141.779666ms)
✔ LOOP-066: a dead lock is named and never silently overwritten (141.088985ms)
✔ LOOP-066: a incomplete lock is named and never silently overwritten (158.356142ms)
✔ LOOP-066: an execution error releases the check lock for a corrected rerun (529.979768ms)
✔ LOOP-066: a live kernel action from an older Cairn also blocks execution (87.705721ms)
✔ LOOP-066: separate Git worktrees can run checks independently (528.281055ms)
✔ after a green check --stale runs nothing; after one input changes it runs only that mechanism (LOOP-094) (1085.104647ms)
✔ a mechanism speaking for two stale requirements runs once and refreshes both (LOOP-094, LOOP-040) (688.727719ms)
✔ a fresh failure and an unverified result are skipped with implement named (LOOP-094) (648.291824ms)
✔ --stale with a requirement identifier is refused (LOOP-094) (81.407407ms)
✔ check --stale holds back a mechanism whose requirement has three attempts and no escalation, names it, and records nothing (LOOP-094, DEC-016) (2230.598576ms)
✔ check refuses a dirty declared input and names it; a dirty undeclared file does not block (LOOP-030) (473.283179ms)
✔ check writes one receipt per run carrying the full record and a result line per requirement (LOOP-097) (367.707819ms)
✔ a nonzero exit records fail, and the receipt keeps the exit code (LOOP-034) (377.61204ms)
✔ a pass after a fail keeps the failing record; nothing is overwritten or deleted (LOOP-025) (712.454534ms)
✔ a commit changing a declared input makes evidence stale; an undeclared one does not (LOOP-007) (1011.941438ms)
✔ a regression is named before a requirement that never passed (LOOP-031) (1116.177713ms)
✔ three attempts with no escalation since: wake says escalate, not a fourth (DEC-016, DEC-017, DEC-018) (2416.769156ms)
✔ the review gate: no review, stale review, open finding, then Done (LOOP-020, LOOP-033) (1221.687647ms)
✔ Done is refused while any requirement lacks current passing evidence (LOOP-017) (120.679854ms)
✔ check names a requested requirement that no mechanism claims (108.398337ms)
✔ check writes the in-progress record before the run and clears it after (LOOP-021) (189.132285ms)
✔ a linked declared input digests the same at a commit and in the tree (LOOP-023, LOOP-024) (425.600999ms)
✔ a result line is the mechanism's statement about one requirement; what it did not mention is unverified (LOOP-037, LOOP-052) (181.283176ms)
✔ a mechanism that says nothing is read by its exit code for every requirement (LOOP-039) (210.906859ms)
✔ unverified is not an attempt, and a return to an earlier failed digest counts once (DEC-017, DEC-018) (1698.785327ms)
✔ a result line for a requirement the mechanism does not speak for is named and writes nothing (LOOP-038) (180.182512ms)
✔ a result line inside ordinary output, or without the marker, does not count (182.892682ms)
✔ a targeted check runs the named requirements' mechanisms and records every requirement they speak for (LOOP-040) (182.544509ms)
✔ two result lines for one requirement: a fail on any line wins (180.888122ms)
✔ three runs at one digest with no attempt since: the verdict stays implement and names DEC-019; an escalation naming it among others clears the hint (DEC-019, LOOP-053) (934.25891ms)
✔ a receipt names its commit in full, and an older receipt with the short form is still read (LOOP-136) (260.512806ms)
✔ a change only to a document its declaration lists leaves the review fresh and the evidence stale; a change to another input makes the review stale (LOOP-141) (1159.873721ms)
✔ a complete commitment with an unpromoted backlog item names promote, and a stamped item lets it reach Done (LOOP-087) (1133.789017ms)
✔ an empty backlog with waiting next-iteration items is Done, with the count as information and no action on them (LOOP-091) (946.939882ms)
✔ a promotion marker must resolve to a decision record (LOOP-088) (261.716815ms)
✔ a commitment promoted from an item needs a decision record naming the item (LOOP-088) (275.185417ms)
✔ the spec lint reports a promotion marker with no decision record (LOOP-088) (94.053299ms)
✔ a promoted commitment that changes an Agreed requirement or the working agreement is an escalation; an unpromoted one is not (LOOP-089, LOOP-090) (1811.500405ms)
✔ a capture from one of the commitment's own requirements needs Outside because: or an escalation (LOOP-092) (1825.762996ms)
✔ a next-iteration item names what it would change, and the capture refuses one that does not (LOOP-093) (527.734451ms)
✔ a commitment specified from a next-iteration item needs the item stamped before anything else (SPEC-027) (592.304546ms)
✔ a by deference marker resolves to a decision record like a promotion marker (SPEC-002, LOOP-088) (185.596937ms)
✔ the LOOP-090 gate reads the Concerns line, not the slug as a substring (LOOP-114) (570.671749ms)
✔ the LOOP-088 check reads the Promotes line, and decide --promotes writes it (LOOP-115) (247.821797ms)
✔ the activation commit of a promoted commitment is inside the LOOP-089 comparison (LOOP-116) (125.969301ms)
✔ the LOOP-090 route needs one escalation: its Concerns line covers the moved item too (LOOP-119, LOOP-092, LOOP-114) (632.669125ms)
✔ an escalation raised before the promoted commitment began does not silence the LOOP-090 gate (LOOP-114) (295.657196ms)
✔ an escalation raised before the commitment began does not silence the capture gate (LOOP-119) (342.057571ms)
✔ the activation commit is inside the scope footprint (LOOP-120) (106.582255ms)
✔ a requirement Agreed at activation that is demoted or removed is a contract change (LOOP-121) (663.644835ms)
✔ the include files are the root files that hold @AGENTS.md: exempt from the footprint, compared by the gate (LOOP-122) (1105.521983ms)
✔ a superseded promotion no longer satisfies the LOOP-088 check, and the repair says the promotion was reversed (LOOP-123) (502.235211ms)
✔ the restore route measures from the tree before activation, so a path the activation commit added must go (LOOP-120, LOOP-035) (184.404491ms)
✔ the loop works against exactly one commitment: the current one (LOOP-019) (383.294545ms)
✔ a promotion recorded below Consequential is a repair naming the level, since the developer never sees it in the queue (LOOP-088) (76.698774ms)
✔ every requirement the node-test declaration speaks for is named in a test title (PKG-025) (2.223324ms)
✔ every repository path the tests read is a declared input of node-test (PKG-026) (1.26095ms)
✔ writes a record with every required field and an empty realized-by (DEC-001, DEC-005) (79.034263ms)
✔ a Consequential decision is queued for review (DEC-013) (73.444227ms)
✔ a Consequential decision is queued even when .cairn/queue does not exist yet (78.123447ms)
✔ Routine is refused: routine decisions produce no record (86.227393ms)
✔ a missing field is a usage error and nothing is written (78.163613ms)
✔ supersedes requires a classified cause, and the old record must exist (180.254549ms)
✔ an existing record is not overwritten (150.945416ms)
✔ a queued decision stays queued; nothing but the developer removes it (DEC-014) (229.950185ms)
✔ each accepted decider is stored lowercase, whatever case it was typed in (DEC-020) (604.370568ms)
✔ a decider outside the vocabulary is a usage error naming all three, and nothing is written (DEC-020) (460.387618ms)
✔ an empty --decided-by is the missing-field error, not the vocabulary one (74.711502ms)
✔ LOOP-006, LOOP-067: missing inputs names a declaration repair before execution (197.080689ms)
✔ LOOP-006, LOOP-067: empty inputs names a declaration repair before execution (181.329555ms)
✔ LOOP-006, LOOP-067: missing command names a declaration repair before execution (166.468965ms)
✔ LOOP-006, LOOP-067: list command names a declaration repair before execution (148.108268ms)
✔ LOOP-006, LOOP-067: empty command names a declaration repair before execution (157.955364ms)
✔ LOOP-006, LOOP-067: missing requirements names a declaration repair before execution (181.429605ms)
✔ LOOP-006, LOOP-067: bad identifier names a declaration repair before execution (165.526608ms)
✔ LOOP-067: scalar one-item lists retain their existing meaning (316.401125ms)
✔ LOOP-068: a unpopulated gitlink is refused by name (175.915004ms)
✔ LOOP-068: a populated gitlink is refused by name (235.637159ms)
✔ LOOP-069: identical selections across 100 mechanisms use at most 20 Git processes (166.256377ms)
✔ --defect needs --from naming an Agreed requirement, and writes Defect: yes (LOOP-140) (269.567597ms)
✔ an unfixed defect is named fix before a promotable item, and counts as fixed only with passing evidence at or after its commit and no Agreed text changed (LOOP-087, LOOP-140) (2268.06787ms)
✔ escalate writes the six-line format followed by its facts, and wake presents it (LOOP-010, LOOP-026) (164.518878ms)
✔ a missing or multi-line field is refused with the field named, and nothing is written (LOOP-012) (122.010279ms)
✔ a Blocking escalation that fails the format is written anyway, naming the malformed field (LOOP-013) (141.709261ms)
✔ the loop stops for the developer only at Blocking: a recorded decision below it never yields Escalate, and the Blocking bypass must be spelled exactly (DEC-002) (335.62538ms)
✔ a second escalation while one is open is refused (LOOP-011) (167.992853ms)
✔ answer records the reply; wake no longer presents it; a second answer is refused (285.768965ms)
✔ answer to an unknown escalation is refused (82.844226ms)
✔ a stranger resumes from the file alone: question and answer are both in it (LOOP-014) (156.103144ms)
✔ a developer-shaped answer during the agent's turn is refused and writes nothing; the explanation is still accepted (LOOP-135) (719.108924ms)
✔ after an answer, the same concern can be escalated again under a new name (209.347841ms)
✔ an escalation exists when its file does, committed or not (LOOP-009) (95.243187ms)
✔ developer answers require one of the three forms and cannot inject fields (LOOP-048) (613.136389ms)
✔ ask, agent explanation, another ask, and ok stay ordered in one file (LOOP-049, LOOP-050, LOOP-014) (884.773745ms)
✔ fresh closed answers accompany only concerned requirements until new evidence (LOOP-051) (802.178904ms)
✔ a raised escalation carries no derivable status line, and an old record with one still parses (LOOP-028) (171.238899ms)
✔ LOOP-065: delete of output refuses Done and a new run recovers (1346.809018ms)
✔ LOOP-065: corrupt of output refuses Done and a new run recovers (1369.322111ms)
✔ LOOP-065: delete of stderr_output refuses Done and a new run recovers (1324.134237ms)
✔ LOOP-065: corrupt of stderr_output refuses Done and a new run recovers (1166.954098ms)
✔ LOOP-065: a receipt without output needs a new check (534.770333ms)
✔ LOOP-065: a receipt without output_digest needs a new check (506.851005ms)
✔ LOOP-065: a receipt without stderr_output needs a new check (570.092192ms)
✔ LOOP-065: a receipt without stderr_digest needs a new check (463.522633ms)
✔ LOOP-065: legacy unverifiable output is rerun without rewriting history (839.018804ms)
✔ a fresh record names the kernel that wrote it (LOOP-023) (364.552362ms)
✔ LOOP-095: a record from another kernel is stale with the kernel named, and a new check restores Done (805.388545ms)
✔ LOOP-095: a record from no kernel is stale with the kernel named, and a new check restores Done (768.232478ms)
✔ LOOP-070: a later failure is latest even when the clock moves backward (1082.059236ms)
✔ LOOP-070: receipt collisions at one clock instant retain execution order beyond nine suffixes (4071.134007ms)
✔ LOOP-070: imported branch receipts stale a later sequence until a new check incorporates them (1353.762116ms)
✔ LOOP-070, LOOP-098: legacy receipts need one ordered check, remain byte-for-byte unchanged, and precede the run receipt in the history (664.949166ms)
✔ LOOP-070: edit of a prior receipt requires fresh evidence (500.637999ms)
✔ LOOP-070: remove of a prior receipt requires fresh evidence (516.87029ms)
✔ LOOP-075: supporting evidence file README.md does not become a receipt (572.12325ms)
✔ LOOP-075: supporting evidence file notes.txt does not become a receipt (568.357209ms)
✔ LOOP-075: supporting evidence file support does not become a receipt (563.308875ms)
✔ LOOP-075: supporting evidence file .DS_Store does not become a receipt (537.398748ms)
✔ LOOP-075: a malformed result line (result=success) names a repair before execution (366.353698ms)
✔ LOOP-075: a malformed result line (sequence=NaN) names a repair before execution (325.829552ms)
✔ LOOP-075: a malformed result line (sequence=9007199254740992) names a repair before execution (334.872948ms)
✔ LOOP-075: a malformed result line (history_digest=wrong) names a repair before execution (346.216099ms)
✔ LOOP-075: a malformed result line (tokens) names a repair before execution (357.566078ms)
✔ LOOP-075: a receipt-shaped directory is a named repair instead of an EISDIR crash (282.028834ms)
✔ LOOP-070: an earlier escalation cannot cover three new attempts after clock rollback (920.404452ms)
✔ LOOP-070: an answer becomes old after a later check even if that check's timestamp is earlier (645.490084ms)
✔ LOOP-070: the newest answer wins between checks even when its clock timestamp is older (386.528576ms)
✔ LOOP-070: legacy escalation dates cover old receipts but not three newer sequenced runs (1315.793864ms)
✔ a PKG requirement the commitment does not name is declared, run, and gates Done (PKG-011) (1974.080806ms)
✔ a PKG requirement in a Draft spec is not folded in (563.020885ms)
✔ LOOP-076, LOOP-079: stale inputs identify the receipt and the check to run (786.310324ms)
✔ LOOP-077: names a content change using checked input identity (717.081853ms)
✔ LOOP-077: names a mode change using checked input identity (756.338426ms)
✔ LOOP-077: names a kind change using checked input identity (708.433682ms)
✔ LOOP-077: names a added change using checked input identity (719.994764ms)
✔ LOOP-077: names a removed change using checked input identity (688.24174ms)
✔ LOOP-077: names a link-target change using checked input identity (938.833177ms)
✔ LOOP-077: changed selection compares the old and new input sets (537.162815ms)
✔ LOOP-077: raw CRLF changes remain visible when Git-clean content agrees (531.813878ms)
✔ LOOP-077: detail output is sorted, bounded, and reports the omitted count (586.390433ms)
✔ LOOP-077: filenames cannot inject lines or terminal controls into explanations (475.304141ms)
✔ LOOP-077: receipts from one run share details and do not store source contents (356.562523ms)
✔ LOOP-078, LOOP-080: legacy optional detail limits explanation without changing standing (563.390841ms)
✔ LOOP-078, LOOP-080: invalid-field optional detail limits explanation without changing standing (557.718406ms)
✔ LOOP-078, LOOP-080: missing optional detail limits explanation without changing standing (568.835873ms)
✔ LOOP-078, LOOP-080: invalid-json optional detail limits explanation without changing standing (571.261312ms)
✔ LOOP-078, LOOP-080: mismatched optional detail limits explanation without changing standing (547.485715ms)
✔ LOOP-078, LOOP-080: duplicate optional detail limits explanation without changing standing (515.809737ms)
✔ LOOP-078, LOOP-080: unsafe-path optional detail limits explanation without changing standing (500.366464ms)
✔ LOOP-078, LOOP-080: directory optional detail limits explanation without changing standing (542.843564ms)
✔ LOOP-078, LOOP-080: symlink optional detail limits explanation without changing standing (534.531395ms)
✔ LOOP-078: unavailable old requirement text is not claimed as a proven change (373.844552ms)
✔ LOOP-076, LOOP-079: changed requirements identify evidence and retain review-before-check guidance (432.291206ms)
✔ LOOP-078: simultaneous input and output damage keep both reasons (416.329996ms)
✔ LOOP-080: deterministic freshness sequence seed=7 (10323.225304ms)
✔ LOOP-080: deterministic freshness sequence seed=42 (6262.461592ms)
✔ LOOP-080: deterministic freshness sequence seed=913 (5389.921314ms)
✔ LOOP-080: agreement changes, mechanism review, checks, and completion review retain priority (1326.23973ms)
✔ LOOP-080: imported receipt history demands a rerun without a false input explanation (1439.725704ms)
✔ LOOP-073: clean CRLF input completes under attributes (585.68093ms)
✔ LOOP-073: clean CRLF input completes under autocrlf (618.980892ms)
✔ LOOP-073: raw line-ending mutation during a run is rejected even when Git still sees the same content (275.142983ms)
✔ LOOP-073: execution evidence changes when clean conversion preserves committed identity (1146.571001ms)
✔ LOOP-073: Git clean filters use Git's conversion while retaining raw evidence identity (614.011079ms)
✔ LOOP-073: failure of a required Git filter cannot record evidence (150.448481ms)
✔ LOOP-073: a clean filter moving HEAD during ending validation prevents evidence (659.986808ms)
✔ LOOP-073: canonical Git identities handle links without reading their targets (565.682789ms)
✔ LOOP-073: Git conversion keeps raw Unicode and control-character input paths (454.229492ms)
✔ LOOP-073: conversion and links work in a SHA-256 Git repository (493.683525ms)
✔ LOOP-074: historical specification filename "café.md" remains reviewable (445.263794ms)
✔ LOOP-074: historical specification filename "spec\ttab.md" remains reviewable (429.998908ms)
✔ LOOP-074: historical specification filename "spec\nline.md" remains reviewable (503.110894ms)
✔ help works outside a repository without running a command (PKG-017) (1038.862126ms)
✔ help does not hide invalid options or consume literal arguments (215.412716ms)
✔ help lists the lint command (PKG-017) (46.829156ms)
✔ a working directory that no longer exists is named as the failure, and git is not blamed (PKG-041, PKG-022) (207.697263ms)
✔ the stop hook refuses a stop while wake says Resolvable, with the verdict as the reason (PKG-018) (233.389193ms)
✔ the stop hook allows a stop at Done, at Escalate, and outside a Cairn repository (PKG-018) (1168.904294ms)
✔ the session-start hook links the command once and prints the verdict in a Cairn repository (PKG-019, PKG-014, PKG-005) (540.200031ms)
✔ the session-start hook prints no verdict outside a Cairn repository and leaves an existing link that resolves alone (PKG-019) (58.651788ms)
✔ a checkout under a path with a space links a command that resolves, and its stop hook still blocks (PKG-019, PKG-021) (379.649717ms)
✔ the hooks run the kernel the command link resolves to, so hook and agent share one referee (PKG-021) (1237.34107ms)
✔ a dangling link is replaced and reported (PKG-019) (180.235678ms)
✔ errors exit 0 with one line on standard error and no stack trace (PKG-022) (208.64026ms)
✔ the hooks judge with the cairn on PATH, a wrapper included, and session-start names it (PKG-033) (1144.838823ms)
✔ a link to a wrapper or file is kept; a dangling link or one to a directory is replaced (PKG-034) (418.117838ms)
✔ a project below the Git toplevel gets the verdict and the stop refusal (PKG-035) (313.301714ms)
✔ a kernel that prints no verdict is one stderr line: the stop is allowed and session-start prints no trace (PKG-036) (161.296406ms)
✔ a link that cannot be created is one stderr line, and the verdict still prints (PKG-019, PKG-022) (144.729949ms)
✔ with git absent the hooks say so in one line and block nothing (PKG-022) (83.655826ms)
✔ stop_hook_active true no longer lets a Resolvable stop through: the hook still refuses (PKG-018) (194.746505ms)
✔ receipts written by the project's own kernel are judged with it, not with a different cairn on PATH (PKG-033, PKG-021) (468.795005ms)
✔ the fourth stop on an unchanged verdict, commit and tree goes through with a message and a stop record; each refusal names cairn escalate (PKG-043, PKG-044) (495.526332ms)
✔ progress resets the count, a commit or an edited file alike, and each session counts on its own (PKG-043) (1273.282934ms)
✔ no report, one for another commitment, at another commit, or at a value that is not a commit names a new reviewer; an uncommitted review is committed first (LOOP-020) (1759.543642ms)
✔ an old report re-dated, however it is edited, does not name the new commit and names a new reviewer; a new report with the same words does not (LOOP-020) (1472.013467ms)
✔ each finding is carried by the one line citing its number and beginning with its words; malformed reports are repairs (LOOP-020) (4371.015807ms)
✔ citations name their report's commit, so rounds never collide and an old line never carries a new finding; a wrapped review line is its own repair (LOOP-020) (937.398575ms)
✔ a finding that quotes a citation in its own words is carried by copying it, and an uncited wrapped line is no repair when there is nothing to carry (LOOP-020) (657.02133ms)
✔ a citation that is not last on its line is refused as such, and a finding ending with a citation is carried in the short form (LOOP-020) (946.689892ms)
✔ a report written or changed on disk but not committed is named commit, never judged as the committed one (LOOP-020) (628.684797ms)
✔ the findings list is read from the record's text: blank lines between entries, a wrapped entry, any bullet, and a blank line inside examined: lose nothing; a list after a heading stays unread (LOOP-020, LOOP-086, LOOP-071) (1394.852875ms)
✔ the reader reads a numbered or nested list and a blank line in examined:, and names a line it cannot read rather than reading nothing (LOOP-086, LOOP-020) (1136.189599ms)
✔ a line the reader cannot read is named whenever an entry follows it, in the review and in the report, and a finding under a heading is named (LOOP-086, LOOP-020) (1597.722132ms)
✔ a margin line that only looks like a field never ends a list in silence (LOOP-086, LOOP-020) (1123.311868ms)
✔ a field name repeated inside a list is named, the report's findings under a heading are named beside a list, and the repair offers the fix that keeps the finding (LOOP-020, LOOP-086) (982.354578ms)
✔ a Reviewer: line inside a list is named, and an honest record with a findings-titled heading is read (LOOP-020, LOOP-086) (893.080671ms)
✔ a record that declares findings: [] keeps a bulleted body as prose, as this repository's own reviews are written (LOOP-086, LOOP-020) (433.054392ms)
✔ a field name in another case never ends a list in silence, a record with its fields out of order is told to reorder them, and a citation names only a finding the report made (LOOP-086, LOOP-020, LOOP-108) (914.505549ms)
✔ a citation of zero is a citation, a field ends a list however it is spaced, a heading may be underlined, a blank line before a continuation is nothing, and a doubled commit: line does not name the commit (LOOP-020, LOOP-086, LOOP-108) (1115.7254ms)
✔ a rule under a field line is not a heading, the hint names a heading of either form, and an earlier report's citation on a carrying line is history (LOOP-020, LOOP-108) (1394.648495ms)
✔ a title that ends with a colon is still a heading, a report whose fields sit below a heading or prose is repaired rather than discarded, and the repair names the form the kernel reads (LOOP-020, LOOP-086, LOOP-108) (1067.379692ms)
✔ a report for another commitment or commit is replaced even when its fields sit below a heading, a quoted field line does not replace the real one, a rule under any field is a rule, and the review is told what the report is told (LOOP-020, LOOP-108) (1233.333096ms)
✔ an underline makes a heading of the line above it unless that line is an entry or the record's own field, an unread field is named where it sits, a field spelled another way is named, and the findings-titled repair names retitling (LOOP-020, LOOP-086, LOOP-108) (1573.823948ms)
✔ an underlined heading that names findings holds no list either, an unterminated fence hides nothing, a spelling is judged at the margin, and a report short of one header line is repaired (LOOP-020, LOOP-086, LOOP-108) (1012.918866ms)
✔ a heading that names findings holds no content of any shape, its own section decides, and a report the wrong commit wrote is replaced before any repair (LOOP-020, LOOP-086) (961.499051ms)
✔ a findings-naming heading holds nothing at all, however deep, and a report with no record is replaced rather than repaired (LOOP-020, LOOP-086) (2195.513027ms)
✔ a recognisable finding under a heading is named wherever it sits, a findings-titled section is prose beside a list that holds entries, and a record may open with a title (LOOP-020, LOOP-086, LOOP-108) (2030.383932ms)
✔ a line that says open: is a finding however it is marked up, and one leading title of any form is the record's own (LOOP-020, LOOP-086, LOOP-108) (4008.177306ms)
✔ every line outside the findings list is read for the prefix, and a findings-naming heading is refused for its title alone (LOOP-020, LOOP-086) (3256.58325ms)
✔ markup is whatever precedes the first letter, a row is a row wherever its pipes sit, and each message names the move (LOOP-020, LOOP-086) (2540.021972ms)
✔ a marker that contains a letter is still a marker, and a fence opens only on its own line (LOOP-020, LOOP-086) (3024.401941ms)
✔ a label before the prefix is markup too, and a divider hides no finding (LOOP-020, LOOP-071, LOOP-086) (2655.689991ms)
✔ only the findings list itself is exempt from the sweep, and a label of any shape is markup (LOOP-020, LOOP-071, LOOP-086) (2495.344338ms)
✔ the prefix belongs to the findings list alone: anywhere else in a record it is a finding (LOOP-020, LOOP-086) (2510.088257ms)
✔ the prefix is what a line says however it is punctuated, and no fence or second field hides an entry (LOOP-020, LOOP-071, LOOP-086) (3195.689441ms)
✔ a numbered prefix is still the prefix, and each message names the action it means (LOOP-020, LOOP-086) (2056.522238ms)
✔ a comment or an entity is not a gap, a field belongs at the margin, and a bullet belongs to a list (LOOP-020, LOOP-086, LOOP-108) (1807.005133ms)
✔ an element round the word and markup in the gap is still the prefix, and no repair asks for what the record already does (LOOP-020, LOOP-086) (1843.122585ms)
✔ cairn lint runs the checker over docs/spec by default and over a named directory (PKG-028) (222.040721ms)
✔ cairn lint names a missing directory in one line, takes one argument, and reports a bad root (PKG-028) (190.889201ms)
✔ three megabytes are retained exactly once with matching digests (LOOP-041, LOOP-042) (353.129527ms)
✔ split stdout result lines survive a long non-result line; stderr is never a verdict (394.36167ms)
✔ signal termination is recorded and logs survive a clone (LOOP-043) (375.114904ms)
✔ working agreements and ignore changes are Cairn records inside the footprint (383.37843ms)
✔ a clean package passes (79.299679ms)
✔ PKG-001: a dependency, or a service manifest (389.050592ms)
✔ PKG-002: ignoring evidence or other durable state, by directory or by extension (172.732769ms)
✔ PKG-003: a command, a directory, or a record kind no decision names (295.30411ms)
✔ PKG-004: a kernel over 2000 lines, counting every file under bin/ as wc -l does; exactly 2000 passes (506.114657ms)
✔ PKG-006: a skill step naming a vendor's product, in either order, across a wrapped list item (PKG-027) (348.083879ms)
✔ PKG-008: a non-ASCII character in a tracked text file (83.583667ms)
✔ PKG-009: the kernel importing from tests (90.740674ms)
✔ PKG-012: a network call or a model client in the kernel, but not a vendor's name in text (676.638892ms)
✔ PKG-013: deferral language, but not in code, quotes, or a rule (582.750558ms)
✔ a tracked path deleted from the working tree is skipped, not a crash (105.94786ms)
✔ a sentence in a Formats section is not a record kind (97.539394ms)
✔ a record kind named by its path alone is checked (75.061075ms)
✔ PKG-002: a tracked in-progress record (92.94711ms)
✔ PKG-002: ignoring evidence alone is a finding (103.462044ms)
✔ PKG-003 reads the kernel's commands from its help output (PKG-023) (122.024174ms)
✔ the ASCII scan covers shipped files, not records under .cairn/ (PKG-024) (91.165645ms)
✔ a vendor-naming step wrapped across lines is matched (PKG-006, PKG-027) (77.009399ms)
✔ PKG-013 scans the README, the manual, and the walkthrough (PKG-032) (232.9181ms)
✔ the manifests, the listing and package.json agree on the name and version, and name paths the repository holds (PKG-037) (3.123937ms)
✔ the hooks file registers session-start and stop against the plugin's own hook.mjs through the plugin root variable (PKG-038) (3.593969ms)
✔ a Muse hook entry whose shared hook is missing prints one line and exits 0 (PKG-041, PKG-022) (82.593197ms)
✔ the registered commands print the verdict at session start, link the command into the plugin, and refuse a stop while wake says Resolvable (PKG-038, PKG-021) (387.464134ms)
✔ LOOP-071: decision body metadata does not resolve unbuilt work: "Superseded by: example" (807.150931ms)
✔ LOOP-071: decision body metadata does not resolve unbuilt work: "```text\nSuperseded by: example\n```" (681.544331ms)
✔ LOOP-071: decision body metadata does not resolve unbuilt work: "~~~text\nSuperseded by: example\n~~~" (770.408373ms)
✔ LOOP-071: a fenced realization example is not a resolving commit (695.289157ms)
✔ LOOP-071: a fenced commit inside the realization section is not built (726.722384ms)
✔ LOOP-071: ## Example cannot replace an open review finding (682.827369ms)
✔ LOOP-071: # Example cannot replace an open review finding (632.005975ms)
✔ LOOP-071: ### Example cannot replace an open review finding (585.269596ms)
✔ LOOP-071:   ## Example cannot replace an open review finding (541.105926ms)
✔ LOOP-071: Example paragraph. cannot replace an open review finding (576.943738ms)
✔ LOOP-071: Example
------- cannot replace an open review finding (515.570079ms)
✔ LOOP-071: fenced fields before a real review header are ignored (477.738903ms)
✔ LOOP-071: multiline decision --title cannot inject metadata (403.24804ms)
✔ LOOP-071: multiline decision --decided-by cannot inject metadata (370.098579ms)
✔ LOOP-071: multiline decision --rests-on cannot inject metadata (376.075661ms)
✔ LOOP-071: multiline decision --wrong-if cannot inject metadata (389.333495ms)
✔ LOOP-071: multiline decision --history cannot inject metadata (393.618786ms)
✔ LOOP-072: malformed Blocking concerns stay open: "R-001\nAnswer: ok" (99.464869ms)
✔ LOOP-072: malformed Blocking concerns stay open: "R-001\r\nAnswer: ok" (114.590204ms)
✔ LOOP-072: malformed Blocking concerns stay open: "R-001\rAnswer: ok" (90.233563ms)
✔ LOOP-072: malformed Blocking concerns stay open: "R-001 Answer: ok" (73.992593ms)
✔ LOOP-072: malformed Blocking concerns stay open: "R-001 Answer: ok" (88.008405ms)
✔ LOOP-072: ordinary malformed concerns are refused: "R-001\nR-002" (47.491892ms)
✔ LOOP-072: ordinary malformed concerns are refused: "R-001, prose" (45.14323ms)
✔ LOOP-072: ordinary malformed concerns are refused: " " (41.821402ms)
✔ LOOP-072: a Blocking escalation without concerns is still presented (101.644326ms)
✔ LOOP-072: carriage returns in a Blocking question do not create answer records (87.281277ms)
✔ LOOP-072: explanation separator 8232 cannot close an escalation (142.054276ms)
✔ LOOP-071: decision metadata refuses separator 8232 (372.33064ms)
✔ LOOP-072: explanation separator 8233 cannot close an escalation (158.915343ms)
✔ LOOP-071: decision metadata refuses separator 8233 (334.962626ms)
✔ Concerns, Rests on, and Promoted from written as lists read as the flat form (LOOP-124) (661.954247ms)
✔ an item named by filename, path, or backticked slug resolves like the slug (LOOP-125) (540.096456ms)
✔ an input that covers Cairn's own output is named as the repair, before and after a check (LOOP-126, LOOP-105) (692.530653ms)
✔ an unreadable record directory is a repair, not an error exit (LOOP-127) (84.572816ms)
✔ a title that slugifies to nothing is refused (LOOP-128) (150.249972ms)
✔ examined: [] is an empty list (LOOP-129, LOOP-108) (462.893781ms)
✔ below the Git toplevel the restore check compares root-relative paths (LOOP-130, LOOP-035) (390.381652ms)
✔ below the Git toplevel an uncommitted declared input is named from the project root (LOOP-132, LOOP-030) (261.614805ms)
✔ a value on the key line followed by list items is the first item, never dropped (LOOP-133) (714.373917ms)
✔ the footprint's walk reads Current: as the wake does: a fenced example below the real line, or a second line in history, never moves the start (LOOP-134, LOOP-035) (359.928289ms)
✔ an input spelled .. from a project below the Git toplevel covers the evidence directory (LOOP-126, LOOP-105) (86.170296ms)
✔ a Consequential record this commitment added needs its queue entry committed (LOOP-131, DEC-004) (532.160959ms)
✔ a mechanism that removes the check lock still gets its evidence, with no repair for the lock (LOOP-107) (243.959217ms)
✔ a staged rename reads as its two paths, never as a bare origin token (LOOP-030, LOOP-110) (146.384518ms)
✔ a Current: line inside a fenced example is neither a second Current: line nor the commitment, before or after the real line (LOOP-104) (217.067998ms)
✔ a Status: word is taken only from a line that carries one, never from wrapped prose after it (SPEC-018) (0.945951ms)
✔ the placeholder left above a resolving entry is a repair naming the file (DEC-021) (262.991865ms)
✔ the placeholder alone is a decision recorded and not yet built, unchanged (DEC-007) (80.476823ms)
✔ resolving entries with no placeholder are unchanged (DEC-006) (132.383109ms)
✔ a shallow clone that cannot resolve its entries is still told to fetch, not to edit (LOOP-113 keeps precedence) (108.925373ms)
✔ the placeholder quoted in a fenced example does not make a built record a repair (DEC-021) (119.06841ms)
✔ supersede takes the same decider vocabulary as decide (DEC-020) (101.518431ms)
✔ a superseded record is held to the same line: its placeholder above a resolving entry is a repair (DEC-021, DEC-010) (157.763573ms)
✔ realize() touches only the Realized by section; a body that quotes the placeholder keeps it (176.798249ms)
✔ an untracked file under a declared input is not a change under way; check still refuses beside it and names .gitignore (LOOP-110, LOOP-030) (276.339563ms)
✔ an unmatched input is refused before execution (LOOP-044) (197.483799ms)
✔ an indexed input deleted on disk asks for a commit (LOOP-045) (164.461015ms)
✔ wake and check require a Git working tree (LOOP-046) (137.689936ms)
✔ recovery removes only dead kernel run records and identifies a live owner (LOOP-054, LOOP-055) (359.108854ms)
✔ an agent action based behind a clean HEAD appears committed (LOOP-027) (228.293235ms)
✔ realization needs a real commit and a subject (DEC-006) (272.092389ms)
✔ 1500 binary inputs digest identically at the review commit in under a second (LOOP-024) (1610.442094ms)
✔ merged work is excluded but a later own commit is a breach (LOOP-047) (289.845404ms)
✔ exact Current tenure ignores prefix matches and earlier visits to the same slug (LOOP-035) (334.986654ms)
✔ a kernel run records its supervising PID (LOOP-054) (332.729405ms)
✔ a merged declared input still stales evidence (LOOP-047) (466.95858ms)
✔ wildcard and magic pathspecs select the same historical inputs (LOOP-024, LOOP-032) (2543.557234ms)
✔ historical selection retains deleted files and excludes new ones (LOOP-024, LOOP-035) (1398.775633ms)
✔ cairn --version prints the package.json version outside a repository, and help lists it (PKG-039) (140.621282ms)
✔ a release is one commit setting one version in the five files, with the changelog entry, tagged v<version> (PKG-040) (1185.142215ms)
✔ the release script refuses a bad version, no increase, a dirty tree, a missing entry, a taken tag, a disagreeing file, and a loop not at Done, each in one line with nothing written (PKG-040) (1984.190562ms)
✔ a version file written as compact JSON is released, and nothing else in any version file changes (PKG-042) (1521.068295ms)
✔ with attribution forbidden, the release script refuses an unpushed commit carrying an AI attribution line (PKG-045) (629.633949ms)
✔ explicit reporting with no lines and exit 0 establishes no requirement verdicts (LOOP-061) (508.417983ms)
✔ explicit reporting with no lines and exit 1 establishes no requirement verdicts (LOOP-061) (506.318466ms)
✔ a reporter that cannot start keeps execution diagnostics without blaming requirements (LOOP-062) (328.815282ms)
✔ large output cannot kill a reporter or invent a requirement verdict (355.397555ms)
✔ explicit mode ignores cairn: R-999: pass (342.905564ms)
✔ explicit mode ignores cairn: R-001: unverified (319.912723ms)
✔ explicit mode ignores cairn: R-001: passed (358.777894ms)
✔ explicit results survive nonzero exit and contradictory duplicates still fail (659.627183ms)
✔ unverified results across changed inputs never become failed attempts (1630.761325ms)
✔ legacy exit 0 retains its interpretation (273.269478ms)
✔ legacy exit 1 retains its interpretation (237.455969ms)
✔ a misspelled reporting mode is refused before execution (106.740213ms)
✔ changed requirement blocks unchecked reruns and makes the completion review stale (LOOP-058, LOOP-059) (1961.008221ms)
✔ falsifier changes need review; separate rationale and other requirements do not change a receipt (1457.416103ms)
✔ legacy receipts recover requirement identity from their commit; unavailable history requires review (1184.009507ms)
✔ check refuses uncommitted requirement text and mechanism review markers (906.781632ms)
✔ tightened response limit cannot reuse the old passing check (1611.579324ms)
✔ a declared input over 1 MiB agrees at a commit and in the tree (LOOP-060) (519.333536ms)
✔ a failed Git blob read cannot be hashed as an empty blob (460.291097ms)
✔ Git listings over 1 MiB include the last declared input (2312.869484ms)
✔ requirement identity excludes fenced examples and status dates (553.84385ms)
✔ DemonCoder REM-002 and Status in progress cannot silently satisfy the review gate (LOOP-086) (914.448798ms)
✔ valid open findings retain their behavior (542.124719ms)
✔ valid resolved findings retain their behavior (625.607759ms)
✔ valid empty findings retain their behavior (620.914049ms)
✔ valid mixed valid findings retain their behavior (582.134878ms)
✔ malformed finding "open:" requires repair (483.382974ms)
✔ malformed finding "resolved:   " requires repair (451.188096ms)
✔ malformed finding "Open: incorrect case" requires repair (436.746074ms)
✔ malformed finding "unknown: issue" requires repair (387.921764ms)
✔ malformed finding "\u001b[31mBAD: issue" requires repair (421.079555ms)
✔ the established explicit empty findings list remains valid (427.787938ms)
✔ a scalar findings value requires the supported list format (343.284787ms)
✔ check runs a mechanism when a requirement outside the commitment was revised, and asks for the review once a commitment includes it (LOOP-059) (1029.518941ms)
✔ a Requirements: line written as a list is read like the flat form (LOOP-102) (155.369617ms)
✔ a subdirectory or a README in a record directory changes nothing (LOOP-103) (580.064702ms)
✔ two Current: lines are a roadmap repair (LOOP-104) (71.949305ms)
✔ a repeated identifier, an input under the evidence directory, and a missing cwd are refused by name (LOOP-105) (465.717381ms)
✔ a requirement whose evidence outlives its mechanism is named declare, not a regression or an escalation (LOOP-106) (1149.904026ms)
✔ an unreadable record is a repair, not an error exit (LOOP-107) (106.6541ms)
✔ a review needs commit, a nonempty examined list, and a findings list, each named when missing (LOOP-108) (1165.593243ms)
✔ a decision record missing a header field or naming a missing predecessor is a repair (LOOP-109) (355.51151ms)
✔ a dirty declared input with no in-progress record is named record ahead of run (LOOP-022, LOOP-110) (262.559873ms)
✔ with core.filemode false the index mode is the identity, so a mode-only difference does not refuse the check (LOOP-111) (228.960897ms)
✔ a project below the Git toplevel can run check (LOOP-112) (313.520344ms)
✔ a shallow clone names history to fetch, not a decision to build (LOOP-113) (152.650425ms)
✔ record-writing commands refuse to run outside a Cairn repository and write nothing (LOOP-118) (253.926751ms)
✔ a git that cannot start is one line and exit 3 from wake and from check, with nothing recorded (LOOP-137) (104.785064ms)
✔ an unexplained or uncommitted stop record is named explain before any other action; explained and committed, the wake moves on (LOOP-139) (265.194249ms)
✔ empty footprint names declaration before scope and records no evidence (LOOP-081) (658.330581ms)
✔ first declaration still checks the full earlier history (LOOP-081) (387.566781ms)
✔ an empty current footprint does not block an explicitly requested existing mechanism (LOOP-081) (353.723604ms)
✔ an inherited mechanism provides a footprint even before local mechanisms exist (270.999498ms)
✔ scope reports every path, escapes line breaks, and gives identical remedies (LOOP-082) (277.885129ms)
✔ scope verdict reuses the answered-escalation annotation (LOOP-048, LOOP-051, LOOP-083) (627.841291ms)
✔ a committed scope acknowledgment lets restored history proceed (LOOP-083) (780.684579ms)
✔ scope acknowledgment must be committed before it can clear a breach (701.928858ms)
✔ ordinary ok does not acknowledge scope history (321.889463ms)
✔ scope escalation refuses unrestored paths and names the restoration remedy (272.53207ms)
✔ an invalid scope request still records an explicitly Blocking decision (147.152617ms)
✔ ask and explanation stay open; only the final committed ok acknowledges scope (821.318589ms)
✔ instead is visible but does not silently authorize a scope exception (408.30376ms)
✔ later changes to an acknowledged path still block, including later reverts (1184.82186ms)
✔ approval cannot hide another path changed after the snapshot (406.325993ms)
✔ acknowledged history remains conditional on the paths staying restored (600.069616ms)
✔ editing the scope snapshot after answer invalidates its acknowledgment (290.358173ms)
✔ malformed scope metadata cannot suppress a breach (1508.858453ms)
✔ damaged acknowledgment fields cannot suppress a breach (603.181781ms)
✔ scope path matching is literal, including wildcard filenames and control characters (528.655371ms)
✔ scope acknowledgment does not carry into another activation of the same slug (317.385193ms)
✔ restoration checks additions, deletions, executable modes, and symlink kinds (1523.694899ms)
✖ explicit committed retention keeps correct work and requires new evidence and review (LOOP-084, LOOP-085) (1349.334367ms)
✔ a missing declaration covers correct earlier work without retention or revert (623.289653ms)
✔ keep requires scope and an unchanged committed candidate (187.846429ms)
✔ uncommitted retention and instead answers cannot clear the incident (1304.689556ms)
✔ retention does not grant future edits, even when reverted to the approved tree (1449.38803ms)
✔ retention cannot cover another path or another activation (730.43823ms)
✔ imported changes must still match the retained tree (647.884999ms)
✔ retention handles additions, deletions, modes, symlinks, and literal filenames (2030.71622ms)
✔ retention cannot convert an existing restoration answer or accept an unknown mode (469.497488ms)
✔ a check failure after retention remains a failure (704.266247ms)
✔ retained paths stay part of the stable checked candidate without extending its footprint (616.978386ms)
✔ retention ask needs an explanation and final committed approval (578.66322ms)
✔ an unknown scope mode remains invalid even with a matching approval digest (286.301379ms)
✔ backlog writes the item; a second with the same title is refused, never overwritten (LOOP-016) (157.519064ms)
✔ a commit inside the footprint: check runs; outside it: check names the path and does not run (LOOP-015, LOOP-035) (634.369478ms)
✔ Cairn's records are never a breach; another file under docs/ is (LOOP-117) (731.972249ms)
✔ declaring the path as an input clears the breach (322.707433ms)
✔ a revert preserves the record of an out-of-scope commit (LOOP-047) (353.675247ms)
✔ a commitment naming a requirement the spec set does not hold as Agreed is repaired (LOOP-029) (88.341204ms)
✔ a requirement in a Draft spec file is not Agreed (80.084049ms)
✔ working agreements and the ignore file are Cairn records (LOOP-035, LOOP-036) (520.01045ms)
✔ the over-asking rule is gone from both skills (SPEC-005, SPEC-006, SPEC-007) (1.859667ms)
✔ a decision during the phase is recorded (DEC-003) (0.155371ms)
✔ understanding is restated before writing (SPEC-003) (0.12291ms)
✔ falsifiers are proposed as one set and confirmed by exception (SPEC-004) (0.217892ms)
✔ depth is inferred and domains derived, never asked or imposed (SPEC-008, SPEC-009) (0.140784ms)
✔ a term enters the glossary at first occurrence (SPEC-010) (0.161703ms)
✔ the phase ends at the first commitment, and later ones are specified during the loop (SPEC-011, SPEC-012) (0.121464ms)
✔ a requirement goes Agreed only with a nameable mechanism (SPEC-013) (0.123615ms)
✔ review before agreement, recording what it attacked (SPEC-014, SPEC-015) (0.140991ms)
✔ no spec file without requirements; nothing Agreed without a falsifier (SPEC-001, SPEC-002) (0.217604ms)
✔ Observed is marked, and is not contract (SPEC-016, SPEC-017) (0.376765ms)
✔ the skills exclude artifacts outside Cairn's workflow (0.253234ms)
✔ the working agreement names the agent's move for each verdict and the write-ahead record (LOOP-036) (0.258372ms)
✔ the working agreement names the developer's moves (LOOP-036, DEC-014) (0.09418ms)
✔ this repository runs by the file it ships (0.620382ms)
✔ both skills write the working agreement without naming a vendor's file (LOOP-002, LOOP-036, PKG-006) (0.139452ms)
✔ the working agreement says what an attempt is (LOOP-036, DEC-017, DEC-018) (0.092436ms)
✔ the working agreement says a failure no footprint change can address is an escalation, and where an inherited requirement is repaired (DEC-019, LOOP-057) (0.120895ms)
✔ the working agreement states the promote, next-iteration, and no-deferral moves (LOOP-029, LOOP-087, LOOP-091, LOOP-092) (0.099396ms)
✔ both skills sort captures into the backlog or next-iteration and forbid deferral (LOOP-029, LOOP-092, LOOP-093) (0.092323ms)
✔ the skill requires a falsifier on every requirement, a MAY included (SPEC-025) (0.078798ms)
✔ the working agreement names the hooks as optional and the install skill registers them for two harnesses (PKG-006, PKG-018, PKG-019) (0.236672ms)
✔ the working agreement says the kernel is upgraded at Done, never inside a commitment (LOOP-096) (0.073299ms)
✔ the next-iteration skill starts from the specification and ends by naming the next commitment (SPEC-026, SPEC-027) (0.307519ms)
✔ every document that names the project skills names next-iteration beside them (SPEC-026, PKG-014) (3.277265ms)
✔ the working agreement states a move for every action the kernel can name (LOOP-101) (2.411579ms)
✔ the working agreement states both record formats and the two flags the moves need (LOOP-036) (0.173175ms)
✔ the skills demonstrate a safe violating example and preserve recon findings (SPEC-022, SPEC-023) (0.076267ms)
✔ the specification skills run the checker through the cairn command (PKG-029) (0.30117ms)
✔ the README invokes the phase skills by name and states versions and platforms (PKG-030, PKG-031) (0.34177ms)
✔ the manual and the walkthrough say the loop promotes backlog items at Done (0.999784ms)
✔ the working agreement says a report is not work under way, its findings are captured, and it is committed with them (LOOP-138) (0.099272ms)
✔ a two-obligation sentence is named (PKG-007) (51.881257ms)
✔ an obligation with no actor is named (PKG-010) (48.1606ms)
✔ a leading condition clause is not the actor, and the actor after it counts (61.994974ms)
✔ an Agreed requirement with no falsifier is named (SPEC-002); a Draft one is not (102.725088ms)
✔ prose after a Draft requirement with no falsifier is not scanned as requirement text (41.941416ms)
✔ a spec declaring a prefix with no requirement is named (SPEC-001) (49.012712ms)
✔ a keyword in backticks or quotes is a mention, not an obligation (46.516638ms)
✔ duplicate identifiers are rejected within a file and across files (SPEC-020) (92.73504ms)
✔ references resolve across files; missing references name their source (SPEC-021) (107.050389ms)
✔ code examples and quoted mentions are neither definitions nor references (53.25834ms)
✔ machine-local paths are findings in prose, links, quotes, and examples (SPEC-019) (423.279637ms)
✔ relative paths, URLs, slash commands, and character mentions are not absolute path findings (47.843395ms)
✔ a slash after a placeholder continues the template (SPEC-019) (96.293778ms)
✔ a host path is a finding until the file declares it (SPEC-019, SPEC-024) (84.444291ms)
✔ declared host paths cover children with a slash boundary and stay file-local (131.325543ms)
✔ a host-path declaration inside a requirement or example grants no exception (148.995989ms)
✔ host-path declarations require absolute or home-relative entries (201.382663ms)
✔ an Agreed block whose only keyword is MAY needs a falsifier like any other (SPEC-025, SPEC-002) (92.095743ms)
✔ a regex literal is not a path, a drive path and a file URL are, and a skill's slash name is allowed (SPEC-028, SPEC-029) (81.410474ms)
✔ a backticked or quoted actor still counts as one (PKG-010) (45.303069ms)
✔ a fence the file never closes is named, since the parser then reads its example as specification (112.186462ms)
✔ supersede writes both lines, and the old record keeps every word it had (DEC-008, DEC-010) (87.958802ms)
✔ supersede without a cause, or with one outside the four, is refused (DEC-009) (130.487839ms)
✔ supersede of a record that does not exist is refused (71.974849ms)
✔ a predecessor with no title line cannot be stamped, so nothing is written (99.588538ms)
✔ a --supersedes argument outside the slug alphabet is refused, and a path never reaches the filesystem (DEC-022) (258.325951ms)
✔ a record already superseded cannot be superseded again: one Superseded by line per record (DEC-022, DEC-010) (195.018985ms)
✔ reversals reports counts by decider, cause, and domain (DEC-011) (179.520985ms)
✔ decide in a domain with a reversal is refused without --history, naming the reversal; with it, the record carries History (DEC-012) (214.482531ms)
✔ decide in a domain with no reversals needs no --history (161.697753ms)
✔ a record resting on prose alone is in the domain unspecified, and so is the next one (150.128832ms)
✔ the decider tally normalizes case and whitespace, and names a value outside the vocabulary (DEC-020, DEC-011) (77.626256ms)
✔ a record with no Decided by line is tallied as unrecorded, not as a vocabulary value (81.16359ms)
✔ Decided by written as a list tallies like the flat form, and does not crash the report (LOOP-124, DEC-020) (84.822836ms)
✔ a second declaration for one requirement is accepted, a named check runs every mechanism, and Done needs each to pass (LOOP-056, LOOP-099) (2364.580737ms)
✔ one mechanism's stale evidence names that mechanism, and --stale runs only it (LOOP-056, LOOP-094) (866.597278ms)
✔ attempts are counted within one mechanism's records, so the other's passes do not reset them (LOOP-100, DEC-016) (1555.289892ms)
✔ step 1: an in-progress record is reconciled before anything else (79.459959ms)
✔ step 2: an open escalation is presented and nothing else happens (84.190366ms)
✔ an answered escalation is not open (557.92371ms)
✔ step 3: a decision with no realized-by is built, first by name (DEC-007) (126.606098ms)
✔ a superseded decision with no realized-by is not work (117.60465ms)
✔ step 6: a mechanism that has never run is run, not implemented (LOOP-008) (124.547348ms)
✔ step 6: a requirement whose mechanism fails is implemented (572.607929ms)
✔ step 6 before step 7: failing evidence outranks a missing mechanism (385.015729ms)
✔ step 7: a requirement with no mechanism is declared (LOOP-106) (96.155947ms)
✔ every verdict names who acts: Resolvable is the agent's, Done needs nobody, Escalate waits for the developer (LOOP-004) (617.14923ms)
✔ malformed roadmap is Resolvable, not fatal (LOOP-005) (66.336646ms)
✔ a commitment naming no requirements is Resolvable (LOOP-018) (67.074859ms)
✔ the primary test: two wakes on the same checkout give the same action, before and after a persisted transition (LOOP-001, LOOP-003) (586.654222ms)
✔ outside a cairn repository wake cannot run (48.098558ms)
✔ the loop never waits on the review queue (DEC-015) (403.147094ms)
✔ twenty built records cost one git call to resolve, not twenty (DEC-023) (240.025936ms)
✔ an ambiguous Realized by identifier is the repair that says lengthen it, not a build (LOOP-113, DEC-023) (244.863236ms)
✔ the linked walkthrough runs from agreement through the next commitment (PKG-016) (1492.621228ms)
ℹ tests 538
ℹ suites 0
ℹ pass 537
ℹ fail 1
ℹ cancelled 0
ℹ skipped 0
ℹ todo 0
ℹ duration_ms 61349.793218

✖ failing tests:

test at tests/scope-retention.test.mjs:34:1
✖ explicit committed retention keeps correct work and requires new evidence and review (LOOP-084, LOOP-085) (1349.334367ms)
  AssertionError [ERR_ASSERTION]: The input did not match the regular expression /^Resolvable: run R-001/. Input:
  
  ''
  
      at TestContext.<anonymous> (file:///home/shawn/workspace2/cairn-dev/tests/scope-retention.test.mjs:43:10)
      at Test.runInAsyncScope (node:async_hooks:214:14)
      at Test.run (node:internal/test_runner/test:1062:25)
      at Test.start (node:internal/test_runner/test:959:17)
      at startSubtestAfterBootstrap (node:internal/test_runner/harness:332:17) {
    generatedMessage: true,
    code: 'ERR_ASSERTION',
    actual: '',
    expected: /^Resolvable: run R-001/,
    operator: 'match'
  }
