✔ a Draft block overrides an Agreed file for both wake and check (SPEC-018) (498.221256ms)
✔ an Agreed block overrides a Draft file in the kernel and lint (SPEC-018, SPEC-002) (1028.576285ms)
✔ a block Status does not become the file default, including inside examples (SPEC-018) (602.933055ms)
✔ block status without a value does not inherit Agreed by accident (SPEC-018) (103.753728ms)
✔ inheritance needs a file Scope and includes only Agreed blocks, regardless of prefix (PKG-015) (2400.663199ms)
✔ Scope inside a requirement or fenced example does not declare inheritance (PKG-015) (923.689303ms)
✔ LOOP-063: reject input mutation during a check and retain diagnostics (655.323412ms)
✔ LOOP-063: reject deletion mutation during a check and retain diagnostics (620.190875ms)
✔ LOOP-063: reject addition mutation during a check and retain diagnostics (728.771412ms)
✔ LOOP-063: reject mode mutation during a check and retain diagnostics (640.273302ms)
✔ LOOP-063: reject specification mutation during a check and retain diagnostics (551.516899ms)
✔ LOOP-063: reject declaration mutation during a check and retain diagnostics (434.301324ms)
✔ LOOP-063: reject commit mutation during a check and retain diagnostics (409.95423ms)
✔ LOOP-063: committed input mutation during execution cannot certify the replacement (407.638835ms)
✔ LOOP-064: removing executable permission makes passing evidence stale (716.718599ms)
✔ LOOP-064: a mode-only change also invalidates the previous review after new evidence (942.994659ms)
✔ LOOP-064: changing a regular file into a link with identical identity bytes is stale (1037.825096ms)
✔ LOOP-063: an unchanged candidate still records a pass despite unrelated working-tree edits (270.41897ms)
✔ LOOP-064: current and historical input ordering agrees for Unicode filenames (407.215095ms)
✔ LOOP-063: Git status hiding content changes cannot certify an uncommitted candidate (143.457407ms)
✔ LOOP-063: Git status hiding mode changes cannot certify an uncommitted candidate (158.015832ms)
✔ LOOP-066: one check owns execution with a kernel action record (908.824896ms)
✔ LOOP-066: one check owns execution with an agent action record (666.66752ms)
✔ LOOP-066: a live lock is named and never silently overwritten (194.262498ms)
✔ LOOP-066: a dead lock is named and never silently overwritten (143.556853ms)
✔ LOOP-066: a incomplete lock is named and never silently overwritten (163.495079ms)
✔ LOOP-066: an execution error releases the check lock for a corrected rerun (715.79845ms)
✔ LOOP-066: a live kernel action from an older Cairn also blocks execution (149.696699ms)
✔ LOOP-066: separate Git worktrees can run checks independently (605.522073ms)
✔ after a green check --stale runs nothing; after one input changes it runs only that mechanism (LOOP-094) (1705.468187ms)
✔ a mechanism speaking for two stale requirements runs once and refreshes both (LOOP-094, LOOP-040) (1085.309263ms)
✔ a fresh failure and an unverified result are skipped with implement named (LOOP-094) (903.455001ms)
✔ --stale with a requirement identifier is refused (LOOP-094) (80.642595ms)
✔ check refuses a dirty declared input and names it; a dirty undeclared file does not block (698.734154ms)
✔ check writes one receipt per run carrying the full record and a result line per requirement (LOOP-097) (433.240915ms)
✔ a nonzero exit records fail, and the receipt keeps the exit code (593.597113ms)
✔ two checks write two records; nothing is overwritten or deleted (946.40403ms)
✔ a commit changing a declared input makes evidence stale; an undeclared one does not (1004.30698ms)
✔ a regression is named before a requirement that never passed (1183.296288ms)
✔ three attempts with no escalation since: wake says escalate, not a fourth (DEC-016, DEC-017, DEC-018) (2642.940382ms)
✔ the review gate: no review, stale review, open finding, then Done (1297.846933ms)
✔ Done is refused while any requirement lacks current passing evidence (123.866148ms)
✔ check names a requested requirement that no mechanism claims (129.61763ms)
✔ check writes and clears an in-progress record around the run (265.042022ms)
✔ a linked declared input digests the same at a commit and in the tree (LOOP-023, LOOP-024) (514.549032ms)
✔ a result line is the mechanism's statement about one requirement; what it did not mention is unverified (LOOP-037, LOOP-052) (281.622309ms)
✔ a mechanism that says nothing is read by its exit code for every requirement (LOOP-039) (268.584039ms)
✔ unverified is not an attempt, and a return to an earlier failed digest counts once (DEC-017, DEC-018) (2232.152296ms)
✔ a result line for a requirement the mechanism does not speak for is named and writes nothing (LOOP-038) (273.764224ms)
✔ a result line inside ordinary output, or without the marker, does not count (272.222621ms)
✔ a targeted check runs the named requirements' mechanisms and records every requirement they speak for (LOOP-040) (271.700791ms)
✔ two result lines for one requirement: a fail on any line wins (284.346796ms)
✔ three runs at one digest with no attempt since: the verdict stays implement and names DEC-019; an escalation naming it among others clears the hint (DEC-019, LOOP-053) (1224.603732ms)
✔ a complete commitment with an unpromoted backlog item names promote, and a stamped item lets it reach Done (LOOP-087) (1459.869656ms)
✔ an empty backlog with a next-iteration item names an escalation recommending what to specify next; both empty is Done (LOOP-091) (1046.436041ms)
✔ a promotion marker must resolve to a decision record (LOOP-088) (367.085599ms)
✔ a commitment promoted from an item needs a decision record naming the item (LOOP-088) (314.733381ms)
✔ the spec lint reports a promotion marker with no decision record (LOOP-088) (85.157844ms)
✔ a promoted commitment that changes an Agreed requirement or the working agreement is an escalation; an unpromoted one is not (LOOP-089, LOOP-090) (1912.004833ms)
✔ a capture from one of the commitment's own requirements needs Outside because: or an escalation (LOOP-092) (1889.75243ms)
✔ a next-iteration item names what it would change, and the capture refuses one that does not (LOOP-093) (506.126033ms)
✔ an answered next-iteration escalation makes wake name specify: the recommended item on ok, the named one on instead (LOOP-091) (1848.646037ms)
✔ writes a record with every required field and an empty realized-by (73.50258ms)
✔ a Consequential decision is queued for review (87.371178ms)
✔ a Consequential decision is queued even when .cairn/queue does not exist yet (64.60591ms)
✔ Routine is refused: routine decisions produce no record (82.103981ms)
✔ a missing field is a usage error and nothing is written (117.447603ms)
✔ supersedes requires a classified cause, and the old record must exist (194.910592ms)
✔ an existing record is not overwritten (148.996421ms)
✔ a queued decision stays queued; nothing but the developer removes it (DEC-014) (94.820283ms)
✔ LOOP-067: missing inputs names a declaration repair before execution (183.758594ms)
✔ LOOP-067: empty inputs names a declaration repair before execution (216.213102ms)
✔ LOOP-067: missing command names a declaration repair before execution (211.246039ms)
✔ LOOP-067: list command names a declaration repair before execution (223.935158ms)
✔ LOOP-067: empty command names a declaration repair before execution (189.347287ms)
✔ LOOP-067: missing requirements names a declaration repair before execution (193.078666ms)
✔ LOOP-067: bad identifier names a declaration repair before execution (190.600577ms)
✔ LOOP-067: scalar one-item lists retain their existing meaning (513.421197ms)
✔ LOOP-068: a unpopulated gitlink is refused by name (234.943703ms)
✔ LOOP-068: a populated gitlink is refused by name (306.665958ms)
✔ LOOP-069: identical selections across 100 mechanisms use at most 20 Git processes (282.17517ms)
✔ escalate writes the six-line format followed by its facts, and wake presents it (152.788535ms)
✔ a missing or multi-line field is refused with the field named, and nothing is written (114.045949ms)
✔ a Blocking escalation that fails the format is written anyway, naming the malformed field (LOOP-014) (179.475828ms)
✔ a --level other than Blocking is refused rather than silently losing the bypass (101.737661ms)
✔ a second escalation while one is open is refused (LOOP-011) (198.438801ms)
✔ answer records the reply; wake no longer presents it; a second answer is refused (387.966134ms)
✔ answer to an unknown escalation is refused (81.676239ms)
✔ a stranger resumes from the file alone: question and answer are both in it (LOOP-013) (194.517874ms)
✔ after an answer, the same concern can be escalated again under a new name (221.880326ms)
✔ an escalation exists when its file does, committed or not (LOOP-009) (79.571217ms)
✔ developer answers require one of the three forms and cannot inject fields (LOOP-048) (806.111279ms)
✔ ask, agent explanation, another ask, and ok stay ordered in one file (LOOP-049, LOOP-050, LOOP-014) (955.286532ms)
✔ fresh closed answers accompany only concerned requirements until new evidence (LOOP-051) (1087.710807ms)
✔ LOOP-065: delete of output refuses Done and a new run recovers (1987.024557ms)
✔ LOOP-065: corrupt of output refuses Done and a new run recovers (1672.017951ms)
✔ LOOP-065: delete of stderr_output refuses Done and a new run recovers (1269.763109ms)
✔ LOOP-065: corrupt of stderr_output refuses Done and a new run recovers (1103.164117ms)
✔ LOOP-065: a receipt without output needs a new check (609.277266ms)
✔ LOOP-065: a receipt without output_digest needs a new check (579.505537ms)
✔ LOOP-065: a receipt without stderr_output needs a new check (541.107846ms)
✔ LOOP-065: a receipt without stderr_digest needs a new check (538.843745ms)
✔ LOOP-065: legacy unverifiable output is rerun without rewriting history (932.594535ms)
✔ a fresh record names the kernel that wrote it (LOOP-023) (419.589316ms)
✔ LOOP-095: a record from another kernel is stale with the kernel named, and a new check restores Done (937.687506ms)
✔ LOOP-095: a record from no kernel is stale with the kernel named, and a new check restores Done (937.341723ms)
✔ LOOP-070: a later failure is latest even when the clock moves backward (1518.360933ms)
✔ LOOP-070: receipt collisions at one clock instant retain execution order beyond nine suffixes (4473.590989ms)
✔ LOOP-070: imported branch receipts stale a later sequence until a new check incorporates them (1443.872381ms)
✔ LOOP-070: legacy receipts need one ordered check and remain byte-for-byte unchanged (661.548965ms)
✔ LOOP-070: edit of a prior receipt requires fresh evidence (645.002071ms)
✔ LOOP-070: remove of a prior receipt requires fresh evidence (644.577301ms)
✔ LOOP-075: supporting evidence file README.md does not become a receipt (680.901462ms)
✔ LOOP-075: supporting evidence file notes.txt does not become a receipt (696.457308ms)
✔ LOOP-075: supporting evidence file support does not become a receipt (690.454052ms)
✔ LOOP-075: supporting evidence file .DS_Store does not become a receipt (697.180268ms)
✔ LOOP-075: a malformed result line (result=success) names a repair before execution (490.722442ms)
✔ LOOP-075: a malformed result line (sequence=NaN) names a repair before execution (489.119599ms)
✔ LOOP-075: a malformed result line (sequence=9007199254740992) names a repair before execution (495.391444ms)
✔ LOOP-075: a malformed result line (history_digest=wrong) names a repair before execution (496.867203ms)
✔ LOOP-075: a malformed result line (tokens) names a repair before execution (502.33695ms)
✔ LOOP-075: a receipt-shaped directory is a named repair instead of an EISDIR crash (357.729252ms)
✔ LOOP-070: an earlier escalation cannot cover three new attempts after clock rollback (1341.109283ms)
✔ LOOP-070: an answer becomes old after a later check even if that check's timestamp is earlier (958.922633ms)
✔ LOOP-070: the newest answer wins between checks even when its clock timestamp is older (478.172866ms)
✔ LOOP-070: legacy escalation dates cover old receipts but not three newer sequenced runs (1467.001289ms)
✔ a PKG requirement the commitment does not name is declared, run, and gates Done (PKG-011) (3134.238107ms)
✔ a PKG requirement in a Draft spec is not folded in (631.083022ms)
✔ LOOP-076/079: stale inputs identify the receipt and the check to run (1174.375996ms)
✔ LOOP-077: names a content change using checked input identity (984.864775ms)
✔ LOOP-077: names a mode change using checked input identity (958.333191ms)
✔ LOOP-077: names a kind change using checked input identity (784.791196ms)
✔ LOOP-077: names a added change using checked input identity (648.859004ms)
✔ LOOP-077: names a removed change using checked input identity (650.696617ms)
✔ LOOP-077: names a link-target change using checked input identity (957.452539ms)
✔ LOOP-077: changed selection compares the old and new input sets (610.743254ms)
✔ LOOP-077: raw CRLF changes remain visible when Git-clean content agrees (570.234257ms)
✔ LOOP-077: detail output is sorted, bounded, and reports the omitted count (564.623616ms)
✔ LOOP-077: filenames cannot inject lines or terminal controls into explanations (506.621017ms)
✔ LOOP-077: receipts from one run share details and do not store source contents (406.142679ms)
✔ LOOP-078/080: legacy optional detail limits explanation without changing standing (660.15847ms)
✔ LOOP-078/080: invalid-field optional detail limits explanation without changing standing (671.592993ms)
✔ LOOP-078/080: missing optional detail limits explanation without changing standing (645.701597ms)
✔ LOOP-078/080: invalid-json optional detail limits explanation without changing standing (654.207038ms)
✔ LOOP-078/080: mismatched optional detail limits explanation without changing standing (679.73004ms)
✔ LOOP-078/080: duplicate optional detail limits explanation without changing standing (667.478888ms)
✔ LOOP-078/080: unsafe-path optional detail limits explanation without changing standing (680.256492ms)
✔ LOOP-078/080: directory optional detail limits explanation without changing standing (678.717529ms)
✔ LOOP-078/080: symlink optional detail limits explanation without changing standing (668.752379ms)
✔ LOOP-078: unavailable old requirement text is not claimed as a proven change (476.845745ms)
✔ LOOP-076/079: changed requirements identify evidence and retain review-before-check guidance (553.695905ms)
✔ LOOP-078: simultaneous input and output damage keep both reasons (549.292199ms)
✔ LOOP-080: deterministic freshness sequence seed=7 (11340.816448ms)
✔ LOOP-080: deterministic freshness sequence seed=42 (7884.567332ms)
✔ LOOP-080: deterministic freshness sequence seed=913 (5113.139469ms)
✔ LOOP-080: agreement changes, mechanism review, checks, and completion review retain priority (1232.093184ms)
✔ LOOP-080: imported receipt history demands a rerun without a false input explanation (1228.082479ms)
✔ LOOP-073: clean CRLF input completes under attributes (776.648356ms)
✔ LOOP-073: clean CRLF input completes under autocrlf (915.985367ms)
✔ LOOP-073: raw line-ending mutation during a run is rejected even when Git still sees the same content (346.162758ms)
✔ LOOP-073: execution evidence changes when clean conversion preserves committed identity (1328.984305ms)
✔ LOOP-073: Git clean filters use Git's conversion while retaining raw evidence identity (629.203008ms)
✔ LOOP-073: failure of a required Git filter cannot record evidence (148.257138ms)
✔ LOOP-073: a clean filter moving HEAD during ending validation prevents evidence (393.753346ms)
✔ LOOP-073: canonical Git identities handle links without reading their targets (563.558357ms)
✔ LOOP-073: Git conversion keeps raw Unicode and control-character input paths (458.908662ms)
✔ LOOP-073: conversion and links work in a SHA-256 Git repository (495.992804ms)
✔ LOOP-074: historical specification filename "café.md" remains reviewable (464.829444ms)
✔ LOOP-074: historical specification filename "spec\ttab.md" remains reviewable (478.813647ms)
✔ LOOP-074: historical specification filename "spec\nline.md" remains reviewable (443.985093ms)
✔ help works outside a repository without running a command (PKG-017) (1187.340696ms)
✔ help does not hide invalid options or consume literal arguments (228.955588ms)
✔ the stop hook refuses a stop while wake says Resolvable, with the verdict as the reason (PKG-018) (335.924119ms)
✔ the stop hook allows a stop at Done, at Escalate, and outside a Cairn repository (PKG-018) (1711.896976ms)
✔ the session-start hook links the command once and prints the verdict in a Cairn repository (PKG-019, PKG-014, PKG-005) (741.254773ms)
✔ the session-start hook prints no verdict outside a Cairn repository and leaves an existing link alone (PKG-019) (80.928431ms)
✔ three megabytes are retained exactly once with matching digests (LOOP-041, LOOP-042) (694.174246ms)
✔ split stdout result lines survive a long non-result line; stderr is never a verdict (658.511078ms)
✔ signal termination is recorded and logs survive a clone (LOOP-043) (574.226044ms)
✔ working agreements and ignore changes are Cairn records inside the footprint (462.154704ms)
✔ a clean package passes (190.251956ms)
✔ PKG-001: a dependency, or a service manifest (256.498187ms)
✔ PKG-002: ignoring evidence or other durable state (81.691501ms)
✔ PKG-003: a command, a directory, or a record kind no decision names (306.967217ms)
✔ PKG-004: a kernel over 1500 lines (72.725107ms)
✔ PKG-006: a skill step naming a vendor's product (99.970764ms)
✔ PKG-008: a non-ASCII character in a tracked text file (96.492145ms)
✔ PKG-009: the kernel importing from tests (96.167316ms)
✔ PKG-012: a network call or a model vendor in the kernel (276.972706ms)
✔ PKG-013: deferral language, but not in code, quotes, or a rule (344.382921ms)
✔ this repository passes the package lint (195.759135ms)
✔ a tracked path deleted from the working tree is skipped, not a crash (81.858993ms)
✔ a sentence in a Formats section is not a record kind (121.383898ms)
✔ a record kind named by its path alone is checked (76.165378ms)
✔ PKG-002: a tracked in-progress record (116.048096ms)
✔ PKG-002: ignoring evidence alone is a finding (102.9626ms)
✔ LOOP-071: decision body metadata does not resolve unbuilt work: "Superseded by: example" (900.082841ms)
✔ LOOP-071: decision body metadata does not resolve unbuilt work: "```text\nSuperseded by: example\n```" (1058.529677ms)
✔ LOOP-071: decision body metadata does not resolve unbuilt work: "~~~text\nSuperseded by: example\n~~~" (1020.177272ms)
✔ LOOP-071: a fenced realization example is not a resolving commit (785.832526ms)
✔ LOOP-071: a fenced commit inside the realization section is not built (640.99712ms)
✔ LOOP-071: ## Example cannot replace an open review finding (733.909039ms)
✔ LOOP-071: # Example cannot replace an open review finding (632.158821ms)
✔ LOOP-071: ### Example cannot replace an open review finding (588.902041ms)
✔ LOOP-071:   ## Example cannot replace an open review finding (592.040769ms)
✔ LOOP-071: Example paragraph. cannot replace an open review finding (582.685143ms)
✔ LOOP-071: Example
------- cannot replace an open review finding (538.831735ms)
✔ LOOP-071: fenced fields before a real review header are ignored (538.281845ms)
✔ LOOP-071: multiline decision --title cannot inject metadata (462.175191ms)
✔ LOOP-071: multiline decision --decided-by cannot inject metadata (445.884866ms)
✔ LOOP-071: multiline decision --rests-on cannot inject metadata (453.174673ms)
✔ LOOP-071: multiline decision --wrong-if cannot inject metadata (455.953592ms)
✔ LOOP-071: multiline decision --history cannot inject metadata (454.770776ms)
✔ LOOP-072: malformed Blocking concerns stay open: "R-001\nAnswer: ok" (99.513155ms)
✔ LOOP-072: malformed Blocking concerns stay open: "R-001\r\nAnswer: ok" (105.935746ms)
✔ LOOP-072: malformed Blocking concerns stay open: "R-001\rAnswer: ok" (106.74561ms)
✔ LOOP-072: malformed Blocking concerns stay open: "R-001 Answer: ok" (99.092274ms)
✔ LOOP-072: malformed Blocking concerns stay open: "R-001 Answer: ok" (106.236014ms)
✔ LOOP-072: ordinary malformed concerns are refused: "R-001\nR-002" (52.538584ms)
✔ LOOP-072: ordinary malformed concerns are refused: "R-001, prose" (53.035618ms)
✔ LOOP-072: ordinary malformed concerns are refused: " " (54.369479ms)
✔ LOOP-072: a Blocking escalation without concerns is still presented (105.316198ms)
✔ LOOP-072: carriage returns in a Blocking question do not create answer records (107.295601ms)
✔ LOOP-072: explanation separator 8232 cannot close an escalation (190.705679ms)
✔ LOOP-071: decision metadata refuses separator 8232 (453.288951ms)
✔ LOOP-072: explanation separator 8233 cannot close an escalation (185.662675ms)
✔ LOOP-071: decision metadata refuses separator 8233 (442.101911ms)
✔ each unmatched input and each duplicate owner is refused before execution (LOOP-044, LOOP-056) (454.262575ms)
✔ an indexed input deleted on disk asks for a commit (LOOP-045) (192.891563ms)
✔ wake and check require a Git working tree (LOOP-046) (154.021004ms)
✔ recovery removes only dead kernel run records and identifies a live owner (LOOP-054, LOOP-055) (475.552034ms)
✔ an agent action based behind a clean HEAD appears committed (LOOP-027) (390.938517ms)
✔ realization needs a real commit and a subject (DEC-006) (410.797853ms)
✔ 1500 binary inputs digest identically at the review commit in under a second (LOOP-024, LOOP-032) (1934.700439ms)
✔ merged work is excluded but a later own commit is a breach (LOOP-047) (331.904592ms)
✔ exact Current tenure ignores prefix matches and earlier visits to the same slug (LOOP-035) (411.485155ms)
✔ a kernel run records its supervising PID (LOOP-054) (321.072093ms)
✔ a merged declared input still stales evidence (LOOP-047) (454.537205ms)
✔ wildcard and magic pathspecs select the same historical inputs (LOOP-024, LOOP-032) (2567.522377ms)
✔ historical selection retains deleted files and excludes new ones (LOOP-024, LOOP-035) (1630.799255ms)
✔ explicit reporting with no lines and exit 0 establishes no requirement verdicts (713.735454ms)
✔ explicit reporting with no lines and exit 1 establishes no requirement verdicts (720.221219ms)
✔ a reporter that cannot start keeps execution diagnostics without blaming requirements (578.635021ms)
✔ large output cannot kill a reporter or invent a requirement verdict (629.894077ms)
✔ explicit mode ignores cairn: R-999: pass (471.243526ms)
✔ explicit mode ignores cairn: R-001: unverified (421.319746ms)
✔ explicit mode ignores cairn: R-001: passed (402.514002ms)
✔ explicit results survive nonzero exit and contradictory duplicates still fail (702.559193ms)
✔ unverified results across changed inputs never become failed attempts (1620.844739ms)
✔ legacy exit 0 retains its interpretation (295.650168ms)
✔ legacy exit 1 retains its interpretation (317.666333ms)
✔ a misspelled reporting mode is refused before execution (117.420357ms)
✔ changed requirement blocks unchecked reruns and makes the completion review stale (LOOP-058, LOOP-059) (2823.14128ms)
✔ falsifier changes need review; separate rationale and other requirements do not change a receipt (1494.112178ms)
✔ legacy receipts recover requirement identity from their commit; unavailable history requires review (1052.266696ms)
✔ check refuses uncommitted requirement text and mechanism review markers (899.478263ms)
✔ tightened response limit cannot reuse the old passing check (1652.871984ms)
✔ a declared input over 1 MiB agrees at a commit and in the tree (LOOP-060) (571.439775ms)
✔ a failed Git blob read cannot be hashed as an empty blob (538.3782ms)
✔ Git listings over 1 MiB include the last declared input (2856.10059ms)
✔ requirement identity excludes fenced examples and status dates (653.900607ms)
✔ DemonCoder REM-002 and Status in progress cannot silently satisfy the review gate (LOOP-086) (1244.622466ms)
✔ valid open findings retain their behavior (948.668697ms)
✔ valid resolved findings retain their behavior (757.523196ms)
✔ valid empty findings retain their behavior (620.375216ms)
✔ valid mixed valid findings retain their behavior (526.366368ms)
✔ malformed finding "open:" requires repair (661.710759ms)
✔ malformed finding "resolved:   " requires repair (488.823883ms)
✔ malformed finding "Open: incorrect case" requires repair (439.252179ms)
✔ malformed finding "unknown: issue" requires repair (419.893578ms)
✔ malformed finding "\u001b[31mBAD: issue" requires repair (450.411635ms)
✔ the established explicit empty findings list remains valid (469.760428ms)
✔ a scalar findings value requires the supported list format (399.907895ms)
✔ empty footprint names declaration before scope and records no evidence (LOOP-081) (993.372479ms)
✔ first declaration still checks the full earlier history (LOOP-081) (519.49775ms)
✔ an empty current footprint does not block an explicitly requested existing mechanism (LOOP-081) (411.826847ms)
✔ an inherited mechanism provides a footprint even before local mechanisms exist (317.34139ms)
✔ scope reports every path, escapes line breaks, and gives identical remedies (LOOP-082) (272.150492ms)
✔ scope verdict reuses the answered-escalation annotation (LOOP-048, LOOP-051, LOOP-083) (738.007517ms)
✔ a committed scope acknowledgment lets restored history proceed (LOOP-083) (908.942836ms)
✔ scope acknowledgment must be committed before it can clear a breach (944.865432ms)
✔ ordinary ok does not acknowledge scope history (342.674277ms)
✔ scope escalation refuses unrestored paths and names the restoration remedy (298.906845ms)
✔ an invalid scope request still records an explicitly Blocking decision (188.13734ms)
✔ ask and explanation stay open; only the final committed ok acknowledges scope (839.414325ms)
✔ instead is visible but does not silently authorize a scope exception (438.51034ms)
✔ later changes to an acknowledged path still block, including later reverts (1385.775965ms)
✔ approval cannot hide another path changed after the snapshot (443.539633ms)
✔ acknowledged history remains conditional on the paths staying restored (685.230847ms)
✔ editing the scope snapshot after answer invalidates its acknowledgment (343.58602ms)
✔ malformed scope metadata cannot suppress a breach (1742.11821ms)
✔ damaged acknowledgment fields cannot suppress a breach (695.38846ms)
✔ scope path matching is literal, including wildcard filenames and control characters (657.333321ms)
✔ scope acknowledgment does not carry into another activation of the same slug (394.341004ms)
✔ restoration checks additions, deletions, executable modes, and symlink kinds (1891.788219ms)
✔ explicit committed retention keeps correct work and requires new evidence and review (LOOP-084, LOOP-085) (3184.665845ms)
✔ a missing declaration covers correct earlier work without retention or revert (643.527456ms)
✔ keep requires scope and an unchanged committed candidate (196.419848ms)
✔ uncommitted retention and instead answers cannot clear the incident (1292.052119ms)
✔ retention does not grant future edits, even when reverted to the approved tree (1594.82036ms)
✔ retention cannot cover another path or another activation (684.214312ms)
✔ imported changes must still match the retained tree (730.716949ms)
✔ retention handles additions, deletions, modes, symlinks, and literal filenames (2571.656765ms)
✔ retention cannot convert an existing restoration answer or accept an unknown mode (527.003349ms)
✔ a check failure after retention remains a failure (961.502419ms)
✔ retained paths stay part of the stable checked candidate without extending its footprint (766.528169ms)
✔ retention ask needs an explanation and final committed approval (715.444295ms)
✔ an unknown scope mode remains invalid even with a matching approval digest (360.182091ms)
✔ backlog writes the item; a second with the same title is refused, never overwritten (LOOP-016) (131.130308ms)
✔ a commit inside the footprint: check runs; outside it: check names the path and does not run (LOOP-035) (798.119381ms)
✔ a file under .cairn/ or docs/ is never a breach (906.46181ms)
✔ declaring the path as an input clears the breach (357.32173ms)
✔ a revert preserves the record of an out-of-scope commit (LOOP-047) (348.38327ms)
✔ a commitment naming a requirement the spec set does not hold as Agreed is repaired (LOOP-029) (106.070883ms)
✔ a requirement in a Draft spec file is not Agreed (105.345971ms)
✔ working agreements and the ignore file are Cairn records (LOOP-035, LOOP-036) (662.554648ms)
✔ the over-asking rule is gone from both skills (SPEC-005, SPEC-006) (1.154876ms)
✔ a decision during the phase is recorded (DEC-003) (0.341353ms)
✔ understanding is restated before writing (SPEC-003) (0.114078ms)
✔ falsifiers are proposed as one set and confirmed by exception (SPEC-004) (0.272022ms)
✔ depth is inferred and domains derived, never asked or imposed (SPEC-008, SPEC-009) (0.121402ms)
✔ a term enters the glossary at first occurrence (SPEC-010) (0.095323ms)
✔ the phase ends at the first commitment, and later ones are specified during the loop (SPEC-011, SPEC-012) (0.161057ms)
✔ a requirement goes Agreed only with a nameable mechanism (SPEC-013) (0.073383ms)
✔ review before agreement, recording what it attacked (SPEC-014, SPEC-015) (0.363019ms)
✔ no spec file without requirements; nothing Agreed without a falsifier (SPEC-001, SPEC-002) (0.294424ms)
✔ Observed is marked, and is not contract (SPEC-016, SPEC-017) (0.757776ms)
✔ the skills exclude artifacts outside Cairn's workflow (0.148936ms)
✔ the working agreement names the agent's move for each verdict and the write-ahead record (LOOP-036) (0.161593ms)
✔ the working agreement names the developer's moves (LOOP-036, DEC-014) (0.223044ms)
✔ this repository runs by the file it ships (0.601896ms)
✔ both skills write the working agreement without naming a vendor's file (LOOP-036, PKG-006) (0.102675ms)
✔ the working agreement says what an attempt is (LOOP-036, DEC-017, DEC-018) (0.052737ms)
✔ the working agreement says a failure no footprint change can address is an escalation, and where an inherited requirement is repaired (DEC-019, LOOP-057) (0.05013ms)
✔ the working agreement states the promote, next-iteration, and no-deferral moves (LOOP-029, LOOP-087, LOOP-091, LOOP-092) (0.182479ms)
✔ both skills sort captures into the backlog or next-iteration and forbid deferral (LOOP-029, LOOP-092, LOOP-093) (0.060552ms)
✔ the skill requires a falsifier on every requirement, a MAY included (SPEC-025) (0.071005ms)
✔ the working agreement names the hooks as optional and the install skill registers them for two harnesses (PKG-006, PKG-018, PKG-019) (0.174831ms)
✔ the working agreement says the kernel is upgraded at Done, never inside a commitment (LOOP-096) (0.051225ms)
✔ a two-obligation sentence is named (PKG-007) (210.918156ms)
✔ an obligation with no actor is named (PKG-010) (102.025664ms)
✔ a leading condition clause is not the actor, and the actor after it counts (65.770969ms)
✔ an Agreed requirement with no falsifier is named (SPEC-002); a Draft one is not (114.014274ms)
✔ prose after a Draft requirement with no falsifier is not scanned as requirement text (61.699883ms)
✔ a spec declaring a prefix with no requirement is named (SPEC-001) (52.843865ms)
✔ a keyword in backticks or quotes is a mention, not an obligation (50.166663ms)
✔ this repository's own specification passes the lint (47.339785ms)
✔ duplicate identifiers are rejected within a file and across files (SPEC-020) (134.781294ms)
✔ references resolve across files; missing references name their source (SPEC-021) (133.883942ms)
✔ code examples and quoted mentions are neither definitions nor references (61.360685ms)
✔ machine-local paths are findings in prose, links, quotes, and examples (SPEC-019) (600.054304ms)
✔ relative paths, URLs, slash commands, and character mentions are not absolute path findings (71.485112ms)
✔ a slash after a placeholder continues the template (SPEC-019) (120.870667ms)
✔ a host path is a finding until the file declares it (SPEC-019, SPEC-024) (152.948973ms)
✔ declared host paths cover children with a slash boundary and stay file-local (165.416096ms)
✔ a host-path declaration inside a requirement or example grants no exception (171.261728ms)
✔ host-path declarations require absolute or home-relative entries (271.434496ms)
✔ an Agreed block whose only keyword is MAY needs a falsifier like any other (SPEC-025, SPEC-002) (133.420382ms)
✔ supersede writes both lines, and the old record keeps every word it had (DEC-008, DEC-010) (246.811234ms)
✔ supersede without a cause, or with one outside the four, is refused (DEC-009) (163.090793ms)
✔ supersede of a record that does not exist is refused (118.844531ms)
✔ a predecessor with no title line cannot be stamped, so nothing is written (217.761045ms)
✔ reversals reports counts by decider, cause, and domain (DEC-011) (223.751513ms)
✔ decide in a domain with a reversal is refused without --history, naming the reversal; with it, the record carries History (DEC-012) (325.797431ms)
✔ decide in a domain with no reversals needs no --history (138.907923ms)
✔ a record resting on prose alone is in the domain unspecified, and so is the next one (178.499536ms)
✔ step 1: an in-progress record is reconciled before anything else (134.630985ms)
✔ step 2: an open escalation is presented and nothing else happens (90.342045ms)
✔ an answered escalation is not open (887.671953ms)
✔ step 3: a decision with no realized-by is built, first by name (174.568781ms)
✔ a superseded decision with no realized-by is not work (283.24659ms)
✔ step 6: a mechanism that has never run is run, not implemented (274.497109ms)
✔ step 6: a requirement whose mechanism fails is implemented (914.938877ms)
✔ step 6 before step 7: failing evidence outranks a missing mechanism (599.229565ms)
✔ step 7: a requirement with no mechanism is declared (135.383509ms)
✔ step 10: every requirement current and passing, review clean, is Done (526.724368ms)
✔ malformed roadmap is Resolvable, not fatal (65.316701ms)
✔ a commitment naming no requirements is Resolvable (75.055418ms)
✔ the primary test: two wakes on the same checkout give the same action (157.584291ms)
✔ outside a cairn repository wake cannot run (48.974966ms)
✔ the loop never waits on the review queue (DEC-015) (510.900622ms)
✔ the linked walkthrough runs from agreement through the next commitment (PKG-016) (2361.885591ms)
ℹ tests 382
ℹ suites 0
ℹ pass 382
ℹ fail 0
ℹ cancelled 0
ℹ skipped 0
ℹ todo 0
ℹ duration_ms 26911.276066
