✔ a Draft block overrides an Agreed file for both wake and check (SPEC-018) (220.655941ms)
✔ an Agreed block overrides a Draft file in the kernel and lint (SPEC-018, SPEC-002) (804.563522ms)
✔ a block Status does not become the file default, including inside examples (SPEC-018) (452.230908ms)
✔ block status without a value does not inherit Agreed by accident (SPEC-018) (96.262938ms)
✔ inheritance needs a file Scope and includes only Agreed blocks, regardless of prefix (PKG-015) (1863.044289ms)
✔ Scope inside a requirement or fenced example does not declare inheritance (PKG-015) (757.375283ms)
✔ a falsifier wrapped onto a line beginning with Status: does not become the block's status (SPEC-018) (1.357769ms)
✔ LOOP-063: reject input mutation during a check and retain diagnostics (493.043784ms)
✔ LOOP-063: reject deletion mutation during a check and retain diagnostics (583.227494ms)
✔ LOOP-063: reject addition mutation during a check and retain diagnostics (495.593593ms)
✔ LOOP-063: reject mode mutation during a check and retain diagnostics (511.39726ms)
✔ LOOP-063: reject specification mutation during a check and retain diagnostics (389.310996ms)
✔ LOOP-063: reject declaration mutation during a check and retain diagnostics (335.513069ms)
✔ LOOP-063: reject commit mutation during a check and retain diagnostics (338.253933ms)
✔ LOOP-063: committed input mutation during execution cannot certify the replacement (311.247122ms)
✔ LOOP-064: removing executable permission makes passing evidence stale (508.856145ms)
✔ LOOP-064: a mode-only change also invalidates the previous review after new evidence (793.892827ms)
✔ LOOP-064: changing a regular file into a link with identical identity bytes is stale (858.689531ms)
✔ LOOP-063: an unchanged candidate still records a pass despite unrelated working-tree edits (235.248169ms)
✔ LOOP-064: current and historical input ordering agrees for Unicode filenames (349.629428ms)
✔ LOOP-063: Git status hiding content changes cannot certify an uncommitted candidate (125.593387ms)
✔ LOOP-066: one check owns execution with a kernel action record (606.861053ms)
✔ LOOP-066: one check owns execution with an agent action record (580.84997ms)
✔ LOOP-066: a live lock is named and never silently overwritten (132.586046ms)
✔ LOOP-066: a dead lock is named and never silently overwritten (161.694533ms)
✔ LOOP-066: a incomplete lock is named and never silently overwritten (146.112927ms)
✔ LOOP-066: an execution error releases the check lock for a corrected rerun (610.175536ms)
✔ LOOP-066: a live kernel action from an older Cairn also blocks execution (75.648015ms)
✔ LOOP-066: separate Git worktrees can run checks independently (470.766905ms)
✔ after a green check --stale runs nothing; after one input changes it runs only that mechanism (LOOP-094) (1496.629305ms)
✔ a mechanism speaking for two stale requirements runs once and refreshes both (LOOP-094, LOOP-040) (841.777782ms)
✔ a fresh failure and an unverified result are skipped with implement named (LOOP-094) (642.317491ms)
✔ --stale with a requirement identifier is refused (LOOP-094) (54.927564ms)
✔ check refuses a dirty declared input and names it; a dirty undeclared file does not block (LOOP-030) (528.547872ms)
✔ check writes one receipt per run carrying the full record and a result line per requirement (LOOP-097) (452.779537ms)
✔ a nonzero exit records fail, and the receipt keeps the exit code (LOOP-034) (463.609516ms)
✔ two checks write two records; nothing is overwritten or deleted (LOOP-025) (827.295874ms)
✔ a commit changing a declared input makes evidence stale; an undeclared one does not (LOOP-007) (744.714799ms)
✔ a regression is named before a requirement that never passed (LOOP-031) (873.859446ms)
✔ three attempts with no escalation since: wake says escalate, not a fourth (DEC-016, DEC-017, DEC-018) (2276.781943ms)
✔ the review gate: no review, stale review, open finding, then Done (LOOP-020, LOOP-033) (1097.615115ms)
✔ Done is refused while any requirement lacks current passing evidence (LOOP-017) (102.991959ms)
✔ check names a requested requirement that no mechanism claims (114.469961ms)
✔ check writes and clears an in-progress record around the run (LOOP-021) (194.534713ms)
✔ a linked declared input digests the same at a commit and in the tree (LOOP-023, LOOP-024) (472.010526ms)
✔ a result line is the mechanism's statement about one requirement; what it did not mention is unverified (LOOP-037, LOOP-052) (209.728071ms)
✔ a mechanism that says nothing is read by its exit code for every requirement (LOOP-039) (221.674444ms)
✔ unverified is not an attempt, and a return to an earlier failed digest counts once (DEC-017, DEC-018) (1795.676009ms)
✔ a result line for a requirement the mechanism does not speak for is named and writes nothing (LOOP-038) (223.65449ms)
✔ a result line inside ordinary output, or without the marker, does not count (211.958548ms)
✔ a targeted check runs the named requirements' mechanisms and records every requirement they speak for (LOOP-040) (217.653769ms)
✔ two result lines for one requirement: a fail on any line wins (198.748666ms)
✔ three runs at one digest with no attempt since: the verdict stays implement and names DEC-019; an escalation naming it among others clears the hint (DEC-019, LOOP-053) (1002.349917ms)
✔ a complete commitment with an unpromoted backlog item names promote, and a stamped item lets it reach Done (LOOP-087) (1347.978703ms)
✔ an empty backlog with waiting next-iteration items is Done, with the count as information and no action on them (LOOP-091) (997.418999ms)
✔ a promotion marker must resolve to a decision record (LOOP-088) (240.763194ms)
✔ a commitment promoted from an item needs a decision record naming the item (LOOP-088) (232.632392ms)
✔ the spec lint reports a promotion marker with no decision record (LOOP-088) (76.158855ms)
✔ a promoted commitment that changes an Agreed requirement or the working agreement is an escalation; an unpromoted one is not (LOOP-089, LOOP-090) (1408.857686ms)
✔ a capture from one of the commitment's own requirements needs Outside because: or an escalation (LOOP-092) (1570.223214ms)
✔ a next-iteration item names what it would change, and the capture refuses one that does not (LOOP-093) (436.436127ms)
✔ a commitment specified from a next-iteration item needs the item stamped before anything else (SPEC-027) (538.069079ms)
✔ a by deference marker resolves to a decision record like a promotion marker (SPEC-002, LOOP-088) (191.275792ms)
✔ the LOOP-090 gate reads the Concerns line, not the slug as a substring (LOOP-114) (565.737323ms)
✔ the LOOP-088 check reads the Promotes line, and decide --promotes writes it (LOOP-115) (319.318243ms)
✔ the activation commit of a promoted commitment is inside the LOOP-089 comparison (LOOP-116) (192.276298ms)
✔ the LOOP-090 route needs one escalation: its Concerns line covers the moved item too (LOOP-119, LOOP-092, LOOP-114) (666.710632ms)
✔ an escalation raised before the promoted commitment began does not silence the LOOP-090 gate (LOOP-114) (313.098945ms)
✔ an escalation raised before the commitment began does not silence the capture gate (LOOP-119) (297.297407ms)
✔ the activation commit is inside the scope footprint (LOOP-120) (91.756329ms)
✔ a requirement Agreed at activation that is demoted or removed is a contract change (LOOP-121) (650.562619ms)
✔ the include files are the root files that hold @AGENTS.md: exempt from the footprint, compared by the gate (LOOP-122) (1199.350825ms)
✔ a superseded promotion no longer satisfies the LOOP-088 check, and the repair says the promotion was reversed (LOOP-123) (508.528838ms)
✔ every requirement the node-test declaration speaks for is named in a test title (PKG-025) (3.03654ms)
✔ every repository path the tests read is a declared input of node-test (PKG-026) (0.979912ms)
✔ writes a record with every required field and an empty realized-by (DEC-001, DEC-005) (89.055341ms)
✔ a Consequential decision is queued for review (DEC-004, DEC-013) (78.585122ms)
✔ a Consequential decision is queued even when .cairn/queue does not exist yet (70.896774ms)
✔ Routine is refused: routine decisions produce no record (83.872462ms)
✔ a missing field is a usage error and nothing is written (75.400974ms)
✔ supersedes requires a classified cause, and the old record must exist (182.441137ms)
✔ an existing record is not overwritten (166.556481ms)
✔ a queued decision stays queued; nothing but the developer removes it (DEC-014) (228.007211ms)
✔ LOOP-006, LOOP-067: missing inputs names a declaration repair before execution (169.704422ms)
✔ LOOP-006, LOOP-067: empty inputs names a declaration repair before execution (141.284822ms)
✔ LOOP-006, LOOP-067: missing command names a declaration repair before execution (163.22487ms)
✔ LOOP-006, LOOP-067: list command names a declaration repair before execution (162.213883ms)
✔ LOOP-006, LOOP-067: empty command names a declaration repair before execution (149.213237ms)
✔ LOOP-006, LOOP-067: missing requirements names a declaration repair before execution (148.539192ms)
✔ LOOP-006, LOOP-067: bad identifier names a declaration repair before execution (161.097514ms)
✔ LOOP-067: scalar one-item lists retain their existing meaning (449.217235ms)
✔ LOOP-068: a unpopulated gitlink is refused by name (220.863177ms)
✔ LOOP-068: a populated gitlink is refused by name (197.31602ms)
✔ LOOP-069: identical selections across 100 mechanisms use at most 20 Git processes (200.585003ms)
✔ escalate writes the six-line format followed by its facts, and wake presents it (LOOP-010, LOOP-026) (147.818244ms)
✔ a missing or multi-line field is refused with the field named, and nothing is written (LOOP-012) (141.500951ms)
✔ a Blocking escalation that fails the format is written anyway, naming the malformed field (LOOP-013) (155.90853ms)
✔ a --level other than Blocking is refused rather than silently losing the bypass (DEC-002) (89.595849ms)
✔ a second escalation while one is open is refused (LOOP-011) (169.139932ms)
✔ answer records the reply; wake no longer presents it; a second answer is refused (332.941894ms)
✔ answer to an unknown escalation is refused (85.465717ms)
✔ a stranger resumes from the file alone: question and answer are both in it (LOOP-014) (181.677631ms)
✔ after an answer, the same concern can be escalated again under a new name (197.81157ms)
✔ an escalation exists when its file does, committed or not (LOOP-009) (85.558608ms)
✔ developer answers require one of the three forms and cannot inject fields (LOOP-048) (627.983302ms)
✔ ask, agent explanation, another ask, and ok stay ordered in one file (LOOP-049, LOOP-050, LOOP-014) (718.807726ms)
✔ fresh closed answers accompany only concerned requirements until new evidence (LOOP-051) (743.6865ms)
✔ a raised escalation carries no derivable status line, and an old record with one still parses (LOOP-028) (146.82711ms)
✔ LOOP-065: delete of output refuses Done and a new run recovers (1715.142817ms)
✔ LOOP-065: corrupt of output refuses Done and a new run recovers (1255.426008ms)
✔ LOOP-065: delete of stderr_output refuses Done and a new run recovers (927.049891ms)
✔ LOOP-065: corrupt of stderr_output refuses Done and a new run recovers (876.561567ms)
✔ LOOP-065: a receipt without output needs a new check (485.78115ms)
✔ LOOP-065: a receipt without output_digest needs a new check (455.396047ms)
✔ LOOP-065: a receipt without stderr_output needs a new check (463.36326ms)
✔ LOOP-065: a receipt without stderr_digest needs a new check (441.928526ms)
✔ LOOP-065: legacy unverifiable output is rerun without rewriting history (796.51779ms)
✔ a fresh record names the kernel that wrote it (LOOP-023) (341.482959ms)
✔ LOOP-095: a record from another kernel is stale with the kernel named, and a new check restores Done (805.103177ms)
✔ LOOP-095: a record from no kernel is stale with the kernel named, and a new check restores Done (793.609987ms)
✔ LOOP-070: a later failure is latest even when the clock moves backward (1346.15564ms)
✔ LOOP-070: receipt collisions at one clock instant retain execution order beyond nine suffixes (3434.463963ms)
✔ LOOP-070: imported branch receipts stale a later sequence until a new check incorporates them (1212.38457ms)
✔ LOOP-070, LOOP-098: legacy receipts need one ordered check and remain byte-for-byte unchanged (565.766025ms)
✔ LOOP-070: edit of a prior receipt requires fresh evidence (537.095732ms)
✔ LOOP-070: remove of a prior receipt requires fresh evidence (547.181834ms)
✔ LOOP-075: supporting evidence file README.md does not become a receipt (668.339909ms)
✔ LOOP-075: supporting evidence file notes.txt does not become a receipt (568.261581ms)
✔ LOOP-075: supporting evidence file support does not become a receipt (586.204938ms)
✔ LOOP-075: supporting evidence file .DS_Store does not become a receipt (537.326842ms)
✔ LOOP-075: a malformed result line (result=success) names a repair before execution (369.534838ms)
✔ LOOP-075: a malformed result line (sequence=NaN) names a repair before execution (385.078254ms)
✔ LOOP-075: a malformed result line (sequence=9007199254740992) names a repair before execution (362.469495ms)
✔ LOOP-075: a malformed result line (history_digest=wrong) names a repair before execution (391.263103ms)
✔ LOOP-075: a malformed result line (tokens) names a repair before execution (405.574796ms)
✔ LOOP-075: a receipt-shaped directory is a named repair instead of an EISDIR crash (304.722005ms)
✔ LOOP-070: an earlier escalation cannot cover three new attempts after clock rollback (1087.100144ms)
✔ LOOP-070: an answer becomes old after a later check even if that check's timestamp is earlier (678.456232ms)
✔ LOOP-070: the newest answer wins between checks even when its clock timestamp is older (473.745623ms)
✔ LOOP-070: legacy escalation dates cover old receipts but not three newer sequenced runs (1523.112193ms)
✔ a PKG requirement the commitment does not name is declared, run, and gates Done (PKG-011) (2278.736837ms)
✔ a PKG requirement in a Draft spec is not folded in (457.397593ms)
✔ LOOP-076, LOOP-079: stale inputs identify the receipt and the check to run (855.663721ms)
✔ LOOP-077: names a content change using checked input identity (918.528409ms)
✔ LOOP-077: names a mode change using checked input identity (743.838213ms)
✔ LOOP-077: names a kind change using checked input identity (575.949446ms)
✔ LOOP-077: names a added change using checked input identity (533.999063ms)
✔ LOOP-077: names a removed change using checked input identity (504.839726ms)
✔ LOOP-077: names a link-target change using checked input identity (763.093577ms)
✔ LOOP-077: changed selection compares the old and new input sets (490.132715ms)
✔ LOOP-077: raw CRLF changes remain visible when Git-clean content agrees (479.470879ms)
✔ LOOP-077: detail output is sorted, bounded, and reports the omitted count (484.007512ms)
✔ LOOP-077: filenames cannot inject lines or terminal controls into explanations (437.836108ms)
✔ LOOP-077: receipts from one run share details and do not store source contents (337.736149ms)
✔ LOOP-078, LOOP-080: legacy optional detail limits explanation without changing standing (531.200778ms)
✔ LOOP-078, LOOP-080: invalid-field optional detail limits explanation without changing standing (673.042575ms)
✔ LOOP-078, LOOP-080: missing optional detail limits explanation without changing standing (540.121079ms)
✔ LOOP-078, LOOP-080: invalid-json optional detail limits explanation without changing standing (556.709873ms)
✔ LOOP-078, LOOP-080: mismatched optional detail limits explanation without changing standing (515.06859ms)
✔ LOOP-078, LOOP-080: duplicate optional detail limits explanation without changing standing (537.440556ms)
✔ LOOP-078, LOOP-080: unsafe-path optional detail limits explanation without changing standing (514.378971ms)
✔ LOOP-078, LOOP-080: directory optional detail limits explanation without changing standing (543.226302ms)
✔ LOOP-078, LOOP-080: symlink optional detail limits explanation without changing standing (531.101879ms)
✔ LOOP-078: unavailable old requirement text is not claimed as a proven change (400.08303ms)
✔ LOOP-076, LOOP-079: changed requirements identify evidence and retain review-before-check guidance (422.65945ms)
✔ LOOP-078: simultaneous input and output damage keep both reasons (426.185785ms)
✔ LOOP-080: deterministic freshness sequence seed=7 (9408.610515ms)
✔ LOOP-080: deterministic freshness sequence seed=42 (6607.363641ms)
✔ LOOP-080: deterministic freshness sequence seed=913 (5899.101136ms)
✔ LOOP-080: agreement changes, mechanism review, checks, and completion review retain priority (1504.858269ms)
✔ LOOP-080: imported receipt history demands a rerun without a false input explanation (1558.096607ms)
✔ LOOP-073: clean CRLF input completes under attributes (850.76595ms)
✔ LOOP-073: clean CRLF input completes under autocrlf (685.442754ms)
✔ LOOP-073: raw line-ending mutation during a run is rejected even when Git still sees the same content (317.580993ms)
✔ LOOP-073: execution evidence changes when clean conversion preserves committed identity (982.292263ms)
✔ LOOP-073: Git clean filters use Git's conversion while retaining raw evidence identity (461.573784ms)
✔ LOOP-073: failure of a required Git filter cannot record evidence (118.139234ms)
✔ LOOP-073: a clean filter moving HEAD during ending validation prevents evidence (320.749987ms)
✔ LOOP-073: canonical Git identities handle links without reading their targets (405.340622ms)
✔ LOOP-073: Git conversion keeps raw Unicode and control-character input paths (393.84084ms)
✔ LOOP-073: conversion and links work in a SHA-256 Git repository (406.432773ms)
✔ LOOP-074: historical specification filename "café.md" remains reviewable (372.183171ms)
✔ LOOP-074: historical specification filename "spec\ttab.md" remains reviewable (358.064044ms)
✔ LOOP-074: historical specification filename "spec\nline.md" remains reviewable (373.960201ms)
✔ help works outside a repository without running a command (PKG-017) (1008.669033ms)
✔ help does not hide invalid options or consume literal arguments (185.008759ms)
✔ help lists the lint command (PKG-028, PKG-017) (41.392605ms)
✔ the stop hook refuses a stop while wake says Resolvable, with the verdict as the reason (PKG-018) (213.5941ms)
✔ the stop hook allows a stop at Done, at Escalate, and outside a Cairn repository (PKG-018) (1224.529601ms)
✔ the session-start hook links the command once and prints the verdict in a Cairn repository (PKG-019, PKG-014, PKG-005) (589.292051ms)
✔ the session-start hook prints no verdict outside a Cairn repository and leaves an existing link that resolves alone (PKG-019) (52.11309ms)
✔ a checkout under a path with a space links a command that resolves, and its stop hook still blocks (PKG-019, PKG-021) (352.714511ms)
✔ the hooks run the kernel the command link resolves to, so hook and agent share one referee (PKG-021, LOOP-096) (900.66365ms)
✔ a dangling link is replaced and reported (PKG-019) (155.869813ms)
✔ errors exit 0 with one line on standard error and no stack trace (PKG-022) (82.359118ms)
✔ cairn lint runs the checker over docs/spec by default and over a named directory (PKG-028) (200.63023ms)
✔ three megabytes are retained exactly once with matching digests (LOOP-041, LOOP-042) (555.016438ms)
✔ split stdout result lines survive a long non-result line; stderr is never a verdict (490.845165ms)
✔ signal termination is recorded and logs survive a clone (LOOP-043) (436.527851ms)
✔ working agreements and ignore changes are Cairn records inside the footprint (476.21561ms)
✔ a clean package passes (85.585301ms)
✔ PKG-001: a dependency, or a service manifest (141.958971ms)
✔ PKG-002: ignoring evidence or other durable state (77.60837ms)
✔ PKG-003: a command, a directory, or a record kind no decision names (211.076142ms)
✔ PKG-004: a kernel over 1500 lines (65.514117ms)
✔ PKG-006: a skill step naming a vendor's product (80.949988ms)
✔ PKG-008: a non-ASCII character in a tracked text file (69.867466ms)
✔ PKG-009: the kernel importing from tests (105.862122ms)
✔ PKG-012: a network call or a model vendor in the kernel (145.381218ms)
✔ PKG-013: deferral language, but not in code, quotes, or a rule (147.282369ms)
✔ a tracked path deleted from the working tree is skipped, not a crash (91.968662ms)
✔ a sentence in a Formats section is not a record kind (77.266044ms)
✔ a record kind named by its path alone is checked (73.162001ms)
✔ PKG-002: a tracked in-progress record (86.420402ms)
✔ PKG-002: ignoring evidence alone is a finding (79.476287ms)
✔ PKG-003 reads the kernel's commands from its help output (PKG-023) (149.416135ms)
✔ the ASCII scan covers shipped files, not records under .cairn/ (PKG-024) (63.227425ms)
✔ a vendor-naming step wrapped across lines is matched (PKG-006, PKG-027) (98.47325ms)
✔ PKG-013 scans the README, the manual, and the walkthrough (PKG-032) (241.12749ms)
✔ LOOP-071: decision body metadata does not resolve unbuilt work: "Superseded by: example" (801.835445ms)
✔ LOOP-071: decision body metadata does not resolve unbuilt work: "```text\nSuperseded by: example\n```" (771.979007ms)
✔ LOOP-071: decision body metadata does not resolve unbuilt work: "~~~text\nSuperseded by: example\n~~~" (743.000197ms)
✔ LOOP-071: a fenced realization example is not a resolving commit (570.813058ms)
✔ LOOP-071: a fenced commit inside the realization section is not built (503.683848ms)
✔ LOOP-071: ## Example cannot replace an open review finding (530.403237ms)
✔ LOOP-071: # Example cannot replace an open review finding (508.331083ms)
✔ LOOP-071: ### Example cannot replace an open review finding (492.084463ms)
✔ LOOP-071:   ## Example cannot replace an open review finding (491.313548ms)
✔ LOOP-071: Example paragraph. cannot replace an open review finding (489.805547ms)
✔ LOOP-071: Example
------- cannot replace an open review finding (438.239775ms)
✔ LOOP-071: fenced fields before a real review header are ignored (448.579036ms)
✔ LOOP-071: multiline decision --title cannot inject metadata (372.29003ms)
✔ LOOP-071: multiline decision --decided-by cannot inject metadata (367.126041ms)
✔ LOOP-071: multiline decision --rests-on cannot inject metadata (425.871809ms)
✔ LOOP-071: multiline decision --wrong-if cannot inject metadata (364.328206ms)
✔ LOOP-071: multiline decision --history cannot inject metadata (378.123623ms)
✔ LOOP-072: malformed Blocking concerns stay open: "R-001\nAnswer: ok" (94.209151ms)
✔ LOOP-072: malformed Blocking concerns stay open: "R-001\r\nAnswer: ok" (67.673071ms)
✔ LOOP-072: malformed Blocking concerns stay open: "R-001\rAnswer: ok" (94.054845ms)
✔ LOOP-072: malformed Blocking concerns stay open: "R-001 Answer: ok" (93.842984ms)
✔ LOOP-072: malformed Blocking concerns stay open: "R-001 Answer: ok" (78.628134ms)
✔ LOOP-072: ordinary malformed concerns are refused: "R-001\nR-002" (53.136886ms)
✔ LOOP-072: ordinary malformed concerns are refused: "R-001, prose" (41.263367ms)
✔ LOOP-072: ordinary malformed concerns are refused: " " (54.6173ms)
✔ LOOP-072: a Blocking escalation without concerns is still presented (95.175857ms)
✔ LOOP-072: carriage returns in a Blocking question do not create answer records (89.689846ms)
✔ LOOP-072: explanation separator 8232 cannot close an escalation (143.108138ms)
✔ LOOP-071: decision metadata refuses separator 8232 (346.464109ms)
✔ LOOP-072: explanation separator 8233 cannot close an escalation (160.08804ms)
✔ LOOP-071: decision metadata refuses separator 8233 (376.638305ms)
✔ an unmatched input is refused before execution (LOOP-044) (235.953127ms)
✔ an indexed input deleted on disk asks for a commit (LOOP-045) (205.910517ms)
✔ wake and check require a Git working tree (LOOP-046) (137.516968ms)
✔ recovery removes only dead kernel run records and identifies a live owner (LOOP-054, LOOP-055) (485.891922ms)
✔ an agent action based behind a clean HEAD appears committed (LOOP-027) (240.629227ms)
✔ realization needs a real commit and a subject (DEC-006) (396.71355ms)
✔ 1500 binary inputs digest identically at the review commit in under a second (LOOP-024) (1494.807632ms)
✔ merged work is excluded but a later own commit is a breach (LOOP-047) (217.787205ms)
✔ exact Current tenure ignores prefix matches and earlier visits to the same slug (LOOP-035) (245.494722ms)
✔ a kernel run records its supervising PID (LOOP-054) (255.578624ms)
✔ a merged declared input still stales evidence (LOOP-047) (377.024543ms)
✔ wildcard and magic pathspecs select the same historical inputs (LOOP-024, LOOP-032) (2152.562038ms)
✔ historical selection retains deleted files and excludes new ones (LOOP-024, LOOP-035) (1368.455263ms)
✔ explicit reporting with no lines and exit 0 establishes no requirement verdicts (LOOP-061) (636.032472ms)
✔ explicit reporting with no lines and exit 1 establishes no requirement verdicts (LOOP-061) (542.178298ms)
✔ a reporter that cannot start keeps execution diagnostics without blaming requirements (LOOP-062) (431.105382ms)
✔ large output cannot kill a reporter or invent a requirement verdict (431.826597ms)
✔ explicit mode ignores cairn: R-999: pass (355.201846ms)
✔ explicit mode ignores cairn: R-001: unverified (302.592873ms)
✔ explicit mode ignores cairn: R-001: passed (282.407798ms)
✔ explicit results survive nonzero exit and contradictory duplicates still fail (539.807993ms)
✔ unverified results across changed inputs never become failed attempts (1362.404296ms)
✔ legacy exit 0 retains its interpretation (249.034807ms)
✔ legacy exit 1 retains its interpretation (236.204559ms)
✔ a misspelled reporting mode is refused before execution (98.646855ms)
✔ changed requirement blocks unchecked reruns and makes the completion review stale (LOOP-058, LOOP-059) (2205.09769ms)
✔ falsifier changes need review; separate rationale and other requirements do not change a receipt (1082.299544ms)
✔ legacy receipts recover requirement identity from their commit; unavailable history requires review (860.357554ms)
✔ check refuses uncommitted requirement text and mechanism review markers (760.808379ms)
✔ tightened response limit cannot reuse the old passing check (1383.225449ms)
✔ a declared input over 1 MiB agrees at a commit and in the tree (LOOP-060) (479.895131ms)
✔ a failed Git blob read cannot be hashed as an empty blob (408.617295ms)
✔ Git listings over 1 MiB include the last declared input (2325.961304ms)
✔ requirement identity excludes fenced examples and status dates (534.205439ms)
✔ DemonCoder REM-002 and Status in progress cannot silently satisfy the review gate (LOOP-086) (1147.357468ms)
✔ valid open findings retain their behavior (754.87058ms)
✔ valid resolved findings retain their behavior (524.644254ms)
✔ valid empty findings retain their behavior (448.926279ms)
✔ valid mixed valid findings retain their behavior (409.10964ms)
✔ malformed finding "open:" requires repair (388.828635ms)
✔ malformed finding "resolved:   " requires repair (381.802147ms)
✔ malformed finding "Open: incorrect case" requires repair (356.76734ms)
✔ malformed finding "unknown: issue" requires repair (363.886514ms)
✔ malformed finding "\u001b[31mBAD: issue" requires repair (356.184708ms)
✔ the established explicit empty findings list remains valid (366.720506ms)
✔ a scalar findings value requires the supported list format (349.468282ms)
✔ a Requirements: line written as a list is read like the flat form (LOOP-102) (183.708849ms)
✔ a subdirectory or a README in a record directory changes nothing (LOOP-103) (692.168197ms)
✔ two Current: lines are a roadmap repair (LOOP-019, LOOP-104) (100.921222ms)
✔ a repeated identifier, an input under the evidence directory, and a missing cwd are refused by name (LOOP-105) (508.139878ms)
✔ a requirement whose evidence outlives its mechanism is named declare, not a regression or an escalation (LOOP-106) (1199.62891ms)
✔ an unreadable record is a repair, not an error exit (LOOP-107) (63.218089ms)
✔ a review needs commit, a nonempty examined list, and a findings list, each named when missing (LOOP-108) (928.418828ms)
✔ a decision record missing a header field or naming a missing predecessor is a repair (LOOP-109) (265.246334ms)
✔ a dirty declared input with no in-progress record is named record ahead of run (LOOP-022, LOOP-110) (234.719868ms)
✔ with core.filemode false the index mode is the identity, so a mode-only difference does not refuse the check (LOOP-111) (246.981029ms)
✔ a project below the Git toplevel can run check (LOOP-112) (263.50428ms)
✔ a shallow clone names history to fetch, not a decision to build (LOOP-113) (156.353767ms)
✔ record-writing commands refuse to run outside a Cairn repository and write nothing (LOOP-118, LOOP-046) (220.596846ms)
✔ empty footprint names declaration before scope and records no evidence (LOOP-081) (805.706903ms)
✔ first declaration still checks the full earlier history (LOOP-081) (433.288717ms)
✔ an empty current footprint does not block an explicitly requested existing mechanism (LOOP-081) (353.928122ms)
✔ an inherited mechanism provides a footprint even before local mechanisms exist (262.506724ms)
✔ scope reports every path, escapes line breaks, and gives identical remedies (LOOP-082) (279.677716ms)
✔ scope verdict reuses the answered-escalation annotation (LOOP-048, LOOP-051, LOOP-083) (534.660994ms)
✔ a committed scope acknowledgment lets restored history proceed (LOOP-083) (663.982068ms)
✔ scope acknowledgment must be committed before it can clear a breach (620.94012ms)
✔ ordinary ok does not acknowledge scope history (285.912916ms)
✔ scope escalation refuses unrestored paths and names the restoration remedy (250.513112ms)
✔ an invalid scope request still records an explicitly Blocking decision (142.339238ms)
✔ ask and explanation stay open; only the final committed ok acknowledges scope (674.389812ms)
✔ instead is visible but does not silently authorize a scope exception (366.420363ms)
✔ later changes to an acknowledged path still block, including later reverts (1157.33801ms)
✔ approval cannot hide another path changed after the snapshot (381.30875ms)
✔ acknowledged history remains conditional on the paths staying restored (663.531553ms)
✔ editing the scope snapshot after answer invalidates its acknowledgment (284.994577ms)
✔ malformed scope metadata cannot suppress a breach (1441.017017ms)
✔ damaged acknowledgment fields cannot suppress a breach (565.066739ms)
✔ scope path matching is literal, including wildcard filenames and control characters (522.210811ms)
✔ scope acknowledgment does not carry into another activation of the same slug (302.850984ms)
✔ restoration checks additions, deletions, executable modes, and symlink kinds (1520.8048ms)
✔ explicit committed retention keeps correct work and requires new evidence and review (LOOP-084, LOOP-085) (2445.290737ms)
✔ a missing declaration covers correct earlier work without retention or revert (495.902324ms)
✔ keep requires scope and an unchanged committed candidate (145.841419ms)
✔ uncommitted retention and instead answers cannot clear the incident (1054.893466ms)
✔ retention does not grant future edits, even when reverted to the approved tree (1327.879272ms)
✔ retention cannot cover another path or another activation (586.308862ms)
✔ imported changes must still match the retained tree (617.202029ms)
✔ retention handles additions, deletions, modes, symlinks, and literal filenames (2128.807499ms)
✔ retention cannot convert an existing restoration answer or accept an unknown mode (453.635097ms)
✔ a check failure after retention remains a failure (732.5864ms)
✔ retained paths stay part of the stable checked candidate without extending its footprint (632.055986ms)
✔ retention ask needs an explanation and final committed approval (553.524568ms)
✔ an unknown scope mode remains invalid even with a matching approval digest (305.500229ms)
✔ backlog writes the item; a second with the same title is refused, never overwritten (LOOP-016) (132.208876ms)
✔ a commit inside the footprint: check runs; outside it: check names the path and does not run (LOOP-015, LOOP-035) (644.846663ms)
✔ Cairn's records are never a breach; another file under docs/ is (LOOP-117) (759.966224ms)
✔ declaring the path as an input clears the breach (341.319038ms)
✔ a revert preserves the record of an out-of-scope commit (LOOP-047) (306.325088ms)
✔ a commitment naming a requirement the spec set does not hold as Agreed is repaired (LOOP-029) (74.50753ms)
✔ a requirement in a Draft spec file is not Agreed (77.529439ms)
✔ working agreements and the ignore file are Cairn records (LOOP-035, LOOP-036) (476.902594ms)
✔ the over-asking rule is gone from both skills (SPEC-005, SPEC-006, SPEC-007) (1.131721ms)
✔ a decision during the phase is recorded (DEC-003) (0.130217ms)
✔ understanding is restated before writing (SPEC-003) (0.092909ms)
✔ falsifiers are proposed as one set and confirmed by exception (SPEC-004) (0.227877ms)
✔ depth is inferred and domains derived, never asked or imposed (SPEC-008, SPEC-009) (0.121035ms)
✔ a term enters the glossary at first occurrence (SPEC-010) (0.074661ms)
✔ the phase ends at the first commitment, and later ones are specified during the loop (SPEC-011, SPEC-012) (0.16857ms)
✔ a requirement goes Agreed only with a nameable mechanism (SPEC-013) (0.094357ms)
✔ review before agreement, recording what it attacked (SPEC-014, SPEC-015) (0.91885ms)
✔ no spec file without requirements; nothing Agreed without a falsifier (SPEC-001, SPEC-002) (0.304701ms)
✔ Observed is marked, and is not contract (SPEC-016, SPEC-017) (0.172931ms)
✔ the skills exclude artifacts outside Cairn's workflow (0.121538ms)
✔ the working agreement names the agent's move for each verdict and the write-ahead record (LOOP-036) (0.611125ms)
✔ the working agreement names the developer's moves (LOOP-036, DEC-014) (0.084639ms)
✔ this repository runs by the file it ships (0.295253ms)
✔ both skills write the working agreement without naming a vendor's file (LOOP-002, LOOP-036, PKG-006) (0.205434ms)
✔ the working agreement says what an attempt is (LOOP-036, DEC-017, DEC-018) (0.066872ms)
✔ the working agreement says a failure no footprint change can address is an escalation, and where an inherited requirement is repaired (DEC-019, LOOP-057) (0.074165ms)
✔ the working agreement states the promote, next-iteration, and no-deferral moves (LOOP-029, LOOP-087, LOOP-091, LOOP-092) (0.065648ms)
✔ both skills sort captures into the backlog or next-iteration and forbid deferral (LOOP-029, LOOP-092, LOOP-093) (0.053853ms)
✔ the skill requires a falsifier on every requirement, a MAY included (SPEC-025) (0.048193ms)
✔ the working agreement names the hooks as optional and the install skill registers them for two harnesses (PKG-006, PKG-018, PKG-019) (0.187231ms)
✔ the working agreement says the kernel is upgraded at Done, never inside a commitment (LOOP-096) (0.057024ms)
✔ the next-iteration skill starts from the specification and ends by naming the next commitment (SPEC-026, SPEC-027) (0.217164ms)
✔ every document that names the project skills names next-iteration beside them (SPEC-026, PKG-014) (2.220572ms)
✔ the working agreement states a move for every action the kernel can name (LOOP-101) (1.061743ms)
✔ the working agreement states both record formats and the two flags the moves need (LOOP-036) (0.810339ms)
✔ the skills demonstrate a safe violating example and preserve recon findings (SPEC-022, SPEC-023) (0.090384ms)
✔ the specification skills run the checker through the cairn command (PKG-029) (0.765946ms)
✔ the README invokes the phase skills by name and states versions and platforms (PKG-030, PKG-031) (0.451308ms)
✔ the manual and the walkthrough say the loop promotes backlog items at Done (LOOP-087) (0.577374ms)
✔ a two-obligation sentence is named (PKG-007) (45.983929ms)
✔ an obligation with no actor is named (PKG-010) (33.906954ms)
✔ a leading condition clause is not the actor, and the actor after it counts (31.827472ms)
✔ an Agreed requirement with no falsifier is named (SPEC-002); a Draft one is not (116.678028ms)
✔ prose after a Draft requirement with no falsifier is not scanned as requirement text (40.652734ms)
✔ a spec declaring a prefix with no requirement is named (SPEC-001) (38.851395ms)
✔ a keyword in backticks or quotes is a mention, not an obligation (42.12687ms)
✔ duplicate identifiers are rejected within a file and across files (SPEC-020) (89.958458ms)
✔ references resolve across files; missing references name their source (SPEC-021) (81.698547ms)
✔ code examples and quoted mentions are neither definitions nor references (43.200332ms)
✔ machine-local paths are findings in prose, links, quotes, and examples (SPEC-019) (437.974129ms)
✔ relative paths, URLs, slash commands, and character mentions are not absolute path findings (57.241839ms)
✔ a slash after a placeholder continues the template (SPEC-019) (81.703009ms)
✔ a host path is a finding until the file declares it (SPEC-019, SPEC-024) (80.737732ms)
✔ declared host paths cover children with a slash boundary and stay file-local (137.184883ms)
✔ a host-path declaration inside a requirement or example grants no exception (135.198477ms)
✔ host-path declarations require absolute or home-relative entries (252.910661ms)
✔ an Agreed block whose only keyword is MAY needs a falsifier like any other (SPEC-025, SPEC-002) (105.201894ms)
✔ a regex literal is not a path, a drive path and a file URL are, and a skill's slash name is allowed (SPEC-028, SPEC-029) (41.301931ms)
✔ a backticked or quoted actor still counts as one (PKG-010) (63.591528ms)
✔ supersede writes both lines, and the old record keeps every word it had (DEC-008, DEC-010) (84.362843ms)
✔ supersede without a cause, or with one outside the four, is refused (DEC-009) (134.080652ms)
✔ supersede of a record that does not exist is refused (73.548536ms)
✔ a predecessor with no title line cannot be stamped, so nothing is written (96.36681ms)
✔ reversals reports counts by decider, cause, and domain (DEC-011) (225.693321ms)
✔ decide in a domain with a reversal is refused without --history, naming the reversal; with it, the record carries History (DEC-012) (235.890387ms)
✔ decide in a domain with no reversals needs no --history (160.351907ms)
✔ a record resting on prose alone is in the domain unspecified, and so is the next one (121.014008ms)
✔ a second declaration for one requirement is accepted, a named check runs every mechanism, and Done needs each to pass (LOOP-056, LOOP-099) (2470.523765ms)
✔ one mechanism's stale evidence names that mechanism, and --stale runs only it (LOOP-056, LOOP-094) (828.250275ms)
✔ attempts are counted within one mechanism's records, so the other's passes do not reset them (LOOP-100, DEC-016) (1541.717612ms)
✔ step 1: an in-progress record is reconciled before anything else (108.826376ms)
✔ step 2: an open escalation is presented and nothing else happens (76.055408ms)
✔ an answered escalation is not open (677.168481ms)
✔ step 3: a decision with no realized-by is built, first by name (DEC-007) (82.13717ms)
✔ a superseded decision with no realized-by is not work (139.437884ms)
✔ step 6: a mechanism that has never run is run, not implemented (LOOP-008) (154.609772ms)
✔ step 6: a requirement whose mechanism fails is implemented (561.602711ms)
✔ step 6 before step 7: failing evidence outranks a missing mechanism (362.210112ms)
✔ step 7: a requirement with no mechanism is declared (LOOP-006) (83.10113ms)
✔ step 10: every requirement current and passing, review clean, is Done (LOOP-004) (388.454746ms)
✔ malformed roadmap is Resolvable, not fatal (LOOP-005) (61.640873ms)
✔ a commitment naming no requirements is Resolvable (LOOP-018) (57.346338ms)
✔ the primary test: two wakes on the same checkout give the same action (LOOP-001, LOOP-003) (111.96451ms)
✔ outside a cairn repository wake cannot run (39.311869ms)
✔ the loop never waits on the review queue (DEC-015) (378.542635ms)
✔ the linked walkthrough runs from agreement through the next commitment (PKG-016) (1572.876102ms)
ℹ tests 430
ℹ suites 0
ℹ pass 430
ℹ fail 0
ℹ cancelled 0
ℹ skipped 0
ℹ todo 0
ℹ duration_ms 25073.247308
