✔ a Draft block overrides an Agreed file for both wake and check (SPEC-018) (187.503058ms)
✔ an Agreed block overrides a Draft file in the kernel and lint (SPEC-018, SPEC-002) (580.255174ms)
✔ a block Status does not become the file default, including inside examples (SPEC-018) (355.323518ms)
✔ block status without a value does not inherit Agreed by accident (SPEC-018) (79.4289ms)
✔ inheritance needs a file Scope and includes only Agreed blocks, regardless of prefix (PKG-015) (1795.620235ms)
✔ Scope inside a requirement or fenced example does not declare inheritance (PKG-015) (875.341688ms)
✔ a falsifier wrapped onto a line beginning with Status: does not become the block's status (SPEC-018) (1.137668ms)
✔ with attribution forbidden, an unpushed commit carrying an AI attribution line is named reword before any work; without the policy, or once pushed, it is not (PKG-045) (398.605597ms)
✔ each attribution form is caught, a prose mention is not, and the oldest attributed commit is named first (PKG-045) (534.644988ms)
✔ LOOP-063: reject input mutation during a check and retain diagnostics (447.200716ms)
✔ LOOP-063: reject deletion mutation during a check and retain diagnostics (367.753657ms)
✔ LOOP-063: reject addition mutation during a check and retain diagnostics (369.073852ms)
✔ LOOP-063: reject mode mutation during a check and retain diagnostics (362.601644ms)
✔ LOOP-063: reject specification mutation during a check and retain diagnostics (365.776709ms)
✔ LOOP-063: reject declaration mutation during a check and retain diagnostics (388.037596ms)
✔ LOOP-063: reject commit mutation during a check and retain diagnostics (378.099605ms)
✔ LOOP-063: committed input mutation during execution cannot certify the replacement (359.999666ms)
✔ LOOP-064: removing executable permission makes passing evidence stale (572.628322ms)
✔ LOOP-064: a mode-only change also invalidates the previous review after new evidence (796.748992ms)
✔ LOOP-064: changing a regular file into a link with identical identity bytes is stale (828.675497ms)
✔ LOOP-063: an unchanged candidate still records a pass despite unrelated working-tree edits (206.326932ms)
✔ LOOP-064: current and historical input ordering agrees for Unicode filenames (331.310796ms)
✔ LOOP-063: Git status hiding content changes cannot certify an uncommitted candidate (123.598286ms)
✔ LOOP-066: one check owns execution with a kernel action record (454.610628ms)
✔ LOOP-066: one check owns execution with an agent action record (389.937877ms)
✔ LOOP-066: a live lock is named and never silently overwritten (132.414601ms)
✔ LOOP-066: a dead lock is named and never silently overwritten (129.531021ms)
✔ LOOP-066: a incomplete lock is named and never silently overwritten (132.393358ms)
✔ LOOP-066: an execution error releases the check lock for a corrected rerun (451.558156ms)
✔ LOOP-066: a live kernel action from an older Cairn also blocks execution (86.494459ms)
✔ LOOP-066: separate Git worktrees can run checks independently (453.189609ms)
✔ after a green check --stale runs nothing; after one input changes it runs only that mechanism (LOOP-094) (845.46262ms)
✔ a mechanism speaking for two stale requirements runs once and refreshes both (LOOP-094, LOOP-040) (543.422546ms)
✔ a fresh failure and an unverified result are skipped with implement named (LOOP-094) (575.052517ms)
✔ --stale with a requirement identifier is refused (LOOP-094) (70.925285ms)
✔ check --stale holds back a mechanism whose requirement has three attempts and no escalation, names it, and records nothing (LOOP-094, DEC-016) (1915.308663ms)
✔ check refuses a dirty declared input and names it; a dirty undeclared file does not block (LOOP-030) (402.226375ms)
✔ check writes one receipt per run carrying the full record and a result line per requirement (LOOP-097) (277.235875ms)
✔ a nonzero exit records fail, and the receipt keeps the exit code (LOOP-034) (324.287385ms)
✔ a pass after a fail keeps the failing record; nothing is overwritten or deleted (LOOP-025) (583.455405ms)
✔ a commit changing a declared input makes evidence stale; an undeclared one does not (LOOP-007) (874.092291ms)
✔ a regression is named before a requirement that never passed (LOOP-031) (956.364171ms)
✔ three attempts with no escalation since: wake says escalate, not a fourth (DEC-016, DEC-017, DEC-018) (2129.648158ms)
✔ the review gate: no review, stale review, open finding, then Done (LOOP-020, LOOP-033) (989.958367ms)
✔ Done is refused while any requirement lacks current passing evidence (LOOP-017) (85.86546ms)
✔ check names a requested requirement that no mechanism claims (87.255741ms)
✔ check writes the in-progress record before the run and clears it after (LOOP-021) (174.832461ms)
✔ a linked declared input digests the same at a commit and in the tree (LOOP-023, LOOP-024) (384.991376ms)
✔ a result line is the mechanism's statement about one requirement; what it did not mention is unverified (LOOP-037, LOOP-052) (181.863858ms)
✔ a mechanism that says nothing is read by its exit code for every requirement (LOOP-039) (169.064274ms)
✔ unverified is not an attempt, and a return to an earlier failed digest counts once (DEC-017, DEC-018) (1498.516289ms)
✔ a result line for a requirement the mechanism does not speak for is named and writes nothing (LOOP-038) (180.1309ms)
✔ a result line inside ordinary output, or without the marker, does not count (174.500585ms)
✔ a targeted check runs the named requirements' mechanisms and records every requirement they speak for (LOOP-040) (171.6137ms)
✔ two result lines for one requirement: a fail on any line wins (153.83954ms)
✔ three runs at one digest with no attempt since: the verdict stays implement and names DEC-019; an escalation naming it among others clears the hint (DEC-019, LOOP-053) (872.231758ms)
✔ a receipt names its commit in full, and an older receipt with the short form is still read (LOOP-136) (247.298722ms)
✔ a change only to a document its declaration lists leaves the review fresh and the evidence stale; a change to another input makes the review stale (LOOP-141) (1070.769366ms)
✔ a complete commitment with an unpromoted backlog item names promote, and a stamped item lets it reach Done (LOOP-087) (906.317318ms)
✔ an empty backlog with waiting next-iteration items is Done, with the count as information and no action on them (LOOP-091) (749.83229ms)
✔ a promotion marker must resolve to a decision record (LOOP-088) (269.755222ms)
✔ a commitment promoted from an item needs a decision record naming the item (LOOP-088) (264.167798ms)
✔ the spec lint reports a promotion marker with no decision record (LOOP-088) (75.017233ms)
✔ a promoted commitment that changes an Agreed requirement or the working agreement is an escalation; an unpromoted one is not (LOOP-089, LOOP-090) (1596.967093ms)
✔ a capture from one of the commitment's own requirements needs Outside because: or an escalation (LOOP-092) (1586.325446ms)
✔ a next-iteration item names what it would change, and the capture refuses one that does not (LOOP-093) (413.416864ms)
✔ a commitment specified from a next-iteration item needs the item stamped before anything else (SPEC-027) (484.548364ms)
✔ a by deference marker resolves to a decision record like a promotion marker (SPEC-002, LOOP-088) (172.615629ms)
✔ the LOOP-090 gate reads the Concerns line, not the slug as a substring (LOOP-114) (470.32588ms)
✔ the LOOP-088 check reads the Promotes line, and decide --promotes writes it (LOOP-115) (217.223544ms)
✔ the activation commit of a promoted commitment is inside the LOOP-089 comparison (LOOP-116) (137.745352ms)
✔ the LOOP-090 route needs one escalation: its Concerns line covers the moved item too (LOOP-119, LOOP-092, LOOP-114) (600.084379ms)
✔ an escalation raised before the promoted commitment began does not silence the LOOP-090 gate (LOOP-114) (289.654016ms)
✔ an escalation raised before the commitment began does not silence the capture gate (LOOP-119) (294.206381ms)
✔ the activation commit is inside the scope footprint (LOOP-120) (99.238974ms)
✔ a requirement Agreed at activation that is demoted or removed is a contract change (LOOP-121) (560.232362ms)
✔ the include files are the root files that hold @AGENTS.md: exempt from the footprint, compared by the gate (LOOP-122) (1008.391834ms)
✔ a superseded promotion no longer satisfies the LOOP-088 check, and the repair says the promotion was reversed (LOOP-123) (448.291759ms)
✔ the restore route measures from the tree before activation, so a path the activation commit added must go (LOOP-120, LOOP-035) (169.942256ms)
✔ the loop works against exactly one commitment: the current one (LOOP-019) (368.114341ms)
✔ a promotion recorded below Consequential is a repair naming the level, since the developer never sees it in the queue (LOOP-088) (58.547291ms)
✔ every requirement the node-test declaration speaks for is named in a test title (PKG-025) (3.316935ms)
✔ every repository path the tests read is a declared input of node-test (PKG-026) (1.067088ms)
✔ writes a record with every required field and an empty realized-by (DEC-001, DEC-005) (74.69873ms)
✔ a Consequential decision is queued for review (DEC-013) (72.0139ms)
✔ a Consequential decision is queued even when .cairn/queue does not exist yet (94.953535ms)
✔ Routine is refused: routine decisions produce no record (60.765668ms)
✔ a missing field is a usage error and nothing is written (57.283189ms)
✔ supersedes requires a classified cause, and the old record must exist (161.573637ms)
✔ an existing record is not overwritten (124.268919ms)
✔ a queued decision stays queued; nothing but the developer removes it (DEC-014) (203.860572ms)
✔ each accepted decider is stored lowercase, whatever case it was typed in (DEC-020) (484.295294ms)
✔ a decider outside the vocabulary is a usage error naming all three, and nothing is written (DEC-020) (452.816691ms)
✔ an empty --decided-by is the missing-field error, not the vocabulary one (76.69628ms)
✔ LOOP-006, LOOP-067: missing inputs names a declaration repair before execution (135.623572ms)
✔ LOOP-006, LOOP-067: empty inputs names a declaration repair before execution (131.544671ms)
✔ LOOP-006, LOOP-067: missing command names a declaration repair before execution (131.183959ms)
✔ LOOP-006, LOOP-067: list command names a declaration repair before execution (141.384408ms)
✔ LOOP-006, LOOP-067: empty command names a declaration repair before execution (131.65646ms)
✔ LOOP-006, LOOP-067: missing requirements names a declaration repair before execution (134.088261ms)
✔ LOOP-006, LOOP-067: bad identifier names a declaration repair before execution (136.386586ms)
✔ LOOP-067: scalar one-item lists retain their existing meaning (277.237735ms)
✔ LOOP-068: a unpopulated gitlink is refused by name (159.772281ms)
✔ LOOP-068: a populated gitlink is refused by name (185.638633ms)
✔ LOOP-069: identical selections across 100 mechanisms use at most 20 Git processes (184.164682ms)
✔ --defect needs --from naming an Agreed requirement, and writes Defect: yes (LOOP-140) (252.843774ms)
✔ an unfixed defect is named fix before a promotable item, and counts as fixed only with passing evidence at or after its commit and no Agreed text changed (LOOP-087, LOOP-140) (1859.859433ms)
✔ escalate writes the six-line format followed by its facts, and wake presents it (LOOP-010, LOOP-026) (134.963495ms)
✔ a missing or multi-line field is refused with the field named, and nothing is written (LOOP-012) (118.757505ms)
✔ a Blocking escalation that fails the format is written anyway, naming the malformed field (LOOP-013) (120.863935ms)
✔ the loop stops for the developer only at Blocking: a recorded decision below it never yields Escalate, and the Blocking bypass must be spelled exactly (DEC-002) (257.847469ms)
✔ a second escalation while one is open is refused (LOOP-011) (118.765343ms)
✔ answer records the reply; wake no longer presents it; a second answer is refused (251.732283ms)
✔ answer to an unknown escalation is refused (63.986242ms)
✔ a stranger resumes from the file alone: question and answer are both in it (LOOP-014) (125.692182ms)
✔ a developer-shaped answer during the agent's turn is refused and writes nothing; the explanation is still accepted (LOOP-135) (621.800897ms)
✔ after an answer, the same concern can be escalated again under a new name (179.374581ms)
✔ an escalation exists when its file does, committed or not (LOOP-009) (66.266569ms)
✔ developer answers require one of the three forms and cannot inject fields (LOOP-048) (594.372139ms)
✔ ask, agent explanation, another ask, and ok stay ordered in one file (LOOP-049, LOOP-050, LOOP-014) (753.565714ms)
✔ fresh closed answers accompany only concerned requirements until new evidence (LOOP-051) (718.604443ms)
✔ a raised escalation carries no derivable status line, and an old record with one still parses (LOOP-028) (152.133429ms)
✔ LOOP-065: delete of output refuses Done and a new run recovers (1111.910947ms)
✔ LOOP-065: corrupt of output refuses Done and a new run recovers (1185.832006ms)
✔ LOOP-065: delete of stderr_output refuses Done and a new run recovers (1109.447066ms)
✔ LOOP-065: corrupt of stderr_output refuses Done and a new run recovers (945.511337ms)
✔ LOOP-065: a receipt without output needs a new check (490.07864ms)
✔ LOOP-065: a receipt without output_digest needs a new check (477.935616ms)
✔ LOOP-065: a receipt without stderr_output needs a new check (467.872036ms)
✔ LOOP-065: a receipt without stderr_digest needs a new check (422.794493ms)
✔ LOOP-065: legacy unverifiable output is rerun without rewriting history (673.274191ms)
✔ a fresh record names the kernel that wrote it (LOOP-023) (312.59303ms)
✔ LOOP-095: a record from another kernel is stale with the kernel named, and a new check restores Done (673.385571ms)
✔ LOOP-095: a record from no kernel is stale with the kernel named, and a new check restores Done (681.600539ms)
✔ LOOP-070: a later failure is latest even when the clock moves backward (888.596233ms)
✔ LOOP-070: receipt collisions at one clock instant retain execution order beyond nine suffixes (3402.293848ms)
✔ LOOP-070: imported branch receipts stale a later sequence until a new check incorporates them (1178.07594ms)
✔ LOOP-070, LOOP-098: legacy receipts need one ordered check, remain byte-for-byte unchanged, and precede the run receipt in the history (525.586543ms)
✔ LOOP-070: edit of a prior receipt requires fresh evidence (445.352216ms)
✔ LOOP-070: remove of a prior receipt requires fresh evidence (429.508449ms)
✔ LOOP-075: supporting evidence file README.md does not become a receipt (515.333634ms)
✔ LOOP-075: supporting evidence file notes.txt does not become a receipt (483.719333ms)
✔ LOOP-075: supporting evidence file support does not become a receipt (538.474887ms)
✔ LOOP-075: supporting evidence file .DS_Store does not become a receipt (496.675292ms)
✔ LOOP-075: a malformed result line (result=success) names a repair before execution (328.996832ms)
✔ LOOP-075: a malformed result line (sequence=NaN) names a repair before execution (314.488493ms)
✔ LOOP-075: a malformed result line (sequence=9007199254740992) names a repair before execution (316.923837ms)
✔ LOOP-075: a malformed result line (history_digest=wrong) names a repair before execution (319.502432ms)
✔ LOOP-075: a malformed result line (tokens) names a repair before execution (337.3633ms)
✔ LOOP-075: a receipt-shaped directory is a named repair instead of an EISDIR crash (266.960565ms)
✔ LOOP-070: an earlier escalation cannot cover three new attempts after clock rollback (946.76492ms)
✔ LOOP-070: an answer becomes old after a later check even if that check's timestamp is earlier (595.257912ms)
✔ LOOP-070: the newest answer wins between checks even when its clock timestamp is older (420.15984ms)
✔ LOOP-070: legacy escalation dates cover old receipts but not three newer sequenced runs (1287.387606ms)
✔ a PKG requirement the commitment does not name is declared, run, and gates Done (PKG-011) (1700.246557ms)
✔ a PKG requirement in a Draft spec is not folded in (491.241883ms)
✔ LOOP-076, LOOP-079: stale inputs identify the receipt and the check to run (626.157549ms)
✔ LOOP-077: names a content change using checked input identity (620.206502ms)
✔ LOOP-077: names a mode change using checked input identity (673.452533ms)
✔ LOOP-077: names a kind change using checked input identity (611.518012ms)
✔ LOOP-077: names a added change using checked input identity (598.920641ms)
✔ LOOP-077: names a removed change using checked input identity (547.609597ms)
✔ LOOP-077: names a link-target change using checked input identity (761.958264ms)
✔ LOOP-077: changed selection compares the old and new input sets (483.105039ms)
✔ LOOP-077: raw CRLF changes remain visible when Git-clean content agrees (470.297501ms)
✔ LOOP-077: detail output is sorted, bounded, and reports the omitted count (440.181736ms)
✔ LOOP-077: filenames cannot inject lines or terminal controls into explanations (374.694011ms)
✔ LOOP-077: receipts from one run share details and do not store source contents (281.180056ms)
✔ LOOP-078, LOOP-080: legacy optional detail limits explanation without changing standing (492.858957ms)
✔ LOOP-078, LOOP-080: invalid-field optional detail limits explanation without changing standing (481.147293ms)
✔ LOOP-078, LOOP-080: missing optional detail limits explanation without changing standing (481.089943ms)
✔ LOOP-078, LOOP-080: invalid-json optional detail limits explanation without changing standing (474.954101ms)
✔ LOOP-078, LOOP-080: mismatched optional detail limits explanation without changing standing (486.649322ms)
✔ LOOP-078, LOOP-080: duplicate optional detail limits explanation without changing standing (506.142445ms)
✔ LOOP-078, LOOP-080: unsafe-path optional detail limits explanation without changing standing (482.16242ms)
✔ LOOP-078, LOOP-080: directory optional detail limits explanation without changing standing (473.908992ms)
✔ LOOP-078, LOOP-080: symlink optional detail limits explanation without changing standing (474.156998ms)
✔ LOOP-078: unavailable old requirement text is not claimed as a proven change (361.856716ms)
✔ LOOP-076, LOOP-079: changed requirements identify evidence and retain review-before-check guidance (382.806969ms)
✔ LOOP-078: simultaneous input and output damage keep both reasons (390.35618ms)
✔ LOOP-080: deterministic freshness sequence seed=7 (8636.297007ms)
✔ LOOP-080: deterministic freshness sequence seed=42 (5915.81649ms)
✔ LOOP-080: deterministic freshness sequence seed=913 (4914.9739ms)
✔ LOOP-080: agreement changes, mechanism review, checks, and completion review retain priority (1239.749213ms)
✔ LOOP-080: imported receipt history demands a rerun without a false input explanation (1299.632769ms)
✔ LOOP-073: clean CRLF input completes under attributes (507.700421ms)
✔ LOOP-073: clean CRLF input completes under autocrlf (499.467428ms)
✔ LOOP-073: raw line-ending mutation during a run is rejected even when Git still sees the same content (219.734961ms)
✔ LOOP-073: execution evidence changes when clean conversion preserves committed identity (1040.218023ms)
✔ LOOP-073: Git clean filters use Git's conversion while retaining raw evidence identity (575.526527ms)
✔ LOOP-073: failure of a required Git filter cannot record evidence (118.808916ms)
✔ LOOP-073: a clean filter moving HEAD during ending validation prevents evidence (394.078819ms)
✔ LOOP-073: canonical Git identities handle links without reading their targets (470.85897ms)
✔ LOOP-073: Git conversion keeps raw Unicode and control-character input paths (409.900935ms)
✔ LOOP-073: conversion and links work in a SHA-256 Git repository (384.08219ms)
✔ LOOP-074: historical specification filename "café.md" remains reviewable (382.823998ms)
✔ LOOP-074: historical specification filename "spec\ttab.md" remains reviewable (383.181017ms)
✔ LOOP-074: historical specification filename "spec\nline.md" remains reviewable (357.62859ms)
✔ help works outside a repository without running a command (PKG-017) (952.048702ms)
✔ help does not hide invalid options or consume literal arguments (180.752082ms)
✔ help lists the lint command (PKG-017) (44.538515ms)
✔ a working directory that no longer exists is named as the failure, and git is not blamed (PKG-041, PKG-022) (161.290061ms)
✔ the stop hook refuses a stop while wake says Resolvable, with the verdict as the reason (PKG-018) (199.569128ms)
✔ the stop hook allows a stop at Done, at Escalate, and outside a Cairn repository (PKG-018) (956.490509ms)
✔ the session-start hook links the command once and prints the verdict in a Cairn repository (PKG-019, PKG-014, PKG-005) (398.716699ms)
✔ the session-start hook prints no verdict outside a Cairn repository and leaves an existing link that resolves alone (PKG-019) (64.932942ms)
✔ a checkout under a path with a space links a command that resolves, and its stop hook still blocks (PKG-019, PKG-021) (346.824985ms)
✔ the hooks run the kernel the command link resolves to, so hook and agent share one referee (PKG-021) (1026.252882ms)
✔ a dangling link is replaced and reported (PKG-019) (154.625354ms)
✔ errors exit 0 with one line on standard error and no stack trace (PKG-022) (182.640071ms)
✔ the hooks judge with the cairn on PATH, a wrapper included, and session-start names it (PKG-033) (1016.853167ms)
✔ a link to a wrapper or file is kept; a dangling link or one to a directory is replaced (PKG-034) (371.620258ms)
✔ a project below the Git toplevel gets the verdict and the stop refusal (PKG-035) (275.733387ms)
✔ a kernel that prints no verdict is one stderr line: the stop is allowed and session-start prints no trace (PKG-036) (154.72352ms)
✔ a link that cannot be created is one stderr line, and the verdict still prints (PKG-019, PKG-022) (125.737576ms)
✔ with git absent the hooks say so in one line and block nothing (PKG-022) (79.649821ms)
✔ stop_hook_active true no longer lets a Resolvable stop through: the hook still refuses (PKG-018) (134.780195ms)
✔ receipts written by the project's own kernel are judged with it, not with a different cairn on PATH (PKG-033, PKG-021) (369.028638ms)
✔ the fourth stop on an unchanged verdict, commit and tree goes through with a message and a stop record; each refusal names cairn escalate (PKG-043, PKG-044) (430.76577ms)
✔ progress resets the count, a commit or an edited file alike, and each session counts on its own (PKG-043) (1170.606697ms)
✔ no report, one for another commitment, at another commit, or at a value that is not a commit names a new reviewer; an uncommitted review is committed first (LOOP-020) (1415.784345ms)
✔ an old report re-dated, however it is edited, does not name the new commit and names a new reviewer; a new report with the same words does not (LOOP-020) (1285.403086ms)
✔ each finding is carried by the one line citing its number and beginning with its words; malformed reports are repairs (LOOP-020) (3309.700532ms)
✔ citations name their report's commit, so rounds never collide and an old line never carries a new finding; a wrapped review line is its own repair (LOOP-020) (788.219871ms)
✔ a finding that quotes a citation in its own words is carried by copying it, and an uncited wrapped line is no repair when there is nothing to carry (LOOP-020) (547.531535ms)
✔ a citation that is not last on its line is refused as such, and a finding ending with a citation is carried in the short form (LOOP-020) (838.281742ms)
✔ a report written or changed on disk but not committed is named commit, never judged as the committed one (LOOP-020) (565.805933ms)
✔ the findings list is read from the record's text: blank lines between entries, a wrapped entry, any bullet, and a blank line inside examined: lose nothing; a list after a heading stays unread (LOOP-020, LOOP-086, LOOP-071) (1161.950899ms)
✔ cairn lint runs the checker over docs/spec by default and over a named directory (PKG-028) (202.656008ms)
✔ cairn lint names a missing directory in one line, takes one argument, and reports a bad root (PKG-028) (208.592641ms)
✔ three megabytes are retained exactly once with matching digests (LOOP-041, LOOP-042) (343.337632ms)
✔ split stdout result lines survive a long non-result line; stderr is never a verdict (308.954461ms)
✔ signal termination is recorded and logs survive a clone (LOOP-043) (310.756754ms)
✔ working agreements and ignore changes are Cairn records inside the footprint (281.122419ms)
✔ a clean package passes (97.526409ms)
✔ PKG-001: a dependency, or a service manifest (159.322035ms)
✔ PKG-002: ignoring evidence or other durable state, by directory or by extension (125.195707ms)
✔ PKG-003: a command, a directory, or a record kind no decision names (207.057902ms)
✔ PKG-004: a kernel over 1900 lines, counting every file under bin/ as wc -l does; exactly 1900 passes (278.296704ms)
✔ PKG-006: a skill step naming a vendor's product, in either order, across a wrapped list item (PKG-027) (268.235211ms)
✔ PKG-008: a non-ASCII character in a tracked text file (75.774263ms)
✔ PKG-009: the kernel importing from tests (87.13629ms)
✔ PKG-012: a network call or a model client in the kernel, but not a vendor's name in text (323.612448ms)
✔ PKG-013: deferral language, but not in code, quotes, or a rule (531.442006ms)
✔ a tracked path deleted from the working tree is skipped, not a crash (85.374383ms)
✔ a sentence in a Formats section is not a record kind (76.088797ms)
✔ a record kind named by its path alone is checked (80.251557ms)
✔ PKG-002: a tracked in-progress record (71.554958ms)
✔ PKG-002: ignoring evidence alone is a finding (66.576312ms)
✔ PKG-003 reads the kernel's commands from its help output (PKG-023) (98.459182ms)
✔ the ASCII scan covers shipped files, not records under .cairn/ (PKG-024) (76.478856ms)
✔ a vendor-naming step wrapped across lines is matched (PKG-006, PKG-027) (74.443538ms)
✔ PKG-013 scans the README, the manual, and the walkthrough (PKG-032) (214.340746ms)
✔ the manifests, the listing and package.json agree on the name and version, and name paths the repository holds (PKG-037) (1.549109ms)
✔ the hooks file registers session-start and stop against the plugin's own hook.mjs through the plugin root variable (PKG-038) (0.22939ms)
✔ a Muse hook entry whose shared hook is missing prints one line and exits 0 (PKG-041, PKG-022) (93.548437ms)
✔ the registered commands print the verdict at session start, link the command into the plugin, and refuse a stop while wake says Resolvable (PKG-038, PKG-021) (304.975886ms)
✔ LOOP-071: decision body metadata does not resolve unbuilt work: "Superseded by: example" (623.724024ms)
✔ LOOP-071: decision body metadata does not resolve unbuilt work: "```text\nSuperseded by: example\n```" (594.631716ms)
✔ LOOP-071: decision body metadata does not resolve unbuilt work: "~~~text\nSuperseded by: example\n~~~" (604.710919ms)
✔ LOOP-071: a fenced realization example is not a resolving commit (620.654153ms)
✔ LOOP-071: a fenced commit inside the realization section is not built (568.884838ms)
✔ LOOP-071: ## Example cannot replace an open review finding (586.589138ms)
✔ LOOP-071: # Example cannot replace an open review finding (556.808225ms)
✔ LOOP-071: ### Example cannot replace an open review finding (504.666473ms)
✔ LOOP-071:   ## Example cannot replace an open review finding (497.953723ms)
✔ LOOP-071: Example paragraph. cannot replace an open review finding (485.358352ms)
✔ LOOP-071: Example
------- cannot replace an open review finding (441.793615ms)
✔ LOOP-071: fenced fields before a real review header are ignored (404.590118ms)
✔ LOOP-071: multiline decision --title cannot inject metadata (332.968869ms)
✔ LOOP-071: multiline decision --decided-by cannot inject metadata (331.634052ms)
✔ LOOP-071: multiline decision --rests-on cannot inject metadata (335.143785ms)
✔ LOOP-071: multiline decision --wrong-if cannot inject metadata (329.152044ms)
✔ LOOP-071: multiline decision --history cannot inject metadata (316.361203ms)
✔ LOOP-072: malformed Blocking concerns stay open: "R-001\nAnswer: ok" (82.940934ms)
✔ LOOP-072: malformed Blocking concerns stay open: "R-001\r\nAnswer: ok" (74.599606ms)
✔ LOOP-072: malformed Blocking concerns stay open: "R-001\rAnswer: ok" (99.095479ms)
✔ LOOP-072: malformed Blocking concerns stay open: "R-001 Answer: ok" (77.604071ms)
✔ LOOP-072: malformed Blocking concerns stay open: "R-001 Answer: ok" (87.536494ms)
✔ LOOP-072: ordinary malformed concerns are refused: "R-001\nR-002" (36.124421ms)
✔ LOOP-072: ordinary malformed concerns are refused: "R-001, prose" (46.684976ms)
✔ LOOP-072: ordinary malformed concerns are refused: " " (43.729557ms)
✔ LOOP-072: a Blocking escalation without concerns is still presented (91.384195ms)
✔ LOOP-072: carriage returns in a Blocking question do not create answer records (87.697023ms)
✔ LOOP-072: explanation separator 8232 cannot close an escalation (164.171249ms)
✔ LOOP-071: decision metadata refuses separator 8232 (311.846152ms)
✔ LOOP-072: explanation separator 8233 cannot close an escalation (151.856912ms)
✔ LOOP-071: decision metadata refuses separator 8233 (301.625634ms)
✔ Concerns, Rests on, and Promoted from written as lists read as the flat form (LOOP-124) (571.335388ms)
✔ an item named by filename, path, or backticked slug resolves like the slug (LOOP-125) (535.294371ms)
✔ an input that covers Cairn's own output is named as the repair, before and after a check (LOOP-126, LOOP-105) (580.712807ms)
✔ an unreadable record directory is a repair, not an error exit (LOOP-127) (70.248026ms)
✔ a title that slugifies to nothing is refused (LOOP-128) (112.195954ms)
✔ examined: [] is an empty list (LOOP-129, LOOP-108) (438.685652ms)
✔ below the Git toplevel the restore check compares root-relative paths (LOOP-130, LOOP-035) (330.002239ms)
✔ below the Git toplevel an uncommitted declared input is named from the project root (LOOP-132, LOOP-030) (210.650592ms)
✔ a value on the key line followed by list items is the first item, never dropped (LOOP-133) (592.177093ms)
✔ the footprint's walk reads Current: as the wake does: a fenced example below the real line, or a second line in history, never moves the start (LOOP-134, LOOP-035) (296.969382ms)
✔ an input spelled .. from a project below the Git toplevel covers the evidence directory (LOOP-126, LOOP-105) (79.773318ms)
✔ a Consequential record this commitment added needs its queue entry committed (LOOP-131, DEC-004) (461.592587ms)
✔ a mechanism that removes the check lock still gets its evidence, with no repair for the lock (LOOP-107) (216.357065ms)
✔ a staged rename reads as its two paths, never as a bare origin token (LOOP-030, LOOP-110) (104.92096ms)
✔ a Current: line inside a fenced example is neither a second Current: line nor the commitment, before or after the real line (LOOP-104) (192.653567ms)
✔ a Status: word is taken only from a line that carries one, never from wrapped prose after it (SPEC-018) (0.950503ms)
✔ the placeholder left above a resolving entry is a repair naming the file (DEC-021) (235.524992ms)
✔ the placeholder alone is a decision recorded and not yet built, unchanged (DEC-007) (65.974625ms)
✔ resolving entries with no placeholder are unchanged (DEC-006) (112.013433ms)
✔ a shallow clone that cannot resolve its entries is still told to fetch, not to edit (LOOP-113 keeps precedence) (130.634104ms)
✔ the placeholder quoted in a fenced example does not make a built record a repair (DEC-021) (122.075167ms)
✔ supersede takes the same decider vocabulary as decide (DEC-020) (99.118899ms)
✔ a superseded record is held to the same line: its placeholder above a resolving entry is a repair (DEC-021, DEC-010) (175.575326ms)
✔ realize() touches only the Realized by section; a body that quotes the placeholder keeps it (104.213825ms)
✔ an untracked file under a declared input is not a change under way; check still refuses beside it and names .gitignore (LOOP-110, LOOP-030) (182.946893ms)
✔ an unmatched input is refused before execution (LOOP-044) (183.50773ms)
✔ an indexed input deleted on disk asks for a commit (LOOP-045) (137.92948ms)
✔ wake and check require a Git working tree (LOOP-046) (136.905051ms)
✔ recovery removes only dead kernel run records and identifies a live owner (LOOP-054, LOOP-055) (291.912785ms)
✔ an agent action based behind a clean HEAD appears committed (LOOP-027) (176.171156ms)
✔ realization needs a real commit and a subject (DEC-006) (260.762696ms)
✔ 1500 binary inputs digest identically at the review commit in under a second (LOOP-024) (1419.973615ms)
✔ merged work is excluded but a later own commit is a breach (LOOP-047) (253.830191ms)
✔ exact Current tenure ignores prefix matches and earlier visits to the same slug (LOOP-035) (275.810025ms)
✔ a kernel run records its supervising PID (LOOP-054) (263.460906ms)
✔ a merged declared input still stales evidence (LOOP-047) (422.813594ms)
✔ wildcard and magic pathspecs select the same historical inputs (LOOP-024, LOOP-032) (2089.964032ms)
✔ historical selection retains deleted files and excludes new ones (LOOP-024, LOOP-035) (1212.515592ms)
✔ cairn --version prints the package.json version outside a repository, and help lists it (PKG-039) (167.063131ms)
✔ a release is one commit setting one version in the five files, with the changelog entry, tagged v<version> (PKG-040) (978.744308ms)
✔ the release script refuses a bad version, no increase, a dirty tree, a missing entry, a taken tag, a disagreeing file, and a loop not at Done, each in one line with nothing written (PKG-040) (1753.413152ms)
✔ a version file written as compact JSON is released, and nothing else in any version file changes (PKG-042) (1245.268753ms)
✔ with attribution forbidden, the release script refuses an unpushed commit carrying an AI attribution line (PKG-045) (546.66757ms)
✔ explicit reporting with no lines and exit 0 establishes no requirement verdicts (LOOP-061) (417.058503ms)
✔ explicit reporting with no lines and exit 1 establishes no requirement verdicts (LOOP-061) (429.147641ms)
✔ a reporter that cannot start keeps execution diagnostics without blaming requirements (LOOP-062) (246.454793ms)
✔ large output cannot kill a reporter or invent a requirement verdict (302.776793ms)
✔ explicit mode ignores cairn: R-999: pass (296.050871ms)
✔ explicit mode ignores cairn: R-001: unverified (315.69273ms)
✔ explicit mode ignores cairn: R-001: passed (284.281595ms)
✔ explicit results survive nonzero exit and contradictory duplicates still fail (582.831829ms)
✔ unverified results across changed inputs never become failed attempts (1353.749161ms)
✔ legacy exit 0 retains its interpretation (214.389934ms)
✔ legacy exit 1 retains its interpretation (196.483248ms)
✔ a misspelled reporting mode is refused before execution (105.034869ms)
✔ changed requirement blocks unchecked reruns and makes the completion review stale (LOOP-058, LOOP-059) (1704.672624ms)
✔ falsifier changes need review; separate rationale and other requirements do not change a receipt (1253.14174ms)
✔ legacy receipts recover requirement identity from their commit; unavailable history requires review (960.53977ms)
✔ check refuses uncommitted requirement text and mechanism review markers (763.065698ms)
✔ tightened response limit cannot reuse the old passing check (1322.544931ms)
✔ a declared input over 1 MiB agrees at a commit and in the tree (LOOP-060) (435.961428ms)
✔ a failed Git blob read cannot be hashed as an empty blob (367.610323ms)
✔ Git listings over 1 MiB include the last declared input (2039.774221ms)
✔ requirement identity excludes fenced examples and status dates (479.89603ms)
✔ DemonCoder REM-002 and Status in progress cannot silently satisfy the review gate (LOOP-086) (739.419089ms)
✔ valid open findings retain their behavior (456.710726ms)
✔ valid resolved findings retain their behavior (516.330324ms)
✔ valid empty findings retain their behavior (488.933169ms)
✔ valid mixed valid findings retain their behavior (446.50281ms)
✔ malformed finding "open:" requires repair (406.631245ms)
✔ malformed finding "resolved:   " requires repair (393.200571ms)
✔ malformed finding "Open: incorrect case" requires repair (395.52646ms)
✔ malformed finding "unknown: issue" requires repair (345.447074ms)
✔ malformed finding "\u001b[31mBAD: issue" requires repair (336.268759ms)
✔ the established explicit empty findings list remains valid (386.02662ms)
✔ a scalar findings value requires the supported list format (347.531917ms)
✔ check runs a mechanism when a requirement outside the commitment was revised, and asks for the review once a commitment includes it (LOOP-059) (863.074751ms)
✔ a Requirements: line written as a list is read like the flat form (LOOP-102) (108.162212ms)
✔ a subdirectory or a README in a record directory changes nothing (LOOP-103) (488.23348ms)
✔ two Current: lines are a roadmap repair (LOOP-104) (70.870743ms)
✔ a repeated identifier, an input under the evidence directory, and a missing cwd are refused by name (LOOP-105) (408.040911ms)
✔ a requirement whose evidence outlives its mechanism is named declare, not a regression or an escalation (LOOP-106) (971.103743ms)
✔ an unreadable record is a repair, not an error exit (LOOP-107) (85.111211ms)
✔ a review needs commit, a nonempty examined list, and a findings list, each named when missing (LOOP-108) (973.921276ms)
✔ a decision record missing a header field or naming a missing predecessor is a repair (LOOP-109) (303.661549ms)
✔ a dirty declared input with no in-progress record is named record ahead of run (LOOP-022, LOOP-110) (224.165225ms)
✔ with core.filemode false the index mode is the identity, so a mode-only difference does not refuse the check (LOOP-111) (219.535447ms)
✔ a project below the Git toplevel can run check (LOOP-112) (231.679289ms)
✔ a shallow clone names history to fetch, not a decision to build (LOOP-113) (133.909938ms)
✔ record-writing commands refuse to run outside a Cairn repository and write nothing (LOOP-118) (222.051024ms)
✔ a git that cannot start is one line and exit 3 from wake and from check, with nothing recorded (LOOP-137) (92.380686ms)
✔ an unexplained or uncommitted stop record is named explain before any other action; explained and committed, the wake moves on (LOOP-139) (272.353201ms)
✔ empty footprint names declaration before scope and records no evidence (LOOP-081) (520.624095ms)
✔ first declaration still checks the full earlier history (LOOP-081) (346.81061ms)
✔ an empty current footprint does not block an explicitly requested existing mechanism (LOOP-081) (302.679662ms)
✔ an inherited mechanism provides a footprint even before local mechanisms exist (243.295364ms)
✔ scope reports every path, escapes line breaks, and gives identical remedies (LOOP-082) (225.536296ms)
✔ scope verdict reuses the answered-escalation annotation (LOOP-048, LOOP-051, LOOP-083) (538.093463ms)
✔ a committed scope acknowledgment lets restored history proceed (LOOP-083) (686.067685ms)
✔ scope acknowledgment must be committed before it can clear a breach (614.891218ms)
✔ ordinary ok does not acknowledge scope history (299.461877ms)
✔ scope escalation refuses unrestored paths and names the restoration remedy (250.025414ms)
✔ an invalid scope request still records an explicitly Blocking decision (144.328111ms)
✔ ask and explanation stay open; only the final committed ok acknowledges scope (662.841346ms)
✔ instead is visible but does not silently authorize a scope exception (362.638515ms)
✔ later changes to an acknowledged path still block, including later reverts (1056.332494ms)
✔ approval cannot hide another path changed after the snapshot (349.94817ms)
✔ acknowledged history remains conditional on the paths staying restored (524.027258ms)
✔ editing the scope snapshot after answer invalidates its acknowledgment (286.581357ms)
✔ malformed scope metadata cannot suppress a breach (1359.030127ms)
✔ damaged acknowledgment fields cannot suppress a breach (532.597684ms)
✔ scope path matching is literal, including wildcard filenames and control characters (500.717416ms)
✔ scope acknowledgment does not carry into another activation of the same slug (282.948124ms)
✔ restoration checks additions, deletions, executable modes, and symlink kinds (1420.338772ms)
✔ explicit committed retention keeps correct work and requires new evidence and review (LOOP-084, LOOP-085) (1936.151636ms)
✔ a missing declaration covers correct earlier work without retention or revert (481.341472ms)
✔ keep requires scope and an unchanged committed candidate (168.619463ms)
✔ uncommitted retention and instead answers cannot clear the incident (976.317887ms)
✔ retention does not grant future edits, even when reverted to the approved tree (1244.872219ms)
✔ retention cannot cover another path or another activation (541.729797ms)
✔ imported changes must still match the retained tree (570.303664ms)
✔ retention handles additions, deletions, modes, symlinks, and literal filenames (1852.072886ms)
✔ retention cannot convert an existing restoration answer or accept an unknown mode (369.74549ms)
✔ a check failure after retention remains a failure (640.463219ms)
✔ retained paths stay part of the stable checked candidate without extending its footprint (553.926665ms)
✔ retention ask needs an explanation and final committed approval (547.395062ms)
✔ an unknown scope mode remains invalid even with a matching approval digest (284.893055ms)
✔ backlog writes the item; a second with the same title is refused, never overwritten (LOOP-016) (144.402699ms)
✔ a commit inside the footprint: check runs; outside it: check names the path and does not run (LOOP-015, LOOP-035) (548.793373ms)
✔ Cairn's records are never a breach; another file under docs/ is (LOOP-117) (640.84157ms)
✔ declaring the path as an input clears the breach (237.606486ms)
✔ a revert preserves the record of an out-of-scope commit (LOOP-047) (279.055384ms)
✔ a commitment naming a requirement the spec set does not hold as Agreed is repaired (LOOP-029) (82.078841ms)
✔ a requirement in a Draft spec file is not Agreed (78.294609ms)
✔ working agreements and the ignore file are Cairn records (LOOP-035, LOOP-036) (468.061897ms)
✔ the over-asking rule is gone from both skills (SPEC-005, SPEC-006, SPEC-007) (1.124131ms)
✔ a decision during the phase is recorded (DEC-003) (0.110832ms)
✔ understanding is restated before writing (SPEC-003) (0.077994ms)
✔ falsifiers are proposed as one set and confirmed by exception (SPEC-004) (0.113599ms)
✔ depth is inferred and domains derived, never asked or imposed (SPEC-008, SPEC-009) (0.082596ms)
✔ a term enters the glossary at first occurrence (SPEC-010) (0.072576ms)
✔ the phase ends at the first commitment, and later ones are specified during the loop (SPEC-011, SPEC-012) (0.054988ms)
✔ a requirement goes Agreed only with a nameable mechanism (SPEC-013) (0.064483ms)
✔ review before agreement, recording what it attacked (SPEC-014, SPEC-015) (0.066723ms)
✔ no spec file without requirements; nothing Agreed without a falsifier (SPEC-001, SPEC-002) (0.147752ms)
✔ Observed is marked, and is not contract (SPEC-016, SPEC-017) (0.115187ms)
✔ the skills exclude artifacts outside Cairn's workflow (0.168323ms)
✔ the working agreement names the agent's move for each verdict and the write-ahead record (LOOP-036) (0.20287ms)
✔ the working agreement names the developer's moves (LOOP-036, DEC-014) (0.08354ms)
✔ this repository runs by the file it ships (0.361848ms)
✔ both skills write the working agreement without naming a vendor's file (LOOP-002, LOOP-036, PKG-006) (0.117512ms)
✔ the working agreement says what an attempt is (LOOP-036, DEC-017, DEC-018) (1.167038ms)
✔ the working agreement says a failure no footprint change can address is an escalation, and where an inherited requirement is repaired (DEC-019, LOOP-057) (0.119729ms)
✔ the working agreement states the promote, next-iteration, and no-deferral moves (LOOP-029, LOOP-087, LOOP-091, LOOP-092) (0.064638ms)
✔ both skills sort captures into the backlog or next-iteration and forbid deferral (LOOP-029, LOOP-092, LOOP-093) (0.049652ms)
✔ the skill requires a falsifier on every requirement, a MAY included (SPEC-025) (0.047575ms)
✔ the working agreement names the hooks as optional and the install skill registers them for two harnesses (PKG-006, PKG-018, PKG-019) (0.218891ms)
✔ the working agreement says the kernel is upgraded at Done, never inside a commitment (LOOP-096) (0.040055ms)
✔ the next-iteration skill starts from the specification and ends by naming the next commitment (SPEC-026, SPEC-027) (0.182652ms)
✔ every document that names the project skills names next-iteration beside them (SPEC-026, PKG-014) (2.234106ms)
✔ the working agreement states a move for every action the kernel can name (LOOP-101) (1.495282ms)
✔ the working agreement states both record formats and the two flags the moves need (LOOP-036) (0.137019ms)
✔ the skills demonstrate a safe violating example and preserve recon findings (SPEC-022, SPEC-023) (0.047015ms)
✔ the specification skills run the checker through the cairn command (PKG-029) (0.186938ms)
✔ the README invokes the phase skills by name and states versions and platforms (PKG-030, PKG-031) (0.304943ms)
✔ the manual and the walkthrough say the loop promotes backlog items at Done (4.309264ms)
✔ the working agreement says a report is not work under way, its findings are captured, and it is committed with them (LOOP-138) (0.115316ms)
✔ a two-obligation sentence is named (PKG-007) (40.879543ms)
✔ an obligation with no actor is named (PKG-010) (39.948702ms)
✔ a leading condition clause is not the actor, and the actor after it counts (34.955789ms)
✔ an Agreed requirement with no falsifier is named (SPEC-002); a Draft one is not (77.576757ms)
✔ prose after a Draft requirement with no falsifier is not scanned as requirement text (38.254011ms)
✔ a spec declaring a prefix with no requirement is named (SPEC-001) (36.293887ms)
✔ a keyword in backticks or quotes is a mention, not an obligation (36.592579ms)
✔ duplicate identifiers are rejected within a file and across files (SPEC-020) (96.819201ms)
✔ references resolve across files; missing references name their source (SPEC-021) (79.893083ms)
✔ code examples and quoted mentions are neither definitions nor references (36.861218ms)
✔ machine-local paths are findings in prose, links, quotes, and examples (SPEC-019) (399.114361ms)
✔ relative paths, URLs, slash commands, and character mentions are not absolute path findings (47.233764ms)
✔ a slash after a placeholder continues the template (SPEC-019) (72.264953ms)
✔ a host path is a finding until the file declares it (SPEC-019, SPEC-024) (67.151361ms)
✔ declared host paths cover children with a slash boundary and stay file-local (115.24669ms)
✔ a host-path declaration inside a requirement or example grants no exception (111.040925ms)
✔ host-path declarations require absolute or home-relative entries (202.374677ms)
✔ an Agreed block whose only keyword is MAY needs a falsifier like any other (SPEC-025, SPEC-002) (72.13378ms)
✔ a regex literal is not a path, a drive path and a file URL are, and a skill's slash name is allowed (SPEC-028, SPEC-029) (73.363911ms)
✔ a backticked or quoted actor still counts as one (PKG-010) (47.80556ms)
✔ supersede writes both lines, and the old record keeps every word it had (DEC-008, DEC-010) (87.000943ms)
✔ supersede without a cause, or with one outside the four, is refused (DEC-009) (113.823075ms)
✔ supersede of a record that does not exist is refused (68.806655ms)
✔ a predecessor with no title line cannot be stamped, so nothing is written (81.693866ms)
✔ a --supersedes argument outside the slug alphabet is refused, and a path never reaches the filesystem (DEC-022) (219.871907ms)
✔ a record already superseded cannot be superseded again: one Superseded by line per record (DEC-022, DEC-010) (194.67916ms)
✔ reversals reports counts by decider, cause, and domain (DEC-011) (152.990735ms)
✔ decide in a domain with a reversal is refused without --history, naming the reversal; with it, the record carries History (DEC-012) (190.589114ms)
✔ decide in a domain with no reversals needs no --history (129.427268ms)
✔ a record resting on prose alone is in the domain unspecified, and so is the next one (111.768411ms)
✔ the decider tally normalizes case and whitespace, and names a value outside the vocabulary (DEC-020, DEC-011) (79.814097ms)
✔ a record with no Decided by line is tallied as unrecorded, not as a vocabulary value (73.540552ms)
✔ Decided by written as a list tallies like the flat form, and does not crash the report (LOOP-124, DEC-020) (73.655586ms)
✔ a second declaration for one requirement is accepted, a named check runs every mechanism, and Done needs each to pass (LOOP-056, LOOP-099) (1906.687201ms)
✔ one mechanism's stale evidence names that mechanism, and --stale runs only it (LOOP-056, LOOP-094) (715.684405ms)
✔ attempts are counted within one mechanism's records, so the other's passes do not reset them (LOOP-100, DEC-016) (1338.917359ms)
✔ step 1: an in-progress record is reconciled before anything else (90.514072ms)
✔ step 2: an open escalation is presented and nothing else happens (82.986615ms)
✔ an answered escalation is not open (507.627627ms)
✔ step 3: a decision with no realized-by is built, first by name (DEC-007) (89.926769ms)
✔ a superseded decision with no realized-by is not work (103.984846ms)
✔ step 6: a mechanism that has never run is run, not implemented (LOOP-008) (116.269986ms)
✔ step 6: a requirement whose mechanism fails is implemented (456.606253ms)
✔ step 6 before step 7: failing evidence outranks a missing mechanism (334.001386ms)
✔ step 7: a requirement with no mechanism is declared (LOOP-106) (86.686171ms)
✔ every verdict names who acts: Resolvable is the agent's, Done needs nobody, Escalate waits for the developer (LOOP-004) (527.204373ms)
✔ malformed roadmap is Resolvable, not fatal (LOOP-005) (63.575174ms)
✔ a commitment naming no requirements is Resolvable (LOOP-018) (56.199265ms)
✔ the primary test: two wakes on the same checkout give the same action, before and after a persisted transition (LOOP-001, LOOP-003) (520.741342ms)
✔ outside a cairn repository wake cannot run (35.599516ms)
✔ the loop never waits on the review queue (DEC-015) (350.739955ms)
✔ twenty built records cost one git call to resolve, not twenty (DEC-023) (165.492529ms)
✔ an ambiguous Realized by identifier is the repair that says lengthen it, not a build (LOOP-113, DEC-023) (174.387192ms)
✔ the linked walkthrough runs from agreement through the next commitment (PKG-016) (1239.149856ms)
ℹ tests 509
ℹ suites 0
ℹ pass 509
ℹ fail 0
ℹ cancelled 0
ℹ skipped 0
ℹ todo 0
ℹ duration_ms 22099.131104
