✔ a Draft block overrides an Agreed file for both wake and check (SPEC-018) (177.270696ms)
✔ an Agreed block overrides a Draft file in the kernel and lint (SPEC-018, SPEC-002) (551.199017ms)
✔ a block Status does not become the file default, including inside examples (SPEC-018) (342.416672ms)
✔ block status without a value does not inherit Agreed by accident (SPEC-018) (74.685463ms)
✔ inheritance needs a file Scope and includes only Agreed blocks, regardless of prefix (PKG-015) (1860.707605ms)
✔ Scope inside a requirement or fenced example does not declare inheritance (PKG-015) (848.952144ms)
✔ a falsifier wrapped onto a line beginning with Status: does not become the block's status (SPEC-018) (1.133764ms)
✔ with attribution forbidden, an unpushed commit carrying an AI attribution line is named reword before any work; without the policy, or once pushed, it is not (PKG-045) (384.988293ms)
✔ each attribution form is caught, a prose mention is not, and the oldest attributed commit is named first (PKG-045) (564.308742ms)
✔ LOOP-063: reject input mutation during a check and retain diagnostics (382.87729ms)
✔ LOOP-063: reject deletion mutation during a check and retain diagnostics (407.271768ms)
✔ LOOP-063: reject addition mutation during a check and retain diagnostics (376.505834ms)
✔ LOOP-063: reject mode mutation during a check and retain diagnostics (377.605087ms)
✔ LOOP-063: reject specification mutation during a check and retain diagnostics (392.396797ms)
✔ LOOP-063: reject declaration mutation during a check and retain diagnostics (398.679572ms)
✔ LOOP-063: reject commit mutation during a check and retain diagnostics (412.691019ms)
✔ LOOP-063: committed input mutation during execution cannot certify the replacement (401.93726ms)
✔ LOOP-064: removing executable permission makes passing evidence stale (582.352147ms)
✔ LOOP-064: a mode-only change also invalidates the previous review after new evidence (772.54977ms)
✔ LOOP-064: changing a regular file into a link with identical identity bytes is stale (832.398483ms)
✔ LOOP-063: an unchanged candidate still records a pass despite unrelated working-tree edits (208.343628ms)
✔ LOOP-064: current and historical input ordering agrees for Unicode filenames (358.323096ms)
✔ LOOP-063: Git status hiding content changes cannot certify an uncommitted candidate (132.363157ms)
✔ LOOP-066: one check owns execution with a kernel action record (381.208487ms)
✔ LOOP-066: one check owns execution with an agent action record (409.277707ms)
✔ LOOP-066: a live lock is named and never silently overwritten (143.462168ms)
✔ LOOP-066: a dead lock is named and never silently overwritten (129.963947ms)
✔ LOOP-066: a incomplete lock is named and never silently overwritten (128.521987ms)
✔ LOOP-066: an execution error releases the check lock for a corrected rerun (457.215272ms)
✔ LOOP-066: a live kernel action from an older Cairn also blocks execution (83.496626ms)
✔ LOOP-066: separate Git worktrees can run checks independently (468.288052ms)
✔ after a green check --stale runs nothing; after one input changes it runs only that mechanism (LOOP-094) (858.716847ms)
✔ a mechanism speaking for two stale requirements runs once and refreshes both (LOOP-094, LOOP-040) (582.586717ms)
✔ a fresh failure and an unverified result are skipped with implement named (LOOP-094) (587.936547ms)
✔ --stale with a requirement identifier is refused (LOOP-094) (71.005177ms)
✔ check --stale holds back a mechanism whose requirement has three attempts and no escalation, names it, and records nothing (LOOP-094, DEC-016) (1917.007936ms)
✔ check refuses a dirty declared input and names it; a dirty undeclared file does not block (LOOP-030) (407.287884ms)
✔ check writes one receipt per run carrying the full record and a result line per requirement (LOOP-097) (282.344126ms)
✔ a nonzero exit records fail, and the receipt keeps the exit code (LOOP-034) (320.254742ms)
✔ a pass after a fail keeps the failing record; nothing is overwritten or deleted (LOOP-025) (598.370113ms)
✔ a commit changing a declared input makes evidence stale; an undeclared one does not (LOOP-007) (858.347549ms)
✔ a regression is named before a requirement that never passed (LOOP-031) (1036.480456ms)
✔ three attempts with no escalation since: wake says escalate, not a fourth (DEC-016, DEC-017, DEC-018) (2128.969858ms)
✔ the review gate: no review, stale review, open finding, then Done (LOOP-020, LOOP-033) (1023.648338ms)
✔ Done is refused while any requirement lacks current passing evidence (LOOP-017) (100.669648ms)
✔ check names a requested requirement that no mechanism claims (94.945286ms)
✔ check writes the in-progress record before the run and clears it after (LOOP-021) (181.0336ms)
✔ a linked declared input digests the same at a commit and in the tree (LOOP-023, LOOP-024) (386.459322ms)
✔ a result line is the mechanism's statement about one requirement; what it did not mention is unverified (LOOP-037, LOOP-052) (170.552644ms)
✔ a mechanism that says nothing is read by its exit code for every requirement (LOOP-039) (162.933337ms)
✔ unverified is not an attempt, and a return to an earlier failed digest counts once (DEC-017, DEC-018) (1505.737353ms)
✔ a result line for a requirement the mechanism does not speak for is named and writes nothing (LOOP-038) (166.775045ms)
✔ a result line inside ordinary output, or without the marker, does not count (169.58564ms)
✔ a targeted check runs the named requirements' mechanisms and records every requirement they speak for (LOOP-040) (168.016928ms)
✔ two result lines for one requirement: a fail on any line wins (163.14995ms)
✔ three runs at one digest with no attempt since: the verdict stays implement and names DEC-019; an escalation naming it among others clears the hint (DEC-019, LOOP-053) (850.759098ms)
✔ a receipt names its commit in full, and an older receipt with the short form is still read (LOOP-136) (259.034523ms)
✔ a change only to a document its declaration lists leaves the review fresh and the evidence stale; a change to another input makes the review stale (LOOP-141) (1075.826299ms)
✔ a complete commitment with an unpromoted backlog item names promote, and a stamped item lets it reach Done (LOOP-087) (931.253652ms)
✔ an empty backlog with waiting next-iteration items is Done, with the count as information and no action on them (LOOP-091) (772.536198ms)
✔ a promotion marker must resolve to a decision record (LOOP-088) (282.012354ms)
✔ a commitment promoted from an item needs a decision record naming the item (LOOP-088) (268.647558ms)
✔ the spec lint reports a promotion marker with no decision record (LOOP-088) (81.01435ms)
✔ a promoted commitment that changes an Agreed requirement or the working agreement is an escalation; an unpromoted one is not (LOOP-089, LOOP-090) (1570.849187ms)
✔ a capture from one of the commitment's own requirements needs Outside because: or an escalation (LOOP-092) (1609.358667ms)
✔ a next-iteration item names what it would change, and the capture refuses one that does not (LOOP-093) (433.483394ms)
✔ a commitment specified from a next-iteration item needs the item stamped before anything else (SPEC-027) (488.266014ms)
✔ a by deference marker resolves to a decision record like a promotion marker (SPEC-002, LOOP-088) (176.10945ms)
✔ the LOOP-090 gate reads the Concerns line, not the slug as a substring (LOOP-114) (525.819467ms)
✔ the LOOP-088 check reads the Promotes line, and decide --promotes writes it (LOOP-115) (216.333246ms)
✔ the activation commit of a promoted commitment is inside the LOOP-089 comparison (LOOP-116) (132.484672ms)
✔ the LOOP-090 route needs one escalation: its Concerns line covers the moved item too (LOOP-119, LOOP-092, LOOP-114) (609.121967ms)
✔ an escalation raised before the promoted commitment began does not silence the LOOP-090 gate (LOOP-114) (314.600728ms)
✔ an escalation raised before the commitment began does not silence the capture gate (LOOP-119) (311.870478ms)
✔ the activation commit is inside the scope footprint (LOOP-120) (91.022519ms)
✔ a requirement Agreed at activation that is demoted or removed is a contract change (LOOP-121) (553.986837ms)
✔ the include files are the root files that hold @AGENTS.md: exempt from the footprint, compared by the gate (LOOP-122) (1045.211894ms)
✔ a superseded promotion no longer satisfies the LOOP-088 check, and the repair says the promotion was reversed (LOOP-123) (459.71375ms)
✔ the restore route measures from the tree before activation, so a path the activation commit added must go (LOOP-120, LOOP-035) (174.059452ms)
✔ the loop works against exactly one commitment: the current one (LOOP-019) (373.459226ms)
✔ a promotion recorded below Consequential is a repair naming the level, since the developer never sees it in the queue (LOOP-088) (54.670668ms)
✔ every requirement the node-test declaration speaks for is named in a test title (PKG-025) (1.709246ms)
✔ every repository path the tests read is a declared input of node-test (PKG-026) (0.64254ms)
✔ writes a record with every required field and an empty realized-by (DEC-001, DEC-005) (59.517335ms)
✔ a Consequential decision is queued for review (DEC-013) (93.419939ms)
✔ a Consequential decision is queued even when .cairn/queue does not exist yet (86.228776ms)
✔ Routine is refused: routine decisions produce no record (69.554545ms)
✔ a missing field is a usage error and nothing is written (65.177799ms)
✔ supersedes requires a classified cause, and the old record must exist (181.174368ms)
✔ an existing record is not overwritten (104.935632ms)
✔ a queued decision stays queued; nothing but the developer removes it (DEC-014) (206.371138ms)
✔ each accepted decider is stored lowercase, whatever case it was typed in (DEC-020) (526.44201ms)
✔ a decider outside the vocabulary is a usage error naming all three, and nothing is written (DEC-020) (409.538462ms)
✔ an empty --decided-by is the missing-field error, not the vocabulary one (77.256657ms)
✔ LOOP-006, LOOP-067: missing inputs names a declaration repair before execution (139.811336ms)
✔ LOOP-006, LOOP-067: empty inputs names a declaration repair before execution (132.236053ms)
✔ LOOP-006, LOOP-067: missing command names a declaration repair before execution (155.054ms)
✔ LOOP-006, LOOP-067: list command names a declaration repair before execution (153.71218ms)
✔ LOOP-006, LOOP-067: empty command names a declaration repair before execution (149.829006ms)
✔ LOOP-006, LOOP-067: missing requirements names a declaration repair before execution (119.268419ms)
✔ LOOP-006, LOOP-067: bad identifier names a declaration repair before execution (145.621176ms)
✔ LOOP-067: scalar one-item lists retain their existing meaning (254.673508ms)
✔ LOOP-068: a unpopulated gitlink is refused by name (152.354969ms)
✔ LOOP-068: a populated gitlink is refused by name (181.60809ms)
✔ LOOP-069: identical selections across 100 mechanisms use at most 20 Git processes (147.917518ms)
✔ --defect needs --from naming an Agreed requirement, and writes Defect: yes (LOOP-140) (265.33074ms)
✔ an unfixed defect is named fix before a promotable item, and counts as fixed only with passing evidence at or after its commit and no Agreed text changed (LOOP-087, LOOP-140) (1949.320308ms)
✔ escalate writes the six-line format followed by its facts, and wake presents it (LOOP-010, LOOP-026) (125.489632ms)
✔ a missing or multi-line field is refused with the field named, and nothing is written (LOOP-012) (126.717697ms)
✔ a Blocking escalation that fails the format is written anyway, naming the malformed field (LOOP-013) (134.947733ms)
✔ the loop stops for the developer only at Blocking: a recorded decision below it never yields Escalate, and the Blocking bypass must be spelled exactly (DEC-002) (300.908668ms)
✔ a second escalation while one is open is refused (LOOP-011) (131.883409ms)
✔ answer records the reply; wake no longer presents it; a second answer is refused (265.351302ms)
✔ answer to an unknown escalation is refused (70.507254ms)
✔ a stranger resumes from the file alone: question and answer are both in it (LOOP-014) (123.115208ms)
✔ a developer-shaped answer during the agent's turn is refused and writes nothing; the explanation is still accepted (LOOP-135) (606.719615ms)
✔ after an answer, the same concern can be escalated again under a new name (183.688331ms)
✔ an escalation exists when its file does, committed or not (LOOP-009) (89.947394ms)
✔ developer answers require one of the three forms and cannot inject fields (LOOP-048) (588.579986ms)
✔ ask, agent explanation, another ask, and ok stay ordered in one file (LOOP-049, LOOP-050, LOOP-014) (776.567289ms)
✔ fresh closed answers accompany only concerned requirements until new evidence (LOOP-051) (647.893137ms)
✔ a raised escalation carries no derivable status line, and an old record with one still parses (LOOP-028) (158.485683ms)
✔ LOOP-065: delete of output refuses Done and a new run recovers (1184.931553ms)
✔ LOOP-065: corrupt of output refuses Done and a new run recovers (1127.458585ms)
✔ LOOP-065: delete of stderr_output refuses Done and a new run recovers (1111.140938ms)
✔ LOOP-065: corrupt of stderr_output refuses Done and a new run recovers (919.306473ms)
✔ LOOP-065: a receipt without output needs a new check (482.864102ms)
✔ LOOP-065: a receipt without output_digest needs a new check (453.135043ms)
✔ LOOP-065: a receipt without stderr_output needs a new check (453.369725ms)
✔ LOOP-065: a receipt without stderr_digest needs a new check (411.615953ms)
✔ LOOP-065: legacy unverifiable output is rerun without rewriting history (718.318268ms)
✔ a fresh record names the kernel that wrote it (LOOP-023) (318.878588ms)
✔ LOOP-095: a record from another kernel is stale with the kernel named, and a new check restores Done (677.773601ms)
✔ LOOP-095: a record from no kernel is stale with the kernel named, and a new check restores Done (704.04571ms)
✔ LOOP-070: a later failure is latest even when the clock moves backward (897.858128ms)
✔ LOOP-070: receipt collisions at one clock instant retain execution order beyond nine suffixes (3436.570917ms)
✔ LOOP-070: imported branch receipts stale a later sequence until a new check incorporates them (1150.710302ms)
✔ LOOP-070, LOOP-098: legacy receipts need one ordered check, remain byte-for-byte unchanged, and precede the run receipt in the history (552.275434ms)
✔ LOOP-070: edit of a prior receipt requires fresh evidence (450.179408ms)
✔ LOOP-070: remove of a prior receipt requires fresh evidence (439.289618ms)
✔ LOOP-075: supporting evidence file README.md does not become a receipt (503.418298ms)
✔ LOOP-075: supporting evidence file notes.txt does not become a receipt (506.694864ms)
✔ LOOP-075: supporting evidence file support does not become a receipt (464.401459ms)
✔ LOOP-075: supporting evidence file .DS_Store does not become a receipt (496.931694ms)
✔ LOOP-075: a malformed result line (result=success) names a repair before execution (333.545454ms)
✔ LOOP-075: a malformed result line (sequence=NaN) names a repair before execution (318.775519ms)
✔ LOOP-075: a malformed result line (sequence=9007199254740992) names a repair before execution (333.517273ms)
✔ LOOP-075: a malformed result line (history_digest=wrong) names a repair before execution (323.82062ms)
✔ LOOP-075: a malformed result line (tokens) names a repair before execution (326.373492ms)
✔ LOOP-075: a receipt-shaped directory is a named repair instead of an EISDIR crash (272.403676ms)
✔ LOOP-070: an earlier escalation cannot cover three new attempts after clock rollback (937.120446ms)
✔ LOOP-070: an answer becomes old after a later check even if that check's timestamp is earlier (607.870059ms)
✔ LOOP-070: the newest answer wins between checks even when its clock timestamp is older (388.459782ms)
✔ LOOP-070: legacy escalation dates cover old receipts but not three newer sequenced runs (1223.907403ms)
✔ a PKG requirement the commitment does not name is declared, run, and gates Done (PKG-011) (1682.094685ms)
✔ a PKG requirement in a Draft spec is not folded in (514.594043ms)
✔ LOOP-076, LOOP-079: stale inputs identify the receipt and the check to run (660.897517ms)
✔ LOOP-077: names a content change using checked input identity (617.927637ms)
✔ LOOP-077: names a mode change using checked input identity (635.348797ms)
✔ LOOP-077: names a kind change using checked input identity (645.976479ms)
✔ LOOP-077: names a added change using checked input identity (628.081372ms)
✔ LOOP-077: names a removed change using checked input identity (551.061547ms)
✔ LOOP-077: names a link-target change using checked input identity (779.168626ms)
✔ LOOP-077: changed selection compares the old and new input sets (469.272409ms)
✔ LOOP-077: raw CRLF changes remain visible when Git-clean content agrees (460.524305ms)
✔ LOOP-077: detail output is sorted, bounded, and reports the omitted count (466.93633ms)
✔ LOOP-077: filenames cannot inject lines or terminal controls into explanations (397.104525ms)
✔ LOOP-077: receipts from one run share details and do not store source contents (292.588679ms)
✔ LOOP-078, LOOP-080: legacy optional detail limits explanation without changing standing (476.827117ms)
✔ LOOP-078, LOOP-080: invalid-field optional detail limits explanation without changing standing (484.69112ms)
✔ LOOP-078, LOOP-080: missing optional detail limits explanation without changing standing (482.273996ms)
✔ LOOP-078, LOOP-080: invalid-json optional detail limits explanation without changing standing (504.416983ms)
✔ LOOP-078, LOOP-080: mismatched optional detail limits explanation without changing standing (481.60079ms)
✔ LOOP-078, LOOP-080: duplicate optional detail limits explanation without changing standing (470.586509ms)
✔ LOOP-078, LOOP-080: unsafe-path optional detail limits explanation without changing standing (463.59322ms)
✔ LOOP-078, LOOP-080: directory optional detail limits explanation without changing standing (475.363339ms)
✔ LOOP-078, LOOP-080: symlink optional detail limits explanation without changing standing (495.69667ms)
✔ LOOP-078: unavailable old requirement text is not claimed as a proven change (385.161427ms)
✔ LOOP-076, LOOP-079: changed requirements identify evidence and retain review-before-check guidance (362.886973ms)
✔ LOOP-078: simultaneous input and output damage keep both reasons (410.3116ms)
✔ LOOP-080: deterministic freshness sequence seed=7 (8818.51225ms)
✔ LOOP-080: deterministic freshness sequence seed=42 (5682.045112ms)
✔ LOOP-080: deterministic freshness sequence seed=913 (4919.582746ms)
✔ LOOP-080: agreement changes, mechanism review, checks, and completion review retain priority (1304.696776ms)
✔ LOOP-080: imported receipt history demands a rerun without a false input explanation (1298.343448ms)
✔ LOOP-073: clean CRLF input completes under attributes (497.331457ms)
✔ LOOP-073: clean CRLF input completes under autocrlf (535.152227ms)
✔ LOOP-073: raw line-ending mutation during a run is rejected even when Git still sees the same content (214.614856ms)
✔ LOOP-073: execution evidence changes when clean conversion preserves committed identity (996.500498ms)
✔ LOOP-073: Git clean filters use Git's conversion while retaining raw evidence identity (594.600972ms)
✔ LOOP-073: failure of a required Git filter cannot record evidence (124.58777ms)
✔ LOOP-073: a clean filter moving HEAD during ending validation prevents evidence (393.279231ms)
✔ LOOP-073: canonical Git identities handle links without reading their targets (443.160608ms)
✔ LOOP-073: Git conversion keeps raw Unicode and control-character input paths (382.77794ms)
✔ LOOP-073: conversion and links work in a SHA-256 Git repository (402.028682ms)
✔ LOOP-074: historical specification filename "café.md" remains reviewable (423.202042ms)
✔ LOOP-074: historical specification filename "spec\ttab.md" remains reviewable (377.266586ms)
✔ LOOP-074: historical specification filename "spec\nline.md" remains reviewable (376.730898ms)
✔ help works outside a repository without running a command (PKG-017) (909.528062ms)
✔ help does not hide invalid options or consume literal arguments (179.930655ms)
✔ help lists the lint command (PKG-017) (37.767838ms)
✔ a working directory that no longer exists is named as the failure, and git is not blamed (PKG-041, PKG-022) (173.471956ms)
✔ the stop hook refuses a stop while wake says Resolvable, with the verdict as the reason (PKG-018) (215.227253ms)
✔ the stop hook allows a stop at Done, at Escalate, and outside a Cairn repository (PKG-018) (963.921925ms)
✔ the session-start hook links the command once and prints the verdict in a Cairn repository (PKG-019, PKG-014, PKG-005) (422.037876ms)
✔ the session-start hook prints no verdict outside a Cairn repository and leaves an existing link that resolves alone (PKG-019) (61.212698ms)
✔ a checkout under a path with a space links a command that resolves, and its stop hook still blocks (PKG-019, PKG-021) (340.332487ms)
✔ the hooks run the kernel the command link resolves to, so hook and agent share one referee (PKG-021) (1098.614273ms)
✔ a dangling link is replaced and reported (PKG-019) (156.340077ms)
✔ errors exit 0 with one line on standard error and no stack trace (PKG-022) (183.150301ms)
✔ the hooks judge with the cairn on PATH, a wrapper included, and session-start names it (PKG-033) (959.347238ms)
✔ a link to a wrapper or file is kept; a dangling link or one to a directory is replaced (PKG-034) (370.980042ms)
✔ a project below the Git toplevel gets the verdict and the stop refusal (PKG-035) (278.691915ms)
✔ a kernel that prints no verdict is one stderr line: the stop is allowed and session-start prints no trace (PKG-036) (155.414493ms)
✔ a link that cannot be created is one stderr line, and the verdict still prints (PKG-019, PKG-022) (126.485094ms)
✔ with git absent the hooks say so in one line and block nothing (PKG-022) (81.303619ms)
✔ stop_hook_active true no longer lets a Resolvable stop through: the hook still refuses (PKG-018) (130.153436ms)
✔ receipts written by the project's own kernel are judged with it, not with a different cairn on PATH (PKG-033, PKG-021) (369.522969ms)
✔ the fourth stop on an unchanged verdict, commit and tree goes through with a message and a stop record; each refusal names cairn escalate (PKG-043, PKG-044) (410.012499ms)
✔ progress resets the count, a commit or an edited file alike, and each session counts on its own (PKG-043) (1120.783068ms)
✔ no report, one for another commitment, at another commit, or at a value that is not a commit names a new reviewer; an uncommitted review is committed first (LOOP-020) (1474.238303ms)
✔ an old report re-dated, however it is edited, does not name the new commit and names a new reviewer; a new report with the same words does not (LOOP-020) (1298.470354ms)
✔ each finding is carried by the one line citing its number and beginning with its words; malformed reports are repairs (LOOP-020) (3301.793111ms)
✔ citations name their report's commit, so rounds never collide and an old line never carries a new finding; a wrapped review line is its own repair (LOOP-020) (814.088494ms)
✔ a finding that quotes a citation in its own words is carried by copying it, and an uncited wrapped line is no repair when there is nothing to carry (LOOP-020) (510.388124ms)
✔ a citation that is not last on its line is refused as such, and a finding ending with a citation is carried in the short form (LOOP-020) (775.198988ms)
✔ cairn lint runs the checker over docs/spec by default and over a named directory (PKG-028) (247.457103ms)
✔ cairn lint names a missing directory in one line, takes one argument, and reports a bad root (PKG-028) (218.748026ms)
✔ three megabytes are retained exactly once with matching digests (LOOP-041, LOOP-042) (332.199125ms)
✔ split stdout result lines survive a long non-result line; stderr is never a verdict (313.362438ms)
✔ signal termination is recorded and logs survive a clone (LOOP-043) (310.628781ms)
✔ working agreements and ignore changes are Cairn records inside the footprint (311.55237ms)
✔ a clean package passes (73.308712ms)
✔ PKG-001: a dependency, or a service manifest (154.638842ms)
✔ PKG-002: ignoring evidence or other durable state, by directory or by extension (122.604971ms)
✔ PKG-003: a command, a directory, or a record kind no decision names (219.579336ms)
✔ PKG-004: a kernel over 1900 lines, counting every file under bin/ as wc -l does; exactly 1900 passes (296.309488ms)
✔ PKG-006: a skill step naming a vendor's product, in either order, across a wrapped list item (PKG-027) (299.361533ms)
✔ PKG-008: a non-ASCII character in a tracked text file (64.157333ms)
✔ PKG-009: the kernel importing from tests (68.480874ms)
✔ PKG-012: a network call or a model client in the kernel, but not a vendor's name in text (288.999414ms)
✔ PKG-013: deferral language, but not in code, quotes, or a rule (538.673064ms)
✔ a tracked path deleted from the working tree is skipped, not a crash (76.935565ms)
✔ a sentence in a Formats section is not a record kind (72.931731ms)
✔ a record kind named by its path alone is checked (75.773679ms)
✔ PKG-002: a tracked in-progress record (66.683895ms)
✔ PKG-002: ignoring evidence alone is a finding (60.384527ms)
✔ PKG-003 reads the kernel's commands from its help output (PKG-023) (113.5906ms)
✔ the ASCII scan covers shipped files, not records under .cairn/ (PKG-024) (92.417754ms)
✔ a vendor-naming step wrapped across lines is matched (PKG-006, PKG-027) (73.090034ms)
✔ PKG-013 scans the README, the manual, and the walkthrough (PKG-032) (215.608644ms)
✔ the manifests, the listing and package.json agree on the name and version, and name paths the repository holds (PKG-037) (2.112545ms)
✔ the hooks file registers session-start and stop against the plugin's own hook.mjs through the plugin root variable (PKG-038) (0.251276ms)
✔ a Muse hook entry whose shared hook is missing prints one line and exits 0 (PKG-041, PKG-022) (72.845476ms)
✔ the registered commands print the verdict at session start, link the command into the plugin, and refuse a stop while wake says Resolvable (PKG-038, PKG-021) (332.885625ms)
✔ LOOP-071: decision body metadata does not resolve unbuilt work: "Superseded by: example" (624.796165ms)
✔ LOOP-071: decision body metadata does not resolve unbuilt work: "```text\nSuperseded by: example\n```" (596.087668ms)
✔ LOOP-071: decision body metadata does not resolve unbuilt work: "~~~text\nSuperseded by: example\n~~~" (611.43277ms)
✔ LOOP-071: a fenced realization example is not a resolving commit (639.879484ms)
✔ LOOP-071: a fenced commit inside the realization section is not built (636.481311ms)
✔ LOOP-071: ## Example cannot replace an open review finding (583.723751ms)
✔ LOOP-071: # Example cannot replace an open review finding (521.083826ms)
✔ LOOP-071: ### Example cannot replace an open review finding (526.261032ms)
✔ LOOP-071:   ## Example cannot replace an open review finding (504.593515ms)
✔ LOOP-071: Example paragraph. cannot replace an open review finding (491.095882ms)
✔ LOOP-071: Example
------- cannot replace an open review finding (436.059425ms)
✔ LOOP-071: fenced fields before a real review header are ignored (417.584203ms)
✔ LOOP-071: multiline decision --title cannot inject metadata (324.338659ms)
✔ LOOP-071: multiline decision --decided-by cannot inject metadata (345.44341ms)
✔ LOOP-071: multiline decision --rests-on cannot inject metadata (351.048701ms)
✔ LOOP-071: multiline decision --wrong-if cannot inject metadata (337.806018ms)
✔ LOOP-071: multiline decision --history cannot inject metadata (308.692264ms)
✔ LOOP-072: malformed Blocking concerns stay open: "R-001\nAnswer: ok" (77.293654ms)
✔ LOOP-072: malformed Blocking concerns stay open: "R-001\r\nAnswer: ok" (90.879723ms)
✔ LOOP-072: malformed Blocking concerns stay open: "R-001\rAnswer: ok" (95.852534ms)
✔ LOOP-072: malformed Blocking concerns stay open: "R-001 Answer: ok" (84.29353ms)
✔ LOOP-072: malformed Blocking concerns stay open: "R-001 Answer: ok" (72.776025ms)
✔ LOOP-072: ordinary malformed concerns are refused: "R-001\nR-002" (39.131763ms)
✔ LOOP-072: ordinary malformed concerns are refused: "R-001, prose" (47.901551ms)
✔ LOOP-072: ordinary malformed concerns are refused: " " (54.466409ms)
✔ LOOP-072: a Blocking escalation without concerns is still presented (83.818163ms)
✔ LOOP-072: carriage returns in a Blocking question do not create answer records (85.188501ms)
✔ LOOP-072: explanation separator 8232 cannot close an escalation (137.996162ms)
✔ LOOP-071: decision metadata refuses separator 8232 (312.425022ms)
✔ LOOP-072: explanation separator 8233 cannot close an escalation (139.208987ms)
✔ LOOP-071: decision metadata refuses separator 8233 (331.020871ms)
✔ Concerns, Rests on, and Promoted from written as lists read as the flat form (LOOP-124) (522.760116ms)
✔ an item named by filename, path, or backticked slug resolves like the slug (LOOP-125) (527.403958ms)
✔ an input that covers Cairn's own output is named as the repair, before and after a check (LOOP-126, LOOP-105) (583.215877ms)
✔ an unreadable record directory is a repair, not an error exit (LOOP-127) (70.950226ms)
✔ a title that slugifies to nothing is refused (LOOP-128) (118.492601ms)
✔ examined: [] is an empty list (LOOP-129, LOOP-108) (414.433421ms)
✔ below the Git toplevel the restore check compares root-relative paths (LOOP-130, LOOP-035) (367.474691ms)
✔ below the Git toplevel an uncommitted declared input is named from the project root (LOOP-132, LOOP-030) (220.929135ms)
✔ a value on the key line followed by list items is the first item, never dropped (LOOP-133) (578.214228ms)
✔ the footprint's walk reads Current: as the wake does: a fenced example below the real line, or a second line in history, never moves the start (LOOP-134, LOOP-035) (273.489243ms)
✔ an input spelled .. from a project below the Git toplevel covers the evidence directory (LOOP-126, LOOP-105) (84.430237ms)
✔ a Consequential record this commitment added needs its queue entry committed (LOOP-131, DEC-004) (443.797451ms)
✔ a mechanism that removes the check lock still gets its evidence, with no repair for the lock (LOOP-107) (220.273538ms)
✔ a staged rename reads as its two paths, never as a bare origin token (LOOP-030, LOOP-110) (106.824477ms)
✔ a Current: line inside a fenced example is neither a second Current: line nor the commitment, before or after the real line (LOOP-104) (198.34587ms)
✔ a Status: word is taken only from a line that carries one, never from wrapped prose after it (SPEC-018) (0.585277ms)
✔ the placeholder left above a resolving entry is a repair naming the file (DEC-021) (234.057058ms)
✔ the placeholder alone is a decision recorded and not yet built, unchanged (DEC-007) (61.837052ms)
✔ resolving entries with no placeholder are unchanged (DEC-006) (119.015898ms)
✔ a shallow clone that cannot resolve its entries is still told to fetch, not to edit (LOOP-113 keeps precedence) (97.764686ms)
✔ the placeholder quoted in a fenced example does not make a built record a repair (DEC-021) (121.250752ms)
✔ supersede takes the same decider vocabulary as decide (DEC-020) (108.464019ms)
✔ a superseded record is held to the same line: its placeholder above a resolving entry is a repair (DEC-021, DEC-010) (183.700809ms)
✔ realize() touches only the Realized by section; a body that quotes the placeholder keeps it (111.448826ms)
✔ an untracked file under a declared input is not a change under way; check still refuses beside it and names .gitignore (LOOP-110, LOOP-030) (224.715151ms)
✔ an unmatched input is refused before execution (LOOP-044) (172.069244ms)
✔ an indexed input deleted on disk asks for a commit (LOOP-045) (147.36096ms)
✔ wake and check require a Git working tree (LOOP-046) (117.188125ms)
✔ recovery removes only dead kernel run records and identifies a live owner (LOOP-054, LOOP-055) (305.941885ms)
✔ an agent action based behind a clean HEAD appears committed (LOOP-027) (200.993714ms)
✔ realization needs a real commit and a subject (DEC-006) (261.99821ms)
✔ 1500 binary inputs digest identically at the review commit in under a second (LOOP-024) (1512.064801ms)
✔ merged work is excluded but a later own commit is a breach (LOOP-047) (245.752608ms)
✔ exact Current tenure ignores prefix matches and earlier visits to the same slug (LOOP-035) (275.863618ms)
✔ a kernel run records its supervising PID (LOOP-054) (251.729199ms)
✔ a merged declared input still stales evidence (LOOP-047) (383.843203ms)
✔ wildcard and magic pathspecs select the same historical inputs (LOOP-024, LOOP-032) (2122.954147ms)
✔ historical selection retains deleted files and excludes new ones (LOOP-024, LOOP-035) (1191.266554ms)
✔ cairn --version prints the package.json version outside a repository, and help lists it (PKG-039) (131.246977ms)
✔ a release is one commit setting one version in the five files, with the changelog entry, tagged v<version> (PKG-040) (1026.432509ms)
✔ the release script refuses a bad version, no increase, a dirty tree, a missing entry, a taken tag, a disagreeing file, and a loop not at Done, each in one line with nothing written (PKG-040) (1830.84967ms)
✔ a version file written as compact JSON is released, and nothing else in any version file changes (PKG-042) (1195.982308ms)
✔ with attribution forbidden, the release script refuses an unpushed commit carrying an AI attribution line (PKG-045) (557.804242ms)
✔ explicit reporting with no lines and exit 0 establishes no requirement verdicts (LOOP-061) (457.55028ms)
✔ explicit reporting with no lines and exit 1 establishes no requirement verdicts (LOOP-061) (412.405216ms)
✔ a reporter that cannot start keeps execution diagnostics without blaming requirements (LOOP-062) (259.870079ms)
✔ large output cannot kill a reporter or invent a requirement verdict (314.903356ms)
✔ explicit mode ignores cairn: R-999: pass (305.888417ms)
✔ explicit mode ignores cairn: R-001: unverified (305.378372ms)
✔ explicit mode ignores cairn: R-001: passed (306.119604ms)
✔ explicit results survive nonzero exit and contradictory duplicates still fail (595.810436ms)
✔ unverified results across changed inputs never become failed attempts (1329.38608ms)
✔ legacy exit 0 retains its interpretation (221.425758ms)
✔ legacy exit 1 retains its interpretation (231.53787ms)
✔ a misspelled reporting mode is refused before execution (101.500335ms)
✔ changed requirement blocks unchecked reruns and makes the completion review stale (LOOP-058, LOOP-059) (1696.981545ms)
✔ falsifier changes need review; separate rationale and other requirements do not change a receipt (1300.674712ms)
✔ legacy receipts recover requirement identity from their commit; unavailable history requires review (954.753415ms)
✔ check refuses uncommitted requirement text and mechanism review markers (760.914791ms)
✔ tightened response limit cannot reuse the old passing check (1346.844159ms)
✔ a declared input over 1 MiB agrees at a commit and in the tree (LOOP-060) (422.4639ms)
✔ a failed Git blob read cannot be hashed as an empty blob (381.820035ms)
✔ Git listings over 1 MiB include the last declared input (2196.338423ms)
✔ requirement identity excludes fenced examples and status dates (512.95104ms)
✔ DemonCoder REM-002 and Status in progress cannot silently satisfy the review gate (LOOP-086) (761.480884ms)
✔ valid open findings retain their behavior (456.699426ms)
✔ valid resolved findings retain their behavior (503.108574ms)
✔ valid empty findings retain their behavior (537.010734ms)
✔ valid mixed valid findings retain their behavior (514.074388ms)
✔ malformed finding "open:" requires repair (434.968775ms)
✔ malformed finding "resolved:   " requires repair (394.001244ms)
✔ malformed finding "Open: incorrect case" requires repair (352.884755ms)
✔ malformed finding "unknown: issue" requires repair (343.904505ms)
✔ malformed finding "\u001b[31mBAD: issue" requires repair (355.661814ms)
✔ the established explicit empty findings list remains valid (365.936233ms)
✔ a scalar findings value requires the supported list format (329.658254ms)
✔ check runs a mechanism when a requirement outside the commitment was revised, and asks for the review once a commitment includes it (LOOP-059) (868.661746ms)
✔ a Requirements: line written as a list is read like the flat form (LOOP-102) (124.679237ms)
✔ a subdirectory or a README in a record directory changes nothing (LOOP-103) (519.477033ms)
✔ two Current: lines are a roadmap repair (LOOP-104) (73.88753ms)
✔ a repeated identifier, an input under the evidence directory, and a missing cwd are refused by name (LOOP-105) (427.839534ms)
✔ a requirement whose evidence outlives its mechanism is named declare, not a regression or an escalation (LOOP-106) (1068.385808ms)
✔ an unreadable record is a repair, not an error exit (LOOP-107) (99.615401ms)
✔ a review needs commit, a nonempty examined list, and a findings list, each named when missing (LOOP-108) (935.804148ms)
✔ a decision record missing a header field or naming a missing predecessor is a repair (LOOP-109) (277.767999ms)
✔ a dirty declared input with no in-progress record is named record ahead of run (LOOP-022, LOOP-110) (225.886737ms)
✔ with core.filemode false the index mode is the identity, so a mode-only difference does not refuse the check (LOOP-111) (227.56655ms)
✔ a project below the Git toplevel can run check (LOOP-112) (262.893152ms)
✔ a shallow clone names history to fetch, not a decision to build (LOOP-113) (134.462286ms)
✔ record-writing commands refuse to run outside a Cairn repository and write nothing (LOOP-118) (224.264573ms)
✔ a git that cannot start is one line and exit 3 from wake and from check, with nothing recorded (LOOP-137) (103.632318ms)
✔ an unexplained or uncommitted stop record is named explain before any other action; explained and committed, the wake moves on (LOOP-139) (280.327036ms)
✔ empty footprint names declaration before scope and records no evidence (LOOP-081) (522.566247ms)
✔ first declaration still checks the full earlier history (LOOP-081) (326.563475ms)
✔ an empty current footprint does not block an explicitly requested existing mechanism (LOOP-081) (301.785941ms)
✔ an inherited mechanism provides a footprint even before local mechanisms exist (223.489308ms)
✔ scope reports every path, escapes line breaks, and gives identical remedies (LOOP-082) (252.37228ms)
✔ scope verdict reuses the answered-escalation annotation (LOOP-048, LOOP-051, LOOP-083) (554.350289ms)
✔ a committed scope acknowledgment lets restored history proceed (LOOP-083) (687.315648ms)
✔ scope acknowledgment must be committed before it can clear a breach (625.853706ms)
✔ ordinary ok does not acknowledge scope history (297.164267ms)
✔ scope escalation refuses unrestored paths and names the restoration remedy (254.748805ms)
✔ an invalid scope request still records an explicitly Blocking decision (131.061601ms)
✔ ask and explanation stay open; only the final committed ok acknowledges scope (694.950019ms)
✔ instead is visible but does not silently authorize a scope exception (347.365723ms)
✔ later changes to an acknowledged path still block, including later reverts (1052.843209ms)
✔ approval cannot hide another path changed after the snapshot (359.067182ms)
✔ acknowledged history remains conditional on the paths staying restored (545.668116ms)
✔ editing the scope snapshot after answer invalidates its acknowledgment (261.457516ms)
✔ malformed scope metadata cannot suppress a breach (1330.872941ms)
✔ damaged acknowledgment fields cannot suppress a breach (492.53679ms)
✔ scope path matching is literal, including wildcard filenames and control characters (534.794929ms)
✔ scope acknowledgment does not carry into another activation of the same slug (285.606303ms)
✔ restoration checks additions, deletions, executable modes, and symlink kinds (1413.01449ms)
✔ explicit committed retention keeps correct work and requires new evidence and review (LOOP-084, LOOP-085) (1973.874545ms)
✔ a missing declaration covers correct earlier work without retention or revert (476.39895ms)
✔ keep requires scope and an unchanged committed candidate (139.75862ms)
✔ uncommitted retention and instead answers cannot clear the incident (997.209356ms)
✔ retention does not grant future edits, even when reverted to the approved tree (1293.544689ms)
✔ retention cannot cover another path or another activation (521.924313ms)
✔ imported changes must still match the retained tree (552.713379ms)
✔ retention handles additions, deletions, modes, symlinks, and literal filenames (1864.994102ms)
✔ retention cannot convert an existing restoration answer or accept an unknown mode (406.64589ms)
✔ a check failure after retention remains a failure (648.342326ms)
✔ retained paths stay part of the stable checked candidate without extending its footprint (564.320081ms)
✔ retention ask needs an explanation and final committed approval (528.662295ms)
✔ an unknown scope mode remains invalid even with a matching approval digest (275.467014ms)
✔ backlog writes the item; a second with the same title is refused, never overwritten (LOOP-016) (146.71725ms)
✔ a commit inside the footprint: check runs; outside it: check names the path and does not run (LOOP-015, LOOP-035) (541.165431ms)
✔ Cairn's records are never a breach; another file under docs/ is (LOOP-117) (700.490478ms)
✔ declaring the path as an input clears the breach (281.176408ms)
✔ a revert preserves the record of an out-of-scope commit (LOOP-047) (278.295561ms)
✔ a commitment naming a requirement the spec set does not hold as Agreed is repaired (LOOP-029) (84.249996ms)
✔ a requirement in a Draft spec file is not Agreed (81.234959ms)
✔ working agreements and the ignore file are Cairn records (LOOP-035, LOOP-036) (437.602258ms)
✔ the over-asking rule is gone from both skills (SPEC-005, SPEC-006, SPEC-007) (4.035296ms)
✔ a decision during the phase is recorded (DEC-003) (0.169529ms)
✔ understanding is restated before writing (SPEC-003) (0.923218ms)
✔ falsifiers are proposed as one set and confirmed by exception (SPEC-004) (0.199301ms)
✔ depth is inferred and domains derived, never asked or imposed (SPEC-008, SPEC-009) (0.121319ms)
✔ a term enters the glossary at first occurrence (SPEC-010) (0.068163ms)
✔ the phase ends at the first commitment, and later ones are specified during the loop (SPEC-011, SPEC-012) (0.072361ms)
✔ a requirement goes Agreed only with a nameable mechanism (SPEC-013) (0.072173ms)
✔ review before agreement, recording what it attacked (SPEC-014, SPEC-015) (0.674773ms)
✔ no spec file without requirements; nothing Agreed without a falsifier (SPEC-001, SPEC-002) (0.138582ms)
✔ Observed is marked, and is not contract (SPEC-016, SPEC-017) (0.495721ms)
✔ the skills exclude artifacts outside Cairn's workflow (0.113072ms)
✔ the working agreement names the agent's move for each verdict and the write-ahead record (LOOP-036) (0.499285ms)
✔ the working agreement names the developer's moves (LOOP-036, DEC-014) (0.089249ms)
✔ this repository runs by the file it ships (0.304404ms)
✔ both skills write the working agreement without naming a vendor's file (LOOP-002, LOOP-036, PKG-006) (0.099298ms)
✔ the working agreement says what an attempt is (LOOP-036, DEC-017, DEC-018) (0.064537ms)
✔ the working agreement says a failure no footprint change can address is an escalation, and where an inherited requirement is repaired (DEC-019, LOOP-057) (0.066391ms)
✔ the working agreement states the promote, next-iteration, and no-deferral moves (LOOP-029, LOOP-087, LOOP-091, LOOP-092) (0.064421ms)
✔ both skills sort captures into the backlog or next-iteration and forbid deferral (LOOP-029, LOOP-092, LOOP-093) (0.052174ms)
✔ the skill requires a falsifier on every requirement, a MAY included (SPEC-025) (0.048451ms)
✔ the working agreement names the hooks as optional and the install skill registers them for two harnesses (PKG-006, PKG-018, PKG-019) (0.212565ms)
✔ the working agreement says the kernel is upgraded at Done, never inside a commitment (LOOP-096) (0.060463ms)
✔ the next-iteration skill starts from the specification and ends by naming the next commitment (SPEC-026, SPEC-027) (0.189852ms)
✔ every document that names the project skills names next-iteration beside them (SPEC-026, PKG-014) (1.699377ms)
✔ the working agreement states a move for every action the kernel can name (LOOP-101) (1.397247ms)
✔ the working agreement states both record formats and the two flags the moves need (LOOP-036) (0.129528ms)
✔ the skills demonstrate a safe violating example and preserve recon findings (SPEC-022, SPEC-023) (0.05776ms)
✔ the specification skills run the checker through the cairn command (PKG-029) (0.25377ms)
✔ the README invokes the phase skills by name and states versions and platforms (PKG-030, PKG-031) (0.280116ms)
✔ the manual and the walkthrough say the loop promotes backlog items at Done (1.275535ms)
✔ the working agreement says a report is not work under way, its findings are captured, and it is committed with them (LOOP-138) (0.08481ms)
✔ a two-obligation sentence is named (PKG-007) (43.996282ms)
✔ an obligation with no actor is named (PKG-010) (45.749706ms)
✔ a leading condition clause is not the actor, and the actor after it counts (43.244792ms)
✔ an Agreed requirement with no falsifier is named (SPEC-002); a Draft one is not (96.802559ms)
✔ prose after a Draft requirement with no falsifier is not scanned as requirement text (35.887755ms)
✔ a spec declaring a prefix with no requirement is named (SPEC-001) (40.246506ms)
✔ a keyword in backticks or quotes is a mention, not an obligation (39.124078ms)
✔ duplicate identifiers are rejected within a file and across files (SPEC-020) (78.029206ms)
✔ references resolve across files; missing references name their source (SPEC-021) (84.493311ms)
✔ code examples and quoted mentions are neither definitions nor references (46.294797ms)
✔ machine-local paths are findings in prose, links, quotes, and examples (SPEC-019) (391.157599ms)
✔ relative paths, URLs, slash commands, and character mentions are not absolute path findings (55.038884ms)
✔ a slash after a placeholder continues the template (SPEC-019) (81.401157ms)
✔ a host path is a finding until the file declares it (SPEC-019, SPEC-024) (81.266967ms)
✔ declared host paths cover children with a slash boundary and stay file-local (155.842167ms)
✔ a host-path declaration inside a requirement or example grants no exception (119.625875ms)
✔ host-path declarations require absolute or home-relative entries (181.960881ms)
✔ an Agreed block whose only keyword is MAY needs a falsifier like any other (SPEC-025, SPEC-002) (75.23684ms)
✔ a regex literal is not a path, a drive path and a file URL are, and a skill's slash name is allowed (SPEC-028, SPEC-029) (71.115596ms)
✔ a backticked or quoted actor still counts as one (PKG-010) (35.061004ms)
✔ supersede writes both lines, and the old record keeps every word it had (DEC-008, DEC-010) (93.778221ms)
✔ supersede without a cause, or with one outside the four, is refused (DEC-009) (106.607844ms)
✔ supersede of a record that does not exist is refused (71.383036ms)
✔ a predecessor with no title line cannot be stamped, so nothing is written (82.652244ms)
✔ a --supersedes argument outside the slug alphabet is refused, and a path never reaches the filesystem (DEC-022) (225.643301ms)
✔ a record already superseded cannot be superseded again: one Superseded by line per record (DEC-022, DEC-010) (183.93862ms)
✔ reversals reports counts by decider, cause, and domain (DEC-011) (180.852245ms)
✔ decide in a domain with a reversal is refused without --history, naming the reversal; with it, the record carries History (DEC-012) (181.030583ms)
✔ decide in a domain with no reversals needs no --history (121.004976ms)
✔ a record resting on prose alone is in the domain unspecified, and so is the next one (115.515243ms)
✔ the decider tally normalizes case and whitespace, and names a value outside the vocabulary (DEC-020, DEC-011) (73.292995ms)
✔ a record with no Decided by line is tallied as unrecorded, not as a vocabulary value (62.815757ms)
✔ Decided by written as a list tallies like the flat form, and does not crash the report (LOOP-124, DEC-020) (66.754824ms)
✔ a second declaration for one requirement is accepted, a named check runs every mechanism, and Done needs each to pass (LOOP-056, LOOP-099) (1945.374023ms)
✔ one mechanism's stale evidence names that mechanism, and --stale runs only it (LOOP-056, LOOP-094) (715.674716ms)
✔ attempts are counted within one mechanism's records, so the other's passes do not reset them (LOOP-100, DEC-016) (1377.542718ms)
✔ step 1: an in-progress record is reconciled before anything else (90.621211ms)
✔ step 2: an open escalation is presented and nothing else happens (79.722623ms)
✔ an answered escalation is not open (535.394447ms)
✔ step 3: a decision with no realized-by is built, first by name (DEC-007) (70.770238ms)
✔ a superseded decision with no realized-by is not work (112.071231ms)
✔ step 6: a mechanism that has never run is run, not implemented (LOOP-008) (114.788804ms)
✔ step 6: a requirement whose mechanism fails is implemented (459.942466ms)
✔ step 6 before step 7: failing evidence outranks a missing mechanism (303.72934ms)
✔ step 7: a requirement with no mechanism is declared (LOOP-106) (80.603293ms)
✔ every verdict names who acts: Resolvable is the agent's, Done needs nobody, Escalate waits for the developer (LOOP-004) (532.220569ms)
✔ malformed roadmap is Resolvable, not fatal (LOOP-005) (60.135279ms)
✔ a commitment naming no requirements is Resolvable (LOOP-018) (65.908777ms)
✔ the primary test: two wakes on the same checkout give the same action, before and after a persisted transition (LOOP-001, LOOP-003) (517.469625ms)
✔ outside a cairn repository wake cannot run (32.70179ms)
✔ the loop never waits on the review queue (DEC-015) (334.754138ms)
✔ twenty built records cost one git call to resolve, not twenty (DEC-023) (184.299621ms)
✔ an ambiguous Realized by identifier is the repair that says lengthen it, not a build (LOOP-113, DEC-023) (177.378938ms)
✔ the linked walkthrough runs from agreement through the next commitment (PKG-016) (1336.855085ms)
ℹ tests 507
ℹ suites 0
ℹ pass 507
ℹ fail 0
ℹ cancelled 0
ℹ skipped 0
ℹ todo 0
ℹ duration_ms 22137.020494
