✔ a Draft block overrides an Agreed file for both wake and check (SPEC-018) (185.319339ms)
✔ an Agreed block overrides a Draft file in the kernel and lint (SPEC-018, SPEC-002) (581.403178ms)
✔ a block Status does not become the file default, including inside examples (SPEC-018) (358.224435ms)
✔ block status without a value does not inherit Agreed by accident (SPEC-018) (88.017555ms)
✔ inheritance needs a file Scope and includes only Agreed blocks, regardless of prefix (PKG-015) (1468.621805ms)
✔ Scope inside a requirement or fenced example does not declare inheritance (PKG-015) (651.500477ms)
✔ LOOP-063: reject input mutation during a check and retain diagnostics (425.453248ms)
✔ LOOP-063: reject deletion mutation during a check and retain diagnostics (333.607459ms)
✔ LOOP-063: reject addition mutation during a check and retain diagnostics (373.784415ms)
✔ LOOP-063: reject mode mutation during a check and retain diagnostics (359.017352ms)
✔ LOOP-063: reject specification mutation during a check and retain diagnostics (295.073157ms)
✔ LOOP-063: reject declaration mutation during a check and retain diagnostics (287.701805ms)
✔ LOOP-063: reject commit mutation during a check and retain diagnostics (288.241737ms)
✔ LOOP-063: committed input mutation during execution cannot certify the replacement (267.772925ms)
✔ LOOP-064: removing executable permission makes passing evidence stale (433.733194ms)
✔ LOOP-064: a mode-only change also invalidates the previous review after new evidence (659.242892ms)
✔ LOOP-064: changing a regular file into a link with identical identity bytes is stale (729.988305ms)
✔ LOOP-063: an unchanged candidate still records a pass despite unrelated working-tree edits (201.613977ms)
✔ LOOP-064: current and historical input ordering agrees for Unicode filenames (305.930719ms)
✔ LOOP-063: Git status hiding content changes cannot certify an uncommitted candidate (112.014159ms)
✔ LOOP-063: Git status hiding mode changes cannot certify an uncommitted candidate (107.466484ms)
✔ LOOP-066: one check owns execution with a kernel action record (493.725416ms)
✔ LOOP-066: one check owns execution with an agent action record (392.605945ms)
✔ LOOP-066: a live lock is named and never silently overwritten (127.66883ms)
✔ LOOP-066: a dead lock is named and never silently overwritten (134.827162ms)
✔ LOOP-066: a incomplete lock is named and never silently overwritten (128.515476ms)
✔ LOOP-066: an execution error releases the check lock for a corrected rerun (414.6321ms)
✔ LOOP-066: a live kernel action from an older Cairn also blocks execution (66.441491ms)
✔ LOOP-066: separate Git worktrees can run checks independently (376.821864ms)
✔ after a green check --stale runs nothing; after one input changes it runs only that mechanism (LOOP-094) (1012.854008ms)
✔ a mechanism speaking for two stale requirements runs once and refreshes both (LOOP-094, LOOP-040) (636.766719ms)
✔ a fresh failure and an unverified result are skipped with implement named (LOOP-094) (502.841685ms)
✔ --stale with a requirement identifier is refused (LOOP-094) (57.686058ms)
✔ check refuses a dirty declared input and names it; a dirty undeclared file does not block (462.744213ms)
✔ check writes one receipt per run carrying the full record and a result line per requirement (LOOP-097) (309.88086ms)
✔ a nonzero exit records fail, and the receipt keeps the exit code (336.184335ms)
✔ two checks write two records; nothing is overwritten or deleted (583.526297ms)
✔ a commit changing a declared input makes evidence stale; an undeclared one does not (592.606797ms)
✔ a regression is named before a requirement that never passed (719.581276ms)
✔ three attempts with no escalation since: wake says escalate, not a fourth (DEC-016, DEC-017, DEC-018) (1878.51232ms)
✔ the review gate: no review, stale review, open finding, then Done (962.178911ms)
✔ Done is refused while any requirement lacks current passing evidence (87.761941ms)
✔ check names a requested requirement that no mechanism claims (95.060332ms)
✔ check writes and clears an in-progress record around the run (186.538125ms)
✔ a linked declared input digests the same at a commit and in the tree (LOOP-023, LOOP-024) (372.727385ms)
✔ a result line is the mechanism's statement about one requirement; what it did not mention is unverified (LOOP-037, LOOP-052) (186.858498ms)
✔ a mechanism that says nothing is read by its exit code for every requirement (LOOP-039) (203.845613ms)
✔ unverified is not an attempt, and a return to an earlier failed digest counts once (DEC-017, DEC-018) (1550.758684ms)
✔ a result line for a requirement the mechanism does not speak for is named and writes nothing (LOOP-038) (166.248089ms)
✔ a result line inside ordinary output, or without the marker, does not count (193.019015ms)
✔ a targeted check runs the named requirements' mechanisms and records every requirement they speak for (LOOP-040) (185.157378ms)
✔ two result lines for one requirement: a fail on any line wins (214.301354ms)
✔ three runs at one digest with no attempt since: the verdict stays implement and names DEC-019; an escalation naming it among others clears the hint (DEC-019, LOOP-053) (925.883892ms)
✔ a complete commitment with an unpromoted backlog item names promote, and a stamped item lets it reach Done (LOOP-087) (902.171195ms)
✔ an empty backlog with waiting next-iteration items is Done, with the count as information and no action on them (LOOP-091) (720.131195ms)
✔ a promotion marker must resolve to a decision record (LOOP-088) (197.407664ms)
✔ a commitment promoted from an item needs a decision record naming the item (LOOP-088) (198.366929ms)
✔ the spec lint reports a promotion marker with no decision record (LOOP-088) (67.014463ms)
✔ a promoted commitment that changes an Agreed requirement or the working agreement is an escalation; an unpromoted one is not (LOOP-089, LOOP-090) (1175.201651ms)
✔ a capture from one of the commitment's own requirements needs Outside because: or an escalation (LOOP-092) (1375.911159ms)
✔ a next-iteration item names what it would change, and the capture refuses one that does not (LOOP-093) (380.841224ms)
✔ a commitment specified from a next-iteration item needs the item stamped before anything else (SPEC-027) (467.942096ms)
✔ writes a record with every required field and an empty realized-by (36.420374ms)
✔ a Consequential decision is queued for review (60.45187ms)
✔ a Consequential decision is queued even when .cairn/queue does not exist yet (45.043327ms)
✔ Routine is refused: routine decisions produce no record (46.235892ms)
✔ a missing field is a usage error and nothing is written (45.0811ms)
✔ supersedes requires a classified cause, and the old record must exist (162.181999ms)
✔ an existing record is not overwritten (84.429527ms)
✔ a queued decision stays queued; nothing but the developer removes it (DEC-014) (83.735123ms)
✔ LOOP-067: missing inputs names a declaration repair before execution (128.908232ms)
✔ LOOP-067: empty inputs names a declaration repair before execution (168.788966ms)
✔ LOOP-067: missing command names a declaration repair before execution (137.584404ms)
✔ LOOP-067: list command names a declaration repair before execution (125.989791ms)
✔ LOOP-067: empty command names a declaration repair before execution (130.516009ms)
✔ LOOP-067: missing requirements names a declaration repair before execution (154.049906ms)
✔ LOOP-067: bad identifier names a declaration repair before execution (144.732553ms)
✔ LOOP-067: scalar one-item lists retain their existing meaning (307.342173ms)
✔ LOOP-068: a unpopulated gitlink is refused by name (157.242185ms)
✔ LOOP-068: a populated gitlink is refused by name (169.269082ms)
✔ LOOP-069: identical selections across 100 mechanisms use at most 20 Git processes (130.611798ms)
✔ escalate writes the six-line format followed by its facts, and wake presents it (120.944109ms)
✔ a missing or multi-line field is refused with the field named, and nothing is written (117.588675ms)
✔ a Blocking escalation that fails the format is written anyway, naming the malformed field (LOOP-014) (125.519619ms)
✔ a --level other than Blocking is refused rather than silently losing the bypass (68.660388ms)
✔ a second escalation while one is open is refused (LOOP-011) (119.476759ms)
✔ answer records the reply; wake no longer presents it; a second answer is refused (277.203916ms)
✔ answer to an unknown escalation is refused (64.258096ms)
✔ a stranger resumes from the file alone: question and answer are both in it (LOOP-013) (112.407217ms)
✔ after an answer, the same concern can be escalated again under a new name (154.256747ms)
✔ an escalation exists when its file does, committed or not (LOOP-009) (71.02455ms)
✔ developer answers require one of the three forms and cannot inject fields (LOOP-048) (493.273209ms)
✔ ask, agent explanation, another ask, and ok stay ordered in one file (LOOP-049, LOOP-050, LOOP-014) (613.541647ms)
✔ fresh closed answers accompany only concerned requirements until new evidence (LOOP-051) (588.859501ms)
✔ LOOP-065: delete of output refuses Done and a new run recovers (1158.931602ms)
✔ LOOP-065: corrupt of output refuses Done and a new run recovers (937.121518ms)
✔ LOOP-065: delete of stderr_output refuses Done and a new run recovers (790.422448ms)
✔ LOOP-065: corrupt of stderr_output refuses Done and a new run recovers (762.196019ms)
✔ LOOP-065: a receipt without output needs a new check (435.948403ms)
✔ LOOP-065: a receipt without output_digest needs a new check (400.361784ms)
✔ LOOP-065: a receipt without stderr_output needs a new check (417.61885ms)
✔ LOOP-065: a receipt without stderr_digest needs a new check (379.926734ms)
✔ LOOP-065: legacy unverifiable output is rerun without rewriting history (682.602939ms)
✔ a fresh record names the kernel that wrote it (LOOP-023) (284.281687ms)
✔ LOOP-095: a record from another kernel is stale with the kernel named, and a new check restores Done (677.790545ms)
✔ LOOP-095: a record from no kernel is stale with the kernel named, and a new check restores Done (649.894778ms)
✔ LOOP-070: a later failure is latest even when the clock moves backward (941.53655ms)
✔ LOOP-070: receipt collisions at one clock instant retain execution order beyond nine suffixes (2707.563351ms)
✔ LOOP-070: imported branch receipts stale a later sequence until a new check incorporates them (1045.590242ms)
✔ LOOP-070: legacy receipts need one ordered check and remain byte-for-byte unchanged (480.111911ms)
✔ LOOP-070: edit of a prior receipt requires fresh evidence (470.475008ms)
✔ LOOP-070: remove of a prior receipt requires fresh evidence (470.905153ms)
✔ LOOP-075: supporting evidence file README.md does not become a receipt (473.674758ms)
✔ LOOP-075: supporting evidence file notes.txt does not become a receipt (515.642109ms)
✔ LOOP-075: supporting evidence file support does not become a receipt (480.841203ms)
✔ LOOP-075: supporting evidence file .DS_Store does not become a receipt (482.749667ms)
✔ LOOP-075: a malformed result line (result=success) names a repair before execution (334.052861ms)
✔ LOOP-075: a malformed result line (sequence=NaN) names a repair before execution (342.872195ms)
✔ LOOP-075: a malformed result line (sequence=9007199254740992) names a repair before execution (348.931241ms)
✔ LOOP-075: a malformed result line (history_digest=wrong) names a repair before execution (379.776622ms)
✔ LOOP-075: a malformed result line (tokens) names a repair before execution (382.824337ms)
✔ LOOP-075: a receipt-shaped directory is a named repair instead of an EISDIR crash (272.781921ms)
✔ LOOP-070: an earlier escalation cannot cover three new attempts after clock rollback (1001.726477ms)
✔ LOOP-070: an answer becomes old after a later check even if that check's timestamp is earlier (625.103357ms)
✔ LOOP-070: the newest answer wins between checks even when its clock timestamp is older (372.591229ms)
✔ LOOP-070: legacy escalation dates cover old receipts but not three newer sequenced runs (1328.459143ms)
✔ a PKG requirement the commitment does not name is declared, run, and gates Done (PKG-011) (1655.372967ms)
✔ a PKG requirement in a Draft spec is not folded in (386.226263ms)
✔ LOOP-076/079: stale inputs identify the receipt and the check to run (659.78146ms)
✔ LOOP-077: names a content change using checked input identity (606.937076ms)
✔ LOOP-077: names a mode change using checked input identity (527.526563ms)
✔ LOOP-077: names a kind change using checked input identity (460.802494ms)
✔ LOOP-077: names a added change using checked input identity (440.988699ms)
✔ LOOP-077: names a removed change using checked input identity (430.094603ms)
✔ LOOP-077: names a link-target change using checked input identity (657.651261ms)
✔ LOOP-077: changed selection compares the old and new input sets (410.276619ms)
✔ LOOP-077: raw CRLF changes remain visible when Git-clean content agrees (393.685818ms)
✔ LOOP-077: detail output is sorted, bounded, and reports the omitted count (416.495807ms)
✔ LOOP-077: filenames cannot inject lines or terminal controls into explanations (367.920774ms)
✔ LOOP-077: receipts from one run share details and do not store source contents (301.418551ms)
✔ LOOP-078/080: legacy optional detail limits explanation without changing standing (486.122142ms)
✔ LOOP-078/080: invalid-field optional detail limits explanation without changing standing (457.113026ms)
✔ LOOP-078/080: missing optional detail limits explanation without changing standing (498.844113ms)
✔ LOOP-078/080: invalid-json optional detail limits explanation without changing standing (475.657238ms)
✔ LOOP-078/080: mismatched optional detail limits explanation without changing standing (467.760787ms)
✔ LOOP-078/080: duplicate optional detail limits explanation without changing standing (426.554367ms)
✔ LOOP-078/080: unsafe-path optional detail limits explanation without changing standing (457.014949ms)
✔ LOOP-078/080: directory optional detail limits explanation without changing standing (513.710311ms)
✔ LOOP-078/080: symlink optional detail limits explanation without changing standing (488.978811ms)
✔ LOOP-078: unavailable old requirement text is not claimed as a proven change (375.552199ms)
✔ LOOP-076/079: changed requirements identify evidence and retain review-before-check guidance (376.675737ms)
✔ LOOP-078: simultaneous input and output damage keep both reasons (389.299594ms)
✔ LOOP-080: deterministic freshness sequence seed=7 (7656.668038ms)
✔ LOOP-080: deterministic freshness sequence seed=42 (5865.500735ms)
✔ LOOP-080: deterministic freshness sequence seed=913 (5239.084742ms)
✔ LOOP-080: agreement changes, mechanism review, checks, and completion review retain priority (1306.296718ms)
✔ LOOP-080: imported receipt history demands a rerun without a false input explanation (1366.407508ms)
✔ LOOP-073: clean CRLF input completes under attributes (515.595932ms)
✔ LOOP-073: clean CRLF input completes under autocrlf (507.899168ms)
✔ LOOP-073: raw line-ending mutation during a run is rejected even when Git still sees the same content (253.110258ms)
✔ LOOP-073: execution evidence changes when clean conversion preserves committed identity (796.592668ms)
✔ LOOP-073: Git clean filters use Git's conversion while retaining raw evidence identity (386.41779ms)
✔ LOOP-073: failure of a required Git filter cannot record evidence (93.964233ms)
✔ LOOP-073: a clean filter moving HEAD during ending validation prevents evidence (457.807208ms)
✔ LOOP-073: canonical Git identities handle links without reading their targets (352.220775ms)
✔ LOOP-073: Git conversion keeps raw Unicode and control-character input paths (321.934617ms)
✔ LOOP-073: conversion and links work in a SHA-256 Git repository (357.82163ms)
✔ LOOP-074: historical specification filename "café.md" remains reviewable (343.271121ms)
✔ LOOP-074: historical specification filename "spec\ttab.md" remains reviewable (321.374517ms)
✔ LOOP-074: historical specification filename "spec\nline.md" remains reviewable (306.337386ms)
✔ help works outside a repository without running a command (PKG-017) (949.55703ms)
✔ help does not hide invalid options or consume literal arguments (202.936812ms)
✔ the stop hook refuses a stop while wake says Resolvable, with the verdict as the reason (PKG-018) (199.534312ms)
✔ the stop hook allows a stop at Done, at Escalate, and outside a Cairn repository (PKG-018) (970.392835ms)
✔ the session-start hook links the command once and prints the verdict in a Cairn repository (PKG-019, PKG-014, PKG-005) (440.552211ms)
✔ the session-start hook prints no verdict outside a Cairn repository and leaves an existing link alone (PKG-019) (44.558931ms)
✔ three megabytes are retained exactly once with matching digests (LOOP-041, LOOP-042) (362.795592ms)
✔ split stdout result lines survive a long non-result line; stderr is never a verdict (360.666655ms)
✔ signal termination is recorded and logs survive a clone (LOOP-043) (379.782525ms)
✔ working agreements and ignore changes are Cairn records inside the footprint (347.272285ms)
✔ a clean package passes (70.684129ms)
✔ PKG-001: a dependency, or a service manifest (144.319353ms)
✔ PKG-002: ignoring evidence or other durable state (73.775221ms)
✔ PKG-003: a command, a directory, or a record kind no decision names (191.302883ms)
✔ PKG-004: a kernel over 1500 lines (57.001596ms)
✔ PKG-006: a skill step naming a vendor's product (64.408365ms)
✔ PKG-008: a non-ASCII character in a tracked text file (72.568834ms)
✔ PKG-009: the kernel importing from tests (55.225866ms)
✔ PKG-012: a network call or a model vendor in the kernel (141.813989ms)
✔ PKG-013: deferral language, but not in code, quotes, or a rule (126.438222ms)
✔ this repository passes the package lint (154.771313ms)
✔ a tracked path deleted from the working tree is skipped, not a crash (86.166926ms)
✔ a sentence in a Formats section is not a record kind (76.443836ms)
✔ a record kind named by its path alone is checked (57.025029ms)
✔ PKG-002: a tracked in-progress record (61.264446ms)
✔ PKG-002: ignoring evidence alone is a finding (57.851164ms)
✔ LOOP-071: decision body metadata does not resolve unbuilt work: "Superseded by: example" (635.112047ms)
✔ LOOP-071: decision body metadata does not resolve unbuilt work: "```text\nSuperseded by: example\n```" (618.794217ms)
✔ LOOP-071: decision body metadata does not resolve unbuilt work: "~~~text\nSuperseded by: example\n~~~" (520.795241ms)
✔ LOOP-071: a fenced realization example is not a resolving commit (449.121096ms)
✔ LOOP-071: a fenced commit inside the realization section is not built (425.655392ms)
✔ LOOP-071: ## Example cannot replace an open review finding (447.136823ms)
✔ LOOP-071: # Example cannot replace an open review finding (450.076258ms)
✔ LOOP-071: ### Example cannot replace an open review finding (419.043468ms)
✔ LOOP-071:   ## Example cannot replace an open review finding (418.734643ms)
✔ LOOP-071: Example paragraph. cannot replace an open review finding (417.024769ms)
✔ LOOP-071: Example
------- cannot replace an open review finding (395.471208ms)
✔ LOOP-071: fenced fields before a real review header are ignored (391.951715ms)
✔ LOOP-071: multiline decision --title cannot inject metadata (324.30476ms)
✔ LOOP-071: multiline decision --decided-by cannot inject metadata (327.956049ms)
✔ LOOP-071: multiline decision --rests-on cannot inject metadata (340.764112ms)
✔ LOOP-071: multiline decision --wrong-if cannot inject metadata (305.172558ms)
✔ LOOP-071: multiline decision --history cannot inject metadata (306.299183ms)
✔ LOOP-072: malformed Blocking concerns stay open: "R-001\nAnswer: ok" (81.352026ms)
✔ LOOP-072: malformed Blocking concerns stay open: "R-001\r\nAnswer: ok" (82.721736ms)
✔ LOOP-072: malformed Blocking concerns stay open: "R-001\rAnswer: ok" (86.599788ms)
✔ LOOP-072: malformed Blocking concerns stay open: "R-001 Answer: ok" (75.371827ms)
✔ LOOP-072: malformed Blocking concerns stay open: "R-001 Answer: ok" (70.026473ms)
✔ LOOP-072: ordinary malformed concerns are refused: "R-001\nR-002" (32.921688ms)
✔ LOOP-072: ordinary malformed concerns are refused: "R-001, prose" (33.104326ms)
✔ LOOP-072: ordinary malformed concerns are refused: " " (40.081862ms)
✔ LOOP-072: a Blocking escalation without concerns is still presented (82.201001ms)
✔ LOOP-072: carriage returns in a Blocking question do not create answer records (84.134699ms)
✔ LOOP-072: explanation separator 8232 cannot close an escalation (119.73032ms)
✔ LOOP-071: decision metadata refuses separator 8232 (318.643348ms)
✔ LOOP-072: explanation separator 8233 cannot close an escalation (130.150936ms)
✔ LOOP-071: decision metadata refuses separator 8233 (324.967297ms)
✔ an unmatched input is refused before execution (LOOP-044) (161.898087ms)
✔ an indexed input deleted on disk asks for a commit (LOOP-045) (164.002701ms)
✔ wake and check require a Git working tree (LOOP-046) (121.081862ms)
✔ recovery removes only dead kernel run records and identifies a live owner (LOOP-054, LOOP-055) (347.302716ms)
✔ an agent action based behind a clean HEAD appears committed (LOOP-027) (189.956978ms)
✔ realization needs a real commit and a subject (DEC-006) (291.001346ms)
✔ 1500 binary inputs digest identically at the review commit in under a second (LOOP-024, LOOP-032) (1254.465383ms)
✔ merged work is excluded but a later own commit is a breach (LOOP-047) (193.050076ms)
✔ exact Current tenure ignores prefix matches and earlier visits to the same slug (LOOP-035) (202.284393ms)
✔ a kernel run records its supervising PID (LOOP-054) (221.212496ms)
✔ a merged declared input still stales evidence (LOOP-047) (322.340563ms)
✔ wildcard and magic pathspecs select the same historical inputs (LOOP-024, LOOP-032) (1853.37478ms)
✔ historical selection retains deleted files and excludes new ones (LOOP-024, LOOP-035) (1170.171811ms)
✔ explicit reporting with no lines and exit 0 establishes no requirement verdicts (466.46105ms)
✔ explicit reporting with no lines and exit 1 establishes no requirement verdicts (453.06935ms)
✔ a reporter that cannot start keeps execution diagnostics without blaming requirements (286.807374ms)
✔ large output cannot kill a reporter or invent a requirement verdict (306.419615ms)
✔ explicit mode ignores cairn: R-999: pass (259.171636ms)
✔ explicit mode ignores cairn: R-001: unverified (230.34662ms)
✔ explicit mode ignores cairn: R-001: passed (239.458933ms)
✔ explicit results survive nonzero exit and contradictory duplicates still fail (440.664201ms)
✔ unverified results across changed inputs never become failed attempts (1147.500102ms)
✔ legacy exit 0 retains its interpretation (211.614246ms)
✔ legacy exit 1 retains its interpretation (203.499581ms)
✔ a misspelled reporting mode is refused before execution (100.515603ms)
✔ changed requirement blocks unchecked reruns and makes the completion review stale (LOOP-058, LOOP-059) (1640.85967ms)
✔ falsifier changes need review; separate rationale and other requirements do not change a receipt (920.659402ms)
✔ legacy receipts recover requirement identity from their commit; unavailable history requires review (724.415933ms)
✔ check refuses uncommitted requirement text and mechanism review markers (691.448688ms)
✔ tightened response limit cannot reuse the old passing check (1190.156967ms)
✔ a declared input over 1 MiB agrees at a commit and in the tree (LOOP-060) (443.989413ms)
✔ a failed Git blob read cannot be hashed as an empty blob (378.87278ms)
✔ Git listings over 1 MiB include the last declared input (2109.924098ms)
✔ requirement identity excludes fenced examples and status dates (474.296863ms)
✔ DemonCoder REM-002 and Status in progress cannot silently satisfy the review gate (LOOP-086) (800.648533ms)
✔ valid open findings retain their behavior (517.148429ms)
✔ valid resolved findings retain their behavior (413.004873ms)
✔ valid empty findings retain their behavior (376.022713ms)
✔ valid mixed valid findings retain their behavior (344.561618ms)
✔ malformed finding "open:" requires repair (335.882268ms)
✔ malformed finding "resolved:   " requires repair (323.526774ms)
✔ malformed finding "Open: incorrect case" requires repair (299.613563ms)
✔ malformed finding "unknown: issue" requires repair (321.804389ms)
✔ malformed finding "\u001b[31mBAD: issue" requires repair (317.299462ms)
✔ the established explicit empty findings list remains valid (331.440332ms)
✔ a scalar findings value requires the supported list format (303.723011ms)
✔ empty footprint names declaration before scope and records no evidence (LOOP-081) (570.312662ms)
✔ first declaration still checks the full earlier history (LOOP-081) (336.470879ms)
✔ an empty current footprint does not block an explicitly requested existing mechanism (LOOP-081) (271.723491ms)
✔ an inherited mechanism provides a footprint even before local mechanisms exist (216.491451ms)
✔ scope reports every path, escapes line breaks, and gives identical remedies (LOOP-082) (183.887571ms)
✔ scope verdict reuses the answered-escalation annotation (LOOP-048, LOOP-051, LOOP-083) (441.401995ms)
✔ a committed scope acknowledgment lets restored history proceed (LOOP-083) (530.274138ms)
✔ scope acknowledgment must be committed before it can clear a breach (519.218082ms)
✔ ordinary ok does not acknowledge scope history (251.878219ms)
✔ scope escalation refuses unrestored paths and names the restoration remedy (194.968132ms)
✔ an invalid scope request still records an explicitly Blocking decision (126.382158ms)
✔ ask and explanation stay open; only the final committed ok acknowledges scope (616.687868ms)
✔ instead is visible but does not silently authorize a scope exception (335.768356ms)
✔ later changes to an acknowledged path still block, including later reverts (986.063975ms)
✔ approval cannot hide another path changed after the snapshot (330.912964ms)
✔ acknowledged history remains conditional on the paths staying restored (510.83113ms)
✔ editing the scope snapshot after answer invalidates its acknowledgment (270.530031ms)
✔ malformed scope metadata cannot suppress a breach (1294.465649ms)
✔ damaged acknowledgment fields cannot suppress a breach (487.000194ms)
✔ scope path matching is literal, including wildcard filenames and control characters (502.006881ms)
✔ scope acknowledgment does not carry into another activation of the same slug (283.920439ms)
✔ restoration checks additions, deletions, executable modes, and symlink kinds (1450.349005ms)
✔ explicit committed retention keeps correct work and requires new evidence and review (LOOP-084, LOOP-085) (1840.335887ms)
✔ a missing declaration covers correct earlier work without retention or revert (402.04238ms)
✔ keep requires scope and an unchanged committed candidate (130.52291ms)
✔ uncommitted retention and instead answers cannot clear the incident (856.103617ms)
✔ retention does not grant future edits, even when reverted to the approved tree (1101.725133ms)
✔ retention cannot cover another path or another activation (495.963974ms)
✔ imported changes must still match the retained tree (528.239917ms)
✔ retention handles additions, deletions, modes, symlinks, and literal filenames (1891.559094ms)
✔ retention cannot convert an existing restoration answer or accept an unknown mode (408.113254ms)
✔ a check failure after retention remains a failure (651.350794ms)
✔ retained paths stay part of the stable checked candidate without extending its footprint (564.17028ms)
✔ retention ask needs an explanation and final committed approval (552.851968ms)
✔ an unknown scope mode remains invalid even with a matching approval digest (272.859406ms)
✔ backlog writes the item; a second with the same title is refused, never overwritten (LOOP-016) (113.360058ms)
✔ a commit inside the footprint: check runs; outside it: check names the path and does not run (LOOP-035) (541.688008ms)
✔ a file under .cairn/ or docs/ is never a breach (492.777422ms)
✔ declaring the path as an input clears the breach (262.818548ms)
✔ a revert preserves the record of an out-of-scope commit (LOOP-047) (230.504356ms)
✔ a commitment naming a requirement the spec set does not hold as Agreed is repaired (LOOP-029) (74.455393ms)
✔ a requirement in a Draft spec file is not Agreed (68.166964ms)
✔ working agreements and the ignore file are Cairn records (LOOP-035, LOOP-036) (370.216375ms)
✔ the over-asking rule is gone from both skills (SPEC-005, SPEC-006) (2.27071ms)
✔ a decision during the phase is recorded (DEC-003) (0.341863ms)
✔ understanding is restated before writing (SPEC-003) (0.103447ms)
✔ falsifiers are proposed as one set and confirmed by exception (SPEC-004) (0.223553ms)
✔ depth is inferred and domains derived, never asked or imposed (SPEC-008, SPEC-009) (0.143527ms)
✔ a term enters the glossary at first occurrence (SPEC-010) (0.084219ms)
✔ the phase ends at the first commitment, and later ones are specified during the loop (SPEC-011, SPEC-012) (0.175543ms)
✔ a requirement goes Agreed only with a nameable mechanism (SPEC-013) (0.082912ms)
✔ review before agreement, recording what it attacked (SPEC-014, SPEC-015) (0.244365ms)
✔ no spec file without requirements; nothing Agreed without a falsifier (SPEC-001, SPEC-002) (0.148212ms)
✔ Observed is marked, and is not contract (SPEC-016, SPEC-017) (0.241874ms)
✔ the skills exclude artifacts outside Cairn's workflow (0.135992ms)
✔ the working agreement names the agent's move for each verdict and the write-ahead record (LOOP-036) (0.318684ms)
✔ the working agreement names the developer's moves (LOOP-036, DEC-014) (0.05581ms)
✔ this repository runs by the file it ships (0.480483ms)
✔ both skills write the working agreement without naming a vendor's file (LOOP-036, PKG-006) (0.071769ms)
✔ the working agreement says what an attempt is (LOOP-036, DEC-017, DEC-018) (0.033957ms)
✔ the working agreement says a failure no footprint change can address is an escalation, and where an inherited requirement is repaired (DEC-019, LOOP-057) (0.123172ms)
✔ the working agreement states the promote, next-iteration, and no-deferral moves (LOOP-029, LOOP-087, LOOP-091, LOOP-092) (0.058663ms)
✔ both skills sort captures into the backlog or next-iteration and forbid deferral (LOOP-029, LOOP-092, LOOP-093) (0.069864ms)
✔ the skill requires a falsifier on every requirement, a MAY included (SPEC-025) (0.046433ms)
✔ the working agreement names the hooks as optional and the install skill registers them for two harnesses (PKG-006, PKG-018, PKG-019) (0.171385ms)
✔ the working agreement says the kernel is upgraded at Done, never inside a commitment (LOOP-096) (0.045543ms)
✔ the next-iteration skill starts from the specification and ends by naming the next commitment (SPEC-026, SPEC-027) (0.188247ms)
✔ every document that names the project skills names next-iteration beside them (SPEC-026, PKG-014) (2.185214ms)
✔ a two-obligation sentence is named (PKG-007) (33.362665ms)
✔ an obligation with no actor is named (PKG-010) (45.16806ms)
✔ a leading condition clause is not the actor, and the actor after it counts (41.842319ms)
✔ an Agreed requirement with no falsifier is named (SPEC-002); a Draft one is not (96.798113ms)
✔ prose after a Draft requirement with no falsifier is not scanned as requirement text (43.549053ms)
✔ a spec declaring a prefix with no requirement is named (SPEC-001) (38.481816ms)
✔ a keyword in backticks or quotes is a mention, not an obligation (37.822417ms)
✔ this repository's own specification passes the lint (52.779852ms)
✔ duplicate identifiers are rejected within a file and across files (SPEC-020) (84.802709ms)
✔ references resolve across files; missing references name their source (SPEC-021) (80.047273ms)
✔ code examples and quoted mentions are neither definitions nor references (37.507901ms)
✔ machine-local paths are findings in prose, links, quotes, and examples (SPEC-019) (392.574552ms)
✔ relative paths, URLs, slash commands, and character mentions are not absolute path findings (41.667095ms)
✔ a slash after a placeholder continues the template (SPEC-019) (70.991667ms)
✔ a host path is a finding until the file declares it (SPEC-019, SPEC-024) (74.235474ms)
✔ declared host paths cover children with a slash boundary and stay file-local (129.985999ms)
✔ a host-path declaration inside a requirement or example grants no exception (118.899487ms)
✔ host-path declarations require absolute or home-relative entries (148.706364ms)
✔ an Agreed block whose only keyword is MAY needs a falsifier like any other (SPEC-025, SPEC-002) (69.276422ms)
✔ supersede writes both lines, and the old record keeps every word it had (DEC-008, DEC-010) (79.016853ms)
✔ supersede without a cause, or with one outside the four, is refused (DEC-009) (109.326484ms)
✔ supersede of a record that does not exist is refused (76.501012ms)
✔ a predecessor with no title line cannot be stamped, so nothing is written (59.746124ms)
✔ reversals reports counts by decider, cause, and domain (DEC-011) (138.722419ms)
✔ decide in a domain with a reversal is refused without --history, naming the reversal; with it, the record carries History (DEC-012) (147.41622ms)
✔ decide in a domain with no reversals needs no --history (105.925959ms)
✔ a record resting on prose alone is in the domain unspecified, and so is the next one (124.026984ms)
✔ a second declaration for one requirement is accepted, a named check runs every mechanism, and Done needs each to pass (LOOP-056, LOOP-099) (1883.724585ms)
✔ one mechanism's stale evidence names that mechanism, and --stale runs only it (LOOP-056, LOOP-094) (702.924574ms)
✔ attempts are counted within one mechanism's records, so the other's passes do not reset them (LOOP-100, DEC-016) (1327.648711ms)
✔ step 1: an in-progress record is reconciled before anything else (105.844891ms)
✔ step 2: an open escalation is presented and nothing else happens (96.249595ms)
✔ an answered escalation is not open (496.563961ms)
✔ step 3: a decision with no realized-by is built, first by name (87.373091ms)
✔ a superseded decision with no realized-by is not work (125.635782ms)
✔ step 6: a mechanism that has never run is run, not implemented (143.158417ms)
✔ step 6: a requirement whose mechanism fails is implemented (532.402745ms)
✔ step 6 before step 7: failing evidence outranks a missing mechanism (335.765315ms)
✔ step 7: a requirement with no mechanism is declared (94.316273ms)
✔ step 10: every requirement current and passing, review clean, is Done (319.461325ms)
✔ malformed roadmap is Resolvable, not fatal (52.356449ms)
✔ a commitment naming no requirements is Resolvable (51.607158ms)
✔ the primary test: two wakes on the same checkout give the same action (90.149269ms)
✔ outside a cairn repository wake cannot run (35.458831ms)
✔ the loop never waits on the review queue (DEC-015) (327.895357ms)
✔ the linked walkthrough runs from agreement through the next commitment (PKG-016) (1282.095658ms)
ℹ tests 387
ℹ suites 0
ℹ pass 387
ℹ fail 0
ℹ cancelled 0
ℹ skipped 0
ℹ todo 0
ℹ duration_ms 21516.047073
