✔ a Draft block overrides an Agreed file for both wake and check (SPEC-018) (175.424909ms)
✔ an Agreed block overrides a Draft file in the kernel and lint (SPEC-018, SPEC-002) (572.232645ms)
✔ a block Status does not become the file default, including inside examples (SPEC-018) (408.492171ms)
✔ block status without a value does not inherit Agreed by accident (SPEC-018) (98.904764ms)
✔ inheritance needs a file Scope and includes only Agreed blocks, regardless of prefix (PKG-015) (1838.859199ms)
✔ Scope inside a requirement or fenced example does not declare inheritance (PKG-015) (716.627377ms)
✔ a falsifier wrapped onto a line beginning with Status: does not become the block's status (SPEC-018) (1.338155ms)
✔ LOOP-063: reject input mutation during a check and retain diagnostics (407.723811ms)
✔ LOOP-063: reject deletion mutation during a check and retain diagnostics (459.812032ms)
✔ LOOP-063: reject addition mutation during a check and retain diagnostics (417.643876ms)
✔ LOOP-063: reject mode mutation during a check and retain diagnostics (423.462481ms)
✔ LOOP-063: reject specification mutation during a check and retain diagnostics (411.06636ms)
✔ LOOP-063: reject declaration mutation during a check and retain diagnostics (433.733711ms)
✔ LOOP-063: reject commit mutation during a check and retain diagnostics (359.694437ms)
✔ LOOP-063: committed input mutation during execution cannot certify the replacement (332.939229ms)
✔ LOOP-064: removing executable permission makes passing evidence stale (473.765275ms)
✔ LOOP-064: a mode-only change also invalidates the previous review after new evidence (775.511539ms)
✔ LOOP-064: changing a regular file into a link with identical identity bytes is stale (861.177383ms)
✔ LOOP-063: an unchanged candidate still records a pass despite unrelated working-tree edits (223.399748ms)
✔ LOOP-064: current and historical input ordering agrees for Unicode filenames (291.090297ms)
✔ LOOP-063: Git status hiding content changes cannot certify an uncommitted candidate (123.672199ms)
✔ LOOP-066: one check owns execution with a kernel action record (493.431212ms)
✔ LOOP-066: one check owns execution with an agent action record (451.279741ms)
✔ LOOP-066: a live lock is named and never silently overwritten (149.362164ms)
✔ LOOP-066: a dead lock is named and never silently overwritten (162.32631ms)
✔ LOOP-066: a incomplete lock is named and never silently overwritten (163.201288ms)
✔ LOOP-066: an execution error releases the check lock for a corrected rerun (493.412642ms)
✔ LOOP-066: a live kernel action from an older Cairn also blocks execution (100.061842ms)
✔ LOOP-066: separate Git worktrees can run checks independently (534.791926ms)
✔ after a green check --stale runs nothing; after one input changes it runs only that mechanism (LOOP-094) (1014.798282ms)
✔ a mechanism speaking for two stale requirements runs once and refreshes both (LOOP-094, LOOP-040) (690.347501ms)
✔ a fresh failure and an unverified result are skipped with implement named (LOOP-094) (684.812292ms)
✔ --stale with a requirement identifier is refused (LOOP-094) (72.152311ms)
✔ check refuses a dirty declared input and names it; a dirty undeclared file does not block (LOOP-030) (439.728686ms)
✔ check writes one receipt per run carrying the full record and a result line per requirement (LOOP-097) (341.235916ms)
✔ a nonzero exit records fail, and the receipt keeps the exit code (LOOP-034) (365.350732ms)
✔ a pass after a fail keeps the failing record; nothing is overwritten or deleted (LOOP-025) (754.187949ms)
✔ a commit changing a declared input makes evidence stale; an undeclared one does not (LOOP-007) (853.131784ms)
✔ a regression is named before a requirement that never passed (LOOP-031) (851.707775ms)
✔ three attempts with no escalation since: wake says escalate, not a fourth (DEC-016, DEC-017, DEC-018) (2167.862568ms)
✔ the review gate: no review, stale review, open finding, then Done (LOOP-020, LOOP-033) (901.088686ms)
✔ Done is refused while any requirement lacks current passing evidence (LOOP-017) (83.615076ms)
✔ check names a requested requirement that no mechanism claims (87.199399ms)
✔ check writes the in-progress record before the run and clears it after (LOOP-021) (183.161645ms)
✔ a linked declared input digests the same at a commit and in the tree (LOOP-023, LOOP-024) (377.805121ms)
✔ a result line is the mechanism's statement about one requirement; what it did not mention is unverified (LOOP-037, LOOP-052) (191.580874ms)
✔ a mechanism that says nothing is read by its exit code for every requirement (LOOP-039) (167.332186ms)
✔ unverified is not an attempt, and a return to an earlier failed digest counts once (DEC-017, DEC-018) (1536.59609ms)
✔ a result line for a requirement the mechanism does not speak for is named and writes nothing (LOOP-038) (162.596436ms)
✔ a result line inside ordinary output, or without the marker, does not count (189.60703ms)
✔ a targeted check runs the named requirements' mechanisms and records every requirement they speak for (LOOP-040) (189.235443ms)
✔ two result lines for one requirement: a fail on any line wins (167.012684ms)
✔ three runs at one digest with no attempt since: the verdict stays implement and names DEC-019; an escalation naming it among others clears the hint (DEC-019, LOOP-053) (849.345437ms)
✔ a complete commitment with an unpromoted backlog item names promote, and a stamped item lets it reach Done (LOOP-087) (1034.970198ms)
✔ an empty backlog with waiting next-iteration items is Done, with the count as information and no action on them (LOOP-091) (873.751888ms)
✔ a promotion marker must resolve to a decision record (LOOP-088) (288.559733ms)
✔ a commitment promoted from an item needs a decision record naming the item (LOOP-088) (319.750075ms)
✔ the spec lint reports a promotion marker with no decision record (LOOP-088) (86.679532ms)
✔ a promoted commitment that changes an Agreed requirement or the working agreement is an escalation; an unpromoted one is not (LOOP-089, LOOP-090) (1431.049164ms)
✔ a capture from one of the commitment's own requirements needs Outside because: or an escalation (LOOP-092) (1598.306154ms)
✔ a next-iteration item names what it would change, and the capture refuses one that does not (LOOP-093) (383.041038ms)
✔ a commitment specified from a next-iteration item needs the item stamped before anything else (SPEC-027) (478.1152ms)
✔ a by deference marker resolves to a decision record like a promotion marker (SPEC-002, LOOP-088) (198.278828ms)
✔ the LOOP-090 gate reads the Concerns line, not the slug as a substring (LOOP-114) (530.519321ms)
✔ the LOOP-088 check reads the Promotes line, and decide --promotes writes it (LOOP-115) (239.760732ms)
✔ the activation commit of a promoted commitment is inside the LOOP-089 comparison (LOOP-116) (141.623256ms)
✔ the LOOP-090 route needs one escalation: its Concerns line covers the moved item too (LOOP-119, LOOP-092, LOOP-114) (591.546705ms)
✔ an escalation raised before the promoted commitment began does not silence the LOOP-090 gate (LOOP-114) (313.275202ms)
✔ an escalation raised before the commitment began does not silence the capture gate (LOOP-119) (300.091296ms)
✔ the activation commit is inside the scope footprint (LOOP-120) (88.30159ms)
✔ a requirement Agreed at activation that is demoted or removed is a contract change (LOOP-121) (566.420575ms)
✔ the include files are the root files that hold @AGENTS.md: exempt from the footprint, compared by the gate (LOOP-122) (998.120278ms)
✔ a superseded promotion no longer satisfies the LOOP-088 check, and the repair says the promotion was reversed (LOOP-123) (440.447139ms)
✔ the restore route measures from the tree before activation, so a path the activation commit added must go (LOOP-120, LOOP-035) (189.186537ms)
✔ the loop works against exactly one commitment: the current one (LOOP-019) (415.510863ms)
✔ a promotion recorded below Consequential is a repair naming the level, since the developer never sees it in the queue (LOOP-088) (87.283808ms)
✔ every requirement the node-test declaration speaks for is named in a test title (PKG-025) (2.894682ms)
✔ every repository path the tests read is a declared input of node-test (PKG-026) (1.017321ms)
✔ writes a record with every required field and an empty realized-by (DEC-001, DEC-005) (74.967484ms)
✔ a Consequential decision is queued for review (DEC-013) (92.966869ms)
✔ a Consequential decision is queued even when .cairn/queue does not exist yet (79.915601ms)
✔ Routine is refused: routine decisions produce no record (69.761924ms)
✔ a missing field is a usage error and nothing is written (72.748739ms)
✔ supersedes requires a classified cause, and the old record must exist (185.736899ms)
✔ an existing record is not overwritten (138.378162ms)
✔ a queued decision stays queued; nothing but the developer removes it (DEC-014) (250.336238ms)
✔ each accepted decider is stored lowercase, whatever case it was typed in (DEC-020) (604.465135ms)
✔ a decider outside the vocabulary is a usage error naming all three, and nothing is written (DEC-020) (496.730954ms)
✔ an empty --decided-by is the missing-field error, not the vocabulary one (93.452399ms)
✔ LOOP-006, LOOP-067: missing inputs names a declaration repair before execution (183.053009ms)
✔ LOOP-006, LOOP-067: empty inputs names a declaration repair before execution (180.982679ms)
✔ LOOP-006, LOOP-067: missing command names a declaration repair before execution (155.956289ms)
✔ LOOP-006, LOOP-067: list command names a declaration repair before execution (158.923619ms)
✔ LOOP-006, LOOP-067: empty command names a declaration repair before execution (144.986451ms)
✔ LOOP-006, LOOP-067: missing requirements names a declaration repair before execution (166.483763ms)
✔ LOOP-006, LOOP-067: bad identifier names a declaration repair before execution (161.322881ms)
✔ LOOP-067: scalar one-item lists retain their existing meaning (345.846629ms)
✔ LOOP-068: a unpopulated gitlink is refused by name (196.880467ms)
✔ LOOP-068: a populated gitlink is refused by name (203.211404ms)
✔ LOOP-069: identical selections across 100 mechanisms use at most 20 Git processes (169.874883ms)
✔ escalate writes the six-line format followed by its facts, and wake presents it (LOOP-010, LOOP-026) (154.527694ms)
✔ a missing or multi-line field is refused with the field named, and nothing is written (LOOP-012) (236.534793ms)
✔ a Blocking escalation that fails the format is written anyway, naming the malformed field (LOOP-013) (141.968046ms)
✔ the loop stops for the developer only at Blocking: a recorded decision below it never yields Escalate, and the Blocking bypass must be spelled exactly (DEC-002) (308.411352ms)
✔ a second escalation while one is open is refused (LOOP-011) (159.806262ms)
✔ answer records the reply; wake no longer presents it; a second answer is refused (252.583928ms)
✔ answer to an unknown escalation is refused (90.545923ms)
✔ a stranger resumes from the file alone: question and answer are both in it (LOOP-014) (160.959812ms)
✔ a developer-shaped answer during the agent's turn is refused and writes nothing; the explanation is still accepted (LOOP-135) (565.120709ms)
✔ after an answer, the same concern can be escalated again under a new name (208.94469ms)
✔ an escalation exists when its file does, committed or not (LOOP-009) (105.311793ms)
✔ developer answers require one of the three forms and cannot inject fields (LOOP-048) (591.920378ms)
✔ ask, agent explanation, another ask, and ok stay ordered in one file (LOOP-049, LOOP-050, LOOP-014) (707.832649ms)
✔ fresh closed answers accompany only concerned requirements until new evidence (LOOP-051) (691.606734ms)
✔ a raised escalation carries no derivable status line, and an old record with one still parses (LOOP-028) (151.584637ms)
✔ LOOP-065: delete of output refuses Done and a new run recovers (1219.499649ms)
✔ LOOP-065: corrupt of output refuses Done and a new run recovers (1261.682513ms)
✔ LOOP-065: delete of stderr_output refuses Done and a new run recovers (960.984372ms)
✔ LOOP-065: corrupt of stderr_output refuses Done and a new run recovers (862.856903ms)
✔ LOOP-065: a receipt without output needs a new check (459.788117ms)
✔ LOOP-065: a receipt without output_digest needs a new check (495.201723ms)
✔ LOOP-065: a receipt without stderr_output needs a new check (451.083097ms)
✔ LOOP-065: a receipt without stderr_digest needs a new check (399.803824ms)
✔ LOOP-065: legacy unverifiable output is rerun without rewriting history (677.967104ms)
✔ a fresh record names the kernel that wrote it (LOOP-023) (304.336772ms)
✔ LOOP-095: a record from another kernel is stale with the kernel named, and a new check restores Done (667.60029ms)
✔ LOOP-095: a record from no kernel is stale with the kernel named, and a new check restores Done (685.740847ms)
✔ LOOP-070: a later failure is latest even when the clock moves backward (1015.542178ms)
✔ LOOP-070: receipt collisions at one clock instant retain execution order beyond nine suffixes (3315.095187ms)
✔ LOOP-070: imported branch receipts stale a later sequence until a new check incorporates them (1192.147711ms)
✔ LOOP-070, LOOP-098: legacy receipts need one ordered check, remain byte-for-byte unchanged, and precede the run receipt in the history (516.221577ms)
✔ LOOP-070: edit of a prior receipt requires fresh evidence (453.044972ms)
✔ LOOP-070: remove of a prior receipt requires fresh evidence (433.997942ms)
✔ LOOP-075: supporting evidence file README.md does not become a receipt (492.606625ms)
✔ LOOP-075: supporting evidence file notes.txt does not become a receipt (471.23001ms)
✔ LOOP-075: supporting evidence file support does not become a receipt (499.898103ms)
✔ LOOP-075: supporting evidence file .DS_Store does not become a receipt (444.468813ms)
✔ LOOP-075: a malformed result line (result=success) names a repair before execution (342.858098ms)
✔ LOOP-075: a malformed result line (sequence=NaN) names a repair before execution (325.816447ms)
✔ LOOP-075: a malformed result line (sequence=9007199254740992) names a repair before execution (338.409678ms)
✔ LOOP-075: a malformed result line (history_digest=wrong) names a repair before execution (293.55352ms)
✔ LOOP-075: a malformed result line (tokens) names a repair before execution (308.096645ms)
✔ LOOP-075: a receipt-shaped directory is a named repair instead of an EISDIR crash (245.633178ms)
✔ LOOP-070: an earlier escalation cannot cover three new attempts after clock rollback (1047.674764ms)
✔ LOOP-070: an answer becomes old after a later check even if that check's timestamp is earlier (599.745398ms)
✔ LOOP-070: the newest answer wins between checks even when its clock timestamp is older (432.226083ms)
✔ LOOP-070: legacy escalation dates cover old receipts but not three newer sequenced runs (1285.594173ms)
✔ a PKG requirement the commitment does not name is declared, run, and gates Done (PKG-011) (1873.679483ms)
✔ a PKG requirement in a Draft spec is not folded in (509.557331ms)
✔ LOOP-076, LOOP-079: stale inputs identify the receipt and the check to run (656.847893ms)
✔ LOOP-077: names a content change using checked input identity (644.964424ms)
✔ LOOP-077: names a mode change using checked input identity (686.846405ms)
✔ LOOP-077: names a kind change using checked input identity (687.633634ms)
✔ LOOP-077: names a added change using checked input identity (522.733686ms)
✔ LOOP-077: names a removed change using checked input identity (501.749259ms)
✔ LOOP-077: names a link-target change using checked input identity (770.571385ms)
✔ LOOP-077: changed selection compares the old and new input sets (449.646806ms)
✔ LOOP-077: raw CRLF changes remain visible when Git-clean content agrees (489.654282ms)
✔ LOOP-077: detail output is sorted, bounded, and reports the omitted count (452.399533ms)
✔ LOOP-077: filenames cannot inject lines or terminal controls into explanations (388.243713ms)
✔ LOOP-077: receipts from one run share details and do not store source contents (285.145113ms)
✔ LOOP-078, LOOP-080: legacy optional detail limits explanation without changing standing (464.378437ms)
✔ LOOP-078, LOOP-080: invalid-field optional detail limits explanation without changing standing (474.722715ms)
✔ LOOP-078, LOOP-080: missing optional detail limits explanation without changing standing (476.069248ms)
✔ LOOP-078, LOOP-080: invalid-json optional detail limits explanation without changing standing (491.494186ms)
✔ LOOP-078, LOOP-080: mismatched optional detail limits explanation without changing standing (460.191409ms)
✔ LOOP-078, LOOP-080: duplicate optional detail limits explanation without changing standing (458.37535ms)
✔ LOOP-078, LOOP-080: unsafe-path optional detail limits explanation without changing standing (464.386938ms)
✔ LOOP-078, LOOP-080: directory optional detail limits explanation without changing standing (420.256463ms)
✔ LOOP-078, LOOP-080: symlink optional detail limits explanation without changing standing (430.944107ms)
✔ LOOP-078: unavailable old requirement text is not claimed as a proven change (385.089974ms)
✔ LOOP-076, LOOP-079: changed requirements identify evidence and retain review-before-check guidance (395.781272ms)
✔ LOOP-078: simultaneous input and output damage keep both reasons (420.934443ms)
✔ LOOP-080: deterministic freshness sequence seed=7 (8601.822555ms)
✔ LOOP-080: deterministic freshness sequence seed=42 (5883.524866ms)
✔ LOOP-080: deterministic freshness sequence seed=913 (4803.482422ms)
✔ LOOP-080: agreement changes, mechanism review, checks, and completion review retain priority (1200.189992ms)
✔ LOOP-080: imported receipt history demands a rerun without a false input explanation (1254.693663ms)
✔ LOOP-073: clean CRLF input completes under attributes (599.536675ms)
✔ LOOP-073: clean CRLF input completes under autocrlf (510.884546ms)
✔ LOOP-073: raw line-ending mutation during a run is rejected even when Git still sees the same content (263.871356ms)
✔ LOOP-073: execution evidence changes when clean conversion preserves committed identity (1082.010221ms)
✔ LOOP-073: Git clean filters use Git's conversion while retaining raw evidence identity (479.469973ms)
✔ LOOP-073: failure of a required Git filter cannot record evidence (121.759901ms)
✔ LOOP-073: a clean filter moving HEAD during ending validation prevents evidence (389.574795ms)
✔ LOOP-073: canonical Git identities handle links without reading their targets (391.735419ms)
✔ LOOP-073: Git conversion keeps raw Unicode and control-character input paths (406.645671ms)
✔ LOOP-073: conversion and links work in a SHA-256 Git repository (369.815302ms)
✔ LOOP-074: historical specification filename "café.md" remains reviewable (363.407775ms)
✔ LOOP-074: historical specification filename "spec\ttab.md" remains reviewable (411.73599ms)
✔ LOOP-074: historical specification filename "spec\nline.md" remains reviewable (342.233418ms)
✔ help works outside a repository without running a command (PKG-017) (1031.262475ms)
✔ help does not hide invalid options or consume literal arguments (218.217747ms)
✔ help lists the lint command (PKG-017) (58.607092ms)
✔ the stop hook refuses a stop while wake says Resolvable, with the verdict as the reason (PKG-018) (211.760034ms)
✔ the stop hook allows a stop at Done, at Escalate, and outside a Cairn repository (PKG-018) (990.950864ms)
✔ the session-start hook links the command once and prints the verdict in a Cairn repository (PKG-019, PKG-014, PKG-005) (517.108034ms)
✔ the session-start hook prints no verdict outside a Cairn repository and leaves an existing link that resolves alone (PKG-019) (70.113991ms)
✔ a checkout under a path with a space links a command that resolves, and its stop hook still blocks (PKG-019, PKG-021) (352.587903ms)
✔ the hooks run the kernel the command link resolves to, so hook and agent share one referee (PKG-021) (982.526121ms)
✔ a dangling link is replaced and reported (PKG-019) (150.921351ms)
✔ errors exit 0 with one line on standard error and no stack trace (PKG-022) (164.478465ms)
✔ the hooks judge with the cairn on PATH, a wrapper included, and session-start names it (PKG-033) (931.85291ms)
✔ a link to a wrapper or file is kept; a dangling link or one to a directory is replaced (PKG-034) (376.071365ms)
✔ a project below the Git toplevel gets the verdict and the stop refusal (PKG-035) (279.067962ms)
✔ a kernel that prints no verdict is one stderr line: the stop is allowed and session-start prints no trace (PKG-036) (185.160494ms)
✔ a link that cannot be created is one stderr line, and the verdict still prints (PKG-019, PKG-022) (125.366995ms)
✔ with git absent the hooks say so in one line and block nothing (PKG-022) (73.295382ms)
✔ cairn lint runs the checker over docs/spec by default and over a named directory (PKG-028) (290.696805ms)
✔ cairn lint names a missing directory in one line, takes one argument, and reports a bad root (PKG-028) (221.233512ms)
✔ three megabytes are retained exactly once with matching digests (LOOP-041, LOOP-042) (357.254188ms)
✔ split stdout result lines survive a long non-result line; stderr is never a verdict (346.609444ms)
✔ signal termination is recorded and logs survive a clone (LOOP-043) (375.894804ms)
✔ working agreements and ignore changes are Cairn records inside the footprint (366.699421ms)
✔ a clean package passes (115.903865ms)
✔ PKG-001: a dependency, or a service manifest (167.936918ms)
✔ PKG-002: ignoring evidence or other durable state, by directory or by extension (159.838999ms)
✔ PKG-003: a command, a directory, or a record kind no decision names (254.393963ms)
✔ PKG-004: a kernel over 1600 lines, counting every file under bin/ as wc -l does; exactly 1600 passes (338.760677ms)
✔ PKG-006: a skill step naming a vendor's product, in either order, across a wrapped list item (PKG-027) (373.269587ms)
✔ PKG-008: a non-ASCII character in a tracked text file (98.53618ms)
✔ PKG-009: the kernel importing from tests (82.914804ms)
✔ PKG-012: a network call or a model vendor in the kernel (174.597658ms)
✔ PKG-013: deferral language, but not in code, quotes, or a rule (616.772534ms)
✔ a tracked path deleted from the working tree is skipped, not a crash (88.07923ms)
✔ a sentence in a Formats section is not a record kind (83.712483ms)
✔ a record kind named by its path alone is checked (70.534463ms)
✔ PKG-002: a tracked in-progress record (70.716206ms)
✔ PKG-002: ignoring evidence alone is a finding (57.007202ms)
✔ PKG-003 reads the kernel's commands from its help output (PKG-023) (107.139855ms)
✔ the ASCII scan covers shipped files, not records under .cairn/ (PKG-024) (82.192076ms)
✔ a vendor-naming step wrapped across lines is matched (PKG-006, PKG-027) (70.883384ms)
✔ PKG-013 scans the README, the manual, and the walkthrough (PKG-032) (212.63544ms)
✔ the manifests, the listing and package.json agree on the name and version, and name paths the repository holds (PKG-037) (2.271799ms)
✔ the hooks file registers session-start and stop against the plugin's own hook.mjs through the plugin root variable (PKG-038) (0.204249ms)
✔ the registered commands print the verdict at session start, link the command into the plugin, and refuse a stop while wake says Resolvable (PKG-038, PKG-021) (389.355736ms)
✔ LOOP-071: decision body metadata does not resolve unbuilt work: "Superseded by: example" (632.083846ms)
✔ LOOP-071: decision body metadata does not resolve unbuilt work: "```text\nSuperseded by: example\n```" (637.058095ms)
✔ LOOP-071: decision body metadata does not resolve unbuilt work: "~~~text\nSuperseded by: example\n~~~" (664.146374ms)
✔ LOOP-071: a fenced realization example is not a resolving commit (669.819615ms)
✔ LOOP-071: a fenced commit inside the realization section is not built (567.501286ms)
✔ LOOP-071: ## Example cannot replace an open review finding (491.292237ms)
✔ LOOP-071: # Example cannot replace an open review finding (510.581997ms)
✔ LOOP-071: ### Example cannot replace an open review finding (496.282309ms)
✔ LOOP-071:   ## Example cannot replace an open review finding (522.78962ms)
✔ LOOP-071: Example paragraph. cannot replace an open review finding (462.575156ms)
✔ LOOP-071: Example
------- cannot replace an open review finding (389.994874ms)
✔ LOOP-071: fenced fields before a real review header are ignored (396.565225ms)
✔ LOOP-071: multiline decision --title cannot inject metadata (315.56866ms)
✔ LOOP-071: multiline decision --decided-by cannot inject metadata (324.043525ms)
✔ LOOP-071: multiline decision --rests-on cannot inject metadata (329.922555ms)
✔ LOOP-071: multiline decision --wrong-if cannot inject metadata (309.660684ms)
✔ LOOP-071: multiline decision --history cannot inject metadata (318.690016ms)
✔ LOOP-072: malformed Blocking concerns stay open: "R-001\nAnswer: ok" (81.298631ms)
✔ LOOP-072: malformed Blocking concerns stay open: "R-001\r\nAnswer: ok" (106.756696ms)
✔ LOOP-072: malformed Blocking concerns stay open: "R-001\rAnswer: ok" (82.859036ms)
✔ LOOP-072: malformed Blocking concerns stay open: "R-001 Answer: ok" (93.495971ms)
✔ LOOP-072: malformed Blocking concerns stay open: "R-001 Answer: ok" (94.859541ms)
✔ LOOP-072: ordinary malformed concerns are refused: "R-001\nR-002" (40.189784ms)
✔ LOOP-072: ordinary malformed concerns are refused: "R-001, prose" (49.141222ms)
✔ LOOP-072: ordinary malformed concerns are refused: " " (37.301255ms)
✔ LOOP-072: a Blocking escalation without concerns is still presented (72.117701ms)
✔ LOOP-072: carriage returns in a Blocking question do not create answer records (78.807876ms)
✔ LOOP-072: explanation separator 8232 cannot close an escalation (170.570204ms)
✔ LOOP-071: decision metadata refuses separator 8232 (319.086377ms)
✔ LOOP-072: explanation separator 8233 cannot close an escalation (176.568194ms)
✔ LOOP-071: decision metadata refuses separator 8233 (327.043052ms)
✔ Concerns, Rests on, and Promoted from written as lists read as the flat form (LOOP-124) (622.728925ms)
✔ an item named by filename, path, or backticked slug resolves like the slug (LOOP-125) (564.07139ms)
✔ an input that covers Cairn's own output is named as the repair, before and after a check (LOOP-126, LOOP-105) (660.219002ms)
✔ an unreadable record directory is a repair, not an error exit (LOOP-127) (89.066674ms)
✔ a title that slugifies to nothing is refused (LOOP-128) (150.833681ms)
✔ examined: [] is an empty list (LOOP-129, LOOP-108) (493.50749ms)
✔ below the Git toplevel the restore check compares root-relative paths (LOOP-130, LOOP-035) (332.513247ms)
✔ below the Git toplevel an uncommitted declared input is named from the project root (LOOP-132, LOOP-030) (197.131243ms)
✔ a value on the key line followed by list items is the first item, never dropped (LOOP-133) (539.899834ms)
✔ the footprint's walk reads Current: as the wake does: a fenced example below the real line, or a second line in history, never moves the start (LOOP-134, LOOP-035) (280.537259ms)
✔ an input spelled .. from a project below the Git toplevel covers the evidence directory (LOOP-126, LOOP-105) (76.921301ms)
✔ a Consequential record this commitment added needs its queue entry committed (LOOP-131, DEC-004) (472.585951ms)
✔ a mechanism that removes the check lock still gets its evidence, with no repair for the lock (LOOP-107) (228.783222ms)
✔ a staged rename reads as its two paths, never as a bare origin token (LOOP-030, LOOP-110) (109.075379ms)
✔ a Current: line inside a fenced example is neither a second Current: line nor the commitment, before or after the real line (LOOP-104) (182.532151ms)
✔ a Status: word is taken only from a line that carries one, never from wrapped prose after it (SPEC-018) (0.59541ms)
✔ the placeholder left above a resolving entry is a repair naming the file (DEC-021) (288.917733ms)
✔ the placeholder alone is a decision recorded and not yet built, unchanged (DEC-007) (67.385094ms)
✔ resolving entries with no placeholder are unchanged (DEC-006) (132.078377ms)
✔ a shallow clone that cannot resolve its entries is still told to fetch, not to edit (LOOP-113 keeps precedence) (122.016705ms)
✔ the placeholder quoted in a fenced example does not make a built record a repair (DEC-021) (115.997008ms)
✔ supersede takes the same decider vocabulary as decide (DEC-020) (96.938863ms)
✔ a superseded record is held to the same line: its placeholder above a resolving entry is a repair (DEC-021, DEC-010) (144.565057ms)
✔ realize() touches only the Realized by section; a body that quotes the placeholder keeps it (97.121165ms)
✔ an unmatched input is refused before execution (LOOP-044) (191.098459ms)
✔ an indexed input deleted on disk asks for a commit (LOOP-045) (177.668517ms)
✔ wake and check require a Git working tree (LOOP-046) (135.342097ms)
✔ recovery removes only dead kernel run records and identifies a live owner (LOOP-054, LOOP-055) (328.776639ms)
✔ an agent action based behind a clean HEAD appears committed (LOOP-027) (227.275145ms)
✔ realization needs a real commit and a subject (DEC-006) (319.190586ms)
✔ 1500 binary inputs digest identically at the review commit in under a second (LOOP-024) (1536.705647ms)
✔ merged work is excluded but a later own commit is a breach (LOOP-047) (246.341086ms)
✔ exact Current tenure ignores prefix matches and earlier visits to the same slug (LOOP-035) (239.993086ms)
✔ a kernel run records its supervising PID (LOOP-054) (218.973624ms)
✔ a merged declared input still stales evidence (LOOP-047) (380.853726ms)
✔ wildcard and magic pathspecs select the same historical inputs (LOOP-024, LOOP-032) (2082.423089ms)
✔ historical selection retains deleted files and excludes new ones (LOOP-024, LOOP-035) (1170.00863ms)
✔ cairn --version prints the package.json version outside a repository, and help lists it (PKG-039) (203.473767ms)
✔ a release is one commit setting one version in the five files, with the changelog entry, tagged v<version> (PKG-040) (1092.799805ms)
✔ the release script refuses a bad version, no increase, a dirty tree, a missing entry, a taken tag, a disagreeing file, and a loop not at Done, each in one line with nothing written (PKG-040) (2082.881865ms)
✔ explicit reporting with no lines and exit 0 establishes no requirement verdicts (LOOP-061) (455.689336ms)
✔ explicit reporting with no lines and exit 1 establishes no requirement verdicts (LOOP-061) (450.076687ms)
✔ a reporter that cannot start keeps execution diagnostics without blaming requirements (LOOP-062) (330.243715ms)
✔ large output cannot kill a reporter or invent a requirement verdict (387.420888ms)
✔ explicit mode ignores cairn: R-999: pass (333.013734ms)
✔ explicit mode ignores cairn: R-001: unverified (366.552079ms)
✔ explicit mode ignores cairn: R-001: passed (294.694743ms)
✔ explicit results survive nonzero exit and contradictory duplicates still fail (545.926734ms)
✔ unverified results across changed inputs never become failed attempts (1302.131728ms)
✔ legacy exit 0 retains its interpretation (230.365834ms)
✔ legacy exit 1 retains its interpretation (224.927509ms)
✔ a misspelled reporting mode is refused before execution (129.579683ms)
✔ changed requirement blocks unchecked reruns and makes the completion review stale (LOOP-058, LOOP-059) (1906.187771ms)
✔ falsifier changes need review; separate rationale and other requirements do not change a receipt (1244.210996ms)
✔ legacy receipts recover requirement identity from their commit; unavailable history requires review (820.064478ms)
✔ check refuses uncommitted requirement text and mechanism review markers (762.637051ms)
✔ tightened response limit cannot reuse the old passing check (1348.980408ms)
✔ a declared input over 1 MiB agrees at a commit and in the tree (LOOP-060) (415.259342ms)
✔ a failed Git blob read cannot be hashed as an empty blob (356.349069ms)
✔ Git listings over 1 MiB include the last declared input (2283.919067ms)
✔ requirement identity excludes fenced examples and status dates (454.145072ms)
✔ DemonCoder REM-002 and Status in progress cannot silently satisfy the review gate (LOOP-086) (789.394074ms)
✔ valid open findings retain their behavior (553.926001ms)
✔ valid resolved findings retain their behavior (535.858241ms)
✔ valid empty findings retain their behavior (584.973175ms)
✔ valid mixed valid findings retain their behavior (445.71546ms)
✔ malformed finding "open:" requires repair (380.866119ms)
✔ malformed finding "resolved:   " requires repair (349.140629ms)
✔ malformed finding "Open: incorrect case" requires repair (367.34638ms)
✔ malformed finding "unknown: issue" requires repair (367.644494ms)
✔ malformed finding "\u001b[31mBAD: issue" requires repair (343.786679ms)
✔ the established explicit empty findings list remains valid (399.521958ms)
✔ a scalar findings value requires the supported list format (343.003236ms)
✔ a Requirements: line written as a list is read like the flat form (LOOP-102) (141.08787ms)
✔ a subdirectory or a README in a record directory changes nothing (LOOP-103) (517.703015ms)
✔ two Current: lines are a roadmap repair (LOOP-104) (83.957181ms)
✔ a repeated identifier, an input under the evidence directory, and a missing cwd are refused by name (LOOP-105) (469.391946ms)
✔ a requirement whose evidence outlives its mechanism is named declare, not a regression or an escalation (LOOP-106) (1134.174348ms)
✔ an unreadable record is a repair, not an error exit (LOOP-107) (89.440183ms)
✔ a review needs commit, a nonempty examined list, and a findings list, each named when missing (LOOP-108) (930.213058ms)
✔ a decision record missing a header field or naming a missing predecessor is a repair (LOOP-109) (274.197141ms)
✔ a dirty declared input with no in-progress record is named record ahead of run (LOOP-022, LOOP-110) (249.14936ms)
✔ with core.filemode false the index mode is the identity, so a mode-only difference does not refuse the check (LOOP-111) (240.896184ms)
✔ a project below the Git toplevel can run check (LOOP-112) (251.409098ms)
✔ a shallow clone names history to fetch, not a decision to build (LOOP-113) (136.832963ms)
✔ record-writing commands refuse to run outside a Cairn repository and write nothing (LOOP-118) (236.598885ms)
✔ empty footprint names declaration before scope and records no evidence (LOOP-081) (605.47518ms)
✔ first declaration still checks the full earlier history (LOOP-081) (393.107473ms)
✔ an empty current footprint does not block an explicitly requested existing mechanism (LOOP-081) (357.059633ms)
✔ an inherited mechanism provides a footprint even before local mechanisms exist (273.169319ms)
✔ scope reports every path, escapes line breaks, and gives identical remedies (LOOP-082) (299.47364ms)
✔ scope verdict reuses the answered-escalation annotation (LOOP-048, LOOP-051, LOOP-083) (673.150231ms)
✔ a committed scope acknowledgment lets restored history proceed (LOOP-083) (703.36871ms)
✔ scope acknowledgment must be committed before it can clear a breach (640.769413ms)
✔ ordinary ok does not acknowledge scope history (320.347489ms)
✔ scope escalation refuses unrestored paths and names the restoration remedy (268.910071ms)
✔ an invalid scope request still records an explicitly Blocking decision (159.592158ms)
✔ ask and explanation stay open; only the final committed ok acknowledges scope (764.158491ms)
✔ instead is visible but does not silently authorize a scope exception (382.935771ms)
✔ later changes to an acknowledged path still block, including later reverts (1082.079749ms)
✔ approval cannot hide another path changed after the snapshot (395.072687ms)
✔ acknowledged history remains conditional on the paths staying restored (551.715324ms)
✔ editing the scope snapshot after answer invalidates its acknowledgment (306.246493ms)
✔ malformed scope metadata cannot suppress a breach (1373.994903ms)
✔ damaged acknowledgment fields cannot suppress a breach (540.168105ms)
✔ scope path matching is literal, including wildcard filenames and control characters (489.823381ms)
✔ scope acknowledgment does not carry into another activation of the same slug (320.41295ms)
✔ restoration checks additions, deletions, executable modes, and symlink kinds (1520.518848ms)
✔ explicit committed retention keeps correct work and requires new evidence and review (LOOP-084, LOOP-085) (2282.779142ms)
✔ a missing declaration covers correct earlier work without retention or revert (527.035696ms)
✔ keep requires scope and an unchanged committed candidate (166.101383ms)
✔ uncommitted retention and instead answers cannot clear the incident (1070.402091ms)
✔ retention does not grant future edits, even when reverted to the approved tree (1393.192711ms)
✔ retention cannot cover another path or another activation (594.43408ms)
✔ imported changes must still match the retained tree (549.904104ms)
✔ retention handles additions, deletions, modes, symlinks, and literal filenames (1958.059943ms)
✔ retention cannot convert an existing restoration answer or accept an unknown mode (400.668764ms)
✔ a check failure after retention remains a failure (647.907989ms)
✔ retained paths stay part of the stable checked candidate without extending its footprint (560.625438ms)
✔ retention ask needs an explanation and final committed approval (536.061091ms)
✔ an unknown scope mode remains invalid even with a matching approval digest (304.799157ms)
✔ backlog writes the item; a second with the same title is refused, never overwritten (LOOP-016) (128.962879ms)
✔ a commit inside the footprint: check runs; outside it: check names the path and does not run (LOOP-015, LOOP-035) (572.60028ms)
✔ Cairn's records are never a breach; another file under docs/ is (LOOP-117) (651.186506ms)
✔ declaring the path as an input clears the breach (344.314405ms)
✔ a revert preserves the record of an out-of-scope commit (LOOP-047) (369.393833ms)
✔ a commitment naming a requirement the spec set does not hold as Agreed is repaired (LOOP-029) (80.525033ms)
✔ a requirement in a Draft spec file is not Agreed (79.431579ms)
✔ working agreements and the ignore file are Cairn records (LOOP-035, LOOP-036) (416.768549ms)
✔ the over-asking rule is gone from both skills (SPEC-005, SPEC-006, SPEC-007) (2.833426ms)
✔ a decision during the phase is recorded (DEC-003) (0.210623ms)
✔ understanding is restated before writing (SPEC-003) (0.135676ms)
✔ falsifiers are proposed as one set and confirmed by exception (SPEC-004) (0.225959ms)
✔ depth is inferred and domains derived, never asked or imposed (SPEC-008, SPEC-009) (0.210054ms)
✔ a term enters the glossary at first occurrence (SPEC-010) (0.120692ms)
✔ the phase ends at the first commitment, and later ones are specified during the loop (SPEC-011, SPEC-012) (0.123005ms)
✔ a requirement goes Agreed only with a nameable mechanism (SPEC-013) (0.100223ms)
✔ review before agreement, recording what it attacked (SPEC-014, SPEC-015) (0.167991ms)
✔ no spec file without requirements; nothing Agreed without a falsifier (SPEC-001, SPEC-002) (0.190985ms)
✔ Observed is marked, and is not contract (SPEC-016, SPEC-017) (0.178805ms)
✔ the skills exclude artifacts outside Cairn's workflow (0.170271ms)
✔ the working agreement names the agent's move for each verdict and the write-ahead record (LOOP-036) (0.185738ms)
✔ the working agreement names the developer's moves (LOOP-036, DEC-014) (0.092078ms)
✔ this repository runs by the file it ships (0.504974ms)
✔ both skills write the working agreement without naming a vendor's file (LOOP-002, LOOP-036, PKG-006) (0.13913ms)
✔ the working agreement says what an attempt is (LOOP-036, DEC-017, DEC-018) (0.085072ms)
✔ the working agreement says a failure no footprint change can address is an escalation, and where an inherited requirement is repaired (DEC-019, LOOP-057) (0.101968ms)
✔ the working agreement states the promote, next-iteration, and no-deferral moves (LOOP-029, LOOP-087, LOOP-091, LOOP-092) (0.098709ms)
✔ both skills sort captures into the backlog or next-iteration and forbid deferral (LOOP-029, LOOP-092, LOOP-093) (0.091653ms)
✔ the skill requires a falsifier on every requirement, a MAY included (SPEC-025) (0.076648ms)
✔ the working agreement names the hooks as optional and the install skill registers them for two harnesses (PKG-006, PKG-018, PKG-019) (0.594895ms)
✔ the working agreement says the kernel is upgraded at Done, never inside a commitment (LOOP-096) (0.086696ms)
✔ the next-iteration skill starts from the specification and ends by naming the next commitment (SPEC-026, SPEC-027) (0.261912ms)
✔ every document that names the project skills names next-iteration beside them (SPEC-026, PKG-014) (3.173978ms)
✔ the working agreement states a move for every action the kernel can name (LOOP-101) (1.910112ms)
✔ the working agreement states both record formats and the two flags the moves need (LOOP-036) (0.190523ms)
✔ the skills demonstrate a safe violating example and preserve recon findings (SPEC-022, SPEC-023) (0.073484ms)
✔ the specification skills run the checker through the cairn command (PKG-029) (0.234452ms)
✔ the README invokes the phase skills by name and states versions and platforms (PKG-030, PKG-031) (0.479124ms)
✔ the manual and the walkthrough say the loop promotes backlog items at Done (0.710439ms)
✔ a two-obligation sentence is named (PKG-007) (38.884896ms)
✔ an obligation with no actor is named (PKG-010) (43.495662ms)
✔ a leading condition clause is not the actor, and the actor after it counts (41.696316ms)
✔ an Agreed requirement with no falsifier is named (SPEC-002); a Draft one is not (86.425505ms)
✔ prose after a Draft requirement with no falsifier is not scanned as requirement text (45.998785ms)
✔ a spec declaring a prefix with no requirement is named (SPEC-001) (49.971082ms)
✔ a keyword in backticks or quotes is a mention, not an obligation (42.891951ms)
✔ duplicate identifiers are rejected within a file and across files (SPEC-020) (88.846042ms)
✔ references resolve across files; missing references name their source (SPEC-021) (87.20773ms)
✔ code examples and quoted mentions are neither definitions nor references (39.704266ms)
✔ machine-local paths are findings in prose, links, quotes, and examples (SPEC-019) (472.653725ms)
✔ relative paths, URLs, slash commands, and character mentions are not absolute path findings (55.337811ms)
✔ a slash after a placeholder continues the template (SPEC-019) (87.207063ms)
✔ a host path is a finding until the file declares it (SPEC-019, SPEC-024) (91.665072ms)
✔ declared host paths cover children with a slash boundary and stay file-local (152.78745ms)
✔ a host-path declaration inside a requirement or example grants no exception (166.287181ms)
✔ host-path declarations require absolute or home-relative entries (218.553878ms)
✔ an Agreed block whose only keyword is MAY needs a falsifier like any other (SPEC-025, SPEC-002) (82.693746ms)
✔ a regex literal is not a path, a drive path and a file URL are, and a skill's slash name is allowed (SPEC-028, SPEC-029) (84.265681ms)
✔ a backticked or quoted actor still counts as one (PKG-010) (51.285361ms)
✔ supersede writes both lines, and the old record keeps every word it had (DEC-008, DEC-010) (99.300838ms)
✔ supersede without a cause, or with one outside the four, is refused (DEC-009) (139.329494ms)
✔ supersede of a record that does not exist is refused (76.282694ms)
✔ a predecessor with no title line cannot be stamped, so nothing is written (89.898804ms)
✔ reversals reports counts by decider, cause, and domain (DEC-011) (184.9404ms)
✔ decide in a domain with a reversal is refused without --history, naming the reversal; with it, the record carries History (DEC-012) (207.470629ms)
✔ decide in a domain with no reversals needs no --history (140.520913ms)
✔ a record resting on prose alone is in the domain unspecified, and so is the next one (141.941927ms)
✔ the decider tally normalizes case and whitespace, and names a value outside the vocabulary (DEC-020, DEC-011) (73.845259ms)
✔ a record with no Decided by line is tallied as unrecorded, not as a vocabulary value (67.44141ms)
✔ Decided by written as a list tallies like the flat form, and does not crash the report (LOOP-124, DEC-020) (74.572652ms)
✔ a second declaration for one requirement is accepted, a named check runs every mechanism, and Done needs each to pass (LOOP-056, LOOP-099) (1987.34787ms)
✔ one mechanism's stale evidence names that mechanism, and --stale runs only it (LOOP-056, LOOP-094) (747.479837ms)
✔ attempts are counted within one mechanism's records, so the other's passes do not reset them (LOOP-100, DEC-016) (1480.407492ms)
✔ step 1: an in-progress record is reconciled before anything else (107.875116ms)
✔ step 2: an open escalation is presented and nothing else happens (108.750077ms)
✔ an answered escalation is not open (443.059268ms)
✔ step 3: a decision with no realized-by is built, first by name (DEC-007) (78.710914ms)
✔ a superseded decision with no realized-by is not work (125.922715ms)
✔ step 6: a mechanism that has never run is run, not implemented (LOOP-008) (130.467536ms)
✔ step 6: a requirement whose mechanism fails is implemented (423.499347ms)
✔ step 6 before step 7: failing evidence outranks a missing mechanism (339.113915ms)
✔ step 7: a requirement with no mechanism is declared (LOOP-106) (95.52291ms)
✔ every verdict names who acts: Resolvable is the agent's, Done needs nobody, Escalate waits for the developer (LOOP-004) (542.379916ms)
✔ malformed roadmap is Resolvable, not fatal (LOOP-005) (74.03246ms)
✔ a commitment naming no requirements is Resolvable (LOOP-018) (59.930516ms)
✔ the primary test: two wakes on the same checkout give the same action, before and after a persisted transition (LOOP-001, LOOP-003) (570.384839ms)
✔ outside a cairn repository wake cannot run (32.293552ms)
✔ the loop never waits on the review queue (DEC-015) (320.124846ms)
✔ the linked walkthrough runs from agreement through the next commitment (PKG-016) (1285.802984ms)
ℹ tests 477
ℹ suites 0
ℹ pass 477
ℹ fail 0
ℹ cancelled 0
ℹ skipped 0
ℹ todo 0
ℹ duration_ms 21830.196267
