✔ a Draft block overrides an Agreed file for both wake and check (SPEC-018) (213.029079ms)
✔ an Agreed block overrides a Draft file in the kernel and lint (SPEC-018, SPEC-002) (604.291908ms)
✔ a block Status does not become the file default, including inside examples (SPEC-018) (354.372712ms)
✔ block status without a value does not inherit Agreed by accident (SPEC-018) (75.940134ms)
✔ inheritance needs a file Scope and includes only Agreed blocks, regardless of prefix (PKG-015) (1811.911395ms)
✔ Scope inside a requirement or fenced example does not declare inheritance (PKG-015) (876.903288ms)
✔ a falsifier wrapped onto a line beginning with Status: does not become the block's status (SPEC-018) (1.26449ms)
✔ with attribution forbidden, an unpushed commit carrying an AI attribution line is named reword before any work; without the policy, or once pushed, it is not (PKG-045) (414.256477ms)
✔ each attribution form is caught, a prose mention is not, and the oldest attributed commit is named first (PKG-045) (544.448573ms)
✔ LOOP-063: reject input mutation during a check and retain diagnostics (420.900913ms)
✔ LOOP-063: reject deletion mutation during a check and retain diagnostics (380.554706ms)
✔ LOOP-063: reject addition mutation during a check and retain diagnostics (355.381812ms)
✔ LOOP-063: reject mode mutation during a check and retain diagnostics (341.668379ms)
✔ LOOP-063: reject specification mutation during a check and retain diagnostics (375.824007ms)
✔ LOOP-063: reject declaration mutation during a check and retain diagnostics (406.626369ms)
✔ LOOP-063: reject commit mutation during a check and retain diagnostics (357.740368ms)
✔ LOOP-063: committed input mutation during execution cannot certify the replacement (369.602662ms)
✔ LOOP-064: removing executable permission makes passing evidence stale (594.403396ms)
✔ LOOP-064: a mode-only change also invalidates the previous review after new evidence (820.544312ms)
✔ LOOP-064: changing a regular file into a link with identical identity bytes is stale (822.173596ms)
✔ LOOP-063: an unchanged candidate still records a pass despite unrelated working-tree edits (197.720065ms)
✔ LOOP-064: current and historical input ordering agrees for Unicode filenames (316.053169ms)
✔ LOOP-063: Git status hiding content changes cannot certify an uncommitted candidate (124.114173ms)
✔ LOOP-066: one check owns execution with a kernel action record (465.091565ms)
✔ LOOP-066: one check owns execution with an agent action record (396.027486ms)
✔ LOOP-066: a live lock is named and never silently overwritten (133.825928ms)
✔ LOOP-066: a dead lock is named and never silently overwritten (137.664701ms)
✔ LOOP-066: a incomplete lock is named and never silently overwritten (131.95496ms)
✔ LOOP-066: an execution error releases the check lock for a corrected rerun (458.068946ms)
✔ LOOP-066: a live kernel action from an older Cairn also blocks execution (83.705458ms)
✔ LOOP-066: separate Git worktrees can run checks independently (461.683095ms)
✔ after a green check --stale runs nothing; after one input changes it runs only that mechanism (LOOP-094) (922.981388ms)
✔ a mechanism speaking for two stale requirements runs once and refreshes both (LOOP-094, LOOP-040) (573.84968ms)
✔ a fresh failure and an unverified result are skipped with implement named (LOOP-094) (578.439436ms)
✔ --stale with a requirement identifier is refused (LOOP-094) (75.82706ms)
✔ check --stale holds back a mechanism whose requirement has three attempts and no escalation, names it, and records nothing (LOOP-094, DEC-016) (1850.57602ms)
✔ check refuses a dirty declared input and names it; a dirty undeclared file does not block (LOOP-030) (428.206755ms)
✔ check writes one receipt per run carrying the full record and a result line per requirement (LOOP-097) (285.431288ms)
✔ a nonzero exit records fail, and the receipt keeps the exit code (LOOP-034) (301.150687ms)
✔ a pass after a fail keeps the failing record; nothing is overwritten or deleted (LOOP-025) (572.572275ms)
✔ a commit changing a declared input makes evidence stale; an undeclared one does not (LOOP-007) (838.265927ms)
✔ a regression is named before a requirement that never passed (LOOP-031) (963.9918ms)
✔ three attempts with no escalation since: wake says escalate, not a fourth (DEC-016, DEC-017, DEC-018) (2099.271986ms)
✔ the review gate: no review, stale review, open finding, then Done (LOOP-020, LOOP-033) (990.020557ms)
✔ Done is refused while any requirement lacks current passing evidence (LOOP-017) (90.764254ms)
✔ check names a requested requirement that no mechanism claims (79.760137ms)
✔ check writes the in-progress record before the run and clears it after (LOOP-021) (167.047212ms)
✔ a linked declared input digests the same at a commit and in the tree (LOOP-023, LOOP-024) (390.322474ms)
✔ a result line is the mechanism's statement about one requirement; what it did not mention is unverified (LOOP-037, LOOP-052) (173.962232ms)
✔ a mechanism that says nothing is read by its exit code for every requirement (LOOP-039) (175.324129ms)
✔ unverified is not an attempt, and a return to an earlier failed digest counts once (DEC-017, DEC-018) (1564.441369ms)
✔ a result line for a requirement the mechanism does not speak for is named and writes nothing (LOOP-038) (176.228019ms)
✔ a result line inside ordinary output, or without the marker, does not count (184.000257ms)
✔ a targeted check runs the named requirements' mechanisms and records every requirement they speak for (LOOP-040) (169.224011ms)
✔ two result lines for one requirement: a fail on any line wins (162.500077ms)
✔ three runs at one digest with no attempt since: the verdict stays implement and names DEC-019; an escalation naming it among others clears the hint (DEC-019, LOOP-053) (827.64781ms)
✔ a receipt names its commit in full, and an older receipt with the short form is still read (LOOP-136) (254.313287ms)
✔ a change only to a document its declaration lists leaves the review fresh and the evidence stale; a change to another input makes the review stale (LOOP-141) (1010.10579ms)
✔ a complete commitment with an unpromoted backlog item names promote, and a stamped item lets it reach Done (LOOP-087) (1040.700062ms)
✔ an empty backlog with waiting next-iteration items is Done, with the count as information and no action on them (LOOP-091) (798.409511ms)
✔ a promotion marker must resolve to a decision record (LOOP-088) (262.556768ms)
✔ a commitment promoted from an item needs a decision record naming the item (LOOP-088) (246.087113ms)
✔ the spec lint reports a promotion marker with no decision record (LOOP-088) (93.687501ms)
✔ a promoted commitment that changes an Agreed requirement or the working agreement is an escalation; an unpromoted one is not (LOOP-089, LOOP-090) (1516.648472ms)
✔ a capture from one of the commitment's own requirements needs Outside because: or an escalation (LOOP-092) (1568.832359ms)
✔ a next-iteration item names what it would change, and the capture refuses one that does not (LOOP-093) (413.327426ms)
✔ a commitment specified from a next-iteration item needs the item stamped before anything else (SPEC-027) (487.836515ms)
✔ a by deference marker resolves to a decision record like a promotion marker (SPEC-002, LOOP-088) (187.707246ms)
✔ the LOOP-090 gate reads the Concerns line, not the slug as a substring (LOOP-114) (508.713696ms)
✔ the LOOP-088 check reads the Promotes line, and decide --promotes writes it (LOOP-115) (204.472097ms)
✔ the activation commit of a promoted commitment is inside the LOOP-089 comparison (LOOP-116) (138.155735ms)
✔ the LOOP-090 route needs one escalation: its Concerns line covers the moved item too (LOOP-119, LOOP-092, LOOP-114) (574.167908ms)
✔ an escalation raised before the promoted commitment began does not silence the LOOP-090 gate (LOOP-114) (297.072169ms)
✔ an escalation raised before the commitment began does not silence the capture gate (LOOP-119) (297.353277ms)
✔ the activation commit is inside the scope footprint (LOOP-120) (89.959736ms)
✔ a requirement Agreed at activation that is demoted or removed is a contract change (LOOP-121) (593.679992ms)
✔ the include files are the root files that hold @AGENTS.md: exempt from the footprint, compared by the gate (LOOP-122) (1020.107512ms)
✔ a superseded promotion no longer satisfies the LOOP-088 check, and the repair says the promotion was reversed (LOOP-123) (433.108048ms)
✔ the restore route measures from the tree before activation, so a path the activation commit added must go (LOOP-120, LOOP-035) (148.978591ms)
✔ the loop works against exactly one commitment: the current one (LOOP-019) (383.449334ms)
✔ a promotion recorded below Consequential is a repair naming the level, since the developer never sees it in the queue (LOOP-088) (62.559384ms)
✔ every requirement the node-test declaration speaks for is named in a test title (PKG-025) (2.953918ms)
✔ every repository path the tests read is a declared input of node-test (PKG-026) (1.09297ms)
✔ writes a record with every required field and an empty realized-by (DEC-001, DEC-005) (78.78427ms)
✔ a Consequential decision is queued for review (DEC-013) (73.225113ms)
✔ a Consequential decision is queued even when .cairn/queue does not exist yet (77.059085ms)
✔ Routine is refused: routine decisions produce no record (88.028678ms)
✔ a missing field is a usage error and nothing is written (88.410106ms)
✔ supersedes requires a classified cause, and the old record must exist (172.256539ms)
✔ an existing record is not overwritten (119.189555ms)
✔ a queued decision stays queued; nothing but the developer removes it (DEC-014) (200.283876ms)
✔ each accepted decider is stored lowercase, whatever case it was typed in (DEC-020) (498.182484ms)
✔ a decider outside the vocabulary is a usage error naming all three, and nothing is written (DEC-020) (403.19944ms)
✔ an empty --decided-by is the missing-field error, not the vocabulary one (83.447137ms)
✔ LOOP-006, LOOP-067: missing inputs names a declaration repair before execution (136.788249ms)
✔ LOOP-006, LOOP-067: empty inputs names a declaration repair before execution (150.47442ms)
✔ LOOP-006, LOOP-067: missing command names a declaration repair before execution (154.027713ms)
✔ LOOP-006, LOOP-067: list command names a declaration repair before execution (153.323625ms)
✔ LOOP-006, LOOP-067: empty command names a declaration repair before execution (135.195557ms)
✔ LOOP-006, LOOP-067: missing requirements names a declaration repair before execution (151.734127ms)
✔ LOOP-006, LOOP-067: bad identifier names a declaration repair before execution (131.323054ms)
✔ LOOP-067: scalar one-item lists retain their existing meaning (263.351503ms)
✔ LOOP-068: a unpopulated gitlink is refused by name (165.236343ms)
✔ LOOP-068: a populated gitlink is refused by name (186.541112ms)
✔ LOOP-069: identical selections across 100 mechanisms use at most 20 Git processes (147.336084ms)
✔ --defect needs --from naming an Agreed requirement, and writes Defect: yes (LOOP-140) (267.867376ms)
✔ an unfixed defect is named fix before a promotable item, and counts as fixed only with passing evidence at or after its commit and no Agreed text changed (LOOP-087, LOOP-140) (1996.720378ms)
✔ escalate writes the six-line format followed by its facts, and wake presents it (LOOP-010, LOOP-026) (138.296461ms)
✔ a missing or multi-line field is refused with the field named, and nothing is written (LOOP-012) (122.106725ms)
✔ a Blocking escalation that fails the format is written anyway, naming the malformed field (LOOP-013) (132.633128ms)
✔ the loop stops for the developer only at Blocking: a recorded decision below it never yields Escalate, and the Blocking bypass must be spelled exactly (DEC-002) (282.729211ms)
✔ a second escalation while one is open is refused (LOOP-011) (139.219249ms)
✔ answer records the reply; wake no longer presents it; a second answer is refused (257.381111ms)
✔ answer to an unknown escalation is refused (67.415222ms)
✔ a stranger resumes from the file alone: question and answer are both in it (LOOP-014) (123.097081ms)
✔ a developer-shaped answer during the agent's turn is refused and writes nothing; the explanation is still accepted (LOOP-135) (595.375994ms)
✔ after an answer, the same concern can be escalated again under a new name (194.095546ms)
✔ an escalation exists when its file does, committed or not (LOOP-009) (91.90887ms)
✔ developer answers require one of the three forms and cannot inject fields (LOOP-048) (583.032743ms)
✔ ask, agent explanation, another ask, and ok stay ordered in one file (LOOP-049, LOOP-050, LOOP-014) (775.266634ms)
✔ fresh closed answers accompany only concerned requirements until new evidence (LOOP-051) (669.113314ms)
✔ a raised escalation carries no derivable status line, and an old record with one still parses (LOOP-028) (152.60704ms)
✔ LOOP-065: delete of output refuses Done and a new run recovers (1149.658912ms)
✔ LOOP-065: corrupt of output refuses Done and a new run recovers (1153.060658ms)
✔ LOOP-065: delete of stderr_output refuses Done and a new run recovers (1071.105652ms)
✔ LOOP-065: corrupt of stderr_output refuses Done and a new run recovers (940.198721ms)
✔ LOOP-065: a receipt without output needs a new check (472.646969ms)
✔ LOOP-065: a receipt without output_digest needs a new check (480.930846ms)
✔ LOOP-065: a receipt without stderr_output needs a new check (439.506559ms)
✔ LOOP-065: a receipt without stderr_digest needs a new check (405.682951ms)
✔ LOOP-065: legacy unverifiable output is rerun without rewriting history (716.617804ms)
✔ a fresh record names the kernel that wrote it (LOOP-023) (319.562263ms)
✔ LOOP-095: a record from another kernel is stale with the kernel named, and a new check restores Done (709.470303ms)
✔ LOOP-095: a record from no kernel is stale with the kernel named, and a new check restores Done (707.53638ms)
✔ LOOP-070: a later failure is latest even when the clock moves backward (907.625978ms)
✔ LOOP-070: receipt collisions at one clock instant retain execution order beyond nine suffixes (3362.027101ms)
✔ LOOP-070: imported branch receipts stale a later sequence until a new check incorporates them (1158.456942ms)
✔ LOOP-070, LOOP-098: legacy receipts need one ordered check, remain byte-for-byte unchanged, and precede the run receipt in the history (519.596162ms)
✔ LOOP-070: edit of a prior receipt requires fresh evidence (447.36948ms)
✔ LOOP-070: remove of a prior receipt requires fresh evidence (454.920723ms)
✔ LOOP-075: supporting evidence file README.md does not become a receipt (506.234288ms)
✔ LOOP-075: supporting evidence file notes.txt does not become a receipt (518.750694ms)
✔ LOOP-075: supporting evidence file support does not become a receipt (504.271637ms)
✔ LOOP-075: supporting evidence file .DS_Store does not become a receipt (512.227506ms)
✔ LOOP-075: a malformed result line (result=success) names a repair before execution (304.402169ms)
✔ LOOP-075: a malformed result line (sequence=NaN) names a repair before execution (307.924038ms)
✔ LOOP-075: a malformed result line (sequence=9007199254740992) names a repair before execution (312.753528ms)
✔ LOOP-075: a malformed result line (history_digest=wrong) names a repair before execution (320.923115ms)
✔ LOOP-075: a malformed result line (tokens) names a repair before execution (317.665992ms)
✔ LOOP-075: a receipt-shaped directory is a named repair instead of an EISDIR crash (266.781813ms)
✔ LOOP-070: an earlier escalation cannot cover three new attempts after clock rollback (879.177711ms)
✔ LOOP-070: an answer becomes old after a later check even if that check's timestamp is earlier (555.203592ms)
✔ LOOP-070: the newest answer wins between checks even when its clock timestamp is older (381.098898ms)
✔ LOOP-070: legacy escalation dates cover old receipts but not three newer sequenced runs (1208.698866ms)
✔ a PKG requirement the commitment does not name is declared, run, and gates Done (PKG-011) (1709.296763ms)
✔ a PKG requirement in a Draft spec is not folded in (483.686379ms)
✔ LOOP-076, LOOP-079: stale inputs identify the receipt and the check to run (717.080478ms)
✔ LOOP-077: names a content change using checked input identity (618.076986ms)
✔ LOOP-077: names a mode change using checked input identity (657.091889ms)
✔ LOOP-077: names a kind change using checked input identity (624.957878ms)
✔ LOOP-077: names a added change using checked input identity (597.246062ms)
✔ LOOP-077: names a removed change using checked input identity (554.773392ms)
✔ LOOP-077: names a link-target change using checked input identity (778.390455ms)
✔ LOOP-077: changed selection compares the old and new input sets (483.767777ms)
✔ LOOP-077: raw CRLF changes remain visible when Git-clean content agrees (443.866192ms)
✔ LOOP-077: detail output is sorted, bounded, and reports the omitted count (442.068664ms)
✔ LOOP-077: filenames cannot inject lines or terminal controls into explanations (383.754236ms)
✔ LOOP-077: receipts from one run share details and do not store source contents (302.190181ms)
✔ LOOP-078, LOOP-080: legacy optional detail limits explanation without changing standing (505.536041ms)
✔ LOOP-078, LOOP-080: invalid-field optional detail limits explanation without changing standing (518.278274ms)
✔ LOOP-078, LOOP-080: missing optional detail limits explanation without changing standing (513.083607ms)
✔ LOOP-078, LOOP-080: invalid-json optional detail limits explanation without changing standing (472.073935ms)
✔ LOOP-078, LOOP-080: mismatched optional detail limits explanation without changing standing (499.876701ms)
✔ LOOP-078, LOOP-080: duplicate optional detail limits explanation without changing standing (456.053639ms)
✔ LOOP-078, LOOP-080: unsafe-path optional detail limits explanation without changing standing (454.095454ms)
✔ LOOP-078, LOOP-080: directory optional detail limits explanation without changing standing (490.416077ms)
✔ LOOP-078, LOOP-080: symlink optional detail limits explanation without changing standing (477.716486ms)
✔ LOOP-078: unavailable old requirement text is not claimed as a proven change (360.869628ms)
✔ LOOP-076, LOOP-079: changed requirements identify evidence and retain review-before-check guidance (368.679784ms)
✔ LOOP-078: simultaneous input and output damage keep both reasons (379.346415ms)
✔ LOOP-080: deterministic freshness sequence seed=7 (8696.137199ms)
✔ LOOP-080: deterministic freshness sequence seed=42 (5529.520176ms)
✔ LOOP-080: deterministic freshness sequence seed=913 (4738.760621ms)
✔ LOOP-080: agreement changes, mechanism review, checks, and completion review retain priority (1248.599057ms)
✔ LOOP-080: imported receipt history demands a rerun without a false input explanation (1365.344795ms)
✔ LOOP-073: clean CRLF input completes under attributes (566.890709ms)
✔ LOOP-073: clean CRLF input completes under autocrlf (479.583168ms)
✔ LOOP-073: raw line-ending mutation during a run is rejected even when Git still sees the same content (221.721528ms)
✔ LOOP-073: execution evidence changes when clean conversion preserves committed identity (974.569164ms)
✔ LOOP-073: Git clean filters use Git's conversion while retaining raw evidence identity (551.956824ms)
✔ LOOP-073: failure of a required Git filter cannot record evidence (123.827191ms)
✔ LOOP-073: a clean filter moving HEAD during ending validation prevents evidence (372.214673ms)
✔ LOOP-073: canonical Git identities handle links without reading their targets (452.801966ms)
✔ LOOP-073: Git conversion keeps raw Unicode and control-character input paths (390.039682ms)
✔ LOOP-073: conversion and links work in a SHA-256 Git repository (412.083361ms)
✔ LOOP-074: historical specification filename "café.md" remains reviewable (393.460051ms)
✔ LOOP-074: historical specification filename "spec\ttab.md" remains reviewable (370.158934ms)
✔ LOOP-074: historical specification filename "spec\nline.md" remains reviewable (383.088179ms)
✔ help works outside a repository without running a command (PKG-017) (915.808654ms)
✔ help does not hide invalid options or consume literal arguments (169.631551ms)
✔ help lists the lint command (PKG-017) (44.324045ms)
✔ a working directory that no longer exists is named as the failure, and git is not blamed (PKG-041, PKG-022) (162.13124ms)
✔ the stop hook refuses a stop while wake says Resolvable, with the verdict as the reason (PKG-018) (212.498587ms)
✔ the stop hook allows a stop at Done, at Escalate, and outside a Cairn repository (PKG-018) (1011.924025ms)
✔ the session-start hook links the command once and prints the verdict in a Cairn repository (PKG-019, PKG-014, PKG-005) (413.268385ms)
✔ the session-start hook prints no verdict outside a Cairn repository and leaves an existing link that resolves alone (PKG-019) (58.028456ms)
✔ a checkout under a path with a space links a command that resolves, and its stop hook still blocks (PKG-019, PKG-021) (340.424111ms)
✔ the hooks run the kernel the command link resolves to, so hook and agent share one referee (PKG-021) (1002.378859ms)
✔ a dangling link is replaced and reported (PKG-019) (160.684554ms)
✔ errors exit 0 with one line on standard error and no stack trace (PKG-022) (182.836162ms)
✔ the hooks judge with the cairn on PATH, a wrapper included, and session-start names it (PKG-033) (967.329275ms)
✔ a link to a wrapper or file is kept; a dangling link or one to a directory is replaced (PKG-034) (374.90223ms)
✔ a project below the Git toplevel gets the verdict and the stop refusal (PKG-035) (272.018876ms)
✔ a kernel that prints no verdict is one stderr line: the stop is allowed and session-start prints no trace (PKG-036) (156.994317ms)
✔ a link that cannot be created is one stderr line, and the verdict still prints (PKG-019, PKG-022) (117.827098ms)
✔ with git absent the hooks say so in one line and block nothing (PKG-022) (69.45268ms)
✔ stop_hook_active true no longer lets a Resolvable stop through: the hook still refuses (PKG-018) (128.331981ms)
✔ receipts written by the project's own kernel are judged with it, not with a different cairn on PATH (PKG-033, PKG-021) (363.046927ms)
✔ the fourth stop on an unchanged verdict, commit and tree goes through with a message and a stop record; each refusal names cairn escalate (PKG-043, PKG-044) (423.604106ms)
✔ progress resets the count, a commit or an edited file alike, and each session counts on its own (PKG-043) (1118.949402ms)
✔ no report, one for another commitment, at another commit, or at a value that is not a commit names a new reviewer; an uncommitted review is committed first (LOOP-020) (1471.633125ms)
✔ an old report re-dated, however it is edited, does not name the new commit and names a new reviewer; a new report with the same words does not (LOOP-020) (1265.862195ms)
✔ each finding is carried by the one line citing its number and beginning with its words; malformed reports are repairs (LOOP-020) (3635.008783ms)
✔ citations name their report's commit, so rounds never collide and an old line never carries a new finding; a wrapped review line is its own repair (LOOP-020) (858.777311ms)
✔ a finding that quotes a citation in its own words is carried by copying it, and an uncited wrapped line is no repair when there is nothing to carry (LOOP-020) (564.128334ms)
✔ a citation that is not last on its line is refused as such, and a finding ending with a citation is carried in the short form (LOOP-020) (808.100336ms)
✔ a report written or changed on disk but not committed is named commit, never judged as the committed one (LOOP-020) (530.399549ms)
✔ the findings list is read from the record's text: blank lines between entries, a wrapped entry, any bullet, and a blank line inside examined: lose nothing; a list after a heading stays unread (LOOP-020, LOOP-086, LOOP-071) (1239.510769ms)
✔ the reader reads a numbered or nested list and a blank line in examined:, and names a line it cannot read rather than reading nothing (LOOP-086, LOOP-020) (1015.610411ms)
✔ a line the reader cannot read is named whenever an entry follows it, in the review and in the report, and a finding under a heading is named (LOOP-086, LOOP-020) (1452.309978ms)
✔ a margin line that only looks like a field never ends a list in silence (LOOP-086, LOOP-020) (956.751468ms)
✔ a field name repeated inside a list is named, the report's findings under a heading are named beside a list, and the repair offers the fix that keeps the finding (LOOP-020, LOOP-086) (826.387061ms)
✔ a Reviewer: line inside a list is named, and an honest record with a findings-titled heading is read (LOOP-020, LOOP-086) (561.313249ms)
✔ a record that declares findings: [] keeps a bulleted body as prose, as this repository's own reviews are written (LOOP-086, LOOP-020) (370.211959ms)
✔ cairn lint runs the checker over docs/spec by default and over a named directory (PKG-028) (201.185367ms)
✔ cairn lint names a missing directory in one line, takes one argument, and reports a bad root (PKG-028) (209.214531ms)
✔ three megabytes are retained exactly once with matching digests (LOOP-041, LOOP-042) (344.809305ms)
✔ split stdout result lines survive a long non-result line; stderr is never a verdict (327.660381ms)
✔ signal termination is recorded and logs survive a clone (LOOP-043) (322.746486ms)
✔ working agreements and ignore changes are Cairn records inside the footprint (323.402759ms)
✔ a clean package passes (76.352345ms)
✔ PKG-001: a dependency, or a service manifest (146.782623ms)
✔ PKG-002: ignoring evidence or other durable state, by directory or by extension (156.117886ms)
✔ PKG-003: a command, a directory, or a record kind no decision names (249.626668ms)
✔ PKG-004: a kernel over 1900 lines, counting every file under bin/ as wc -l does; exactly 1900 passes (316.252584ms)
✔ PKG-006: a skill step naming a vendor's product, in either order, across a wrapped list item (PKG-027) (293.807173ms)
✔ PKG-008: a non-ASCII character in a tracked text file (72.477409ms)
✔ PKG-009: the kernel importing from tests (79.586792ms)
✔ PKG-012: a network call or a model client in the kernel, but not a vendor's name in text (294.487785ms)
✔ PKG-013: deferral language, but not in code, quotes, or a rule (537.565104ms)
✔ a tracked path deleted from the working tree is skipped, not a crash (70.208842ms)
✔ a sentence in a Formats section is not a record kind (65.470584ms)
✔ a record kind named by its path alone is checked (75.710588ms)
✔ PKG-002: a tracked in-progress record (79.015995ms)
✔ PKG-002: ignoring evidence alone is a finding (62.832459ms)
✔ PKG-003 reads the kernel's commands from its help output (PKG-023) (102.846433ms)
✔ the ASCII scan covers shipped files, not records under .cairn/ (PKG-024) (76.707042ms)
✔ a vendor-naming step wrapped across lines is matched (PKG-006, PKG-027) (77.138676ms)
✔ PKG-013 scans the README, the manual, and the walkthrough (PKG-032) (226.835845ms)
✔ the manifests, the listing and package.json agree on the name and version, and name paths the repository holds (PKG-037) (5.348985ms)
✔ the hooks file registers session-start and stop against the plugin's own hook.mjs through the plugin root variable (PKG-038) (0.288045ms)
✔ a Muse hook entry whose shared hook is missing prints one line and exits 0 (PKG-041, PKG-022) (86.356798ms)
✔ the registered commands print the verdict at session start, link the command into the plugin, and refuse a stop while wake says Resolvable (PKG-038, PKG-021) (364.914693ms)
✔ LOOP-071: decision body metadata does not resolve unbuilt work: "Superseded by: example" (683.591294ms)
✔ LOOP-071: decision body metadata does not resolve unbuilt work: "```text\nSuperseded by: example\n```" (620.477419ms)
✔ LOOP-071: decision body metadata does not resolve unbuilt work: "~~~text\nSuperseded by: example\n~~~" (629.072226ms)
✔ LOOP-071: a fenced realization example is not a resolving commit (603.606574ms)
✔ LOOP-071: a fenced commit inside the realization section is not built (586.194265ms)
✔ LOOP-071: ## Example cannot replace an open review finding (571.105523ms)
✔ LOOP-071: # Example cannot replace an open review finding (504.655002ms)
✔ LOOP-071: ### Example cannot replace an open review finding (512.240826ms)
✔ LOOP-071:   ## Example cannot replace an open review finding (492.229175ms)
✔ LOOP-071: Example paragraph. cannot replace an open review finding (478.907511ms)
✔ LOOP-071: Example
------- cannot replace an open review finding (425.617661ms)
✔ LOOP-071: fenced fields before a real review header are ignored (395.944215ms)
✔ LOOP-071: multiline decision --title cannot inject metadata (331.260964ms)
✔ LOOP-071: multiline decision --decided-by cannot inject metadata (319.40648ms)
✔ LOOP-071: multiline decision --rests-on cannot inject metadata (362.498022ms)
✔ LOOP-071: multiline decision --wrong-if cannot inject metadata (343.391378ms)
✔ LOOP-071: multiline decision --history cannot inject metadata (344.295549ms)
✔ LOOP-072: malformed Blocking concerns stay open: "R-001\nAnswer: ok" (88.914977ms)
✔ LOOP-072: malformed Blocking concerns stay open: "R-001\r\nAnswer: ok" (85.12693ms)
✔ LOOP-072: malformed Blocking concerns stay open: "R-001\rAnswer: ok" (78.613959ms)
✔ LOOP-072: malformed Blocking concerns stay open: "R-001 Answer: ok" (88.315325ms)
✔ LOOP-072: malformed Blocking concerns stay open: "R-001 Answer: ok" (69.871378ms)
✔ LOOP-072: ordinary malformed concerns are refused: "R-001\nR-002" (62.378672ms)
✔ LOOP-072: ordinary malformed concerns are refused: "R-001, prose" (52.66733ms)
✔ LOOP-072: ordinary malformed concerns are refused: " " (46.291014ms)
✔ LOOP-072: a Blocking escalation without concerns is still presented (77.574474ms)
✔ LOOP-072: carriage returns in a Blocking question do not create answer records (84.511237ms)
✔ LOOP-072: explanation separator 8232 cannot close an escalation (142.158368ms)
✔ LOOP-071: decision metadata refuses separator 8232 (304.107957ms)
✔ LOOP-072: explanation separator 8233 cannot close an escalation (156.213323ms)
✔ LOOP-071: decision metadata refuses separator 8233 (332.831218ms)
✔ Concerns, Rests on, and Promoted from written as lists read as the flat form (LOOP-124) (601.312725ms)
✔ an item named by filename, path, or backticked slug resolves like the slug (LOOP-125) (480.595019ms)
✔ an input that covers Cairn's own output is named as the repair, before and after a check (LOOP-126, LOOP-105) (529.864474ms)
✔ an unreadable record directory is a repair, not an error exit (LOOP-127) (76.132706ms)
✔ a title that slugifies to nothing is refused (LOOP-128) (136.97922ms)
✔ examined: [] is an empty list (LOOP-129, LOOP-108) (424.862783ms)
✔ below the Git toplevel the restore check compares root-relative paths (LOOP-130, LOOP-035) (337.431181ms)
✔ below the Git toplevel an uncommitted declared input is named from the project root (LOOP-132, LOOP-030) (215.996092ms)
✔ a value on the key line followed by list items is the first item, never dropped (LOOP-133) (568.864037ms)
✔ the footprint's walk reads Current: as the wake does: a fenced example below the real line, or a second line in history, never moves the start (LOOP-134, LOOP-035) (275.531537ms)
✔ an input spelled .. from a project below the Git toplevel covers the evidence directory (LOOP-126, LOOP-105) (83.417204ms)
✔ a Consequential record this commitment added needs its queue entry committed (LOOP-131, DEC-004) (477.812349ms)
✔ a mechanism that removes the check lock still gets its evidence, with no repair for the lock (LOOP-107) (216.629944ms)
✔ a staged rename reads as its two paths, never as a bare origin token (LOOP-030, LOOP-110) (105.23579ms)
✔ a Current: line inside a fenced example is neither a second Current: line nor the commitment, before or after the real line (LOOP-104) (185.930125ms)
✔ a Status: word is taken only from a line that carries one, never from wrapped prose after it (SPEC-018) (0.610176ms)
✔ the placeholder left above a resolving entry is a repair naming the file (DEC-021) (225.257183ms)
✔ the placeholder alone is a decision recorded and not yet built, unchanged (DEC-007) (71.536665ms)
✔ resolving entries with no placeholder are unchanged (DEC-006) (108.95523ms)
✔ a shallow clone that cannot resolve its entries is still told to fetch, not to edit (LOOP-113 keeps precedence) (114.321713ms)
✔ the placeholder quoted in a fenced example does not make a built record a repair (DEC-021) (111.553497ms)
✔ supersede takes the same decider vocabulary as decide (DEC-020) (105.805101ms)
✔ a superseded record is held to the same line: its placeholder above a resolving entry is a repair (DEC-021, DEC-010) (181.512059ms)
✔ realize() touches only the Realized by section; a body that quotes the placeholder keeps it (112.889619ms)
✔ an untracked file under a declared input is not a change under way; check still refuses beside it and names .gitignore (LOOP-110, LOOP-030) (219.273649ms)
✔ an unmatched input is refused before execution (LOOP-044) (189.169143ms)
✔ an indexed input deleted on disk asks for a commit (LOOP-045) (152.279043ms)
✔ wake and check require a Git working tree (LOOP-046) (131.566294ms)
✔ recovery removes only dead kernel run records and identifies a live owner (LOOP-054, LOOP-055) (300.886745ms)
✔ an agent action based behind a clean HEAD appears committed (LOOP-027) (178.780218ms)
✔ realization needs a real commit and a subject (DEC-006) (239.865556ms)
✔ 1500 binary inputs digest identically at the review commit in under a second (LOOP-024) (1470.339963ms)
✔ merged work is excluded but a later own commit is a breach (LOOP-047) (234.253734ms)
✔ exact Current tenure ignores prefix matches and earlier visits to the same slug (LOOP-035) (283.761302ms)
✔ a kernel run records its supervising PID (LOOP-054) (234.406004ms)
✔ a merged declared input still stales evidence (LOOP-047) (417.320559ms)
✔ wildcard and magic pathspecs select the same historical inputs (LOOP-024, LOOP-032) (2117.561389ms)
✔ historical selection retains deleted files and excludes new ones (LOOP-024, LOOP-035) (1175.616849ms)
✔ cairn --version prints the package.json version outside a repository, and help lists it (PKG-039) (137.358895ms)
✔ a release is one commit setting one version in the five files, with the changelog entry, tagged v<version> (PKG-040) (972.039381ms)
✔ the release script refuses a bad version, no increase, a dirty tree, a missing entry, a taken tag, a disagreeing file, and a loop not at Done, each in one line with nothing written (PKG-040) (1735.042339ms)
✔ a version file written as compact JSON is released, and nothing else in any version file changes (PKG-042) (1294.152284ms)
✔ with attribution forbidden, the release script refuses an unpushed commit carrying an AI attribution line (PKG-045) (538.841521ms)
✔ explicit reporting with no lines and exit 0 establishes no requirement verdicts (LOOP-061) (470.74934ms)
✔ explicit reporting with no lines and exit 1 establishes no requirement verdicts (LOOP-061) (407.019625ms)
✔ a reporter that cannot start keeps execution diagnostics without blaming requirements (LOOP-062) (251.303665ms)
✔ large output cannot kill a reporter or invent a requirement verdict (303.455955ms)
✔ explicit mode ignores cairn: R-999: pass (303.020631ms)
✔ explicit mode ignores cairn: R-001: unverified (319.415ms)
✔ explicit mode ignores cairn: R-001: passed (275.111668ms)
✔ explicit results survive nonzero exit and contradictory duplicates still fail (572.742596ms)
✔ unverified results across changed inputs never become failed attempts (1398.202347ms)
✔ legacy exit 0 retains its interpretation (220.041068ms)
✔ legacy exit 1 retains its interpretation (197.652912ms)
✔ a misspelled reporting mode is refused before execution (113.076181ms)
✔ changed requirement blocks unchecked reruns and makes the completion review stale (LOOP-058, LOOP-059) (1769.469893ms)
✔ falsifier changes need review; separate rationale and other requirements do not change a receipt (1204.274685ms)
✔ legacy receipts recover requirement identity from their commit; unavailable history requires review (942.00026ms)
✔ check refuses uncommitted requirement text and mechanism review markers (756.137805ms)
✔ tightened response limit cannot reuse the old passing check (1309.409197ms)
✔ a declared input over 1 MiB agrees at a commit and in the tree (LOOP-060) (435.892389ms)
✔ a failed Git blob read cannot be hashed as an empty blob (393.052788ms)
✔ Git listings over 1 MiB include the last declared input (2238.469822ms)
✔ requirement identity excludes fenced examples and status dates (510.012461ms)
✔ DemonCoder REM-002 and Status in progress cannot silently satisfy the review gate (LOOP-086) (791.19414ms)
✔ valid open findings retain their behavior (458.487849ms)
✔ valid resolved findings retain their behavior (511.423578ms)
✔ valid empty findings retain their behavior (521.17734ms)
✔ valid mixed valid findings retain their behavior (427.316444ms)
✔ malformed finding "open:" requires repair (428.946568ms)
✔ malformed finding "resolved:   " requires repair (388.52488ms)
✔ malformed finding "Open: incorrect case" requires repair (379.799574ms)
✔ malformed finding "unknown: issue" requires repair (342.587747ms)
✔ malformed finding "\u001b[31mBAD: issue" requires repair (329.50378ms)
✔ the established explicit empty findings list remains valid (373.798559ms)
✔ a scalar findings value requires the supported list format (326.721625ms)
✔ check runs a mechanism when a requirement outside the commitment was revised, and asks for the review once a commitment includes it (LOOP-059) (871.649117ms)
✔ a Requirements: line written as a list is read like the flat form (LOOP-102) (120.561417ms)
✔ a subdirectory or a README in a record directory changes nothing (LOOP-103) (454.43121ms)
✔ two Current: lines are a roadmap repair (LOOP-104) (84.002589ms)
✔ a repeated identifier, an input under the evidence directory, and a missing cwd are refused by name (LOOP-105) (447.164224ms)
✔ a requirement whose evidence outlives its mechanism is named declare, not a regression or an escalation (LOOP-106) (983.795052ms)
✔ an unreadable record is a repair, not an error exit (LOOP-107) (81.187236ms)
✔ a review needs commit, a nonempty examined list, and a findings list, each named when missing (LOOP-108) (951.640582ms)
✔ a decision record missing a header field or naming a missing predecessor is a repair (LOOP-109) (293.200848ms)
✔ a dirty declared input with no in-progress record is named record ahead of run (LOOP-022, LOOP-110) (239.624602ms)
✔ with core.filemode false the index mode is the identity, so a mode-only difference does not refuse the check (LOOP-111) (216.140561ms)
✔ a project below the Git toplevel can run check (LOOP-112) (226.389539ms)
✔ a shallow clone names history to fetch, not a decision to build (LOOP-113) (155.479577ms)
✔ record-writing commands refuse to run outside a Cairn repository and write nothing (LOOP-118) (232.730917ms)
✔ a git that cannot start is one line and exit 3 from wake and from check, with nothing recorded (LOOP-137) (89.370218ms)
✔ an unexplained or uncommitted stop record is named explain before any other action; explained and committed, the wake moves on (LOOP-139) (245.485099ms)
✔ empty footprint names declaration before scope and records no evidence (LOOP-081) (535.541254ms)
✔ first declaration still checks the full earlier history (LOOP-081) (351.459765ms)
✔ an empty current footprint does not block an explicitly requested existing mechanism (LOOP-081) (295.34671ms)
✔ an inherited mechanism provides a footprint even before local mechanisms exist (233.687068ms)
✔ scope reports every path, escapes line breaks, and gives identical remedies (LOOP-082) (225.768988ms)
✔ scope verdict reuses the answered-escalation annotation (LOOP-048, LOOP-051, LOOP-083) (542.868987ms)
✔ a committed scope acknowledgment lets restored history proceed (LOOP-083) (678.824497ms)
✔ scope acknowledgment must be committed before it can clear a breach (603.92461ms)
✔ ordinary ok does not acknowledge scope history (294.282509ms)
✔ scope escalation refuses unrestored paths and names the restoration remedy (252.741804ms)
✔ an invalid scope request still records an explicitly Blocking decision (124.996969ms)
✔ ask and explanation stay open; only the final committed ok acknowledges scope (666.654396ms)
✔ instead is visible but does not silently authorize a scope exception (349.431887ms)
✔ later changes to an acknowledged path still block, including later reverts (1034.713633ms)
✔ approval cannot hide another path changed after the snapshot (340.897035ms)
✔ acknowledged history remains conditional on the paths staying restored (519.380908ms)
✔ editing the scope snapshot after answer invalidates its acknowledgment (286.667142ms)
✔ malformed scope metadata cannot suppress a breach (1351.718273ms)
✔ damaged acknowledgment fields cannot suppress a breach (534.194792ms)
✔ scope path matching is literal, including wildcard filenames and control characters (517.351686ms)
✔ scope acknowledgment does not carry into another activation of the same slug (300.848393ms)
✔ restoration checks additions, deletions, executable modes, and symlink kinds (1379.935011ms)
✔ explicit committed retention keeps correct work and requires new evidence and review (LOOP-084, LOOP-085) (1954.148658ms)
✔ a missing declaration covers correct earlier work without retention or revert (475.084084ms)
✔ keep requires scope and an unchanged committed candidate (161.812474ms)
✔ uncommitted retention and instead answers cannot clear the incident (985.792146ms)
✔ retention does not grant future edits, even when reverted to the approved tree (1206.483942ms)
✔ retention cannot cover another path or another activation (515.225563ms)
✔ imported changes must still match the retained tree (551.354568ms)
✔ retention handles additions, deletions, modes, symlinks, and literal filenames (1877.462282ms)
✔ retention cannot convert an existing restoration answer or accept an unknown mode (409.356333ms)
✔ a check failure after retention remains a failure (651.27748ms)
✔ retained paths stay part of the stable checked candidate without extending its footprint (573.215939ms)
✔ retention ask needs an explanation and final committed approval (523.3916ms)
✔ an unknown scope mode remains invalid even with a matching approval digest (251.891488ms)
✔ backlog writes the item; a second with the same title is refused, never overwritten (LOOP-016) (126.076498ms)
✔ a commit inside the footprint: check runs; outside it: check names the path and does not run (LOOP-015, LOOP-035) (574.46949ms)
✔ Cairn's records are never a breach; another file under docs/ is (LOOP-117) (663.276198ms)
✔ declaring the path as an input clears the breach (266.399888ms)
✔ a revert preserves the record of an out-of-scope commit (LOOP-047) (286.106928ms)
✔ a commitment naming a requirement the spec set does not hold as Agreed is repaired (LOOP-029) (80.992329ms)
✔ a requirement in a Draft spec file is not Agreed (65.200204ms)
✔ working agreements and the ignore file are Cairn records (LOOP-035, LOOP-036) (440.537975ms)
✔ the over-asking rule is gone from both skills (SPEC-005, SPEC-006, SPEC-007) (1.66481ms)
✔ a decision during the phase is recorded (DEC-003) (0.17211ms)
✔ understanding is restated before writing (SPEC-003) (0.121202ms)
✔ falsifiers are proposed as one set and confirmed by exception (SPEC-004) (0.26157ms)
✔ depth is inferred and domains derived, never asked or imposed (SPEC-008, SPEC-009) (0.144925ms)
✔ a term enters the glossary at first occurrence (SPEC-010) (0.103569ms)
✔ the phase ends at the first commitment, and later ones are specified during the loop (SPEC-011, SPEC-012) (0.227223ms)
✔ a requirement goes Agreed only with a nameable mechanism (SPEC-013) (0.719539ms)
✔ review before agreement, recording what it attacked (SPEC-014, SPEC-015) (0.476211ms)
✔ no spec file without requirements; nothing Agreed without a falsifier (SPEC-001, SPEC-002) (0.18125ms)
✔ Observed is marked, and is not contract (SPEC-016, SPEC-017) (0.130455ms)
✔ the skills exclude artifacts outside Cairn's workflow (0.153305ms)
✔ the working agreement names the agent's move for each verdict and the write-ahead record (LOOP-036) (0.253682ms)
✔ the working agreement names the developer's moves (LOOP-036, DEC-014) (0.09427ms)
✔ this repository runs by the file it ships (0.383152ms)
✔ both skills write the working agreement without naming a vendor's file (LOOP-002, LOOP-036, PKG-006) (0.127875ms)
✔ the working agreement says what an attempt is (LOOP-036, DEC-017, DEC-018) (0.492401ms)
✔ the working agreement says a failure no footprint change can address is an escalation, and where an inherited requirement is repaired (DEC-019, LOOP-057) (0.114113ms)
✔ the working agreement states the promote, next-iteration, and no-deferral moves (LOOP-029, LOOP-087, LOOP-091, LOOP-092) (0.112495ms)
✔ both skills sort captures into the backlog or next-iteration and forbid deferral (LOOP-029, LOOP-092, LOOP-093) (0.088051ms)
✔ the skill requires a falsifier on every requirement, a MAY included (SPEC-025) (0.0734ms)
✔ the working agreement names the hooks as optional and the install skill registers them for two harnesses (PKG-006, PKG-018, PKG-019) (0.402832ms)
✔ the working agreement says the kernel is upgraded at Done, never inside a commitment (LOOP-096) (0.07574ms)
✔ the next-iteration skill starts from the specification and ends by naming the next commitment (SPEC-026, SPEC-027) (0.247317ms)
✔ every document that names the project skills names next-iteration beside them (SPEC-026, PKG-014) (2.89754ms)
✔ the working agreement states a move for every action the kernel can name (LOOP-101) (2.159606ms)
✔ the working agreement states both record formats and the two flags the moves need (LOOP-036) (0.156685ms)
✔ the skills demonstrate a safe violating example and preserve recon findings (SPEC-022, SPEC-023) (0.071914ms)
✔ the specification skills run the checker through the cairn command (PKG-029) (0.23661ms)
✔ the README invokes the phase skills by name and states versions and platforms (PKG-030, PKG-031) (0.407001ms)
✔ the manual and the walkthrough say the loop promotes backlog items at Done (0.741189ms)
✔ the working agreement says a report is not work under way, its findings are captured, and it is committed with them (LOOP-138) (0.077384ms)
✔ a two-obligation sentence is named (PKG-007) (35.070255ms)
✔ an obligation with no actor is named (PKG-010) (34.38362ms)
✔ a leading condition clause is not the actor, and the actor after it counts (43.597262ms)
✔ an Agreed requirement with no falsifier is named (SPEC-002); a Draft one is not (81.572886ms)
✔ prose after a Draft requirement with no falsifier is not scanned as requirement text (33.253662ms)
✔ a spec declaring a prefix with no requirement is named (SPEC-001) (44.683493ms)
✔ a keyword in backticks or quotes is a mention, not an obligation (49.335225ms)
✔ duplicate identifiers are rejected within a file and across files (SPEC-020) (82.406397ms)
✔ references resolve across files; missing references name their source (SPEC-021) (99.634899ms)
✔ code examples and quoted mentions are neither definitions nor references (47.544165ms)
✔ machine-local paths are findings in prose, links, quotes, and examples (SPEC-019) (394.218153ms)
✔ relative paths, URLs, slash commands, and character mentions are not absolute path findings (38.554471ms)
✔ a slash after a placeholder continues the template (SPEC-019) (77.478274ms)
✔ a host path is a finding until the file declares it (SPEC-019, SPEC-024) (87.781525ms)
✔ declared host paths cover children with a slash boundary and stay file-local (128.443424ms)
✔ a host-path declaration inside a requirement or example grants no exception (118.361894ms)
✔ host-path declarations require absolute or home-relative entries (206.606025ms)
✔ an Agreed block whose only keyword is MAY needs a falsifier like any other (SPEC-025, SPEC-002) (76.389419ms)
✔ a regex literal is not a path, a drive path and a file URL are, and a skill's slash name is allowed (SPEC-028, SPEC-029) (74.659777ms)
✔ a backticked or quoted actor still counts as one (PKG-010) (37.292014ms)
✔ supersede writes both lines, and the old record keeps every word it had (DEC-008, DEC-010) (68.831809ms)
✔ supersede without a cause, or with one outside the four, is refused (DEC-009) (121.374793ms)
✔ supersede of a record that does not exist is refused (91.954347ms)
✔ a predecessor with no title line cannot be stamped, so nothing is written (71.434106ms)
✔ a --supersedes argument outside the slug alphabet is refused, and a path never reaches the filesystem (DEC-022) (216.733207ms)
✔ a record already superseded cannot be superseded again: one Superseded by line per record (DEC-022, DEC-010) (177.909641ms)
✔ reversals reports counts by decider, cause, and domain (DEC-011) (170.450456ms)
✔ decide in a domain with a reversal is refused without --history, naming the reversal; with it, the record carries History (DEC-012) (177.152913ms)
✔ decide in a domain with no reversals needs no --history (122.892178ms)
✔ a record resting on prose alone is in the domain unspecified, and so is the next one (116.293197ms)
✔ the decider tally normalizes case and whitespace, and names a value outside the vocabulary (DEC-020, DEC-011) (72.705981ms)
✔ a record with no Decided by line is tallied as unrecorded, not as a vocabulary value (58.428262ms)
✔ Decided by written as a list tallies like the flat form, and does not crash the report (LOOP-124, DEC-020) (63.757794ms)
✔ a second declaration for one requirement is accepted, a named check runs every mechanism, and Done needs each to pass (LOOP-056, LOOP-099) (1930.438147ms)
✔ one mechanism's stale evidence names that mechanism, and --stale runs only it (LOOP-056, LOOP-094) (719.183655ms)
✔ attempts are counted within one mechanism's records, so the other's passes do not reset them (LOOP-100, DEC-016) (1331.90587ms)
✔ step 1: an in-progress record is reconciled before anything else (93.139922ms)
✔ step 2: an open escalation is presented and nothing else happens (82.449144ms)
✔ an answered escalation is not open (456.401513ms)
✔ step 3: a decision with no realized-by is built, first by name (DEC-007) (98.434497ms)
✔ a superseded decision with no realized-by is not work (129.930169ms)
✔ step 6: a mechanism that has never run is run, not implemented (LOOP-008) (103.626942ms)
✔ step 6: a requirement whose mechanism fails is implemented (446.556758ms)
✔ step 6 before step 7: failing evidence outranks a missing mechanism (305.720139ms)
✔ step 7: a requirement with no mechanism is declared (LOOP-106) (87.744803ms)
✔ every verdict names who acts: Resolvable is the agent's, Done needs nobody, Escalate waits for the developer (LOOP-004) (547.650574ms)
✔ malformed roadmap is Resolvable, not fatal (LOOP-005) (61.282146ms)
✔ a commitment naming no requirements is Resolvable (LOOP-018) (62.029934ms)
✔ the primary test: two wakes on the same checkout give the same action, before and after a persisted transition (LOOP-001, LOOP-003) (491.064395ms)
✔ outside a cairn repository wake cannot run (39.967684ms)
✔ the loop never waits on the review queue (DEC-015) (350.344842ms)
✔ twenty built records cost one git call to resolve, not twenty (DEC-023) (172.328014ms)
✔ an ambiguous Realized by identifier is the repair that says lengthen it, not a build (LOOP-113, DEC-023) (153.153404ms)
✔ the linked walkthrough runs from agreement through the next commitment (PKG-016) (1273.608964ms)
ℹ tests 515
ℹ suites 0
ℹ pass 515
ℹ fail 0
ℹ cancelled 0
ℹ skipped 0
ℹ todo 0
ℹ duration_ms 21688.884511
