✔ a Draft block overrides an Agreed file for both wake and check (SPEC-018) (183.091515ms)
✔ an Agreed block overrides a Draft file in the kernel and lint (SPEC-018, SPEC-002) (554.367641ms)
✔ a block Status does not become the file default, including inside examples (SPEC-018) (377.762659ms)
✔ block status without a value does not inherit Agreed by accident (SPEC-018) (114.403962ms)
✔ inheritance needs a file Scope and includes only Agreed blocks, regardless of prefix (PKG-015) (1878.229407ms)
✔ Scope inside a requirement or fenced example does not declare inheritance (PKG-015) (824.14045ms)
✔ a falsifier wrapped onto a line beginning with Status: does not become the block's status (SPEC-018) (1.288856ms)
✔ with attribution forbidden, an unpushed commit carrying an AI attribution line is named reword before any work; without the policy, or once pushed, it is not (PKG-045) (422.075405ms)
✔ each attribution form is caught, a prose mention is not, and the oldest attributed commit is named first (PKG-045) (633.025458ms)
✔ LOOP-063: reject input mutation during a check and retain diagnostics (392.056821ms)
✔ LOOP-063: reject deletion mutation during a check and retain diagnostics (413.434123ms)
✔ LOOP-063: reject addition mutation during a check and retain diagnostics (398.217705ms)
✔ LOOP-063: reject mode mutation during a check and retain diagnostics (446.59521ms)
✔ LOOP-063: reject specification mutation during a check and retain diagnostics (470.553032ms)
✔ LOOP-063: reject declaration mutation during a check and retain diagnostics (449.378482ms)
✔ LOOP-063: reject commit mutation during a check and retain diagnostics (403.15433ms)
✔ LOOP-063: committed input mutation during execution cannot certify the replacement (385.996417ms)
✔ LOOP-064: removing executable permission makes passing evidence stale (579.089577ms)
✔ LOOP-064: a mode-only change also invalidates the previous review after new evidence (744.312706ms)
✔ LOOP-064: changing a regular file into a link with identical identity bytes is stale (811.067831ms)
✔ LOOP-063: an unchanged candidate still records a pass despite unrelated working-tree edits (211.601501ms)
✔ LOOP-064: current and historical input ordering agrees for Unicode filenames (319.033681ms)
✔ LOOP-063: Git status hiding content changes cannot certify an uncommitted candidate (125.000086ms)
✔ LOOP-066: one check owns execution with a kernel action record (470.851009ms)
✔ LOOP-066: one check owns execution with an agent action record (419.302112ms)
✔ LOOP-066: a live lock is named and never silently overwritten (137.360795ms)
✔ LOOP-066: a dead lock is named and never silently overwritten (153.897585ms)
✔ LOOP-066: a incomplete lock is named and never silently overwritten (160.456609ms)
✔ LOOP-066: an execution error releases the check lock for a corrected rerun (540.243997ms)
✔ LOOP-066: a live kernel action from an older Cairn also blocks execution (123.592591ms)
✔ LOOP-066: separate Git worktrees can run checks independently (565.914479ms)
✔ after a green check --stale runs nothing; after one input changes it runs only that mechanism (LOOP-094) (961.41139ms)
✔ a mechanism speaking for two stale requirements runs once and refreshes both (LOOP-094, LOOP-040) (669.657653ms)
✔ a fresh failure and an unverified result are skipped with implement named (LOOP-094) (729.595742ms)
✔ --stale with a requirement identifier is refused (LOOP-094) (82.25782ms)
✔ check --stale holds back a mechanism whose requirement has three attempts and no escalation, names it, and records nothing (LOOP-094, DEC-016) (2015.662963ms)
✔ check refuses a dirty declared input and names it; a dirty undeclared file does not block (LOOP-030) (449.259725ms)
✔ check writes one receipt per run carrying the full record and a result line per requirement (LOOP-097) (303.671655ms)
✔ a nonzero exit records fail, and the receipt keeps the exit code (LOOP-034) (421.208885ms)
✔ a pass after a fail keeps the failing record; nothing is overwritten or deleted (LOOP-025) (780.095501ms)
✔ a commit changing a declared input makes evidence stale; an undeclared one does not (LOOP-007) (928.484997ms)
✔ a regression is named before a requirement that never passed (LOOP-031) (1046.049709ms)
✔ three attempts with no escalation since: wake says escalate, not a fourth (DEC-016, DEC-017, DEC-018) (2124.504531ms)
✔ the review gate: no review, stale review, open finding, then Done (LOOP-020, LOOP-033) (949.467291ms)
✔ Done is refused while any requirement lacks current passing evidence (LOOP-017) (81.989256ms)
✔ check names a requested requirement that no mechanism claims (87.48161ms)
✔ check writes the in-progress record before the run and clears it after (LOOP-021) (191.882141ms)
✔ a linked declared input digests the same at a commit and in the tree (LOOP-023, LOOP-024) (422.757209ms)
✔ a result line is the mechanism's statement about one requirement; what it did not mention is unverified (LOOP-037, LOOP-052) (175.849569ms)
✔ a mechanism that says nothing is read by its exit code for every requirement (LOOP-039) (190.943525ms)
✔ unverified is not an attempt, and a return to an earlier failed digest counts once (DEC-017, DEC-018) (1514.65347ms)
✔ a result line for a requirement the mechanism does not speak for is named and writes nothing (LOOP-038) (181.002143ms)
✔ a result line inside ordinary output, or without the marker, does not count (192.399802ms)
✔ a targeted check runs the named requirements' mechanisms and records every requirement they speak for (LOOP-040) (167.993204ms)
✔ two result lines for one requirement: a fail on any line wins (186.387984ms)
✔ three runs at one digest with no attempt since: the verdict stays implement and names DEC-019; an escalation naming it among others clears the hint (DEC-019, LOOP-053) (871.326156ms)
✔ a receipt names its commit in full, and an older receipt with the short form is still read (LOOP-136) (271.287055ms)
✔ a complete commitment with an unpromoted backlog item names promote, and a stamped item lets it reach Done (LOOP-087) (938.972319ms)
✔ an empty backlog with waiting next-iteration items is Done, with the count as information and no action on them (LOOP-091) (897.954084ms)
✔ a promotion marker must resolve to a decision record (LOOP-088) (300.91851ms)
✔ a commitment promoted from an item needs a decision record naming the item (LOOP-088) (283.485209ms)
✔ the spec lint reports a promotion marker with no decision record (LOOP-088) (115.204617ms)
✔ a promoted commitment that changes an Agreed requirement or the working agreement is an escalation; an unpromoted one is not (LOOP-089, LOOP-090) (1663.395918ms)
✔ a capture from one of the commitment's own requirements needs Outside because: or an escalation (LOOP-092) (1513.824844ms)
✔ a next-iteration item names what it would change, and the capture refuses one that does not (LOOP-093) (409.86436ms)
✔ a commitment specified from a next-iteration item needs the item stamped before anything else (SPEC-027) (482.755042ms)
✔ a by deference marker resolves to a decision record like a promotion marker (SPEC-002, LOOP-088) (191.613376ms)
✔ the LOOP-090 gate reads the Concerns line, not the slug as a substring (LOOP-114) (564.273778ms)
✔ the LOOP-088 check reads the Promotes line, and decide --promotes writes it (LOOP-115) (260.338568ms)
✔ the activation commit of a promoted commitment is inside the LOOP-089 comparison (LOOP-116) (160.804595ms)
✔ the LOOP-090 route needs one escalation: its Concerns line covers the moved item too (LOOP-119, LOOP-092, LOOP-114) (599.320354ms)
✔ an escalation raised before the promoted commitment began does not silence the LOOP-090 gate (LOOP-114) (314.067332ms)
✔ an escalation raised before the commitment began does not silence the capture gate (LOOP-119) (307.177657ms)
✔ the activation commit is inside the scope footprint (LOOP-120) (83.715783ms)
✔ a requirement Agreed at activation that is demoted or removed is a contract change (LOOP-121) (560.771512ms)
✔ the include files are the root files that hold @AGENTS.md: exempt from the footprint, compared by the gate (LOOP-122) (1042.603427ms)
✔ a superseded promotion no longer satisfies the LOOP-088 check, and the repair says the promotion was reversed (LOOP-123) (403.622696ms)
✔ the restore route measures from the tree before activation, so a path the activation commit added must go (LOOP-120, LOOP-035) (169.209563ms)
✔ the loop works against exactly one commitment: the current one (LOOP-019) (364.011017ms)
✔ a promotion recorded below Consequential is a repair naming the level, since the developer never sees it in the queue (LOOP-088) (59.332386ms)
✖ every requirement the node-test declaration speaks for is named in a test title (PKG-025) (2.288506ms)
✔ every repository path the tests read is a declared input of node-test (PKG-026) (0.717918ms)
✔ writes a record with every required field and an empty realized-by (DEC-001, DEC-005) (71.484667ms)
✔ a Consequential decision is queued for review (DEC-013) (73.89299ms)
✔ a Consequential decision is queued even when .cairn/queue does not exist yet (93.954296ms)
✔ Routine is refused: routine decisions produce no record (85.432733ms)
✔ a missing field is a usage error and nothing is written (65.870993ms)
✔ supersedes requires a classified cause, and the old record must exist (176.421355ms)
✔ an existing record is not overwritten (132.694361ms)
✔ a queued decision stays queued; nothing but the developer removes it (DEC-014) (211.091531ms)
✔ each accepted decider is stored lowercase, whatever case it was typed in (DEC-020) (602.041063ms)
✔ a decider outside the vocabulary is a usage error naming all three, and nothing is written (DEC-020) (480.065111ms)
✔ an empty --decided-by is the missing-field error, not the vocabulary one (107.364706ms)
✔ LOOP-006, LOOP-067: missing inputs names a declaration repair before execution (149.519601ms)
✔ LOOP-006, LOOP-067: empty inputs names a declaration repair before execution (160.111748ms)
✔ LOOP-006, LOOP-067: missing command names a declaration repair before execution (148.225579ms)
✔ LOOP-006, LOOP-067: list command names a declaration repair before execution (138.040063ms)
✔ LOOP-006, LOOP-067: empty command names a declaration repair before execution (143.875575ms)
✔ LOOP-006, LOOP-067: missing requirements names a declaration repair before execution (158.819007ms)
✔ LOOP-006, LOOP-067: bad identifier names a declaration repair before execution (168.345521ms)
✔ LOOP-067: scalar one-item lists retain their existing meaning (306.765051ms)
✔ LOOP-068: a unpopulated gitlink is refused by name (201.85693ms)
✔ LOOP-068: a populated gitlink is refused by name (215.945387ms)
✔ LOOP-069: identical selections across 100 mechanisms use at most 20 Git processes (170.310974ms)
✔ escalate writes the six-line format followed by its facts, and wake presents it (LOOP-010, LOOP-026) (115.059018ms)
✔ a missing or multi-line field is refused with the field named, and nothing is written (LOOP-012) (147.018278ms)
✔ a Blocking escalation that fails the format is written anyway, naming the malformed field (LOOP-013) (151.515931ms)
✔ the loop stops for the developer only at Blocking: a recorded decision below it never yields Escalate, and the Blocking bypass must be spelled exactly (DEC-002) (312.473332ms)
✔ a second escalation while one is open is refused (LOOP-011) (153.341818ms)
✔ answer records the reply; wake no longer presents it; a second answer is refused (263.717665ms)
✔ answer to an unknown escalation is refused (84.214527ms)
✔ a stranger resumes from the file alone: question and answer are both in it (LOOP-014) (164.437966ms)
✔ a developer-shaped answer during the agent's turn is refused and writes nothing; the explanation is still accepted (LOOP-135) (711.748993ms)
✔ after an answer, the same concern can be escalated again under a new name (254.987728ms)
✔ an escalation exists when its file does, committed or not (LOOP-009) (95.038406ms)
✔ developer answers require one of the three forms and cannot inject fields (LOOP-048) (694.628914ms)
✔ ask, agent explanation, another ask, and ok stay ordered in one file (LOOP-049, LOOP-050, LOOP-014) (809.937681ms)
✔ fresh closed answers accompany only concerned requirements until new evidence (LOOP-051) (684.40858ms)
✔ a raised escalation carries no derivable status line, and an old record with one still parses (LOOP-028) (147.022497ms)
✔ LOOP-065: delete of output refuses Done and a new run recovers (1176.708788ms)
✔ LOOP-065: corrupt of output refuses Done and a new run recovers (1330.794096ms)
✔ LOOP-065: delete of stderr_output refuses Done and a new run recovers (1184.720421ms)
✔ LOOP-065: corrupt of stderr_output refuses Done and a new run recovers (882.996658ms)
✔ LOOP-065: a receipt without output needs a new check (467.776369ms)
✔ LOOP-065: a receipt without output_digest needs a new check (445.887048ms)
✔ LOOP-065: a receipt without stderr_output needs a new check (416.735176ms)
✔ LOOP-065: a receipt without stderr_digest needs a new check (399.589769ms)
✔ LOOP-065: legacy unverifiable output is rerun without rewriting history (684.172245ms)
✔ a fresh record names the kernel that wrote it (LOOP-023) (304.236628ms)
✔ LOOP-095: a record from another kernel is stale with the kernel named, and a new check restores Done (745.106086ms)
✔ LOOP-095: a record from no kernel is stale with the kernel named, and a new check restores Done (678.201099ms)
✔ LOOP-070: a later failure is latest even when the clock moves backward (954.416605ms)
✔ LOOP-070: receipt collisions at one clock instant retain execution order beyond nine suffixes (3585.999085ms)
✔ LOOP-070: imported branch receipts stale a later sequence until a new check incorporates them (1148.586159ms)
✔ LOOP-070, LOOP-098: legacy receipts need one ordered check, remain byte-for-byte unchanged, and precede the run receipt in the history (482.258186ms)
✔ LOOP-070: edit of a prior receipt requires fresh evidence (479.632932ms)
✔ LOOP-070: remove of a prior receipt requires fresh evidence (464.136319ms)
✔ LOOP-075: supporting evidence file README.md does not become a receipt (571.773553ms)
✔ LOOP-075: supporting evidence file notes.txt does not become a receipt (490.232815ms)
✔ LOOP-075: supporting evidence file support does not become a receipt (489.427017ms)
✔ LOOP-075: supporting evidence file .DS_Store does not become a receipt (472.020121ms)
✔ LOOP-075: a malformed result line (result=success) names a repair before execution (333.648786ms)
✔ LOOP-075: a malformed result line (sequence=NaN) names a repair before execution (318.881402ms)
✔ LOOP-075: a malformed result line (sequence=9007199254740992) names a repair before execution (313.007719ms)
✔ LOOP-075: a malformed result line (history_digest=wrong) names a repair before execution (345.096851ms)
✔ LOOP-075: a malformed result line (tokens) names a repair before execution (345.62367ms)
✔ LOOP-075: a receipt-shaped directory is a named repair instead of an EISDIR crash (254.943565ms)
✔ LOOP-070: an earlier escalation cannot cover three new attempts after clock rollback (919.445967ms)
✔ LOOP-070: an answer becomes old after a later check even if that check's timestamp is earlier (601.828563ms)
✔ LOOP-070: the newest answer wins between checks even when its clock timestamp is older (426.62082ms)
✔ LOOP-070: legacy escalation dates cover old receipts but not three newer sequenced runs (1266.453055ms)
✔ a PKG requirement the commitment does not name is declared, run, and gates Done (PKG-011) (1872.175079ms)
✔ a PKG requirement in a Draft spec is not folded in (552.798256ms)
✔ LOOP-076, LOOP-079: stale inputs identify the receipt and the check to run (652.26034ms)
✔ LOOP-077: names a content change using checked input identity (685.724456ms)
✔ LOOP-077: names a mode change using checked input identity (748.104569ms)
✔ LOOP-077: names a kind change using checked input identity (681.872913ms)
✔ LOOP-077: names a added change using checked input identity (695.538898ms)
✔ LOOP-077: names a removed change using checked input identity (525.748703ms)
✔ LOOP-077: names a link-target change using checked input identity (737.24467ms)
✔ LOOP-077: changed selection compares the old and new input sets (443.835578ms)
✔ LOOP-077: raw CRLF changes remain visible when Git-clean content agrees (425.244638ms)
✔ LOOP-077: detail output is sorted, bounded, and reports the omitted count (450.673812ms)
✔ LOOP-077: filenames cannot inject lines or terminal controls into explanations (387.614849ms)
✔ LOOP-077: receipts from one run share details and do not store source contents (284.282426ms)
✔ LOOP-078, LOOP-080: legacy optional detail limits explanation without changing standing (489.074063ms)
✔ LOOP-078, LOOP-080: invalid-field optional detail limits explanation without changing standing (541.409123ms)
✔ LOOP-078, LOOP-080: missing optional detail limits explanation without changing standing (476.020486ms)
✔ LOOP-078, LOOP-080: invalid-json optional detail limits explanation without changing standing (449.665669ms)
✔ LOOP-078, LOOP-080: mismatched optional detail limits explanation without changing standing (474.192987ms)
✔ LOOP-078, LOOP-080: duplicate optional detail limits explanation without changing standing (466.697889ms)
✔ LOOP-078, LOOP-080: unsafe-path optional detail limits explanation without changing standing (442.612762ms)
✔ LOOP-078, LOOP-080: directory optional detail limits explanation without changing standing (476.562469ms)
✔ LOOP-078, LOOP-080: symlink optional detail limits explanation without changing standing (489.720736ms)
✔ LOOP-078: unavailable old requirement text is not claimed as a proven change (345.76009ms)
✔ LOOP-076, LOOP-079: changed requirements identify evidence and retain review-before-check guidance (330.904197ms)
✔ LOOP-078: simultaneous input and output damage keep both reasons (371.003856ms)
✔ LOOP-080: deterministic freshness sequence seed=7 (8836.527944ms)
✔ LOOP-080: deterministic freshness sequence seed=42 (5673.544758ms)
✔ LOOP-080: deterministic freshness sequence seed=913 (4744.876942ms)
✔ LOOP-080: agreement changes, mechanism review, checks, and completion review retain priority (1176.409135ms)
✔ LOOP-080: imported receipt history demands a rerun without a false input explanation (1140.223742ms)
✔ LOOP-073: clean CRLF input completes under attributes (491.599084ms)
✔ LOOP-073: clean CRLF input completes under autocrlf (517.525242ms)
✔ LOOP-073: raw line-ending mutation during a run is rejected even when Git still sees the same content (265.269303ms)
✔ LOOP-073: execution evidence changes when clean conversion preserves committed identity (1138.136385ms)
✔ LOOP-073: Git clean filters use Git's conversion while retaining raw evidence identity (588.231819ms)
✔ LOOP-073: failure of a required Git filter cannot record evidence (138.840524ms)
✔ LOOP-073: a clean filter moving HEAD during ending validation prevents evidence (644.870556ms)
✔ LOOP-073: canonical Git identities handle links without reading their targets (401.647154ms)
✔ LOOP-073: Git conversion keeps raw Unicode and control-character input paths (386.697422ms)
✔ LOOP-073: conversion and links work in a SHA-256 Git repository (376.566336ms)
✔ LOOP-074: historical specification filename "café.md" remains reviewable (368.188239ms)
✔ LOOP-074: historical specification filename "spec\ttab.md" remains reviewable (350.175803ms)
✔ LOOP-074: historical specification filename "spec\nline.md" remains reviewable (347.165253ms)
✔ help works outside a repository without running a command (PKG-017) (957.728105ms)
✔ help does not hide invalid options or consume literal arguments (203.579915ms)
✔ help lists the lint command (PKG-017) (47.986073ms)
✔ a working directory that no longer exists is named as the failure, and git is not blamed (PKG-041, PKG-022) (176.908756ms)
✔ the stop hook refuses a stop while wake says Resolvable, with the verdict as the reason (PKG-018) (175.452808ms)
✔ the stop hook allows a stop at Done, at Escalate, and outside a Cairn repository (PKG-018) (1034.424906ms)
✔ the session-start hook links the command once and prints the verdict in a Cairn repository (PKG-019, PKG-014, PKG-005) (509.895377ms)
✔ the session-start hook prints no verdict outside a Cairn repository and leaves an existing link that resolves alone (PKG-019) (87.878447ms)
✔ a checkout under a path with a space links a command that resolves, and its stop hook still blocks (PKG-019, PKG-021) (424.858107ms)
✔ the hooks run the kernel the command link resolves to, so hook and agent share one referee (PKG-021) (1021.818643ms)
✔ a dangling link is replaced and reported (PKG-019) (155.53463ms)
✔ errors exit 0 with one line on standard error and no stack trace (PKG-022) (198.990429ms)
✔ the hooks judge with the cairn on PATH, a wrapper included, and session-start names it (PKG-033) (955.478711ms)
✔ a link to a wrapper or file is kept; a dangling link or one to a directory is replaced (PKG-034) (391.001405ms)
✔ a project below the Git toplevel gets the verdict and the stop refusal (PKG-035) (285.674169ms)
✔ a kernel that prints no verdict is one stderr line: the stop is allowed and session-start prints no trace (PKG-036) (149.597286ms)
✔ a link that cannot be created is one stderr line, and the verdict still prints (PKG-019, PKG-022) (118.542731ms)
✔ with git absent the hooks say so in one line and block nothing (PKG-022) (94.854374ms)
✔ stop_hook_active true no longer lets a Resolvable stop through: the hook still refuses (PKG-018) (126.092849ms)
✔ receipts written by the project's own kernel are judged with it, not with a different cairn on PATH (PKG-033, PKG-021) (376.766534ms)
✔ the fourth stop on an unchanged verdict, commit and tree goes through with a message and a stop record; each refusal names cairn escalate (PKG-043, PKG-044) (438.268372ms)
✔ progress resets the count, a commit or an edited file alike, and each session counts on its own (PKG-043) (1255.844685ms)
✔ cairn lint runs the checker over docs/spec by default and over a named directory (PKG-028) (219.165116ms)
✔ cairn lint names a missing directory in one line, takes one argument, and reports a bad root (PKG-028) (192.527506ms)
✔ three megabytes are retained exactly once with matching digests (LOOP-041, LOOP-042) (364.570881ms)
✔ split stdout result lines survive a long non-result line; stderr is never a verdict (370.148031ms)
✔ signal termination is recorded and logs survive a clone (LOOP-043) (373.130301ms)
✔ working agreements and ignore changes are Cairn records inside the footprint (429.838751ms)
✔ a clean package passes (87.626338ms)
✔ PKG-001: a dependency, or a service manifest (163.113786ms)
✔ PKG-002: ignoring evidence or other durable state, by directory or by extension (155.569636ms)
✔ PKG-003: a command, a directory, or a record kind no decision names (254.200672ms)
✔ PKG-004: a kernel over 1900 lines, counting every file under bin/ as wc -l does; exactly 1900 passes (325.894794ms)
✔ PKG-006: a skill step naming a vendor's product, in either order, across a wrapped list item (PKG-027) (338.451456ms)
✔ PKG-008: a non-ASCII character in a tracked text file (86.763615ms)
✔ PKG-009: the kernel importing from tests (76.27021ms)
✔ PKG-012: a network call or a model client in the kernel, but not a vendor's name in text (383.768241ms)
✔ PKG-013: deferral language, but not in code, quotes, or a rule (650.779746ms)
✔ a tracked path deleted from the working tree is skipped, not a crash (85.345454ms)
✔ a sentence in a Formats section is not a record kind (83.020746ms)
✔ a record kind named by its path alone is checked (80.605401ms)
✔ PKG-002: a tracked in-progress record (87.36233ms)
✔ PKG-002: ignoring evidence alone is a finding (74.361293ms)
✔ PKG-003 reads the kernel's commands from its help output (PKG-023) (119.125057ms)
✔ the ASCII scan covers shipped files, not records under .cairn/ (PKG-024) (89.205783ms)
✔ a vendor-naming step wrapped across lines is matched (PKG-006, PKG-027) (88.720708ms)
✔ PKG-013 scans the README, the manual, and the walkthrough (PKG-032) (230.998908ms)
✔ the manifests, the listing and package.json agree on the name and version, and name paths the repository holds (PKG-037) (2.204682ms)
✔ the hooks file registers session-start and stop against the plugin's own hook.mjs through the plugin root variable (PKG-038) (0.260619ms)
✔ a Muse hook entry whose shared hook is missing prints one line and exits 0 (PKG-041, PKG-022) (92.194026ms)
✔ the registered commands print the verdict at session start, link the command into the plugin, and refuse a stop while wake says Resolvable (PKG-038, PKG-021) (372.832421ms)
✔ LOOP-071: decision body metadata does not resolve unbuilt work: "Superseded by: example" (633.478386ms)
✔ LOOP-071: decision body metadata does not resolve unbuilt work: "```text\nSuperseded by: example\n```" (623.903851ms)
✔ LOOP-071: decision body metadata does not resolve unbuilt work: "~~~text\nSuperseded by: example\n~~~" (717.531048ms)
✔ LOOP-071: a fenced realization example is not a resolving commit (724.785721ms)
✔ LOOP-071: a fenced commit inside the realization section is not built (646.466376ms)
✔ LOOP-071: ## Example cannot replace an open review finding (569.911492ms)
✔ LOOP-071: # Example cannot replace an open review finding (511.41001ms)
✔ LOOP-071: ### Example cannot replace an open review finding (477.522671ms)
✔ LOOP-071:   ## Example cannot replace an open review finding (450.125233ms)
✔ LOOP-071: Example paragraph. cannot replace an open review finding (439.77971ms)
✔ LOOP-071: Example
------- cannot replace an open review finding (407.919863ms)
✔ LOOP-071: fenced fields before a real review header are ignored (401.187396ms)
✔ LOOP-071: multiline decision --title cannot inject metadata (346.312391ms)
✔ LOOP-071: multiline decision --decided-by cannot inject metadata (328.84052ms)
✔ LOOP-071: multiline decision --rests-on cannot inject metadata (391.711542ms)
✔ LOOP-071: multiline decision --wrong-if cannot inject metadata (321.962619ms)
✔ LOOP-071: multiline decision --history cannot inject metadata (328.100093ms)
✔ LOOP-072: malformed Blocking concerns stay open: "R-001\nAnswer: ok" (88.588703ms)
✔ LOOP-072: malformed Blocking concerns stay open: "R-001\r\nAnswer: ok" (102.648547ms)
✔ LOOP-072: malformed Blocking concerns stay open: "R-001\rAnswer: ok" (82.237231ms)
✔ LOOP-072: malformed Blocking concerns stay open: "R-001 Answer: ok" (86.213214ms)
✔ LOOP-072: malformed Blocking concerns stay open: "R-001 Answer: ok" (86.541722ms)
✔ LOOP-072: ordinary malformed concerns are refused: "R-001\nR-002" (59.346698ms)
✔ LOOP-072: ordinary malformed concerns are refused: "R-001, prose" (49.264836ms)
✔ LOOP-072: ordinary malformed concerns are refused: " " (50.286036ms)
✔ LOOP-072: a Blocking escalation without concerns is still presented (77.571354ms)
✔ LOOP-072: carriage returns in a Blocking question do not create answer records (78.694919ms)
✔ LOOP-072: explanation separator 8232 cannot close an escalation (153.764118ms)
✔ LOOP-071: decision metadata refuses separator 8232 (293.858987ms)
✔ LOOP-072: explanation separator 8233 cannot close an escalation (166.798231ms)
✔ LOOP-071: decision metadata refuses separator 8233 (338.143636ms)
✔ Concerns, Rests on, and Promoted from written as lists read as the flat form (LOOP-124) (599.775641ms)
✔ an item named by filename, path, or backticked slug resolves like the slug (LOOP-125) (552.622166ms)
✔ an input that covers Cairn's own output is named as the repair, before and after a check (LOOP-126, LOOP-105) (739.327408ms)
✔ an unreadable record directory is a repair, not an error exit (LOOP-127) (87.55376ms)
✔ a title that slugifies to nothing is refused (LOOP-128) (125.756389ms)
✔ examined: [] is an empty list (LOOP-129, LOOP-108) (497.536691ms)
✔ below the Git toplevel the restore check compares root-relative paths (LOOP-130, LOOP-035) (382.961249ms)
✔ below the Git toplevel an uncommitted declared input is named from the project root (LOOP-132, LOOP-030) (239.794965ms)
✔ a value on the key line followed by list items is the first item, never dropped (LOOP-133) (570.668391ms)
✔ the footprint's walk reads Current: as the wake does: a fenced example below the real line, or a second line in history, never moves the start (LOOP-134, LOOP-035) (281.513353ms)
✔ an input spelled .. from a project below the Git toplevel covers the evidence directory (LOOP-126, LOOP-105) (77.159974ms)
✔ a Consequential record this commitment added needs its queue entry committed (LOOP-131, DEC-004) (477.434659ms)
✔ a mechanism that removes the check lock still gets its evidence, with no repair for the lock (LOOP-107) (225.268449ms)
✔ a staged rename reads as its two paths, never as a bare origin token (LOOP-030, LOOP-110) (109.985243ms)
✔ a Current: line inside a fenced example is neither a second Current: line nor the commitment, before or after the real line (LOOP-104) (204.687312ms)
✔ a Status: word is taken only from a line that carries one, never from wrapped prose after it (SPEC-018) (0.849919ms)
✔ the placeholder left above a resolving entry is a repair naming the file (DEC-021) (233.428177ms)
✔ the placeholder alone is a decision recorded and not yet built, unchanged (DEC-007) (62.331798ms)
✔ resolving entries with no placeholder are unchanged (DEC-006) (111.220469ms)
✔ a shallow clone that cannot resolve its entries is still told to fetch, not to edit (LOOP-113 keeps precedence) (120.20367ms)
✔ the placeholder quoted in a fenced example does not make a built record a repair (DEC-021) (117.918898ms)
✔ supersede takes the same decider vocabulary as decide (DEC-020) (97.096538ms)
✔ a superseded record is held to the same line: its placeholder above a resolving entry is a repair (DEC-021, DEC-010) (162.637488ms)
✔ realize() touches only the Realized by section; a body that quotes the placeholder keeps it (100.380112ms)
✔ an untracked file under a declared input is not a change under way; check still refuses beside it and names .gitignore (LOOP-110, LOOP-030) (214.8654ms)
✔ an unmatched input is refused before execution (LOOP-044) (187.4409ms)
✔ an indexed input deleted on disk asks for a commit (LOOP-045) (200.961304ms)
✔ wake and check require a Git working tree (LOOP-046) (150.789682ms)
✔ recovery removes only dead kernel run records and identifies a live owner (LOOP-054, LOOP-055) (327.648066ms)
✔ an agent action based behind a clean HEAD appears committed (LOOP-027) (192.88525ms)
✔ realization needs a real commit and a subject (DEC-006) (288.552612ms)
✔ 1500 binary inputs digest identically at the review commit in under a second (LOOP-024) (1645.314808ms)
✔ merged work is excluded but a later own commit is a breach (LOOP-047) (293.338936ms)
✔ exact Current tenure ignores prefix matches and earlier visits to the same slug (LOOP-035) (286.488389ms)
✔ a kernel run records its supervising PID (LOOP-054) (261.692031ms)
✔ a merged declared input still stales evidence (LOOP-047) (364.041663ms)
✔ wildcard and magic pathspecs select the same historical inputs (LOOP-024, LOOP-032) (2025.461218ms)
✔ historical selection retains deleted files and excludes new ones (LOOP-024, LOOP-035) (1252.133146ms)
✔ cairn --version prints the package.json version outside a repository, and help lists it (PKG-039) (171.135341ms)
✔ a release is one commit setting one version in the five files, with the changelog entry, tagged v<version> (PKG-040) (1041.835665ms)
✔ the release script refuses a bad version, no increase, a dirty tree, a missing entry, a taken tag, a disagreeing file, and a loop not at Done, each in one line with nothing written (PKG-040) (2055.324048ms)
✔ a version file written as compact JSON is released, and nothing else in any version file changes (PKG-042) (1180.337124ms)
✔ with attribution forbidden, the release script refuses an unpushed commit carrying an AI attribution line (PKG-045) (547.41536ms)
✔ explicit reporting with no lines and exit 0 establishes no requirement verdicts (LOOP-061) (417.400703ms)
✔ explicit reporting with no lines and exit 1 establishes no requirement verdicts (LOOP-061) (402.266975ms)
✔ a reporter that cannot start keeps execution diagnostics without blaming requirements (LOOP-062) (266.794598ms)
✔ large output cannot kill a reporter or invent a requirement verdict (347.785483ms)
✔ explicit mode ignores cairn: R-999: pass (331.703702ms)
✔ explicit mode ignores cairn: R-001: unverified (429.045043ms)
✔ explicit mode ignores cairn: R-001: passed (374.824006ms)
✔ explicit results survive nonzero exit and contradictory duplicates still fail (647.852918ms)
✔ unverified results across changed inputs never become failed attempts (1422.837325ms)
✔ legacy exit 0 retains its interpretation (225.963415ms)
✔ legacy exit 1 retains its interpretation (228.251661ms)
✔ a misspelled reporting mode is refused before execution (100.244818ms)
✔ changed requirement blocks unchecked reruns and makes the completion review stale (LOOP-058, LOOP-059) (1704.6399ms)
✔ falsifier changes need review; separate rationale and other requirements do not change a receipt (1471.479371ms)
✔ legacy receipts recover requirement identity from their commit; unavailable history requires review (904.945906ms)
✔ check refuses uncommitted requirement text and mechanism review markers (787.507518ms)
✔ tightened response limit cannot reuse the old passing check (1317.747704ms)
✔ a declared input over 1 MiB agrees at a commit and in the tree (LOOP-060) (443.08142ms)
✔ a failed Git blob read cannot be hashed as an empty blob (365.684729ms)
✔ Git listings over 1 MiB include the last declared input (2243.860275ms)
✔ requirement identity excludes fenced examples and status dates (450.153357ms)
✔ DemonCoder REM-002 and Status in progress cannot silently satisfy the review gate (LOOP-086) (747.321022ms)
✔ valid open findings retain their behavior (503.193513ms)
✔ valid resolved findings retain their behavior (589.354134ms)
✔ valid empty findings retain their behavior (584.5705ms)
✔ valid mixed valid findings retain their behavior (513.560834ms)
✔ malformed finding "open:" requires repair (433.303317ms)
✔ malformed finding "resolved:   " requires repair (419.372116ms)
✔ malformed finding "Open: incorrect case" requires repair (374.293415ms)
✔ malformed finding "unknown: issue" requires repair (359.31574ms)
✔ malformed finding "\u001b[31mBAD: issue" requires repair (334.6238ms)
✔ the established explicit empty findings list remains valid (350.093742ms)
✔ a scalar findings value requires the supported list format (318.150451ms)
✔ check runs a mechanism when a requirement outside the commitment was revised, and asks for the review once a commitment includes it (LOOP-059) (963.282592ms)
✔ a Requirements: line written as a list is read like the flat form (LOOP-102) (132.811159ms)
✔ a subdirectory or a README in a record directory changes nothing (LOOP-103) (514.22406ms)
✔ two Current: lines are a roadmap repair (LOOP-104) (82.480954ms)
✔ a repeated identifier, an input under the evidence directory, and a missing cwd are refused by name (LOOP-105) (517.326332ms)
✔ a requirement whose evidence outlives its mechanism is named declare, not a regression or an escalation (LOOP-106) (1198.633051ms)
✔ an unreadable record is a repair, not an error exit (LOOP-107) (93.792768ms)
✔ a review needs commit, a nonempty examined list, and a findings list, each named when missing (LOOP-108) (1061.570378ms)
✔ a decision record missing a header field or naming a missing predecessor is a repair (LOOP-109) (307.647949ms)
✔ a dirty declared input with no in-progress record is named record ahead of run (LOOP-022, LOOP-110) (249.50958ms)
✔ with core.filemode false the index mode is the identity, so a mode-only difference does not refuse the check (LOOP-111) (249.13838ms)
✔ a project below the Git toplevel can run check (LOOP-112) (249.157973ms)
✔ a shallow clone names history to fetch, not a decision to build (LOOP-113) (143.395854ms)
✔ record-writing commands refuse to run outside a Cairn repository and write nothing (LOOP-118) (244.280004ms)
✔ a git that cannot start is one line and exit 3 from wake and from check, with nothing recorded (LOOP-137) (87.00238ms)
✔ an unexplained or uncommitted stop record is named explain before any other action; explained and committed, the wake moves on (LOOP-139) (244.010995ms)
✔ empty footprint names declaration before scope and records no evidence (LOOP-081) (559.450449ms)
✔ first declaration still checks the full earlier history (LOOP-081) (416.568963ms)
✔ an empty current footprint does not block an explicitly requested existing mechanism (LOOP-081) (377.065755ms)
✔ an inherited mechanism provides a footprint even before local mechanisms exist (274.852357ms)
✔ scope reports every path, escapes line breaks, and gives identical remedies (LOOP-082) (274.55409ms)
✔ scope verdict reuses the answered-escalation annotation (LOOP-048, LOOP-051, LOOP-083) (629.080191ms)
✔ a committed scope acknowledgment lets restored history proceed (LOOP-083) (759.60099ms)
✔ scope acknowledgment must be committed before it can clear a breach (669.712614ms)
✔ ordinary ok does not acknowledge scope history (296.436358ms)
✔ scope escalation refuses unrestored paths and names the restoration remedy (264.769609ms)
✔ an invalid scope request still records an explicitly Blocking decision (144.675001ms)
✔ ask and explanation stay open; only the final committed ok acknowledges scope (692.316171ms)
✔ instead is visible but does not silently authorize a scope exception (370.893683ms)
✔ later changes to an acknowledged path still block, including later reverts (1158.225741ms)
✔ approval cannot hide another path changed after the snapshot (423.172186ms)
✔ acknowledged history remains conditional on the paths staying restored (586.861841ms)
✔ editing the scope snapshot after answer invalidates its acknowledgment (292.591813ms)
✔ malformed scope metadata cannot suppress a breach (1445.644487ms)
✔ damaged acknowledgment fields cannot suppress a breach (549.15628ms)
✔ scope path matching is literal, including wildcard filenames and control characters (526.81601ms)
✔ scope acknowledgment does not carry into another activation of the same slug (298.416072ms)
✔ restoration checks additions, deletions, executable modes, and symlink kinds (1435.138734ms)
✔ explicit committed retention keeps correct work and requires new evidence and review (LOOP-084, LOOP-085) (2248.849528ms)
✔ a missing declaration covers correct earlier work without retention or revert (558.946001ms)
✔ keep requires scope and an unchanged committed candidate (199.725211ms)
✔ uncommitted retention and instead answers cannot clear the incident (1103.098763ms)
✔ retention does not grant future edits, even when reverted to the approved tree (1316.063104ms)
✔ retention cannot cover another path or another activation (557.659131ms)
✔ imported changes must still match the retained tree (576.837825ms)
✔ retention handles additions, deletions, modes, symlinks, and literal filenames (2073.049611ms)
✔ retention cannot convert an existing restoration answer or accept an unknown mode (412.016035ms)
✔ a check failure after retention remains a failure (703.011972ms)
✔ retained paths stay part of the stable checked candidate without extending its footprint (588.20259ms)
✔ retention ask needs an explanation and final committed approval (528.116955ms)
✔ an unknown scope mode remains invalid even with a matching approval digest (268.701343ms)
✔ backlog writes the item; a second with the same title is refused, never overwritten (LOOP-016) (177.800925ms)
✔ a commit inside the footprint: check runs; outside it: check names the path and does not run (LOOP-015, LOOP-035) (613.960659ms)
✔ Cairn's records are never a breach; another file under docs/ is (LOOP-117) (697.080881ms)
✔ declaring the path as an input clears the breach (268.001062ms)
✔ a revert preserves the record of an out-of-scope commit (LOOP-047) (306.309456ms)
✔ a commitment naming a requirement the spec set does not hold as Agreed is repaired (LOOP-029) (82.942628ms)
✔ a requirement in a Draft spec file is not Agreed (98.044144ms)
✔ working agreements and the ignore file are Cairn records (LOOP-035, LOOP-036) (447.636001ms)
✔ the over-asking rule is gone from both skills (SPEC-005, SPEC-006, SPEC-007) (1.415416ms)
✔ a decision during the phase is recorded (DEC-003) (0.157664ms)
✔ understanding is restated before writing (SPEC-003) (0.110232ms)
✔ falsifiers are proposed as one set and confirmed by exception (SPEC-004) (0.145804ms)
✔ depth is inferred and domains derived, never asked or imposed (SPEC-008, SPEC-009) (0.119604ms)
✔ a term enters the glossary at first occurrence (SPEC-010) (0.07159ms)
✔ the phase ends at the first commitment, and later ones are specified during the loop (SPEC-011, SPEC-012) (0.090316ms)
✔ a requirement goes Agreed only with a nameable mechanism (SPEC-013) (0.089695ms)
✔ review before agreement, recording what it attacked (SPEC-014, SPEC-015) (0.09709ms)
✔ no spec file without requirements; nothing Agreed without a falsifier (SPEC-001, SPEC-002) (0.140468ms)
✔ Observed is marked, and is not contract (SPEC-016, SPEC-017) (0.124133ms)
✔ the skills exclude artifacts outside Cairn's workflow (0.185389ms)
✔ the working agreement names the agent's move for each verdict and the write-ahead record (LOOP-036) (0.183153ms)
✔ the working agreement names the developer's moves (LOOP-036, DEC-014) (0.082939ms)
✔ this repository runs by the file it ships (0.42861ms)
✔ both skills write the working agreement without naming a vendor's file (LOOP-002, LOOP-036, PKG-006) (0.157835ms)
✔ the working agreement says what an attempt is (LOOP-036, DEC-017, DEC-018) (0.071061ms)
✔ the working agreement says a failure no footprint change can address is an escalation, and where an inherited requirement is repaired (DEC-019, LOOP-057) (0.083446ms)
✔ the working agreement states the promote, next-iteration, and no-deferral moves (LOOP-029, LOOP-087, LOOP-091, LOOP-092) (0.068855ms)
✔ both skills sort captures into the backlog or next-iteration and forbid deferral (LOOP-029, LOOP-092, LOOP-093) (0.056323ms)
✔ the skill requires a falsifier on every requirement, a MAY included (SPEC-025) (0.049032ms)
✔ the working agreement names the hooks as optional and the install skill registers them for two harnesses (PKG-006, PKG-018, PKG-019) (0.20074ms)
✔ the working agreement says the kernel is upgraded at Done, never inside a commitment (LOOP-096) (0.054629ms)
✔ the next-iteration skill starts from the specification and ends by naming the next commitment (SPEC-026, SPEC-027) (0.210149ms)
✔ every document that names the project skills names next-iteration beside them (SPEC-026, PKG-014) (2.321656ms)
✔ the working agreement states a move for every action the kernel can name (LOOP-101) (1.500674ms)
✔ the working agreement states both record formats and the two flags the moves need (LOOP-036) (0.336685ms)
✔ the skills demonstrate a safe violating example and preserve recon findings (SPEC-022, SPEC-023) (0.081742ms)
✔ the specification skills run the checker through the cairn command (PKG-029) (0.189073ms)
✔ the README invokes the phase skills by name and states versions and platforms (PKG-030, PKG-031) (0.245134ms)
✔ the manual and the walkthrough say the loop promotes backlog items at Done (0.849895ms)
✔ the working agreement says a report is not work under way, its findings are captured, and it is committed with them (LOOP-138) (0.088843ms)
✔ a two-obligation sentence is named (PKG-007) (43.887318ms)
✔ an obligation with no actor is named (PKG-010) (32.535573ms)
✔ a leading condition clause is not the actor, and the actor after it counts (40.867117ms)
✔ an Agreed requirement with no falsifier is named (SPEC-002); a Draft one is not (109.276532ms)
✔ prose after a Draft requirement with no falsifier is not scanned as requirement text (52.689392ms)
✔ a spec declaring a prefix with no requirement is named (SPEC-001) (45.910824ms)
✔ a keyword in backticks or quotes is a mention, not an obligation (46.395609ms)
✔ duplicate identifiers are rejected within a file and across files (SPEC-020) (87.342976ms)
✔ references resolve across files; missing references name their source (SPEC-021) (92.922015ms)
✔ code examples and quoted mentions are neither definitions nor references (43.427345ms)
✔ machine-local paths are findings in prose, links, quotes, and examples (SPEC-019) (492.812591ms)
✔ relative paths, URLs, slash commands, and character mentions are not absolute path findings (45.972941ms)
✔ a slash after a placeholder continues the template (SPEC-019) (74.911514ms)
✔ a host path is a finding until the file declares it (SPEC-019, SPEC-024) (90.363971ms)
✔ declared host paths cover children with a slash boundary and stay file-local (154.538221ms)
✔ a host-path declaration inside a requirement or example grants no exception (135.818555ms)
✔ host-path declarations require absolute or home-relative entries (215.313178ms)
✔ an Agreed block whose only keyword is MAY needs a falsifier like any other (SPEC-025, SPEC-002) (81.373859ms)
✔ a regex literal is not a path, a drive path and a file URL are, and a skill's slash name is allowed (SPEC-028, SPEC-029) (74.060507ms)
✔ a backticked or quoted actor still counts as one (PKG-010) (35.795714ms)
✔ supersede writes both lines, and the old record keeps every word it had (DEC-008, DEC-010) (94.91814ms)
✔ supersede without a cause, or with one outside the four, is refused (DEC-009) (149.572614ms)
✔ supersede of a record that does not exist is refused (80.194793ms)
✔ a predecessor with no title line cannot be stamped, so nothing is written (82.945047ms)
✔ a --supersedes argument outside the slug alphabet is refused, and a path never reaches the filesystem (DEC-022) (284.26273ms)
✔ a record already superseded cannot be superseded again: one Superseded by line per record (DEC-022, DEC-010) (217.287066ms)
✔ reversals reports counts by decider, cause, and domain (DEC-011) (222.617866ms)
✔ decide in a domain with a reversal is refused without --history, naming the reversal; with it, the record carries History (DEC-012) (239.900992ms)
✔ decide in a domain with no reversals needs no --history (135.616677ms)
✔ a record resting on prose alone is in the domain unspecified, and so is the next one (129.277595ms)
✔ the decider tally normalizes case and whitespace, and names a value outside the vocabulary (DEC-020, DEC-011) (75.281889ms)
✔ a record with no Decided by line is tallied as unrecorded, not as a vocabulary value (70.774793ms)
✔ Decided by written as a list tallies like the flat form, and does not crash the report (LOOP-124, DEC-020) (84.478811ms)
✔ a second declaration for one requirement is accepted, a named check runs every mechanism, and Done needs each to pass (LOOP-056, LOOP-099) (2126.809943ms)
✔ one mechanism's stale evidence names that mechanism, and --stale runs only it (LOOP-056, LOOP-094) (752.300722ms)
✔ attempts are counted within one mechanism's records, so the other's passes do not reset them (LOOP-100, DEC-016) (1372.798745ms)
✔ step 1: an in-progress record is reconciled before anything else (108.6981ms)
✔ step 2: an open escalation is presented and nothing else happens (81.981584ms)
✔ an answered escalation is not open (536.789607ms)
✔ step 3: a decision with no realized-by is built, first by name (DEC-007) (92.453279ms)
✔ a superseded decision with no realized-by is not work (141.29442ms)
✔ step 6: a mechanism that has never run is run, not implemented (LOOP-008) (139.0949ms)
✔ step 6: a requirement whose mechanism fails is implemented (513.323798ms)
✔ step 6 before step 7: failing evidence outranks a missing mechanism (343.75933ms)
✔ step 7: a requirement with no mechanism is declared (LOOP-106) (82.798777ms)
✔ every verdict names who acts: Resolvable is the agent's, Done needs nobody, Escalate waits for the developer (LOOP-004) (521.845257ms)
✔ malformed roadmap is Resolvable, not fatal (LOOP-005) (58.651572ms)
✔ a commitment naming no requirements is Resolvable (LOOP-018) (57.951908ms)
✔ the primary test: two wakes on the same checkout give the same action, before and after a persisted transition (LOOP-001, LOOP-003) (538.170015ms)
✔ outside a cairn repository wake cannot run (33.462981ms)
✔ the loop never waits on the review queue (DEC-015) (317.965618ms)
✔ twenty built records cost one git call to resolve, not twenty (DEC-023) (175.070677ms)
✔ an ambiguous Realized by identifier is the repair that says lengthen it, not a build (LOOP-113, DEC-023) (145.079317ms)
✔ the linked walkthrough runs from agreement through the next commitment (PKG-016) (1432.069314ms)
ℹ tests 498
ℹ suites 0
ℹ pass 497
ℹ fail 1
ℹ cancelled 0
ℹ skipped 0
ℹ todo 0
ℹ duration_ms 21682.287261

✖ failing tests:

test at tests/coverage.test.mjs:13:1
✖ every requirement the node-test declaration speaks for is named in a test title (PKG-025) (2.288506ms)
  AssertionError [ERR_ASSERTION]: declared but named by no test title: LOOP-141
  + actual - expected
  
  + [
  +   'LOOP-141'
  + ]
  - []
  
      at TestContext.<anonymous> (file:///home/shawn/workspace2/cairn-dev/tests/coverage.test.mjs:17:10)
      at Test.runInAsyncScope (node:async_hooks:214:14)
      at Test.run (node:internal/test_runner/test:1062:25)
      at Test.start (node:internal/test_runner/test:959:17)
      at startSubtestAfterBootstrap (node:internal/test_runner/harness:332:17) {
    generatedMessage: false,
    code: 'ERR_ASSERTION',
    actual: [ 'LOOP-141' ],
    expected: [],
    operator: 'deepStrictEqual'
  }
