✔ a Draft block overrides an Agreed file for both wake and check (SPEC-018) (226.322192ms)
✔ an Agreed block overrides a Draft file in the kernel and lint (SPEC-018, SPEC-002) (666.394622ms)
✔ a block Status does not become the file default, including inside examples (SPEC-018) (475.237128ms)
✔ block status without a value does not inherit Agreed by accident (SPEC-018) (100.520469ms)
✔ inheritance needs a file Scope and includes only Agreed blocks, regardless of prefix (PKG-015) (2290.466436ms)
✔ Scope inside a requirement or fenced example does not declare inheritance (PKG-015) (1011.398906ms)
✔ a falsifier wrapped onto a line beginning with Status: does not become the block's status (SPEC-018) (2.05987ms)
✔ LOOP-063: reject input mutation during a check and retain diagnostics (441.280682ms)
✔ LOOP-063: reject deletion mutation during a check and retain diagnostics (438.032599ms)
✔ LOOP-063: reject addition mutation during a check and retain diagnostics (419.78206ms)
✔ LOOP-063: reject mode mutation during a check and retain diagnostics (438.930195ms)
✔ LOOP-063: reject specification mutation during a check and retain diagnostics (520.195208ms)
✔ LOOP-063: reject declaration mutation during a check and retain diagnostics (631.966296ms)
✔ LOOP-063: reject commit mutation during a check and retain diagnostics (532.401619ms)
✔ LOOP-063: committed input mutation during execution cannot certify the replacement (519.419327ms)
✔ LOOP-064: removing executable permission makes passing evidence stale (736.996523ms)
✔ LOOP-064: a mode-only change also invalidates the previous review after new evidence (1192.024421ms)
✔ LOOP-064: changing a regular file into a link with identical identity bytes is stale (872.07764ms)
✔ LOOP-063: an unchanged candidate still records a pass despite unrelated working-tree edits (229.529845ms)
✔ LOOP-064: current and historical input ordering agrees for Unicode filenames (310.313622ms)
✔ LOOP-063: Git status hiding content changes cannot certify an uncommitted candidate (121.616139ms)
✔ LOOP-066: one check owns execution with a kernel action record (498.078874ms)
✔ LOOP-066: one check owns execution with an agent action record (562.86885ms)
✔ LOOP-066: a live lock is named and never silently overwritten (163.981422ms)
✔ LOOP-066: a dead lock is named and never silently overwritten (204.283338ms)
✔ LOOP-066: a incomplete lock is named and never silently overwritten (171.687708ms)
✔ LOOP-066: an execution error releases the check lock for a corrected rerun (601.870238ms)
✔ LOOP-066: a live kernel action from an older Cairn also blocks execution (127.179651ms)
✔ LOOP-066: separate Git worktrees can run checks independently (805.468697ms)
✔ after a green check --stale runs nothing; after one input changes it runs only that mechanism (LOOP-094) (1134.600521ms)
✔ a mechanism speaking for two stale requirements runs once and refreshes both (LOOP-094, LOOP-040) (840.660654ms)
✔ a fresh failure and an unverified result are skipped with implement named (LOOP-094) (768.720702ms)
✔ --stale with a requirement identifier is refused (LOOP-094) (76.397133ms)
✔ check --stale holds back a mechanism whose requirement has three attempts and no escalation, names it, and records nothing (LOOP-094, DEC-016) (2548.185109ms)
✔ check refuses a dirty declared input and names it; a dirty undeclared file does not block (LOOP-030) (565.664605ms)
✔ check writes one receipt per run carrying the full record and a result line per requirement (LOOP-097) (371.320401ms)
✔ a nonzero exit records fail, and the receipt keeps the exit code (LOOP-034) (364.97131ms)
✔ a pass after a fail keeps the failing record; nothing is overwritten or deleted (LOOP-025) (789.638561ms)
✔ a commit changing a declared input makes evidence stale; an undeclared one does not (LOOP-007) (1018.128827ms)
✔ a regression is named before a requirement that never passed (LOOP-031) (1216.736839ms)
✔ three attempts with no escalation since: wake says escalate, not a fourth (DEC-016, DEC-017, DEC-018) (2759.514251ms)
✔ the review gate: no review, stale review, open finding, then Done (LOOP-020, LOOP-033) (980.207435ms)
✔ Done is refused while any requirement lacks current passing evidence (LOOP-017) (77.224707ms)
✔ check names a requested requirement that no mechanism claims (90.453225ms)
✔ check writes the in-progress record before the run and clears it after (LOOP-021) (199.213742ms)
✔ a linked declared input digests the same at a commit and in the tree (LOOP-023, LOOP-024) (387.521581ms)
✔ a result line is the mechanism's statement about one requirement; what it did not mention is unverified (LOOP-037, LOOP-052) (183.208978ms)
✔ a mechanism that says nothing is read by its exit code for every requirement (LOOP-039) (191.114306ms)
✔ unverified is not an attempt, and a return to an earlier failed digest counts once (DEC-017, DEC-018) (1634.951358ms)
✔ a result line for a requirement the mechanism does not speak for is named and writes nothing (LOOP-038) (185.739322ms)
✔ a result line inside ordinary output, or without the marker, does not count (175.842804ms)
✔ a targeted check runs the named requirements' mechanisms and records every requirement they speak for (LOOP-040) (198.34129ms)
✔ two result lines for one requirement: a fail on any line wins (195.015841ms)
✔ three runs at one digest with no attempt since: the verdict stays implement and names DEC-019; an escalation naming it among others clears the hint (DEC-019, LOOP-053) (931.645124ms)
✔ a receipt names its commit in full, and an older receipt with the short form is still read (LOOP-136) (267.572393ms)
✔ a complete commitment with an unpromoted backlog item names promote, and a stamped item lets it reach Done (LOOP-087) (987.019527ms)
✔ an empty backlog with waiting next-iteration items is Done, with the count as information and no action on them (LOOP-091) (913.92759ms)
✔ a promotion marker must resolve to a decision record (LOOP-088) (320.16769ms)
✔ a commitment promoted from an item needs a decision record naming the item (LOOP-088) (412.064233ms)
✔ the spec lint reports a promotion marker with no decision record (LOOP-088) (83.284638ms)
✔ a promoted commitment that changes an Agreed requirement or the working agreement is an escalation; an unpromoted one is not (LOOP-089, LOOP-090) (2210.707623ms)
✔ a capture from one of the commitment's own requirements needs Outside because: or an escalation (LOOP-092) (1931.305451ms)
✔ a next-iteration item names what it would change, and the capture refuses one that does not (LOOP-093) (419.797568ms)
✔ a commitment specified from a next-iteration item needs the item stamped before anything else (SPEC-027) (489.873667ms)
✔ a by deference marker resolves to a decision record like a promotion marker (SPEC-002, LOOP-088) (199.445906ms)
✔ the LOOP-090 gate reads the Concerns line, not the slug as a substring (LOOP-114) (555.058066ms)
✔ the LOOP-088 check reads the Promotes line, and decide --promotes writes it (LOOP-115) (226.922853ms)
✔ the activation commit of a promoted commitment is inside the LOOP-089 comparison (LOOP-116) (142.444168ms)
✔ the LOOP-090 route needs one escalation: its Concerns line covers the moved item too (LOOP-119, LOOP-092, LOOP-114) (593.669013ms)
✔ an escalation raised before the promoted commitment began does not silence the LOOP-090 gate (LOOP-114) (342.709548ms)
✔ an escalation raised before the commitment began does not silence the capture gate (LOOP-119) (317.44734ms)
✔ the activation commit is inside the scope footprint (LOOP-120) (100.615324ms)
✔ a requirement Agreed at activation that is demoted or removed is a contract change (LOOP-121) (571.15411ms)
✔ the include files are the root files that hold @AGENTS.md: exempt from the footprint, compared by the gate (LOOP-122) (1070.189723ms)
✔ a superseded promotion no longer satisfies the LOOP-088 check, and the repair says the promotion was reversed (LOOP-123) (467.418719ms)
✔ the restore route measures from the tree before activation, so a path the activation commit added must go (LOOP-120, LOOP-035) (180.008661ms)
✔ the loop works against exactly one commitment: the current one (LOOP-019) (398.178559ms)
✔ a promotion recorded below Consequential is a repair naming the level, since the developer never sees it in the queue (LOOP-088) (75.637299ms)
✔ every requirement the node-test declaration speaks for is named in a test title (PKG-025) (2.952931ms)
✔ every repository path the tests read is a declared input of node-test (PKG-026) (0.940653ms)
✔ writes a record with every required field and an empty realized-by (DEC-001, DEC-005) (69.883299ms)
✔ a Consequential decision is queued for review (DEC-013) (101.668961ms)
✔ a Consequential decision is queued even when .cairn/queue does not exist yet (99.613556ms)
✔ Routine is refused: routine decisions produce no record (107.963719ms)
✔ a missing field is a usage error and nothing is written (87.243908ms)
✔ supersedes requires a classified cause, and the old record must exist (194.700041ms)
✔ an existing record is not overwritten (142.006556ms)
✔ a queued decision stays queued; nothing but the developer removes it (DEC-014) (239.88607ms)
✔ each accepted decider is stored lowercase, whatever case it was typed in (DEC-020) (656.149248ms)
✔ a decider outside the vocabulary is a usage error naming all three, and nothing is written (DEC-020) (630.315108ms)
✔ an empty --decided-by is the missing-field error, not the vocabulary one (109.005789ms)
✔ LOOP-006, LOOP-067: missing inputs names a declaration repair before execution (195.748132ms)
✔ LOOP-006, LOOP-067: empty inputs names a declaration repair before execution (176.763671ms)
✔ LOOP-006, LOOP-067: missing command names a declaration repair before execution (176.787352ms)
✔ LOOP-006, LOOP-067: list command names a declaration repair before execution (159.799319ms)
✔ LOOP-006, LOOP-067: empty command names a declaration repair before execution (174.093113ms)
✔ LOOP-006, LOOP-067: missing requirements names a declaration repair before execution (193.536987ms)
✔ LOOP-006, LOOP-067: bad identifier names a declaration repair before execution (162.163463ms)
✔ LOOP-067: scalar one-item lists retain their existing meaning (420.621653ms)
✔ LOOP-068: a unpopulated gitlink is refused by name (222.486189ms)
✔ LOOP-068: a populated gitlink is refused by name (223.97337ms)
✔ LOOP-069: identical selections across 100 mechanisms use at most 20 Git processes (219.465916ms)
✔ escalate writes the six-line format followed by its facts, and wake presents it (LOOP-010, LOOP-026) (168.102236ms)
✔ a missing or multi-line field is refused with the field named, and nothing is written (LOOP-012) (170.017813ms)
✔ a Blocking escalation that fails the format is written anyway, naming the malformed field (LOOP-013) (153.783147ms)
✔ the loop stops for the developer only at Blocking: a recorded decision below it never yields Escalate, and the Blocking bypass must be spelled exactly (DEC-002) (310.965177ms)
✔ a second escalation while one is open is refused (LOOP-011) (182.689008ms)
✔ answer records the reply; wake no longer presents it; a second answer is refused (328.327061ms)
✔ answer to an unknown escalation is refused (86.49602ms)
✔ a stranger resumes from the file alone: question and answer are both in it (LOOP-014) (133.350689ms)
✔ a developer-shaped answer during the agent's turn is refused and writes nothing; the explanation is still accepted (LOOP-135) (848.295354ms)
✔ after an answer, the same concern can be escalated again under a new name (254.387392ms)
✔ an escalation exists when its file does, committed or not (LOOP-009) (107.420368ms)
✔ developer answers require one of the three forms and cannot inject fields (LOOP-048) (754.466073ms)
✔ ask, agent explanation, another ask, and ok stay ordered in one file (LOOP-049, LOOP-050, LOOP-014) (947.77623ms)
✔ fresh closed answers accompany only concerned requirements until new evidence (LOOP-051) (986.843431ms)
✔ a raised escalation carries no derivable status line, and an old record with one still parses (LOOP-028) (264.667408ms)
✔ LOOP-065: delete of output refuses Done and a new run recovers (1278.993139ms)
✔ LOOP-065: corrupt of output refuses Done and a new run recovers (1521.870575ms)
✔ LOOP-065: delete of stderr_output refuses Done and a new run recovers (1439.587435ms)
✔ LOOP-065: corrupt of stderr_output refuses Done and a new run recovers (1241.219374ms)
✔ LOOP-065: a receipt without output needs a new check (643.013567ms)
✔ LOOP-065: a receipt without output_digest needs a new check (470.65436ms)
✔ LOOP-065: a receipt without stderr_output needs a new check (457.425399ms)
✔ LOOP-065: a receipt without stderr_digest needs a new check (440.953249ms)
✔ LOOP-065: legacy unverifiable output is rerun without rewriting history (699.934131ms)
✔ a fresh record names the kernel that wrote it (LOOP-023) (330.75868ms)
✔ LOOP-095: a record from another kernel is stale with the kernel named, and a new check restores Done (712.491478ms)
✔ LOOP-095: a record from no kernel is stale with the kernel named, and a new check restores Done (709.280763ms)
✔ LOOP-070: a later failure is latest even when the clock moves backward (1093.960118ms)
✔ LOOP-070: receipt collisions at one clock instant retain execution order beyond nine suffixes (4450.536873ms)
✔ LOOP-070: imported branch receipts stale a later sequence until a new check incorporates them (1333.273598ms)
✔ LOOP-070, LOOP-098: legacy receipts need one ordered check, remain byte-for-byte unchanged, and precede the run receipt in the history (532.005305ms)
✔ LOOP-070: edit of a prior receipt requires fresh evidence (462.709879ms)
✔ LOOP-070: remove of a prior receipt requires fresh evidence (474.31081ms)
✔ LOOP-075: supporting evidence file README.md does not become a receipt (521.296003ms)
✔ LOOP-075: supporting evidence file notes.txt does not become a receipt (503.388917ms)
✔ LOOP-075: supporting evidence file support does not become a receipt (507.450257ms)
✔ LOOP-075: supporting evidence file .DS_Store does not become a receipt (508.746078ms)
✔ LOOP-075: a malformed result line (result=success) names a repair before execution (348.624449ms)
✔ LOOP-075: a malformed result line (sequence=NaN) names a repair before execution (348.77184ms)
✔ LOOP-075: a malformed result line (sequence=9007199254740992) names a repair before execution (337.637939ms)
✔ LOOP-075: a malformed result line (history_digest=wrong) names a repair before execution (331.285951ms)
✔ LOOP-075: a malformed result line (tokens) names a repair before execution (361.267228ms)
✔ LOOP-075: a receipt-shaped directory is a named repair instead of an EISDIR crash (266.419065ms)
✔ LOOP-070: an earlier escalation cannot cover three new attempts after clock rollback (954.911851ms)
✔ LOOP-070: an answer becomes old after a later check even if that check's timestamp is earlier (653.362659ms)
✔ LOOP-070: the newest answer wins between checks even when its clock timestamp is older (477.21759ms)
✔ LOOP-070: legacy escalation dates cover old receipts but not three newer sequenced runs (1583.845974ms)
✔ a PKG requirement the commitment does not name is declared, run, and gates Done (PKG-011) (2129.188784ms)
✔ a PKG requirement in a Draft spec is not folded in (694.792431ms)
✔ LOOP-076, LOOP-079: stale inputs identify the receipt and the check to run (763.095824ms)
✔ LOOP-077: names a content change using checked input identity (766.56102ms)
✔ LOOP-077: names a mode change using checked input identity (762.085522ms)
✔ LOOP-077: names a kind change using checked input identity (830.961138ms)
✔ LOOP-077: names a added change using checked input identity (705.032099ms)
✔ LOOP-077: names a removed change using checked input identity (669.738303ms)
✔ LOOP-077: names a link-target change using checked input identity (1247.66377ms)
✔ LOOP-077: changed selection compares the old and new input sets (517.450258ms)
✔ LOOP-077: raw CRLF changes remain visible when Git-clean content agrees (507.570904ms)
✔ LOOP-077: detail output is sorted, bounded, and reports the omitted count (463.142561ms)
✔ LOOP-077: filenames cannot inject lines or terminal controls into explanations (400.508867ms)
✔ LOOP-077: receipts from one run share details and do not store source contents (306.53708ms)
✔ LOOP-078, LOOP-080: legacy optional detail limits explanation without changing standing (507.929449ms)
✔ LOOP-078, LOOP-080: invalid-field optional detail limits explanation without changing standing (494.940618ms)
✔ LOOP-078, LOOP-080: missing optional detail limits explanation without changing standing (498.569411ms)
✔ LOOP-078, LOOP-080: invalid-json optional detail limits explanation without changing standing (526.85984ms)
✔ LOOP-078, LOOP-080: mismatched optional detail limits explanation without changing standing (479.521089ms)
✔ LOOP-078, LOOP-080: duplicate optional detail limits explanation without changing standing (486.991916ms)
✔ LOOP-078, LOOP-080: unsafe-path optional detail limits explanation without changing standing (473.469857ms)
✔ LOOP-078, LOOP-080: directory optional detail limits explanation without changing standing (480.127175ms)
✔ LOOP-078, LOOP-080: symlink optional detail limits explanation without changing standing (510.938517ms)
✔ LOOP-078: unavailable old requirement text is not claimed as a proven change (369.338892ms)
✔ LOOP-076, LOOP-079: changed requirements identify evidence and retain review-before-check guidance (373.106325ms)
✔ LOOP-078: simultaneous input and output damage keep both reasons (383.570643ms)
✔ LOOP-080: deterministic freshness sequence seed=7 (10221.224101ms)
✔ LOOP-080: deterministic freshness sequence seed=42 (6381.49187ms)
✔ LOOP-080: deterministic freshness sequence seed=913 (5805.641979ms)
✔ LOOP-080: agreement changes, mechanism review, checks, and completion review retain priority (1358.544296ms)
✔ LOOP-080: imported receipt history demands a rerun without a false input explanation (1434.067673ms)
✔ LOOP-073: clean CRLF input completes under attributes (629.88954ms)
✔ LOOP-073: clean CRLF input completes under autocrlf (615.398933ms)
✔ LOOP-073: raw line-ending mutation during a run is rejected even when Git still sees the same content (276.091448ms)
✔ LOOP-073: execution evidence changes when clean conversion preserves committed identity (1247.16239ms)
✔ LOOP-073: Git clean filters use Git's conversion while retaining raw evidence identity (717.025282ms)
✔ LOOP-073: failure of a required Git filter cannot record evidence (160.022231ms)
✔ LOOP-073: a clean filter moving HEAD during ending validation prevents evidence (798.20955ms)
✔ LOOP-073: canonical Git identities handle links without reading their targets (557.797411ms)
✔ LOOP-073: Git conversion keeps raw Unicode and control-character input paths (584.816335ms)
✔ LOOP-073: conversion and links work in a SHA-256 Git repository (465.993569ms)
✔ LOOP-074: historical specification filename "café.md" remains reviewable (393.730842ms)
✔ LOOP-074: historical specification filename "spec\ttab.md" remains reviewable (397.006098ms)
✔ LOOP-074: historical specification filename "spec\nline.md" remains reviewable (349.49436ms)
✔ help works outside a repository without running a command (PKG-017) (1173.228493ms)
✔ help does not hide invalid options or consume literal arguments (224.068832ms)
✔ help lists the lint command (PKG-017) (50.04596ms)
✔ a working directory that no longer exists is named as the failure, and git is not blamed (PKG-041, PKG-022) (195.581047ms)
✔ the stop hook refuses a stop while wake says Resolvable, with the verdict as the reason (PKG-018) (202.165377ms)
✔ the stop hook allows a stop at Done, at Escalate, and outside a Cairn repository (PKG-018) (1070.241248ms)
✔ the session-start hook links the command once and prints the verdict in a Cairn repository (PKG-019, PKG-014, PKG-005) (577.425926ms)
✔ the session-start hook prints no verdict outside a Cairn repository and leaves an existing link that resolves alone (PKG-019) (65.884797ms)
✔ a checkout under a path with a space links a command that resolves, and its stop hook still blocks (PKG-019, PKG-021) (382.565708ms)
✔ the hooks run the kernel the command link resolves to, so hook and agent share one referee (PKG-021) (1277.430094ms)
✔ a dangling link is replaced and reported (PKG-019) (238.426937ms)
✔ errors exit 0 with one line on standard error and no stack trace (PKG-022) (199.679725ms)
✔ the hooks judge with the cairn on PATH, a wrapper included, and session-start names it (PKG-033) (1335.817799ms)
✔ a link to a wrapper or file is kept; a dangling link or one to a directory is replaced (PKG-034) (457.439785ms)
✔ a project below the Git toplevel gets the verdict and the stop refusal (PKG-035) (303.491844ms)
✔ a kernel that prints no verdict is one stderr line: the stop is allowed and session-start prints no trace (PKG-036) (169.891771ms)
✔ a link that cannot be created is one stderr line, and the verdict still prints (PKG-019, PKG-022) (132.299541ms)
✔ with git absent the hooks say so in one line and block nothing (PKG-022) (81.483606ms)
✔ the stop hook gives way once it has refused: stop_hook_active true prints the verdict and returns no block decision (PKG-018) (148.640782ms)
✔ cairn lint runs the checker over docs/spec by default and over a named directory (PKG-028) (228.749434ms)
✔ cairn lint names a missing directory in one line, takes one argument, and reports a bad root (PKG-028) (205.236932ms)
✔ three megabytes are retained exactly once with matching digests (LOOP-041, LOOP-042) (428.157559ms)
✔ split stdout result lines survive a long non-result line; stderr is never a verdict (421.080992ms)
✔ signal termination is recorded and logs survive a clone (LOOP-043) (473.431732ms)
✔ working agreements and ignore changes are Cairn records inside the footprint (417.892678ms)
✔ a clean package passes (116.743921ms)
✔ PKG-001: a dependency, or a service manifest (229.634718ms)
✔ PKG-002: ignoring evidence or other durable state, by directory or by extension (164.480893ms)
✔ PKG-003: a command, a directory, or a record kind no decision names (290.845536ms)
✔ PKG-004: a kernel over 1600 lines, counting every file under bin/ as wc -l does; exactly 1600 passes (433.166393ms)
✔ PKG-006: a skill step naming a vendor's product, in either order, across a wrapped list item (PKG-027) (386.460063ms)
✔ PKG-008: a non-ASCII character in a tracked text file (93.010194ms)
✔ PKG-009: the kernel importing from tests (84.397175ms)
✔ PKG-012: a network call or a model vendor in the kernel (209.790543ms)
✔ PKG-013: deferral language, but not in code, quotes, or a rule (896.246393ms)
✔ a tracked path deleted from the working tree is skipped, not a crash (129.682236ms)
✔ a sentence in a Formats section is not a record kind (104.861788ms)
✔ a record kind named by its path alone is checked (112.998946ms)
✔ PKG-002: a tracked in-progress record (81.431585ms)
✔ PKG-002: ignoring evidence alone is a finding (109.776656ms)
✔ PKG-003 reads the kernel's commands from its help output (PKG-023) (150.010196ms)
✔ the ASCII scan covers shipped files, not records under .cairn/ (PKG-024) (67.042953ms)
✔ a vendor-naming step wrapped across lines is matched (PKG-006, PKG-027) (102.987251ms)
✔ PKG-013 scans the README, the manual, and the walkthrough (PKG-032) (270.977791ms)
✔ the manifests, the listing and package.json agree on the name and version, and name paths the repository holds (PKG-037) (1.835269ms)
✔ the hooks file registers session-start and stop against the plugin's own hook.mjs through the plugin root variable (PKG-038) (0.219978ms)
✔ a Muse hook entry whose shared hook is missing prints one line and exits 0 (PKG-041, PKG-022) (82.282144ms)
✔ the registered commands print the verdict at session start, link the command into the plugin, and refuse a stop while wake says Resolvable (PKG-038, PKG-021) (360.046534ms)
✔ LOOP-071: decision body metadata does not resolve unbuilt work: "Superseded by: example" (701.335648ms)
✔ LOOP-071: decision body metadata does not resolve unbuilt work: "```text\nSuperseded by: example\n```" (678.614156ms)
✔ LOOP-071: decision body metadata does not resolve unbuilt work: "~~~text\nSuperseded by: example\n~~~" (713.990817ms)
✔ LOOP-071: a fenced realization example is not a resolving commit (814.525303ms)
✔ LOOP-071: a fenced commit inside the realization section is not built (684.230483ms)
✔ LOOP-071: ## Example cannot replace an open review finding (771.722139ms)
✔ LOOP-071: # Example cannot replace an open review finding (678.077402ms)
✔ LOOP-071: ### Example cannot replace an open review finding (758.5327ms)
✔ LOOP-071:   ## Example cannot replace an open review finding (513.895811ms)
✔ LOOP-071: Example paragraph. cannot replace an open review finding (506.569929ms)
✔ LOOP-071: Example
------- cannot replace an open review finding (426.886951ms)
✔ LOOP-071: fenced fields before a real review header are ignored (402.008767ms)
✔ LOOP-071: multiline decision --title cannot inject metadata (330.260526ms)
✔ LOOP-071: multiline decision --decided-by cannot inject metadata (347.700238ms)
✔ LOOP-071: multiline decision --rests-on cannot inject metadata (358.796336ms)
✔ LOOP-071: multiline decision --wrong-if cannot inject metadata (323.600795ms)
✔ LOOP-071: multiline decision --history cannot inject metadata (339.242782ms)
✔ LOOP-072: malformed Blocking concerns stay open: "R-001\nAnswer: ok" (100.978448ms)
✔ LOOP-072: malformed Blocking concerns stay open: "R-001\r\nAnswer: ok" (82.37209ms)
✔ LOOP-072: malformed Blocking concerns stay open: "R-001\rAnswer: ok" (112.185496ms)
✔ LOOP-072: malformed Blocking concerns stay open: "R-001 Answer: ok" (111.325227ms)
✔ LOOP-072: malformed Blocking concerns stay open: "R-001 Answer: ok" (75.963713ms)
✔ LOOP-072: ordinary malformed concerns are refused: "R-001\nR-002" (49.077507ms)
✔ LOOP-072: ordinary malformed concerns are refused: "R-001, prose" (57.903691ms)
✔ LOOP-072: ordinary malformed concerns are refused: " " (54.48109ms)
✔ LOOP-072: a Blocking escalation without concerns is still presented (87.129132ms)
✔ LOOP-072: carriage returns in a Blocking question do not create answer records (90.845691ms)
✔ LOOP-072: explanation separator 8232 cannot close an escalation (175.985058ms)
✔ LOOP-071: decision metadata refuses separator 8232 (312.097887ms)
✔ LOOP-072: explanation separator 8233 cannot close an escalation (160.788913ms)
✔ LOOP-071: decision metadata refuses separator 8233 (336.352393ms)
✔ Concerns, Rests on, and Promoted from written as lists read as the flat form (LOOP-124) (604.948954ms)
✔ an item named by filename, path, or backticked slug resolves like the slug (LOOP-125) (622.452058ms)
✔ an input that covers Cairn's own output is named as the repair, before and after a check (LOOP-126, LOOP-105) (727.271611ms)
✔ an unreadable record directory is a repair, not an error exit (LOOP-127) (92.903139ms)
✔ a title that slugifies to nothing is refused (LOOP-128) (151.95708ms)
✔ examined: [] is an empty list (LOOP-129, LOOP-108) (675.568222ms)
✔ below the Git toplevel the restore check compares root-relative paths (LOOP-130, LOOP-035) (431.153261ms)
✔ below the Git toplevel an uncommitted declared input is named from the project root (LOOP-132, LOOP-030) (282.720311ms)
✔ a value on the key line followed by list items is the first item, never dropped (LOOP-133) (739.371808ms)
✔ the footprint's walk reads Current: as the wake does: a fenced example below the real line, or a second line in history, never moves the start (LOOP-134, LOOP-035) (362.72904ms)
✔ an input spelled .. from a project below the Git toplevel covers the evidence directory (LOOP-126, LOOP-105) (107.506095ms)
✔ a Consequential record this commitment added needs its queue entry committed (LOOP-131, DEC-004) (699.480945ms)
✔ a mechanism that removes the check lock still gets its evidence, with no repair for the lock (LOOP-107) (328.635084ms)
✔ a staged rename reads as its two paths, never as a bare origin token (LOOP-030, LOOP-110) (137.692223ms)
✔ a Current: line inside a fenced example is neither a second Current: line nor the commitment, before or after the real line (LOOP-104) (204.260259ms)
✔ a Status: word is taken only from a line that carries one, never from wrapped prose after it (SPEC-018) (0.863717ms)
✔ the placeholder left above a resolving entry is a repair naming the file (DEC-021) (242.66065ms)
✔ the placeholder alone is a decision recorded and not yet built, unchanged (DEC-007) (80.6689ms)
✔ resolving entries with no placeholder are unchanged (DEC-006) (127.165047ms)
✔ a shallow clone that cannot resolve its entries is still told to fetch, not to edit (LOOP-113 keeps precedence) (155.897877ms)
✔ the placeholder quoted in a fenced example does not make a built record a repair (DEC-021) (123.04901ms)
✔ supersede takes the same decider vocabulary as decide (DEC-020) (105.591825ms)
✔ a superseded record is held to the same line: its placeholder above a resolving entry is a repair (DEC-021, DEC-010) (180.643389ms)
✔ realize() touches only the Realized by section; a body that quotes the placeholder keeps it (119.743872ms)
✔ an untracked file under a declared input is not a change under way; check still refuses beside it and names .gitignore (LOOP-110, LOOP-030) (210.201595ms)
✔ an unmatched input is refused before execution (LOOP-044) (263.011257ms)
✔ an indexed input deleted on disk asks for a commit (LOOP-045) (208.355631ms)
✔ wake and check require a Git working tree (LOOP-046) (143.55855ms)
✔ recovery removes only dead kernel run records and identifies a live owner (LOOP-054, LOOP-055) (435.864591ms)
✔ an agent action based behind a clean HEAD appears committed (LOOP-027) (226.731837ms)
✔ realization needs a real commit and a subject (DEC-006) (329.320322ms)
✔ 1500 binary inputs digest identically at the review commit in under a second (LOOP-024) (1681.354692ms)
✔ merged work is excluded but a later own commit is a breach (LOOP-047) (317.602911ms)
✔ exact Current tenure ignores prefix matches and earlier visits to the same slug (LOOP-035) (384.87563ms)
✔ a kernel run records its supervising PID (LOOP-054) (349.435449ms)
✔ a merged declared input still stales evidence (LOOP-047) (509.776385ms)
✔ wildcard and magic pathspecs select the same historical inputs (LOOP-024, LOOP-032) (2456.79364ms)
✔ historical selection retains deleted files and excludes new ones (LOOP-024, LOOP-035) (1261.393607ms)
✔ cairn --version prints the package.json version outside a repository, and help lists it (PKG-039) (201.644066ms)
✔ a release is one commit setting one version in the five files, with the changelog entry, tagged v<version> (PKG-040) (1153.567933ms)
✔ the release script refuses a bad version, no increase, a dirty tree, a missing entry, a taken tag, a disagreeing file, and a loop not at Done, each in one line with nothing written (PKG-040) (2700.451987ms)
✔ a version file written as compact JSON is released, and nothing else in any version file changes (PKG-042) (1661.273765ms)
✔ explicit reporting with no lines and exit 0 establishes no requirement verdicts (LOOP-061) (486.153449ms)
✔ explicit reporting with no lines and exit 1 establishes no requirement verdicts (LOOP-061) (485.36223ms)
✔ a reporter that cannot start keeps execution diagnostics without blaming requirements (LOOP-062) (336.406783ms)
✔ large output cannot kill a reporter or invent a requirement verdict (487.97079ms)
✔ explicit mode ignores cairn: R-999: pass (343.99217ms)
✔ explicit mode ignores cairn: R-001: unverified (470.750634ms)
✔ explicit mode ignores cairn: R-001: passed (493.205918ms)
✔ explicit results survive nonzero exit and contradictory duplicates still fail (786.806608ms)
✔ unverified results across changed inputs never become failed attempts (1949.843376ms)
✔ legacy exit 0 retains its interpretation (252.750015ms)
✔ legacy exit 1 retains its interpretation (240.827616ms)
✔ a misspelled reporting mode is refused before execution (119.185725ms)
✔ changed requirement blocks unchecked reruns and makes the completion review stale (LOOP-058, LOOP-059) (1966.875884ms)
✔ falsifier changes need review; separate rationale and other requirements do not change a receipt (1659.951802ms)
✔ legacy receipts recover requirement identity from their commit; unavailable history requires review (1193.533304ms)
✔ check refuses uncommitted requirement text and mechanism review markers (1115.178ms)
✔ tightened response limit cannot reuse the old passing check (1396.93225ms)
✔ a declared input over 1 MiB agrees at a commit and in the tree (LOOP-060) (439.086159ms)
✔ a failed Git blob read cannot be hashed as an empty blob (390.259269ms)
✔ Git listings over 1 MiB include the last declared input (2105.873012ms)
✔ requirement identity excludes fenced examples and status dates (475.893177ms)
✔ DemonCoder REM-002 and Status in progress cannot silently satisfy the review gate (LOOP-086) (902.502247ms)
✔ valid open findings retain their behavior (555.589374ms)
✔ valid resolved findings retain their behavior (616.13131ms)
✔ valid empty findings retain their behavior (755.860475ms)
✔ valid mixed valid findings retain their behavior (635.145641ms)
✔ malformed finding "open:" requires repair (554.376814ms)
✔ malformed finding "resolved:   " requires repair (473.926645ms)
✔ malformed finding "Open: incorrect case" requires repair (497.05832ms)
✔ malformed finding "unknown: issue" requires repair (555.199916ms)
✔ malformed finding "\u001b[31mBAD: issue" requires repair (453.231875ms)
✔ the established explicit empty findings list remains valid (395.436668ms)
✔ a scalar findings value requires the supported list format (360.222508ms)
✔ a Requirements: line written as a list is read like the flat form (LOOP-102) (160.928353ms)
✔ a subdirectory or a README in a record directory changes nothing (LOOP-103) (649.367155ms)
✔ two Current: lines are a roadmap repair (LOOP-104) (95.400012ms)
✔ a repeated identifier, an input under the evidence directory, and a missing cwd are refused by name (LOOP-105) (576.948614ms)
✔ a requirement whose evidence outlives its mechanism is named declare, not a regression or an escalation (LOOP-106) (1527.322119ms)
✔ an unreadable record is a repair, not an error exit (LOOP-107) (105.788118ms)
✔ a review needs commit, a nonempty examined list, and a findings list, each named when missing (LOOP-108) (1293.378409ms)
✔ a decision record missing a header field or naming a missing predecessor is a repair (LOOP-109) (406.702926ms)
✔ a dirty declared input with no in-progress record is named record ahead of run (LOOP-022, LOOP-110) (333.943806ms)
✔ with core.filemode false the index mode is the identity, so a mode-only difference does not refuse the check (LOOP-111) (372.275ms)
✔ a project below the Git toplevel can run check (LOOP-112) (324.900103ms)
✔ a shallow clone names history to fetch, not a decision to build (LOOP-113) (176.340009ms)
✔ record-writing commands refuse to run outside a Cairn repository and write nothing (LOOP-118) (250.573706ms)
✔ a git that cannot start is one line and exit 3 from wake and from check, with nothing recorded (LOOP-137) (110.060425ms)
✔ empty footprint names declaration before scope and records no evidence (LOOP-081) (800.720726ms)
✔ first declaration still checks the full earlier history (LOOP-081) (424.904079ms)
✔ an empty current footprint does not block an explicitly requested existing mechanism (LOOP-081) (341.686792ms)
✔ an inherited mechanism provides a footprint even before local mechanisms exist (345.543404ms)
✔ scope reports every path, escapes line breaks, and gives identical remedies (LOOP-082) (284.83175ms)
✔ scope verdict reuses the answered-escalation annotation (LOOP-048, LOOP-051, LOOP-083) (809.403284ms)
✔ a committed scope acknowledgment lets restored history proceed (LOOP-083) (1068.63699ms)
✔ scope acknowledgment must be committed before it can clear a breach (882.684866ms)
✔ ordinary ok does not acknowledge scope history (446.438847ms)
✔ scope escalation refuses unrestored paths and names the restoration remedy (379.472611ms)
✔ an invalid scope request still records an explicitly Blocking decision (168.948839ms)
✔ ask and explanation stay open; only the final committed ok acknowledges scope (784.312748ms)
✔ instead is visible but does not silently authorize a scope exception (380.180487ms)
✔ later changes to an acknowledged path still block, including later reverts (1189.042166ms)
✔ approval cannot hide another path changed after the snapshot (386.791231ms)
✔ acknowledged history remains conditional on the paths staying restored (565.372795ms)
✔ editing the scope snapshot after answer invalidates its acknowledgment (298.69087ms)
✔ malformed scope metadata cannot suppress a breach (1460.92934ms)
✔ damaged acknowledgment fields cannot suppress a breach (561.961129ms)
✔ scope path matching is literal, including wildcard filenames and control characters (546.97204ms)
✔ scope acknowledgment does not carry into another activation of the same slug (317.127761ms)
✔ restoration checks additions, deletions, executable modes, and symlink kinds (1507.855204ms)
✔ explicit committed retention keeps correct work and requires new evidence and review (LOOP-084, LOOP-085) (2621.431977ms)
✔ a missing declaration covers correct earlier work without retention or revert (762.236609ms)
✔ keep requires scope and an unchanged committed candidate (235.941104ms)
✔ uncommitted retention and instead answers cannot clear the incident (1538.328423ms)
✔ retention does not grant future edits, even when reverted to the approved tree (1601.420128ms)
✔ retention cannot cover another path or another activation (633.708351ms)
✔ imported changes must still match the retained tree (575.801898ms)
✔ retention handles additions, deletions, modes, symlinks, and literal filenames (2039.695336ms)
✔ retention cannot convert an existing restoration answer or accept an unknown mode (434.104168ms)
✔ a check failure after retention remains a failure (686.465411ms)
✔ retained paths stay part of the stable checked candidate without extending its footprint (578.789027ms)
✔ retention ask needs an explanation and final committed approval (589.51014ms)
✔ an unknown scope mode remains invalid even with a matching approval digest (284.929127ms)
✔ backlog writes the item; a second with the same title is refused, never overwritten (LOOP-016) (154.479531ms)
✔ a commit inside the footprint: check runs; outside it: check names the path and does not run (LOOP-015, LOOP-035) (701.587068ms)
✔ Cairn's records are never a breach; another file under docs/ is (LOOP-117) (784.612793ms)
✔ declaring the path as an input clears the breach (414.807667ms)
✔ a revert preserves the record of an out-of-scope commit (LOOP-047) (396.551604ms)
✔ a commitment naming a requirement the spec set does not hold as Agreed is repaired (LOOP-029) (169.002496ms)
✔ a requirement in a Draft spec file is not Agreed (87.742533ms)
✔ working agreements and the ignore file are Cairn records (LOOP-035, LOOP-036) (589.22612ms)
✔ the over-asking rule is gone from both skills (SPEC-005, SPEC-006, SPEC-007) (1.151799ms)
✔ a decision during the phase is recorded (DEC-003) (0.144193ms)
✔ understanding is restated before writing (SPEC-003) (0.097079ms)
✔ falsifiers are proposed as one set and confirmed by exception (SPEC-004) (0.209051ms)
✔ depth is inferred and domains derived, never asked or imposed (SPEC-008, SPEC-009) (0.120181ms)
✔ a term enters the glossary at first occurrence (SPEC-010) (0.074976ms)
✔ the phase ends at the first commitment, and later ones are specified during the loop (SPEC-011, SPEC-012) (0.173041ms)
✔ a requirement goes Agreed only with a nameable mechanism (SPEC-013) (0.108599ms)
✔ review before agreement, recording what it attacked (SPEC-014, SPEC-015) (0.458666ms)
✔ no spec file without requirements; nothing Agreed without a falsifier (SPEC-001, SPEC-002) (0.786461ms)
✔ Observed is marked, and is not contract (SPEC-016, SPEC-017) (0.257014ms)
✔ the skills exclude artifacts outside Cairn's workflow (0.127995ms)
✔ the working agreement names the agent's move for each verdict and the write-ahead record (LOOP-036) (0.454858ms)
✔ the working agreement names the developer's moves (LOOP-036, DEC-014) (0.075345ms)
✔ this repository runs by the file it ships (0.355913ms)
✔ both skills write the working agreement without naming a vendor's file (LOOP-002, LOOP-036, PKG-006) (0.201643ms)
✔ the working agreement says what an attempt is (LOOP-036, DEC-017, DEC-018) (0.066002ms)
✔ the working agreement says a failure no footprint change can address is an escalation, and where an inherited requirement is repaired (DEC-019, LOOP-057) (0.074583ms)
✔ the working agreement states the promote, next-iteration, and no-deferral moves (LOOP-029, LOOP-087, LOOP-091, LOOP-092) (0.063042ms)
✔ both skills sort captures into the backlog or next-iteration and forbid deferral (LOOP-029, LOOP-092, LOOP-093) (0.049868ms)
✔ the skill requires a falsifier on every requirement, a MAY included (SPEC-025) (0.039181ms)
✔ the working agreement names the hooks as optional and the install skill registers them for two harnesses (PKG-006, PKG-018, PKG-019) (0.19118ms)
✔ the working agreement says the kernel is upgraded at Done, never inside a commitment (LOOP-096) (0.056692ms)
✔ the next-iteration skill starts from the specification and ends by naming the next commitment (SPEC-026, SPEC-027) (0.206257ms)
✔ every document that names the project skills names next-iteration beside them (SPEC-026, PKG-014) (2.350969ms)
✔ the working agreement states a move for every action the kernel can name (LOOP-101) (1.344048ms)
✔ the working agreement states both record formats and the two flags the moves need (LOOP-036) (0.133218ms)
✔ the skills demonstrate a safe violating example and preserve recon findings (SPEC-022, SPEC-023) (0.054786ms)
✔ the specification skills run the checker through the cairn command (PKG-029) (0.165745ms)
✔ the README invokes the phase skills by name and states versions and platforms (PKG-030, PKG-031) (0.209384ms)
✔ the manual and the walkthrough say the loop promotes backlog items at Done (0.606043ms)
✔ the working agreement says a report is not work under way, its findings are captured, and it is committed with them (LOOP-138) (0.076759ms)
✔ a two-obligation sentence is named (PKG-007) (37.878531ms)
✔ an obligation with no actor is named (PKG-010) (48.194984ms)
✔ a leading condition clause is not the actor, and the actor after it counts (65.921612ms)
✔ an Agreed requirement with no falsifier is named (SPEC-002); a Draft one is not (103.662408ms)
✔ prose after a Draft requirement with no falsifier is not scanned as requirement text (54.557284ms)
✔ a spec declaring a prefix with no requirement is named (SPEC-001) (61.485212ms)
✔ a keyword in backticks or quotes is a mention, not an obligation (55.433293ms)
✔ duplicate identifiers are rejected within a file and across files (SPEC-020) (143.714778ms)
✔ references resolve across files; missing references name their source (SPEC-021) (90.719672ms)
✔ code examples and quoted mentions are neither definitions nor references (47.789659ms)
✔ machine-local paths are findings in prose, links, quotes, and examples (SPEC-019) (470.808907ms)
✔ relative paths, URLs, slash commands, and character mentions are not absolute path findings (67.860233ms)
✔ a slash after a placeholder continues the template (SPEC-019) (136.504943ms)
✔ a host path is a finding until the file declares it (SPEC-019, SPEC-024) (83.74555ms)
✔ declared host paths cover children with a slash boundary and stay file-local (200.334228ms)
✔ a host-path declaration inside a requirement or example grants no exception (212.983428ms)
✔ host-path declarations require absolute or home-relative entries (232.137282ms)
✔ an Agreed block whose only keyword is MAY needs a falsifier like any other (SPEC-025, SPEC-002) (105.517271ms)
✔ a regex literal is not a path, a drive path and a file URL are, and a skill's slash name is allowed (SPEC-028, SPEC-029) (125.627845ms)
✔ a backticked or quoted actor still counts as one (PKG-010) (49.831135ms)
✔ supersede writes both lines, and the old record keeps every word it had (DEC-008, DEC-010) (101.994597ms)
✔ supersede without a cause, or with one outside the four, is refused (DEC-009) (174.38993ms)
✔ supersede of a record that does not exist is refused (93.046103ms)
✔ a predecessor with no title line cannot be stamped, so nothing is written (89.344046ms)
✔ a --supersedes argument outside the slug alphabet is refused, and a path never reaches the filesystem (DEC-022) (288.176476ms)
✔ a record already superseded cannot be superseded again: one Superseded by line per record (DEC-022, DEC-010) (252.054101ms)
✔ reversals reports counts by decider, cause, and domain (DEC-011) (481.335435ms)
✔ decide in a domain with a reversal is refused without --history, naming the reversal; with it, the record carries History (DEC-012) (221.406634ms)
✔ decide in a domain with no reversals needs no --history (156.592178ms)
✔ a record resting on prose alone is in the domain unspecified, and so is the next one (188.575394ms)
✔ the decider tally normalizes case and whitespace, and names a value outside the vocabulary (DEC-020, DEC-011) (91.474912ms)
✔ a record with no Decided by line is tallied as unrecorded, not as a vocabulary value (80.926549ms)
✔ Decided by written as a list tallies like the flat form, and does not crash the report (LOOP-124, DEC-020) (118.492697ms)
✔ a second declaration for one requirement is accepted, a named check runs every mechanism, and Done needs each to pass (LOOP-056, LOOP-099) (2682.501683ms)
✔ one mechanism's stale evidence names that mechanism, and --stale runs only it (LOOP-056, LOOP-094) (1200.839853ms)
✔ attempts are counted within one mechanism's records, so the other's passes do not reset them (LOOP-100, DEC-016) (1535.991285ms)
✔ step 1: an in-progress record is reconciled before anything else (129.115047ms)
✔ step 2: an open escalation is presented and nothing else happens (185.266655ms)
✔ an answered escalation is not open (600.067271ms)
✔ step 3: a decision with no realized-by is built, first by name (DEC-007) (120.438451ms)
✔ a superseded decision with no realized-by is not work (180.916171ms)
✔ step 6: a mechanism that has never run is run, not implemented (LOOP-008) (160.882714ms)
✔ step 6: a requirement whose mechanism fails is implemented (635.64332ms)
✔ step 6 before step 7: failing evidence outranks a missing mechanism (464.009465ms)
✔ step 7: a requirement with no mechanism is declared (LOOP-106) (117.637584ms)
✔ every verdict names who acts: Resolvable is the agent's, Done needs nobody, Escalate waits for the developer (LOOP-004) (837.952011ms)
✔ malformed roadmap is Resolvable, not fatal (LOOP-005) (62.737095ms)
✔ a commitment naming no requirements is Resolvable (LOOP-018) (60.167697ms)
✔ the primary test: two wakes on the same checkout give the same action, before and after a persisted transition (LOOP-001, LOOP-003) (617.228503ms)
✔ outside a cairn repository wake cannot run (37.710722ms)
✔ the loop never waits on the review queue (DEC-015) (341.685267ms)
✔ twenty built records cost one git call to resolve, not twenty (DEC-023) (177.794535ms)
✔ an ambiguous Realized by identifier is the repair that says lengthen it, not a build (LOOP-113, DEC-023) (189.412759ms)
✔ the linked walkthrough runs from agreement through the next commitment (PKG-016) (1736.98297ms)
ℹ tests 490
ℹ suites 0
ℹ pass 490
ℹ fail 0
ℹ cancelled 0
ℹ skipped 0
ℹ todo 0
ℹ duration_ms 25296.43165
