✔ a Draft block overrides an Agreed file for both wake and check (SPEC-018) (192.121276ms)
✔ an Agreed block overrides a Draft file in the kernel and lint (SPEC-018, SPEC-002) (565.44001ms)
✔ a block Status does not become the file default, including inside examples (SPEC-018) (369.504142ms)
✔ block status without a value does not inherit Agreed by accident (SPEC-018) (109.732252ms)
✔ inheritance needs a file Scope and includes only Agreed blocks, regardless of prefix (PKG-015) (1617.104482ms)
✔ Scope inside a requirement or fenced example does not declare inheritance (PKG-015) (705.043059ms)
✔ a falsifier wrapped onto a line beginning with Status: does not become the block's status (SPEC-018) (1.817076ms)
✔ LOOP-063: reject input mutation during a check and retain diagnostics (377.715403ms)
✔ LOOP-063: reject deletion mutation during a check and retain diagnostics (393.980985ms)
✔ LOOP-063: reject addition mutation during a check and retain diagnostics (389.952484ms)
✔ LOOP-063: reject mode mutation during a check and retain diagnostics (401.342109ms)
✔ LOOP-063: reject specification mutation during a check and retain diagnostics (411.168889ms)
✔ LOOP-063: reject declaration mutation during a check and retain diagnostics (400.650839ms)
✔ LOOP-063: reject commit mutation during a check and retain diagnostics (352.591943ms)
✔ LOOP-063: committed input mutation during execution cannot certify the replacement (324.291029ms)
✔ LOOP-064: removing executable permission makes passing evidence stale (477.336712ms)
✔ LOOP-064: a mode-only change also invalidates the previous review after new evidence (721.854986ms)
✔ LOOP-064: changing a regular file into a link with identical identity bytes is stale (778.400622ms)
✔ LOOP-063: an unchanged candidate still records a pass despite unrelated working-tree edits (205.012809ms)
✔ LOOP-064: current and historical input ordering agrees for Unicode filenames (276.935841ms)
✔ LOOP-063: Git status hiding content changes cannot certify an uncommitted candidate (116.667628ms)
✔ LOOP-066: one check owns execution with a kernel action record (443.240175ms)
✔ LOOP-066: one check owns execution with an agent action record (465.577484ms)
✔ LOOP-066: a live lock is named and never silently overwritten (135.982677ms)
✔ LOOP-066: a dead lock is named and never silently overwritten (147.229414ms)
✔ LOOP-066: a incomplete lock is named and never silently overwritten (134.819668ms)
✔ LOOP-066: an execution error releases the check lock for a corrected rerun (468.374848ms)
✔ LOOP-066: a live kernel action from an older Cairn also blocks execution (79.208179ms)
✔ LOOP-066: separate Git worktrees can run checks independently (469.852171ms)
✔ after a green check --stale runs nothing; after one input changes it runs only that mechanism (LOOP-094) (924.790237ms)
✔ a mechanism speaking for two stale requirements runs once and refreshes both (LOOP-094, LOOP-040) (629.661118ms)
✔ a fresh failure and an unverified result are skipped with implement named (LOOP-094) (628.445541ms)
✔ --stale with a requirement identifier is refused (LOOP-094) (78.465375ms)
✔ check refuses a dirty declared input and names it; a dirty undeclared file does not block (LOOP-030) (450.384401ms)
✔ check writes one receipt per run carrying the full record and a result line per requirement (LOOP-097) (297.945859ms)
✔ a nonzero exit records fail, and the receipt keeps the exit code (LOOP-034) (312.610459ms)
✔ a pass after a fail keeps the failing record; nothing is overwritten or deleted (LOOP-025) (654.850949ms)
✔ a commit changing a declared input makes evidence stale; an undeclared one does not (LOOP-007) (742.902597ms)
✔ a regression is named before a requirement that never passed (LOOP-031) (834.605956ms)
✔ three attempts with no escalation since: wake says escalate, not a fourth (DEC-016, DEC-017, DEC-018) (2034.982571ms)
✔ the review gate: no review, stale review, open finding, then Done (LOOP-020, LOOP-033) (876.781953ms)
✔ Done is refused while any requirement lacks current passing evidence (LOOP-017) (80.114852ms)
✔ check names a requested requirement that no mechanism claims (90.38483ms)
✔ check writes the in-progress record before the run and clears it after (LOOP-021) (179.512792ms)
✔ a linked declared input digests the same at a commit and in the tree (LOOP-023, LOOP-024) (377.233384ms)
✔ a result line is the mechanism's statement about one requirement; what it did not mention is unverified (LOOP-037, LOOP-052) (165.625096ms)
✔ a mechanism that says nothing is read by its exit code for every requirement (LOOP-039) (184.885418ms)
✔ unverified is not an attempt, and a return to an earlier failed digest counts once (DEC-017, DEC-018) (1500.216419ms)
✔ a result line for a requirement the mechanism does not speak for is named and writes nothing (LOOP-038) (166.331567ms)
✔ a result line inside ordinary output, or without the marker, does not count (157.602975ms)
✔ a targeted check runs the named requirements' mechanisms and records every requirement they speak for (LOOP-040) (163.292158ms)
✔ two result lines for one requirement: a fail on any line wins (183.568805ms)
✔ three runs at one digest with no attempt since: the verdict stays implement and names DEC-019; an escalation naming it among others clears the hint (DEC-019, LOOP-053) (827.776602ms)
✔ a complete commitment with an unpromoted backlog item names promote, and a stamped item lets it reach Done (LOOP-087) (920.330041ms)
✔ an empty backlog with waiting next-iteration items is Done, with the count as information and no action on them (LOOP-091) (753.134034ms)
✔ a promotion marker must resolve to a decision record (LOOP-088) (260.431986ms)
✔ a commitment promoted from an item needs a decision record naming the item (LOOP-088) (291.563886ms)
✔ the spec lint reports a promotion marker with no decision record (LOOP-088) (76.201586ms)
✔ a promoted commitment that changes an Agreed requirement or the working agreement is an escalation; an unpromoted one is not (LOOP-089, LOOP-090) (1404.158991ms)
✔ a capture from one of the commitment's own requirements needs Outside because: or an escalation (LOOP-092) (1467.880483ms)
✔ a next-iteration item names what it would change, and the capture refuses one that does not (LOOP-093) (387.808637ms)
✔ a commitment specified from a next-iteration item needs the item stamped before anything else (SPEC-027) (460.311831ms)
✔ a by deference marker resolves to a decision record like a promotion marker (SPEC-002, LOOP-088) (154.200316ms)
✔ the LOOP-090 gate reads the Concerns line, not the slug as a substring (LOOP-114) (483.923514ms)
✔ the LOOP-088 check reads the Promotes line, and decide --promotes writes it (LOOP-115) (237.47323ms)
✔ the activation commit of a promoted commitment is inside the LOOP-089 comparison (LOOP-116) (117.031958ms)
✔ the LOOP-090 route needs one escalation: its Concerns line covers the moved item too (LOOP-119, LOOP-092, LOOP-114) (585.330192ms)
✔ an escalation raised before the promoted commitment began does not silence the LOOP-090 gate (LOOP-114) (291.547654ms)
✔ an escalation raised before the commitment began does not silence the capture gate (LOOP-119) (300.541161ms)
✔ the activation commit is inside the scope footprint (LOOP-120) (110.747622ms)
✔ a requirement Agreed at activation that is demoted or removed is a contract change (LOOP-121) (555.376759ms)
✔ the include files are the root files that hold @AGENTS.md: exempt from the footprint, compared by the gate (LOOP-122) (971.916461ms)
✔ a superseded promotion no longer satisfies the LOOP-088 check, and the repair says the promotion was reversed (LOOP-123) (418.529854ms)
✔ the restore route measures from the tree before activation, so a path the activation commit added must go (LOOP-120, LOOP-035) (157.862459ms)
✔ the loop works against exactly one commitment: the current one (LOOP-019) (365.034073ms)
✔ a promotion recorded below Consequential is a repair naming the level, since the developer never sees it in the queue (LOOP-088) (70.993563ms)
✔ every requirement the node-test declaration speaks for is named in a test title (PKG-025) (3.244881ms)
✔ every repository path the tests read is a declared input of node-test (PKG-026) (1.011662ms)
✔ writes a record with every required field and an empty realized-by (DEC-001, DEC-005) (77.5125ms)
✔ a Consequential decision is queued for review (DEC-013) (93.129699ms)
✔ a Consequential decision is queued even when .cairn/queue does not exist yet (80.434598ms)
✔ Routine is refused: routine decisions produce no record (67.995263ms)
✔ a missing field is a usage error and nothing is written (57.838787ms)
✔ supersedes requires a classified cause, and the old record must exist (208.2768ms)
✔ an existing record is not overwritten (136.044916ms)
✔ a queued decision stays queued; nothing but the developer removes it (DEC-014) (215.567465ms)
✔ each accepted decider is stored lowercase, whatever case it was typed in (DEC-020) (572.581666ms)
✔ a decider outside the vocabulary is a usage error naming all three, and nothing is written (DEC-020) (443.711837ms)
✔ an empty --decided-by is the missing-field error, not the vocabulary one (70.290331ms)
✔ LOOP-006, LOOP-067: missing inputs names a declaration repair before execution (153.316119ms)
✔ LOOP-006, LOOP-067: empty inputs names a declaration repair before execution (152.434988ms)
✔ LOOP-006, LOOP-067: missing command names a declaration repair before execution (134.147132ms)
✔ LOOP-006, LOOP-067: list command names a declaration repair before execution (168.007769ms)
✔ LOOP-006, LOOP-067: empty command names a declaration repair before execution (154.754333ms)
✔ LOOP-006, LOOP-067: missing requirements names a declaration repair before execution (136.960092ms)
✔ LOOP-006, LOOP-067: bad identifier names a declaration repair before execution (141.750157ms)
✔ LOOP-067: scalar one-item lists retain their existing meaning (286.665508ms)
✔ LOOP-068: a unpopulated gitlink is refused by name (183.084611ms)
✔ LOOP-068: a populated gitlink is refused by name (202.191926ms)
✔ LOOP-069: identical selections across 100 mechanisms use at most 20 Git processes (150.253044ms)
✔ escalate writes the six-line format followed by its facts, and wake presents it (LOOP-010, LOOP-026) (134.015756ms)
✔ a missing or multi-line field is refused with the field named, and nothing is written (LOOP-012) (136.666437ms)
✔ a Blocking escalation that fails the format is written anyway, naming the malformed field (LOOP-013) (117.100099ms)
✔ the loop stops for the developer only at Blocking: a recorded decision below it never yields Escalate, and the Blocking bypass must be spelled exactly (DEC-002) (308.532637ms)
✔ a second escalation while one is open is refused (LOOP-011) (128.576931ms)
✔ answer records the reply; wake no longer presents it; a second answer is refused (280.135456ms)
✔ answer to an unknown escalation is refused (80.071837ms)
✔ a stranger resumes from the file alone: question and answer are both in it (LOOP-014) (133.775847ms)
✔ a developer-shaped answer during the agent's turn is refused and writes nothing; the explanation is still accepted (LOOP-135) (638.601658ms)
✔ after an answer, the same concern can be escalated again under a new name (217.487204ms)
✔ an escalation exists when its file does, committed or not (LOOP-009) (77.549635ms)
✔ developer answers require one of the three forms and cannot inject fields (LOOP-048) (568.407734ms)
✔ ask, agent explanation, another ask, and ok stay ordered in one file (LOOP-049, LOOP-050, LOOP-014) (694.098315ms)
✔ fresh closed answers accompany only concerned requirements until new evidence (LOOP-051) (620.959024ms)
✔ a raised escalation carries no derivable status line, and an old record with one still parses (LOOP-028) (163.946153ms)
✔ LOOP-065: delete of output refuses Done and a new run recovers (1157.761804ms)
✔ LOOP-065: corrupt of output refuses Done and a new run recovers (1123.768344ms)
✔ LOOP-065: delete of stderr_output refuses Done and a new run recovers (933.631483ms)
✔ LOOP-065: corrupt of stderr_output refuses Done and a new run recovers (804.211046ms)
✔ LOOP-065: a receipt without output needs a new check (455.229556ms)
✔ LOOP-065: a receipt without output_digest needs a new check (430.550416ms)
✔ LOOP-065: a receipt without stderr_output needs a new check (405.934502ms)
✔ LOOP-065: a receipt without stderr_digest needs a new check (378.149881ms)
✔ LOOP-065: legacy unverifiable output is rerun without rewriting history (644.107047ms)
✔ a fresh record names the kernel that wrote it (LOOP-023) (285.721645ms)
✔ LOOP-095: a record from another kernel is stale with the kernel named, and a new check restores Done (628.881042ms)
✔ LOOP-095: a record from no kernel is stale with the kernel named, and a new check restores Done (606.600863ms)
✔ LOOP-070: a later failure is latest even when the clock moves backward (902.877751ms)
✔ LOOP-070: receipt collisions at one clock instant retain execution order beyond nine suffixes (3110.294808ms)
✔ LOOP-070: imported branch receipts stale a later sequence until a new check incorporates them (1114.759664ms)
✔ LOOP-070, LOOP-098: legacy receipts need one ordered check, remain byte-for-byte unchanged, and precede the run receipt in the history (462.373691ms)
✔ LOOP-070: edit of a prior receipt requires fresh evidence (435.894023ms)
✔ LOOP-070: remove of a prior receipt requires fresh evidence (431.889336ms)
✔ LOOP-075: supporting evidence file README.md does not become a receipt (450.466053ms)
✔ LOOP-075: supporting evidence file notes.txt does not become a receipt (473.399817ms)
✔ LOOP-075: supporting evidence file support does not become a receipt (485.075188ms)
✔ LOOP-075: supporting evidence file .DS_Store does not become a receipt (453.572003ms)
✔ LOOP-075: a malformed result line (result=success) names a repair before execution (319.831494ms)
✔ LOOP-075: a malformed result line (sequence=NaN) names a repair before execution (334.121343ms)
✔ LOOP-075: a malformed result line (sequence=9007199254740992) names a repair before execution (338.893061ms)
✔ LOOP-075: a malformed result line (history_digest=wrong) names a repair before execution (304.900076ms)
✔ LOOP-075: a malformed result line (tokens) names a repair before execution (310.785175ms)
✔ LOOP-075: a receipt-shaped directory is a named repair instead of an EISDIR crash (250.021875ms)
✔ LOOP-070: an earlier escalation cannot cover three new attempts after clock rollback (895.496006ms)
✔ LOOP-070: an answer becomes old after a later check even if that check's timestamp is earlier (575.27231ms)
✔ LOOP-070: the newest answer wins between checks even when its clock timestamp is older (398.489078ms)
✔ LOOP-070: legacy escalation dates cover old receipts but not three newer sequenced runs (1210.060463ms)
✔ a PKG requirement the commitment does not name is declared, run, and gates Done (PKG-011) (1647.563789ms)
✔ a PKG requirement in a Draft spec is not folded in (462.560434ms)
✔ LOOP-076, LOOP-079: stale inputs identify the receipt and the check to run (705.477989ms)
✔ LOOP-077: names a content change using checked input identity (582.856339ms)
✔ LOOP-077: names a mode change using checked input identity (597.991116ms)
✔ LOOP-077: names a kind change using checked input identity (601.427248ms)
✔ LOOP-077: names a added change using checked input identity (524.034042ms)
✔ LOOP-077: names a removed change using checked input identity (472.074468ms)
✔ LOOP-077: names a link-target change using checked input identity (712.980334ms)
✔ LOOP-077: changed selection compares the old and new input sets (434.192088ms)
✔ LOOP-077: raw CRLF changes remain visible when Git-clean content agrees (423.084613ms)
✔ LOOP-077: detail output is sorted, bounded, and reports the omitted count (417.07323ms)
✔ LOOP-077: filenames cannot inject lines or terminal controls into explanations (368.180659ms)
✔ LOOP-077: receipts from one run share details and do not store source contents (270.989725ms)
✔ LOOP-078, LOOP-080: legacy optional detail limits explanation without changing standing (455.377871ms)
✔ LOOP-078, LOOP-080: invalid-field optional detail limits explanation without changing standing (459.373615ms)
✔ LOOP-078, LOOP-080: missing optional detail limits explanation without changing standing (453.503632ms)
✔ LOOP-078, LOOP-080: invalid-json optional detail limits explanation without changing standing (490.804642ms)
✔ LOOP-078, LOOP-080: mismatched optional detail limits explanation without changing standing (467.508258ms)
✔ LOOP-078, LOOP-080: duplicate optional detail limits explanation without changing standing (469.240153ms)
✔ LOOP-078, LOOP-080: unsafe-path optional detail limits explanation without changing standing (455.914664ms)
✔ LOOP-078, LOOP-080: directory optional detail limits explanation without changing standing (430.384676ms)
✔ LOOP-078, LOOP-080: symlink optional detail limits explanation without changing standing (438.274001ms)
✔ LOOP-078: unavailable old requirement text is not claimed as a proven change (332.827368ms)
✔ LOOP-076, LOOP-079: changed requirements identify evidence and retain review-before-check guidance (362.396032ms)
✔ LOOP-078: simultaneous input and output damage keep both reasons (345.77285ms)
✔ LOOP-080: deterministic freshness sequence seed=7 (8129.487109ms)
✔ LOOP-080: deterministic freshness sequence seed=42 (5580.066687ms)
✔ LOOP-080: deterministic freshness sequence seed=913 (6973.562652ms)
✔ LOOP-080: agreement changes, mechanism review, checks, and completion review retain priority (1595.42773ms)
✔ LOOP-080: imported receipt history demands a rerun without a false input explanation (1339.730697ms)
✔ LOOP-073: clean CRLF input completes under attributes (515.854625ms)
✔ LOOP-073: clean CRLF input completes under autocrlf (479.993577ms)
✔ LOOP-073: raw line-ending mutation during a run is rejected even when Git still sees the same content (230.402458ms)
✔ LOOP-073: execution evidence changes when clean conversion preserves committed identity (950.318576ms)
✔ LOOP-073: Git clean filters use Git's conversion while retaining raw evidence identity (502.401657ms)
✔ LOOP-073: failure of a required Git filter cannot record evidence (125.916393ms)
✔ LOOP-073: a clean filter moving HEAD during ending validation prevents evidence (542.068334ms)
✔ LOOP-073: canonical Git identities handle links without reading their targets (363.817438ms)
✔ LOOP-073: Git conversion keeps raw Unicode and control-character input paths (356.371303ms)
✔ LOOP-073: conversion and links work in a SHA-256 Git repository (377.768489ms)
✔ LOOP-074: historical specification filename "café.md" remains reviewable (362.383469ms)
✔ LOOP-074: historical specification filename "spec\ttab.md" remains reviewable (348.109193ms)
✔ LOOP-074: historical specification filename "spec\nline.md" remains reviewable (328.793985ms)
✔ help works outside a repository without running a command (PKG-017) (934.176566ms)
✔ help does not hide invalid options or consume literal arguments (194.564133ms)
✔ help lists the lint command (PKG-017) (47.382828ms)
✔ a working directory that no longer exists is named as the failure, and git is not blamed (PKG-041, PKG-022) (179.952827ms)
✔ the stop hook refuses a stop while wake says Resolvable, with the verdict as the reason (PKG-018) (165.511576ms)
✔ the stop hook allows a stop at Done, at Escalate, and outside a Cairn repository (PKG-018) (946.263154ms)
✔ the session-start hook links the command once and prints the verdict in a Cairn repository (PKG-019, PKG-014, PKG-005) (451.681726ms)
✔ the session-start hook prints no verdict outside a Cairn repository and leaves an existing link that resolves alone (PKG-019) (56.459937ms)
✔ a checkout under a path with a space links a command that resolves, and its stop hook still blocks (PKG-019, PKG-021) (309.622434ms)
✔ the hooks run the kernel the command link resolves to, so hook and agent share one referee (PKG-021) (915.103828ms)
✔ a dangling link is replaced and reported (PKG-019) (138.802051ms)
✔ errors exit 0 with one line on standard error and no stack trace (PKG-022) (166.506592ms)
✔ the hooks judge with the cairn on PATH, a wrapper included, and session-start names it (PKG-033) (868.827734ms)
✔ a link to a wrapper or file is kept; a dangling link or one to a directory is replaced (PKG-034) (368.55593ms)
✔ a project below the Git toplevel gets the verdict and the stop refusal (PKG-035) (265.930252ms)
✔ a kernel that prints no verdict is one stderr line: the stop is allowed and session-start prints no trace (PKG-036) (142.088244ms)
✔ a link that cannot be created is one stderr line, and the verdict still prints (PKG-019, PKG-022) (125.93253ms)
✔ with git absent the hooks say so in one line and block nothing (PKG-022) (73.808027ms)
✔ cairn lint runs the checker over docs/spec by default and over a named directory (PKG-028) (232.538523ms)
✔ cairn lint names a missing directory in one line, takes one argument, and reports a bad root (PKG-028) (239.748071ms)
✔ three megabytes are retained exactly once with matching digests (LOOP-041, LOOP-042) (364.161097ms)
✔ split stdout result lines survive a long non-result line; stderr is never a verdict (347.412768ms)
✔ signal termination is recorded and logs survive a clone (LOOP-043) (296.980261ms)
✔ working agreements and ignore changes are Cairn records inside the footprint (326.757186ms)
✔ a clean package passes (108.595791ms)
✔ PKG-001: a dependency, or a service manifest (149.027982ms)
✔ PKG-002: ignoring evidence or other durable state, by directory or by extension (126.894386ms)
✔ PKG-003: a command, a directory, or a record kind no decision names (244.936462ms)
✔ PKG-004: a kernel over 1600 lines, counting every file under bin/ as wc -l does; exactly 1600 passes (333.402977ms)
✔ PKG-006: a skill step naming a vendor's product, in either order, across a wrapped list item (PKG-027) (364.157383ms)
✔ PKG-008: a non-ASCII character in a tracked text file (75.202792ms)
✔ PKG-009: the kernel importing from tests (74.133993ms)
✔ PKG-012: a network call or a model vendor in the kernel (171.746562ms)
✔ PKG-013: deferral language, but not in code, quotes, or a rule (534.805472ms)
✔ a tracked path deleted from the working tree is skipped, not a crash (84.086526ms)
✔ a sentence in a Formats section is not a record kind (74.633082ms)
✔ a record kind named by its path alone is checked (72.451188ms)
✔ PKG-002: a tracked in-progress record (77.704535ms)
✔ PKG-002: ignoring evidence alone is a finding (58.897963ms)
✔ PKG-003 reads the kernel's commands from its help output (PKG-023) (108.107094ms)
✔ the ASCII scan covers shipped files, not records under .cairn/ (PKG-024) (66.657305ms)
✔ a vendor-naming step wrapped across lines is matched (PKG-006, PKG-027) (62.037876ms)
✔ PKG-013 scans the README, the manual, and the walkthrough (PKG-032) (187.074998ms)
✔ the manifests, the listing and package.json agree on the name and version, and name paths the repository holds (PKG-037) (2.332649ms)
✔ the hooks file registers session-start and stop against the plugin's own hook.mjs through the plugin root variable (PKG-038) (0.213304ms)
✔ a Muse hook entry whose shared hook is missing prints one line and exits 0 (PKG-041, PKG-022) (70.25396ms)
✔ the registered commands print the verdict at session start, link the command into the plugin, and refuse a stop while wake says Resolvable (PKG-038, PKG-021) (334.396501ms)
✔ LOOP-071: decision body metadata does not resolve unbuilt work: "Superseded by: example" (608.691108ms)
✔ LOOP-071: decision body metadata does not resolve unbuilt work: "```text\nSuperseded by: example\n```" (624.682136ms)
✔ LOOP-071: decision body metadata does not resolve unbuilt work: "~~~text\nSuperseded by: example\n~~~" (629.877343ms)
✔ LOOP-071: a fenced realization example is not a resolving commit (566.945798ms)
✔ LOOP-071: a fenced commit inside the realization section is not built (521.98194ms)
✔ LOOP-071: ## Example cannot replace an open review finding (482.496488ms)
✔ LOOP-071: # Example cannot replace an open review finding (466.394858ms)
✔ LOOP-071: ### Example cannot replace an open review finding (498.968784ms)
✔ LOOP-071:   ## Example cannot replace an open review finding (447.566576ms)
✔ LOOP-071: Example paragraph. cannot replace an open review finding (442.559326ms)
✔ LOOP-071: Example
------- cannot replace an open review finding (385.139364ms)
✔ LOOP-071: fenced fields before a real review header are ignored (376.575735ms)
✔ LOOP-071: multiline decision --title cannot inject metadata (315.828516ms)
✔ LOOP-071: multiline decision --decided-by cannot inject metadata (321.967742ms)
✔ LOOP-071: multiline decision --rests-on cannot inject metadata (308.145305ms)
✔ LOOP-071: multiline decision --wrong-if cannot inject metadata (311.154874ms)
✔ LOOP-071: multiline decision --history cannot inject metadata (310.988874ms)
✔ LOOP-072: malformed Blocking concerns stay open: "R-001\nAnswer: ok" (95.028116ms)
✔ LOOP-072: malformed Blocking concerns stay open: "R-001\r\nAnswer: ok" (99.489336ms)
✔ LOOP-072: malformed Blocking concerns stay open: "R-001\rAnswer: ok" (78.26128ms)
✔ LOOP-072: malformed Blocking concerns stay open: "R-001 Answer: ok" (78.432922ms)
✔ LOOP-072: malformed Blocking concerns stay open: "R-001 Answer: ok" (79.148823ms)
✔ LOOP-072: ordinary malformed concerns are refused: "R-001\nR-002" (53.061277ms)
✔ LOOP-072: ordinary malformed concerns are refused: "R-001, prose" (51.264341ms)
✔ LOOP-072: ordinary malformed concerns are refused: " " (39.576791ms)
✔ LOOP-072: a Blocking escalation without concerns is still presented (99.146276ms)
✔ LOOP-072: carriage returns in a Blocking question do not create answer records (73.81391ms)
✔ LOOP-072: explanation separator 8232 cannot close an escalation (131.235711ms)
✔ LOOP-071: decision metadata refuses separator 8232 (312.663178ms)
✔ LOOP-072: explanation separator 8233 cannot close an escalation (142.705571ms)
✔ LOOP-071: decision metadata refuses separator 8233 (311.929177ms)
✔ Concerns, Rests on, and Promoted from written as lists read as the flat form (LOOP-124) (603.686665ms)
✔ an item named by filename, path, or backticked slug resolves like the slug (LOOP-125) (548.014377ms)
✔ an input that covers Cairn's own output is named as the repair, before and after a check (LOOP-126, LOOP-105) (636.936189ms)
✔ an unreadable record directory is a repair, not an error exit (LOOP-127) (71.402326ms)
✔ a title that slugifies to nothing is refused (LOOP-128) (123.930243ms)
✔ examined: [] is an empty list (LOOP-129, LOOP-108) (441.84718ms)
✔ below the Git toplevel the restore check compares root-relative paths (LOOP-130, LOOP-035) (345.290568ms)
✔ below the Git toplevel an uncommitted declared input is named from the project root (LOOP-132, LOOP-030) (170.397239ms)
✔ a value on the key line followed by list items is the first item, never dropped (LOOP-133) (499.71272ms)
✔ the footprint's walk reads Current: as the wake does: a fenced example below the real line, or a second line in history, never moves the start (LOOP-134, LOOP-035) (269.046823ms)
✔ an input spelled .. from a project below the Git toplevel covers the evidence directory (LOOP-126, LOOP-105) (82.829334ms)
✔ a Consequential record this commitment added needs its queue entry committed (LOOP-131, DEC-004) (472.752404ms)
✔ a mechanism that removes the check lock still gets its evidence, with no repair for the lock (LOOP-107) (220.14561ms)
✔ a staged rename reads as its two paths, never as a bare origin token (LOOP-030, LOOP-110) (102.166224ms)
✔ a Current: line inside a fenced example is neither a second Current: line nor the commitment, before or after the real line (LOOP-104) (177.162989ms)
✔ a Status: word is taken only from a line that carries one, never from wrapped prose after it (SPEC-018) (0.922017ms)
✔ the placeholder left above a resolving entry is a repair naming the file (DEC-021) (224.294598ms)
✔ the placeholder alone is a decision recorded and not yet built, unchanged (DEC-007) (73.386172ms)
✔ resolving entries with no placeholder are unchanged (DEC-006) (113.927478ms)
✔ a shallow clone that cannot resolve its entries is still told to fetch, not to edit (LOOP-113 keeps precedence) (110.832334ms)
✔ the placeholder quoted in a fenced example does not make a built record a repair (DEC-021) (107.684988ms)
✔ supersede takes the same decider vocabulary as decide (DEC-020) (97.363648ms)
✔ a superseded record is held to the same line: its placeholder above a resolving entry is a repair (DEC-021, DEC-010) (152.476188ms)
✔ realize() touches only the Realized by section; a body that quotes the placeholder keeps it (106.525264ms)
✔ an unmatched input is refused before execution (LOOP-044) (159.745951ms)
✔ an indexed input deleted on disk asks for a commit (LOOP-045) (160.165242ms)
✔ wake and check require a Git working tree (LOOP-046) (129.729909ms)
✔ recovery removes only dead kernel run records and identifies a live owner (LOOP-054, LOOP-055) (318.281518ms)
✔ an agent action based behind a clean HEAD appears committed (LOOP-027) (190.039701ms)
✔ realization needs a real commit and a subject (DEC-006) (269.693814ms)
✔ 1500 binary inputs digest identically at the review commit in under a second (LOOP-024) (1428.663324ms)
✔ merged work is excluded but a later own commit is a breach (LOOP-047) (238.507868ms)
✔ exact Current tenure ignores prefix matches and earlier visits to the same slug (LOOP-035) (246.731852ms)
✔ a kernel run records its supervising PID (LOOP-054) (226.367461ms)
✔ a merged declared input still stales evidence (LOOP-047) (361.418048ms)
✔ wildcard and magic pathspecs select the same historical inputs (LOOP-024, LOOP-032) (1880.659736ms)
✔ historical selection retains deleted files and excludes new ones (LOOP-024, LOOP-035) (1104.396916ms)
✔ cairn --version prints the package.json version outside a repository, and help lists it (PKG-039) (164.645289ms)
✔ a release is one commit setting one version in the five files, with the changelog entry, tagged v<version> (PKG-040) (994.554226ms)
✔ the release script refuses a bad version, no increase, a dirty tree, a missing entry, a taken tag, a disagreeing file, and a loop not at Done, each in one line with nothing written (PKG-040) (1936.431324ms)
✔ explicit reporting with no lines and exit 0 establishes no requirement verdicts (LOOP-061) (412.825849ms)
✔ explicit reporting with no lines and exit 1 establishes no requirement verdicts (LOOP-061) (388.421171ms)
✔ a reporter that cannot start keeps execution diagnostics without blaming requirements (LOOP-062) (269.913307ms)
✔ large output cannot kill a reporter or invent a requirement verdict (324.229005ms)
✔ explicit mode ignores cairn: R-999: pass (289.910234ms)
✔ explicit mode ignores cairn: R-001: unverified (312.187306ms)
✔ explicit mode ignores cairn: R-001: passed (280.206636ms)
✔ explicit results survive nonzero exit and contradictory duplicates still fail (528.16811ms)
✔ unverified results across changed inputs never become failed attempts (1250.832749ms)
✔ legacy exit 0 retains its interpretation (222.894649ms)
✔ legacy exit 1 retains its interpretation (215.337994ms)
✔ a misspelled reporting mode is refused before execution (100.980106ms)
✔ changed requirement blocks unchecked reruns and makes the completion review stale (LOOP-058, LOOP-059) (1636.672839ms)
✔ falsifier changes need review; separate rationale and other requirements do not change a receipt (1177.553583ms)
✔ legacy receipts recover requirement identity from their commit; unavailable history requires review (826.0337ms)
✔ check refuses uncommitted requirement text and mechanism review markers (743.500101ms)
✔ tightened response limit cannot reuse the old passing check (1245.549842ms)
✔ a declared input over 1 MiB agrees at a commit and in the tree (LOOP-060) (397.305266ms)
✔ a failed Git blob read cannot be hashed as an empty blob (353.790531ms)
✔ Git listings over 1 MiB include the last declared input (2264.26278ms)
✔ requirement identity excludes fenced examples and status dates (442.119775ms)
✔ DemonCoder REM-002 and Status in progress cannot silently satisfy the review gate (LOOP-086) (785.101403ms)
✔ valid open findings retain their behavior (488.300288ms)
✔ valid resolved findings retain their behavior (481.702998ms)
✔ valid empty findings retain their behavior (496.456641ms)
✔ valid mixed valid findings retain their behavior (435.433919ms)
✔ malformed finding "open:" requires repair (366.977541ms)
✔ malformed finding "resolved:   " requires repair (353.372634ms)
✔ malformed finding "Open: incorrect case" requires repair (330.165368ms)
✔ malformed finding "unknown: issue" requires repair (354.55263ms)
✔ malformed finding "\u001b[31mBAD: issue" requires repair (353.076091ms)
✔ the established explicit empty findings list remains valid (349.86678ms)
✔ a scalar findings value requires the supported list format (315.009624ms)
✔ a Requirements: line written as a list is read like the flat form (LOOP-102) (132.30751ms)
✔ a subdirectory or a README in a record directory changes nothing (LOOP-103) (496.616141ms)
✔ two Current: lines are a roadmap repair (LOOP-104) (75.155433ms)
✔ a repeated identifier, an input under the evidence directory, and a missing cwd are refused by name (LOOP-105) (449.866312ms)
✔ a requirement whose evidence outlives its mechanism is named declare, not a regression or an escalation (LOOP-106) (1019.306537ms)
✔ an unreadable record is a repair, not an error exit (LOOP-107) (91.65891ms)
✔ a review needs commit, a nonempty examined list, and a findings list, each named when missing (LOOP-108) (906.952165ms)
✔ a decision record missing a header field or naming a missing predecessor is a repair (LOOP-109) (269.309442ms)
✔ a dirty declared input with no in-progress record is named record ahead of run (LOOP-022, LOOP-110) (232.823144ms)
✔ with core.filemode false the index mode is the identity, so a mode-only difference does not refuse the check (LOOP-111) (225.095483ms)
✔ a project below the Git toplevel can run check (LOOP-112) (268.866523ms)
✔ a shallow clone names history to fetch, not a decision to build (LOOP-113) (149.747293ms)
✔ record-writing commands refuse to run outside a Cairn repository and write nothing (LOOP-118) (220.569816ms)
✔ empty footprint names declaration before scope and records no evidence (LOOP-081) (602.749059ms)
✔ first declaration still checks the full earlier history (LOOP-081) (352.729793ms)
✔ an empty current footprint does not block an explicitly requested existing mechanism (LOOP-081) (309.641175ms)
✔ an inherited mechanism provides a footprint even before local mechanisms exist (228.300733ms)
✔ scope reports every path, escapes line breaks, and gives identical remedies (LOOP-082) (257.2218ms)
✔ scope verdict reuses the answered-escalation annotation (LOOP-048, LOOP-051, LOOP-083) (620.830862ms)
✔ a committed scope acknowledgment lets restored history proceed (LOOP-083) (692.682367ms)
✔ scope acknowledgment must be committed before it can clear a breach (597.456217ms)
✔ ordinary ok does not acknowledge scope history (297.468512ms)
✔ scope escalation refuses unrestored paths and names the restoration remedy (280.987143ms)
✔ an invalid scope request still records an explicitly Blocking decision (153.071379ms)
✔ ask and explanation stay open; only the final committed ok acknowledges scope (682.142744ms)
✔ instead is visible but does not silently authorize a scope exception (347.627453ms)
✔ later changes to an acknowledged path still block, including later reverts (1073.674196ms)
✔ approval cannot hide another path changed after the snapshot (366.143926ms)
✔ acknowledged history remains conditional on the paths staying restored (529.051654ms)
✔ editing the scope snapshot after answer invalidates its acknowledgment (276.014028ms)
✔ malformed scope metadata cannot suppress a breach (1397.201149ms)
✔ damaged acknowledgment fields cannot suppress a breach (555.761951ms)
✔ scope path matching is literal, including wildcard filenames and control characters (500.039775ms)
✔ scope acknowledgment does not carry into another activation of the same slug (275.764126ms)
✔ restoration checks additions, deletions, executable modes, and symlink kinds (1391.766208ms)
✔ explicit committed retention keeps correct work and requires new evidence and review (LOOP-084, LOOP-085) (1967.489905ms)
✔ a missing declaration covers correct earlier work without retention or revert (550.303459ms)
✔ keep requires scope and an unchanged committed candidate (171.01857ms)
✔ uncommitted retention and instead answers cannot clear the incident (1042.346819ms)
✔ retention does not grant future edits, even when reverted to the approved tree (1316.925957ms)
✔ retention cannot cover another path or another activation (570.348036ms)
✔ imported changes must still match the retained tree (554.677577ms)
✔ retention handles additions, deletions, modes, symlinks, and literal filenames (1846.437623ms)
✔ retention cannot convert an existing restoration answer or accept an unknown mode (426.34996ms)
✔ a check failure after retention remains a failure (668.911643ms)
✔ retained paths stay part of the stable checked candidate without extending its footprint (564.478397ms)
✔ retention ask needs an explanation and final committed approval (539.408659ms)
✔ an unknown scope mode remains invalid even with a matching approval digest (267.307263ms)
✔ backlog writes the item; a second with the same title is refused, never overwritten (LOOP-016) (122.374295ms)
✔ a commit inside the footprint: check runs; outside it: check names the path and does not run (LOOP-015, LOOP-035) (529.598074ms)
✔ Cairn's records are never a breach; another file under docs/ is (LOOP-117) (625.31634ms)
✔ declaring the path as an input clears the breach (293.834849ms)
✔ a revert preserves the record of an out-of-scope commit (LOOP-047) (323.223163ms)
✔ a commitment naming a requirement the spec set does not hold as Agreed is repaired (LOOP-029) (69.777388ms)
✔ a requirement in a Draft spec file is not Agreed (85.137001ms)
✔ working agreements and the ignore file are Cairn records (LOOP-035, LOOP-036) (410.313835ms)
✔ the over-asking rule is gone from both skills (SPEC-005, SPEC-006, SPEC-007) (1.522928ms)
✔ a decision during the phase is recorded (DEC-003) (0.143529ms)
✔ understanding is restated before writing (SPEC-003) (0.119311ms)
✔ falsifiers are proposed as one set and confirmed by exception (SPEC-004) (0.243962ms)
✔ depth is inferred and domains derived, never asked or imposed (SPEC-008, SPEC-009) (0.142515ms)
✔ a term enters the glossary at first occurrence (SPEC-010) (0.099597ms)
✔ the phase ends at the first commitment, and later ones are specified during the loop (SPEC-011, SPEC-012) (0.112317ms)
✔ a requirement goes Agreed only with a nameable mechanism (SPEC-013) (0.105373ms)
✔ review before agreement, recording what it attacked (SPEC-014, SPEC-015) (0.168712ms)
✔ no spec file without requirements; nothing Agreed without a falsifier (SPEC-001, SPEC-002) (4.214933ms)
✔ Observed is marked, and is not contract (SPEC-016, SPEC-017) (0.270742ms)
✔ the skills exclude artifacts outside Cairn's workflow (0.172713ms)
✔ the working agreement names the agent's move for each verdict and the write-ahead record (LOOP-036) (0.216675ms)
✔ the working agreement names the developer's moves (LOOP-036, DEC-014) (0.440072ms)
✔ this repository runs by the file it ships (0.452981ms)
✔ both skills write the working agreement without naming a vendor's file (LOOP-002, LOOP-036, PKG-006) (0.158191ms)
✔ the working agreement says what an attempt is (LOOP-036, DEC-017, DEC-018) (0.081154ms)
✔ the working agreement says a failure no footprint change can address is an escalation, and where an inherited requirement is repaired (DEC-019, LOOP-057) (0.104869ms)
✔ the working agreement states the promote, next-iteration, and no-deferral moves (LOOP-029, LOOP-087, LOOP-091, LOOP-092) (0.091532ms)
✔ both skills sort captures into the backlog or next-iteration and forbid deferral (LOOP-029, LOOP-092, LOOP-093) (0.08451ms)
✔ the skill requires a falsifier on every requirement, a MAY included (SPEC-025) (0.077942ms)
✔ the working agreement names the hooks as optional and the install skill registers them for two harnesses (PKG-006, PKG-018, PKG-019) (0.240733ms)
✔ the working agreement says the kernel is upgraded at Done, never inside a commitment (LOOP-096) (0.237277ms)
✔ the next-iteration skill starts from the specification and ends by naming the next commitment (SPEC-026, SPEC-027) (0.267264ms)
✔ every document that names the project skills names next-iteration beside them (SPEC-026, PKG-014) (2.733701ms)
✔ the working agreement states a move for every action the kernel can name (LOOP-101) (1.840114ms)
✔ the working agreement states both record formats and the two flags the moves need (LOOP-036) (0.145861ms)
✔ the skills demonstrate a safe violating example and preserve recon findings (SPEC-022, SPEC-023) (0.069953ms)
✔ the specification skills run the checker through the cairn command (PKG-029) (0.229993ms)
✔ the README invokes the phase skills by name and states versions and platforms (PKG-030, PKG-031) (0.322821ms)
✔ the manual and the walkthrough say the loop promotes backlog items at Done (0.733323ms)
✔ a two-obligation sentence is named (PKG-007) (33.862358ms)
✔ an obligation with no actor is named (PKG-010) (56.232233ms)
✔ a leading condition clause is not the actor, and the actor after it counts (34.741892ms)
✔ an Agreed requirement with no falsifier is named (SPEC-002); a Draft one is not (77.121582ms)
✔ prose after a Draft requirement with no falsifier is not scanned as requirement text (45.605772ms)
✔ a spec declaring a prefix with no requirement is named (SPEC-001) (38.780553ms)
✔ a keyword in backticks or quotes is a mention, not an obligation (41.536903ms)
✔ duplicate identifiers are rejected within a file and across files (SPEC-020) (73.470485ms)
✔ references resolve across files; missing references name their source (SPEC-021) (89.00432ms)
✔ code examples and quoted mentions are neither definitions nor references (40.004334ms)
✔ machine-local paths are findings in prose, links, quotes, and examples (SPEC-019) (407.609157ms)
✔ relative paths, URLs, slash commands, and character mentions are not absolute path findings (40.094312ms)
✔ a slash after a placeholder continues the template (SPEC-019) (95.123027ms)
✔ a host path is a finding until the file declares it (SPEC-019, SPEC-024) (80.122264ms)
✔ declared host paths cover children with a slash boundary and stay file-local (121.028567ms)
✔ a host-path declaration inside a requirement or example grants no exception (125.822697ms)
✔ host-path declarations require absolute or home-relative entries (203.889362ms)
✔ an Agreed block whose only keyword is MAY needs a falsifier like any other (SPEC-025, SPEC-002) (74.141077ms)
✔ a regex literal is not a path, a drive path and a file URL are, and a skill's slash name is allowed (SPEC-028, SPEC-029) (83.420451ms)
✔ a backticked or quoted actor still counts as one (PKG-010) (34.847038ms)
✔ supersede writes both lines, and the old record keeps every word it had (DEC-008, DEC-010) (67.849695ms)
✔ supersede without a cause, or with one outside the four, is refused (DEC-009) (134.345243ms)
✔ supersede of a record that does not exist is refused (78.548644ms)
✔ a predecessor with no title line cannot be stamped, so nothing is written (80.514094ms)
✔ a --supersedes argument outside the slug alphabet is refused, and a path never reaches the filesystem (DEC-022) (233.256001ms)
✔ a record already superseded cannot be superseded again: one Superseded by line per record (DEC-022, DEC-010) (127.647367ms)
✔ reversals reports counts by decider, cause, and domain (DEC-011) (164.092113ms)
✔ decide in a domain with a reversal is refused without --history, naming the reversal; with it, the record carries History (DEC-012) (199.520015ms)
✔ decide in a domain with no reversals needs no --history (119.4613ms)
✔ a record resting on prose alone is in the domain unspecified, and so is the next one (114.805823ms)
✔ the decider tally normalizes case and whitespace, and names a value outside the vocabulary (DEC-020, DEC-011) (65.828733ms)
✔ a record with no Decided by line is tallied as unrecorded, not as a vocabulary value (73.81356ms)
✔ Decided by written as a list tallies like the flat form, and does not crash the report (LOOP-124, DEC-020) (64.968115ms)
✔ a second declaration for one requirement is accepted, a named check runs every mechanism, and Done needs each to pass (LOOP-056, LOOP-099) (1801.733297ms)
✔ one mechanism's stale evidence names that mechanism, and --stale runs only it (LOOP-056, LOOP-094) (694.501212ms)
✔ attempts are counted within one mechanism's records, so the other's passes do not reset them (LOOP-100, DEC-016) (1338.144974ms)
✔ step 1: an in-progress record is reconciled before anything else (98.653611ms)
✔ step 2: an open escalation is presented and nothing else happens (89.517952ms)
✔ an answered escalation is not open (434.1208ms)
✔ step 3: a decision with no realized-by is built, first by name (DEC-007) (91.347807ms)
✔ a superseded decision with no realized-by is not work (106.470967ms)
✔ step 6: a mechanism that has never run is run, not implemented (LOOP-008) (116.4443ms)
✔ step 6: a requirement whose mechanism fails is implemented (435.786152ms)
✔ step 6 before step 7: failing evidence outranks a missing mechanism (305.043684ms)
✔ step 7: a requirement with no mechanism is declared (LOOP-106) (74.852597ms)
✔ every verdict names who acts: Resolvable is the agent's, Done needs nobody, Escalate waits for the developer (LOOP-004) (489.139876ms)
✔ malformed roadmap is Resolvable, not fatal (LOOP-005) (76.206897ms)
✔ a commitment naming no requirements is Resolvable (LOOP-018) (61.660229ms)
✔ the primary test: two wakes on the same checkout give the same action, before and after a persisted transition (LOOP-001, LOOP-003) (531.133947ms)
✔ outside a cairn repository wake cannot run (40.954083ms)
✔ the loop never waits on the review queue (DEC-015) (299.568935ms)
✔ the linked walkthrough runs from agreement through the next commitment (PKG-016) (1187.99804ms)
ℹ tests 481
ℹ suites 0
ℹ pass 481
ℹ fail 0
ℹ cancelled 0
ℹ skipped 0
ℹ todo 0
ℹ duration_ms 23709.023623
