✔ a Draft block overrides an Agreed file for both wake and check (SPEC-018) (205.537837ms)
✔ an Agreed block overrides a Draft file in the kernel and lint (SPEC-018, SPEC-002) (623.551273ms)
✔ a block Status does not become the file default, including inside examples (SPEC-018) (367.077632ms)
✔ block status without a value does not inherit Agreed by accident (SPEC-018) (93.180612ms)
✔ inheritance needs a file Scope and includes only Agreed blocks, regardless of prefix (PKG-015) (1924.923945ms)
✔ Scope inside a requirement or fenced example does not declare inheritance (PKG-015) (958.27017ms)
✔ a falsifier wrapped onto a line beginning with Status: does not become the block's status (SPEC-018) (1.436193ms)
✔ with attribution forbidden, an unpushed commit carrying an AI attribution line is named reword before any work; without the policy, or once pushed, it is not (PKG-045) (401.966421ms)
✔ each attribution form is caught, a prose mention is not, and the oldest attributed commit is named first (PKG-045) (617.998968ms)
✔ LOOP-063: reject input mutation during a check and retain diagnostics (400.480608ms)
✔ LOOP-063: reject deletion mutation during a check and retain diagnostics (406.462046ms)
✔ LOOP-063: reject addition mutation during a check and retain diagnostics (426.010902ms)
✔ LOOP-063: reject mode mutation during a check and retain diagnostics (419.995225ms)
✔ LOOP-063: reject specification mutation during a check and retain diagnostics (392.175762ms)
✔ LOOP-063: reject declaration mutation during a check and retain diagnostics (435.99809ms)
✔ LOOP-063: reject commit mutation during a check and retain diagnostics (396.136272ms)
✔ LOOP-063: committed input mutation during execution cannot certify the replacement (402.342192ms)
✔ LOOP-064: removing executable permission makes passing evidence stale (631.478948ms)
✔ LOOP-064: a mode-only change also invalidates the previous review after new evidence (897.251828ms)
✔ LOOP-064: changing a regular file into a link with identical identity bytes is stale (860.757528ms)
✔ LOOP-063: an unchanged candidate still records a pass despite unrelated working-tree edits (224.014531ms)
✔ LOOP-064: current and historical input ordering agrees for Unicode filenames (359.897662ms)
✔ LOOP-063: Git status hiding content changes cannot certify an uncommitted candidate (124.142566ms)
✔ LOOP-066: one check owns execution with a kernel action record (443.072498ms)
✔ LOOP-066: one check owns execution with an agent action record (435.599508ms)
✔ LOOP-066: a live lock is named and never silently overwritten (155.713711ms)
✔ LOOP-066: a dead lock is named and never silently overwritten (139.663374ms)
✔ LOOP-066: a incomplete lock is named and never silently overwritten (140.758481ms)
✔ LOOP-066: an execution error releases the check lock for a corrected rerun (504.270994ms)
✔ LOOP-066: a live kernel action from an older Cairn also blocks execution (84.513148ms)
✔ LOOP-066: separate Git worktrees can run checks independently (526.070874ms)
✔ after a green check --stale runs nothing; after one input changes it runs only that mechanism (LOOP-094) (1017.079122ms)
✔ a mechanism speaking for two stale requirements runs once and refreshes both (LOOP-094, LOOP-040) (655.831503ms)
✔ a fresh failure and an unverified result are skipped with implement named (LOOP-094) (622.2682ms)
✔ --stale with a requirement identifier is refused (LOOP-094) (74.889739ms)
✔ check --stale holds back a mechanism whose requirement has three attempts and no escalation, names it, and records nothing (LOOP-094, DEC-016) (2075.071812ms)
✔ check refuses a dirty declared input and names it; a dirty undeclared file does not block (LOOP-030) (423.553146ms)
✔ check writes one receipt per run carrying the full record and a result line per requirement (LOOP-097) (313.141625ms)
✔ a nonzero exit records fail, and the receipt keeps the exit code (LOOP-034) (328.287481ms)
✔ a pass after a fail keeps the failing record; nothing is overwritten or deleted (LOOP-025) (602.427798ms)
✔ a commit changing a declared input makes evidence stale; an undeclared one does not (LOOP-007) (954.020294ms)
✔ a regression is named before a requirement that never passed (LOOP-031) (1085.330911ms)
✔ three attempts with no escalation since: wake says escalate, not a fourth (DEC-016, DEC-017, DEC-018) (2269.677289ms)
✔ the review gate: no review, stale review, open finding, then Done (LOOP-020, LOOP-033) (1031.560444ms)
✔ Done is refused while any requirement lacks current passing evidence (LOOP-017) (97.381082ms)
✔ check names a requested requirement that no mechanism claims (90.509403ms)
✔ check writes the in-progress record before the run and clears it after (LOOP-021) (175.1658ms)
✔ a linked declared input digests the same at a commit and in the tree (LOOP-023, LOOP-024) (408.665468ms)
✔ a result line is the mechanism's statement about one requirement; what it did not mention is unverified (LOOP-037, LOOP-052) (189.170619ms)
✔ a mechanism that says nothing is read by its exit code for every requirement (LOOP-039) (175.786898ms)
✔ unverified is not an attempt, and a return to an earlier failed digest counts once (DEC-017, DEC-018) (1515.665694ms)
✔ a result line for a requirement the mechanism does not speak for is named and writes nothing (LOOP-038) (164.026517ms)
✔ a result line inside ordinary output, or without the marker, does not count (172.573063ms)
✔ a targeted check runs the named requirements' mechanisms and records every requirement they speak for (LOOP-040) (182.335921ms)
✔ two result lines for one requirement: a fail on any line wins (166.710362ms)
✔ three runs at one digest with no attempt since: the verdict stays implement and names DEC-019; an escalation naming it among others clears the hint (DEC-019, LOOP-053) (876.930924ms)
✔ a receipt names its commit in full, and an older receipt with the short form is still read (LOOP-136) (252.899127ms)
✔ a change only to a document its declaration lists leaves the review fresh and the evidence stale; a change to another input makes the review stale (LOOP-141) (983.539236ms)
✔ a complete commitment with an unpromoted backlog item names promote, and a stamped item lets it reach Done (LOOP-087) (1034.686619ms)
✔ an empty backlog with waiting next-iteration items is Done, with the count as information and no action on them (LOOP-091) (881.938318ms)
✔ a promotion marker must resolve to a decision record (LOOP-088) (303.591906ms)
✔ a commitment promoted from an item needs a decision record naming the item (LOOP-088) (279.370145ms)
✔ the spec lint reports a promotion marker with no decision record (LOOP-088) (82.984942ms)
✔ a promoted commitment that changes an Agreed requirement or the working agreement is an escalation; an unpromoted one is not (LOOP-089, LOOP-090) (1680.949627ms)
✔ a capture from one of the commitment's own requirements needs Outside because: or an escalation (LOOP-092) (1669.753582ms)
✔ a next-iteration item names what it would change, and the capture refuses one that does not (LOOP-093) (426.261808ms)
✔ a commitment specified from a next-iteration item needs the item stamped before anything else (SPEC-027) (529.678459ms)
✔ a by deference marker resolves to a decision record like a promotion marker (SPEC-002, LOOP-088) (197.135821ms)
✔ the LOOP-090 gate reads the Concerns line, not the slug as a substring (LOOP-114) (533.445369ms)
✔ the LOOP-088 check reads the Promotes line, and decide --promotes writes it (LOOP-115) (238.122275ms)
✔ the activation commit of a promoted commitment is inside the LOOP-089 comparison (LOOP-116) (129.108606ms)
✔ the LOOP-090 route needs one escalation: its Concerns line covers the moved item too (LOOP-119, LOOP-092, LOOP-114) (590.213827ms)
✔ an escalation raised before the promoted commitment began does not silence the LOOP-090 gate (LOOP-114) (317.341093ms)
✔ an escalation raised before the commitment began does not silence the capture gate (LOOP-119) (291.117839ms)
✔ the activation commit is inside the scope footprint (LOOP-120) (93.087695ms)
✔ a requirement Agreed at activation that is demoted or removed is a contract change (LOOP-121) (549.173014ms)
✔ the include files are the root files that hold @AGENTS.md: exempt from the footprint, compared by the gate (LOOP-122) (1100.639279ms)
✔ a superseded promotion no longer satisfies the LOOP-088 check, and the repair says the promotion was reversed (LOOP-123) (460.512705ms)
✔ the restore route measures from the tree before activation, so a path the activation commit added must go (LOOP-120, LOOP-035) (168.281118ms)
✔ the loop works against exactly one commitment: the current one (LOOP-019) (345.948712ms)
✔ a promotion recorded below Consequential is a repair naming the level, since the developer never sees it in the queue (LOOP-088) (73.260124ms)
✔ every requirement the node-test declaration speaks for is named in a test title (PKG-025) (3.07694ms)
✔ every repository path the tests read is a declared input of node-test (PKG-026) (1.221016ms)
✔ writes a record with every required field and an empty realized-by (DEC-001, DEC-005) (75.616234ms)
✔ a Consequential decision is queued for review (DEC-013) (95.465544ms)
✔ a Consequential decision is queued even when .cairn/queue does not exist yet (86.747645ms)
✔ Routine is refused: routine decisions produce no record (70.393194ms)
✔ a missing field is a usage error and nothing is written (71.867098ms)
✔ supersedes requires a classified cause, and the old record must exist (205.519962ms)
✔ an existing record is not overwritten (129.658981ms)
✔ a queued decision stays queued; nothing but the developer removes it (DEC-014) (210.279025ms)
✔ each accepted decider is stored lowercase, whatever case it was typed in (DEC-020) (524.950806ms)
✔ a decider outside the vocabulary is a usage error naming all three, and nothing is written (DEC-020) (452.642392ms)
✔ an empty --decided-by is the missing-field error, not the vocabulary one (84.073781ms)
✔ LOOP-006, LOOP-067: missing inputs names a declaration repair before execution (172.053166ms)
✔ LOOP-006, LOOP-067: empty inputs names a declaration repair before execution (158.419954ms)
✔ LOOP-006, LOOP-067: missing command names a declaration repair before execution (156.517497ms)
✔ LOOP-006, LOOP-067: list command names a declaration repair before execution (167.302287ms)
✔ LOOP-006, LOOP-067: empty command names a declaration repair before execution (162.469448ms)
✔ LOOP-006, LOOP-067: missing requirements names a declaration repair before execution (156.897894ms)
✔ LOOP-006, LOOP-067: bad identifier names a declaration repair before execution (170.212011ms)
✔ LOOP-067: scalar one-item lists retain their existing meaning (289.060239ms)
✔ LOOP-068: a unpopulated gitlink is refused by name (176.10549ms)
✔ LOOP-068: a populated gitlink is refused by name (192.873605ms)
✔ LOOP-069: identical selections across 100 mechanisms use at most 20 Git processes (138.873779ms)
✔ --defect needs --from naming an Agreed requirement, and writes Defect: yes (LOOP-140) (217.690787ms)
✔ an unfixed defect is named fix before a promotable item, and counts as fixed only with passing evidence at or after its commit and no Agreed text changed (LOOP-087, LOOP-140) (2102.553669ms)
✔ escalate writes the six-line format followed by its facts, and wake presents it (LOOP-010, LOOP-026) (121.702726ms)
✔ a missing or multi-line field is refused with the field named, and nothing is written (LOOP-012) (138.471747ms)
✔ a Blocking escalation that fails the format is written anyway, naming the malformed field (LOOP-013) (127.076067ms)
✔ the loop stops for the developer only at Blocking: a recorded decision below it never yields Escalate, and the Blocking bypass must be spelled exactly (DEC-002) (321.209692ms)
✔ a second escalation while one is open is refused (LOOP-011) (134.238573ms)
✔ answer records the reply; wake no longer presents it; a second answer is refused (277.284796ms)
✔ answer to an unknown escalation is refused (68.625746ms)
✔ a stranger resumes from the file alone: question and answer are both in it (LOOP-014) (124.942878ms)
✔ a developer-shaped answer during the agent's turn is refused and writes nothing; the explanation is still accepted (LOOP-135) (636.521591ms)
✔ after an answer, the same concern can be escalated again under a new name (194.4297ms)
✔ an escalation exists when its file does, committed or not (LOOP-009) (94.813398ms)
✔ developer answers require one of the three forms and cannot inject fields (LOOP-048) (628.245469ms)
✔ ask, agent explanation, another ask, and ok stay ordered in one file (LOOP-049, LOOP-050, LOOP-014) (837.285168ms)
✔ fresh closed answers accompany only concerned requirements until new evidence (LOOP-051) (724.268164ms)
✔ a raised escalation carries no derivable status line, and an old record with one still parses (LOOP-028) (146.10381ms)
✔ LOOP-065: delete of output refuses Done and a new run recovers (1235.44712ms)
✔ LOOP-065: corrupt of output refuses Done and a new run recovers (1271.952284ms)
✔ LOOP-065: delete of stderr_output refuses Done and a new run recovers (1179.34943ms)
✔ LOOP-065: corrupt of stderr_output refuses Done and a new run recovers (999.281814ms)
✔ LOOP-065: a receipt without output needs a new check (510.094623ms)
✔ LOOP-065: a receipt without output_digest needs a new check (480.631494ms)
✔ LOOP-065: a receipt without stderr_output needs a new check (477.593409ms)
✔ LOOP-065: a receipt without stderr_digest needs a new check (439.359143ms)
✔ LOOP-065: legacy unverifiable output is rerun without rewriting history (705.195724ms)
✔ a fresh record names the kernel that wrote it (LOOP-023) (296.128616ms)
✔ LOOP-095: a record from another kernel is stale with the kernel named, and a new check restores Done (725.047591ms)
✔ LOOP-095: a record from no kernel is stale with the kernel named, and a new check restores Done (708.616422ms)
✔ LOOP-070: a later failure is latest even when the clock moves backward (988.732576ms)
✔ LOOP-070: receipt collisions at one clock instant retain execution order beyond nine suffixes (3680.57966ms)
✔ LOOP-070: imported branch receipts stale a later sequence until a new check incorporates them (1217.094931ms)
✔ LOOP-070, LOOP-098: legacy receipts need one ordered check, remain byte-for-byte unchanged, and precede the run receipt in the history (556.661557ms)
✔ LOOP-070: edit of a prior receipt requires fresh evidence (470.772464ms)
✔ LOOP-070: remove of a prior receipt requires fresh evidence (456.634192ms)
✔ LOOP-075: supporting evidence file README.md does not become a receipt (511.448665ms)
✔ LOOP-075: supporting evidence file notes.txt does not become a receipt (515.83766ms)
✔ LOOP-075: supporting evidence file support does not become a receipt (505.737919ms)
✔ LOOP-075: supporting evidence file .DS_Store does not become a receipt (529.56189ms)
✔ LOOP-075: a malformed result line (result=success) names a repair before execution (333.199207ms)
✔ LOOP-075: a malformed result line (sequence=NaN) names a repair before execution (323.92767ms)
✔ LOOP-075: a malformed result line (sequence=9007199254740992) names a repair before execution (337.210843ms)
✔ LOOP-075: a malformed result line (history_digest=wrong) names a repair before execution (333.610915ms)
✔ LOOP-075: a malformed result line (tokens) names a repair before execution (330.66269ms)
✔ LOOP-075: a receipt-shaped directory is a named repair instead of an EISDIR crash (256.356971ms)
✔ LOOP-070: an earlier escalation cannot cover three new attempts after clock rollback (871.999028ms)
✔ LOOP-070: an answer becomes old after a later check even if that check's timestamp is earlier (576.543546ms)
✔ LOOP-070: the newest answer wins between checks even when its clock timestamp is older (396.692112ms)
✔ LOOP-070: legacy escalation dates cover old receipts but not three newer sequenced runs (1178.675642ms)
✔ a PKG requirement the commitment does not name is declared, run, and gates Done (PKG-011) (1869.627372ms)
✔ a PKG requirement in a Draft spec is not folded in (570.238989ms)
✔ LOOP-076, LOOP-079: stale inputs identify the receipt and the check to run (674.756313ms)
✔ LOOP-077: names a content change using checked input identity (685.362531ms)
✔ LOOP-077: names a mode change using checked input identity (709.293525ms)
✔ LOOP-077: names a kind change using checked input identity (693.639492ms)
✔ LOOP-077: names a added change using checked input identity (639.148857ms)
✔ LOOP-077: names a removed change using checked input identity (629.34786ms)
✔ LOOP-077: names a link-target change using checked input identity (850.363199ms)
✔ LOOP-077: changed selection compares the old and new input sets (489.219145ms)
✔ LOOP-077: raw CRLF changes remain visible when Git-clean content agrees (467.015971ms)
✔ LOOP-077: detail output is sorted, bounded, and reports the omitted count (463.367503ms)
✔ LOOP-077: filenames cannot inject lines or terminal controls into explanations (425.784599ms)
✔ LOOP-077: receipts from one run share details and do not store source contents (307.267731ms)
✔ LOOP-078, LOOP-080: legacy optional detail limits explanation without changing standing (508.587795ms)
✔ LOOP-078, LOOP-080: invalid-field optional detail limits explanation without changing standing (518.969416ms)
✔ LOOP-078, LOOP-080: missing optional detail limits explanation without changing standing (505.76763ms)
✔ LOOP-078, LOOP-080: invalid-json optional detail limits explanation without changing standing (504.492047ms)
✔ LOOP-078, LOOP-080: mismatched optional detail limits explanation without changing standing (480.529774ms)
✔ LOOP-078, LOOP-080: duplicate optional detail limits explanation without changing standing (463.656325ms)
✔ LOOP-078, LOOP-080: unsafe-path optional detail limits explanation without changing standing (479.948846ms)
✔ LOOP-078, LOOP-080: directory optional detail limits explanation without changing standing (517.496268ms)
✔ LOOP-078, LOOP-080: symlink optional detail limits explanation without changing standing (492.988772ms)
✔ LOOP-078: unavailable old requirement text is not claimed as a proven change (353.41653ms)
✔ LOOP-076, LOOP-079: changed requirements identify evidence and retain review-before-check guidance (392.994263ms)
✔ LOOP-078: simultaneous input and output damage keep both reasons (372.321146ms)
✔ LOOP-080: deterministic freshness sequence seed=7 (9190.770191ms)
✔ LOOP-080: deterministic freshness sequence seed=42 (5645.781263ms)
✔ LOOP-080: deterministic freshness sequence seed=913 (5364.940418ms)
✔ LOOP-080: agreement changes, mechanism review, checks, and completion review retain priority (1362.459324ms)
✔ LOOP-080: imported receipt history demands a rerun without a false input explanation (1579.836245ms)
✔ LOOP-073: clean CRLF input completes under attributes (595.522513ms)
✔ LOOP-073: clean CRLF input completes under autocrlf (573.332235ms)
✔ LOOP-073: raw line-ending mutation during a run is rejected even when Git still sees the same content (266.452198ms)
✔ LOOP-073: execution evidence changes when clean conversion preserves committed identity (1100.335979ms)
✔ LOOP-073: Git clean filters use Git's conversion while retaining raw evidence identity (595.907817ms)
✔ LOOP-073: failure of a required Git filter cannot record evidence (142.943711ms)
✔ LOOP-073: a clean filter moving HEAD during ending validation prevents evidence (401.039157ms)
✔ LOOP-073: canonical Git identities handle links without reading their targets (491.999456ms)
✔ LOOP-073: Git conversion keeps raw Unicode and control-character input paths (439.94066ms)
✔ LOOP-073: conversion and links work in a SHA-256 Git repository (410.541474ms)
✔ LOOP-074: historical specification filename "café.md" remains reviewable (408.41662ms)
✔ LOOP-074: historical specification filename "spec\ttab.md" remains reviewable (419.011406ms)
✔ LOOP-074: historical specification filename "spec\nline.md" remains reviewable (389.831559ms)
✔ help works outside a repository without running a command (PKG-017) (973.660998ms)
✔ help does not hide invalid options or consume literal arguments (220.782062ms)
✔ help lists the lint command (PKG-017) (42.826899ms)
✔ a working directory that no longer exists is named as the failure, and git is not blamed (PKG-041, PKG-022) (159.846168ms)
✔ the stop hook refuses a stop while wake says Resolvable, with the verdict as the reason (PKG-018) (190.837743ms)
✔ the stop hook allows a stop at Done, at Escalate, and outside a Cairn repository (PKG-018) (1051.140761ms)
✔ the session-start hook links the command once and prints the verdict in a Cairn repository (PKG-019, PKG-014, PKG-005) (433.032809ms)
✔ the session-start hook prints no verdict outside a Cairn repository and leaves an existing link that resolves alone (PKG-019) (58.581414ms)
✔ a checkout under a path with a space links a command that resolves, and its stop hook still blocks (PKG-019, PKG-021) (372.973103ms)
✔ the hooks run the kernel the command link resolves to, so hook and agent share one referee (PKG-021) (1078.907893ms)
✔ a dangling link is replaced and reported (PKG-019) (178.57915ms)
✔ errors exit 0 with one line on standard error and no stack trace (PKG-022) (198.751246ms)
✔ the hooks judge with the cairn on PATH, a wrapper included, and session-start names it (PKG-033) (1044.662848ms)
✔ a link to a wrapper or file is kept; a dangling link or one to a directory is replaced (PKG-034) (385.703344ms)
✔ a project below the Git toplevel gets the verdict and the stop refusal (PKG-035) (283.087462ms)
✔ a kernel that prints no verdict is one stderr line: the stop is allowed and session-start prints no trace (PKG-036) (147.262042ms)
✔ a link that cannot be created is one stderr line, and the verdict still prints (PKG-019, PKG-022) (135.014966ms)
✔ with git absent the hooks say so in one line and block nothing (PKG-022) (91.751098ms)
✔ stop_hook_active true no longer lets a Resolvable stop through: the hook still refuses (PKG-018) (127.245507ms)
✔ receipts written by the project's own kernel are judged with it, not with a different cairn on PATH (PKG-033, PKG-021) (417.778943ms)
✔ the fourth stop on an unchanged verdict, commit and tree goes through with a message and a stop record; each refusal names cairn escalate (PKG-043, PKG-044) (433.609418ms)
✔ progress resets the count, a commit or an edited file alike, and each session counts on its own (PKG-043) (1182.962458ms)
✔ no report, one for another commitment, at another commit, or at a value that is not a commit names a new reviewer; an uncommitted review is committed first (LOOP-020) (1562.118391ms)
✔ an old report re-dated, however it is edited, does not name the new commit and names a new reviewer; a new report with the same words does not (LOOP-020) (1424.102415ms)
✔ each finding is carried by the one line citing its number and beginning with its words; malformed reports are repairs (LOOP-020) (3877.09088ms)
✔ citations name their report's commit, so rounds never collide and an old line never carries a new finding; a wrapped review line is its own repair (LOOP-020) (830.080688ms)
✔ a finding that quotes a citation in its own words is carried by copying it, and an uncited wrapped line is no repair when there is nothing to carry (LOOP-020) (556.736859ms)
✔ a citation that is not last on its line is refused as such, and a finding ending with a citation is carried in the short form (LOOP-020) (837.451171ms)
✔ a report written or changed on disk but not committed is named commit, never judged as the committed one (LOOP-020) (523.953191ms)
✔ the findings list is read from the record's text: blank lines between entries, a wrapped entry, any bullet, and a blank line inside examined: lose nothing; a list after a heading stays unread (LOOP-020, LOOP-086, LOOP-071) (1293.891629ms)
✔ the reader reads a numbered or nested list and a blank line in examined:, and names a line it cannot read rather than reading nothing (LOOP-086, LOOP-020) (1055.366859ms)
✔ a line the reader cannot read is named whenever an entry follows it, in the review and in the report, and a finding under a heading is named (LOOP-086, LOOP-020) (1477.344119ms)
✔ a margin line that only looks like a field never ends a list in silence (LOOP-086, LOOP-020) (949.854017ms)
✔ a field name repeated inside a list is named, the report's findings under a heading are named beside a list, and the repair offers the fix that keeps the finding (LOOP-020, LOOP-086) (855.923451ms)
✔ a Reviewer: line inside a list is named, and an honest record with a findings-titled heading is read (LOOP-020, LOOP-086) (805.181441ms)
✔ a record that declares findings: [] keeps a bulleted body as prose, as this repository's own reviews are written (LOOP-086, LOOP-020) (415.239273ms)
✔ a field name in another case never ends a list in silence, a record with its fields out of order is told to reorder them, and a citation names only a finding the report made (LOOP-086, LOOP-020, LOOP-108) (940.67979ms)
✔ a citation of zero is a citation, a field ends a list however it is spaced, a heading may be underlined, a blank line before a continuation is nothing, and a doubled commit: line does not name the commit (LOOP-020, LOOP-086, LOOP-108) (1212.459935ms)
✔ a rule under a field line is not a heading, the hint names a heading of either form, and an earlier report's citation on a carrying line is history (LOOP-020, LOOP-108) (1320.218104ms)
✔ a title that ends with a colon is still a heading, a report whose fields sit below a heading or prose is repaired rather than discarded, and the repair names the form the kernel reads (LOOP-020, LOOP-086, LOOP-108) (1056.063395ms)
✔ a report for another commitment or commit is replaced even when its fields sit below a heading, a quoted field line does not replace the real one, a rule under any field is a rule, and the review is told what the report is told (LOOP-020, LOOP-108) (1083.944388ms)
✔ an underline makes a heading of the line above it unless that line is an entry or the record's own field, an unread field is named where it sits, a field spelled another way is named, and the findings-titled repair names retitling (LOOP-020, LOOP-086, LOOP-108) (1743.593767ms)
✔ cairn lint runs the checker over docs/spec by default and over a named directory (PKG-028) (217.847048ms)
✔ cairn lint names a missing directory in one line, takes one argument, and reports a bad root (PKG-028) (198.512629ms)
✔ three megabytes are retained exactly once with matching digests (LOOP-041, LOOP-042) (383.507088ms)
✔ split stdout result lines survive a long non-result line; stderr is never a verdict (351.920322ms)
✔ signal termination is recorded and logs survive a clone (LOOP-043) (378.528706ms)
✔ working agreements and ignore changes are Cairn records inside the footprint (336.05535ms)
✔ a clean package passes (103.640462ms)
✔ PKG-001: a dependency, or a service manifest (170.29423ms)
✔ PKG-002: ignoring evidence or other durable state, by directory or by extension (156.577121ms)
✔ PKG-003: a command, a directory, or a record kind no decision names (228.72899ms)
✔ PKG-004: a kernel over 1900 lines, counting every file under bin/ as wc -l does; exactly 1900 passes (300.752413ms)
✔ PKG-006: a skill step naming a vendor's product, in either order, across a wrapped list item (PKG-027) (296.572581ms)
✔ PKG-008: a non-ASCII character in a tracked text file (74.149521ms)
✔ PKG-009: the kernel importing from tests (69.206548ms)
✔ PKG-012: a network call or a model client in the kernel, but not a vendor's name in text (307.929763ms)
✔ PKG-013: deferral language, but not in code, quotes, or a rule (591.515121ms)
✔ a tracked path deleted from the working tree is skipped, not a crash (96.789783ms)
✔ a sentence in a Formats section is not a record kind (69.645152ms)
✔ a record kind named by its path alone is checked (75.713312ms)
✔ PKG-002: a tracked in-progress record (87.538062ms)
✔ PKG-002: ignoring evidence alone is a finding (71.021713ms)
✔ PKG-003 reads the kernel's commands from its help output (PKG-023) (116.53095ms)
✔ the ASCII scan covers shipped files, not records under .cairn/ (PKG-024) (68.695979ms)
✔ a vendor-naming step wrapped across lines is matched (PKG-006, PKG-027) (72.996325ms)
✔ PKG-013 scans the README, the manual, and the walkthrough (PKG-032) (211.685078ms)
✔ the manifests, the listing and package.json agree on the name and version, and name paths the repository holds (PKG-037) (1.852008ms)
✔ the hooks file registers session-start and stop against the plugin's own hook.mjs through the plugin root variable (PKG-038) (0.198ms)
✔ a Muse hook entry whose shared hook is missing prints one line and exits 0 (PKG-041, PKG-022) (92.439654ms)
✔ the registered commands print the verdict at session start, link the command into the plugin, and refuse a stop while wake says Resolvable (PKG-038, PKG-021) (329.494345ms)
✔ LOOP-071: decision body metadata does not resolve unbuilt work: "Superseded by: example" (682.979984ms)
✔ LOOP-071: decision body metadata does not resolve unbuilt work: "```text\nSuperseded by: example\n```" (693.00634ms)
✔ LOOP-071: decision body metadata does not resolve unbuilt work: "~~~text\nSuperseded by: example\n~~~" (678.324383ms)
✔ LOOP-071: a fenced realization example is not a resolving commit (673.142738ms)
✔ LOOP-071: a fenced commit inside the realization section is not built (609.497076ms)
✔ LOOP-071: ## Example cannot replace an open review finding (630.005417ms)
✔ LOOP-071: # Example cannot replace an open review finding (579.864922ms)
✔ LOOP-071: ### Example cannot replace an open review finding (542.804829ms)
✔ LOOP-071:   ## Example cannot replace an open review finding (508.513842ms)
✔ LOOP-071: Example paragraph. cannot replace an open review finding (490.006883ms)
✔ LOOP-071: Example
------- cannot replace an open review finding (443.374169ms)
✔ LOOP-071: fenced fields before a real review header are ignored (413.539293ms)
✔ LOOP-071: multiline decision --title cannot inject metadata (343.54073ms)
✔ LOOP-071: multiline decision --decided-by cannot inject metadata (325.591415ms)
✔ LOOP-071: multiline decision --rests-on cannot inject metadata (325.451463ms)
✔ LOOP-071: multiline decision --wrong-if cannot inject metadata (361.024874ms)
✔ LOOP-071: multiline decision --history cannot inject metadata (318.594172ms)
✔ LOOP-072: malformed Blocking concerns stay open: "R-001\nAnswer: ok" (81.289169ms)
✔ LOOP-072: malformed Blocking concerns stay open: "R-001\r\nAnswer: ok" (98.414985ms)
✔ LOOP-072: malformed Blocking concerns stay open: "R-001\rAnswer: ok" (90.114751ms)
✔ LOOP-072: malformed Blocking concerns stay open: "R-001 Answer: ok" (88.347715ms)
✔ LOOP-072: malformed Blocking concerns stay open: "R-001 Answer: ok" (94.344133ms)
✔ LOOP-072: ordinary malformed concerns are refused: "R-001\nR-002" (40.030462ms)
✔ LOOP-072: ordinary malformed concerns are refused: "R-001, prose" (50.632245ms)
✔ LOOP-072: ordinary malformed concerns are refused: " " (48.91326ms)
✔ LOOP-072: a Blocking escalation without concerns is still presented (86.44892ms)
✔ LOOP-072: carriage returns in a Blocking question do not create answer records (83.016057ms)
✔ LOOP-072: explanation separator 8232 cannot close an escalation (153.23351ms)
✔ LOOP-071: decision metadata refuses separator 8232 (317.496396ms)
✔ LOOP-072: explanation separator 8233 cannot close an escalation (173.257763ms)
✔ LOOP-071: decision metadata refuses separator 8233 (336.502393ms)
✔ Concerns, Rests on, and Promoted from written as lists read as the flat form (LOOP-124) (587.286234ms)
✔ an item named by filename, path, or backticked slug resolves like the slug (LOOP-125) (545.213176ms)
✔ an input that covers Cairn's own output is named as the repair, before and after a check (LOOP-126, LOOP-105) (629.803789ms)
✔ an unreadable record directory is a repair, not an error exit (LOOP-127) (80.855743ms)
✔ a title that slugifies to nothing is refused (LOOP-128) (125.357629ms)
✔ examined: [] is an empty list (LOOP-129, LOOP-108) (517.595459ms)
✔ below the Git toplevel the restore check compares root-relative paths (LOOP-130, LOOP-035) (348.930508ms)
✔ below the Git toplevel an uncommitted declared input is named from the project root (LOOP-132, LOOP-030) (229.719564ms)
✔ a value on the key line followed by list items is the first item, never dropped (LOOP-133) (611.994995ms)
✔ the footprint's walk reads Current: as the wake does: a fenced example below the real line, or a second line in history, never moves the start (LOOP-134, LOOP-035) (297.466799ms)
✔ an input spelled .. from a project below the Git toplevel covers the evidence directory (LOOP-126, LOOP-105) (95.309392ms)
✔ a Consequential record this commitment added needs its queue entry committed (LOOP-131, DEC-004) (483.212256ms)
✔ a mechanism that removes the check lock still gets its evidence, with no repair for the lock (LOOP-107) (223.739253ms)
✔ a staged rename reads as its two paths, never as a bare origin token (LOOP-030, LOOP-110) (116.10531ms)
✔ a Current: line inside a fenced example is neither a second Current: line nor the commitment, before or after the real line (LOOP-104) (184.056544ms)
✔ a Status: word is taken only from a line that carries one, never from wrapped prose after it (SPEC-018) (1.061141ms)
✔ the placeholder left above a resolving entry is a repair naming the file (DEC-021) (238.344005ms)
✔ the placeholder alone is a decision recorded and not yet built, unchanged (DEC-007) (59.896706ms)
✔ resolving entries with no placeholder are unchanged (DEC-006) (113.397577ms)
✔ a shallow clone that cannot resolve its entries is still told to fetch, not to edit (LOOP-113 keeps precedence) (126.248439ms)
✔ the placeholder quoted in a fenced example does not make a built record a repair (DEC-021) (131.091127ms)
✔ supersede takes the same decider vocabulary as decide (DEC-020) (93.593437ms)
✔ a superseded record is held to the same line: its placeholder above a resolving entry is a repair (DEC-021, DEC-010) (183.415393ms)
✔ realize() touches only the Realized by section; a body that quotes the placeholder keeps it (117.648357ms)
✔ an untracked file under a declared input is not a change under way; check still refuses beside it and names .gitignore (LOOP-110, LOOP-030) (232.294369ms)
✔ an unmatched input is refused before execution (LOOP-044) (162.103232ms)
✔ an indexed input deleted on disk asks for a commit (LOOP-045) (161.417625ms)
✔ wake and check require a Git working tree (LOOP-046) (154.399769ms)
✔ recovery removes only dead kernel run records and identifies a live owner (LOOP-054, LOOP-055) (324.849087ms)
✔ an agent action based behind a clean HEAD appears committed (LOOP-027) (195.165174ms)
✔ realization needs a real commit and a subject (DEC-006) (257.026537ms)
✔ 1500 binary inputs digest identically at the review commit in under a second (LOOP-024) (1483.442431ms)
✔ merged work is excluded but a later own commit is a breach (LOOP-047) (291.6192ms)
✔ exact Current tenure ignores prefix matches and earlier visits to the same slug (LOOP-035) (272.696398ms)
✔ a kernel run records its supervising PID (LOOP-054) (297.563289ms)
✔ a merged declared input still stales evidence (LOOP-047) (441.670848ms)
✔ wildcard and magic pathspecs select the same historical inputs (LOOP-024, LOOP-032) (2247.743415ms)
✔ historical selection retains deleted files and excludes new ones (LOOP-024, LOOP-035) (1279.988676ms)
✔ cairn --version prints the package.json version outside a repository, and help lists it (PKG-039) (131.296437ms)
✔ a release is one commit setting one version in the five files, with the changelog entry, tagged v<version> (PKG-040) (1118.769362ms)
✔ the release script refuses a bad version, no increase, a dirty tree, a missing entry, a taken tag, a disagreeing file, and a loop not at Done, each in one line with nothing written (PKG-040) (1932.308462ms)
✔ a version file written as compact JSON is released, and nothing else in any version file changes (PKG-042) (1344.128239ms)
✔ with attribution forbidden, the release script refuses an unpushed commit carrying an AI attribution line (PKG-045) (565.993406ms)
✔ explicit reporting with no lines and exit 0 establishes no requirement verdicts (LOOP-061) (476.101542ms)
✔ explicit reporting with no lines and exit 1 establishes no requirement verdicts (LOOP-061) (458.625303ms)
✔ a reporter that cannot start keeps execution diagnostics without blaming requirements (LOOP-062) (277.908422ms)
✔ large output cannot kill a reporter or invent a requirement verdict (340.711778ms)
✔ explicit mode ignores cairn: R-999: pass (281.103661ms)
✔ explicit mode ignores cairn: R-001: unverified (349.877015ms)
✔ explicit mode ignores cairn: R-001: passed (297.091007ms)
✔ explicit results survive nonzero exit and contradictory duplicates still fail (590.632152ms)
✔ unverified results across changed inputs never become failed attempts (1482.257121ms)
✔ legacy exit 0 retains its interpretation (230.242029ms)
✔ legacy exit 1 retains its interpretation (217.926488ms)
✔ a misspelled reporting mode is refused before execution (125.126655ms)
✔ changed requirement blocks unchecked reruns and makes the completion review stale (LOOP-058, LOOP-059) (1811.388383ms)
✔ falsifier changes need review; separate rationale and other requirements do not change a receipt (1330.371855ms)
✔ legacy receipts recover requirement identity from their commit; unavailable history requires review (1057.104701ms)
✔ check refuses uncommitted requirement text and mechanism review markers (815.49407ms)
✔ tightened response limit cannot reuse the old passing check (1436.947474ms)
✔ a declared input over 1 MiB agrees at a commit and in the tree (LOOP-060) (471.542237ms)
✔ a failed Git blob read cannot be hashed as an empty blob (378.055667ms)
✔ Git listings over 1 MiB include the last declared input (2237.510801ms)
✔ requirement identity excludes fenced examples and status dates (513.717529ms)
✔ DemonCoder REM-002 and Status in progress cannot silently satisfy the review gate (LOOP-086) (818.845391ms)
✔ valid open findings retain their behavior (494.252649ms)
✔ valid resolved findings retain their behavior (554.468115ms)
✔ valid empty findings retain their behavior (580.302106ms)
✔ valid mixed valid findings retain their behavior (463.149984ms)
✔ malformed finding "open:" requires repair (447.930736ms)
✔ malformed finding "resolved:   " requires repair (448.159063ms)
✔ malformed finding "Open: incorrect case" requires repair (400.864112ms)
✔ malformed finding "unknown: issue" requires repair (378.860107ms)
✔ malformed finding "\u001b[31mBAD: issue" requires repair (351.72878ms)
✔ the established explicit empty findings list remains valid (401.085659ms)
✔ a scalar findings value requires the supported list format (374.516099ms)
✔ check runs a mechanism when a requirement outside the commitment was revised, and asks for the review once a commitment includes it (LOOP-059) (936.486507ms)
✔ a Requirements: line written as a list is read like the flat form (LOOP-102) (138.35413ms)
✔ a subdirectory or a README in a record directory changes nothing (LOOP-103) (591.876977ms)
✔ two Current: lines are a roadmap repair (LOOP-104) (88.845845ms)
✔ a repeated identifier, an input under the evidence directory, and a missing cwd are refused by name (LOOP-105) (466.631529ms)
✔ a requirement whose evidence outlives its mechanism is named declare, not a regression or an escalation (LOOP-106) (1071.845973ms)
✔ an unreadable record is a repair, not an error exit (LOOP-107) (109.125528ms)
✔ a review needs commit, a nonempty examined list, and a findings list, each named when missing (LOOP-108) (1033.83053ms)
✔ a decision record missing a header field or naming a missing predecessor is a repair (LOOP-109) (313.524977ms)
✔ a dirty declared input with no in-progress record is named record ahead of run (LOOP-022, LOOP-110) (243.075647ms)
✔ with core.filemode false the index mode is the identity, so a mode-only difference does not refuse the check (LOOP-111) (227.255466ms)
✔ a project below the Git toplevel can run check (LOOP-112) (241.388487ms)
✔ a shallow clone names history to fetch, not a decision to build (LOOP-113) (154.13058ms)
✔ record-writing commands refuse to run outside a Cairn repository and write nothing (LOOP-118) (223.181728ms)
✔ a git that cannot start is one line and exit 3 from wake and from check, with nothing recorded (LOOP-137) (93.688663ms)
✔ an unexplained or uncommitted stop record is named explain before any other action; explained and committed, the wake moves on (LOOP-139) (292.577995ms)
✔ empty footprint names declaration before scope and records no evidence (LOOP-081) (562.537496ms)
✔ first declaration still checks the full earlier history (LOOP-081) (356.808228ms)
✔ an empty current footprint does not block an explicitly requested existing mechanism (LOOP-081) (367.763684ms)
✔ an inherited mechanism provides a footprint even before local mechanisms exist (258.325059ms)
✔ scope reports every path, escapes line breaks, and gives identical remedies (LOOP-082) (254.53638ms)
✔ scope verdict reuses the answered-escalation annotation (LOOP-048, LOOP-051, LOOP-083) (590.64045ms)
✔ a committed scope acknowledgment lets restored history proceed (LOOP-083) (744.219389ms)
✔ scope acknowledgment must be committed before it can clear a breach (666.013534ms)
✔ ordinary ok does not acknowledge scope history (311.718511ms)
✔ scope escalation refuses unrestored paths and names the restoration remedy (243.29148ms)
✔ an invalid scope request still records an explicitly Blocking decision (131.265281ms)
✔ ask and explanation stay open; only the final committed ok acknowledges scope (740.927537ms)
✔ instead is visible but does not silently authorize a scope exception (359.376559ms)
✔ later changes to an acknowledged path still block, including later reverts (1078.989397ms)
✔ approval cannot hide another path changed after the snapshot (379.343557ms)
✔ acknowledged history remains conditional on the paths staying restored (531.400392ms)
✔ editing the scope snapshot after answer invalidates its acknowledgment (261.114751ms)
✔ malformed scope metadata cannot suppress a breach (1416.468314ms)
✔ damaged acknowledgment fields cannot suppress a breach (536.88397ms)
✔ scope path matching is literal, including wildcard filenames and control characters (516.426739ms)
✔ scope acknowledgment does not carry into another activation of the same slug (277.101777ms)
✔ restoration checks additions, deletions, executable modes, and symlink kinds (1381.86555ms)
✔ explicit committed retention keeps correct work and requires new evidence and review (LOOP-084, LOOP-085) (2150.541547ms)
✔ a missing declaration covers correct earlier work without retention or revert (538.697014ms)
✔ keep requires scope and an unchanged committed candidate (162.594696ms)
✔ uncommitted retention and instead answers cannot clear the incident (1021.241659ms)
✔ retention does not grant future edits, even when reverted to the approved tree (1300.919811ms)
✔ retention cannot cover another path or another activation (526.727855ms)
✔ imported changes must still match the retained tree (541.852373ms)
✔ retention handles additions, deletions, modes, symlinks, and literal filenames (1896.924904ms)
✔ retention cannot convert an existing restoration answer or accept an unknown mode (419.211553ms)
✔ a check failure after retention remains a failure (642.913082ms)
✔ retained paths stay part of the stable checked candidate without extending its footprint (583.294956ms)
✔ retention ask needs an explanation and final committed approval (515.376615ms)
✔ an unknown scope mode remains invalid even with a matching approval digest (282.448091ms)
✔ backlog writes the item; a second with the same title is refused, never overwritten (LOOP-016) (143.745268ms)
✔ a commit inside the footprint: check runs; outside it: check names the path and does not run (LOOP-015, LOOP-035) (588.191041ms)
✔ Cairn's records are never a breach; another file under docs/ is (LOOP-117) (680.649495ms)
✔ declaring the path as an input clears the breach (290.925369ms)
✔ a revert preserves the record of an out-of-scope commit (LOOP-047) (342.845592ms)
✔ a commitment naming a requirement the spec set does not hold as Agreed is repaired (LOOP-029) (72.757872ms)
✔ a requirement in a Draft spec file is not Agreed (100.473768ms)
✔ working agreements and the ignore file are Cairn records (LOOP-035, LOOP-036) (468.50942ms)
✔ the over-asking rule is gone from both skills (SPEC-005, SPEC-006, SPEC-007) (1.403407ms)
✔ a decision during the phase is recorded (DEC-003) (0.174102ms)
✔ understanding is restated before writing (SPEC-003) (0.124488ms)
✔ falsifiers are proposed as one set and confirmed by exception (SPEC-004) (0.214544ms)
✔ depth is inferred and domains derived, never asked or imposed (SPEC-008, SPEC-009) (0.150137ms)
✔ a term enters the glossary at first occurrence (SPEC-010) (0.099712ms)
✔ the phase ends at the first commitment, and later ones are specified during the loop (SPEC-011, SPEC-012) (0.12368ms)
✔ a requirement goes Agreed only with a nameable mechanism (SPEC-013) (0.15431ms)
✔ review before agreement, recording what it attacked (SPEC-014, SPEC-015) (0.178057ms)
✔ no spec file without requirements; nothing Agreed without a falsifier (SPEC-001, SPEC-002) (0.183854ms)
✔ Observed is marked, and is not contract (SPEC-016, SPEC-017) (0.17506ms)
✔ the skills exclude artifacts outside Cairn's workflow (0.150819ms)
✔ the working agreement names the agent's move for each verdict and the write-ahead record (LOOP-036) (0.234828ms)
✔ the working agreement names the developer's moves (LOOP-036, DEC-014) (0.085101ms)
✔ this repository runs by the file it ships (0.415142ms)
✔ both skills write the working agreement without naming a vendor's file (LOOP-002, LOOP-036, PKG-006) (0.128884ms)
✔ the working agreement says what an attempt is (LOOP-036, DEC-017, DEC-018) (0.07671ms)
✔ the working agreement says a failure no footprint change can address is an escalation, and where an inherited requirement is repaired (DEC-019, LOOP-057) (0.098609ms)
✔ the working agreement states the promote, next-iteration, and no-deferral moves (LOOP-029, LOOP-087, LOOP-091, LOOP-092) (0.088393ms)
✔ both skills sort captures into the backlog or next-iteration and forbid deferral (LOOP-029, LOOP-092, LOOP-093) (0.079364ms)
✔ the skill requires a falsifier on every requirement, a MAY included (SPEC-025) (0.073552ms)
✔ the working agreement names the hooks as optional and the install skill registers them for two harnesses (PKG-006, PKG-018, PKG-019) (0.243828ms)
✔ the working agreement says the kernel is upgraded at Done, never inside a commitment (LOOP-096) (0.078202ms)
✔ the next-iteration skill starts from the specification and ends by naming the next commitment (SPEC-026, SPEC-027) (0.246577ms)
✔ every document that names the project skills names next-iteration beside them (SPEC-026, PKG-014) (2.657091ms)
✔ the working agreement states a move for every action the kernel can name (LOOP-101) (1.810718ms)
✔ the working agreement states both record formats and the two flags the moves need (LOOP-036) (0.150658ms)
✔ the skills demonstrate a safe violating example and preserve recon findings (SPEC-022, SPEC-023) (0.069892ms)
✔ the specification skills run the checker through the cairn command (PKG-029) (0.22373ms)
✔ the README invokes the phase skills by name and states versions and platforms (PKG-030, PKG-031) (0.317189ms)
✔ the manual and the walkthrough say the loop promotes backlog items at Done (0.893195ms)
✔ the working agreement says a report is not work under way, its findings are captured, and it is committed with them (LOOP-138) (0.098901ms)
✔ a two-obligation sentence is named (PKG-007) (46.588677ms)
✔ an obligation with no actor is named (PKG-010) (35.635881ms)
✔ a leading condition clause is not the actor, and the actor after it counts (31.48088ms)
✔ an Agreed requirement with no falsifier is named (SPEC-002); a Draft one is not (86.409306ms)
✔ prose after a Draft requirement with no falsifier is not scanned as requirement text (45.553968ms)
✔ a spec declaring a prefix with no requirement is named (SPEC-001) (44.697703ms)
✔ a keyword in backticks or quotes is a mention, not an obligation (41.480323ms)
✔ duplicate identifiers are rejected within a file and across files (SPEC-020) (95.186326ms)
✔ references resolve across files; missing references name their source (SPEC-021) (97.813146ms)
✔ code examples and quoted mentions are neither definitions nor references (47.087074ms)
✔ machine-local paths are findings in prose, links, quotes, and examples (SPEC-019) (427.48875ms)
✔ relative paths, URLs, slash commands, and character mentions are not absolute path findings (54.28274ms)
✔ a slash after a placeholder continues the template (SPEC-019) (81.128946ms)
✔ a host path is a finding until the file declares it (SPEC-019, SPEC-024) (78.950327ms)
✔ declared host paths cover children with a slash boundary and stay file-local (114.153486ms)
✔ a host-path declaration inside a requirement or example grants no exception (126.312969ms)
✔ host-path declarations require absolute or home-relative entries (193.918144ms)
✔ an Agreed block whose only keyword is MAY needs a falsifier like any other (SPEC-025, SPEC-002) (75.900335ms)
✔ a regex literal is not a path, a drive path and a file URL are, and a skill's slash name is allowed (SPEC-028, SPEC-029) (76.270781ms)
✔ a backticked or quoted actor still counts as one (PKG-010) (36.110062ms)
✔ supersede writes both lines, and the old record keeps every word it had (DEC-008, DEC-010) (90.167554ms)
✔ supersede without a cause, or with one outside the four, is refused (DEC-009) (144.606863ms)
✔ supersede of a record that does not exist is refused (91.62462ms)
✔ a predecessor with no title line cannot be stamped, so nothing is written (93.95154ms)
✔ a --supersedes argument outside the slug alphabet is refused, and a path never reaches the filesystem (DEC-022) (211.305606ms)
✔ a record already superseded cannot be superseded again: one Superseded by line per record (DEC-022, DEC-010) (193.545956ms)
✔ reversals reports counts by decider, cause, and domain (DEC-011) (178.942355ms)
✔ decide in a domain with a reversal is refused without --history, naming the reversal; with it, the record carries History (DEC-012) (192.025262ms)
✔ decide in a domain with no reversals needs no --history (144.450233ms)
✔ a record resting on prose alone is in the domain unspecified, and so is the next one (136.110992ms)
✔ the decider tally normalizes case and whitespace, and names a value outside the vocabulary (DEC-020, DEC-011) (69.275994ms)
✔ a record with no Decided by line is tallied as unrecorded, not as a vocabulary value (65.94954ms)
✔ Decided by written as a list tallies like the flat form, and does not crash the report (LOOP-124, DEC-020) (61.699541ms)
✔ a second declaration for one requirement is accepted, a named check runs every mechanism, and Done needs each to pass (LOOP-056, LOOP-099) (2168.599913ms)
✔ one mechanism's stale evidence names that mechanism, and --stale runs only it (LOOP-056, LOOP-094) (754.215413ms)
✔ attempts are counted within one mechanism's records, so the other's passes do not reset them (LOOP-100, DEC-016) (1399.545008ms)
✔ step 1: an in-progress record is reconciled before anything else (96.15402ms)
✔ step 2: an open escalation is presented and nothing else happens (77.857483ms)
✔ an answered escalation is not open (496.476407ms)
✔ step 3: a decision with no realized-by is built, first by name (DEC-007) (99.862246ms)
✔ a superseded decision with no realized-by is not work (126.921614ms)
✔ step 6: a mechanism that has never run is run, not implemented (LOOP-008) (130.35594ms)
✔ step 6: a requirement whose mechanism fails is implemented (497.40477ms)
✔ step 6 before step 7: failing evidence outranks a missing mechanism (344.237026ms)
✔ step 7: a requirement with no mechanism is declared (LOOP-106) (90.957898ms)
✔ every verdict names who acts: Resolvable is the agent's, Done needs nobody, Escalate waits for the developer (LOOP-004) (594.949342ms)
✔ malformed roadmap is Resolvable, not fatal (LOOP-005) (66.522117ms)
✔ a commitment naming no requirements is Resolvable (LOOP-018) (54.420071ms)
✔ the primary test: two wakes on the same checkout give the same action, before and after a persisted transition (LOOP-001, LOOP-003) (557.087675ms)
✔ outside a cairn repository wake cannot run (34.576349ms)
✔ the loop never waits on the review queue (DEC-015) (377.578598ms)
✔ twenty built records cost one git call to resolve, not twenty (DEC-023) (169.250763ms)
✔ an ambiguous Realized by identifier is the repair that says lengthen it, not a build (LOOP-113, DEC-023) (177.661904ms)
✔ the linked walkthrough runs from agreement through the next commitment (PKG-016) (1416.22065ms)
ℹ tests 521
ℹ suites 0
ℹ pass 521
ℹ fail 0
ℹ cancelled 0
ℹ skipped 0
ℹ todo 0
ℹ duration_ms 23938.913186
