✔ a Draft block overrides an Agreed file for both wake and check (SPEC-018) (214.997995ms)
✔ an Agreed block overrides a Draft file in the kernel and lint (SPEC-018, SPEC-002) (557.319169ms)
✔ a block Status does not become the file default, including inside examples (SPEC-018) (365.109281ms)
✔ block status without a value does not inherit Agreed by accident (SPEC-018) (83.947689ms)
✔ inheritance needs a file Scope and includes only Agreed blocks, regardless of prefix (PKG-015) (1640.015272ms)
✔ Scope inside a requirement or fenced example does not declare inheritance (PKG-015) (801.717953ms)
✔ a falsifier wrapped onto a line beginning with Status: does not become the block's status (SPEC-018) (1.249865ms)
✔ with attribution forbidden, an unpushed commit carrying an AI attribution line is named reword before any work; without the policy, or once pushed, it is not (PKG-045) (392.693945ms)
✔ each attribution form is caught, a prose mention is not, and the oldest attributed commit is named first (PKG-045) (552.916018ms)
✔ LOOP-063: reject input mutation during a check and retain diagnostics (373.116338ms)
✔ LOOP-063: reject deletion mutation during a check and retain diagnostics (369.274915ms)
✔ LOOP-063: reject addition mutation during a check and retain diagnostics (367.007421ms)
✔ LOOP-063: reject mode mutation during a check and retain diagnostics (382.770133ms)
✔ LOOP-063: reject specification mutation during a check and retain diagnostics (360.721835ms)
✔ LOOP-063: reject declaration mutation during a check and retain diagnostics (373.165419ms)
✔ LOOP-063: reject commit mutation during a check and retain diagnostics (357.425654ms)
✔ LOOP-063: committed input mutation during execution cannot certify the replacement (351.190357ms)
✔ LOOP-064: removing executable permission makes passing evidence stale (525.965005ms)
✔ LOOP-064: a mode-only change also invalidates the previous review after new evidence (748.78311ms)
✔ LOOP-064: changing a regular file into a link with identical identity bytes is stale (777.179614ms)
✔ LOOP-063: an unchanged candidate still records a pass despite unrelated working-tree edits (200.123022ms)
✔ LOOP-064: current and historical input ordering agrees for Unicode filenames (315.393686ms)
✔ LOOP-063: Git status hiding content changes cannot certify an uncommitted candidate (126.391733ms)
✔ LOOP-066: one check owns execution with a kernel action record (446.52853ms)
✔ LOOP-066: one check owns execution with an agent action record (403.771882ms)
✔ LOOP-066: a live lock is named and never silently overwritten (128.934939ms)
✔ LOOP-066: a dead lock is named and never silently overwritten (153.593943ms)
✔ LOOP-066: a incomplete lock is named and never silently overwritten (139.648475ms)
✔ LOOP-066: an execution error releases the check lock for a corrected rerun (445.132218ms)
✔ LOOP-066: a live kernel action from an older Cairn also blocks execution (78.048385ms)
✔ LOOP-066: separate Git worktrees can run checks independently (445.005806ms)
✔ after a green check --stale runs nothing; after one input changes it runs only that mechanism (LOOP-094) (879.563831ms)
✔ a mechanism speaking for two stale requirements runs once and refreshes both (LOOP-094, LOOP-040) (602.005125ms)
✔ a fresh failure and an unverified result are skipped with implement named (LOOP-094) (565.102835ms)
✔ --stale with a requirement identifier is refused (LOOP-094) (68.696388ms)
✔ check --stale holds back a mechanism whose requirement has three attempts and no escalation, names it, and records nothing (LOOP-094, DEC-016) (1878.636528ms)
✔ check refuses a dirty declared input and names it; a dirty undeclared file does not block (LOOP-030) (411.738697ms)
✔ check writes one receipt per run carrying the full record and a result line per requirement (LOOP-097) (317.018538ms)
✔ a nonzero exit records fail, and the receipt keeps the exit code (LOOP-034) (322.53339ms)
✔ a pass after a fail keeps the failing record; nothing is overwritten or deleted (LOOP-025) (637.735797ms)
✔ a commit changing a declared input makes evidence stale; an undeclared one does not (LOOP-007) (769.937029ms)
✔ a regression is named before a requirement that never passed (LOOP-031) (949.059284ms)
✔ three attempts with no escalation since: wake says escalate, not a fourth (DEC-016, DEC-017, DEC-018) (2009.490734ms)
✔ the review gate: no review, stale review, open finding, then Done (LOOP-020, LOOP-033) (926.953779ms)
✔ Done is refused while any requirement lacks current passing evidence (LOOP-017) (91.421247ms)
✔ check names a requested requirement that no mechanism claims (71.696424ms)
✔ check writes the in-progress record before the run and clears it after (LOOP-021) (172.694768ms)
✔ a linked declared input digests the same at a commit and in the tree (LOOP-023, LOOP-024) (356.316415ms)
✔ a result line is the mechanism's statement about one requirement; what it did not mention is unverified (LOOP-037, LOOP-052) (163.352825ms)
✔ a mechanism that says nothing is read by its exit code for every requirement (LOOP-039) (165.68265ms)
✔ unverified is not an attempt, and a return to an earlier failed digest counts once (DEC-017, DEC-018) (1480.328267ms)
✔ a result line for a requirement the mechanism does not speak for is named and writes nothing (LOOP-038) (158.579719ms)
✔ a result line inside ordinary output, or without the marker, does not count (177.424948ms)
✔ a targeted check runs the named requirements' mechanisms and records every requirement they speak for (LOOP-040) (165.722555ms)
✔ two result lines for one requirement: a fail on any line wins (187.331372ms)
✔ three runs at one digest with no attempt since: the verdict stays implement and names DEC-019; an escalation naming it among others clears the hint (DEC-019, LOOP-053) (824.742893ms)
✔ a receipt names its commit in full, and an older receipt with the short form is still read (LOOP-136) (268.65695ms)
✔ a change only to a document its declaration lists leaves the review fresh and the evidence stale; a change to another input makes the review stale (LOOP-141) (990.090726ms)
✔ a complete commitment with an unpromoted backlog item names promote, and a stamped item lets it reach Done (LOOP-087) (867.507845ms)
✔ an empty backlog with waiting next-iteration items is Done, with the count as information and no action on them (LOOP-091) (725.468568ms)
✔ a promotion marker must resolve to a decision record (LOOP-088) (240.508713ms)
✔ a commitment promoted from an item needs a decision record naming the item (LOOP-088) (253.011428ms)
✔ the spec lint reports a promotion marker with no decision record (LOOP-088) (66.384728ms)
✔ a promoted commitment that changes an Agreed requirement or the working agreement is an escalation; an unpromoted one is not (LOOP-089, LOOP-090) (1527.69684ms)
✔ a capture from one of the commitment's own requirements needs Outside because: or an escalation (LOOP-092) (1514.252157ms)
✔ a next-iteration item names what it would change, and the capture refuses one that does not (LOOP-093) (413.070273ms)
✔ a commitment specified from a next-iteration item needs the item stamped before anything else (SPEC-027) (466.723954ms)
✔ a by deference marker resolves to a decision record like a promotion marker (SPEC-002, LOOP-088) (187.950896ms)
✔ the LOOP-090 gate reads the Concerns line, not the slug as a substring (LOOP-114) (514.641119ms)
✔ the LOOP-088 check reads the Promotes line, and decide --promotes writes it (LOOP-115) (223.394269ms)
✔ the activation commit of a promoted commitment is inside the LOOP-089 comparison (LOOP-116) (135.187765ms)
✔ the LOOP-090 route needs one escalation: its Concerns line covers the moved item too (LOOP-119, LOOP-092, LOOP-114) (547.771106ms)
✔ an escalation raised before the promoted commitment began does not silence the LOOP-090 gate (LOOP-114) (302.693361ms)
✔ an escalation raised before the commitment began does not silence the capture gate (LOOP-119) (326.390019ms)
✔ the activation commit is inside the scope footprint (LOOP-120) (90.042369ms)
✔ a requirement Agreed at activation that is demoted or removed is a contract change (LOOP-121) (530.963366ms)
✔ the include files are the root files that hold @AGENTS.md: exempt from the footprint, compared by the gate (LOOP-122) (979.688273ms)
✔ a superseded promotion no longer satisfies the LOOP-088 check, and the repair says the promotion was reversed (LOOP-123) (435.16686ms)
✔ the restore route measures from the tree before activation, so a path the activation commit added must go (LOOP-120, LOOP-035) (167.825277ms)
✔ the loop works against exactly one commitment: the current one (LOOP-019) (365.392028ms)
✔ a promotion recorded below Consequential is a repair naming the level, since the developer never sees it in the queue (LOOP-088) (69.700404ms)
✔ every requirement the node-test declaration speaks for is named in a test title (PKG-025) (3.484841ms)
✔ every repository path the tests read is a declared input of node-test (PKG-026) (1.073674ms)
✔ writes a record with every required field and an empty realized-by (DEC-001, DEC-005) (80.381804ms)
✔ a Consequential decision is queued for review (DEC-013) (93.47069ms)
✔ a Consequential decision is queued even when .cairn/queue does not exist yet (83.143024ms)
✔ Routine is refused: routine decisions produce no record (66.645751ms)
✔ a missing field is a usage error and nothing is written (73.608671ms)
✔ supersedes requires a classified cause, and the old record must exist (163.290677ms)
✔ an existing record is not overwritten (111.38962ms)
✔ a queued decision stays queued; nothing but the developer removes it (DEC-014) (184.772887ms)
✔ each accepted decider is stored lowercase, whatever case it was typed in (DEC-020) (496.229701ms)
✔ a decider outside the vocabulary is a usage error naming all three, and nothing is written (DEC-020) (419.78867ms)
✔ an empty --decided-by is the missing-field error, not the vocabulary one (70.269478ms)
✔ LOOP-006, LOOP-067: missing inputs names a declaration repair before execution (160.344857ms)
✔ LOOP-006, LOOP-067: empty inputs names a declaration repair before execution (149.877753ms)
✔ LOOP-006, LOOP-067: missing command names a declaration repair before execution (133.798796ms)
✔ LOOP-006, LOOP-067: list command names a declaration repair before execution (136.119948ms)
✔ LOOP-006, LOOP-067: empty command names a declaration repair before execution (137.255108ms)
✔ LOOP-006, LOOP-067: missing requirements names a declaration repair before execution (148.893456ms)
✔ LOOP-006, LOOP-067: bad identifier names a declaration repair before execution (141.284672ms)
✔ LOOP-067: scalar one-item lists retain their existing meaning (298.595916ms)
✔ LOOP-068: a unpopulated gitlink is refused by name (176.022053ms)
✔ LOOP-068: a populated gitlink is refused by name (188.085344ms)
✔ LOOP-069: identical selections across 100 mechanisms use at most 20 Git processes (140.834515ms)
✔ --defect needs --from naming an Agreed requirement, and writes Defect: yes (LOOP-140) (234.158217ms)
✔ an unfixed defect is named fix before a promotable item, and counts as fixed only with passing evidence at or after its commit and no Agreed text changed (LOOP-087, LOOP-140) (1749.430676ms)
✔ escalate writes the six-line format followed by its facts, and wake presents it (LOOP-010, LOOP-026) (145.637358ms)
✔ a missing or multi-line field is refused with the field named, and nothing is written (LOOP-012) (130.388458ms)
✔ a Blocking escalation that fails the format is written anyway, naming the malformed field (LOOP-013) (143.37446ms)
✔ the loop stops for the developer only at Blocking: a recorded decision below it never yields Escalate, and the Blocking bypass must be spelled exactly (DEC-002) (282.424535ms)
✔ a second escalation while one is open is refused (LOOP-011) (121.515736ms)
✔ answer records the reply; wake no longer presents it; a second answer is refused (227.05671ms)
✔ answer to an unknown escalation is refused (69.185494ms)
✔ a stranger resumes from the file alone: question and answer are both in it (LOOP-014) (135.810508ms)
✔ a developer-shaped answer during the agent's turn is refused and writes nothing; the explanation is still accepted (LOOP-135) (583.565029ms)
✔ after an answer, the same concern can be escalated again under a new name (176.008587ms)
✔ an escalation exists when its file does, committed or not (LOOP-009) (67.031593ms)
✔ developer answers require one of the three forms and cannot inject fields (LOOP-048) (587.538001ms)
✔ ask, agent explanation, another ask, and ok stay ordered in one file (LOOP-049, LOOP-050, LOOP-014) (794.743742ms)
✔ fresh closed answers accompany only concerned requirements until new evidence (LOOP-051) (657.418146ms)
✔ a raised escalation carries no derivable status line, and an old record with one still parses (LOOP-028) (160.011953ms)
✔ LOOP-065: delete of output refuses Done and a new run recovers (1109.466253ms)
✔ LOOP-065: corrupt of output refuses Done and a new run recovers (1079.156015ms)
✔ LOOP-065: delete of stderr_output refuses Done and a new run recovers (1016.646872ms)
✔ LOOP-065: corrupt of stderr_output refuses Done and a new run recovers (865.340061ms)
✔ LOOP-065: a receipt without output needs a new check (448.257149ms)
✔ LOOP-065: a receipt without output_digest needs a new check (444.20497ms)
✔ LOOP-065: a receipt without stderr_output needs a new check (421.727674ms)
✔ LOOP-065: a receipt without stderr_digest needs a new check (397.479482ms)
✔ LOOP-065: legacy unverifiable output is rerun without rewriting history (686.602406ms)
✔ a fresh record names the kernel that wrote it (LOOP-023) (267.899282ms)
✔ LOOP-095: a record from another kernel is stale with the kernel named, and a new check restores Done (596.430611ms)
✔ LOOP-095: a record from no kernel is stale with the kernel named, and a new check restores Done (616.305409ms)
✔ LOOP-070: a later failure is latest even when the clock moves backward (844.651339ms)
✔ LOOP-070: receipt collisions at one clock instant retain execution order beyond nine suffixes (3159.271287ms)
✔ LOOP-070: imported branch receipts stale a later sequence until a new check incorporates them (1072.634551ms)
✔ LOOP-070, LOOP-098: legacy receipts need one ordered check, remain byte-for-byte unchanged, and precede the run receipt in the history (502.316476ms)
✔ LOOP-070: edit of a prior receipt requires fresh evidence (438.039376ms)
✔ LOOP-070: remove of a prior receipt requires fresh evidence (456.70986ms)
✔ LOOP-075: supporting evidence file README.md does not become a receipt (452.952159ms)
✔ LOOP-075: supporting evidence file notes.txt does not become a receipt (472.521609ms)
✔ LOOP-075: supporting evidence file support does not become a receipt (460.67957ms)
✔ LOOP-075: supporting evidence file .DS_Store does not become a receipt (443.358864ms)
✔ LOOP-075: a malformed result line (result=success) names a repair before execution (310.065847ms)
✔ LOOP-075: a malformed result line (sequence=NaN) names a repair before execution (331.172959ms)
✔ LOOP-075: a malformed result line (sequence=9007199254740992) names a repair before execution (328.574789ms)
✔ LOOP-075: a malformed result line (history_digest=wrong) names a repair before execution (322.697302ms)
✔ LOOP-075: a malformed result line (tokens) names a repair before execution (362.843246ms)
✔ LOOP-075: a receipt-shaped directory is a named repair instead of an EISDIR crash (254.710822ms)
✔ LOOP-070: an earlier escalation cannot cover three new attempts after clock rollback (933.257966ms)
✔ LOOP-070: an answer becomes old after a later check even if that check's timestamp is earlier (624.877729ms)
✔ LOOP-070: the newest answer wins between checks even when its clock timestamp is older (402.076527ms)
✔ LOOP-070: legacy escalation dates cover old receipts but not three newer sequenced runs (1300.651118ms)
✔ a PKG requirement the commitment does not name is declared, run, and gates Done (PKG-011) (1592.00312ms)
✔ a PKG requirement in a Draft spec is not folded in (433.895325ms)
✔ LOOP-076, LOOP-079: stale inputs identify the receipt and the check to run (625.581656ms)
✔ LOOP-077: names a content change using checked input identity (584.369903ms)
✔ LOOP-077: names a mode change using checked input identity (581.092519ms)
✔ LOOP-077: names a kind change using checked input identity (602.803547ms)
✔ LOOP-077: names a added change using checked input identity (587.630421ms)
✔ LOOP-077: names a removed change using checked input identity (529.174687ms)
✔ LOOP-077: names a link-target change using checked input identity (728.001099ms)
✔ LOOP-077: changed selection compares the old and new input sets (420.927514ms)
✔ LOOP-077: raw CRLF changes remain visible when Git-clean content agrees (417.529347ms)
✔ LOOP-077: detail output is sorted, bounded, and reports the omitted count (429.134143ms)
✔ LOOP-077: filenames cannot inject lines or terminal controls into explanations (384.812835ms)
✔ LOOP-077: receipts from one run share details and do not store source contents (280.107528ms)
✔ LOOP-078, LOOP-080: legacy optional detail limits explanation without changing standing (451.694819ms)
✔ LOOP-078, LOOP-080: invalid-field optional detail limits explanation without changing standing (430.231136ms)
✔ LOOP-078, LOOP-080: missing optional detail limits explanation without changing standing (451.454762ms)
✔ LOOP-078, LOOP-080: invalid-json optional detail limits explanation without changing standing (457.916266ms)
✔ LOOP-078, LOOP-080: mismatched optional detail limits explanation without changing standing (483.838701ms)
✔ LOOP-078, LOOP-080: duplicate optional detail limits explanation without changing standing (444.239263ms)
✔ LOOP-078, LOOP-080: unsafe-path optional detail limits explanation without changing standing (443.657174ms)
✔ LOOP-078, LOOP-080: directory optional detail limits explanation without changing standing (443.511848ms)
✔ LOOP-078, LOOP-080: symlink optional detail limits explanation without changing standing (428.86841ms)
✔ LOOP-078: unavailable old requirement text is not claimed as a proven change (354.9884ms)
✔ LOOP-076, LOOP-079: changed requirements identify evidence and retain review-before-check guidance (364.53419ms)
✔ LOOP-078: simultaneous input and output damage keep both reasons (387.741199ms)
✔ LOOP-080: deterministic freshness sequence seed=7 (8205.335415ms)
✔ LOOP-080: deterministic freshness sequence seed=42 (5650.134088ms)
✔ LOOP-080: deterministic freshness sequence seed=913 (5119.339198ms)
✔ LOOP-080: agreement changes, mechanism review, checks, and completion review retain priority (1124.32734ms)
✔ LOOP-080: imported receipt history demands a rerun without a false input explanation (1171.081833ms)
✔ LOOP-073: clean CRLF input completes under attributes (491.371933ms)
✔ LOOP-073: clean CRLF input completes under autocrlf (468.556334ms)
✔ LOOP-073: raw line-ending mutation during a run is rejected even when Git still sees the same content (220.549384ms)
✔ LOOP-073: execution evidence changes when clean conversion preserves committed identity (892.820572ms)
✔ LOOP-073: Git clean filters use Git's conversion while retaining raw evidence identity (514.246382ms)
✔ LOOP-073: failure of a required Git filter cannot record evidence (144.258067ms)
✔ LOOP-073: a clean filter moving HEAD during ending validation prevents evidence (395.061157ms)
✔ LOOP-073: canonical Git identities handle links without reading their targets (424.952501ms)
✔ LOOP-073: Git conversion keeps raw Unicode and control-character input paths (374.297191ms)
✔ LOOP-073: conversion and links work in a SHA-256 Git repository (378.367949ms)
✔ LOOP-074: historical specification filename "café.md" remains reviewable (364.133794ms)
✔ LOOP-074: historical specification filename "spec\ttab.md" remains reviewable (352.574737ms)
✔ LOOP-074: historical specification filename "spec\nline.md" remains reviewable (348.866757ms)
✔ help works outside a repository without running a command (PKG-017) (894.284417ms)
✔ help does not hide invalid options or consume literal arguments (172.880079ms)
✔ help lists the lint command (PKG-017) (51.59809ms)
✔ a working directory that no longer exists is named as the failure, and git is not blamed (PKG-041, PKG-022) (188.352836ms)
✔ the stop hook refuses a stop while wake says Resolvable, with the verdict as the reason (PKG-018) (186.138391ms)
✔ the stop hook allows a stop at Done, at Escalate, and outside a Cairn repository (PKG-018) (932.853621ms)
✔ the session-start hook links the command once and prints the verdict in a Cairn repository (PKG-019, PKG-014, PKG-005) (439.947883ms)
✔ the session-start hook prints no verdict outside a Cairn repository and leaves an existing link that resolves alone (PKG-019) (50.422999ms)
✔ a checkout under a path with a space links a command that resolves, and its stop hook still blocks (PKG-019, PKG-021) (328.534969ms)
✔ the hooks run the kernel the command link resolves to, so hook and agent share one referee (PKG-021) (955.979687ms)
✔ a dangling link is replaced and reported (PKG-019) (146.079241ms)
✔ errors exit 0 with one line on standard error and no stack trace (PKG-022) (185.286206ms)
✔ the hooks judge with the cairn on PATH, a wrapper included, and session-start names it (PKG-033) (913.966343ms)
✔ a link to a wrapper or file is kept; a dangling link or one to a directory is replaced (PKG-034) (359.265714ms)
✔ a project below the Git toplevel gets the verdict and the stop refusal (PKG-035) (267.257706ms)
✔ a kernel that prints no verdict is one stderr line: the stop is allowed and session-start prints no trace (PKG-036) (159.522094ms)
✔ a link that cannot be created is one stderr line, and the verdict still prints (PKG-019, PKG-022) (122.946289ms)
✔ with git absent the hooks say so in one line and block nothing (PKG-022) (70.000222ms)
✔ stop_hook_active true no longer lets a Resolvable stop through: the hook still refuses (PKG-018) (113.654673ms)
✔ receipts written by the project's own kernel are judged with it, not with a different cairn on PATH (PKG-033, PKG-021) (355.070359ms)
✔ the fourth stop on an unchanged verdict, commit and tree goes through with a message and a stop record; each refusal names cairn escalate (PKG-043, PKG-044) (422.584257ms)
✔ progress resets the count, a commit or an edited file alike, and each session counts on its own (PKG-043) (1139.481477ms)
✔ cairn lint runs the checker over docs/spec by default and over a named directory (PKG-028) (199.221394ms)
✔ cairn lint names a missing directory in one line, takes one argument, and reports a bad root (PKG-028) (201.083531ms)
✔ three megabytes are retained exactly once with matching digests (LOOP-041, LOOP-042) (329.401935ms)
✔ split stdout result lines survive a long non-result line; stderr is never a verdict (315.580385ms)
✔ signal termination is recorded and logs survive a clone (LOOP-043) (324.554525ms)
✔ working agreements and ignore changes are Cairn records inside the footprint (360.015095ms)
✔ a clean package passes (91.11261ms)
✔ PKG-001: a dependency, or a service manifest (150.338096ms)
✔ PKG-002: ignoring evidence or other durable state, by directory or by extension (138.914457ms)
✔ PKG-003: a command, a directory, or a record kind no decision names (226.330202ms)
✔ PKG-004: a kernel over 1900 lines, counting every file under bin/ as wc -l does; exactly 1900 passes (276.966491ms)
✔ PKG-006: a skill step naming a vendor's product, in either order, across a wrapped list item (PKG-027) (301.19836ms)
✔ PKG-008: a non-ASCII character in a tracked text file (67.722949ms)
✔ PKG-009: the kernel importing from tests (78.362089ms)
✔ PKG-012: a network call or a model client in the kernel, but not a vendor's name in text (302.808789ms)
✔ PKG-013: deferral language, but not in code, quotes, or a rule (501.687659ms)
✔ a tracked path deleted from the working tree is skipped, not a crash (74.403689ms)
✔ a sentence in a Formats section is not a record kind (82.124066ms)
✔ a record kind named by its path alone is checked (79.879901ms)
✔ PKG-002: a tracked in-progress record (67.394341ms)
✔ PKG-002: ignoring evidence alone is a finding (70.100371ms)
✔ PKG-003 reads the kernel's commands from its help output (PKG-023) (110.948332ms)
✔ the ASCII scan covers shipped files, not records under .cairn/ (PKG-024) (69.774315ms)
✔ a vendor-naming step wrapped across lines is matched (PKG-006, PKG-027) (79.844879ms)
✔ PKG-013 scans the README, the manual, and the walkthrough (PKG-032) (229.597458ms)
✔ the manifests, the listing and package.json agree on the name and version, and name paths the repository holds (PKG-037) (2.089481ms)
✔ the hooks file registers session-start and stop against the plugin's own hook.mjs through the plugin root variable (PKG-038) (0.266372ms)
✔ a Muse hook entry whose shared hook is missing prints one line and exits 0 (PKG-041, PKG-022) (80.258545ms)
✔ the registered commands print the verdict at session start, link the command into the plugin, and refuse a stop while wake says Resolvable (PKG-038, PKG-021) (346.96164ms)
✔ LOOP-071: decision body metadata does not resolve unbuilt work: "Superseded by: example" (602.108314ms)
✔ LOOP-071: decision body metadata does not resolve unbuilt work: "```text\nSuperseded by: example\n```" (566.646374ms)
✔ LOOP-071: decision body metadata does not resolve unbuilt work: "~~~text\nSuperseded by: example\n~~~" (581.974146ms)
✔ LOOP-071: a fenced realization example is not a resolving commit (566.619107ms)
✔ LOOP-071: a fenced commit inside the realization section is not built (582.293207ms)
✔ LOOP-071: ## Example cannot replace an open review finding (538.118669ms)
✔ LOOP-071: # Example cannot replace an open review finding (477.266613ms)
✔ LOOP-071: ### Example cannot replace an open review finding (477.995739ms)
✔ LOOP-071:   ## Example cannot replace an open review finding (440.890922ms)
✔ LOOP-071: Example paragraph. cannot replace an open review finding (438.419119ms)
✔ LOOP-071: Example
------- cannot replace an open review finding (411.401015ms)
✔ LOOP-071: fenced fields before a real review header are ignored (370.179611ms)
✔ LOOP-071: multiline decision --title cannot inject metadata (309.828665ms)
✔ LOOP-071: multiline decision --decided-by cannot inject metadata (289.988881ms)
✔ LOOP-071: multiline decision --rests-on cannot inject metadata (294.296716ms)
✔ LOOP-071: multiline decision --wrong-if cannot inject metadata (301.224947ms)
✔ LOOP-071: multiline decision --history cannot inject metadata (324.052949ms)
✔ LOOP-072: malformed Blocking concerns stay open: "R-001\nAnswer: ok" (84.89854ms)
✔ LOOP-072: malformed Blocking concerns stay open: "R-001\r\nAnswer: ok" (82.003873ms)
✔ LOOP-072: malformed Blocking concerns stay open: "R-001\rAnswer: ok" (79.914973ms)
✔ LOOP-072: malformed Blocking concerns stay open: "R-001 Answer: ok" (72.858693ms)
✔ LOOP-072: malformed Blocking concerns stay open: "R-001 Answer: ok" (80.82775ms)
✔ LOOP-072: ordinary malformed concerns are refused: "R-001\nR-002" (46.20233ms)
✔ LOOP-072: ordinary malformed concerns are refused: "R-001, prose" (42.319174ms)
✔ LOOP-072: ordinary malformed concerns are refused: " " (47.814011ms)
✔ LOOP-072: a Blocking escalation without concerns is still presented (79.722619ms)
✔ LOOP-072: carriage returns in a Blocking question do not create answer records (96.512312ms)
✔ LOOP-072: explanation separator 8232 cannot close an escalation (159.625588ms)
✔ LOOP-071: decision metadata refuses separator 8232 (289.065982ms)
✔ LOOP-072: explanation separator 8233 cannot close an escalation (182.21435ms)
✔ LOOP-071: decision metadata refuses separator 8233 (299.983935ms)
✔ Concerns, Rests on, and Promoted from written as lists read as the flat form (LOOP-124) (595.908696ms)
✔ an item named by filename, path, or backticked slug resolves like the slug (LOOP-125) (491.433669ms)
✔ an input that covers Cairn's own output is named as the repair, before and after a check (LOOP-126, LOOP-105) (597.231342ms)
✔ an unreadable record directory is a repair, not an error exit (LOOP-127) (69.623696ms)
✔ a title that slugifies to nothing is refused (LOOP-128) (128.057049ms)
✔ examined: [] is an empty list (LOOP-129, LOOP-108) (421.070856ms)
✔ below the Git toplevel the restore check compares root-relative paths (LOOP-130, LOOP-035) (366.853953ms)
✔ below the Git toplevel an uncommitted declared input is named from the project root (LOOP-132, LOOP-030) (213.081049ms)
✔ a value on the key line followed by list items is the first item, never dropped (LOOP-133) (549.737989ms)
✔ the footprint's walk reads Current: as the wake does: a fenced example below the real line, or a second line in history, never moves the start (LOOP-134, LOOP-035) (257.215711ms)
✔ an input spelled .. from a project below the Git toplevel covers the evidence directory (LOOP-126, LOOP-105) (76.331901ms)
✔ a Consequential record this commitment added needs its queue entry committed (LOOP-131, DEC-004) (455.974581ms)
✔ a mechanism that removes the check lock still gets its evidence, with no repair for the lock (LOOP-107) (207.006446ms)
✔ a staged rename reads as its two paths, never as a bare origin token (LOOP-030, LOOP-110) (117.824173ms)
✔ a Current: line inside a fenced example is neither a second Current: line nor the commitment, before or after the real line (LOOP-104) (186.008131ms)
✔ a Status: word is taken only from a line that carries one, never from wrapped prose after it (SPEC-018) (0.82936ms)
✔ the placeholder left above a resolving entry is a repair naming the file (DEC-021) (199.438295ms)
✔ the placeholder alone is a decision recorded and not yet built, unchanged (DEC-007) (67.847755ms)
✔ resolving entries with no placeholder are unchanged (DEC-006) (105.657692ms)
✔ a shallow clone that cannot resolve its entries is still told to fetch, not to edit (LOOP-113 keeps precedence) (103.806008ms)
✔ the placeholder quoted in a fenced example does not make a built record a repair (DEC-021) (109.666014ms)
✔ supersede takes the same decider vocabulary as decide (DEC-020) (89.704018ms)
✔ a superseded record is held to the same line: its placeholder above a resolving entry is a repair (DEC-021, DEC-010) (161.420957ms)
✔ realize() touches only the Realized by section; a body that quotes the placeholder keeps it (102.90561ms)
✔ an untracked file under a declared input is not a change under way; check still refuses beside it and names .gitignore (LOOP-110, LOOP-030) (190.631222ms)
✔ an unmatched input is refused before execution (LOOP-044) (164.904365ms)
✔ an indexed input deleted on disk asks for a commit (LOOP-045) (157.449146ms)
✔ wake and check require a Git working tree (LOOP-046) (115.984401ms)
✔ recovery removes only dead kernel run records and identifies a live owner (LOOP-054, LOOP-055) (324.778794ms)
✔ an agent action based behind a clean HEAD appears committed (LOOP-027) (185.610556ms)
✔ realization needs a real commit and a subject (DEC-006) (277.672905ms)
✔ 1500 binary inputs digest identically at the review commit in under a second (LOOP-024) (1375.692048ms)
✔ merged work is excluded but a later own commit is a breach (LOOP-047) (280.356075ms)
✔ exact Current tenure ignores prefix matches and earlier visits to the same slug (LOOP-035) (257.063541ms)
✔ a kernel run records its supervising PID (LOOP-054) (265.900109ms)
✔ a merged declared input still stales evidence (LOOP-047) (358.32646ms)
✔ wildcard and magic pathspecs select the same historical inputs (LOOP-024, LOOP-032) (1917.532279ms)
✔ historical selection retains deleted files and excludes new ones (LOOP-024, LOOP-035) (1160.219925ms)
✔ cairn --version prints the package.json version outside a repository, and help lists it (PKG-039) (157.101784ms)
✔ a release is one commit setting one version in the five files, with the changelog entry, tagged v<version> (PKG-040) (977.734025ms)
✔ the release script refuses a bad version, no increase, a dirty tree, a missing entry, a taken tag, a disagreeing file, and a loop not at Done, each in one line with nothing written (PKG-040) (1754.371945ms)
✔ a version file written as compact JSON is released, and nothing else in any version file changes (PKG-042) (1144.668071ms)
✔ with attribution forbidden, the release script refuses an unpushed commit carrying an AI attribution line (PKG-045) (512.814028ms)
✔ explicit reporting with no lines and exit 0 establishes no requirement verdicts (LOOP-061) (415.34701ms)
✔ explicit reporting with no lines and exit 1 establishes no requirement verdicts (LOOP-061) (375.444657ms)
✔ a reporter that cannot start keeps execution diagnostics without blaming requirements (LOOP-062) (257.281473ms)
✔ large output cannot kill a reporter or invent a requirement verdict (313.002025ms)
✔ explicit mode ignores cairn: R-999: pass (282.835388ms)
✔ explicit mode ignores cairn: R-001: unverified (306.247065ms)
✔ explicit mode ignores cairn: R-001: passed (280.737204ms)
✔ explicit results survive nonzero exit and contradictory duplicates still fail (606.010518ms)
✔ unverified results across changed inputs never become failed attempts (1338.024981ms)
✔ legacy exit 0 retains its interpretation (210.091173ms)
✔ legacy exit 1 retains its interpretation (189.852777ms)
✔ a misspelled reporting mode is refused before execution (115.722621ms)
✔ changed requirement blocks unchecked reruns and makes the completion review stale (LOOP-058, LOOP-059) (1641.519464ms)
✔ falsifier changes need review; separate rationale and other requirements do not change a receipt (1233.016094ms)
✔ legacy receipts recover requirement identity from their commit; unavailable history requires review (893.016323ms)
✔ check refuses uncommitted requirement text and mechanism review markers (742.963176ms)
✔ tightened response limit cannot reuse the old passing check (1281.862007ms)
✔ a declared input over 1 MiB agrees at a commit and in the tree (LOOP-060) (409.418262ms)
✔ a failed Git blob read cannot be hashed as an empty blob (340.183335ms)
✔ Git listings over 1 MiB include the last declared input (2166.340284ms)
✔ requirement identity excludes fenced examples and status dates (431.103253ms)
✔ DemonCoder REM-002 and Status in progress cannot silently satisfy the review gate (LOOP-086) (749.075915ms)
✔ valid open findings retain their behavior (470.681017ms)
✔ valid resolved findings retain their behavior (450.717125ms)
✔ valid empty findings retain their behavior (512.119758ms)
✔ valid mixed valid findings retain their behavior (494.879264ms)
✔ malformed finding "open:" requires repair (387.91546ms)
✔ malformed finding "resolved:   " requires repair (391.902449ms)
✔ malformed finding "Open: incorrect case" requires repair (356.851295ms)
✔ malformed finding "unknown: issue" requires repair (330.680767ms)
✔ malformed finding "\u001b[31mBAD: issue" requires repair (321.961343ms)
✔ the established explicit empty findings list remains valid (332.640325ms)
✔ a scalar findings value requires the supported list format (311.768423ms)
✔ check runs a mechanism when a requirement outside the commitment was revised, and asks for the review once a commitment includes it (LOOP-059) (906.478554ms)
✔ a Requirements: line written as a list is read like the flat form (LOOP-102) (120.771926ms)
✔ a subdirectory or a README in a record directory changes nothing (LOOP-103) (465.083816ms)
✔ two Current: lines are a roadmap repair (LOOP-104) (97.308249ms)
✔ a repeated identifier, an input under the evidence directory, and a missing cwd are refused by name (LOOP-105) (405.509767ms)
✔ a requirement whose evidence outlives its mechanism is named declare, not a regression or an escalation (LOOP-106) (984.157623ms)
✔ an unreadable record is a repair, not an error exit (LOOP-107) (75.946944ms)
✔ a review needs commit, a nonempty examined list, and a findings list, each named when missing (LOOP-108) (907.679122ms)
✔ a decision record missing a header field or naming a missing predecessor is a repair (LOOP-109) (283.464125ms)
✔ a dirty declared input with no in-progress record is named record ahead of run (LOOP-022, LOOP-110) (249.101421ms)
✔ with core.filemode false the index mode is the identity, so a mode-only difference does not refuse the check (LOOP-111) (217.156923ms)
✔ a project below the Git toplevel can run check (LOOP-112) (232.857979ms)
✔ a shallow clone names history to fetch, not a decision to build (LOOP-113) (142.587898ms)
✔ record-writing commands refuse to run outside a Cairn repository and write nothing (LOOP-118) (219.571688ms)
✔ a git that cannot start is one line and exit 3 from wake and from check, with nothing recorded (LOOP-137) (94.280716ms)
✔ an unexplained or uncommitted stop record is named explain before any other action; explained and committed, the wake moves on (LOOP-139) (267.568042ms)
✔ empty footprint names declaration before scope and records no evidence (LOOP-081) (526.021865ms)
✔ first declaration still checks the full earlier history (LOOP-081) (342.072048ms)
✔ an empty current footprint does not block an explicitly requested existing mechanism (LOOP-081) (295.917357ms)
✔ an inherited mechanism provides a footprint even before local mechanisms exist (222.156641ms)
✔ scope reports every path, escapes line breaks, and gives identical remedies (LOOP-082) (241.484505ms)
✔ scope verdict reuses the answered-escalation annotation (LOOP-048, LOOP-051, LOOP-083) (579.097466ms)
✔ a committed scope acknowledgment lets restored history proceed (LOOP-083) (721.576966ms)
✔ scope acknowledgment must be committed before it can clear a breach (619.710515ms)
✔ ordinary ok does not acknowledge scope history (287.362397ms)
✔ scope escalation refuses unrestored paths and names the restoration remedy (264.113497ms)
✔ an invalid scope request still records an explicitly Blocking decision (142.038261ms)
✔ ask and explanation stay open; only the final committed ok acknowledges scope (677.227689ms)
✔ instead is visible but does not silently authorize a scope exception (324.212953ms)
✔ later changes to an acknowledged path still block, including later reverts (1036.485351ms)
✔ approval cannot hide another path changed after the snapshot (335.284238ms)
✔ acknowledged history remains conditional on the paths staying restored (534.215896ms)
✔ editing the scope snapshot after answer invalidates its acknowledgment (292.182013ms)
✔ malformed scope metadata cannot suppress a breach (1368.780119ms)
✔ damaged acknowledgment fields cannot suppress a breach (551.159231ms)
✔ scope path matching is literal, including wildcard filenames and control characters (510.53026ms)
✔ scope acknowledgment does not carry into another activation of the same slug (301.002256ms)
✔ restoration checks additions, deletions, executable modes, and symlink kinds (1445.705985ms)
✔ explicit committed retention keeps correct work and requires new evidence and review (LOOP-084, LOOP-085) (1981.998001ms)
✔ a missing declaration covers correct earlier work without retention or revert (499.289306ms)
✔ keep requires scope and an unchanged committed candidate (145.034394ms)
✔ uncommitted retention and instead answers cannot clear the incident (989.561073ms)
✔ retention does not grant future edits, even when reverted to the approved tree (1183.66569ms)
✔ retention cannot cover another path or another activation (535.790987ms)
✔ imported changes must still match the retained tree (560.17719ms)
✔ retention handles additions, deletions, modes, symlinks, and literal filenames (1793.915363ms)
✔ retention cannot convert an existing restoration answer or accept an unknown mode (386.979191ms)
✔ a check failure after retention remains a failure (663.72068ms)
✔ retained paths stay part of the stable checked candidate without extending its footprint (542.257617ms)
✔ retention ask needs an explanation and final committed approval (519.301533ms)
✔ an unknown scope mode remains invalid even with a matching approval digest (283.478172ms)
✔ backlog writes the item; a second with the same title is refused, never overwritten (LOOP-016) (116.454943ms)
✔ a commit inside the footprint: check runs; outside it: check names the path and does not run (LOOP-015, LOOP-035) (550.880148ms)
✔ Cairn's records are never a breach; another file under docs/ is (LOOP-117) (568.303684ms)
✔ declaring the path as an input clears the breach (268.006076ms)
✔ a revert preserves the record of an out-of-scope commit (LOOP-047) (296.918865ms)
✔ a commitment naming a requirement the spec set does not hold as Agreed is repaired (LOOP-029) (75.494534ms)
✔ a requirement in a Draft spec file is not Agreed (86.448118ms)
✔ working agreements and the ignore file are Cairn records (LOOP-035, LOOP-036) (459.358962ms)
✔ the over-asking rule is gone from both skills (SPEC-005, SPEC-006, SPEC-007) (1.765306ms)
✔ a decision during the phase is recorded (DEC-003) (0.161161ms)
✔ understanding is restated before writing (SPEC-003) (0.135141ms)
✔ falsifiers are proposed as one set and confirmed by exception (SPEC-004) (0.337558ms)
✔ depth is inferred and domains derived, never asked or imposed (SPEC-008, SPEC-009) (0.147471ms)
✔ a term enters the glossary at first occurrence (SPEC-010) (0.103732ms)
✔ the phase ends at the first commitment, and later ones are specified during the loop (SPEC-011, SPEC-012) (0.117544ms)
✔ a requirement goes Agreed only with a nameable mechanism (SPEC-013) (0.134858ms)
✔ review before agreement, recording what it attacked (SPEC-014, SPEC-015) (0.747521ms)
✔ no spec file without requirements; nothing Agreed without a falsifier (SPEC-001, SPEC-002) (0.19772ms)
✔ Observed is marked, and is not contract (SPEC-016, SPEC-017) (0.142607ms)
✔ the skills exclude artifacts outside Cairn's workflow (0.17126ms)
✔ the working agreement names the agent's move for each verdict and the write-ahead record (LOOP-036) (0.318216ms)
✔ the working agreement names the developer's moves (LOOP-036, DEC-014) (0.102138ms)
✔ this repository runs by the file it ships (0.4004ms)
✔ both skills write the working agreement without naming a vendor's file (LOOP-002, LOOP-036, PKG-006) (0.138981ms)
✔ the working agreement says what an attempt is (LOOP-036, DEC-017, DEC-018) (0.083598ms)
✔ the working agreement says a failure no footprint change can address is an escalation, and where an inherited requirement is repaired (DEC-019, LOOP-057) (0.101582ms)
✔ the working agreement states the promote, next-iteration, and no-deferral moves (LOOP-029, LOOP-087, LOOP-091, LOOP-092) (0.1032ms)
✔ both skills sort captures into the backlog or next-iteration and forbid deferral (LOOP-029, LOOP-092, LOOP-093) (0.083581ms)
✔ the skill requires a falsifier on every requirement, a MAY included (SPEC-025) (0.085651ms)
✔ the working agreement names the hooks as optional and the install skill registers them for two harnesses (PKG-006, PKG-018, PKG-019) (0.236601ms)
✔ the working agreement says the kernel is upgraded at Done, never inside a commitment (LOOP-096) (0.079841ms)
✔ the next-iteration skill starts from the specification and ends by naming the next commitment (SPEC-026, SPEC-027) (0.259248ms)
✔ every document that names the project skills names next-iteration beside them (SPEC-026, PKG-014) (2.574131ms)
✔ the working agreement states a move for every action the kernel can name (LOOP-101) (1.930085ms)
✔ the working agreement states both record formats and the two flags the moves need (LOOP-036) (0.155315ms)
✔ the skills demonstrate a safe violating example and preserve recon findings (SPEC-022, SPEC-023) (0.077729ms)
✔ the specification skills run the checker through the cairn command (PKG-029) (0.236534ms)
✔ the README invokes the phase skills by name and states versions and platforms (PKG-030, PKG-031) (0.338895ms)
✔ the manual and the walkthrough say the loop promotes backlog items at Done (0.708861ms)
✔ the working agreement says a report is not work under way, its findings are captured, and it is committed with them (LOOP-138) (0.096766ms)
✔ a two-obligation sentence is named (PKG-007) (40.12095ms)
✔ an obligation with no actor is named (PKG-010) (40.032745ms)
✔ a leading condition clause is not the actor, and the actor after it counts (45.677355ms)
✔ an Agreed requirement with no falsifier is named (SPEC-002); a Draft one is not (68.741872ms)
✔ prose after a Draft requirement with no falsifier is not scanned as requirement text (39.618091ms)
✔ a spec declaring a prefix with no requirement is named (SPEC-001) (34.946324ms)
✔ a keyword in backticks or quotes is a mention, not an obligation (42.12073ms)
✔ duplicate identifiers are rejected within a file and across files (SPEC-020) (83.379697ms)
✔ references resolve across files; missing references name their source (SPEC-021) (73.131609ms)
✔ code examples and quoted mentions are neither definitions nor references (35.886385ms)
✔ machine-local paths are findings in prose, links, quotes, and examples (SPEC-019) (390.389468ms)
✔ relative paths, URLs, slash commands, and character mentions are not absolute path findings (43.684564ms)
✔ a slash after a placeholder continues the template (SPEC-019) (89.563334ms)
✔ a host path is a finding until the file declares it (SPEC-019, SPEC-024) (76.276015ms)
✔ declared host paths cover children with a slash boundary and stay file-local (122.877463ms)
✔ a host-path declaration inside a requirement or example grants no exception (126.3667ms)
✔ host-path declarations require absolute or home-relative entries (190.434577ms)
✔ an Agreed block whose only keyword is MAY needs a falsifier like any other (SPEC-025, SPEC-002) (83.817783ms)
✔ a regex literal is not a path, a drive path and a file URL are, and a skill's slash name is allowed (SPEC-028, SPEC-029) (75.336903ms)
✔ a backticked or quoted actor still counts as one (PKG-010) (40.818536ms)
✔ supersede writes both lines, and the old record keeps every word it had (DEC-008, DEC-010) (74.749491ms)
✔ supersede without a cause, or with one outside the four, is refused (DEC-009) (127.032834ms)
✔ supersede of a record that does not exist is refused (76.857769ms)
✔ a predecessor with no title line cannot be stamped, so nothing is written (68.404858ms)
✔ a --supersedes argument outside the slug alphabet is refused, and a path never reaches the filesystem (DEC-022) (239.878857ms)
✔ a record already superseded cannot be superseded again: one Superseded by line per record (DEC-022, DEC-010) (181.533541ms)
✔ reversals reports counts by decider, cause, and domain (DEC-011) (181.302589ms)
✔ decide in a domain with a reversal is refused without --history, naming the reversal; with it, the record carries History (DEC-012) (191.156831ms)
✔ decide in a domain with no reversals needs no --history (128.229584ms)
✔ a record resting on prose alone is in the domain unspecified, and so is the next one (131.662202ms)
✔ the decider tally normalizes case and whitespace, and names a value outside the vocabulary (DEC-020, DEC-011) (64.66618ms)
✔ a record with no Decided by line is tallied as unrecorded, not as a vocabulary value (80.561382ms)
✔ Decided by written as a list tallies like the flat form, and does not crash the report (LOOP-124, DEC-020) (64.957057ms)
✔ a second declaration for one requirement is accepted, a named check runs every mechanism, and Done needs each to pass (LOOP-056, LOOP-099) (1838.215259ms)
✔ one mechanism's stale evidence names that mechanism, and --stale runs only it (LOOP-056, LOOP-094) (694.155514ms)
✔ attempts are counted within one mechanism's records, so the other's passes do not reset them (LOOP-100, DEC-016) (1268.298461ms)
✔ step 1: an in-progress record is reconciled before anything else (103.467287ms)
✔ step 2: an open escalation is presented and nothing else happens (70.671754ms)
✔ an answered escalation is not open (456.880558ms)
✔ step 3: a decision with no realized-by is built, first by name (DEC-007) (104.501277ms)
✔ a superseded decision with no realized-by is not work (120.482267ms)
✔ step 6: a mechanism that has never run is run, not implemented (LOOP-008) (122.84092ms)
✔ step 6: a requirement whose mechanism fails is implemented (469.987845ms)
✔ step 6 before step 7: failing evidence outranks a missing mechanism (309.95745ms)
✔ step 7: a requirement with no mechanism is declared (LOOP-106) (70.884673ms)
✔ every verdict names who acts: Resolvable is the agent's, Done needs nobody, Escalate waits for the developer (LOOP-004) (505.408966ms)
✔ malformed roadmap is Resolvable, not fatal (LOOP-005) (59.885348ms)
✔ a commitment naming no requirements is Resolvable (LOOP-018) (57.913189ms)
✔ the primary test: two wakes on the same checkout give the same action, before and after a persisted transition (LOOP-001, LOOP-003) (491.710487ms)
✔ outside a cairn repository wake cannot run (38.11771ms)
✔ the loop never waits on the review queue (DEC-015) (297.838247ms)
✔ twenty built records cost one git call to resolve, not twenty (DEC-023) (178.655589ms)
✔ an ambiguous Realized by identifier is the repair that says lengthen it, not a build (LOOP-113, DEC-023) (177.398189ms)
✔ the linked walkthrough runs from agreement through the next commitment (PKG-016) (1268.917092ms)
ℹ tests 501
ℹ suites 0
ℹ pass 501
ℹ fail 0
ℹ cancelled 0
ℹ skipped 0
ℹ todo 0
ℹ duration_ms 21362.127591
