✔ a Draft block overrides an Agreed file for both wake and check (SPEC-018) (244.015342ms)
✔ an Agreed block overrides a Draft file in the kernel and lint (SPEC-018, SPEC-002) (681.699409ms)
✔ a block Status does not become the file default, including inside examples (SPEC-018) (414.469089ms)
✔ block status without a value does not inherit Agreed by accident (SPEC-018) (97.336267ms)
✔ inheritance needs a file Scope and includes only Agreed blocks, regardless of prefix (PKG-015) (2312.971986ms)
✔ Scope inside a requirement or fenced example does not declare inheritance (PKG-015) (1027.544716ms)
✔ a falsifier wrapped onto a line beginning with Status: does not become the block's status (SPEC-018) (1.532407ms)
✔ LOOP-063: reject input mutation during a check and retain diagnostics (403.115269ms)
✔ LOOP-063: reject deletion mutation during a check and retain diagnostics (497.575282ms)
✔ LOOP-063: reject addition mutation during a check and retain diagnostics (476.065626ms)
✔ LOOP-063: reject mode mutation during a check and retain diagnostics (465.883082ms)
✔ LOOP-063: reject specification mutation during a check and retain diagnostics (456.425829ms)
✔ LOOP-063: reject declaration mutation during a check and retain diagnostics (471.603805ms)
✔ LOOP-063: reject commit mutation during a check and retain diagnostics (462.190486ms)
✔ LOOP-063: committed input mutation during execution cannot certify the replacement (732.792234ms)
✔ LOOP-064: removing executable permission makes passing evidence stale (693.193262ms)
✔ LOOP-064: a mode-only change also invalidates the previous review after new evidence (969.779455ms)
✔ LOOP-064: changing a regular file into a link with identical identity bytes is stale (980.448853ms)
✔ LOOP-063: an unchanged candidate still records a pass despite unrelated working-tree edits (245.367928ms)
✔ LOOP-064: current and historical input ordering agrees for Unicode filenames (319.402203ms)
✔ LOOP-063: Git status hiding content changes cannot certify an uncommitted candidate (134.680064ms)
✔ LOOP-066: one check owns execution with a kernel action record (509.961847ms)
✔ LOOP-066: one check owns execution with an agent action record (492.738777ms)
✔ LOOP-066: a live lock is named and never silently overwritten (164.217323ms)
✔ LOOP-066: a dead lock is named and never silently overwritten (172.621439ms)
✔ LOOP-066: a incomplete lock is named and never silently overwritten (161.358682ms)
✔ LOOP-066: an execution error releases the check lock for a corrected rerun (591.799075ms)
✔ LOOP-066: a live kernel action from an older Cairn also blocks execution (106.915025ms)
✔ LOOP-066: separate Git worktrees can run checks independently (621.238362ms)
✔ after a green check --stale runs nothing; after one input changes it runs only that mechanism (LOOP-094) (1146.30556ms)
✔ a mechanism speaking for two stale requirements runs once and refreshes both (LOOP-094, LOOP-040) (801.823977ms)
✔ a fresh failure and an unverified result are skipped with implement named (LOOP-094) (767.977789ms)
✔ --stale with a requirement identifier is refused (LOOP-094) (87.335167ms)
✔ check --stale holds back a mechanism whose requirement has three attempts and no escalation, names it, and records nothing (LOOP-094, DEC-016) (2645.00775ms)
✔ check refuses a dirty declared input and names it; a dirty undeclared file does not block (LOOP-030) (479.036452ms)
✔ check writes one receipt per run carrying the full record and a result line per requirement (LOOP-097) (432.045266ms)
✔ a nonzero exit records fail, and the receipt keeps the exit code (LOOP-034) (540.596486ms)
✔ a pass after a fail keeps the failing record; nothing is overwritten or deleted (LOOP-025) (804.832831ms)
✔ a commit changing a declared input makes evidence stale; an undeclared one does not (LOOP-007) (989.152649ms)
✔ a regression is named before a requirement that never passed (LOOP-031) (1472.390874ms)
✔ three attempts with no escalation since: wake says escalate, not a fourth (DEC-016, DEC-017, DEC-018) (2559.149857ms)
✔ the review gate: no review, stale review, open finding, then Done (LOOP-020, LOOP-033) (937.743062ms)
✔ Done is refused while any requirement lacks current passing evidence (LOOP-017) (94.549927ms)
✔ check names a requested requirement that no mechanism claims (86.59865ms)
✔ check writes the in-progress record before the run and clears it after (LOOP-021) (208.833648ms)
✔ a linked declared input digests the same at a commit and in the tree (LOOP-023, LOOP-024) (413.137455ms)
✔ a result line is the mechanism's statement about one requirement; what it did not mention is unverified (LOOP-037, LOOP-052) (204.796949ms)
✔ a mechanism that says nothing is read by its exit code for every requirement (LOOP-039) (203.148983ms)
✔ unverified is not an attempt, and a return to an earlier failed digest counts once (DEC-017, DEC-018) (1658.601779ms)
✔ a result line for a requirement the mechanism does not speak for is named and writes nothing (LOOP-038) (193.247454ms)
✔ a result line inside ordinary output, or without the marker, does not count (170.048098ms)
✔ a targeted check runs the named requirements' mechanisms and records every requirement they speak for (LOOP-040) (166.003027ms)
✔ two result lines for one requirement: a fail on any line wins (181.099595ms)
✔ three runs at one digest with no attempt since: the verdict stays implement and names DEC-019; an escalation naming it among others clears the hint (DEC-019, LOOP-053) (924.798037ms)
✔ a receipt names its commit in full, and an older receipt with the short form is still read (LOOP-136) (267.24902ms)
✔ a complete commitment with an unpromoted backlog item names promote, and a stamped item lets it reach Done (LOOP-087) (1109.036845ms)
✔ an empty backlog with waiting next-iteration items is Done, with the count as information and no action on them (LOOP-091) (903.330847ms)
✔ a promotion marker must resolve to a decision record (LOOP-088) (318.901642ms)
✔ a commitment promoted from an item needs a decision record naming the item (LOOP-088) (379.678551ms)
✔ the spec lint reports a promotion marker with no decision record (LOOP-088) (90.797084ms)
✔ a promoted commitment that changes an Agreed requirement or the working agreement is an escalation; an unpromoted one is not (LOOP-089, LOOP-090) (2179.947992ms)
✔ a capture from one of the commitment's own requirements needs Outside because: or an escalation (LOOP-092) (1831.177817ms)
✔ a next-iteration item names what it would change, and the capture refuses one that does not (LOOP-093) (450.487044ms)
✔ a commitment specified from a next-iteration item needs the item stamped before anything else (SPEC-027) (474.686137ms)
✔ a by deference marker resolves to a decision record like a promotion marker (SPEC-002, LOOP-088) (196.214617ms)
✔ the LOOP-090 gate reads the Concerns line, not the slug as a substring (LOOP-114) (570.8531ms)
✔ the LOOP-088 check reads the Promotes line, and decide --promotes writes it (LOOP-115) (259.211465ms)
✔ the activation commit of a promoted commitment is inside the LOOP-089 comparison (LOOP-116) (137.172287ms)
✔ the LOOP-090 route needs one escalation: its Concerns line covers the moved item too (LOOP-119, LOOP-092, LOOP-114) (677.173274ms)
✔ an escalation raised before the promoted commitment began does not silence the LOOP-090 gate (LOOP-114) (326.924998ms)
✔ an escalation raised before the commitment began does not silence the capture gate (LOOP-119) (317.203729ms)
✔ the activation commit is inside the scope footprint (LOOP-120) (102.6548ms)
✔ a requirement Agreed at activation that is demoted or removed is a contract change (LOOP-121) (568.012974ms)
✔ the include files are the root files that hold @AGENTS.md: exempt from the footprint, compared by the gate (LOOP-122) (1088.725475ms)
✔ a superseded promotion no longer satisfies the LOOP-088 check, and the repair says the promotion was reversed (LOOP-123) (467.058708ms)
✔ the restore route measures from the tree before activation, so a path the activation commit added must go (LOOP-120, LOOP-035) (173.064649ms)
✔ the loop works against exactly one commitment: the current one (LOOP-019) (386.349873ms)
✔ a promotion recorded below Consequential is a repair naming the level, since the developer never sees it in the queue (LOOP-088) (77.281072ms)
✔ every requirement the node-test declaration speaks for is named in a test title (PKG-025) (3.128825ms)
✔ every repository path the tests read is a declared input of node-test (PKG-026) (1.034079ms)
✔ writes a record with every required field and an empty realized-by (DEC-001, DEC-005) (93.553736ms)
✔ a Consequential decision is queued for review (DEC-013) (95.401542ms)
✔ a Consequential decision is queued even when .cairn/queue does not exist yet (128.768315ms)
✔ Routine is refused: routine decisions produce no record (86.529821ms)
✔ a missing field is a usage error and nothing is written (77.307912ms)
✔ supersedes requires a classified cause, and the old record must exist (212.010894ms)
✔ an existing record is not overwritten (143.967407ms)
✔ a queued decision stays queued; nothing but the developer removes it (DEC-014) (209.432098ms)
✔ each accepted decider is stored lowercase, whatever case it was typed in (DEC-020) (645.166664ms)
✔ a decider outside the vocabulary is a usage error naming all three, and nothing is written (DEC-020) (575.065273ms)
✔ an empty --decided-by is the missing-field error, not the vocabulary one (84.882335ms)
✔ LOOP-006, LOOP-067: missing inputs names a declaration repair before execution (175.100668ms)
✔ LOOP-006, LOOP-067: empty inputs names a declaration repair before execution (220.254585ms)
✔ LOOP-006, LOOP-067: missing command names a declaration repair before execution (178.088159ms)
✔ LOOP-006, LOOP-067: list command names a declaration repair before execution (180.256744ms)
✔ LOOP-006, LOOP-067: empty command names a declaration repair before execution (187.267574ms)
✔ LOOP-006, LOOP-067: missing requirements names a declaration repair before execution (195.99461ms)
✔ LOOP-006, LOOP-067: bad identifier names a declaration repair before execution (146.610251ms)
✔ LOOP-067: scalar one-item lists retain their existing meaning (360.590399ms)
✔ LOOP-068: a unpopulated gitlink is refused by name (194.952648ms)
✔ LOOP-068: a populated gitlink is refused by name (291.362142ms)
✔ LOOP-069: identical selections across 100 mechanisms use at most 20 Git processes (227.715581ms)
✔ escalate writes the six-line format followed by its facts, and wake presents it (LOOP-010, LOOP-026) (135.723724ms)
✔ a missing or multi-line field is refused with the field named, and nothing is written (LOOP-012) (157.752075ms)
✔ a Blocking escalation that fails the format is written anyway, naming the malformed field (LOOP-013) (168.620715ms)
✔ the loop stops for the developer only at Blocking: a recorded decision below it never yields Escalate, and the Blocking bypass must be spelled exactly (DEC-002) (374.517374ms)
✔ a second escalation while one is open is refused (LOOP-011) (238.084612ms)
✔ answer records the reply; wake no longer presents it; a second answer is refused (390.747054ms)
✔ answer to an unknown escalation is refused (96.583073ms)
✔ a stranger resumes from the file alone: question and answer are both in it (LOOP-014) (147.547306ms)
✔ a developer-shaped answer during the agent's turn is refused and writes nothing; the explanation is still accepted (LOOP-135) (833.057979ms)
✔ after an answer, the same concern can be escalated again under a new name (196.799348ms)
✔ an escalation exists when its file does, committed or not (LOOP-009) (85.223358ms)
✔ developer answers require one of the three forms and cannot inject fields (LOOP-048) (864.865566ms)
✔ ask, agent explanation, another ask, and ok stay ordered in one file (LOOP-049, LOOP-050, LOOP-014) (1012.555949ms)
✔ fresh closed answers accompany only concerned requirements until new evidence (LOOP-051) (832.915063ms)
✔ a raised escalation carries no derivable status line, and an old record with one still parses (LOOP-028) (169.624619ms)
✔ LOOP-065: delete of output refuses Done and a new run recovers (1462.028488ms)
✔ LOOP-065: corrupt of output refuses Done and a new run recovers (1352.856401ms)
✔ LOOP-065: delete of stderr_output refuses Done and a new run recovers (1542.232833ms)
✔ LOOP-065: corrupt of stderr_output refuses Done and a new run recovers (1211.032489ms)
✔ LOOP-065: a receipt without output needs a new check (556.55072ms)
✔ LOOP-065: a receipt without output_digest needs a new check (519.104284ms)
✔ LOOP-065: a receipt without stderr_output needs a new check (472.892032ms)
✔ LOOP-065: a receipt without stderr_digest needs a new check (405.757718ms)
✔ LOOP-065: legacy unverifiable output is rerun without rewriting history (693.126041ms)
✔ a fresh record names the kernel that wrote it (LOOP-023) (310.104986ms)
✔ LOOP-095: a record from another kernel is stale with the kernel named, and a new check restores Done (712.091692ms)
✔ LOOP-095: a record from no kernel is stale with the kernel named, and a new check restores Done (769.334238ms)
✔ LOOP-070: a later failure is latest even when the clock moves backward (1196.006872ms)
✔ LOOP-070: receipt collisions at one clock instant retain execution order beyond nine suffixes (4651.086072ms)
✔ LOOP-070: imported branch receipts stale a later sequence until a new check incorporates them (1267.284023ms)
✔ LOOP-070, LOOP-098: legacy receipts need one ordered check, remain byte-for-byte unchanged, and precede the run receipt in the history (502.10788ms)
✔ LOOP-070: edit of a prior receipt requires fresh evidence (449.617334ms)
✔ LOOP-070: remove of a prior receipt requires fresh evidence (473.948203ms)
✔ LOOP-075: supporting evidence file README.md does not become a receipt (529.385387ms)
✔ LOOP-075: supporting evidence file notes.txt does not become a receipt (519.078602ms)
✔ LOOP-075: supporting evidence file support does not become a receipt (516.448757ms)
✔ LOOP-075: supporting evidence file .DS_Store does not become a receipt (527.533445ms)
✔ LOOP-075: a malformed result line (result=success) names a repair before execution (335.07363ms)
✔ LOOP-075: a malformed result line (sequence=NaN) names a repair before execution (351.429107ms)
✔ LOOP-075: a malformed result line (sequence=9007199254740992) names a repair before execution (321.292549ms)
✔ LOOP-075: a malformed result line (history_digest=wrong) names a repair before execution (332.355195ms)
✔ LOOP-075: a malformed result line (tokens) names a repair before execution (343.909835ms)
✔ LOOP-075: a receipt-shaped directory is a named repair instead of an EISDIR crash (285.585198ms)
✔ LOOP-070: an earlier escalation cannot cover three new attempts after clock rollback (972.952298ms)
✔ LOOP-070: an answer becomes old after a later check even if that check's timestamp is earlier (666.33063ms)
✔ LOOP-070: the newest answer wins between checks even when its clock timestamp is older (405.009974ms)
✔ LOOP-070: legacy escalation dates cover old receipts but not three newer sequenced runs (1394.997888ms)
✔ a PKG requirement the commitment does not name is declared, run, and gates Done (PKG-011) (2146.934616ms)
✔ a PKG requirement in a Draft spec is not folded in (640.854863ms)
✔ LOOP-076, LOOP-079: stale inputs identify the receipt and the check to run (799.762315ms)
✔ LOOP-077: names a content change using checked input identity (711.783328ms)
✔ LOOP-077: names a mode change using checked input identity (708.966883ms)
✔ LOOP-077: names a kind change using checked input identity (736.867074ms)
✔ LOOP-077: names a added change using checked input identity (1051.192561ms)
✔ LOOP-077: names a removed change using checked input identity (671.329523ms)
✔ LOOP-077: names a link-target change using checked input identity (972.004424ms)
✔ LOOP-077: changed selection compares the old and new input sets (532.379313ms)
✔ LOOP-077: raw CRLF changes remain visible when Git-clean content agrees (496.5632ms)
✔ LOOP-077: detail output is sorted, bounded, and reports the omitted count (483.674062ms)
✔ LOOP-077: filenames cannot inject lines or terminal controls into explanations (392.71179ms)
✔ LOOP-077: receipts from one run share details and do not store source contents (286.648777ms)
✔ LOOP-078, LOOP-080: legacy optional detail limits explanation without changing standing (505.412403ms)
✔ LOOP-078, LOOP-080: invalid-field optional detail limits explanation without changing standing (518.514299ms)
✔ LOOP-078, LOOP-080: missing optional detail limits explanation without changing standing (541.692598ms)
✔ LOOP-078, LOOP-080: invalid-json optional detail limits explanation without changing standing (518.612593ms)
✔ LOOP-078, LOOP-080: mismatched optional detail limits explanation without changing standing (510.520743ms)
✔ LOOP-078, LOOP-080: duplicate optional detail limits explanation without changing standing (491.530697ms)
✔ LOOP-078, LOOP-080: unsafe-path optional detail limits explanation without changing standing (469.13425ms)
✔ LOOP-078, LOOP-080: directory optional detail limits explanation without changing standing (460.591019ms)
✔ LOOP-078, LOOP-080: symlink optional detail limits explanation without changing standing (496.688584ms)
✔ LOOP-078: unavailable old requirement text is not claimed as a proven change (395.283303ms)
✔ LOOP-076, LOOP-079: changed requirements identify evidence and retain review-before-check guidance (370.052635ms)
✔ LOOP-078: simultaneous input and output damage keep both reasons (393.210908ms)
✔ LOOP-080: deterministic freshness sequence seed=7 (10159.878419ms)
✔ LOOP-080: deterministic freshness sequence seed=42 (6019.859962ms)
✔ LOOP-080: deterministic freshness sequence seed=913 (6189.693718ms)
✔ LOOP-080: agreement changes, mechanism review, checks, and completion review retain priority (1822.691417ms)
✔ LOOP-080: imported receipt history demands a rerun without a false input explanation (1414.455343ms)
✔ LOOP-073: clean CRLF input completes under attributes (670.668803ms)
✔ LOOP-073: clean CRLF input completes under autocrlf (670.857949ms)
✔ LOOP-073: raw line-ending mutation during a run is rejected even when Git still sees the same content (257.765178ms)
✔ LOOP-073: execution evidence changes when clean conversion preserves committed identity (1189.929703ms)
✔ LOOP-073: Git clean filters use Git's conversion while retaining raw evidence identity (859.642015ms)
✔ LOOP-073: failure of a required Git filter cannot record evidence (173.224086ms)
✔ LOOP-073: a clean filter moving HEAD during ending validation prevents evidence (782.456478ms)
✔ LOOP-073: canonical Git identities handle links without reading their targets (559.86757ms)
✔ LOOP-073: Git conversion keeps raw Unicode and control-character input paths (511.149433ms)
✔ LOOP-073: conversion and links work in a SHA-256 Git repository (476.612796ms)
✔ LOOP-074: historical specification filename "café.md" remains reviewable (407.220837ms)
✔ LOOP-074: historical specification filename "spec\ttab.md" remains reviewable (405.666381ms)
✔ LOOP-074: historical specification filename "spec\nline.md" remains reviewable (354.292884ms)
✔ help works outside a repository without running a command (PKG-017) (1176.089166ms)
✔ help does not hide invalid options or consume literal arguments (214.11273ms)
✔ help lists the lint command (PKG-017) (48.849875ms)
✔ a working directory that no longer exists is named as the failure, and git is not blamed (PKG-041, PKG-022) (172.516553ms)
✔ the stop hook refuses a stop while wake says Resolvable, with the verdict as the reason (PKG-018) (192.186949ms)
✔ the stop hook allows a stop at Done, at Escalate, and outside a Cairn repository (PKG-018) (1280.244397ms)
✔ the session-start hook links the command once and prints the verdict in a Cairn repository (PKG-019, PKG-014, PKG-005) (575.511499ms)
✔ the session-start hook prints no verdict outside a Cairn repository and leaves an existing link that resolves alone (PKG-019) (94.023481ms)
✔ a checkout under a path with a space links a command that resolves, and its stop hook still blocks (PKG-019, PKG-021) (363.890026ms)
✔ the hooks run the kernel the command link resolves to, so hook and agent share one referee (PKG-021) (1417.422796ms)
✔ a dangling link is replaced and reported (PKG-019) (197.746297ms)
✔ errors exit 0 with one line on standard error and no stack trace (PKG-022) (187.294096ms)
✔ the hooks judge with the cairn on PATH, a wrapper included, and session-start names it (PKG-033) (1201.528383ms)
✔ a link to a wrapper or file is kept; a dangling link or one to a directory is replaced (PKG-034) (446.336591ms)
✔ a project below the Git toplevel gets the verdict and the stop refusal (PKG-035) (306.287195ms)
✔ a kernel that prints no verdict is one stderr line: the stop is allowed and session-start prints no trace (PKG-036) (172.051912ms)
✔ a link that cannot be created is one stderr line, and the verdict still prints (PKG-019, PKG-022) (137.113215ms)
✔ with git absent the hooks say so in one line and block nothing (PKG-022) (90.355882ms)
✔ the stop hook gives way once it has refused: stop_hook_active true prints the verdict and returns no block decision (PKG-018) (124.156324ms)
✔ cairn lint runs the checker over docs/spec by default and over a named directory (PKG-028) (229.922356ms)
✔ cairn lint names a missing directory in one line, takes one argument, and reports a bad root (PKG-028) (245.476808ms)
✔ three megabytes are retained exactly once with matching digests (LOOP-041, LOOP-042) (406.052529ms)
✔ split stdout result lines survive a long non-result line; stderr is never a verdict (430.026386ms)
✔ signal termination is recorded and logs survive a clone (LOOP-043) (415.189ms)
✔ working agreements and ignore changes are Cairn records inside the footprint (401.727712ms)
✔ a clean package passes (109.396762ms)
✔ PKG-001: a dependency, or a service manifest (172.785506ms)
✔ PKG-002: ignoring evidence or other durable state, by directory or by extension (193.497125ms)
✔ PKG-003: a command, a directory, or a record kind no decision names (278.107558ms)
✔ PKG-004: a kernel over 1600 lines, counting every file under bin/ as wc -l does; exactly 1600 passes (352.327118ms)
✔ PKG-006: a skill step naming a vendor's product, in either order, across a wrapped list item (PKG-027) (426.511561ms)
✔ PKG-008: a non-ASCII character in a tracked text file (94.855256ms)
✔ PKG-009: the kernel importing from tests (101.379813ms)
✔ PKG-012: a network call or a model vendor in the kernel (160.318371ms)
✔ PKG-013: deferral language, but not in code, quotes, or a rule (672.772055ms)
✔ a tracked path deleted from the working tree is skipped, not a crash (99.792918ms)
✔ a sentence in a Formats section is not a record kind (122.009317ms)
✔ a record kind named by its path alone is checked (89.207977ms)
✔ PKG-002: a tracked in-progress record (103.258795ms)
✔ PKG-002: ignoring evidence alone is a finding (89.8326ms)
✔ PKG-003 reads the kernel's commands from its help output (PKG-023) (199.28637ms)
✔ the ASCII scan covers shipped files, not records under .cairn/ (PKG-024) (175.892559ms)
✔ a vendor-naming step wrapped across lines is matched (PKG-006, PKG-027) (196.471448ms)
✔ PKG-013 scans the README, the manual, and the walkthrough (PKG-032) (341.303097ms)
✔ the manifests, the listing and package.json agree on the name and version, and name paths the repository holds (PKG-037) (5.715465ms)
✔ the hooks file registers session-start and stop against the plugin's own hook.mjs through the plugin root variable (PKG-038) (0.260603ms)
✔ a Muse hook entry whose shared hook is missing prints one line and exits 0 (PKG-041, PKG-022) (94.124841ms)
✔ the registered commands print the verdict at session start, link the command into the plugin, and refuse a stop while wake says Resolvable (PKG-038, PKG-021) (386.172214ms)
✔ LOOP-071: decision body metadata does not resolve unbuilt work: "Superseded by: example" (722.275722ms)
✔ LOOP-071: decision body metadata does not resolve unbuilt work: "```text\nSuperseded by: example\n```" (753.332691ms)
✔ LOOP-071: decision body metadata does not resolve unbuilt work: "~~~text\nSuperseded by: example\n~~~" (810.442542ms)
✔ LOOP-071: a fenced realization example is not a resolving commit (779.081821ms)
✔ LOOP-071: a fenced commit inside the realization section is not built (965.387884ms)
✔ LOOP-071: ## Example cannot replace an open review finding (664.899682ms)
✔ LOOP-071: # Example cannot replace an open review finding (640.01845ms)
✔ LOOP-071: ### Example cannot replace an open review finding (599.326906ms)
✔ LOOP-071:   ## Example cannot replace an open review finding (546.974908ms)
✔ LOOP-071: Example paragraph. cannot replace an open review finding (506.757707ms)
✔ LOOP-071: Example
------- cannot replace an open review finding (416.971414ms)
✔ LOOP-071: fenced fields before a real review header are ignored (413.172028ms)
✔ LOOP-071: multiline decision --title cannot inject metadata (335.591631ms)
✔ LOOP-071: multiline decision --decided-by cannot inject metadata (361.621322ms)
✔ LOOP-071: multiline decision --rests-on cannot inject metadata (340.206077ms)
✔ LOOP-071: multiline decision --wrong-if cannot inject metadata (362.516231ms)
✔ LOOP-071: multiline decision --history cannot inject metadata (344.326256ms)
✔ LOOP-072: malformed Blocking concerns stay open: "R-001\nAnswer: ok" (88.378407ms)
✔ LOOP-072: malformed Blocking concerns stay open: "R-001\r\nAnswer: ok" (80.802024ms)
✔ LOOP-072: malformed Blocking concerns stay open: "R-001\rAnswer: ok" (92.421449ms)
✔ LOOP-072: malformed Blocking concerns stay open: "R-001 Answer: ok" (91.157635ms)
✔ LOOP-072: malformed Blocking concerns stay open: "R-001 Answer: ok" (106.826622ms)
✔ LOOP-072: ordinary malformed concerns are refused: "R-001\nR-002" (44.076492ms)
✔ LOOP-072: ordinary malformed concerns are refused: "R-001, prose" (55.508456ms)
✔ LOOP-072: ordinary malformed concerns are refused: " " (47.884619ms)
✔ LOOP-072: a Blocking escalation without concerns is still presented (104.00386ms)
✔ LOOP-072: carriage returns in a Blocking question do not create answer records (77.910623ms)
✔ LOOP-072: explanation separator 8232 cannot close an escalation (171.556965ms)
✔ LOOP-071: decision metadata refuses separator 8232 (313.471435ms)
✔ LOOP-072: explanation separator 8233 cannot close an escalation (166.241714ms)
✔ LOOP-071: decision metadata refuses separator 8233 (323.918938ms)
✔ Concerns, Rests on, and Promoted from written as lists read as the flat form (LOOP-124) (741.012143ms)
✔ an item named by filename, path, or backticked slug resolves like the slug (LOOP-125) (649.0685ms)
✔ an input that covers Cairn's own output is named as the repair, before and after a check (LOOP-126, LOOP-105) (779.388547ms)
✔ an unreadable record directory is a repair, not an error exit (LOOP-127) (95.926406ms)
✔ a title that slugifies to nothing is refused (LOOP-128) (138.037173ms)
✔ examined: [] is an empty list (LOOP-129, LOOP-108) (597.867314ms)
✔ below the Git toplevel the restore check compares root-relative paths (LOOP-130, LOOP-035) (612.819496ms)
✔ below the Git toplevel an uncommitted declared input is named from the project root (LOOP-132, LOOP-030) (352.714505ms)
✔ a value on the key line followed by list items is the first item, never dropped (LOOP-133) (710.017558ms)
✔ the footprint's walk reads Current: as the wake does: a fenced example below the real line, or a second line in history, never moves the start (LOOP-134, LOOP-035) (361.046347ms)
✔ an input spelled .. from a project below the Git toplevel covers the evidence directory (LOOP-126, LOOP-105) (121.708001ms)
✔ a Consequential record this commitment added needs its queue entry committed (LOOP-131, DEC-004) (578.521531ms)
✔ a mechanism that removes the check lock still gets its evidence, with no repair for the lock (LOOP-107) (294.059904ms)
✔ a staged rename reads as its two paths, never as a bare origin token (LOOP-030, LOOP-110) (126.275704ms)
✔ a Current: line inside a fenced example is neither a second Current: line nor the commitment, before or after the real line (LOOP-104) (199.462274ms)
✔ a Status: word is taken only from a line that carries one, never from wrapped prose after it (SPEC-018) (0.761418ms)
✔ the placeholder left above a resolving entry is a repair naming the file (DEC-021) (249.454786ms)
✔ the placeholder alone is a decision recorded and not yet built, unchanged (DEC-007) (77.430261ms)
✔ resolving entries with no placeholder are unchanged (DEC-006) (126.715861ms)
✔ a shallow clone that cannot resolve its entries is still told to fetch, not to edit (LOOP-113 keeps precedence) (143.161561ms)
✔ the placeholder quoted in a fenced example does not make a built record a repair (DEC-021) (108.476698ms)
✔ supersede takes the same decider vocabulary as decide (DEC-020) (102.976204ms)
✔ a superseded record is held to the same line: its placeholder above a resolving entry is a repair (DEC-021, DEC-010) (152.984122ms)
✔ realize() touches only the Realized by section; a body that quotes the placeholder keeps it (108.203732ms)
✔ an untracked file under a declared input is not a change under way; check still refuses beside it and names .gitignore (LOOP-110, LOOP-030) (229.347649ms)
✔ an unmatched input is refused before execution (LOOP-044) (195.843405ms)
✔ an indexed input deleted on disk asks for a commit (LOOP-045) (164.036992ms)
✔ wake and check require a Git working tree (LOOP-046) (152.840876ms)
✔ recovery removes only dead kernel run records and identifies a live owner (LOOP-054, LOOP-055) (394.15917ms)
✔ an agent action based behind a clean HEAD appears committed (LOOP-027) (259.531188ms)
✔ realization needs a real commit and a subject (DEC-006) (315.186196ms)
✔ 1500 binary inputs digest identically at the review commit in under a second (LOOP-024) (1767.002201ms)
✔ merged work is excluded but a later own commit is a breach (LOOP-047) (475.467914ms)
✔ exact Current tenure ignores prefix matches and earlier visits to the same slug (LOOP-035) (400.149236ms)
✔ a kernel run records its supervising PID (LOOP-054) (326.860771ms)
✔ a merged declared input still stales evidence (LOOP-047) (517.236738ms)
✔ wildcard and magic pathspecs select the same historical inputs (LOOP-024, LOOP-032) (2370.96734ms)
✔ historical selection retains deleted files and excludes new ones (LOOP-024, LOOP-035) (1282.22747ms)
✔ cairn --version prints the package.json version outside a repository, and help lists it (PKG-039) (202.512202ms)
✔ a release is one commit setting one version in the five files, with the changelog entry, tagged v<version> (PKG-040) (1227.580711ms)
✔ the release script refuses a bad version, no increase, a dirty tree, a missing entry, a taken tag, a disagreeing file, and a loop not at Done, each in one line with nothing written (PKG-040) (2887.21101ms)
✔ a version file written as compact JSON is released, and nothing else in any version file changes (PKG-042) (1421.203561ms)
✔ explicit reporting with no lines and exit 0 establishes no requirement verdicts (LOOP-061) (499.595666ms)
✔ explicit reporting with no lines and exit 1 establishes no requirement verdicts (LOOP-061) (515.052846ms)
✔ a reporter that cannot start keeps execution diagnostics without blaming requirements (LOOP-062) (391.479082ms)
✔ large output cannot kill a reporter or invent a requirement verdict (394.681988ms)
✔ explicit mode ignores cairn: R-999: pass (432.178253ms)
✔ explicit mode ignores cairn: R-001: unverified (449.072999ms)
✔ explicit mode ignores cairn: R-001: passed (403.107128ms)
✔ explicit results survive nonzero exit and contradictory duplicates still fail (928.754082ms)
✔ unverified results across changed inputs never become failed attempts (1760.762593ms)
✔ legacy exit 0 retains its interpretation (275.120889ms)
✔ legacy exit 1 retains its interpretation (244.611854ms)
✔ a misspelled reporting mode is refused before execution (128.928916ms)
✔ changed requirement blocks unchecked reruns and makes the completion review stale (LOOP-058, LOOP-059) (1988.022825ms)
✔ falsifier changes need review; separate rationale and other requirements do not change a receipt (1707.326245ms)
✔ legacy receipts recover requirement identity from their commit; unavailable history requires review (1191.376641ms)
✔ check refuses uncommitted requirement text and mechanism review markers (949.385924ms)
✔ tightened response limit cannot reuse the old passing check (1526.238107ms)
✔ a declared input over 1 MiB agrees at a commit and in the tree (LOOP-060) (429.477305ms)
✔ a failed Git blob read cannot be hashed as an empty blob (360.221068ms)
✔ Git listings over 1 MiB include the last declared input (2240.921229ms)
✔ requirement identity excludes fenced examples and status dates (506.101867ms)
✔ DemonCoder REM-002 and Status in progress cannot silently satisfy the review gate (LOOP-086) (920.151569ms)
✔ valid open findings retain their behavior (612.890068ms)
✔ valid resolved findings retain their behavior (626.022639ms)
✔ valid empty findings retain their behavior (679.392839ms)
✔ valid mixed valid findings retain their behavior (814.444473ms)
✔ malformed finding "open:" requires repair (601.327584ms)
✔ malformed finding "resolved:   " requires repair (465.052961ms)
✔ malformed finding "Open: incorrect case" requires repair (475.790439ms)
✔ malformed finding "unknown: issue" requires repair (428.544757ms)
✔ malformed finding "\u001b[31mBAD: issue" requires repair (410.12994ms)
✔ the established explicit empty findings list remains valid (394.843228ms)
✔ a scalar findings value requires the supported list format (371.60683ms)
✔ a Requirements: line written as a list is read like the flat form (LOOP-102) (168.472757ms)
✔ a subdirectory or a README in a record directory changes nothing (LOOP-103) (611.648917ms)
✔ two Current: lines are a roadmap repair (LOOP-104) (74.585027ms)
✔ a repeated identifier, an input under the evidence directory, and a missing cwd are refused by name (LOOP-105) (533.046734ms)
✔ a requirement whose evidence outlives its mechanism is named declare, not a regression or an escalation (LOOP-106) (1311.193012ms)
✔ an unreadable record is a repair, not an error exit (LOOP-107) (102.074816ms)
✔ a review needs commit, a nonempty examined list, and a findings list, each named when missing (LOOP-108) (1487.661091ms)
✔ a decision record missing a header field or naming a missing predecessor is a repair (LOOP-109) (363.910416ms)
✔ a dirty declared input with no in-progress record is named record ahead of run (LOOP-022, LOOP-110) (383.540304ms)
✔ with core.filemode false the index mode is the identity, so a mode-only difference does not refuse the check (LOOP-111) (294.092778ms)
✔ a project below the Git toplevel can run check (LOOP-112) (356.425656ms)
✔ a shallow clone names history to fetch, not a decision to build (LOOP-113) (175.744085ms)
✔ record-writing commands refuse to run outside a Cairn repository and write nothing (LOOP-118) (248.062322ms)
✔ a git that cannot start is one line and exit 3 from wake and from check, with nothing recorded (LOOP-137) (115.282353ms)
✔ empty footprint names declaration before scope and records no evidence (LOOP-081) (658.955364ms)
✔ first declaration still checks the full earlier history (LOOP-081) (470.769274ms)
✔ an empty current footprint does not block an explicitly requested existing mechanism (LOOP-081) (339.899239ms)
✔ an inherited mechanism provides a footprint even before local mechanisms exist (354.783344ms)
✔ scope reports every path, escapes line breaks, and gives identical remedies (LOOP-082) (263.225636ms)
✔ scope verdict reuses the answered-escalation annotation (LOOP-048, LOOP-051, LOOP-083) (756.095878ms)
✔ a committed scope acknowledgment lets restored history proceed (LOOP-083) (1317.134246ms)
✔ scope acknowledgment must be committed before it can clear a breach (849.891179ms)
✔ ordinary ok does not acknowledge scope history (415.934694ms)
✔ scope escalation refuses unrestored paths and names the restoration remedy (292.980405ms)
✔ an invalid scope request still records an explicitly Blocking decision (174.813462ms)
✔ ask and explanation stay open; only the final committed ok acknowledges scope (838.972298ms)
✔ instead is visible but does not silently authorize a scope exception (400.106103ms)
✔ later changes to an acknowledged path still block, including later reverts (1172.06302ms)
✔ approval cannot hide another path changed after the snapshot (400.845319ms)
✔ acknowledged history remains conditional on the paths staying restored (589.355285ms)
✔ editing the scope snapshot after answer invalidates its acknowledgment (332.319518ms)
✔ malformed scope metadata cannot suppress a breach (1523.632362ms)
✔ damaged acknowledgment fields cannot suppress a breach (508.616523ms)
✔ scope path matching is literal, including wildcard filenames and control characters (525.974541ms)
✔ scope acknowledgment does not carry into another activation of the same slug (307.491353ms)
✔ restoration checks additions, deletions, executable modes, and symlink kinds (1530.556171ms)
✔ explicit committed retention keeps correct work and requires new evidence and review (LOOP-084, LOOP-085) (2528.519317ms)
✔ a missing declaration covers correct earlier work without retention or revert (741.039215ms)
✔ keep requires scope and an unchanged committed candidate (372.992369ms)
✔ uncommitted retention and instead answers cannot clear the incident (1481.66105ms)
✔ retention does not grant future edits, even when reverted to the approved tree (1615.692603ms)
✔ retention cannot cover another path or another activation (619.755952ms)
✔ imported changes must still match the retained tree (600.461311ms)
✔ retention handles additions, deletions, modes, symlinks, and literal filenames (2106.318478ms)
✔ retention cannot convert an existing restoration answer or accept an unknown mode (453.830817ms)
✔ a check failure after retention remains a failure (687.784881ms)
✔ retained paths stay part of the stable checked candidate without extending its footprint (609.790846ms)
✔ retention ask needs an explanation and final committed approval (569.549498ms)
✔ an unknown scope mode remains invalid even with a matching approval digest (297.823618ms)
✔ backlog writes the item; a second with the same title is refused, never overwritten (LOOP-016) (155.072727ms)
✔ a commit inside the footprint: check runs; outside it: check names the path and does not run (LOOP-015, LOOP-035) (654.039795ms)
✔ Cairn's records are never a breach; another file under docs/ is (LOOP-117) (792.234578ms)
✔ declaring the path as an input clears the breach (347.659239ms)
✔ a revert preserves the record of an out-of-scope commit (LOOP-047) (397.705145ms)
✔ a commitment naming a requirement the spec set does not hold as Agreed is repaired (LOOP-029) (122.582926ms)
✔ a requirement in a Draft spec file is not Agreed (104.403106ms)
✔ working agreements and the ignore file are Cairn records (LOOP-035, LOOP-036) (766.543268ms)
✔ the over-asking rule is gone from both skills (SPEC-005, SPEC-006, SPEC-007) (1.463517ms)
✔ a decision during the phase is recorded (DEC-003) (0.149316ms)
✔ understanding is restated before writing (SPEC-003) (0.110629ms)
✔ falsifiers are proposed as one set and confirmed by exception (SPEC-004) (0.278042ms)
✔ depth is inferred and domains derived, never asked or imposed (SPEC-008, SPEC-009) (0.143445ms)
✔ a term enters the glossary at first occurrence (SPEC-010) (0.099813ms)
✔ the phase ends at the first commitment, and later ones are specified during the loop (SPEC-011, SPEC-012) (0.112774ms)
✔ a requirement goes Agreed only with a nameable mechanism (SPEC-013) (0.205777ms)
✔ review before agreement, recording what it attacked (SPEC-014, SPEC-015) (0.131301ms)
✔ no spec file without requirements; nothing Agreed without a falsifier (SPEC-001, SPEC-002) (0.213883ms)
✔ Observed is marked, and is not contract (SPEC-016, SPEC-017) (0.29976ms)
✔ the skills exclude artifacts outside Cairn's workflow (0.131558ms)
✔ the working agreement names the agent's move for each verdict and the write-ahead record (LOOP-036) (0.509335ms)
✔ the working agreement names the developer's moves (LOOP-036, DEC-014) (0.082878ms)
✔ this repository runs by the file it ships (0.350157ms)
✔ both skills write the working agreement without naming a vendor's file (LOOP-002, LOOP-036, PKG-006) (0.1207ms)
✔ the working agreement says what an attempt is (LOOP-036, DEC-017, DEC-018) (0.118668ms)
✔ the working agreement says a failure no footprint change can address is an escalation, and where an inherited requirement is repaired (DEC-019, LOOP-057) (0.088928ms)
✔ the working agreement states the promote, next-iteration, and no-deferral moves (LOOP-029, LOOP-087, LOOP-091, LOOP-092) (0.09095ms)
✔ both skills sort captures into the backlog or next-iteration and forbid deferral (LOOP-029, LOOP-092, LOOP-093) (0.078192ms)
✔ the skill requires a falsifier on every requirement, a MAY included (SPEC-025) (0.073163ms)
✔ the working agreement names the hooks as optional and the install skill registers them for two harnesses (PKG-006, PKG-018, PKG-019) (0.215716ms)
✔ the working agreement says the kernel is upgraded at Done, never inside a commitment (LOOP-096) (0.071169ms)
✔ the next-iteration skill starts from the specification and ends by naming the next commitment (SPEC-026, SPEC-027) (0.243941ms)
✔ every document that names the project skills names next-iteration beside them (SPEC-026, PKG-014) (2.536302ms)
✔ the working agreement states a move for every action the kernel can name (LOOP-101) (1.870659ms)
✔ the working agreement states both record formats and the two flags the moves need (LOOP-036) (0.150602ms)
✔ the skills demonstrate a safe violating example and preserve recon findings (SPEC-022, SPEC-023) (0.075437ms)
✔ the specification skills run the checker through the cairn command (PKG-029) (0.256528ms)
✔ the README invokes the phase skills by name and states versions and platforms (PKG-030, PKG-031) (0.28386ms)
✔ the manual and the walkthrough say the loop promotes backlog items at Done (0.754437ms)
✔ the working agreement says a report is not work under way, its findings are captured, and it is committed with them (LOOP-138) (0.082034ms)
✔ a two-obligation sentence is named (PKG-007) (56.151166ms)
✔ an obligation with no actor is named (PKG-010) (49.457203ms)
✔ a leading condition clause is not the actor, and the actor after it counts (46.526579ms)
✔ an Agreed requirement with no falsifier is named (SPEC-002); a Draft one is not (93.653223ms)
✔ prose after a Draft requirement with no falsifier is not scanned as requirement text (91.190566ms)
✔ a spec declaring a prefix with no requirement is named (SPEC-001) (92.599092ms)
✔ a keyword in backticks or quotes is a mention, not an obligation (36.229065ms)
✔ duplicate identifiers are rejected within a file and across files (SPEC-020) (101.573881ms)
✔ references resolve across files; missing references name their source (SPEC-021) (92.304322ms)
✔ code examples and quoted mentions are neither definitions nor references (57.493635ms)
✔ machine-local paths are findings in prose, links, quotes, and examples (SPEC-019) (505.327239ms)
✔ relative paths, URLs, slash commands, and character mentions are not absolute path findings (50.142658ms)
✔ a slash after a placeholder continues the template (SPEC-019) (95.70208ms)
✔ a host path is a finding until the file declares it (SPEC-019, SPEC-024) (111.446125ms)
✔ declared host paths cover children with a slash boundary and stay file-local (171.53824ms)
✔ a host-path declaration inside a requirement or example grants no exception (143.720907ms)
✔ host-path declarations require absolute or home-relative entries (276.163779ms)
✔ an Agreed block whose only keyword is MAY needs a falsifier like any other (SPEC-025, SPEC-002) (94.899161ms)
✔ a regex literal is not a path, a drive path and a file URL are, and a skill's slash name is allowed (SPEC-028, SPEC-029) (89.100945ms)
✔ a backticked or quoted actor still counts as one (PKG-010) (62.771676ms)
✔ supersede writes both lines, and the old record keeps every word it had (DEC-008, DEC-010) (100.083229ms)
✔ supersede without a cause, or with one outside the four, is refused (DEC-009) (173.537854ms)
✔ supersede of a record that does not exist is refused (102.455137ms)
✔ a predecessor with no title line cannot be stamped, so nothing is written (91.273294ms)
✔ a --supersedes argument outside the slug alphabet is refused, and a path never reaches the filesystem (DEC-022) (265.898207ms)
✔ a record already superseded cannot be superseded again: one Superseded by line per record (DEC-022, DEC-010) (275.954189ms)
✔ reversals reports counts by decider, cause, and domain (DEC-011) (239.71549ms)
✔ decide in a domain with a reversal is refused without --history, naming the reversal; with it, the record carries History (DEC-012) (191.33061ms)
✔ decide in a domain with no reversals needs no --history (143.088276ms)
✔ a record resting on prose alone is in the domain unspecified, and so is the next one (225.641494ms)
✔ the decider tally normalizes case and whitespace, and names a value outside the vocabulary (DEC-020, DEC-011) (92.537152ms)
✔ a record with no Decided by line is tallied as unrecorded, not as a vocabulary value (110.868664ms)
✔ Decided by written as a list tallies like the flat form, and does not crash the report (LOOP-124, DEC-020) (110.878176ms)
✔ a second declaration for one requirement is accepted, a named check runs every mechanism, and Done needs each to pass (LOOP-056, LOOP-099) (2642.688123ms)
✔ one mechanism's stale evidence names that mechanism, and --stale runs only it (LOOP-056, LOOP-094) (998.608112ms)
✔ attempts are counted within one mechanism's records, so the other's passes do not reset them (LOOP-100, DEC-016) (1633.102887ms)
✔ step 1: an in-progress record is reconciled before anything else (136.584825ms)
✔ step 2: an open escalation is presented and nothing else happens (103.824507ms)
✔ an answered escalation is not open (625.276252ms)
✔ step 3: a decision with no realized-by is built, first by name (DEC-007) (111.23944ms)
✔ a superseded decision with no realized-by is not work (155.360991ms)
✔ step 6: a mechanism that has never run is run, not implemented (LOOP-008) (165.676477ms)
✔ step 6: a requirement whose mechanism fails is implemented (734.268287ms)
✔ step 6 before step 7: failing evidence outranks a missing mechanism (424.682427ms)
✔ step 7: a requirement with no mechanism is declared (LOOP-106) (108.977543ms)
✔ every verdict names who acts: Resolvable is the agent's, Done needs nobody, Escalate waits for the developer (LOOP-004) (659.30119ms)
✔ malformed roadmap is Resolvable, not fatal (LOOP-005) (71.658118ms)
✔ a commitment naming no requirements is Resolvable (LOOP-018) (73.99662ms)
✔ the primary test: two wakes on the same checkout give the same action, before and after a persisted transition (LOOP-001, LOOP-003) (633.220544ms)
✔ outside a cairn repository wake cannot run (39.358347ms)
✔ the loop never waits on the review queue (DEC-015) (350.755941ms)
✔ twenty built records cost one git call to resolve, not twenty (DEC-023) (190.847736ms)
✔ an ambiguous Realized by identifier is the repair that says lengthen it, not a build (LOOP-113, DEC-023) (181.906603ms)
✔ the linked walkthrough runs from agreement through the next commitment (PKG-016) (1884.407696ms)
ℹ tests 490
ℹ suites 0
ℹ pass 490
ℹ fail 0
ℹ cancelled 0
ℹ skipped 0
ℹ todo 0
ℹ duration_ms 25703.17581
