✔ a Draft block overrides an Agreed file for both wake and check (SPEC-018) (167.247713ms)
✔ an Agreed block overrides a Draft file in the kernel and lint (SPEC-018, SPEC-002) (624.071656ms)
✔ a block Status does not become the file default, including inside examples (SPEC-018) (369.549023ms)
✔ block status without a value does not inherit Agreed by accident (SPEC-018) (80.340032ms)
✔ inheritance needs a file Scope and includes only Agreed blocks, regardless of prefix (PKG-015) (1790.258171ms)
✔ Scope inside a requirement or fenced example does not declare inheritance (PKG-015) (897.874007ms)
✔ a falsifier wrapped onto a line beginning with Status: does not become the block's status (SPEC-018) (1.324832ms)
✔ with attribution forbidden, an unpushed commit carrying an AI attribution line is named reword before any work; without the policy, or once pushed, it is not (PKG-045) (391.368772ms)
✔ each attribution form is caught, a prose mention is not, and the oldest attributed commit is named first (PKG-045) (589.510775ms)
✔ LOOP-063: reject input mutation during a check and retain diagnostics (421.442352ms)
✔ LOOP-063: reject deletion mutation during a check and retain diagnostics (375.975426ms)
✔ LOOP-063: reject addition mutation during a check and retain diagnostics (389.830364ms)
✔ LOOP-063: reject mode mutation during a check and retain diagnostics (419.915041ms)
✔ LOOP-063: reject specification mutation during a check and retain diagnostics (405.154277ms)
✔ LOOP-063: reject declaration mutation during a check and retain diagnostics (392.652054ms)
✔ LOOP-063: reject commit mutation during a check and retain diagnostics (376.744718ms)
✔ LOOP-063: committed input mutation during execution cannot certify the replacement (377.497528ms)
✔ LOOP-064: removing executable permission makes passing evidence stale (588.324509ms)
✔ LOOP-064: a mode-only change also invalidates the previous review after new evidence (772.512217ms)
✔ LOOP-064: changing a regular file into a link with identical identity bytes is stale (806.645586ms)
✔ LOOP-063: an unchanged candidate still records a pass despite unrelated working-tree edits (204.22475ms)
✔ LOOP-064: current and historical input ordering agrees for Unicode filenames (333.52244ms)
✔ LOOP-063: Git status hiding content changes cannot certify an uncommitted candidate (139.703644ms)
✔ LOOP-066: one check owns execution with a kernel action record (481.719734ms)
✔ LOOP-066: one check owns execution with an agent action record (429.984025ms)
✔ LOOP-066: a live lock is named and never silently overwritten (128.123999ms)
✔ LOOP-066: a dead lock is named and never silently overwritten (143.128857ms)
✔ LOOP-066: a incomplete lock is named and never silently overwritten (133.606043ms)
✔ LOOP-066: an execution error releases the check lock for a corrected rerun (484.736658ms)
✔ LOOP-066: a live kernel action from an older Cairn also blocks execution (86.509842ms)
✔ LOOP-066: separate Git worktrees can run checks independently (425.732945ms)
✔ after a green check --stale runs nothing; after one input changes it runs only that mechanism (LOOP-094) (975.899205ms)
✔ a mechanism speaking for two stale requirements runs once and refreshes both (LOOP-094, LOOP-040) (595.150249ms)
✔ a fresh failure and an unverified result are skipped with implement named (LOOP-094) (594.841539ms)
✔ --stale with a requirement identifier is refused (LOOP-094) (72.550488ms)
✔ check --stale holds back a mechanism whose requirement has three attempts and no escalation, names it, and records nothing (LOOP-094, DEC-016) (1844.689473ms)
✔ check refuses a dirty declared input and names it; a dirty undeclared file does not block (LOOP-030) (438.152765ms)
✔ check writes one receipt per run carrying the full record and a result line per requirement (LOOP-097) (302.652852ms)
✔ a nonzero exit records fail, and the receipt keeps the exit code (LOOP-034) (313.038674ms)
✔ a pass after a fail keeps the failing record; nothing is overwritten or deleted (LOOP-025) (587.661786ms)
✔ a commit changing a declared input makes evidence stale; an undeclared one does not (LOOP-007) (897.648347ms)
✔ a regression is named before a requirement that never passed (LOOP-031) (974.999839ms)
✔ three attempts with no escalation since: wake says escalate, not a fourth (DEC-016, DEC-017, DEC-018) (2071.739183ms)
✔ the review gate: no review, stale review, open finding, then Done (LOOP-020, LOOP-033) (1038.573779ms)
✔ Done is refused while any requirement lacks current passing evidence (LOOP-017) (107.577496ms)
✔ check names a requested requirement that no mechanism claims (87.015606ms)
✔ check writes the in-progress record before the run and clears it after (LOOP-021) (178.038562ms)
✔ a linked declared input digests the same at a commit and in the tree (LOOP-023, LOOP-024) (386.754182ms)
✔ a result line is the mechanism's statement about one requirement; what it did not mention is unverified (LOOP-037, LOOP-052) (162.632985ms)
✔ a mechanism that says nothing is read by its exit code for every requirement (LOOP-039) (175.145951ms)
✔ unverified is not an attempt, and a return to an earlier failed digest counts once (DEC-017, DEC-018) (1546.428882ms)
✔ a result line for a requirement the mechanism does not speak for is named and writes nothing (LOOP-038) (183.379988ms)
✔ a result line inside ordinary output, or without the marker, does not count (189.61097ms)
✔ a targeted check runs the named requirements' mechanisms and records every requirement they speak for (LOOP-040) (171.58098ms)
✔ two result lines for one requirement: a fail on any line wins (153.4323ms)
✔ three runs at one digest with no attempt since: the verdict stays implement and names DEC-019; an escalation naming it among others clears the hint (DEC-019, LOOP-053) (900.852444ms)
✔ a receipt names its commit in full, and an older receipt with the short form is still read (LOOP-136) (243.964886ms)
✔ a change only to a document its declaration lists leaves the review fresh and the evidence stale; a change to another input makes the review stale (LOOP-141) (1021.815029ms)
✔ a complete commitment with an unpromoted backlog item names promote, and a stamped item lets it reach Done (LOOP-087) (971.682937ms)
✔ an empty backlog with waiting next-iteration items is Done, with the count as information and no action on them (LOOP-091) (786.869937ms)
✔ a promotion marker must resolve to a decision record (LOOP-088) (249.497678ms)
✔ a commitment promoted from an item needs a decision record naming the item (LOOP-088) (269.761786ms)
✔ the spec lint reports a promotion marker with no decision record (LOOP-088) (85.341774ms)
✔ a promoted commitment that changes an Agreed requirement or the working agreement is an escalation; an unpromoted one is not (LOOP-089, LOOP-090) (1597.190126ms)
✔ a capture from one of the commitment's own requirements needs Outside because: or an escalation (LOOP-092) (1587.729787ms)
✔ a next-iteration item names what it would change, and the capture refuses one that does not (LOOP-093) (411.396509ms)
✔ a commitment specified from a next-iteration item needs the item stamped before anything else (SPEC-027) (496.696465ms)
✔ a by deference marker resolves to a decision record like a promotion marker (SPEC-002, LOOP-088) (180.834076ms)
✔ the LOOP-090 gate reads the Concerns line, not the slug as a substring (LOOP-114) (523.398468ms)
✔ the LOOP-088 check reads the Promotes line, and decide --promotes writes it (LOOP-115) (211.658404ms)
✔ the activation commit of a promoted commitment is inside the LOOP-089 comparison (LOOP-116) (123.364577ms)
✔ the LOOP-090 route needs one escalation: its Concerns line covers the moved item too (LOOP-119, LOOP-092, LOOP-114) (599.844458ms)
✔ an escalation raised before the promoted commitment began does not silence the LOOP-090 gate (LOOP-114) (320.240752ms)
✔ an escalation raised before the commitment began does not silence the capture gate (LOOP-119) (316.005821ms)
✔ the activation commit is inside the scope footprint (LOOP-120) (96.037795ms)
✔ a requirement Agreed at activation that is demoted or removed is a contract change (LOOP-121) (583.31566ms)
✔ the include files are the root files that hold @AGENTS.md: exempt from the footprint, compared by the gate (LOOP-122) (1054.644444ms)
✔ a superseded promotion no longer satisfies the LOOP-088 check, and the repair says the promotion was reversed (LOOP-123) (450.605798ms)
✔ the restore route measures from the tree before activation, so a path the activation commit added must go (LOOP-120, LOOP-035) (167.321209ms)
✔ the loop works against exactly one commitment: the current one (LOOP-019) (375.139195ms)
✔ a promotion recorded below Consequential is a repair naming the level, since the developer never sees it in the queue (LOOP-088) (66.891469ms)
✔ every requirement the node-test declaration speaks for is named in a test title (PKG-025) (2.174231ms)
✔ every repository path the tests read is a declared input of node-test (PKG-026) (0.724388ms)
✔ writes a record with every required field and an empty realized-by (DEC-001, DEC-005) (137.314447ms)
✔ a Consequential decision is queued for review (DEC-013) (70.742595ms)
✔ a Consequential decision is queued even when .cairn/queue does not exist yet (80.434454ms)
✔ Routine is refused: routine decisions produce no record (74.099234ms)
✔ a missing field is a usage error and nothing is written (81.147332ms)
✔ supersedes requires a classified cause, and the old record must exist (199.280102ms)
✔ an existing record is not overwritten (122.993922ms)
✔ a queued decision stays queued; nothing but the developer removes it (DEC-014) (185.299109ms)
✔ each accepted decider is stored lowercase, whatever case it was typed in (DEC-020) (527.370898ms)
✔ a decider outside the vocabulary is a usage error naming all three, and nothing is written (DEC-020) (440.458661ms)
✔ an empty --decided-by is the missing-field error, not the vocabulary one (79.890414ms)
✔ LOOP-006, LOOP-067: missing inputs names a declaration repair before execution (151.121371ms)
✔ LOOP-006, LOOP-067: empty inputs names a declaration repair before execution (145.89432ms)
✔ LOOP-006, LOOP-067: missing command names a declaration repair before execution (156.510494ms)
✔ LOOP-006, LOOP-067: list command names a declaration repair before execution (138.80244ms)
✔ LOOP-006, LOOP-067: empty command names a declaration repair before execution (136.484847ms)
✔ LOOP-006, LOOP-067: missing requirements names a declaration repair before execution (156.490555ms)
✔ LOOP-006, LOOP-067: bad identifier names a declaration repair before execution (133.922952ms)
✔ LOOP-067: scalar one-item lists retain their existing meaning (277.50438ms)
✔ LOOP-068: a unpopulated gitlink is refused by name (170.1285ms)
✔ LOOP-068: a populated gitlink is refused by name (190.811013ms)
✔ LOOP-069: identical selections across 100 mechanisms use at most 20 Git processes (133.891303ms)
✔ --defect needs --from naming an Agreed requirement, and writes Defect: yes (LOOP-140) (217.021449ms)
✔ an unfixed defect is named fix before a promotable item, and counts as fixed only with passing evidence at or after its commit and no Agreed text changed (LOOP-087, LOOP-140) (1958.467738ms)
✔ escalate writes the six-line format followed by its facts, and wake presents it (LOOP-010, LOOP-026) (125.362385ms)
✔ a missing or multi-line field is refused with the field named, and nothing is written (LOOP-012) (133.254616ms)
✔ a Blocking escalation that fails the format is written anyway, naming the malformed field (LOOP-013) (130.133888ms)
✔ the loop stops for the developer only at Blocking: a recorded decision below it never yields Escalate, and the Blocking bypass must be spelled exactly (DEC-002) (307.201965ms)
✔ a second escalation while one is open is refused (LOOP-011) (161.388063ms)
✔ answer records the reply; wake no longer presents it; a second answer is refused (242.691081ms)
✔ answer to an unknown escalation is refused (73.700834ms)
✔ a stranger resumes from the file alone: question and answer are both in it (LOOP-014) (141.762114ms)
✔ a developer-shaped answer during the agent's turn is refused and writes nothing; the explanation is still accepted (LOOP-135) (641.609906ms)
✔ after an answer, the same concern can be escalated again under a new name (189.595743ms)
✔ an escalation exists when its file does, committed or not (LOOP-009) (86.027652ms)
✔ developer answers require one of the three forms and cannot inject fields (LOOP-048) (619.010203ms)
✔ ask, agent explanation, another ask, and ok stay ordered in one file (LOOP-049, LOOP-050, LOOP-014) (756.801605ms)
✔ fresh closed answers accompany only concerned requirements until new evidence (LOOP-051) (672.819067ms)
✔ a raised escalation carries no derivable status line, and an old record with one still parses (LOOP-028) (151.376302ms)
✔ LOOP-065: delete of output refuses Done and a new run recovers (1190.126377ms)
✔ LOOP-065: corrupt of output refuses Done and a new run recovers (1208.617492ms)
✔ LOOP-065: delete of stderr_output refuses Done and a new run recovers (1106.619831ms)
✔ LOOP-065: corrupt of stderr_output refuses Done and a new run recovers (948.429006ms)
✔ LOOP-065: a receipt without output needs a new check (462.357496ms)
✔ LOOP-065: a receipt without output_digest needs a new check (446.978591ms)
✔ LOOP-065: a receipt without stderr_output needs a new check (444.366918ms)
✔ LOOP-065: a receipt without stderr_digest needs a new check (436.554443ms)
✔ LOOP-065: legacy unverifiable output is rerun without rewriting history (734.727616ms)
✔ a fresh record names the kernel that wrote it (LOOP-023) (319.647185ms)
✔ LOOP-095: a record from another kernel is stale with the kernel named, and a new check restores Done (698.056117ms)
✔ LOOP-095: a record from no kernel is stale with the kernel named, and a new check restores Done (705.606013ms)
✔ LOOP-070: a later failure is latest even when the clock moves backward (917.464104ms)
✔ LOOP-070: receipt collisions at one clock instant retain execution order beyond nine suffixes (3458.807224ms)
✔ LOOP-070: imported branch receipts stale a later sequence until a new check incorporates them (1117.837706ms)
✔ LOOP-070, LOOP-098: legacy receipts need one ordered check, remain byte-for-byte unchanged, and precede the run receipt in the history (573.107718ms)
✔ LOOP-070: edit of a prior receipt requires fresh evidence (432.220512ms)
✔ LOOP-070: remove of a prior receipt requires fresh evidence (436.641258ms)
✔ LOOP-075: supporting evidence file README.md does not become a receipt (497.525583ms)
✔ LOOP-075: supporting evidence file notes.txt does not become a receipt (490.28856ms)
✔ LOOP-075: supporting evidence file support does not become a receipt (507.591489ms)
✔ LOOP-075: supporting evidence file .DS_Store does not become a receipt (531.553162ms)
✔ LOOP-075: a malformed result line (result=success) names a repair before execution (299.254707ms)
✔ LOOP-075: a malformed result line (sequence=NaN) names a repair before execution (330.029511ms)
✔ LOOP-075: a malformed result line (sequence=9007199254740992) names a repair before execution (324.255951ms)
✔ LOOP-075: a malformed result line (history_digest=wrong) names a repair before execution (322.485867ms)
✔ LOOP-075: a malformed result line (tokens) names a repair before execution (336.70394ms)
✔ LOOP-075: a receipt-shaped directory is a named repair instead of an EISDIR crash (248.592151ms)
✔ LOOP-070: an earlier escalation cannot cover three new attempts after clock rollback (894.324065ms)
✔ LOOP-070: an answer becomes old after a later check even if that check's timestamp is earlier (575.529102ms)
✔ LOOP-070: the newest answer wins between checks even when its clock timestamp is older (360.267847ms)
✔ LOOP-070: legacy escalation dates cover old receipts but not three newer sequenced runs (1186.275705ms)
✔ a PKG requirement the commitment does not name is declared, run, and gates Done (PKG-011) (1783.96085ms)
✔ a PKG requirement in a Draft spec is not folded in (530.171644ms)
✔ LOOP-076, LOOP-079: stale inputs identify the receipt and the check to run (653.844546ms)
✔ LOOP-077: names a content change using checked input identity (631.82228ms)
✔ LOOP-077: names a mode change using checked input identity (630.60175ms)
✔ LOOP-077: names a kind change using checked input identity (619.00465ms)
✔ LOOP-077: names a added change using checked input identity (576.988624ms)
✔ LOOP-077: names a removed change using checked input identity (565.352578ms)
✔ LOOP-077: names a link-target change using checked input identity (803.783033ms)
✔ LOOP-077: changed selection compares the old and new input sets (458.158736ms)
✔ LOOP-077: raw CRLF changes remain visible when Git-clean content agrees (458.448698ms)
✔ LOOP-077: detail output is sorted, bounded, and reports the omitted count (473.859569ms)
✔ LOOP-077: filenames cannot inject lines or terminal controls into explanations (423.449803ms)
✔ LOOP-077: receipts from one run share details and do not store source contents (326.022406ms)
✔ LOOP-078, LOOP-080: legacy optional detail limits explanation without changing standing (517.435232ms)
✔ LOOP-078, LOOP-080: invalid-field optional detail limits explanation without changing standing (500.970104ms)
✔ LOOP-078, LOOP-080: missing optional detail limits explanation without changing standing (479.819729ms)
✔ LOOP-078, LOOP-080: invalid-json optional detail limits explanation without changing standing (519.499825ms)
✔ LOOP-078, LOOP-080: mismatched optional detail limits explanation without changing standing (509.41764ms)
✔ LOOP-078, LOOP-080: duplicate optional detail limits explanation without changing standing (507.627238ms)
✔ LOOP-078, LOOP-080: unsafe-path optional detail limits explanation without changing standing (491.239316ms)
✔ LOOP-078, LOOP-080: directory optional detail limits explanation without changing standing (481.061382ms)
✔ LOOP-078, LOOP-080: symlink optional detail limits explanation without changing standing (476.327333ms)
✔ LOOP-078: unavailable old requirement text is not claimed as a proven change (343.317733ms)
✔ LOOP-076, LOOP-079: changed requirements identify evidence and retain review-before-check guidance (372.050993ms)
✔ LOOP-078: simultaneous input and output damage keep both reasons (376.827431ms)
✔ LOOP-080: deterministic freshness sequence seed=7 (8786.612948ms)
✔ LOOP-080: deterministic freshness sequence seed=42 (5586.480655ms)
✔ LOOP-080: deterministic freshness sequence seed=913 (5055.667846ms)
✔ LOOP-080: agreement changes, mechanism review, checks, and completion review retain priority (1283.941823ms)
✔ LOOP-080: imported receipt history demands a rerun without a false input explanation (1370.162573ms)
✔ LOOP-073: clean CRLF input completes under attributes (547.264671ms)
✔ LOOP-073: clean CRLF input completes under autocrlf (537.842475ms)
✔ LOOP-073: raw line-ending mutation during a run is rejected even when Git still sees the same content (214.765258ms)
✔ LOOP-073: execution evidence changes when clean conversion preserves committed identity (1037.896005ms)
✔ LOOP-073: Git clean filters use Git's conversion while retaining raw evidence identity (529.478792ms)
✔ LOOP-073: failure of a required Git filter cannot record evidence (115.761427ms)
✔ LOOP-073: a clean filter moving HEAD during ending validation prevents evidence (611.420025ms)
✔ LOOP-073: canonical Git identities handle links without reading their targets (453.970782ms)
✔ LOOP-073: Git conversion keeps raw Unicode and control-character input paths (392.806847ms)
✔ LOOP-073: conversion and links work in a SHA-256 Git repository (384.458477ms)
✔ LOOP-074: historical specification filename "café.md" remains reviewable (384.078704ms)
✔ LOOP-074: historical specification filename "spec\ttab.md" remains reviewable (370.285654ms)
✔ LOOP-074: historical specification filename "spec\nline.md" remains reviewable (366.696956ms)
✔ help works outside a repository without running a command (PKG-017) (931.826309ms)
✔ help does not hide invalid options or consume literal arguments (179.035475ms)
✔ help lists the lint command (PKG-017) (47.885032ms)
✔ a working directory that no longer exists is named as the failure, and git is not blamed (PKG-041, PKG-022) (146.511587ms)
✔ the stop hook refuses a stop while wake says Resolvable, with the verdict as the reason (PKG-018) (177.694235ms)
✔ the stop hook allows a stop at Done, at Escalate, and outside a Cairn repository (PKG-018) (954.440284ms)
✔ the session-start hook links the command once and prints the verdict in a Cairn repository (PKG-019, PKG-014, PKG-005) (444.459493ms)
✔ the session-start hook prints no verdict outside a Cairn repository and leaves an existing link that resolves alone (PKG-019) (58.646823ms)
✔ a checkout under a path with a space links a command that resolves, and its stop hook still blocks (PKG-019, PKG-021) (345.572327ms)
✔ the hooks run the kernel the command link resolves to, so hook and agent share one referee (PKG-021) (1043.288067ms)
✔ a dangling link is replaced and reported (PKG-019) (154.040633ms)
✔ errors exit 0 with one line on standard error and no stack trace (PKG-022) (191.427781ms)
✔ the hooks judge with the cairn on PATH, a wrapper included, and session-start names it (PKG-033) (1009.724473ms)
✔ a link to a wrapper or file is kept; a dangling link or one to a directory is replaced (PKG-034) (359.311721ms)
✔ a project below the Git toplevel gets the verdict and the stop refusal (PKG-035) (297.220998ms)
✔ a kernel that prints no verdict is one stderr line: the stop is allowed and session-start prints no trace (PKG-036) (146.561212ms)
✔ a link that cannot be created is one stderr line, and the verdict still prints (PKG-019, PKG-022) (131.608296ms)
✔ with git absent the hooks say so in one line and block nothing (PKG-022) (84.923568ms)
✔ stop_hook_active true no longer lets a Resolvable stop through: the hook still refuses (PKG-018) (127.776221ms)
✔ receipts written by the project's own kernel are judged with it, not with a different cairn on PATH (PKG-033, PKG-021) (410.085924ms)
✔ the fourth stop on an unchanged verdict, commit and tree goes through with a message and a stop record; each refusal names cairn escalate (PKG-043, PKG-044) (448.783955ms)
✔ progress resets the count, a commit or an edited file alike, and each session counts on its own (PKG-043) (1157.867171ms)
✔ no report, one for another commitment, at another commit, or at a value that is not a commit names a new reviewer; an uncommitted review is committed first (LOOP-020) (1510.607455ms)
✔ an old report re-dated, however it is edited, does not name the new commit and names a new reviewer; a new report with the same words does not (LOOP-020) (1300.182721ms)
✔ each finding is carried by the one line citing its number and beginning with its words; malformed reports are repairs (LOOP-020) (3699.255372ms)
✔ citations name their report's commit, so rounds never collide and an old line never carries a new finding; a wrapped review line is its own repair (LOOP-020) (810.702561ms)
✔ a finding that quotes a citation in its own words is carried by copying it, and an uncited wrapped line is no repair when there is nothing to carry (LOOP-020) (536.290806ms)
✔ a citation that is not last on its line is refused as such, and a finding ending with a citation is carried in the short form (LOOP-020) (850.889193ms)
✔ a report written or changed on disk but not committed is named commit, never judged as the committed one (LOOP-020) (526.556963ms)
✔ the findings list is read from the record's text: blank lines between entries, a wrapped entry, any bullet, and a blank line inside examined: lose nothing; a list after a heading stays unread (LOOP-020, LOOP-086, LOOP-071) (1297.724148ms)
✔ the reader reads a numbered or nested list and a blank line in examined:, and names a line it cannot read rather than reading nothing (LOOP-086, LOOP-020) (980.340346ms)
✔ a line the reader cannot read is named whenever an entry follows it, in the review and in the report, and a finding under a heading is named (LOOP-086, LOOP-020) (1455.53462ms)
✔ a margin line that only looks like a field never ends a list in silence (LOOP-086, LOOP-020) (960.052004ms)
✔ a field name repeated inside a list is named, the report's findings under a heading are named beside a list, and the repair offers the fix that keeps the finding (LOOP-020, LOOP-086) (871.009727ms)
✔ a Reviewer: line inside a list is named, and an honest record with a findings-titled heading is read (LOOP-020, LOOP-086) (568.530445ms)
✔ a record that declares findings: [] keeps a bulleted body as prose, as this repository's own reviews are written (LOOP-086, LOOP-020) (352.313289ms)
✔ a field name in another case never ends a list in silence, a record with its fields out of order is told to reorder them, and a citation names only a finding the report made (LOOP-086, LOOP-020, LOOP-108) (855.420657ms)
✔ cairn lint runs the checker over docs/spec by default and over a named directory (PKG-028) (177.67053ms)
✔ cairn lint names a missing directory in one line, takes one argument, and reports a bad root (PKG-028) (189.290035ms)
✔ three megabytes are retained exactly once with matching digests (LOOP-041, LOOP-042) (310.855713ms)
✔ split stdout result lines survive a long non-result line; stderr is never a verdict (313.790215ms)
✔ signal termination is recorded and logs survive a clone (LOOP-043) (309.405545ms)
✔ working agreements and ignore changes are Cairn records inside the footprint (311.871948ms)
✔ a clean package passes (77.835137ms)
✔ PKG-001: a dependency, or a service manifest (167.427859ms)
✔ PKG-002: ignoring evidence or other durable state, by directory or by extension (127.294224ms)
✔ PKG-003: a command, a directory, or a record kind no decision names (248.046035ms)
✔ PKG-004: a kernel over 1900 lines, counting every file under bin/ as wc -l does; exactly 1900 passes (298.259637ms)
✔ PKG-006: a skill step naming a vendor's product, in either order, across a wrapped list item (PKG-027) (300.591674ms)
✔ PKG-008: a non-ASCII character in a tracked text file (87.860486ms)
✔ PKG-009: the kernel importing from tests (79.657408ms)
✔ PKG-012: a network call or a model client in the kernel, but not a vendor's name in text (335.883608ms)
✔ PKG-013: deferral language, but not in code, quotes, or a rule (544.517479ms)
✔ a tracked path deleted from the working tree is skipped, not a crash (86.150515ms)
✔ a sentence in a Formats section is not a record kind (76.465669ms)
✔ a record kind named by its path alone is checked (84.856038ms)
✔ PKG-002: a tracked in-progress record (72.29987ms)
✔ PKG-002: ignoring evidence alone is a finding (61.861978ms)
✔ PKG-003 reads the kernel's commands from its help output (PKG-023) (117.908693ms)
✔ the ASCII scan covers shipped files, not records under .cairn/ (PKG-024) (62.089858ms)
✔ a vendor-naming step wrapped across lines is matched (PKG-006, PKG-027) (74.699752ms)
✔ PKG-013 scans the README, the manual, and the walkthrough (PKG-032) (218.33803ms)
✔ the manifests, the listing and package.json agree on the name and version, and name paths the repository holds (PKG-037) (1.933813ms)
✔ the hooks file registers session-start and stop against the plugin's own hook.mjs through the plugin root variable (PKG-038) (0.21057ms)
✔ a Muse hook entry whose shared hook is missing prints one line and exits 0 (PKG-041, PKG-022) (66.354879ms)
✔ the registered commands print the verdict at session start, link the command into the plugin, and refuse a stop while wake says Resolvable (PKG-038, PKG-021) (340.994775ms)
✔ LOOP-071: decision body metadata does not resolve unbuilt work: "Superseded by: example" (654.703329ms)
✔ LOOP-071: decision body metadata does not resolve unbuilt work: "```text\nSuperseded by: example\n```" (606.800245ms)
✔ LOOP-071: decision body metadata does not resolve unbuilt work: "~~~text\nSuperseded by: example\n~~~" (653.214111ms)
✔ LOOP-071: a fenced realization example is not a resolving commit (647.756888ms)
✔ LOOP-071: a fenced commit inside the realization section is not built (590.773852ms)
✔ LOOP-071: ## Example cannot replace an open review finding (604.064861ms)
✔ LOOP-071: # Example cannot replace an open review finding (525.268744ms)
✔ LOOP-071: ### Example cannot replace an open review finding (504.737348ms)
✔ LOOP-071:   ## Example cannot replace an open review finding (485.030624ms)
✔ LOOP-071: Example paragraph. cannot replace an open review finding (465.713419ms)
✔ LOOP-071: Example
------- cannot replace an open review finding (466.569998ms)
✔ LOOP-071: fenced fields before a real review header are ignored (439.33381ms)
✔ LOOP-071: multiline decision --title cannot inject metadata (344.585456ms)
✔ LOOP-071: multiline decision --decided-by cannot inject metadata (334.851261ms)
✔ LOOP-071: multiline decision --rests-on cannot inject metadata (315.797588ms)
✔ LOOP-071: multiline decision --wrong-if cannot inject metadata (334.262324ms)
✔ LOOP-071: multiline decision --history cannot inject metadata (316.334607ms)
✔ LOOP-072: malformed Blocking concerns stay open: "R-001\nAnswer: ok" (82.426025ms)
✔ LOOP-072: malformed Blocking concerns stay open: "R-001\r\nAnswer: ok" (93.054493ms)
✔ LOOP-072: malformed Blocking concerns stay open: "R-001\rAnswer: ok" (86.670482ms)
✔ LOOP-072: malformed Blocking concerns stay open: "R-001 Answer: ok" (82.786399ms)
✔ LOOP-072: malformed Blocking concerns stay open: "R-001 Answer: ok" (80.338403ms)
✔ LOOP-072: ordinary malformed concerns are refused: "R-001\nR-002" (50.908572ms)
✔ LOOP-072: ordinary malformed concerns are refused: "R-001, prose" (46.782715ms)
✔ LOOP-072: ordinary malformed concerns are refused: " " (49.077917ms)
✔ LOOP-072: a Blocking escalation without concerns is still presented (68.354663ms)
✔ LOOP-072: carriage returns in a Blocking question do not create answer records (77.962484ms)
✔ LOOP-072: explanation separator 8232 cannot close an escalation (143.221417ms)
✔ LOOP-071: decision metadata refuses separator 8232 (327.911131ms)
✔ LOOP-072: explanation separator 8233 cannot close an escalation (157.298168ms)
✔ LOOP-071: decision metadata refuses separator 8233 (327.98661ms)
✔ Concerns, Rests on, and Promoted from written as lists read as the flat form (LOOP-124) (567.838395ms)
✔ an item named by filename, path, or backticked slug resolves like the slug (LOOP-125) (498.028362ms)
✔ an input that covers Cairn's own output is named as the repair, before and after a check (LOOP-126, LOOP-105) (627.274589ms)
✔ an unreadable record directory is a repair, not an error exit (LOOP-127) (70.285252ms)
✔ a title that slugifies to nothing is refused (LOOP-128) (135.276113ms)
✔ examined: [] is an empty list (LOOP-129, LOOP-108) (436.558848ms)
✔ below the Git toplevel the restore check compares root-relative paths (LOOP-130, LOOP-035) (351.236342ms)
✔ below the Git toplevel an uncommitted declared input is named from the project root (LOOP-132, LOOP-030) (208.657332ms)
✔ a value on the key line followed by list items is the first item, never dropped (LOOP-133) (578.365872ms)
✔ the footprint's walk reads Current: as the wake does: a fenced example below the real line, or a second line in history, never moves the start (LOOP-134, LOOP-035) (284.205258ms)
✔ an input spelled .. from a project below the Git toplevel covers the evidence directory (LOOP-126, LOOP-105) (88.453371ms)
✔ a Consequential record this commitment added needs its queue entry committed (LOOP-131, DEC-004) (478.256775ms)
✔ a mechanism that removes the check lock still gets its evidence, with no repair for the lock (LOOP-107) (224.674417ms)
✔ a staged rename reads as its two paths, never as a bare origin token (LOOP-030, LOOP-110) (106.517225ms)
✔ a Current: line inside a fenced example is neither a second Current: line nor the commitment, before or after the real line (LOOP-104) (188.995513ms)
✔ a Status: word is taken only from a line that carries one, never from wrapped prose after it (SPEC-018) (0.876377ms)
✔ the placeholder left above a resolving entry is a repair naming the file (DEC-021) (200.170367ms)
✔ the placeholder alone is a decision recorded and not yet built, unchanged (DEC-007) (72.24212ms)
✔ resolving entries with no placeholder are unchanged (DEC-006) (128.047502ms)
✔ a shallow clone that cannot resolve its entries is still told to fetch, not to edit (LOOP-113 keeps precedence) (113.804726ms)
✔ the placeholder quoted in a fenced example does not make a built record a repair (DEC-021) (110.015083ms)
✔ supersede takes the same decider vocabulary as decide (DEC-020) (106.322725ms)
✔ a superseded record is held to the same line: its placeholder above a resolving entry is a repair (DEC-021, DEC-010) (182.27437ms)
✔ realize() touches only the Realized by section; a body that quotes the placeholder keeps it (111.40865ms)
✔ an untracked file under a declared input is not a change under way; check still refuses beside it and names .gitignore (LOOP-110, LOOP-030) (222.503155ms)
✔ an unmatched input is refused before execution (LOOP-044) (191.829693ms)
✔ an indexed input deleted on disk asks for a commit (LOOP-045) (164.645656ms)
✔ wake and check require a Git working tree (LOOP-046) (124.904998ms)
✔ recovery removes only dead kernel run records and identifies a live owner (LOOP-054, LOOP-055) (330.574825ms)
✔ an agent action based behind a clean HEAD appears committed (LOOP-027) (195.875649ms)
✔ realization needs a real commit and a subject (DEC-006) (246.723892ms)
✔ 1500 binary inputs digest identically at the review commit in under a second (LOOP-024) (1458.354396ms)
✔ merged work is excluded but a later own commit is a breach (LOOP-047) (244.903461ms)
✔ exact Current tenure ignores prefix matches and earlier visits to the same slug (LOOP-035) (291.845904ms)
✔ a kernel run records its supervising PID (LOOP-054) (259.851432ms)
✔ a merged declared input still stales evidence (LOOP-047) (394.905304ms)
✔ wildcard and magic pathspecs select the same historical inputs (LOOP-024, LOOP-032) (2148.623331ms)
✔ historical selection retains deleted files and excludes new ones (LOOP-024, LOOP-035) (1192.706969ms)
✔ cairn --version prints the package.json version outside a repository, and help lists it (PKG-039) (135.80811ms)
✔ a release is one commit setting one version in the five files, with the changelog entry, tagged v<version> (PKG-040) (1026.817986ms)
✔ the release script refuses a bad version, no increase, a dirty tree, a missing entry, a taken tag, a disagreeing file, and a loop not at Done, each in one line with nothing written (PKG-040) (1785.558423ms)
✔ a version file written as compact JSON is released, and nothing else in any version file changes (PKG-042) (1275.719658ms)
✔ with attribution forbidden, the release script refuses an unpushed commit carrying an AI attribution line (PKG-045) (548.195237ms)
✔ explicit reporting with no lines and exit 0 establishes no requirement verdicts (LOOP-061) (457.156124ms)
✔ explicit reporting with no lines and exit 1 establishes no requirement verdicts (LOOP-061) (421.176804ms)
✔ a reporter that cannot start keeps execution diagnostics without blaming requirements (LOOP-062) (258.854604ms)
✔ large output cannot kill a reporter or invent a requirement verdict (314.273298ms)
✔ explicit mode ignores cairn: R-999: pass (279.803928ms)
✔ explicit mode ignores cairn: R-001: unverified (291.680199ms)
✔ explicit mode ignores cairn: R-001: passed (299.939491ms)
✔ explicit results survive nonzero exit and contradictory duplicates still fail (543.327424ms)
✔ unverified results across changed inputs never become failed attempts (1376.210165ms)
✔ legacy exit 0 retains its interpretation (221.025303ms)
✔ legacy exit 1 retains its interpretation (207.133458ms)
✔ a misspelled reporting mode is refused before execution (93.641823ms)
✔ changed requirement blocks unchecked reruns and makes the completion review stale (LOOP-058, LOOP-059) (1738.286135ms)
✔ falsifier changes need review; separate rationale and other requirements do not change a receipt (1247.997463ms)
✔ legacy receipts recover requirement identity from their commit; unavailable history requires review (955.313143ms)
✔ check refuses uncommitted requirement text and mechanism review markers (786.008104ms)
✔ tightened response limit cannot reuse the old passing check (1339.267474ms)
✔ a declared input over 1 MiB agrees at a commit and in the tree (LOOP-060) (419.203004ms)
✔ a failed Git blob read cannot be hashed as an empty blob (417.794698ms)
✔ Git listings over 1 MiB include the last declared input (2158.54765ms)
✔ requirement identity excludes fenced examples and status dates (510.846346ms)
✔ DemonCoder REM-002 and Status in progress cannot silently satisfy the review gate (LOOP-086) (772.112807ms)
✔ valid open findings retain their behavior (515.774441ms)
✔ valid resolved findings retain their behavior (530.891641ms)
✔ valid empty findings retain their behavior (541.796367ms)
✔ valid mixed valid findings retain their behavior (457.724824ms)
✔ malformed finding "open:" requires repair (399.831561ms)
✔ malformed finding "resolved:   " requires repair (407.394964ms)
✔ malformed finding "Open: incorrect case" requires repair (379.378722ms)
✔ malformed finding "unknown: issue" requires repair (357.688728ms)
✔ malformed finding "\u001b[31mBAD: issue" requires repair (358.337994ms)
✔ the established explicit empty findings list remains valid (355.963723ms)
✔ a scalar findings value requires the supported list format (332.130107ms)
✔ check runs a mechanism when a requirement outside the commitment was revised, and asks for the review once a commitment includes it (LOOP-059) (851.371641ms)
✔ a Requirements: line written as a list is read like the flat form (LOOP-102) (130.949291ms)
✔ a subdirectory or a README in a record directory changes nothing (LOOP-103) (504.436608ms)
✔ two Current: lines are a roadmap repair (LOOP-104) (83.022807ms)
✔ a repeated identifier, an input under the evidence directory, and a missing cwd are refused by name (LOOP-105) (435.763477ms)
✔ a requirement whose evidence outlives its mechanism is named declare, not a regression or an escalation (LOOP-106) (988.140755ms)
✔ an unreadable record is a repair, not an error exit (LOOP-107) (79.905289ms)
✔ a review needs commit, a nonempty examined list, and a findings list, each named when missing (LOOP-108) (952.801308ms)
✔ a decision record missing a header field or naming a missing predecessor is a repair (LOOP-109) (294.972359ms)
✔ a dirty declared input with no in-progress record is named record ahead of run (LOOP-022, LOOP-110) (235.884303ms)
✔ with core.filemode false the index mode is the identity, so a mode-only difference does not refuse the check (LOOP-111) (241.50492ms)
✔ a project below the Git toplevel can run check (LOOP-112) (241.455869ms)
✔ a shallow clone names history to fetch, not a decision to build (LOOP-113) (132.107102ms)
✔ record-writing commands refuse to run outside a Cairn repository and write nothing (LOOP-118) (235.996124ms)
✔ a git that cannot start is one line and exit 3 from wake and from check, with nothing recorded (LOOP-137) (92.709204ms)
✔ an unexplained or uncommitted stop record is named explain before any other action; explained and committed, the wake moves on (LOOP-139) (263.932216ms)
✔ empty footprint names declaration before scope and records no evidence (LOOP-081) (540.407106ms)
✔ first declaration still checks the full earlier history (LOOP-081) (357.78559ms)
✔ an empty current footprint does not block an explicitly requested existing mechanism (LOOP-081) (293.685572ms)
✔ an inherited mechanism provides a footprint even before local mechanisms exist (265.008847ms)
✔ scope reports every path, escapes line breaks, and gives identical remedies (LOOP-082) (229.475161ms)
✔ scope verdict reuses the answered-escalation annotation (LOOP-048, LOOP-051, LOOP-083) (581.407085ms)
✔ a committed scope acknowledgment lets restored history proceed (LOOP-083) (695.520306ms)
✔ scope acknowledgment must be committed before it can clear a breach (623.464115ms)
✔ ordinary ok does not acknowledge scope history (282.211448ms)
✔ scope escalation refuses unrestored paths and names the restoration remedy (255.016961ms)
✔ an invalid scope request still records an explicitly Blocking decision (137.049778ms)
✔ ask and explanation stay open; only the final committed ok acknowledges scope (683.313255ms)
✔ instead is visible but does not silently authorize a scope exception (366.995496ms)
✔ later changes to an acknowledged path still block, including later reverts (1050.429658ms)
✔ approval cannot hide another path changed after the snapshot (347.748556ms)
✔ acknowledged history remains conditional on the paths staying restored (523.035354ms)
✔ editing the scope snapshot after answer invalidates its acknowledgment (303.29175ms)
✔ malformed scope metadata cannot suppress a breach (1333.863393ms)
✔ damaged acknowledgment fields cannot suppress a breach (535.316998ms)
✔ scope path matching is literal, including wildcard filenames and control characters (536.169ms)
✔ scope acknowledgment does not carry into another activation of the same slug (299.773112ms)
✔ restoration checks additions, deletions, executable modes, and symlink kinds (1386.993276ms)
✔ explicit committed retention keeps correct work and requires new evidence and review (LOOP-084, LOOP-085) (2058.998043ms)
✔ a missing declaration covers correct earlier work without retention or revert (466.195813ms)
✔ keep requires scope and an unchanged committed candidate (159.312912ms)
✔ uncommitted retention and instead answers cannot clear the incident (982.109656ms)
✔ retention does not grant future edits, even when reverted to the approved tree (1260.491837ms)
✔ retention cannot cover another path or another activation (529.898861ms)
✔ imported changes must still match the retained tree (539.749211ms)
✔ retention handles additions, deletions, modes, symlinks, and literal filenames (1860.268073ms)
✔ retention cannot convert an existing restoration answer or accept an unknown mode (365.023825ms)
✔ a check failure after retention remains a failure (647.808139ms)
✔ retained paths stay part of the stable checked candidate without extending its footprint (542.20724ms)
✔ retention ask needs an explanation and final committed approval (532.39281ms)
✔ an unknown scope mode remains invalid even with a matching approval digest (251.368898ms)
✔ backlog writes the item; a second with the same title is refused, never overwritten (LOOP-016) (142.554184ms)
✔ a commit inside the footprint: check runs; outside it: check names the path and does not run (LOOP-015, LOOP-035) (535.320012ms)
✔ Cairn's records are never a breach; another file under docs/ is (LOOP-117) (642.421203ms)
✔ declaring the path as an input clears the breach (246.302805ms)
✔ a revert preserves the record of an out-of-scope commit (LOOP-047) (304.607696ms)
✔ a commitment naming a requirement the spec set does not hold as Agreed is repaired (LOOP-029) (79.677488ms)
✔ a requirement in a Draft spec file is not Agreed (82.760453ms)
✔ working agreements and the ignore file are Cairn records (LOOP-035, LOOP-036) (451.657527ms)
✔ the over-asking rule is gone from both skills (SPEC-005, SPEC-006, SPEC-007) (1.116387ms)
✔ a decision during the phase is recorded (DEC-003) (0.142174ms)
✔ understanding is restated before writing (SPEC-003) (0.086098ms)
✔ falsifiers are proposed as one set and confirmed by exception (SPEC-004) (0.132015ms)
✔ depth is inferred and domains derived, never asked or imposed (SPEC-008, SPEC-009) (0.09245ms)
✔ a term enters the glossary at first occurrence (SPEC-010) (0.060322ms)
✔ the phase ends at the first commitment, and later ones are specified during the loop (SPEC-011, SPEC-012) (0.073577ms)
✔ a requirement goes Agreed only with a nameable mechanism (SPEC-013) (0.090712ms)
✔ review before agreement, recording what it attacked (SPEC-014, SPEC-015) (4.033955ms)
✔ no spec file without requirements; nothing Agreed without a falsifier (SPEC-001, SPEC-002) (0.253557ms)
✔ Observed is marked, and is not contract (SPEC-016, SPEC-017) (0.129321ms)
✔ the skills exclude artifacts outside Cairn's workflow (0.135533ms)
✔ the working agreement names the agent's move for each verdict and the write-ahead record (LOOP-036) (1.319872ms)
✔ the working agreement names the developer's moves (LOOP-036, DEC-014) (0.104645ms)
✔ this repository runs by the file it ships (0.371187ms)
✔ both skills write the working agreement without naming a vendor's file (LOOP-002, LOOP-036, PKG-006) (0.116551ms)
✔ the working agreement says what an attempt is (LOOP-036, DEC-017, DEC-018) (0.070526ms)
✔ the working agreement says a failure no footprint change can address is an escalation, and where an inherited requirement is repaired (DEC-019, LOOP-057) (0.084189ms)
✔ the working agreement states the promote, next-iteration, and no-deferral moves (LOOP-029, LOOP-087, LOOP-091, LOOP-092) (0.070425ms)
✔ both skills sort captures into the backlog or next-iteration and forbid deferral (LOOP-029, LOOP-092, LOOP-093) (0.052928ms)
✔ the skill requires a falsifier on every requirement, a MAY included (SPEC-025) (0.046296ms)
✔ the working agreement names the hooks as optional and the install skill registers them for two harnesses (PKG-006, PKG-018, PKG-019) (0.197831ms)
✔ the working agreement says the kernel is upgraded at Done, never inside a commitment (LOOP-096) (0.059272ms)
✔ the next-iteration skill starts from the specification and ends by naming the next commitment (SPEC-026, SPEC-027) (0.200022ms)
✔ every document that names the project skills names next-iteration beside them (SPEC-026, PKG-014) (2.704819ms)
✔ the working agreement states a move for every action the kernel can name (LOOP-101) (1.528105ms)
✔ the working agreement states both record formats and the two flags the moves need (LOOP-036) (0.140958ms)
✔ the skills demonstrate a safe violating example and preserve recon findings (SPEC-022, SPEC-023) (0.055191ms)
✔ the specification skills run the checker through the cairn command (PKG-029) (0.196255ms)
✔ the README invokes the phase skills by name and states versions and platforms (PKG-030, PKG-031) (0.25374ms)
✔ the manual and the walkthrough say the loop promotes backlog items at Done (0.55299ms)
✔ the working agreement says a report is not work under way, its findings are captured, and it is committed with them (LOOP-138) (0.059985ms)
✔ a two-obligation sentence is named (PKG-007) (43.749832ms)
✔ an obligation with no actor is named (PKG-010) (38.386763ms)
✔ a leading condition clause is not the actor, and the actor after it counts (37.247564ms)
✔ an Agreed requirement with no falsifier is named (SPEC-002); a Draft one is not (80.554273ms)
✔ prose after a Draft requirement with no falsifier is not scanned as requirement text (39.17403ms)
✔ a spec declaring a prefix with no requirement is named (SPEC-001) (32.609563ms)
✔ a keyword in backticks or quotes is a mention, not an obligation (42.708286ms)
✔ duplicate identifiers are rejected within a file and across files (SPEC-020) (73.588569ms)
✔ references resolve across files; missing references name their source (SPEC-021) (67.157305ms)
✔ code examples and quoted mentions are neither definitions nor references (38.443693ms)
✔ machine-local paths are findings in prose, links, quotes, and examples (SPEC-019) (419.021013ms)
✔ relative paths, URLs, slash commands, and character mentions are not absolute path findings (35.775139ms)
✔ a slash after a placeholder continues the template (SPEC-019) (73.40169ms)
✔ a host path is a finding until the file declares it (SPEC-019, SPEC-024) (82.323056ms)
✔ declared host paths cover children with a slash boundary and stay file-local (107.503079ms)
✔ a host-path declaration inside a requirement or example grants no exception (125.630164ms)
✔ host-path declarations require absolute or home-relative entries (192.338025ms)
✔ an Agreed block whose only keyword is MAY needs a falsifier like any other (SPEC-025, SPEC-002) (79.423834ms)
✔ a regex literal is not a path, a drive path and a file URL are, and a skill's slash name is allowed (SPEC-028, SPEC-029) (77.895821ms)
✔ a backticked or quoted actor still counts as one (PKG-010) (37.973537ms)
✔ supersede writes both lines, and the old record keeps every word it had (DEC-008, DEC-010) (86.163647ms)
✔ supersede without a cause, or with one outside the four, is refused (DEC-009) (129.355328ms)
✔ supersede of a record that does not exist is refused (69.917476ms)
✔ a predecessor with no title line cannot be stamped, so nothing is written (79.236314ms)
✔ a --supersedes argument outside the slug alphabet is refused, and a path never reaches the filesystem (DEC-022) (220.709405ms)
✔ a record already superseded cannot be superseded again: one Superseded by line per record (DEC-022, DEC-010) (180.607387ms)
✔ reversals reports counts by decider, cause, and domain (DEC-011) (182.53811ms)
✔ decide in a domain with a reversal is refused without --history, naming the reversal; with it, the record carries History (DEC-012) (182.587851ms)
✔ decide in a domain with no reversals needs no --history (135.429324ms)
✔ a record resting on prose alone is in the domain unspecified, and so is the next one (118.090419ms)
✔ the decider tally normalizes case and whitespace, and names a value outside the vocabulary (DEC-020, DEC-011) (78.444023ms)
✔ a record with no Decided by line is tallied as unrecorded, not as a vocabulary value (69.027731ms)
✔ Decided by written as a list tallies like the flat form, and does not crash the report (LOOP-124, DEC-020) (69.990624ms)
✔ a second declaration for one requirement is accepted, a named check runs every mechanism, and Done needs each to pass (LOOP-056, LOOP-099) (1945.37272ms)
✔ one mechanism's stale evidence names that mechanism, and --stale runs only it (LOOP-056, LOOP-094) (730.326219ms)
✔ attempts are counted within one mechanism's records, so the other's passes do not reset them (LOOP-100, DEC-016) (1298.540804ms)
✔ step 1: an in-progress record is reconciled before anything else (99.226261ms)
✔ step 2: an open escalation is presented and nothing else happens (79.439156ms)
✔ an answered escalation is not open (493.588082ms)
✔ step 3: a decision with no realized-by is built, first by name (DEC-007) (83.173471ms)
✔ a superseded decision with no realized-by is not work (114.833156ms)
✔ step 6: a mechanism that has never run is run, not implemented (LOOP-008) (108.144373ms)
✔ step 6: a requirement whose mechanism fails is implemented (475.168959ms)
✔ step 6 before step 7: failing evidence outranks a missing mechanism (321.253119ms)
✔ step 7: a requirement with no mechanism is declared (LOOP-106) (78.271658ms)
✔ every verdict names who acts: Resolvable is the agent's, Done needs nobody, Escalate waits for the developer (LOOP-004) (576.069185ms)
✔ malformed roadmap is Resolvable, not fatal (LOOP-005) (55.652058ms)
✔ a commitment naming no requirements is Resolvable (LOOP-018) (62.916114ms)
✔ the primary test: two wakes on the same checkout give the same action, before and after a persisted transition (LOOP-001, LOOP-003) (517.411387ms)
✔ outside a cairn repository wake cannot run (36.887581ms)
✔ the loop never waits on the review queue (DEC-015) (319.125016ms)
✔ twenty built records cost one git call to resolve, not twenty (DEC-023) (174.430479ms)
✔ an ambiguous Realized by identifier is the repair that says lengthen it, not a build (LOOP-113, DEC-023) (192.175429ms)
✔ the linked walkthrough runs from agreement through the next commitment (PKG-016) (1271.426985ms)
ℹ tests 516
ℹ suites 0
ℹ pass 516
ℹ fail 0
ℹ cancelled 0
ℹ skipped 0
ℹ todo 0
ℹ duration_ms 22180.638939
