✔ a Draft block overrides an Agreed file for both wake and check (SPEC-018) (204.657934ms)
✔ an Agreed block overrides a Draft file in the kernel and lint (SPEC-018, SPEC-002) (531.135066ms)
✔ a block Status does not become the file default, including inside examples (SPEC-018) (359.976655ms)
✔ block status without a value does not inherit Agreed by accident (SPEC-018) (83.552463ms)
✔ inheritance needs a file Scope and includes only Agreed blocks, regardless of prefix (PKG-015) (1465.976345ms)
✔ Scope inside a requirement or fenced example does not declare inheritance (PKG-015) (626.346444ms)
✔ a falsifier wrapped onto a line beginning with Status: does not become the block's status (SPEC-018) (1.213651ms)
✔ LOOP-063: reject input mutation during a check and retain diagnostics (361.639433ms)
✔ LOOP-063: reject deletion mutation during a check and retain diagnostics (340.508792ms)
✔ LOOP-063: reject addition mutation during a check and retain diagnostics (402.832888ms)
✔ LOOP-063: reject mode mutation during a check and retain diagnostics (432.160447ms)
✔ LOOP-063: reject specification mutation during a check and retain diagnostics (345.92773ms)
✔ LOOP-063: reject declaration mutation during a check and retain diagnostics (338.710559ms)
✔ LOOP-063: reject commit mutation during a check and retain diagnostics (293.430468ms)
✔ LOOP-063: committed input mutation during execution cannot certify the replacement (297.583816ms)
✔ LOOP-064: removing executable permission makes passing evidence stale (442.69469ms)
✔ LOOP-064: a mode-only change also invalidates the previous review after new evidence (633.605461ms)
✔ LOOP-064: changing a regular file into a link with identical identity bytes is stale (705.639639ms)
✔ LOOP-063: an unchanged candidate still records a pass despite unrelated working-tree edits (174.701692ms)
✔ LOOP-064: current and historical input ordering agrees for Unicode filenames (256.647316ms)
✔ LOOP-063: Git status hiding content changes cannot certify an uncommitted candidate (110.124519ms)
✔ LOOP-066: one check owns execution with a kernel action record (421.258438ms)
✔ LOOP-066: one check owns execution with an agent action record (414.363958ms)
✔ LOOP-066: a live lock is named and never silently overwritten (120.093887ms)
✔ LOOP-066: a dead lock is named and never silently overwritten (137.520128ms)
✔ LOOP-066: a incomplete lock is named and never silently overwritten (135.747846ms)
✔ LOOP-066: an execution error releases the check lock for a corrected rerun (462.25546ms)
✔ LOOP-066: a live kernel action from an older Cairn also blocks execution (92.037131ms)
✔ LOOP-066: separate Git worktrees can run checks independently (394.38387ms)
✔ after a green check --stale runs nothing; after one input changes it runs only that mechanism (LOOP-094) (884.474923ms)
✔ a mechanism speaking for two stale requirements runs once and refreshes both (LOOP-094, LOOP-040) (673.619615ms)
✔ a fresh failure and an unverified result are skipped with implement named (LOOP-094) (543.901023ms)
✔ --stale with a requirement identifier is refused (LOOP-094) (69.259761ms)
✔ check refuses a dirty declared input and names it; a dirty undeclared file does not block (LOOP-030) (387.696399ms)
✔ check writes one receipt per run carrying the full record and a result line per requirement (LOOP-097) (287.016416ms)
✔ a nonzero exit records fail, and the receipt keeps the exit code (LOOP-034) (289.784308ms)
✔ a pass after a fail keeps the failing record; nothing is overwritten or deleted (LOOP-025) (618.394451ms)
✔ a commit changing a declared input makes evidence stale; an undeclared one does not (LOOP-007) (686.955743ms)
✔ a regression is named before a requirement that never passed (LOOP-031) (771.875626ms)
✔ three attempts with no escalation since: wake says escalate, not a fourth (DEC-016, DEC-017, DEC-018) (1794.665592ms)
✔ the review gate: no review, stale review, open finding, then Done (LOOP-020, LOOP-033) (845.815442ms)
✔ Done is refused while any requirement lacks current passing evidence (LOOP-017) (73.307948ms)
✔ check names a requested requirement that no mechanism claims (79.868052ms)
✔ check writes the in-progress record before the run and clears it after (LOOP-021) (158.976092ms)
✔ a linked declared input digests the same at a commit and in the tree (LOOP-023, LOOP-024) (347.057597ms)
✔ a result line is the mechanism's statement about one requirement; what it did not mention is unverified (LOOP-037, LOOP-052) (163.241805ms)
✔ a mechanism that says nothing is read by its exit code for every requirement (LOOP-039) (175.83197ms)
✔ unverified is not an attempt, and a return to an earlier failed digest counts once (DEC-017, DEC-018) (1473.096758ms)
✔ a result line for a requirement the mechanism does not speak for is named and writes nothing (LOOP-038) (168.333202ms)
✔ a result line inside ordinary output, or without the marker, does not count (169.865729ms)
✔ a targeted check runs the named requirements' mechanisms and records every requirement they speak for (LOOP-040) (174.560494ms)
✔ two result lines for one requirement: a fail on any line wins (185.065378ms)
✔ three runs at one digest with no attempt since: the verdict stays implement and names DEC-019; an escalation naming it among others clears the hint (DEC-019, LOOP-053) (835.953067ms)
✔ a complete commitment with an unpromoted backlog item names promote, and a stamped item lets it reach Done (LOOP-087) (876.915817ms)
✔ an empty backlog with waiting next-iteration items is Done, with the count as information and no action on them (LOOP-091) (779.889045ms)
✔ a promotion marker must resolve to a decision record (LOOP-088) (241.444427ms)
✔ a commitment promoted from an item needs a decision record naming the item (LOOP-088) (230.679788ms)
✔ the spec lint reports a promotion marker with no decision record (LOOP-088) (60.131481ms)
✔ a promoted commitment that changes an Agreed requirement or the working agreement is an escalation; an unpromoted one is not (LOOP-089, LOOP-090) (1239.3511ms)
✔ a capture from one of the commitment's own requirements needs Outside because: or an escalation (LOOP-092) (1322.818424ms)
✔ a next-iteration item names what it would change, and the capture refuses one that does not (LOOP-093) (328.567263ms)
✔ a commitment specified from a next-iteration item needs the item stamped before anything else (SPEC-027) (414.935955ms)
✔ a by deference marker resolves to a decision record like a promotion marker (SPEC-002, LOOP-088) (166.050873ms)
✔ the LOOP-090 gate reads the Concerns line, not the slug as a substring (LOOP-114) (476.136199ms)
✔ the LOOP-088 check reads the Promotes line, and decide --promotes writes it (LOOP-115) (211.262487ms)
✔ the activation commit of a promoted commitment is inside the LOOP-089 comparison (LOOP-116) (126.232089ms)
✔ the LOOP-090 route needs one escalation: its Concerns line covers the moved item too (LOOP-119, LOOP-092, LOOP-114) (590.00627ms)
✔ an escalation raised before the promoted commitment began does not silence the LOOP-090 gate (LOOP-114) (294.214497ms)
✔ an escalation raised before the commitment began does not silence the capture gate (LOOP-119) (306.887865ms)
✔ the activation commit is inside the scope footprint (LOOP-120) (102.072978ms)
✔ a requirement Agreed at activation that is demoted or removed is a contract change (LOOP-121) (544.966183ms)
✔ the include files are the root files that hold @AGENTS.md: exempt from the footprint, compared by the gate (LOOP-122) (992.464122ms)
✔ a superseded promotion no longer satisfies the LOOP-088 check, and the repair says the promotion was reversed (LOOP-123) (420.156445ms)
✔ the restore route measures from the tree before activation, so a path the activation commit added must go (LOOP-120, LOOP-035) (148.430903ms)
✔ the loop works against exactly one commitment: the current one (LOOP-019) (353.124213ms)
✔ a promotion recorded below Consequential is a repair naming the level, since the developer never sees it in the queue (LOOP-088) (60.749099ms)
✔ every requirement the node-test declaration speaks for is named in a test title (PKG-025) (1.828733ms)
✔ every repository path the tests read is a declared input of node-test (PKG-026) (0.600339ms)
✔ writes a record with every required field and an empty realized-by (DEC-001, DEC-005) (68.129028ms)
✔ a Consequential decision is queued for review (DEC-013) (69.948826ms)
✔ a Consequential decision is queued even when .cairn/queue does not exist yet (66.401955ms)
✔ Routine is refused: routine decisions produce no record (101.29188ms)
✔ a missing field is a usage error and nothing is written (71.041789ms)
✔ supersedes requires a classified cause, and the old record must exist (180.975397ms)
✔ an existing record is not overwritten (132.865602ms)
✔ a queued decision stays queued; nothing but the developer removes it (DEC-014) (187.137089ms)
✔ LOOP-006, LOOP-067: missing inputs names a declaration repair before execution (134.100439ms)
✔ LOOP-006, LOOP-067: empty inputs names a declaration repair before execution (141.563209ms)
✔ LOOP-006, LOOP-067: missing command names a declaration repair before execution (141.704694ms)
✔ LOOP-006, LOOP-067: list command names a declaration repair before execution (115.132577ms)
✔ LOOP-006, LOOP-067: empty command names a declaration repair before execution (137.035615ms)
✔ LOOP-006, LOOP-067: missing requirements names a declaration repair before execution (136.916958ms)
✔ LOOP-006, LOOP-067: bad identifier names a declaration repair before execution (151.350227ms)
✔ LOOP-067: scalar one-item lists retain their existing meaning (313.9723ms)
✔ LOOP-068: a unpopulated gitlink is refused by name (179.995177ms)
✔ LOOP-068: a populated gitlink is refused by name (191.984391ms)
✔ LOOP-069: identical selections across 100 mechanisms use at most 20 Git processes (138.196245ms)
✔ escalate writes the six-line format followed by its facts, and wake presents it (LOOP-010, LOOP-026) (146.334362ms)
✔ a missing or multi-line field is refused with the field named, and nothing is written (LOOP-012) (140.206152ms)
✔ a Blocking escalation that fails the format is written anyway, naming the malformed field (LOOP-013) (117.198521ms)
✔ the loop stops for the developer only at Blocking: a recorded decision below it never yields Escalate, and the Blocking bypass must be spelled exactly (DEC-002) (290.542769ms)
✔ a second escalation while one is open is refused (LOOP-011) (129.100376ms)
✔ answer records the reply; wake no longer presents it; a second answer is refused (286.504091ms)
✔ answer to an unknown escalation is refused (80.357344ms)
✔ a stranger resumes from the file alone: question and answer are both in it (LOOP-014) (139.396492ms)
✔ after an answer, the same concern can be escalated again under a new name (186.330864ms)
✔ an escalation exists when its file does, committed or not (LOOP-009) (82.012367ms)
✔ developer answers require one of the three forms and cannot inject fields (LOOP-048) (558.577723ms)
✔ ask, agent explanation, another ask, and ok stay ordered in one file (LOOP-049, LOOP-050, LOOP-014) (696.214724ms)
✔ fresh closed answers accompany only concerned requirements until new evidence (LOOP-051) (576.919727ms)
✔ a raised escalation carries no derivable status line, and an old record with one still parses (LOOP-028) (148.077263ms)
✔ LOOP-065: delete of output refuses Done and a new run recovers (1078.488414ms)
✔ LOOP-065: corrupt of output refuses Done and a new run recovers (1050.071061ms)
✔ LOOP-065: delete of stderr_output refuses Done and a new run recovers (836.816619ms)
✔ LOOP-065: corrupt of stderr_output refuses Done and a new run recovers (760.830902ms)
✔ LOOP-065: a receipt without output needs a new check (390.991264ms)
✔ LOOP-065: a receipt without output_digest needs a new check (378.184258ms)
✔ LOOP-065: a receipt without stderr_output needs a new check (374.110011ms)
✔ LOOP-065: a receipt without stderr_digest needs a new check (369.179248ms)
✔ LOOP-065: legacy unverifiable output is rerun without rewriting history (621.90879ms)
✔ a fresh record names the kernel that wrote it (LOOP-023) (273.280953ms)
✔ LOOP-095: a record from another kernel is stale with the kernel named, and a new check restores Done (605.349149ms)
✔ LOOP-095: a record from no kernel is stale with the kernel named, and a new check restores Done (653.404889ms)
✔ LOOP-070: a later failure is latest even when the clock moves backward (854.529418ms)
✔ LOOP-070: receipt collisions at one clock instant retain execution order beyond nine suffixes (2824.405448ms)
✔ LOOP-070: imported branch receipts stale a later sequence until a new check incorporates them (985.995263ms)
✔ LOOP-070, LOOP-098: legacy receipts need one ordered check, remain byte-for-byte unchanged, and precede the run receipt in the history (422.925817ms)
✔ LOOP-070: edit of a prior receipt requires fresh evidence (418.945893ms)
✔ LOOP-070: remove of a prior receipt requires fresh evidence (409.113899ms)
✔ LOOP-075: supporting evidence file README.md does not become a receipt (433.781367ms)
✔ LOOP-075: supporting evidence file notes.txt does not become a receipt (493.104648ms)
✔ LOOP-075: supporting evidence file support does not become a receipt (466.159003ms)
✔ LOOP-075: supporting evidence file .DS_Store does not become a receipt (438.44042ms)
✔ LOOP-075: a malformed result line (result=success) names a repair before execution (321.318762ms)
✔ LOOP-075: a malformed result line (sequence=NaN) names a repair before execution (318.983888ms)
✔ LOOP-075: a malformed result line (sequence=9007199254740992) names a repair before execution (296.239737ms)
✔ LOOP-075: a malformed result line (history_digest=wrong) names a repair before execution (326.806815ms)
✔ LOOP-075: a malformed result line (tokens) names a repair before execution (301.687661ms)
✔ LOOP-075: a receipt-shaped directory is a named repair instead of an EISDIR crash (257.521987ms)
✔ LOOP-070: an earlier escalation cannot cover three new attempts after clock rollback (892.952882ms)
✔ LOOP-070: an answer becomes old after a later check even if that check's timestamp is earlier (583.499176ms)
✔ LOOP-070: the newest answer wins between checks even when its clock timestamp is older (379.8021ms)
✔ LOOP-070: legacy escalation dates cover old receipts but not three newer sequenced runs (1120.869701ms)
✔ a PKG requirement the commitment does not name is declared, run, and gates Done (PKG-011) (1645.665544ms)
✔ a PKG requirement in a Draft spec is not folded in (399.960739ms)
✔ LOOP-076, LOOP-079: stale inputs identify the receipt and the check to run (633.747336ms)
✔ LOOP-077: names a content change using checked input identity (649.2583ms)
✔ LOOP-077: names a mode change using checked input identity (569.101971ms)
✔ LOOP-077: names a kind change using checked input identity (512.437412ms)
✔ LOOP-077: names a added change using checked input identity (470.577451ms)
✔ LOOP-077: names a removed change using checked input identity (413.013059ms)
✔ LOOP-077: names a link-target change using checked input identity (633.773634ms)
✔ LOOP-077: changed selection compares the old and new input sets (413.765367ms)
✔ LOOP-077: raw CRLF changes remain visible when Git-clean content agrees (376.021118ms)
✔ LOOP-077: detail output is sorted, bounded, and reports the omitted count (370.548769ms)
✔ LOOP-077: filenames cannot inject lines or terminal controls into explanations (363.216791ms)
✔ LOOP-077: receipts from one run share details and do not store source contents (265.165739ms)
✔ LOOP-078, LOOP-080: legacy optional detail limits explanation without changing standing (424.303622ms)
✔ LOOP-078, LOOP-080: invalid-field optional detail limits explanation without changing standing (447.252168ms)
✔ LOOP-078, LOOP-080: missing optional detail limits explanation without changing standing (459.781224ms)
✔ LOOP-078, LOOP-080: invalid-json optional detail limits explanation without changing standing (435.824217ms)
✔ LOOP-078, LOOP-080: mismatched optional detail limits explanation without changing standing (446.691922ms)
✔ LOOP-078, LOOP-080: duplicate optional detail limits explanation without changing standing (462.883034ms)
✔ LOOP-078, LOOP-080: unsafe-path optional detail limits explanation without changing standing (421.886168ms)
✔ LOOP-078, LOOP-080: directory optional detail limits explanation without changing standing (448.321272ms)
✔ LOOP-078, LOOP-080: symlink optional detail limits explanation without changing standing (435.905183ms)
✔ LOOP-078: unavailable old requirement text is not claimed as a proven change (343.607702ms)
✔ LOOP-076, LOOP-079: changed requirements identify evidence and retain review-before-check guidance (361.241112ms)
✔ LOOP-078: simultaneous input and output damage keep both reasons (345.945148ms)
✔ LOOP-080: deterministic freshness sequence seed=7 (7603.403613ms)
✔ LOOP-080: deterministic freshness sequence seed=42 (5394.866039ms)
✔ LOOP-080: deterministic freshness sequence seed=913 (4668.04839ms)
✔ LOOP-080: agreement changes, mechanism review, checks, and completion review retain priority (1201.338567ms)
✔ LOOP-080: imported receipt history demands a rerun without a false input explanation (1143.189499ms)
✔ LOOP-073: clean CRLF input completes under attributes (491.138694ms)
✔ LOOP-073: clean CRLF input completes under autocrlf (479.948968ms)
✔ LOOP-073: raw line-ending mutation during a run is rejected even when Git still sees the same content (233.197236ms)
✔ LOOP-073: execution evidence changes when clean conversion preserves committed identity (873.168911ms)
✔ LOOP-073: Git clean filters use Git's conversion while retaining raw evidence identity (421.499386ms)
✔ LOOP-073: failure of a required Git filter cannot record evidence (99.558683ms)
✔ LOOP-073: a clean filter moving HEAD during ending validation prevents evidence (490.579132ms)
✔ LOOP-073: canonical Git identities handle links without reading their targets (355.40902ms)
✔ LOOP-073: Git conversion keeps raw Unicode and control-character input paths (327.832979ms)
✔ LOOP-073: conversion and links work in a SHA-256 Git repository (320.808607ms)
✔ LOOP-074: historical specification filename "café.md" remains reviewable (328.049779ms)
✔ LOOP-074: historical specification filename "spec\ttab.md" remains reviewable (301.253879ms)
✔ LOOP-074: historical specification filename "spec\nline.md" remains reviewable (288.71844ms)
✔ help works outside a repository without running a command (PKG-017) (948.267053ms)
✔ help does not hide invalid options or consume literal arguments (180.524952ms)
✔ help lists the lint command (PKG-017) (51.956112ms)
✔ the stop hook refuses a stop while wake says Resolvable, with the verdict as the reason (PKG-018) (157.542701ms)
✔ the stop hook allows a stop at Done, at Escalate, and outside a Cairn repository (PKG-018) (904.979103ms)
✔ the session-start hook links the command once and prints the verdict in a Cairn repository (PKG-019, PKG-014, PKG-005) (432.972797ms)
✔ the session-start hook prints no verdict outside a Cairn repository and leaves an existing link that resolves alone (PKG-019) (52.408606ms)
✔ a checkout under a path with a space links a command that resolves, and its stop hook still blocks (PKG-019, PKG-021) (297.93873ms)
✔ the hooks run the kernel the command link resolves to, so hook and agent share one referee (PKG-021) (828.579395ms)
✔ a dangling link is replaced and reported (PKG-019) (120.961254ms)
✔ errors exit 0 with one line on standard error and no stack trace (PKG-022) (150.867134ms)
✔ the hooks judge with the cairn on PATH, a wrapper included, and session-start names it (PKG-033) (791.091703ms)
✔ a link to a wrapper or file is kept; a dangling link or one to a directory is replaced (PKG-034) (344.031135ms)
✔ a project below the Git toplevel gets the verdict and the stop refusal (PKG-035) (241.314066ms)
✔ a kernel that prints no verdict is one stderr line: the stop is allowed and session-start prints no trace (PKG-036) (136.325709ms)
✔ a link that cannot be created is one stderr line, and the verdict still prints (PKG-019, PKG-022) (110.131217ms)
✔ with git absent the hooks say so in one line and block nothing (PKG-022) (63.833911ms)
✔ cairn lint runs the checker over docs/spec by default and over a named directory (PKG-028) (200.885656ms)
✔ cairn lint names a missing directory in one line, takes one argument, and reports a bad root (PKG-028) (202.173181ms)
✔ three megabytes are retained exactly once with matching digests (LOOP-041, LOOP-042) (346.215494ms)
✔ split stdout result lines survive a long non-result line; stderr is never a verdict (337.146642ms)
✔ signal termination is recorded and logs survive a clone (LOOP-043) (310.229054ms)
✔ working agreements and ignore changes are Cairn records inside the footprint (329.315738ms)
✔ a clean package passes (79.142742ms)
✔ PKG-001: a dependency, or a service manifest (154.057057ms)
✔ PKG-002: ignoring evidence or other durable state, by directory or by extension (141.503563ms)
✔ PKG-003: a command, a directory, or a record kind no decision names (211.020292ms)
✔ PKG-004: a kernel over 1600 lines, counting every file under bin/ as wc -l does; exactly 1600 passes (341.373352ms)
✔ PKG-006: a skill step naming a vendor's product, in either order, across a wrapped list item (PKG-027) (312.828561ms)
✔ PKG-008: a non-ASCII character in a tracked text file (78.847727ms)
✔ PKG-009: the kernel importing from tests (86.691462ms)
✔ PKG-012: a network call or a model vendor in the kernel (156.218121ms)
✔ PKG-013: deferral language, but not in code, quotes, or a rule (528.725448ms)
✔ a tracked path deleted from the working tree is skipped, not a crash (69.462457ms)
✔ a sentence in a Formats section is not a record kind (60.167933ms)
✔ a record kind named by its path alone is checked (67.740662ms)
✔ PKG-002: a tracked in-progress record (57.449727ms)
✔ PKG-002: ignoring evidence alone is a finding (54.529052ms)
✔ PKG-003 reads the kernel's commands from its help output (PKG-023) (84.450278ms)
✔ the ASCII scan covers shipped files, not records under .cairn/ (PKG-024) (56.085005ms)
✔ a vendor-naming step wrapped across lines is matched (PKG-006, PKG-027) (62.415557ms)
✔ PKG-013 scans the README, the manual, and the walkthrough (PKG-032) (175.680965ms)
✔ the manifests, the listing and package.json agree on the name and version, and name paths the repository holds (PKG-037) (2.000414ms)
✔ the hooks file registers session-start and stop against the plugin's own hook.mjs through the plugin root variable (PKG-038) (0.200826ms)
✔ the registered commands print the verdict at session start, link the command into the plugin, and refuse a stop while wake says Resolvable (PKG-038, PKG-021) (321.858068ms)
✔ LOOP-071: decision body metadata does not resolve unbuilt work: "Superseded by: example" (609.520563ms)
✔ LOOP-071: decision body metadata does not resolve unbuilt work: "```text\nSuperseded by: example\n```" (581.76823ms)
✔ LOOP-071: decision body metadata does not resolve unbuilt work: "~~~text\nSuperseded by: example\n~~~" (600.395655ms)
✔ LOOP-071: a fenced realization example is not a resolving commit (509.667582ms)
✔ LOOP-071: a fenced commit inside the realization section is not built (438.424074ms)
✔ LOOP-071: ## Example cannot replace an open review finding (432.096318ms)
✔ LOOP-071: # Example cannot replace an open review finding (412.58582ms)
✔ LOOP-071: ### Example cannot replace an open review finding (409.116557ms)
✔ LOOP-071:   ## Example cannot replace an open review finding (388.750106ms)
✔ LOOP-071: Example paragraph. cannot replace an open review finding (370.685784ms)
✔ LOOP-071: Example
------- cannot replace an open review finding (361.911916ms)
✔ LOOP-071: fenced fields before a real review header are ignored (345.008682ms)
✔ LOOP-071: multiline decision --title cannot inject metadata (293.876709ms)
✔ LOOP-071: multiline decision --decided-by cannot inject metadata (317.010611ms)
✔ LOOP-071: multiline decision --rests-on cannot inject metadata (290.741092ms)
✔ LOOP-071: multiline decision --wrong-if cannot inject metadata (293.71651ms)
✔ LOOP-071: multiline decision --history cannot inject metadata (307.064706ms)
✔ LOOP-072: malformed Blocking concerns stay open: "R-001\nAnswer: ok" (70.165115ms)
✔ LOOP-072: malformed Blocking concerns stay open: "R-001\r\nAnswer: ok" (72.420304ms)
✔ LOOP-072: malformed Blocking concerns stay open: "R-001\rAnswer: ok" (86.302583ms)
✔ LOOP-072: malformed Blocking concerns stay open: "R-001 Answer: ok" (81.857393ms)
✔ LOOP-072: malformed Blocking concerns stay open: "R-001 Answer: ok" (80.728518ms)
✔ LOOP-072: ordinary malformed concerns are refused: "R-001\nR-002" (40.18864ms)
✔ LOOP-072: ordinary malformed concerns are refused: "R-001, prose" (49.70481ms)
✔ LOOP-072: ordinary malformed concerns are refused: " " (36.695046ms)
✔ LOOP-072: a Blocking escalation without concerns is still presented (94.252945ms)
✔ LOOP-072: carriage returns in a Blocking question do not create answer records (63.163343ms)
✔ LOOP-072: explanation separator 8232 cannot close an escalation (141.327699ms)
✔ LOOP-071: decision metadata refuses separator 8232 (295.005951ms)
✔ LOOP-072: explanation separator 8233 cannot close an escalation (136.534568ms)
✔ LOOP-071: decision metadata refuses separator 8233 (305.344105ms)
✔ Concerns, Rests on, and Promoted from written as lists read as the flat form (LOOP-124) (543.876688ms)
✔ an item named by filename, path, or backticked slug resolves like the slug (LOOP-125) (519.775978ms)
✔ an input that covers Cairn's own output is named as the repair, before and after a check (LOOP-126, LOOP-105) (585.481775ms)
✔ an unreadable record directory is a repair, not an error exit (LOOP-127) (69.137487ms)
✔ a title that slugifies to nothing is refused (LOOP-128) (119.958898ms)
✔ examined: [] is an empty list (LOOP-129, LOOP-108) (378.263567ms)
✔ below the Git toplevel the restore check compares root-relative paths (LOOP-130, LOOP-035) (286.092304ms)
✔ below the Git toplevel an uncommitted declared input is named from the project root (LOOP-132, LOOP-030) (177.414635ms)
✔ an input spelled .. from a project below the Git toplevel covers the evidence directory (LOOP-126, LOOP-105) (69.941605ms)
✔ a Consequential record this commitment added needs its queue entry committed (LOOP-131, DEC-004) (446.786162ms)
✔ a mechanism that removes the check lock still gets its evidence, with no repair for the lock (LOOP-107) (194.452767ms)
✔ a staged rename reads as its two paths, never as a bare origin token (LOOP-030, LOOP-110) (94.050979ms)
✔ a Current: line inside a fenced example is neither a second Current: line nor the commitment, before or after the real line (LOOP-104) (176.367735ms)
✔ a Status: word is taken only from a line that carries one, never from wrapped prose after it (SPEC-018) (0.546369ms)
✔ an unmatched input is refused before execution (LOOP-044) (156.984583ms)
✔ an indexed input deleted on disk asks for a commit (LOOP-045) (166.71334ms)
✔ wake and check require a Git working tree (LOOP-046) (124.414983ms)
✔ recovery removes only dead kernel run records and identifies a live owner (LOOP-054, LOOP-055) (320.074312ms)
✔ an agent action based behind a clean HEAD appears committed (LOOP-027) (182.79488ms)
✔ realization needs a real commit and a subject (DEC-006) (237.076714ms)
✔ 1500 binary inputs digest identically at the review commit in under a second (LOOP-024) (1334.8532ms)
✔ merged work is excluded but a later own commit is a breach (LOOP-047) (193.813942ms)
✔ exact Current tenure ignores prefix matches and earlier visits to the same slug (LOOP-035) (219.419222ms)
✔ a kernel run records its supervising PID (LOOP-054) (192.722026ms)
✔ a merged declared input still stales evidence (LOOP-047) (310.779503ms)
✔ wildcard and magic pathspecs select the same historical inputs (LOOP-024, LOOP-032) (1723.768781ms)
✔ historical selection retains deleted files and excludes new ones (LOOP-024, LOOP-035) (1087.109575ms)
✔ cairn --version prints the package.json version outside a repository, and help lists it (PKG-039) (151.048505ms)
✔ a release is one commit setting one version in the four files, with the changelog entry, tagged v<version> (PKG-040) (968.469512ms)
✔ the release script refuses a bad version, no increase, a dirty tree, a missing entry, a taken tag, a disagreeing file, and a loop not at Done, each in one line with nothing written (PKG-040) (1765.049544ms)
✔ explicit reporting with no lines and exit 0 establishes no requirement verdicts (LOOP-061) (408.333351ms)
✔ explicit reporting with no lines and exit 1 establishes no requirement verdicts (LOOP-061) (407.518158ms)
✔ a reporter that cannot start keeps execution diagnostics without blaming requirements (LOOP-062) (276.562145ms)
✔ large output cannot kill a reporter or invent a requirement verdict (341.808899ms)
✔ explicit mode ignores cairn: R-999: pass (286.893581ms)
✔ explicit mode ignores cairn: R-001: unverified (278.474006ms)
✔ explicit mode ignores cairn: R-001: passed (235.477768ms)
✔ explicit results survive nonzero exit and contradictory duplicates still fail (445.568099ms)
✔ unverified results across changed inputs never become failed attempts (1109.107394ms)
✔ legacy exit 0 retains its interpretation (190.12653ms)
✔ legacy exit 1 retains its interpretation (184.700703ms)
✔ a misspelled reporting mode is refused before execution (102.240675ms)
✔ changed requirement blocks unchecked reruns and makes the completion review stale (LOOP-058, LOOP-059) (1628.350785ms)
✔ falsifier changes need review; separate rationale and other requirements do not change a receipt (987.065857ms)
✔ legacy receipts recover requirement identity from their commit; unavailable history requires review (719.866574ms)
✔ check refuses uncommitted requirement text and mechanism review markers (664.931278ms)
✔ tightened response limit cannot reuse the old passing check (1118.662198ms)
✔ a declared input over 1 MiB agrees at a commit and in the tree (LOOP-060) (400.57795ms)
✔ a failed Git blob read cannot be hashed as an empty blob (324.838874ms)
✔ Git listings over 1 MiB include the last declared input (2240.598464ms)
✔ requirement identity excludes fenced examples and status dates (458.816111ms)
✔ DemonCoder REM-002 and Status in progress cannot silently satisfy the review gate (LOOP-086) (705.644071ms)
✔ valid open findings retain their behavior (543.645639ms)
✔ valid resolved findings retain their behavior (465.505426ms)
✔ valid empty findings retain their behavior (417.851211ms)
✔ valid mixed valid findings retain their behavior (366.780916ms)
✔ malformed finding "open:" requires repair (333.923102ms)
✔ malformed finding "resolved:   " requires repair (304.566817ms)
✔ malformed finding "Open: incorrect case" requires repair (303.029621ms)
✔ malformed finding "unknown: issue" requires repair (302.592688ms)
✔ malformed finding "\u001b[31mBAD: issue" requires repair (293.382249ms)
✔ the established explicit empty findings list remains valid (308.735659ms)
✔ a scalar findings value requires the supported list format (277.642916ms)
✔ a Requirements: line written as a list is read like the flat form (LOOP-102) (149.195436ms)
✔ a subdirectory or a README in a record directory changes nothing (LOOP-103) (500.305776ms)
✔ two Current: lines are a roadmap repair (LOOP-104) (79.277569ms)
✔ a repeated identifier, an input under the evidence directory, and a missing cwd are refused by name (LOOP-105) (433.932569ms)
✔ a requirement whose evidence outlives its mechanism is named declare, not a regression or an escalation (LOOP-106) (994.871621ms)
✔ an unreadable record is a repair, not an error exit (LOOP-107) (70.515969ms)
✔ a review needs commit, a nonempty examined list, and a findings list, each named when missing (LOOP-108) (779.598502ms)
✔ a decision record missing a header field or naming a missing predecessor is a repair (LOOP-109) (271.06567ms)
✔ a dirty declared input with no in-progress record is named record ahead of run (LOOP-022, LOOP-110) (201.635098ms)
✔ with core.filemode false the index mode is the identity, so a mode-only difference does not refuse the check (LOOP-111) (194.907882ms)
✔ a project below the Git toplevel can run check (LOOP-112) (211.32358ms)
✔ a shallow clone names history to fetch, not a decision to build (LOOP-113) (144.222905ms)
✔ record-writing commands refuse to run outside a Cairn repository and write nothing (LOOP-118) (214.740862ms)
✔ empty footprint names declaration before scope and records no evidence (LOOP-081) (524.938345ms)
✔ first declaration still checks the full earlier history (LOOP-081) (360.756876ms)
✔ an empty current footprint does not block an explicitly requested existing mechanism (LOOP-081) (307.162031ms)
✔ an inherited mechanism provides a footprint even before local mechanisms exist (244.838343ms)
✔ scope reports every path, escapes line breaks, and gives identical remedies (LOOP-082) (226.762829ms)
✔ scope verdict reuses the answered-escalation annotation (LOOP-048, LOOP-051, LOOP-083) (531.058657ms)
✔ a committed scope acknowledgment lets restored history proceed (LOOP-083) (614.839776ms)
✔ scope acknowledgment must be committed before it can clear a breach (572.76287ms)
✔ ordinary ok does not acknowledge scope history (262.800783ms)
✔ scope escalation refuses unrestored paths and names the restoration remedy (217.854905ms)
✔ an invalid scope request still records an explicitly Blocking decision (132.898624ms)
✔ ask and explanation stay open; only the final committed ok acknowledges scope (624.907656ms)
✔ instead is visible but does not silently authorize a scope exception (328.122683ms)
✔ later changes to an acknowledged path still block, including later reverts (991.372918ms)
✔ approval cannot hide another path changed after the snapshot (327.760681ms)
✔ acknowledged history remains conditional on the paths staying restored (495.472146ms)
✔ editing the scope snapshot after answer invalidates its acknowledgment (250.04782ms)
✔ malformed scope metadata cannot suppress a breach (1369.388669ms)
✔ damaged acknowledgment fields cannot suppress a breach (566.805142ms)
✔ scope path matching is literal, including wildcard filenames and control characters (520.093226ms)
✔ scope acknowledgment does not carry into another activation of the same slug (306.773425ms)
✔ restoration checks additions, deletions, executable modes, and symlink kinds (1364.700389ms)
✔ explicit committed retention keeps correct work and requires new evidence and review (LOOP-084, LOOP-085) (1939.689044ms)
✔ a missing declaration covers correct earlier work without retention or revert (445.423316ms)
✔ keep requires scope and an unchanged committed candidate (143.009588ms)
✔ uncommitted retention and instead answers cannot clear the incident (923.146755ms)
✔ retention does not grant future edits, even when reverted to the approved tree (1175.978077ms)
✔ retention cannot cover another path or another activation (516.739216ms)
✔ imported changes must still match the retained tree (531.17196ms)
✔ retention handles additions, deletions, modes, symlinks, and literal filenames (1792.168467ms)
✔ retention cannot convert an existing restoration answer or accept an unknown mode (395.872882ms)
✔ a check failure after retention remains a failure (641.130197ms)
✔ retained paths stay part of the stable checked candidate without extending its footprint (594.545194ms)
✔ retention ask needs an explanation and final committed approval (544.033117ms)
✔ an unknown scope mode remains invalid even with a matching approval digest (277.317556ms)
✔ backlog writes the item; a second with the same title is refused, never overwritten (LOOP-016) (123.414013ms)
✔ a commit inside the footprint: check runs; outside it: check names the path and does not run (LOOP-015, LOOP-035) (538.273822ms)
✔ Cairn's records are never a breach; another file under docs/ is (LOOP-117) (573.585322ms)
✔ declaring the path as an input clears the breach (268.354593ms)
✔ a revert preserves the record of an out-of-scope commit (LOOP-047) (275.632041ms)
✔ a commitment naming a requirement the spec set does not hold as Agreed is repaired (LOOP-029) (62.762794ms)
✔ a requirement in a Draft spec file is not Agreed (73.788825ms)
✔ working agreements and the ignore file are Cairn records (LOOP-035, LOOP-036) (345.974985ms)
✔ the over-asking rule is gone from both skills (SPEC-005, SPEC-006, SPEC-007) (1.188004ms)
✔ a decision during the phase is recorded (DEC-003) (0.143242ms)
✔ understanding is restated before writing (SPEC-003) (1.157409ms)
✔ falsifiers are proposed as one set and confirmed by exception (SPEC-004) (0.179886ms)
✔ depth is inferred and domains derived, never asked or imposed (SPEC-008, SPEC-009) (0.112387ms)
✔ a term enters the glossary at first occurrence (SPEC-010) (0.066466ms)
✔ the phase ends at the first commitment, and later ones are specified during the loop (SPEC-011, SPEC-012) (0.076694ms)
✔ a requirement goes Agreed only with a nameable mechanism (SPEC-013) (0.070038ms)
✔ review before agreement, recording what it attacked (SPEC-014, SPEC-015) (0.105728ms)
✔ no spec file without requirements; nothing Agreed without a falsifier (SPEC-001, SPEC-002) (0.736913ms)
✔ Observed is marked, and is not contract (SPEC-016, SPEC-017) (0.105524ms)
✔ the skills exclude artifacts outside Cairn's workflow (0.150659ms)
✔ the working agreement names the agent's move for each verdict and the write-ahead record (LOOP-036) (0.149582ms)
✔ the working agreement names the developer's moves (LOOP-036, DEC-014) (0.076082ms)
✔ this repository runs by the file it ships (0.336829ms)
✔ both skills write the working agreement without naming a vendor's file (LOOP-002, LOOP-036, PKG-006) (0.112726ms)
✔ the working agreement says what an attempt is (LOOP-036, DEC-017, DEC-018) (0.066366ms)
✔ the working agreement says a failure no footprint change can address is an escalation, and where an inherited requirement is repaired (DEC-019, LOOP-057) (0.074736ms)
✔ the working agreement states the promote, next-iteration, and no-deferral moves (LOOP-029, LOOP-087, LOOP-091, LOOP-092) (0.063566ms)
✔ both skills sort captures into the backlog or next-iteration and forbid deferral (LOOP-029, LOOP-092, LOOP-093) (0.161205ms)
✔ the skill requires a falsifier on every requirement, a MAY included (SPEC-025) (0.056816ms)
✔ the working agreement names the hooks as optional and the install skill registers them for two harnesses (PKG-006, PKG-018, PKG-019) (0.209292ms)
✔ the working agreement says the kernel is upgraded at Done, never inside a commitment (LOOP-096) (0.057858ms)
✔ the next-iteration skill starts from the specification and ends by naming the next commitment (SPEC-026, SPEC-027) (0.205872ms)
✔ every document that names the project skills names next-iteration beside them (SPEC-026, PKG-014) (5.276015ms)
✔ the working agreement states a move for every action the kernel can name (LOOP-101) (0.892496ms)
✔ the working agreement states both record formats and the two flags the moves need (LOOP-036) (0.167154ms)
✔ the skills demonstrate a safe violating example and preserve recon findings (SPEC-022, SPEC-023) (0.077844ms)
✔ the specification skills run the checker through the cairn command (PKG-029) (0.281236ms)
✔ the README invokes the phase skills by name and states versions and platforms (PKG-030, PKG-031) (0.33686ms)
✔ the manual and the walkthrough say the loop promotes backlog items at Done (0.595305ms)
✔ a two-obligation sentence is named (PKG-007) (45.024595ms)
✔ an obligation with no actor is named (PKG-010) (36.22638ms)
✔ a leading condition clause is not the actor, and the actor after it counts (39.577668ms)
✔ an Agreed requirement with no falsifier is named (SPEC-002); a Draft one is not (91.759453ms)
✔ prose after a Draft requirement with no falsifier is not scanned as requirement text (34.073479ms)
✔ a spec declaring a prefix with no requirement is named (SPEC-001) (39.638955ms)
✔ a keyword in backticks or quotes is a mention, not an obligation (43.711369ms)
✔ duplicate identifiers are rejected within a file and across files (SPEC-020) (75.509368ms)
✔ references resolve across files; missing references name their source (SPEC-021) (90.981036ms)
✔ code examples and quoted mentions are neither definitions nor references (36.615096ms)
✔ machine-local paths are findings in prose, links, quotes, and examples (SPEC-019) (451.357639ms)
✔ relative paths, URLs, slash commands, and character mentions are not absolute path findings (34.909183ms)
✔ a slash after a placeholder continues the template (SPEC-019) (77.701532ms)
✔ a host path is a finding until the file declares it (SPEC-019, SPEC-024) (84.909039ms)
✔ declared host paths cover children with a slash boundary and stay file-local (113.396664ms)
✔ a host-path declaration inside a requirement or example grants no exception (129.189954ms)
✔ host-path declarations require absolute or home-relative entries (175.339124ms)
✔ an Agreed block whose only keyword is MAY needs a falsifier like any other (SPEC-025, SPEC-002) (60.226609ms)
✔ a regex literal is not a path, a drive path and a file URL are, and a skill's slash name is allowed (SPEC-028, SPEC-029) (67.302079ms)
✔ a backticked or quoted actor still counts as one (PKG-010) (36.037168ms)
✔ supersede writes both lines, and the old record keeps every word it had (DEC-008, DEC-010) (79.554177ms)
✔ supersede without a cause, or with one outside the four, is refused (DEC-009) (117.451795ms)
✔ supersede of a record that does not exist is refused (63.047654ms)
✔ a predecessor with no title line cannot be stamped, so nothing is written (76.881698ms)
✔ reversals reports counts by decider, cause, and domain (DEC-011) (226.950353ms)
✔ decide in a domain with a reversal is refused without --history, naming the reversal; with it, the record carries History (DEC-012) (179.070591ms)
✔ decide in a domain with no reversals needs no --history (124.238224ms)
✔ a record resting on prose alone is in the domain unspecified, and so is the next one (132.102875ms)
✔ a second declaration for one requirement is accepted, a named check runs every mechanism, and Done needs each to pass (LOOP-056, LOOP-099) (1676.716905ms)
✔ one mechanism's stale evidence names that mechanism, and --stale runs only it (LOOP-056, LOOP-094) (625.229415ms)
✔ attempts are counted within one mechanism's records, so the other's passes do not reset them (LOOP-100, DEC-016) (1184.808345ms)
✔ step 1: an in-progress record is reconciled before anything else (98.629377ms)
✔ step 2: an open escalation is presented and nothing else happens (72.336125ms)
✔ an answered escalation is not open (423.266944ms)
✔ step 3: a decision with no realized-by is built, first by name (DEC-007) (75.66992ms)
✔ a superseded decision with no realized-by is not work (90.2571ms)
✔ step 6: a mechanism that has never run is run, not implemented (LOOP-008) (106.395415ms)
✔ step 6: a requirement whose mechanism fails is implemented (406.75207ms)
✔ step 6 before step 7: failing evidence outranks a missing mechanism (282.728544ms)
✔ step 7: a requirement with no mechanism is declared (LOOP-106) (71.267206ms)
✔ every verdict names who acts: Resolvable is the agent's, Done needs nobody, Escalate waits for the developer (LOOP-004) (452.244285ms)
✔ malformed roadmap is Resolvable, not fatal (LOOP-005) (62.467465ms)
✔ a commitment naming no requirements is Resolvable (LOOP-018) (58.840339ms)
✔ the primary test: two wakes on the same checkout give the same action, before and after a persisted transition (LOOP-001, LOOP-003) (486.970739ms)
✔ outside a cairn repository wake cannot run (34.825698ms)
✔ the loop never waits on the review queue (DEC-015) (271.003603ms)
✔ the linked walkthrough runs from agreement through the next commitment (PKG-016) (1096.8693ms)
ℹ tests 460
ℹ suites 0
ℹ pass 460
ℹ fail 0
ℹ cancelled 0
ℹ skipped 0
ℹ todo 0
ℹ duration_ms 20107.435414
