✔ a Draft block overrides an Agreed file for both wake and check (SPEC-018) (267.869102ms)
✔ an Agreed block overrides a Draft file in the kernel and lint (SPEC-018, SPEC-002) (652.927162ms)
✔ a block Status does not become the file default, including inside examples (SPEC-018) (433.578306ms)
✔ block status without a value does not inherit Agreed by accident (SPEC-018) (129.974187ms)
✔ inheritance needs a file Scope and includes only Agreed blocks, regardless of prefix (PKG-015) (2197.030267ms)
✔ Scope inside a requirement or fenced example does not declare inheritance (PKG-015) (1100.784103ms)
✔ a falsifier wrapped onto a line beginning with Status: does not become the block's status (SPEC-018) (1.605415ms)
✔ LOOP-063: reject input mutation during a check and retain diagnostics (516.656932ms)
✔ LOOP-063: reject deletion mutation during a check and retain diagnostics (473.633641ms)
✔ LOOP-063: reject addition mutation during a check and retain diagnostics (485.458757ms)
✔ LOOP-063: reject mode mutation during a check and retain diagnostics (439.555133ms)
✔ LOOP-063: reject specification mutation during a check and retain diagnostics (425.603153ms)
✔ LOOP-063: reject declaration mutation during a check and retain diagnostics (440.147356ms)
✔ LOOP-063: reject commit mutation during a check and retain diagnostics (437.207073ms)
✔ LOOP-063: committed input mutation during execution cannot certify the replacement (442.790659ms)
✔ LOOP-064: removing executable permission makes passing evidence stale (754.879626ms)
✔ LOOP-064: a mode-only change also invalidates the previous review after new evidence (971.67133ms)
✔ LOOP-064: changing a regular file into a link with identical identity bytes is stale (855.398169ms)
✔ LOOP-063: an unchanged candidate still records a pass despite unrelated working-tree edits (253.220188ms)
✔ LOOP-064: current and historical input ordering agrees for Unicode filenames (325.907014ms)
✔ LOOP-063: Git status hiding content changes cannot certify an uncommitted candidate (148.010027ms)
✔ LOOP-066: one check owns execution with a kernel action record (542.749875ms)
✔ LOOP-066: one check owns execution with an agent action record (516.844284ms)
✔ LOOP-066: a live lock is named and never silently overwritten (145.380394ms)
✔ LOOP-066: a dead lock is named and never silently overwritten (160.050517ms)
✔ LOOP-066: a incomplete lock is named and never silently overwritten (214.04598ms)
✔ LOOP-066: an execution error releases the check lock for a corrected rerun (534.335306ms)
✔ LOOP-066: a live kernel action from an older Cairn also blocks execution (119.428189ms)
✔ LOOP-066: separate Git worktrees can run checks independently (559.305719ms)
✔ after a green check --stale runs nothing; after one input changes it runs only that mechanism (LOOP-094) (1095.185615ms)
✔ a mechanism speaking for two stale requirements runs once and refreshes both (LOOP-094, LOOP-040) (718.413597ms)
✔ a fresh failure and an unverified result are skipped with implement named (LOOP-094) (723.645159ms)
✔ --stale with a requirement identifier is refused (LOOP-094) (66.285321ms)
✔ check --stale holds back a mechanism whose requirement has three attempts and no escalation, names it, and records nothing (LOOP-094, DEC-016) (2435.029795ms)
✔ check refuses a dirty declared input and names it; a dirty undeclared file does not block (LOOP-030) (537.16757ms)
✔ check writes one receipt per run carrying the full record and a result line per requirement (LOOP-097) (416.737126ms)
✔ a nonzero exit records fail, and the receipt keeps the exit code (LOOP-034) (377.497252ms)
✔ a pass after a fail keeps the failing record; nothing is overwritten or deleted (LOOP-025) (809.397055ms)
✔ a commit changing a declared input makes evidence stale; an undeclared one does not (LOOP-007) (852.390689ms)
✔ a regression is named before a requirement that never passed (LOOP-031) (1267.344374ms)
✔ three attempts with no escalation since: wake says escalate, not a fourth (DEC-016, DEC-017, DEC-018) (2491.175344ms)
✔ the review gate: no review, stale review, open finding, then Done (LOOP-020, LOOP-033) (1042.762725ms)
✔ Done is refused while any requirement lacks current passing evidence (LOOP-017) (87.333635ms)
✔ check names a requested requirement that no mechanism claims (91.228463ms)
✔ check writes the in-progress record before the run and clears it after (LOOP-021) (209.808143ms)
✔ a linked declared input digests the same at a commit and in the tree (LOOP-023, LOOP-024) (403.841144ms)
✔ a result line is the mechanism's statement about one requirement; what it did not mention is unverified (LOOP-037, LOOP-052) (179.304625ms)
✔ a mechanism that says nothing is read by its exit code for every requirement (LOOP-039) (186.114175ms)
✔ unverified is not an attempt, and a return to an earlier failed digest counts once (DEC-017, DEC-018) (1534.148632ms)
✔ a result line for a requirement the mechanism does not speak for is named and writes nothing (LOOP-038) (197.117267ms)
✔ a result line inside ordinary output, or without the marker, does not count (193.307343ms)
✔ a targeted check runs the named requirements' mechanisms and records every requirement they speak for (LOOP-040) (195.645809ms)
✔ two result lines for one requirement: a fail on any line wins (184.814782ms)
✔ three runs at one digest with no attempt since: the verdict stays implement and names DEC-019; an escalation naming it among others clears the hint (DEC-019, LOOP-053) (901.115116ms)
✔ a receipt names its commit in full, and an older receipt with the short form is still read (LOOP-136) (256.667649ms)
✔ a complete commitment with an unpromoted backlog item names promote, and a stamped item lets it reach Done (LOOP-087) (1181.074065ms)
✔ an empty backlog with waiting next-iteration items is Done, with the count as information and no action on them (LOOP-091) (911.668305ms)
✔ a promotion marker must resolve to a decision record (LOOP-088) (302.763399ms)
✔ a commitment promoted from an item needs a decision record naming the item (LOOP-088) (290.0148ms)
✔ the spec lint reports a promotion marker with no decision record (LOOP-088) (85.082832ms)
✔ a promoted commitment that changes an Agreed requirement or the working agreement is an escalation; an unpromoted one is not (LOOP-089, LOOP-090) (2083.394153ms)
✔ a capture from one of the commitment's own requirements needs Outside because: or an escalation (LOOP-092) (1713.455364ms)
✔ a next-iteration item names what it would change, and the capture refuses one that does not (LOOP-093) (423.168238ms)
✔ a commitment specified from a next-iteration item needs the item stamped before anything else (SPEC-027) (512.591465ms)
✔ a by deference marker resolves to a decision record like a promotion marker (SPEC-002, LOOP-088) (201.775181ms)
✔ the LOOP-090 gate reads the Concerns line, not the slug as a substring (LOOP-114) (575.047235ms)
✔ the LOOP-088 check reads the Promotes line, and decide --promotes writes it (LOOP-115) (221.3197ms)
✔ the activation commit of a promoted commitment is inside the LOOP-089 comparison (LOOP-116) (133.257764ms)
✔ the LOOP-090 route needs one escalation: its Concerns line covers the moved item too (LOOP-119, LOOP-092, LOOP-114) (634.381609ms)
✔ an escalation raised before the promoted commitment began does not silence the LOOP-090 gate (LOOP-114) (317.428604ms)
✔ an escalation raised before the commitment began does not silence the capture gate (LOOP-119) (310.038286ms)
✔ the activation commit is inside the scope footprint (LOOP-120) (100.967214ms)
✔ a requirement Agreed at activation that is demoted or removed is a contract change (LOOP-121) (573.86648ms)
✔ the include files are the root files that hold @AGENTS.md: exempt from the footprint, compared by the gate (LOOP-122) (1053.594484ms)
✔ a superseded promotion no longer satisfies the LOOP-088 check, and the repair says the promotion was reversed (LOOP-123) (481.286924ms)
✔ the restore route measures from the tree before activation, so a path the activation commit added must go (LOOP-120, LOOP-035) (168.004122ms)
✔ the loop works against exactly one commitment: the current one (LOOP-019) (339.308782ms)
✔ a promotion recorded below Consequential is a repair naming the level, since the developer never sees it in the queue (LOOP-088) (73.594412ms)
✔ every requirement the node-test declaration speaks for is named in a test title (PKG-025) (1.963151ms)
✔ every repository path the tests read is a declared input of node-test (PKG-026) (0.726433ms)
✔ writes a record with every required field and an empty realized-by (DEC-001, DEC-005) (77.813086ms)
✔ a Consequential decision is queued for review (DEC-013) (94.822394ms)
✔ a Consequential decision is queued even when .cairn/queue does not exist yet (99.506946ms)
✔ Routine is refused: routine decisions produce no record (80.137318ms)
✔ a missing field is a usage error and nothing is written (73.537216ms)
✔ supersedes requires a classified cause, and the old record must exist (194.341565ms)
✔ an existing record is not overwritten (243.241381ms)
✔ a queued decision stays queued; nothing but the developer removes it (DEC-014) (222.348308ms)
✔ each accepted decider is stored lowercase, whatever case it was typed in (DEC-020) (633.123443ms)
✔ a decider outside the vocabulary is a usage error naming all three, and nothing is written (DEC-020) (558.121132ms)
✔ an empty --decided-by is the missing-field error, not the vocabulary one (79.58167ms)
✔ LOOP-006, LOOP-067: missing inputs names a declaration repair before execution (180.589142ms)
✔ LOOP-006, LOOP-067: empty inputs names a declaration repair before execution (150.907932ms)
✔ LOOP-006, LOOP-067: missing command names a declaration repair before execution (198.828358ms)
✔ LOOP-006, LOOP-067: list command names a declaration repair before execution (194.268957ms)
✔ LOOP-006, LOOP-067: empty command names a declaration repair before execution (161.366906ms)
✔ LOOP-006, LOOP-067: missing requirements names a declaration repair before execution (168.665068ms)
✔ LOOP-006, LOOP-067: bad identifier names a declaration repair before execution (175.261427ms)
✔ LOOP-067: scalar one-item lists retain their existing meaning (336.548267ms)
✔ LOOP-068: a unpopulated gitlink is refused by name (174.132242ms)
✔ LOOP-068: a populated gitlink is refused by name (214.141276ms)
✔ LOOP-069: identical selections across 100 mechanisms use at most 20 Git processes (194.273179ms)
✔ escalate writes the six-line format followed by its facts, and wake presents it (LOOP-010, LOOP-026) (215.719891ms)
✔ a missing or multi-line field is refused with the field named, and nothing is written (LOOP-012) (154.818477ms)
✔ a Blocking escalation that fails the format is written anyway, naming the malformed field (LOOP-013) (202.639946ms)
✔ the loop stops for the developer only at Blocking: a recorded decision below it never yields Escalate, and the Blocking bypass must be spelled exactly (DEC-002) (348.617055ms)
✔ a second escalation while one is open is refused (LOOP-011) (138.386732ms)
✔ answer records the reply; wake no longer presents it; a second answer is refused (283.855497ms)
✔ answer to an unknown escalation is refused (71.762661ms)
✔ a stranger resumes from the file alone: question and answer are both in it (LOOP-014) (198.461892ms)
✔ a developer-shaped answer during the agent's turn is refused and writes nothing; the explanation is still accepted (LOOP-135) (716.818446ms)
✔ after an answer, the same concern can be escalated again under a new name (211.684635ms)
✔ an escalation exists when its file does, committed or not (LOOP-009) (74.889069ms)
✔ developer answers require one of the three forms and cannot inject fields (LOOP-048) (655.130033ms)
✔ ask, agent explanation, another ask, and ok stay ordered in one file (LOOP-049, LOOP-050, LOOP-014) (929.478466ms)
✔ fresh closed answers accompany only concerned requirements until new evidence (LOOP-051) (913.848663ms)
✔ a raised escalation carries no derivable status line, and an old record with one still parses (LOOP-028) (173.705991ms)
✔ LOOP-065: delete of output refuses Done and a new run recovers (1302.669388ms)
✔ LOOP-065: corrupt of output refuses Done and a new run recovers (1297.336256ms)
✔ LOOP-065: delete of stderr_output refuses Done and a new run recovers (1221.33663ms)
✔ LOOP-065: corrupt of stderr_output refuses Done and a new run recovers (1221.335568ms)
✔ LOOP-065: a receipt without output needs a new check (498.736434ms)
✔ LOOP-065: a receipt without output_digest needs a new check (476.389608ms)
✔ LOOP-065: a receipt without stderr_output needs a new check (512.971817ms)
✔ LOOP-065: a receipt without stderr_digest needs a new check (459.125136ms)
✔ LOOP-065: legacy unverifiable output is rerun without rewriting history (705.913452ms)
✔ a fresh record names the kernel that wrote it (LOOP-023) (310.698352ms)
✔ LOOP-095: a record from another kernel is stale with the kernel named, and a new check restores Done (717.773005ms)
✔ LOOP-095: a record from no kernel is stale with the kernel named, and a new check restores Done (681.841089ms)
✔ LOOP-070: a later failure is latest even when the clock moves backward (1160.215114ms)
✔ LOOP-070: receipt collisions at one clock instant retain execution order beyond nine suffixes (4156.399782ms)
✔ LOOP-070: imported branch receipts stale a later sequence until a new check incorporates them (1281.371717ms)
✔ LOOP-070, LOOP-098: legacy receipts need one ordered check, remain byte-for-byte unchanged, and precede the run receipt in the history (521.164786ms)
✔ LOOP-070: edit of a prior receipt requires fresh evidence (519.216829ms)
✔ LOOP-070: remove of a prior receipt requires fresh evidence (481.301225ms)
✔ LOOP-075: supporting evidence file README.md does not become a receipt (495.166373ms)
✔ LOOP-075: supporting evidence file notes.txt does not become a receipt (521.077666ms)
✔ LOOP-075: supporting evidence file support does not become a receipt (460.92751ms)
✔ LOOP-075: supporting evidence file .DS_Store does not become a receipt (465.159533ms)
✔ LOOP-075: a malformed result line (result=success) names a repair before execution (323.237477ms)
✔ LOOP-075: a malformed result line (sequence=NaN) names a repair before execution (366.318843ms)
✔ LOOP-075: a malformed result line (sequence=9007199254740992) names a repair before execution (334.577546ms)
✔ LOOP-075: a malformed result line (history_digest=wrong) names a repair before execution (336.34395ms)
✔ LOOP-075: a malformed result line (tokens) names a repair before execution (335.288944ms)
✔ LOOP-075: a receipt-shaped directory is a named repair instead of an EISDIR crash (268.719358ms)
✔ LOOP-070: an earlier escalation cannot cover three new attempts after clock rollback (959.801182ms)
✔ LOOP-070: an answer becomes old after a later check even if that check's timestamp is earlier (615.334421ms)
✔ LOOP-070: the newest answer wins between checks even when its clock timestamp is older (583.743982ms)
✔ LOOP-070: legacy escalation dates cover old receipts but not three newer sequenced runs (1384.808719ms)
✔ a PKG requirement the commitment does not name is declared, run, and gates Done (PKG-011) (1914.559233ms)
✔ a PKG requirement in a Draft spec is not folded in (549.923719ms)
✔ LOOP-076, LOOP-079: stale inputs identify the receipt and the check to run (869.216815ms)
✔ LOOP-077: names a content change using checked input identity (774.224353ms)
✔ LOOP-077: names a mode change using checked input identity (731.350805ms)
✔ LOOP-077: names a kind change using checked input identity (700.733212ms)
✔ LOOP-077: names a added change using checked input identity (774.248943ms)
✔ LOOP-077: names a removed change using checked input identity (640.167693ms)
✔ LOOP-077: names a link-target change using checked input identity (936.872307ms)
✔ LOOP-077: changed selection compares the old and new input sets (476.193623ms)
✔ LOOP-077: raw CRLF changes remain visible when Git-clean content agrees (503.080877ms)
✔ LOOP-077: detail output is sorted, bounded, and reports the omitted count (500.70706ms)
✔ LOOP-077: filenames cannot inject lines or terminal controls into explanations (394.069569ms)
✔ LOOP-077: receipts from one run share details and do not store source contents (304.497037ms)
✔ LOOP-078, LOOP-080: legacy optional detail limits explanation without changing standing (515.623952ms)
✔ LOOP-078, LOOP-080: invalid-field optional detail limits explanation without changing standing (488.071339ms)
✔ LOOP-078, LOOP-080: missing optional detail limits explanation without changing standing (507.546813ms)
✔ LOOP-078, LOOP-080: invalid-json optional detail limits explanation without changing standing (445.548564ms)
✔ LOOP-078, LOOP-080: mismatched optional detail limits explanation without changing standing (478.64448ms)
✔ LOOP-078, LOOP-080: duplicate optional detail limits explanation without changing standing (497.796871ms)
✔ LOOP-078, LOOP-080: unsafe-path optional detail limits explanation without changing standing (478.873975ms)
✔ LOOP-078, LOOP-080: directory optional detail limits explanation without changing standing (470.639223ms)
✔ LOOP-078, LOOP-080: symlink optional detail limits explanation without changing standing (493.307754ms)
✔ LOOP-078: unavailable old requirement text is not claimed as a proven change (376.009032ms)
✔ LOOP-076, LOOP-079: changed requirements identify evidence and retain review-before-check guidance (374.253193ms)
✔ LOOP-078: simultaneous input and output damage keep both reasons (349.628517ms)
✔ LOOP-080: deterministic freshness sequence seed=7 (9733.529637ms)
✔ LOOP-080: deterministic freshness sequence seed=42 (6218.128462ms)
✔ LOOP-080: deterministic freshness sequence seed=913 (5136.280175ms)
✔ LOOP-080: agreement changes, mechanism review, checks, and completion review retain priority (1168.7213ms)
✔ LOOP-080: imported receipt history demands a rerun without a false input explanation (1127.562626ms)
✔ LOOP-073: clean CRLF input completes under attributes (568.176021ms)
✔ LOOP-073: clean CRLF input completes under autocrlf (650.154734ms)
✔ LOOP-073: raw line-ending mutation during a run is rejected even when Git still sees the same content (304.337119ms)
✔ LOOP-073: execution evidence changes when clean conversion preserves committed identity (1164.957391ms)
✔ LOOP-073: Git clean filters use Git's conversion while retaining raw evidence identity (595.441794ms)
✔ LOOP-073: failure of a required Git filter cannot record evidence (161.62673ms)
✔ LOOP-073: a clean filter moving HEAD during ending validation prevents evidence (512.521272ms)
✔ LOOP-073: canonical Git identities handle links without reading their targets (515.139583ms)
✔ LOOP-073: Git conversion keeps raw Unicode and control-character input paths (509.252596ms)
✔ LOOP-073: conversion and links work in a SHA-256 Git repository (424.9902ms)
✔ LOOP-074: historical specification filename "café.md" remains reviewable (396.083042ms)
✔ LOOP-074: historical specification filename "spec\ttab.md" remains reviewable (392.619362ms)
✔ LOOP-074: historical specification filename "spec\nline.md" remains reviewable (426.548103ms)
✔ help works outside a repository without running a command (PKG-017) (1020.365018ms)
✔ help does not hide invalid options or consume literal arguments (240.124674ms)
✔ help lists the lint command (PKG-017) (49.150205ms)
✔ a working directory that no longer exists is named as the failure, and git is not blamed (PKG-041, PKG-022) (236.381915ms)
✔ the stop hook refuses a stop while wake says Resolvable, with the verdict as the reason (PKG-018) (205.482903ms)
✔ the stop hook allows a stop at Done, at Escalate, and outside a Cairn repository (PKG-018) (1306.346045ms)
✔ the session-start hook links the command once and prints the verdict in a Cairn repository (PKG-019, PKG-014, PKG-005) (494.247549ms)
✔ the session-start hook prints no verdict outside a Cairn repository and leaves an existing link that resolves alone (PKG-019) (80.420692ms)
✔ a checkout under a path with a space links a command that resolves, and its stop hook still blocks (PKG-019, PKG-021) (413.826024ms)
✔ the hooks run the kernel the command link resolves to, so hook and agent share one referee (PKG-021) (1220.752201ms)
✔ a dangling link is replaced and reported (PKG-019) (200.333764ms)
✔ errors exit 0 with one line on standard error and no stack trace (PKG-022) (205.494417ms)
✔ the hooks judge with the cairn on PATH, a wrapper included, and session-start names it (PKG-033) (1133.607022ms)
✔ a link to a wrapper or file is kept; a dangling link or one to a directory is replaced (PKG-034) (416.796935ms)
✔ a project below the Git toplevel gets the verdict and the stop refusal (PKG-035) (318.634772ms)
✔ a kernel that prints no verdict is one stderr line: the stop is allowed and session-start prints no trace (PKG-036) (182.198503ms)
✔ a link that cannot be created is one stderr line, and the verdict still prints (PKG-019, PKG-022) (122.650376ms)
✔ with git absent the hooks say so in one line and block nothing (PKG-022) (78.302531ms)
✔ stop_hook_active true no longer lets a Resolvable stop through: the hook still refuses (PKG-018) (142.451145ms)
✔ receipts written by the project's own kernel are judged with it, not with a different cairn on PATH (PKG-033, PKG-021) (417.20065ms)
✔ the fourth stop on an unchanged verdict, commit and tree goes through with a message and a stop record; each refusal names cairn escalate (PKG-043, PKG-044) (486.804201ms)
✔ progress resets the count, a commit or an edited file alike, and each session counts on its own (PKG-043) (1329.148657ms)
✔ cairn lint runs the checker over docs/spec by default and over a named directory (PKG-028) (246.733342ms)
✔ cairn lint names a missing directory in one line, takes one argument, and reports a bad root (PKG-028) (222.304364ms)
✔ three megabytes are retained exactly once with matching digests (LOOP-041, LOOP-042) (459.523933ms)
✔ split stdout result lines survive a long non-result line; stderr is never a verdict (433.801942ms)
✔ signal termination is recorded and logs survive a clone (LOOP-043) (353.651403ms)
✔ working agreements and ignore changes are Cairn records inside the footprint (429.702528ms)
✔ a clean package passes (119.728753ms)
✔ PKG-001: a dependency, or a service manifest (184.474453ms)
✔ PKG-002: ignoring evidence or other durable state, by directory or by extension (171.047226ms)
✔ PKG-003: a command, a directory, or a record kind no decision names (317.422403ms)
✔ PKG-004: a kernel over 1900 lines, counting every file under bin/ as wc -l does; exactly 1900 passes (364.395006ms)
✔ PKG-006: a skill step naming a vendor's product, in either order, across a wrapped list item (PKG-027) (412.558076ms)
✔ PKG-008: a non-ASCII character in a tracked text file (94.034352ms)
✔ PKG-009: the kernel importing from tests (90.823887ms)
✔ PKG-012: a network call or a model vendor in the kernel (191.763609ms)
✔ PKG-013: deferral language, but not in code, quotes, or a rule (726.080912ms)
✔ a tracked path deleted from the working tree is skipped, not a crash (97.308743ms)
✔ a sentence in a Formats section is not a record kind (78.708451ms)
✔ a record kind named by its path alone is checked (92.017701ms)
✔ PKG-002: a tracked in-progress record (78.403609ms)
✔ PKG-002: ignoring evidence alone is a finding (79.899874ms)
✔ PKG-003 reads the kernel's commands from its help output (PKG-023) (140.769728ms)
✔ the ASCII scan covers shipped files, not records under .cairn/ (PKG-024) (70.38913ms)
✔ a vendor-naming step wrapped across lines is matched (PKG-006, PKG-027) (91.91332ms)
✔ PKG-013 scans the README, the manual, and the walkthrough (PKG-032) (270.850368ms)
✔ the manifests, the listing and package.json agree on the name and version, and name paths the repository holds (PKG-037) (2.075697ms)
✔ the hooks file registers session-start and stop against the plugin's own hook.mjs through the plugin root variable (PKG-038) (0.245849ms)
✔ a Muse hook entry whose shared hook is missing prints one line and exits 0 (PKG-041, PKG-022) (89.007119ms)
✔ the registered commands print the verdict at session start, link the command into the plugin, and refuse a stop while wake says Resolvable (PKG-038, PKG-021) (396.774452ms)
✔ LOOP-071: decision body metadata does not resolve unbuilt work: "Superseded by: example" (870.471565ms)
✔ LOOP-071: decision body metadata does not resolve unbuilt work: "```text\nSuperseded by: example\n```" (752.024979ms)
✔ LOOP-071: decision body metadata does not resolve unbuilt work: "~~~text\nSuperseded by: example\n~~~" (711.565629ms)
✔ LOOP-071: a fenced realization example is not a resolving commit (720.451501ms)
✔ LOOP-071: a fenced commit inside the realization section is not built (694.57176ms)
✔ LOOP-071: ## Example cannot replace an open review finding (818.956887ms)
✔ LOOP-071: # Example cannot replace an open review finding (628.063472ms)
✔ LOOP-071: ### Example cannot replace an open review finding (517.760765ms)
✔ LOOP-071:   ## Example cannot replace an open review finding (511.907313ms)
✔ LOOP-071: Example paragraph. cannot replace an open review finding (515.636366ms)
✔ LOOP-071: Example
------- cannot replace an open review finding (433.064565ms)
✔ LOOP-071: fenced fields before a real review header are ignored (427.03574ms)
✔ LOOP-071: multiline decision --title cannot inject metadata (319.024484ms)
✔ LOOP-071: multiline decision --decided-by cannot inject metadata (379.885246ms)
✔ LOOP-071: multiline decision --rests-on cannot inject metadata (303.850207ms)
✔ LOOP-071: multiline decision --wrong-if cannot inject metadata (321.701723ms)
✔ LOOP-071: multiline decision --history cannot inject metadata (325.231555ms)
✔ LOOP-072: malformed Blocking concerns stay open: "R-001\nAnswer: ok" (89.799955ms)
✔ LOOP-072: malformed Blocking concerns stay open: "R-001\r\nAnswer: ok" (93.588092ms)
✔ LOOP-072: malformed Blocking concerns stay open: "R-001\rAnswer: ok" (74.372013ms)
✔ LOOP-072: malformed Blocking concerns stay open: "R-001 Answer: ok" (104.806238ms)
✔ LOOP-072: malformed Blocking concerns stay open: "R-001 Answer: ok" (82.850663ms)
✔ LOOP-072: ordinary malformed concerns are refused: "R-001\nR-002" (44.011463ms)
✔ LOOP-072: ordinary malformed concerns are refused: "R-001, prose" (50.206368ms)
✔ LOOP-072: ordinary malformed concerns are refused: " " (43.995785ms)
✔ LOOP-072: a Blocking escalation without concerns is still presented (86.038063ms)
✔ LOOP-072: carriage returns in a Blocking question do not create answer records (102.830874ms)
✔ LOOP-072: explanation separator 8232 cannot close an escalation (167.469078ms)
✔ LOOP-071: decision metadata refuses separator 8232 (348.848929ms)
✔ LOOP-072: explanation separator 8233 cannot close an escalation (171.678939ms)
✔ LOOP-071: decision metadata refuses separator 8233 (317.846724ms)
✔ Concerns, Rests on, and Promoted from written as lists read as the flat form (LOOP-124) (692.407119ms)
✔ an item named by filename, path, or backticked slug resolves like the slug (LOOP-125) (581.750159ms)
✔ an input that covers Cairn's own output is named as the repair, before and after a check (LOOP-126, LOOP-105) (772.956721ms)
✔ an unreadable record directory is a repair, not an error exit (LOOP-127) (89.525036ms)
✔ a title that slugifies to nothing is refused (LOOP-128) (127.300682ms)
✔ examined: [] is an empty list (LOOP-129, LOOP-108) (531.943493ms)
✔ below the Git toplevel the restore check compares root-relative paths (LOOP-130, LOOP-035) (458.465774ms)
✔ below the Git toplevel an uncommitted declared input is named from the project root (LOOP-132, LOOP-030) (286.890687ms)
✔ a value on the key line followed by list items is the first item, never dropped (LOOP-133) (743.063136ms)
✔ the footprint's walk reads Current: as the wake does: a fenced example below the real line, or a second line in history, never moves the start (LOOP-134, LOOP-035) (369.94671ms)
✔ an input spelled .. from a project below the Git toplevel covers the evidence directory (LOOP-126, LOOP-105) (123.649782ms)
✔ a Consequential record this commitment added needs its queue entry committed (LOOP-131, DEC-004) (541.581925ms)
✔ a mechanism that removes the check lock still gets its evidence, with no repair for the lock (LOOP-107) (232.094933ms)
✔ a staged rename reads as its two paths, never as a bare origin token (LOOP-030, LOOP-110) (114.745205ms)
✔ a Current: line inside a fenced example is neither a second Current: line nor the commitment, before or after the real line (LOOP-104) (195.035717ms)
✔ a Status: word is taken only from a line that carries one, never from wrapped prose after it (SPEC-018) (0.710516ms)
✔ the placeholder left above a resolving entry is a repair naming the file (DEC-021) (237.725307ms)
✔ the placeholder alone is a decision recorded and not yet built, unchanged (DEC-007) (92.538076ms)
✔ resolving entries with no placeholder are unchanged (DEC-006) (142.100866ms)
✔ a shallow clone that cannot resolve its entries is still told to fetch, not to edit (LOOP-113 keeps precedence) (161.662723ms)
✔ the placeholder quoted in a fenced example does not make a built record a repair (DEC-021) (121.969568ms)
✔ supersede takes the same decider vocabulary as decide (DEC-020) (103.775125ms)
✔ a superseded record is held to the same line: its placeholder above a resolving entry is a repair (DEC-021, DEC-010) (183.160391ms)
✔ realize() touches only the Realized by section; a body that quotes the placeholder keeps it (108.326481ms)
✔ an untracked file under a declared input is not a change under way; check still refuses beside it and names .gitignore (LOOP-110, LOOP-030) (211.131737ms)
✔ an unmatched input is refused before execution (LOOP-044) (216.385537ms)
✔ an indexed input deleted on disk asks for a commit (LOOP-045) (159.372421ms)
✔ wake and check require a Git working tree (LOOP-046) (160.230518ms)
✔ recovery removes only dead kernel run records and identifies a live owner (LOOP-054, LOOP-055) (370.562566ms)
✔ an agent action based behind a clean HEAD appears committed (LOOP-027) (225.046945ms)
✔ realization needs a real commit and a subject (DEC-006) (339.274895ms)
✔ 1500 binary inputs digest identically at the review commit in under a second (LOOP-024) (1667.554023ms)
✔ merged work is excluded but a later own commit is a breach (LOOP-047) (284.39556ms)
✔ exact Current tenure ignores prefix matches and earlier visits to the same slug (LOOP-035) (391.96768ms)
✔ a kernel run records its supervising PID (LOOP-054) (321.222605ms)
✔ a merged declared input still stales evidence (LOOP-047) (544.887515ms)
✔ wildcard and magic pathspecs select the same historical inputs (LOOP-024, LOOP-032) (2313.205458ms)
✔ historical selection retains deleted files and excludes new ones (LOOP-024, LOOP-035) (1293.104707ms)
✔ cairn --version prints the package.json version outside a repository, and help lists it (PKG-039) (182.144893ms)
✔ a release is one commit setting one version in the five files, with the changelog entry, tagged v<version> (PKG-040) (1298.41535ms)
✔ the release script refuses a bad version, no increase, a dirty tree, a missing entry, a taken tag, a disagreeing file, and a loop not at Done, each in one line with nothing written (PKG-040) (2604.283008ms)
✔ a version file written as compact JSON is released, and nothing else in any version file changes (PKG-042) (1339.376843ms)
✔ explicit reporting with no lines and exit 0 establishes no requirement verdicts (LOOP-061) (523.431497ms)
✔ explicit reporting with no lines and exit 1 establishes no requirement verdicts (LOOP-061) (495.421441ms)
✔ a reporter that cannot start keeps execution diagnostics without blaming requirements (LOOP-062) (347.496587ms)
✔ large output cannot kill a reporter or invent a requirement verdict (401.408596ms)
✔ explicit mode ignores cairn: R-999: pass (386.028059ms)
✔ explicit mode ignores cairn: R-001: unverified (375.489891ms)
✔ explicit mode ignores cairn: R-001: passed (334.211718ms)
✔ explicit results survive nonzero exit and contradictory duplicates still fail (708.310228ms)
✔ unverified results across changed inputs never become failed attempts (1856.594139ms)
✔ legacy exit 0 retains its interpretation (217.194011ms)
✔ legacy exit 1 retains its interpretation (222.924257ms)
✔ a misspelled reporting mode is refused before execution (111.656728ms)
✔ changed requirement blocks unchecked reruns and makes the completion review stale (LOOP-058, LOOP-059) (2119.251525ms)
✔ falsifier changes need review; separate rationale and other requirements do not change a receipt (1550.062454ms)
✔ legacy receipts recover requirement identity from their commit; unavailable history requires review (1136.32817ms)
✔ check refuses uncommitted requirement text and mechanism review markers (832.680694ms)
✔ tightened response limit cannot reuse the old passing check (1427.407859ms)
✔ a declared input over 1 MiB agrees at a commit and in the tree (LOOP-060) (476.550923ms)
✔ a failed Git blob read cannot be hashed as an empty blob (368.056299ms)
✔ Git listings over 1 MiB include the last declared input (2438.47857ms)
✔ requirement identity excludes fenced examples and status dates (513.407066ms)
✔ DemonCoder REM-002 and Status in progress cannot silently satisfy the review gate (LOOP-086) (930.241152ms)
✔ valid open findings retain their behavior (528.929234ms)
✔ valid resolved findings retain their behavior (634.431191ms)
✔ valid empty findings retain their behavior (645.066012ms)
✔ valid mixed valid findings retain their behavior (562.77461ms)
✔ malformed finding "open:" requires repair (541.041449ms)
✔ malformed finding "resolved:   " requires repair (488.548516ms)
✔ malformed finding "Open: incorrect case" requires repair (490.687367ms)
✔ malformed finding "unknown: issue" requires repair (371.761762ms)
✔ malformed finding "\u001b[31mBAD: issue" requires repair (375.884264ms)
✔ the established explicit empty findings list remains valid (374.532497ms)
✔ a scalar findings value requires the supported list format (379.062955ms)
✔ a Requirements: line written as a list is read like the flat form (LOOP-102) (123.427282ms)
✔ a subdirectory or a README in a record directory changes nothing (LOOP-103) (713.528332ms)
✔ two Current: lines are a roadmap repair (LOOP-104) (80.104005ms)
✔ a repeated identifier, an input under the evidence directory, and a missing cwd are refused by name (LOOP-105) (512.304246ms)
✔ a requirement whose evidence outlives its mechanism is named declare, not a regression or an escalation (LOOP-106) (1241.099772ms)
✔ an unreadable record is a repair, not an error exit (LOOP-107) (100.171162ms)
✔ a review needs commit, a nonempty examined list, and a findings list, each named when missing (LOOP-108) (1322.398112ms)
✔ a decision record missing a header field or naming a missing predecessor is a repair (LOOP-109) (411.264835ms)
✔ a dirty declared input with no in-progress record is named record ahead of run (LOOP-022, LOOP-110) (326.475645ms)
✔ with core.filemode false the index mode is the identity, so a mode-only difference does not refuse the check (LOOP-111) (260.008754ms)
✔ a project below the Git toplevel can run check (LOOP-112) (272.559624ms)
✔ a shallow clone names history to fetch, not a decision to build (LOOP-113) (178.291686ms)
✔ record-writing commands refuse to run outside a Cairn repository and write nothing (LOOP-118) (243.160821ms)
✔ a git that cannot start is one line and exit 3 from wake and from check, with nothing recorded (LOOP-137) (109.812059ms)
✔ an unexplained or uncommitted stop record is named explain before any other action; explained and committed, the wake moves on (LOOP-139) (282.567855ms)
✔ empty footprint names declaration before scope and records no evidence (LOOP-081) (690.031649ms)
✔ first declaration still checks the full earlier history (LOOP-081) (463.770844ms)
✔ an empty current footprint does not block an explicitly requested existing mechanism (LOOP-081) (400.267099ms)
✔ an inherited mechanism provides a footprint even before local mechanisms exist (265.375692ms)
✔ scope reports every path, escapes line breaks, and gives identical remedies (LOOP-082) (287.393356ms)
✔ scope verdict reuses the answered-escalation annotation (LOOP-048, LOOP-051, LOOP-083) (658.588107ms)
✔ a committed scope acknowledgment lets restored history proceed (LOOP-083) (1026.019664ms)
✔ scope acknowledgment must be committed before it can clear a breach (1167.719144ms)
✔ ordinary ok does not acknowledge scope history (357.677536ms)
✔ scope escalation refuses unrestored paths and names the restoration remedy (255.70728ms)
✔ an invalid scope request still records an explicitly Blocking decision (155.765531ms)
✔ ask and explanation stay open; only the final committed ok acknowledges scope (795.154828ms)
✔ instead is visible but does not silently authorize a scope exception (404.858909ms)
✔ later changes to an acknowledged path still block, including later reverts (1206.998449ms)
✔ approval cannot hide another path changed after the snapshot (376.025724ms)
✔ acknowledged history remains conditional on the paths staying restored (583.836072ms)
✔ editing the scope snapshot after answer invalidates its acknowledgment (269.286295ms)
✔ malformed scope metadata cannot suppress a breach (1424.311096ms)
✔ damaged acknowledgment fields cannot suppress a breach (535.993093ms)
✔ scope path matching is literal, including wildcard filenames and control characters (555.688991ms)
✔ scope acknowledgment does not carry into another activation of the same slug (306.57829ms)
✔ restoration checks additions, deletions, executable modes, and symlink kinds (1497.571559ms)
✔ explicit committed retention keeps correct work and requires new evidence and review (LOOP-084, LOOP-085) (2563.997655ms)
✔ a missing declaration covers correct earlier work without retention or revert (622.091988ms)
✔ keep requires scope and an unchanged committed candidate (226.909419ms)
✔ uncommitted retention and instead answers cannot clear the incident (1735.715363ms)
✔ retention does not grant future edits, even when reverted to the approved tree (1449.173697ms)
✔ retention cannot cover another path or another activation (582.534974ms)
✔ imported changes must still match the retained tree (610.179431ms)
✔ retention handles additions, deletions, modes, symlinks, and literal filenames (1968.592684ms)
✔ retention cannot convert an existing restoration answer or accept an unknown mode (417.99585ms)
✔ a check failure after retention remains a failure (738.574553ms)
✔ retained paths stay part of the stable checked candidate without extending its footprint (655.091315ms)
✔ retention ask needs an explanation and final committed approval (529.623967ms)
✔ an unknown scope mode remains invalid even with a matching approval digest (282.530231ms)
✔ backlog writes the item; a second with the same title is refused, never overwritten (LOOP-016) (176.356249ms)
✔ a commit inside the footprint: check runs; outside it: check names the path and does not run (LOOP-015, LOOP-035) (596.112543ms)
✔ Cairn's records are never a breach; another file under docs/ is (LOOP-117) (747.996481ms)
✔ declaring the path as an input clears the breach (307.899371ms)
✔ a revert preserves the record of an out-of-scope commit (LOOP-047) (361.517219ms)
✔ a commitment naming a requirement the spec set does not hold as Agreed is repaired (LOOP-029) (93.250185ms)
✔ a requirement in a Draft spec file is not Agreed (148.353745ms)
✔ working agreements and the ignore file are Cairn records (LOOP-035, LOOP-036) (588.220877ms)
✔ the over-asking rule is gone from both skills (SPEC-005, SPEC-006, SPEC-007) (2.809064ms)
✔ a decision during the phase is recorded (DEC-003) (0.16269ms)
✔ understanding is restated before writing (SPEC-003) (0.12446ms)
✔ falsifiers are proposed as one set and confirmed by exception (SPEC-004) (2.058938ms)
✔ depth is inferred and domains derived, never asked or imposed (SPEC-008, SPEC-009) (0.163987ms)
✔ a term enters the glossary at first occurrence (SPEC-010) (0.077964ms)
✔ the phase ends at the first commitment, and later ones are specified during the loop (SPEC-011, SPEC-012) (0.089347ms)
✔ a requirement goes Agreed only with a nameable mechanism (SPEC-013) (0.092965ms)
✔ review before agreement, recording what it attacked (SPEC-014, SPEC-015) (0.098361ms)
✔ no spec file without requirements; nothing Agreed without a falsifier (SPEC-001, SPEC-002) (0.255968ms)
✔ Observed is marked, and is not contract (SPEC-016, SPEC-017) (0.419903ms)
✔ the skills exclude artifacts outside Cairn's workflow (0.138706ms)
✔ the working agreement names the agent's move for each verdict and the write-ahead record (LOOP-036) (0.167455ms)
✔ the working agreement names the developer's moves (LOOP-036, DEC-014) (0.06709ms)
✔ this repository runs by the file it ships (0.336884ms)
✔ both skills write the working agreement without naming a vendor's file (LOOP-002, LOOP-036, PKG-006) (2.014221ms)
✔ the working agreement says what an attempt is (LOOP-036, DEC-017, DEC-018) (0.10675ms)
✔ the working agreement says a failure no footprint change can address is an escalation, and where an inherited requirement is repaired (DEC-019, LOOP-057) (0.095747ms)
✔ the working agreement states the promote, next-iteration, and no-deferral moves (LOOP-029, LOOP-087, LOOP-091, LOOP-092) (0.077027ms)
✔ both skills sort captures into the backlog or next-iteration and forbid deferral (LOOP-029, LOOP-092, LOOP-093) (0.057133ms)
✔ the skill requires a falsifier on every requirement, a MAY included (SPEC-025) (0.049478ms)
✔ the working agreement names the hooks as optional and the install skill registers them for two harnesses (PKG-006, PKG-018, PKG-019) (0.216437ms)
✔ the working agreement says the kernel is upgraded at Done, never inside a commitment (LOOP-096) (0.048752ms)
✔ the next-iteration skill starts from the specification and ends by naming the next commitment (SPEC-026, SPEC-027) (0.188116ms)
✔ every document that names the project skills names next-iteration beside them (SPEC-026, PKG-014) (2.505583ms)
✔ the working agreement states a move for every action the kernel can name (LOOP-101) (1.485811ms)
✔ the working agreement states both record formats and the two flags the moves need (LOOP-036) (0.138521ms)
✔ the skills demonstrate a safe violating example and preserve recon findings (SPEC-022, SPEC-023) (0.055782ms)
✔ the specification skills run the checker through the cairn command (PKG-029) (0.215106ms)
✔ the README invokes the phase skills by name and states versions and platforms (PKG-030, PKG-031) (0.36165ms)
✔ the manual and the walkthrough say the loop promotes backlog items at Done (0.546401ms)
✔ the working agreement says a report is not work under way, its findings are captured, and it is committed with them (LOOP-138) (0.062162ms)
✔ a two-obligation sentence is named (PKG-007) (48.731417ms)
✔ an obligation with no actor is named (PKG-010) (43.958753ms)
✔ a leading condition clause is not the actor, and the actor after it counts (50.69627ms)
✔ an Agreed requirement with no falsifier is named (SPEC-002); a Draft one is not (93.155186ms)
✔ prose after a Draft requirement with no falsifier is not scanned as requirement text (51.667269ms)
✔ a spec declaring a prefix with no requirement is named (SPEC-001) (49.079388ms)
✔ a keyword in backticks or quotes is a mention, not an obligation (49.099687ms)
✔ duplicate identifiers are rejected within a file and across files (SPEC-020) (93.830081ms)
✔ references resolve across files; missing references name their source (SPEC-021) (87.750108ms)
✔ code examples and quoted mentions are neither definitions nor references (55.342485ms)
✔ machine-local paths are findings in prose, links, quotes, and examples (SPEC-019) (464.494078ms)
✔ relative paths, URLs, slash commands, and character mentions are not absolute path findings (44.657659ms)
✔ a slash after a placeholder continues the template (SPEC-019) (90.744199ms)
✔ a host path is a finding until the file declares it (SPEC-019, SPEC-024) (90.622589ms)
✔ declared host paths cover children with a slash boundary and stay file-local (125.794955ms)
✔ a host-path declaration inside a requirement or example grants no exception (124.957218ms)
✔ host-path declarations require absolute or home-relative entries (259.943708ms)
✔ an Agreed block whose only keyword is MAY needs a falsifier like any other (SPEC-025, SPEC-002) (106.202771ms)
✔ a regex literal is not a path, a drive path and a file URL are, and a skill's slash name is allowed (SPEC-028, SPEC-029) (76.696139ms)
✔ a backticked or quoted actor still counts as one (PKG-010) (62.570697ms)
✔ supersede writes both lines, and the old record keeps every word it had (DEC-008, DEC-010) (108.10457ms)
✔ supersede without a cause, or with one outside the four, is refused (DEC-009) (172.247019ms)
✔ supersede of a record that does not exist is refused (91.827094ms)
✔ a predecessor with no title line cannot be stamped, so nothing is written (106.799588ms)
✔ a --supersedes argument outside the slug alphabet is refused, and a path never reaches the filesystem (DEC-022) (272.507916ms)
✔ a record already superseded cannot be superseded again: one Superseded by line per record (DEC-022, DEC-010) (235.597661ms)
✔ reversals reports counts by decider, cause, and domain (DEC-011) (200.055917ms)
✔ decide in a domain with a reversal is refused without --history, naming the reversal; with it, the record carries History (DEC-012) (213.938726ms)
✔ decide in a domain with no reversals needs no --history (148.586157ms)
✔ a record resting on prose alone is in the domain unspecified, and so is the next one (145.238488ms)
✔ the decider tally normalizes case and whitespace, and names a value outside the vocabulary (DEC-020, DEC-011) (69.283817ms)
✔ a record with no Decided by line is tallied as unrecorded, not as a vocabulary value (92.707813ms)
✔ Decided by written as a list tallies like the flat form, and does not crash the report (LOOP-124, DEC-020) (79.551862ms)
✔ a second declaration for one requirement is accepted, a named check runs every mechanism, and Done needs each to pass (LOOP-056, LOOP-099) (2437.282475ms)
✔ one mechanism's stale evidence names that mechanism, and --stale runs only it (LOOP-056, LOOP-094) (952.814841ms)
✔ attempts are counted within one mechanism's records, so the other's passes do not reset them (LOOP-100, DEC-016) (1528.549495ms)
✔ step 1: an in-progress record is reconciled before anything else (118.500223ms)
✔ step 2: an open escalation is presented and nothing else happens (84.753134ms)
✔ an answered escalation is not open (571.536476ms)
✔ step 3: a decision with no realized-by is built, first by name (DEC-007) (117.890864ms)
✔ a superseded decision with no realized-by is not work (133.331688ms)
✔ step 6: a mechanism that has never run is run, not implemented (LOOP-008) (144.927492ms)
✔ step 6: a requirement whose mechanism fails is implemented (644.207298ms)
✔ step 6 before step 7: failing evidence outranks a missing mechanism (421.847262ms)
✔ step 7: a requirement with no mechanism is declared (LOOP-106) (123.466242ms)
✔ every verdict names who acts: Resolvable is the agent's, Done needs nobody, Escalate waits for the developer (LOOP-004) (662.713191ms)
✔ malformed roadmap is Resolvable, not fatal (LOOP-005) (56.715429ms)
✔ a commitment naming no requirements is Resolvable (LOOP-018) (71.862056ms)
✔ the primary test: two wakes on the same checkout give the same action, before and after a persisted transition (LOOP-001, LOOP-003) (561.17077ms)
✔ outside a cairn repository wake cannot run (47.657208ms)
✔ the loop never waits on the review queue (DEC-015) (423.349194ms)
✔ twenty built records cost one git call to resolve, not twenty (DEC-023) (196.292478ms)
✔ an ambiguous Realized by identifier is the repair that says lengthen it, not a build (LOOP-113, DEC-023) (177.759431ms)
✔ the linked walkthrough runs from agreement through the next commitment (PKG-016) (1656.569929ms)
ℹ tests 494
ℹ suites 0
ℹ pass 494
ℹ fail 0
ℹ cancelled 0
ℹ skipped 0
ℹ todo 0
ℹ duration_ms 23485.759096
