✔ a Draft block overrides an Agreed file for both wake and check (SPEC-018) (161.618356ms)
✔ an Agreed block overrides a Draft file in the kernel and lint (SPEC-018, SPEC-002) (517.467236ms)
✔ a block Status does not become the file default, including inside examples (SPEC-018) (366.66355ms)
✔ block status without a value does not inherit Agreed by accident (SPEC-018) (85.914483ms)
✔ inheritance needs a file Scope and includes only Agreed blocks, regardless of prefix (PKG-015) (1387.742803ms)
✔ Scope inside a requirement or fenced example does not declare inheritance (PKG-015) (625.246621ms)
✔ a falsifier wrapped onto a line beginning with Status: does not become the block's status (SPEC-018) (1.275488ms)
✔ LOOP-063: reject input mutation during a check and retain diagnostics (306.967307ms)
✔ LOOP-063: reject deletion mutation during a check and retain diagnostics (337.533261ms)
✔ LOOP-063: reject addition mutation during a check and retain diagnostics (325.172637ms)
✔ LOOP-063: reject mode mutation during a check and retain diagnostics (355.711058ms)
✔ LOOP-063: reject specification mutation during a check and retain diagnostics (350.09962ms)
✔ LOOP-063: reject declaration mutation during a check and retain diagnostics (316.554253ms)
✔ LOOP-063: reject commit mutation during a check and retain diagnostics (277.427744ms)
✔ LOOP-063: committed input mutation during execution cannot certify the replacement (291.97897ms)
✔ LOOP-064: removing executable permission makes passing evidence stale (434.413701ms)
✔ LOOP-064: a mode-only change also invalidates the previous review after new evidence (682.673864ms)
✔ LOOP-064: changing a regular file into a link with identical identity bytes is stale (725.58514ms)
✔ LOOP-063: an unchanged candidate still records a pass despite unrelated working-tree edits (172.765089ms)
✔ LOOP-064: current and historical input ordering agrees for Unicode filenames (268.430406ms)
✔ LOOP-063: Git status hiding content changes cannot certify an uncommitted candidate (116.087459ms)
✔ LOOP-066: one check owns execution with a kernel action record (384.304173ms)
✔ LOOP-066: one check owns execution with an agent action record (366.117678ms)
✔ LOOP-066: a live lock is named and never silently overwritten (130.321411ms)
✔ LOOP-066: a dead lock is named and never silently overwritten (118.206895ms)
✔ LOOP-066: a incomplete lock is named and never silently overwritten (132.783074ms)
✔ LOOP-066: an execution error releases the check lock for a corrected rerun (416.951486ms)
✔ LOOP-066: a live kernel action from an older Cairn also blocks execution (70.868144ms)
✔ LOOP-066: separate Git worktrees can run checks independently (394.862084ms)
✔ after a green check --stale runs nothing; after one input changes it runs only that mechanism (LOOP-094) (809.772868ms)
✔ a mechanism speaking for two stale requirements runs once and refreshes both (LOOP-094, LOOP-040) (558.129272ms)
✔ a fresh failure and an unverified result are skipped with implement named (LOOP-094) (517.409906ms)
✔ --stale with a requirement identifier is refused (LOOP-094) (61.124615ms)
✔ check refuses a dirty declared input and names it; a dirty undeclared file does not block (LOOP-030) (346.565153ms)
✔ check writes one receipt per run carrying the full record and a result line per requirement (LOOP-097) (286.948625ms)
✔ a nonzero exit records fail, and the receipt keeps the exit code (LOOP-034) (285.596819ms)
✔ a pass after a fail keeps the failing record; nothing is overwritten or deleted (LOOP-025) (570.98139ms)
✔ a commit changing a declared input makes evidence stale; an undeclared one does not (LOOP-007) (641.470724ms)
✔ a regression is named before a requirement that never passed (LOOP-031) (724.6582ms)
✔ three attempts with no escalation since: wake says escalate, not a fourth (DEC-016, DEC-017, DEC-018) (1882.539854ms)
✔ the review gate: no review, stale review, open finding, then Done (LOOP-020, LOOP-033) (859.674283ms)
✔ Done is refused while any requirement lacks current passing evidence (LOOP-017) (74.50848ms)
✔ check names a requested requirement that no mechanism claims (101.120656ms)
✔ check writes the in-progress record before the run and clears it after (LOOP-021) (167.213918ms)
✔ a linked declared input digests the same at a commit and in the tree (LOOP-023, LOOP-024) (350.40615ms)
✔ a result line is the mechanism's statement about one requirement; what it did not mention is unverified (LOOP-037, LOOP-052) (165.067365ms)
✔ a mechanism that says nothing is read by its exit code for every requirement (LOOP-039) (175.769512ms)
✔ unverified is not an attempt, and a return to an earlier failed digest counts once (DEC-017, DEC-018) (1490.067224ms)
✔ a result line for a requirement the mechanism does not speak for is named and writes nothing (LOOP-038) (162.326374ms)
✔ a result line inside ordinary output, or without the marker, does not count (158.350782ms)
✔ a targeted check runs the named requirements' mechanisms and records every requirement they speak for (LOOP-040) (198.437184ms)
✔ two result lines for one requirement: a fail on any line wins (167.267184ms)
✔ three runs at one digest with no attempt since: the verdict stays implement and names DEC-019; an escalation naming it among others clears the hint (DEC-019, LOOP-053) (788.875672ms)
✔ a complete commitment with an unpromoted backlog item names promote, and a stamped item lets it reach Done (LOOP-087) (749.729344ms)
✔ an empty backlog with waiting next-iteration items is Done, with the count as information and no action on them (LOOP-091) (701.80723ms)
✔ a promotion marker must resolve to a decision record (LOOP-088) (238.421905ms)
✔ a commitment promoted from an item needs a decision record naming the item (LOOP-088) (239.783339ms)
✔ the spec lint reports a promotion marker with no decision record (LOOP-088) (66.55056ms)
✔ a promoted commitment that changes an Agreed requirement or the working agreement is an escalation; an unpromoted one is not (LOOP-089, LOOP-090) (1220.013169ms)
✔ a capture from one of the commitment's own requirements needs Outside because: or an escalation (LOOP-092) (1362.920149ms)
✔ a next-iteration item names what it would change, and the capture refuses one that does not (LOOP-093) (383.445246ms)
✔ a commitment specified from a next-iteration item needs the item stamped before anything else (SPEC-027) (460.113197ms)
✔ a by deference marker resolves to a decision record like a promotion marker (SPEC-002, LOOP-088) (197.583049ms)
✔ the LOOP-090 gate reads the Concerns line, not the slug as a substring (LOOP-114) (501.385597ms)
✔ the LOOP-088 check reads the Promotes line, and decide --promotes writes it (LOOP-115) (216.773412ms)
✔ the activation commit of a promoted commitment is inside the LOOP-089 comparison (LOOP-116) (134.767563ms)
✔ the LOOP-090 route needs one escalation: its Concerns line covers the moved item too (LOOP-119, LOOP-092, LOOP-114) (573.576527ms)
✔ an escalation raised before the promoted commitment began does not silence the LOOP-090 gate (LOOP-114) (304.533256ms)
✔ an escalation raised before the commitment began does not silence the capture gate (LOOP-119) (327.432253ms)
✔ the activation commit is inside the scope footprint (LOOP-120) (86.060566ms)
✔ a requirement Agreed at activation that is demoted or removed is a contract change (LOOP-121) (537.788923ms)
✔ the include files are the root files that hold @AGENTS.md: exempt from the footprint, compared by the gate (LOOP-122) (981.29558ms)
✔ a superseded promotion no longer satisfies the LOOP-088 check, and the repair says the promotion was reversed (LOOP-123) (402.228813ms)
✔ the restore route measures from the tree before activation, so a path the activation commit added must go (LOOP-120, LOOP-035) (155.238488ms)
✔ the loop works against exactly one commitment: the current one (LOOP-019) (326.219159ms)
✔ every requirement the node-test declaration speaks for is named in a test title (PKG-025) (2.779483ms)
✔ every repository path the tests read is a declared input of node-test (PKG-026) (0.876628ms)
✔ writes a record with every required field and an empty realized-by (DEC-001, DEC-005) (59.465647ms)
✔ a Consequential decision is queued for review (DEC-013) (58.834499ms)
✔ a Consequential decision is queued even when .cairn/queue does not exist yet (84.640359ms)
✔ Routine is refused: routine decisions produce no record (65.757451ms)
✔ a missing field is a usage error and nothing is written (58.412277ms)
✔ supersedes requires a classified cause, and the old record must exist (184.785725ms)
✔ an existing record is not overwritten (111.518656ms)
✔ a queued decision stays queued; nothing but the developer removes it (DEC-014) (192.055509ms)
✔ LOOP-006, LOOP-067: missing inputs names a declaration repair before execution (121.357558ms)
✔ LOOP-006, LOOP-067: empty inputs names a declaration repair before execution (130.070068ms)
✔ LOOP-006, LOOP-067: missing command names a declaration repair before execution (121.222029ms)
✔ LOOP-006, LOOP-067: list command names a declaration repair before execution (111.844779ms)
✔ LOOP-006, LOOP-067: empty command names a declaration repair before execution (138.551369ms)
✔ LOOP-006, LOOP-067: missing requirements names a declaration repair before execution (150.260456ms)
✔ LOOP-006, LOOP-067: bad identifier names a declaration repair before execution (137.225124ms)
✔ LOOP-067: scalar one-item lists retain their existing meaning (271.01119ms)
✔ LOOP-068: a unpopulated gitlink is refused by name (172.205374ms)
✔ LOOP-068: a populated gitlink is refused by name (185.952522ms)
✔ LOOP-069: identical selections across 100 mechanisms use at most 20 Git processes (134.377262ms)
✔ escalate writes the six-line format followed by its facts, and wake presents it (LOOP-010, LOOP-026) (139.480855ms)
✔ a missing or multi-line field is refused with the field named, and nothing is written (LOOP-012) (111.574897ms)
✔ a Blocking escalation that fails the format is written anyway, naming the malformed field (LOOP-013) (119.028879ms)
✔ the loop stops for the developer only at Blocking: a recorded decision below it never yields Escalate, and the Blocking bypass must be spelled exactly (DEC-002) (259.592988ms)
✔ a second escalation while one is open is refused (LOOP-011) (106.427365ms)
✔ answer records the reply; wake no longer presents it; a second answer is refused (270.555072ms)
✔ answer to an unknown escalation is refused (79.801567ms)
✔ a stranger resumes from the file alone: question and answer are both in it (LOOP-014) (124.898883ms)
✔ after an answer, the same concern can be escalated again under a new name (165.747971ms)
✔ an escalation exists when its file does, committed or not (LOOP-009) (71.178389ms)
✔ developer answers require one of the three forms and cannot inject fields (LOOP-048) (559.753469ms)
✔ ask, agent explanation, another ask, and ok stay ordered in one file (LOOP-049, LOOP-050, LOOP-014) (631.03976ms)
✔ fresh closed answers accompany only concerned requirements until new evidence (LOOP-051) (596.487121ms)
✔ a raised escalation carries no derivable status line, and an old record with one still parses (LOOP-028) (133.423479ms)
✔ LOOP-065: delete of output refuses Done and a new run recovers (995.372532ms)
✔ LOOP-065: corrupt of output refuses Done and a new run recovers (956.724153ms)
✔ LOOP-065: delete of stderr_output refuses Done and a new run recovers (787.669676ms)
✔ LOOP-065: corrupt of stderr_output refuses Done and a new run recovers (755.907482ms)
✔ LOOP-065: a receipt without output needs a new check (420.976664ms)
✔ LOOP-065: a receipt without output_digest needs a new check (407.301037ms)
✔ LOOP-065: a receipt without stderr_output needs a new check (364.620522ms)
✔ LOOP-065: a receipt without stderr_digest needs a new check (356.711484ms)
✔ LOOP-065: legacy unverifiable output is rerun without rewriting history (633.520204ms)
✔ a fresh record names the kernel that wrote it (LOOP-023) (285.04066ms)
✔ LOOP-095: a record from another kernel is stale with the kernel named, and a new check restores Done (670.858166ms)
✔ LOOP-095: a record from no kernel is stale with the kernel named, and a new check restores Done (639.9191ms)
✔ LOOP-070: a later failure is latest even when the clock moves backward (773.924657ms)
✔ LOOP-070: receipt collisions at one clock instant retain execution order beyond nine suffixes (2703.991368ms)
✔ LOOP-070: imported branch receipts stale a later sequence until a new check incorporates them (1018.112369ms)
✔ LOOP-070, LOOP-098: legacy receipts need one ordered check, remain byte-for-byte unchanged, and precede the run receipt in the history (465.856302ms)
✔ LOOP-070: edit of a prior receipt requires fresh evidence (408.153366ms)
✔ LOOP-070: remove of a prior receipt requires fresh evidence (426.259035ms)
✔ LOOP-075: supporting evidence file README.md does not become a receipt (457.857062ms)
✔ LOOP-075: supporting evidence file notes.txt does not become a receipt (449.895137ms)
✔ LOOP-075: supporting evidence file support does not become a receipt (468.945155ms)
✔ LOOP-075: supporting evidence file .DS_Store does not become a receipt (445.712191ms)
✔ LOOP-075: a malformed result line (result=success) names a repair before execution (319.902028ms)
✔ LOOP-075: a malformed result line (sequence=NaN) names a repair before execution (296.772166ms)
✔ LOOP-075: a malformed result line (sequence=9007199254740992) names a repair before execution (326.018016ms)
✔ LOOP-075: a malformed result line (history_digest=wrong) names a repair before execution (313.776316ms)
✔ LOOP-075: a malformed result line (tokens) names a repair before execution (310.811772ms)
✔ LOOP-075: a receipt-shaped directory is a named repair instead of an EISDIR crash (231.631171ms)
✔ LOOP-070: an earlier escalation cannot cover three new attempts after clock rollback (868.552877ms)
✔ LOOP-070: an answer becomes old after a later check even if that check's timestamp is earlier (539.450414ms)
✔ LOOP-070: the newest answer wins between checks even when its clock timestamp is older (350.272669ms)
✔ LOOP-070: legacy escalation dates cover old receipts but not three newer sequenced runs (1203.722533ms)
✔ a PKG requirement the commitment does not name is declared, run, and gates Done (PKG-011) (1455.553336ms)
✔ a PKG requirement in a Draft spec is not folded in (386.504672ms)
✔ LOOP-076, LOOP-079: stale inputs identify the receipt and the check to run (560.202922ms)
✔ LOOP-077: names a content change using checked input identity (569.593516ms)
✔ LOOP-077: names a mode change using checked input identity (549.473546ms)
✔ LOOP-077: names a kind change using checked input identity (487.704088ms)
✔ LOOP-077: names a added change using checked input identity (443.422734ms)
✔ LOOP-077: names a removed change using checked input identity (423.38364ms)
✔ LOOP-077: names a link-target change using checked input identity (677.305452ms)
✔ LOOP-077: changed selection compares the old and new input sets (436.079763ms)
✔ LOOP-077: raw CRLF changes remain visible when Git-clean content agrees (387.978931ms)
✔ LOOP-077: detail output is sorted, bounded, and reports the omitted count (393.179133ms)
✔ LOOP-077: filenames cannot inject lines or terminal controls into explanations (360.236624ms)
✔ LOOP-077: receipts from one run share details and do not store source contents (268.128439ms)
✔ LOOP-078, LOOP-080: legacy optional detail limits explanation without changing standing (447.057472ms)
✔ LOOP-078, LOOP-080: invalid-field optional detail limits explanation without changing standing (440.451317ms)
✔ LOOP-078, LOOP-080: missing optional detail limits explanation without changing standing (468.696522ms)
✔ LOOP-078, LOOP-080: invalid-json optional detail limits explanation without changing standing (435.050403ms)
✔ LOOP-078, LOOP-080: mismatched optional detail limits explanation without changing standing (431.927748ms)
✔ LOOP-078, LOOP-080: duplicate optional detail limits explanation without changing standing (436.133924ms)
✔ LOOP-078, LOOP-080: unsafe-path optional detail limits explanation without changing standing (464.162123ms)
✔ LOOP-078, LOOP-080: directory optional detail limits explanation without changing standing (420.570291ms)
✔ LOOP-078, LOOP-080: symlink optional detail limits explanation without changing standing (433.29888ms)
✔ LOOP-078: unavailable old requirement text is not claimed as a proven change (359.254652ms)
✔ LOOP-076, LOOP-079: changed requirements identify evidence and retain review-before-check guidance (335.86044ms)
✔ LOOP-078: simultaneous input and output damage keep both reasons (331.248485ms)
✔ LOOP-080: deterministic freshness sequence seed=7 (7472.827829ms)
✔ LOOP-080: deterministic freshness sequence seed=42 (5466.74558ms)
✔ LOOP-080: deterministic freshness sequence seed=913 (4278.915203ms)
✔ LOOP-080: agreement changes, mechanism review, checks, and completion review retain priority (1073.366902ms)
✔ LOOP-080: imported receipt history demands a rerun without a false input explanation (1028.127619ms)
✔ LOOP-073: clean CRLF input completes under attributes (443.911615ms)
✔ LOOP-073: clean CRLF input completes under autocrlf (432.764514ms)
✔ LOOP-073: raw line-ending mutation during a run is rejected even when Git still sees the same content (220.914205ms)
✔ LOOP-073: execution evidence changes when clean conversion preserves committed identity (789.479286ms)
✔ LOOP-073: Git clean filters use Git's conversion while retaining raw evidence identity (380.010958ms)
✔ LOOP-073: failure of a required Git filter cannot record evidence (91.474253ms)
✔ LOOP-073: a clean filter moving HEAD during ending validation prevents evidence (499.98387ms)
✔ LOOP-073: canonical Git identities handle links without reading their targets (340.082469ms)
✔ LOOP-073: Git conversion keeps raw Unicode and control-character input paths (313.03098ms)
✔ LOOP-073: conversion and links work in a SHA-256 Git repository (350.431102ms)
✔ LOOP-074: historical specification filename "café.md" remains reviewable (344.323215ms)
✔ LOOP-074: historical specification filename "spec\ttab.md" remains reviewable (314.324631ms)
✔ LOOP-074: historical specification filename "spec\nline.md" remains reviewable (284.963146ms)
✔ help works outside a repository without running a command (PKG-017) (827.99083ms)
✔ help does not hide invalid options or consume literal arguments (187.174333ms)
✔ help lists the lint command (PKG-017) (46.465379ms)
✔ the stop hook refuses a stop while wake says Resolvable, with the verdict as the reason (PKG-018) (158.658982ms)
✔ the stop hook allows a stop at Done, at Escalate, and outside a Cairn repository (PKG-018) (839.24167ms)
✔ the session-start hook links the command once and prints the verdict in a Cairn repository (PKG-019, PKG-014, PKG-005) (370.934342ms)
✔ the session-start hook prints no verdict outside a Cairn repository and leaves an existing link that resolves alone (PKG-019) (60.438828ms)
✔ a checkout under a path with a space links a command that resolves, and its stop hook still blocks (PKG-019, PKG-021) (283.364485ms)
✔ the hooks run the kernel the command link resolves to, so hook and agent share one referee (PKG-021) (763.312511ms)
✔ a dangling link is replaced and reported (PKG-019) (130.391294ms)
✔ errors exit 0 with one line on standard error and no stack trace (PKG-022) (152.27938ms)
✔ the hooks judge with the cairn on PATH, a wrapper included, and session-start names it (PKG-033) (812.872534ms)
✔ a link whose target exists is kept, whatever it is; only a dangling one is replaced (PKG-034) (239.892871ms)
✔ a project below the Git toplevel gets the verdict and the stop refusal (PKG-035) (252.472617ms)
✔ a kernel that prints no verdict is one stderr line: the stop is allowed and session-start prints no trace (PKG-036) (134.562008ms)
✔ a link that cannot be created is one stderr line, and the verdict still prints (PKG-019, PKG-022) (103.01462ms)
✔ with git absent the hooks say so in one line and block nothing (PKG-022) (69.859041ms)
✔ cairn lint runs the checker over docs/spec by default and over a named directory (PKG-028) (171.463939ms)
✔ cairn lint names a missing directory in one line, takes one argument, and reports a bad root (PKG-028) (196.920929ms)
✔ three megabytes are retained exactly once with matching digests (LOOP-041, LOOP-042) (273.373982ms)
✔ split stdout result lines survive a long non-result line; stderr is never a verdict (302.035875ms)
✔ signal termination is recorded and logs survive a clone (LOOP-043) (284.353704ms)
✔ working agreements and ignore changes are Cairn records inside the footprint (315.63733ms)
✔ a clean package passes (89.205823ms)
✔ PKG-001: a dependency, or a service manifest (142.800758ms)
✔ PKG-002: ignoring evidence or other durable state, by directory or by extension (114.504481ms)
✔ PKG-003: a command, a directory, or a record kind no decision names (210.84602ms)
✔ PKG-004: a kernel over 1600 lines, counting every file under bin/ (135.668831ms)
✔ PKG-006: a skill step naming a vendor's product, in either order, across a wrapped list item (PKG-027) (283.632139ms)
✔ PKG-008: a non-ASCII character in a tracked text file (68.047293ms)
✔ PKG-009: the kernel importing from tests (76.474068ms)
✔ PKG-012: a network call or a model vendor in the kernel (140.581469ms)
✔ PKG-013: deferral language, but not in code, quotes, or a rule (457.74297ms)
✔ a tracked path deleted from the working tree is skipped, not a crash (68.683161ms)
✔ a sentence in a Formats section is not a record kind (70.219459ms)
✔ a record kind named by its path alone is checked (63.236428ms)
✔ PKG-002: a tracked in-progress record (58.625999ms)
✔ PKG-002: ignoring evidence alone is a finding (54.487948ms)
✔ PKG-003 reads the kernel's commands from its help output (PKG-023) (87.139312ms)
✔ the ASCII scan covers shipped files, not records under .cairn/ (PKG-024) (62.918826ms)
✔ a vendor-naming step wrapped across lines is matched (PKG-006, PKG-027) (67.964823ms)
✔ PKG-013 scans the README, the manual, and the walkthrough (PKG-032) (172.771188ms)
✔ LOOP-071: decision body metadata does not resolve unbuilt work: "Superseded by: example" (559.199717ms)
✔ LOOP-071: decision body metadata does not resolve unbuilt work: "```text\nSuperseded by: example\n```" (538.651998ms)
✔ LOOP-071: decision body metadata does not resolve unbuilt work: "~~~text\nSuperseded by: example\n~~~" (541.568794ms)
✔ LOOP-071: a fenced realization example is not a resolving commit (483.752704ms)
✔ LOOP-071: a fenced commit inside the realization section is not built (435.398184ms)
✔ LOOP-071: ## Example cannot replace an open review finding (433.118427ms)
✔ LOOP-071: # Example cannot replace an open review finding (432.081633ms)
✔ LOOP-071: ### Example cannot replace an open review finding (432.388676ms)
✔ LOOP-071:   ## Example cannot replace an open review finding (411.618737ms)
✔ LOOP-071: Example paragraph. cannot replace an open review finding (388.016494ms)
✔ LOOP-071: Example
------- cannot replace an open review finding (377.60899ms)
✔ LOOP-071: fenced fields before a real review header are ignored (361.235817ms)
✔ LOOP-071: multiline decision --title cannot inject metadata (303.107067ms)
✔ LOOP-071: multiline decision --decided-by cannot inject metadata (319.486467ms)
✔ LOOP-071: multiline decision --rests-on cannot inject metadata (313.520319ms)
✔ LOOP-071: multiline decision --wrong-if cannot inject metadata (324.566933ms)
✔ LOOP-071: multiline decision --history cannot inject metadata (321.26847ms)
✔ LOOP-072: malformed Blocking concerns stay open: "R-001\nAnswer: ok" (93.26493ms)
✔ LOOP-072: malformed Blocking concerns stay open: "R-001\r\nAnswer: ok" (77.556275ms)
✔ LOOP-072: malformed Blocking concerns stay open: "R-001\rAnswer: ok" (77.263813ms)
✔ LOOP-072: malformed Blocking concerns stay open: "R-001 Answer: ok" (79.373669ms)
✔ LOOP-072: malformed Blocking concerns stay open: "R-001 Answer: ok" (89.020314ms)
✔ LOOP-072: ordinary malformed concerns are refused: "R-001\nR-002" (46.906404ms)
✔ LOOP-072: ordinary malformed concerns are refused: "R-001, prose" (48.843741ms)
✔ LOOP-072: ordinary malformed concerns are refused: " " (39.842737ms)
✔ LOOP-072: a Blocking escalation without concerns is still presented (81.772848ms)
✔ LOOP-072: carriage returns in a Blocking question do not create answer records (86.937277ms)
✔ LOOP-072: explanation separator 8232 cannot close an escalation (133.602871ms)
✔ LOOP-071: decision metadata refuses separator 8232 (282.400915ms)
✔ LOOP-072: explanation separator 8233 cannot close an escalation (141.009066ms)
✔ LOOP-071: decision metadata refuses separator 8233 (318.62462ms)
✔ Concerns, Rests on, and Promoted from written as lists read as the flat form (LOOP-124) (480.691431ms)
✔ an item named by filename, path, or backticked slug resolves like the slug (LOOP-125) (454.030047ms)
✔ an input that covers Cairn's own output is named as the repair, before and after a check (LOOP-126, LOOP-105) (526.893529ms)
✔ an unreadable record directory is a repair, not an error exit (LOOP-127) (66.176761ms)
✔ a title that slugifies to nothing is refused (LOOP-128) (107.848745ms)
✔ examined: [] is an empty list (LOOP-129, LOOP-108) (355.329392ms)
✔ below the Git toplevel the restore check compares root-relative paths (LOOP-130, LOOP-035) (265.188908ms)
✔ a Consequential record this commitment added needs its queue entry committed (LOOP-131, DEC-004) (441.316193ms)
✔ a mechanism that removes the check lock still gets its evidence, with no repair for the lock (LOOP-107) (204.252353ms)
✔ a staged rename reads as its two paths, never as a bare origin token (LOOP-030, LOOP-110) (100.664778ms)
✔ a Current: line inside a fenced example is not a second Current: line (LOOP-104) (88.927048ms)
✔ a Status: word is taken only from a line that carries one, never from wrapped prose after it (SPEC-018) (0.895981ms)
✔ an unmatched input is refused before execution (LOOP-044) (146.997473ms)
✔ an indexed input deleted on disk asks for a commit (LOOP-045) (139.882197ms)
✔ wake and check require a Git working tree (LOOP-046) (112.049033ms)
✔ recovery removes only dead kernel run records and identifies a live owner (LOOP-054, LOOP-055) (279.960312ms)
✔ an agent action based behind a clean HEAD appears committed (LOOP-027) (170.223182ms)
✔ realization needs a real commit and a subject (DEC-006) (252.566583ms)
✔ 1500 binary inputs digest identically at the review commit in under a second (LOOP-024) (1281.766605ms)
✔ merged work is excluded but a later own commit is a breach (LOOP-047) (212.047667ms)
✔ exact Current tenure ignores prefix matches and earlier visits to the same slug (LOOP-035) (211.826889ms)
✔ a kernel run records its supervising PID (LOOP-054) (204.071091ms)
✔ a merged declared input still stales evidence (LOOP-047) (307.072212ms)
✔ wildcard and magic pathspecs select the same historical inputs (LOOP-024, LOOP-032) (1787.207612ms)
✔ historical selection retains deleted files and excludes new ones (LOOP-024, LOOP-035) (1086.874359ms)
✔ explicit reporting with no lines and exit 0 establishes no requirement verdicts (LOOP-061) (354.560221ms)
✔ explicit reporting with no lines and exit 1 establishes no requirement verdicts (LOOP-061) (339.519278ms)
✔ a reporter that cannot start keeps execution diagnostics without blaming requirements (LOOP-062) (255.470904ms)
✔ large output cannot kill a reporter or invent a requirement verdict (286.776235ms)
✔ explicit mode ignores cairn: R-999: pass (261.071927ms)
✔ explicit mode ignores cairn: R-001: unverified (274.749097ms)
✔ explicit mode ignores cairn: R-001: passed (220.604437ms)
✔ explicit results survive nonzero exit and contradictory duplicates still fail (443.086846ms)
✔ unverified results across changed inputs never become failed attempts (1121.599199ms)
✔ legacy exit 0 retains its interpretation (208.334474ms)
✔ legacy exit 1 retains its interpretation (197.23796ms)
✔ a misspelled reporting mode is refused before execution (109.645917ms)
✔ changed requirement blocks unchecked reruns and makes the completion review stale (LOOP-058, LOOP-059) (1458.655866ms)
✔ falsifier changes need review; separate rationale and other requirements do not change a receipt (968.706301ms)
✔ legacy receipts recover requirement identity from their commit; unavailable history requires review (725.579581ms)
✔ check refuses uncommitted requirement text and mechanism review markers (657.209647ms)
✔ tightened response limit cannot reuse the old passing check (1162.627082ms)
✔ a declared input over 1 MiB agrees at a commit and in the tree (LOOP-060) (407.556103ms)
✔ a failed Git blob read cannot be hashed as an empty blob (353.530576ms)
✔ Git listings over 1 MiB include the last declared input (2133.960841ms)
✔ requirement identity excludes fenced examples and status dates (415.737285ms)
✔ DemonCoder REM-002 and Status in progress cannot silently satisfy the review gate (LOOP-086) (639.130361ms)
✔ valid open findings retain their behavior (465.99855ms)
✔ valid resolved findings retain their behavior (417.028845ms)
✔ valid empty findings retain their behavior (405.921745ms)
✔ valid mixed valid findings retain their behavior (332.808457ms)
✔ malformed finding "open:" requires repair (324.352824ms)
✔ malformed finding "resolved:   " requires repair (316.791936ms)
✔ malformed finding "Open: incorrect case" requires repair (302.344346ms)
✔ malformed finding "unknown: issue" requires repair (296.253914ms)
✔ malformed finding "\u001b[31mBAD: issue" requires repair (304.460546ms)
✔ the established explicit empty findings list remains valid (342.790516ms)
✔ a scalar findings value requires the supported list format (276.384602ms)
✔ a Requirements: line written as a list is read like the flat form (LOOP-102) (109.58693ms)
✔ a subdirectory or a README in a record directory changes nothing (LOOP-103) (427.500428ms)
✔ two Current: lines are a roadmap repair (LOOP-104) (73.877069ms)
✔ a repeated identifier, an input under the evidence directory, and a missing cwd are refused by name (LOOP-105) (414.570213ms)
✔ a requirement whose evidence outlives its mechanism is named declare, not a regression or an escalation (LOOP-106) (911.514107ms)
✔ an unreadable record is a repair, not an error exit (LOOP-107) (67.494346ms)
✔ a review needs commit, a nonempty examined list, and a findings list, each named when missing (LOOP-108) (743.618228ms)
✔ a decision record missing a header field or naming a missing predecessor is a repair (LOOP-109) (255.033887ms)
✔ a dirty declared input with no in-progress record is named record ahead of run (LOOP-022, LOOP-110) (203.207003ms)
✔ with core.filemode false the index mode is the identity, so a mode-only difference does not refuse the check (LOOP-111) (197.100341ms)
✔ a project below the Git toplevel can run check (LOOP-112) (221.27376ms)
✔ a shallow clone names history to fetch, not a decision to build (LOOP-113) (195.198692ms)
✔ record-writing commands refuse to run outside a Cairn repository and write nothing (LOOP-118) (240.358584ms)
✔ empty footprint names declaration before scope and records no evidence (LOOP-081) (455.686489ms)
✔ first declaration still checks the full earlier history (LOOP-081) (323.343445ms)
✔ an empty current footprint does not block an explicitly requested existing mechanism (LOOP-081) (277.615801ms)
✔ an inherited mechanism provides a footprint even before local mechanisms exist (211.030007ms)
✔ scope reports every path, escapes line breaks, and gives identical remedies (LOOP-082) (210.979885ms)
✔ scope verdict reuses the answered-escalation annotation (LOOP-048, LOOP-051, LOOP-083) (498.099284ms)
✔ a committed scope acknowledgment lets restored history proceed (LOOP-083) (577.373592ms)
✔ scope acknowledgment must be committed before it can clear a breach (584.8804ms)
✔ ordinary ok does not acknowledge scope history (268.581004ms)
✔ scope escalation refuses unrestored paths and names the restoration remedy (246.373423ms)
✔ an invalid scope request still records an explicitly Blocking decision (142.630161ms)
✔ ask and explanation stay open; only the final committed ok acknowledges scope (638.963089ms)
✔ instead is visible but does not silently authorize a scope exception (328.195952ms)
✔ later changes to an acknowledged path still block, including later reverts (1055.478977ms)
✔ approval cannot hide another path changed after the snapshot (357.635073ms)
✔ acknowledged history remains conditional on the paths staying restored (524.210367ms)
✔ editing the scope snapshot after answer invalidates its acknowledgment (274.0064ms)
✔ malformed scope metadata cannot suppress a breach (1306.587915ms)
✔ damaged acknowledgment fields cannot suppress a breach (549.539602ms)
✔ scope path matching is literal, including wildcard filenames and control characters (449.704297ms)
✔ scope acknowledgment does not carry into another activation of the same slug (267.363386ms)
✔ restoration checks additions, deletions, executable modes, and symlink kinds (1382.347101ms)
✔ explicit committed retention keeps correct work and requires new evidence and review (LOOP-084, LOOP-085) (1833.909605ms)
✔ a missing declaration covers correct earlier work without retention or revert (410.154188ms)
✔ keep requires scope and an unchanged committed candidate (146.062911ms)
✔ uncommitted retention and instead answers cannot clear the incident (939.661337ms)
✔ retention does not grant future edits, even when reverted to the approved tree (1194.391495ms)
✔ retention cannot cover another path or another activation (542.091564ms)
✔ imported changes must still match the retained tree (538.757647ms)
✔ retention handles additions, deletions, modes, symlinks, and literal filenames (1880.051294ms)
✔ retention cannot convert an existing restoration answer or accept an unknown mode (404.124976ms)
✔ a check failure after retention remains a failure (667.408185ms)
✔ retained paths stay part of the stable checked candidate without extending its footprint (536.393335ms)
✔ retention ask needs an explanation and final committed approval (516.379154ms)
✔ an unknown scope mode remains invalid even with a matching approval digest (263.369008ms)
✔ backlog writes the item; a second with the same title is refused, never overwritten (LOOP-016) (112.674732ms)
✔ a commit inside the footprint: check runs; outside it: check names the path and does not run (LOOP-015, LOOP-035) (488.8841ms)
✔ Cairn's records are never a breach; another file under docs/ is (LOOP-117) (569.805973ms)
✔ declaring the path as an input clears the breach (249.294519ms)
✔ a revert preserves the record of an out-of-scope commit (LOOP-047) (280.919823ms)
✔ a commitment naming a requirement the spec set does not hold as Agreed is repaired (LOOP-029) (82.337746ms)
✔ a requirement in a Draft spec file is not Agreed (61.773529ms)
✔ working agreements and the ignore file are Cairn records (LOOP-035, LOOP-036) (342.081775ms)
✔ the over-asking rule is gone from both skills (SPEC-005, SPEC-006, SPEC-007) (1.664722ms)
✔ a decision during the phase is recorded (DEC-003) (0.134674ms)
✔ understanding is restated before writing (SPEC-003) (0.119412ms)
✔ falsifiers are proposed as one set and confirmed by exception (SPEC-004) (0.181879ms)
✔ depth is inferred and domains derived, never asked or imposed (SPEC-008, SPEC-009) (0.137101ms)
✔ a term enters the glossary at first occurrence (SPEC-010) (0.095124ms)
✔ the phase ends at the first commitment, and later ones are specified during the loop (SPEC-011, SPEC-012) (0.103204ms)
✔ a requirement goes Agreed only with a nameable mechanism (SPEC-013) (0.09378ms)
✔ review before agreement, recording what it attacked (SPEC-014, SPEC-015) (1.207414ms)
✔ no spec file without requirements; nothing Agreed without a falsifier (SPEC-001, SPEC-002) (0.343346ms)
✔ Observed is marked, and is not contract (SPEC-016, SPEC-017) (0.345396ms)
✔ the skills exclude artifacts outside Cairn's workflow (0.145412ms)
✔ the working agreement names the agent's move for each verdict and the write-ahead record (LOOP-036) (0.495914ms)
✔ the working agreement names the developer's moves (LOOP-036, DEC-014) (0.090649ms)
✔ this repository runs by the file it ships (0.493989ms)
✔ both skills write the working agreement without naming a vendor's file (LOOP-002, LOOP-036, PKG-006) (0.217117ms)
✔ the working agreement says what an attempt is (LOOP-036, DEC-017, DEC-018) (0.081905ms)
✔ the working agreement says a failure no footprint change can address is an escalation, and where an inherited requirement is repaired (DEC-019, LOOP-057) (0.097229ms)
✔ the working agreement states the promote, next-iteration, and no-deferral moves (LOOP-029, LOOP-087, LOOP-091, LOOP-092) (0.096088ms)
✔ both skills sort captures into the backlog or next-iteration and forbid deferral (LOOP-029, LOOP-092, LOOP-093) (0.097012ms)
✔ the skill requires a falsifier on every requirement, a MAY included (SPEC-025) (0.077302ms)
✔ the working agreement names the hooks as optional and the install skill registers them for two harnesses (PKG-006, PKG-018, PKG-019) (0.19827ms)
✔ the working agreement says the kernel is upgraded at Done, never inside a commitment (LOOP-096) (0.072414ms)
✔ the next-iteration skill starts from the specification and ends by naming the next commitment (SPEC-026, SPEC-027) (0.231866ms)
✔ every document that names the project skills names next-iteration beside them (SPEC-026, PKG-014) (2.945748ms)
✔ the working agreement states a move for every action the kernel can name (LOOP-101) (1.39887ms)
✔ the working agreement states both record formats and the two flags the moves need (LOOP-036) (0.151039ms)
✔ the skills demonstrate a safe violating example and preserve recon findings (SPEC-022, SPEC-023) (0.083231ms)
✔ the specification skills run the checker through the cairn command (PKG-029) (0.815902ms)
✔ the README invokes the phase skills by name and states versions and platforms (PKG-030, PKG-031) (0.269989ms)
✔ the manual and the walkthrough say the loop promotes backlog items at Done (0.875369ms)
✔ a two-obligation sentence is named (PKG-007) (41.556264ms)
✔ an obligation with no actor is named (PKG-010) (48.237047ms)
✔ a leading condition clause is not the actor, and the actor after it counts (38.245159ms)
✔ an Agreed requirement with no falsifier is named (SPEC-002); a Draft one is not (70.465181ms)
✔ prose after a Draft requirement with no falsifier is not scanned as requirement text (43.61673ms)
✔ a spec declaring a prefix with no requirement is named (SPEC-001) (34.809218ms)
✔ a keyword in backticks or quotes is a mention, not an obligation (38.063103ms)
✔ duplicate identifiers are rejected within a file and across files (SPEC-020) (74.150059ms)
✔ references resolve across files; missing references name their source (SPEC-021) (74.17965ms)
✔ code examples and quoted mentions are neither definitions nor references (38.699226ms)
✔ machine-local paths are findings in prose, links, quotes, and examples (SPEC-019) (385.925859ms)
✔ relative paths, URLs, slash commands, and character mentions are not absolute path findings (41.938036ms)
✔ a slash after a placeholder continues the template (SPEC-019) (73.713866ms)
✔ a host path is a finding until the file declares it (SPEC-019, SPEC-024) (75.197112ms)
✔ declared host paths cover children with a slash boundary and stay file-local (111.601373ms)
✔ a host-path declaration inside a requirement or example grants no exception (117.150829ms)
✔ host-path declarations require absolute or home-relative entries (187.444322ms)
✔ an Agreed block whose only keyword is MAY needs a falsifier like any other (SPEC-025, SPEC-002) (71.025518ms)
✔ a regex literal is not a path, a drive path and a file URL are, and a skill's slash name is allowed (SPEC-028, SPEC-029) (75.763938ms)
✔ a backticked or quoted actor still counts as one (PKG-010) (39.844995ms)
✔ supersede writes both lines, and the old record keeps every word it had (DEC-008, DEC-010) (64.253752ms)
✔ supersede without a cause, or with one outside the four, is refused (DEC-009) (118.045973ms)
✔ supersede of a record that does not exist is refused (67.965567ms)
✔ a predecessor with no title line cannot be stamped, so nothing is written (74.312034ms)
✔ reversals reports counts by decider, cause, and domain (DEC-011) (179.030905ms)
✔ decide in a domain with a reversal is refused without --history, naming the reversal; with it, the record carries History (DEC-012) (180.096851ms)
✔ decide in a domain with no reversals needs no --history (114.846839ms)
✔ a record resting on prose alone is in the domain unspecified, and so is the next one (123.977985ms)
✔ a second declaration for one requirement is accepted, a named check runs every mechanism, and Done needs each to pass (LOOP-056, LOOP-099) (1660.035367ms)
✔ one mechanism's stale evidence names that mechanism, and --stale runs only it (LOOP-056, LOOP-094) (644.463729ms)
✔ attempts are counted within one mechanism's records, so the other's passes do not reset them (LOOP-100, DEC-016) (1264.371885ms)
✔ step 1: an in-progress record is reconciled before anything else (117.439308ms)
✔ step 2: an open escalation is presented and nothing else happens (67.778423ms)
✔ an answered escalation is not open (391.385913ms)
✔ step 3: a decision with no realized-by is built, first by name (DEC-007) (90.426995ms)
✔ a superseded decision with no realized-by is not work (106.299673ms)
✔ step 6: a mechanism that has never run is run, not implemented (LOOP-008) (89.889056ms)
✔ step 6: a requirement whose mechanism fails is implemented (391.955715ms)
✔ step 6 before step 7: failing evidence outranks a missing mechanism (291.362743ms)
✔ step 7: a requirement with no mechanism is declared (LOOP-106) (69.990908ms)
✔ every verdict names who acts: Resolvable is the agent's, Done needs nobody, Escalate waits for the developer (LOOP-004) (479.338103ms)
✔ malformed roadmap is Resolvable, not fatal (LOOP-005) (53.336526ms)
✔ a commitment naming no requirements is Resolvable (LOOP-018) (58.431062ms)
✔ the primary test: two wakes on the same checkout give the same action, before and after a persisted transition (LOOP-001, LOOP-003) (512.461785ms)
✔ outside a cairn repository wake cannot run (35.722719ms)
✔ the loop never waits on the review queue (DEC-015) (299.096965ms)
✔ the linked walkthrough runs from agreement through the next commitment (PKG-016) (1138.89026ms)
ℹ tests 451
ℹ suites 0
ℹ pass 451
ℹ fail 0
ℹ cancelled 0
ℹ skipped 0
ℹ todo 0
ℹ duration_ms 19406.521348
