✔ a Draft block overrides an Agreed file for both wake and check (SPEC-018) (206.790264ms)
✔ an Agreed block overrides a Draft file in the kernel and lint (SPEC-018, SPEC-002) (730.736907ms)
✔ a block Status does not become the file default, including inside examples (SPEC-018) (492.103592ms)
✔ block status without a value does not inherit Agreed by accident (SPEC-018) (105.6477ms)
✔ inheritance needs a file Scope and includes only Agreed blocks, regardless of prefix (PKG-015) (2178.906804ms)
✔ Scope inside a requirement or fenced example does not declare inheritance (PKG-015) (986.680081ms)
✔ a falsifier wrapped onto a line beginning with Status: does not become the block's status (SPEC-018) (1.221096ms)
✔ with attribution forbidden, an unpushed commit carrying an AI attribution line is named reword before any work; without the policy, or once pushed, it is not (PKG-045) (447.043152ms)
✔ each attribution form is caught, a prose mention is not, and the oldest attributed commit is named first (PKG-045) (676.79505ms)
✔ LOOP-063: reject input mutation during a check and retain diagnostics (414.482976ms)
✔ LOOP-063: reject deletion mutation during a check and retain diagnostics (449.699024ms)
✔ LOOP-063: reject addition mutation during a check and retain diagnostics (521.460488ms)
✔ LOOP-063: reject mode mutation during a check and retain diagnostics (458.041584ms)
✔ LOOP-063: reject specification mutation during a check and retain diagnostics (453.925241ms)
✔ LOOP-063: reject declaration mutation during a check and retain diagnostics (473.66517ms)
✔ LOOP-063: reject commit mutation during a check and retain diagnostics (476.410032ms)
✔ LOOP-063: committed input mutation during execution cannot certify the replacement (487.610207ms)
✔ LOOP-064: removing executable permission makes passing evidence stale (675.296127ms)
✔ LOOP-064: a mode-only change also invalidates the previous review after new evidence (896.825133ms)
✔ LOOP-064: changing a regular file into a link with identical identity bytes is stale (945.077969ms)
✔ LOOP-063: an unchanged candidate still records a pass despite unrelated working-tree edits (223.789683ms)
✔ LOOP-064: current and historical input ordering agrees for Unicode filenames (371.341144ms)
✔ LOOP-063: Git status hiding content changes cannot certify an uncommitted candidate (120.895606ms)
✔ LOOP-066: one check owns execution with a kernel action record (470.351481ms)
✔ LOOP-066: one check owns execution with an agent action record (483.77729ms)
✔ LOOP-066: a live lock is named and never silently overwritten (164.677205ms)
✔ LOOP-066: a dead lock is named and never silently overwritten (137.379907ms)
✔ LOOP-066: a incomplete lock is named and never silently overwritten (166.742501ms)
✔ LOOP-066: an execution error releases the check lock for a corrected rerun (533.558375ms)
✔ LOOP-066: a live kernel action from an older Cairn also blocks execution (104.801647ms)
✔ LOOP-066: separate Git worktrees can run checks independently (578.059738ms)
✔ after a green check --stale runs nothing; after one input changes it runs only that mechanism (LOOP-094) (1194.688337ms)
✔ a mechanism speaking for two stale requirements runs once and refreshes both (LOOP-094, LOOP-040) (721.652581ms)
✔ a fresh failure and an unverified result are skipped with implement named (LOOP-094) (700.949792ms)
✔ --stale with a requirement identifier is refused (LOOP-094) (66.477568ms)
✔ check --stale holds back a mechanism whose requirement has three attempts and no escalation, names it, and records nothing (LOOP-094, DEC-016) (2295.765241ms)
✔ check refuses a dirty declared input and names it; a dirty undeclared file does not block (LOOP-030) (455.434538ms)
✔ check writes one receipt per run carrying the full record and a result line per requirement (LOOP-097) (402.054651ms)
✔ a nonzero exit records fail, and the receipt keeps the exit code (LOOP-034) (350.586008ms)
✔ a pass after a fail keeps the failing record; nothing is overwritten or deleted (LOOP-025) (685.38001ms)
✔ a commit changing a declared input makes evidence stale; an undeclared one does not (LOOP-007) (1021.721983ms)
✔ a regression is named before a requirement that never passed (LOOP-031) (1240.891766ms)
✔ three attempts with no escalation since: wake says escalate, not a fourth (DEC-016, DEC-017, DEC-018) (2416.712153ms)
✔ the review gate: no review, stale review, open finding, then Done (LOOP-020, LOOP-033) (1131.776792ms)
✔ Done is refused while any requirement lacks current passing evidence (LOOP-017) (103.495542ms)
✔ check names a requested requirement that no mechanism claims (98.909901ms)
✔ check writes the in-progress record before the run and clears it after (LOOP-021) (172.125758ms)
✔ a linked declared input digests the same at a commit and in the tree (LOOP-023, LOOP-024) (413.967039ms)
✔ a result line is the mechanism's statement about one requirement; what it did not mention is unverified (LOOP-037, LOOP-052) (191.212713ms)
✔ a mechanism that says nothing is read by its exit code for every requirement (LOOP-039) (169.724348ms)
✔ unverified is not an attempt, and a return to an earlier failed digest counts once (DEC-017, DEC-018) (1628.440906ms)
✔ a result line for a requirement the mechanism does not speak for is named and writes nothing (LOOP-038) (184.753095ms)
✔ a result line inside ordinary output, or without the marker, does not count (182.670069ms)
✔ a targeted check runs the named requirements' mechanisms and records every requirement they speak for (LOOP-040) (174.150162ms)
✔ two result lines for one requirement: a fail on any line wins (185.643445ms)
✔ three runs at one digest with no attempt since: the verdict stays implement and names DEC-019; an escalation naming it among others clears the hint (DEC-019, LOOP-053) (895.695552ms)
✔ a receipt names its commit in full, and an older receipt with the short form is still read (LOOP-136) (273.849041ms)
✔ a change only to a document its declaration lists leaves the review fresh and the evidence stale; a change to another input makes the review stale (LOOP-141) (1109.262264ms)
✔ a complete commitment with an unpromoted backlog item names promote, and a stamped item lets it reach Done (LOOP-087) (1144.074307ms)
✔ an empty backlog with waiting next-iteration items is Done, with the count as information and no action on them (LOOP-091) (928.899723ms)
✔ a promotion marker must resolve to a decision record (LOOP-088) (314.034424ms)
✔ a commitment promoted from an item needs a decision record naming the item (LOOP-088) (311.864249ms)
✔ the spec lint reports a promotion marker with no decision record (LOOP-088) (93.741415ms)
✔ a promoted commitment that changes an Agreed requirement or the working agreement is an escalation; an unpromoted one is not (LOOP-089, LOOP-090) (1905.381106ms)
✔ a capture from one of the commitment's own requirements needs Outside because: or an escalation (LOOP-092) (1797.02502ms)
✔ a next-iteration item names what it would change, and the capture refuses one that does not (LOOP-093) (414.889275ms)
✔ a commitment specified from a next-iteration item needs the item stamped before anything else (SPEC-027) (545.035885ms)
✔ a by deference marker resolves to a decision record like a promotion marker (SPEC-002, LOOP-088) (200.500988ms)
✔ the LOOP-090 gate reads the Concerns line, not the slug as a substring (LOOP-114) (574.150993ms)
✔ the LOOP-088 check reads the Promotes line, and decide --promotes writes it (LOOP-115) (252.789519ms)
✔ the activation commit of a promoted commitment is inside the LOOP-089 comparison (LOOP-116) (149.533533ms)
✔ the LOOP-090 route needs one escalation: its Concerns line covers the moved item too (LOOP-119, LOOP-092, LOOP-114) (609.422778ms)
✔ an escalation raised before the promoted commitment began does not silence the LOOP-090 gate (LOOP-114) (353.93731ms)
✔ an escalation raised before the commitment began does not silence the capture gate (LOOP-119) (373.625094ms)
✔ the activation commit is inside the scope footprint (LOOP-120) (108.091074ms)
✔ a requirement Agreed at activation that is demoted or removed is a contract change (LOOP-121) (625.76532ms)
✔ the include files are the root files that hold @AGENTS.md: exempt from the footprint, compared by the gate (LOOP-122) (1120.594636ms)
✔ a superseded promotion no longer satisfies the LOOP-088 check, and the repair says the promotion was reversed (LOOP-123) (473.80481ms)
✔ the restore route measures from the tree before activation, so a path the activation commit added must go (LOOP-120, LOOP-035) (176.33414ms)
✔ the loop works against exactly one commitment: the current one (LOOP-019) (378.484984ms)
✔ a promotion recorded below Consequential is a repair naming the level, since the developer never sees it in the queue (LOOP-088) (57.246965ms)
✔ every requirement the node-test declaration speaks for is named in a test title (PKG-025) (3.788235ms)
✔ every repository path the tests read is a declared input of node-test (PKG-026) (1.237737ms)
✔ writes a record with every required field and an empty realized-by (DEC-001, DEC-005) (82.142789ms)
✔ a Consequential decision is queued for review (DEC-013) (66.213703ms)
✔ a Consequential decision is queued even when .cairn/queue does not exist yet (124.870033ms)
✔ Routine is refused: routine decisions produce no record (84.806576ms)
✔ a missing field is a usage error and nothing is written (69.25955ms)
✔ supersedes requires a classified cause, and the old record must exist (202.722201ms)
✔ an existing record is not overwritten (135.811075ms)
✔ a queued decision stays queued; nothing but the developer removes it (DEC-014) (268.15675ms)
✔ each accepted decider is stored lowercase, whatever case it was typed in (DEC-020) (614.901546ms)
✔ a decider outside the vocabulary is a usage error naming all three, and nothing is written (DEC-020) (537.430362ms)
✔ an empty --decided-by is the missing-field error, not the vocabulary one (97.277821ms)
✔ LOOP-006, LOOP-067: missing inputs names a declaration repair before execution (161.189116ms)
✔ LOOP-006, LOOP-067: empty inputs names a declaration repair before execution (189.130098ms)
✔ LOOP-006, LOOP-067: missing command names a declaration repair before execution (170.197517ms)
✔ LOOP-006, LOOP-067: list command names a declaration repair before execution (159.555391ms)
✔ LOOP-006, LOOP-067: empty command names a declaration repair before execution (169.73232ms)
✔ LOOP-006, LOOP-067: missing requirements names a declaration repair before execution (207.293682ms)
✔ LOOP-006, LOOP-067: bad identifier names a declaration repair before execution (150.740843ms)
✔ LOOP-067: scalar one-item lists retain their existing meaning (341.168044ms)
✔ LOOP-068: a unpopulated gitlink is refused by name (194.136825ms)
✔ LOOP-068: a populated gitlink is refused by name (236.898466ms)
✔ LOOP-069: identical selections across 100 mechanisms use at most 20 Git processes (175.7066ms)
✔ --defect needs --from naming an Agreed requirement, and writes Defect: yes (LOOP-140) (270.718971ms)
✔ an unfixed defect is named fix before a promotable item, and counts as fixed only with passing evidence at or after its commit and no Agreed text changed (LOOP-087, LOOP-140) (2362.858396ms)
✔ escalate writes the six-line format followed by its facts, and wake presents it (LOOP-010, LOOP-026) (159.734192ms)
✔ a missing or multi-line field is refused with the field named, and nothing is written (LOOP-012) (164.837282ms)
✔ a Blocking escalation that fails the format is written anyway, naming the malformed field (LOOP-013) (156.300857ms)
✔ the loop stops for the developer only at Blocking: a recorded decision below it never yields Escalate, and the Blocking bypass must be spelled exactly (DEC-002) (339.928301ms)
✔ a second escalation while one is open is refused (LOOP-011) (138.446642ms)
✔ answer records the reply; wake no longer presents it; a second answer is refused (359.444085ms)
✔ answer to an unknown escalation is refused (83.948793ms)
✔ a stranger resumes from the file alone: question and answer are both in it (LOOP-014) (145.527181ms)
✔ a developer-shaped answer during the agent's turn is refused and writes nothing; the explanation is still accepted (LOOP-135) (759.520996ms)
✔ after an answer, the same concern can be escalated again under a new name (207.774013ms)
✔ an escalation exists when its file does, committed or not (LOOP-009) (94.535216ms)
✔ developer answers require one of the three forms and cannot inject fields (LOOP-048) (624.453933ms)
✔ ask, agent explanation, another ask, and ok stay ordered in one file (LOOP-049, LOOP-050, LOOP-014) (932.442059ms)
✔ fresh closed answers accompany only concerned requirements until new evidence (LOOP-051) (776.065994ms)
✔ a raised escalation carries no derivable status line, and an old record with one still parses (LOOP-028) (175.664386ms)
✔ LOOP-065: delete of output refuses Done and a new run recovers (1457.257718ms)
✔ LOOP-065: corrupt of output refuses Done and a new run recovers (1373.200906ms)
✔ LOOP-065: delete of stderr_output refuses Done and a new run recovers (1348.426391ms)
✔ LOOP-065: corrupt of stderr_output refuses Done and a new run recovers (1070.429511ms)
✔ LOOP-065: a receipt without output needs a new check (530.778499ms)
✔ LOOP-065: a receipt without output_digest needs a new check (540.788807ms)
✔ LOOP-065: a receipt without stderr_output needs a new check (494.674346ms)
✔ LOOP-065: a receipt without stderr_digest needs a new check (428.678278ms)
✔ LOOP-065: legacy unverifiable output is rerun without rewriting history (779.128847ms)
✔ a fresh record names the kernel that wrote it (LOOP-023) (344.529932ms)
✔ LOOP-095: a record from another kernel is stale with the kernel named, and a new check restores Done (763.853099ms)
✔ LOOP-095: a record from no kernel is stale with the kernel named, and a new check restores Done (784.46879ms)
✔ LOOP-070: a later failure is latest even when the clock moves backward (1131.057244ms)
✔ LOOP-070: receipt collisions at one clock instant retain execution order beyond nine suffixes (4052.727392ms)
✔ LOOP-070: imported branch receipts stale a later sequence until a new check incorporates them (1267.057079ms)
✔ LOOP-070, LOOP-098: legacy receipts need one ordered check, remain byte-for-byte unchanged, and precede the run receipt in the history (548.303795ms)
✔ LOOP-070: edit of a prior receipt requires fresh evidence (495.178684ms)
✔ LOOP-070: remove of a prior receipt requires fresh evidence (472.000084ms)
✔ LOOP-075: supporting evidence file README.md does not become a receipt (556.322804ms)
✔ LOOP-075: supporting evidence file notes.txt does not become a receipt (537.686968ms)
✔ LOOP-075: supporting evidence file support does not become a receipt (576.983624ms)
✔ LOOP-075: supporting evidence file .DS_Store does not become a receipt (548.346527ms)
✔ LOOP-075: a malformed result line (result=success) names a repair before execution (344.997671ms)
✔ LOOP-075: a malformed result line (sequence=NaN) names a repair before execution (328.702333ms)
✔ LOOP-075: a malformed result line (sequence=9007199254740992) names a repair before execution (376.393519ms)
✔ LOOP-075: a malformed result line (history_digest=wrong) names a repair before execution (358.208397ms)
✔ LOOP-075: a malformed result line (tokens) names a repair before execution (343.175441ms)
✔ LOOP-075: a receipt-shaped directory is a named repair instead of an EISDIR crash (271.386908ms)
✔ LOOP-070: an earlier escalation cannot cover three new attempts after clock rollback (966.319193ms)
✔ LOOP-070: an answer becomes old after a later check even if that check's timestamp is earlier (626.462779ms)
✔ LOOP-070: the newest answer wins between checks even when its clock timestamp is older (400.625088ms)
✔ LOOP-070: legacy escalation dates cover old receipts but not three newer sequenced runs (1287.839859ms)
✔ a PKG requirement the commitment does not name is declared, run, and gates Done (PKG-011) (2084.894006ms)
✔ a PKG requirement in a Draft spec is not folded in (622.640295ms)
✔ LOOP-076, LOOP-079: stale inputs identify the receipt and the check to run (831.296382ms)
✔ LOOP-077: names a content change using checked input identity (777.552373ms)
✔ LOOP-077: names a mode change using checked input identity (765.666964ms)
✔ LOOP-077: names a kind change using checked input identity (790.493924ms)
✔ LOOP-077: names a added change using checked input identity (753.664683ms)
✔ LOOP-077: names a removed change using checked input identity (637.974611ms)
✔ LOOP-077: names a link-target change using checked input identity (913.389523ms)
✔ LOOP-077: changed selection compares the old and new input sets (532.013809ms)
✔ LOOP-077: raw CRLF changes remain visible when Git-clean content agrees (522.849837ms)
✔ LOOP-077: detail output is sorted, bounded, and reports the omitted count (476.822148ms)
✔ LOOP-077: filenames cannot inject lines or terminal controls into explanations (430.142644ms)
✔ LOOP-077: receipts from one run share details and do not store source contents (336.56239ms)
✔ LOOP-078, LOOP-080: legacy optional detail limits explanation without changing standing (538.306716ms)
✔ LOOP-078, LOOP-080: invalid-field optional detail limits explanation without changing standing (522.540286ms)
✔ LOOP-078, LOOP-080: missing optional detail limits explanation without changing standing (550.873773ms)
✔ LOOP-078, LOOP-080: invalid-json optional detail limits explanation without changing standing (552.946592ms)
✔ LOOP-078, LOOP-080: mismatched optional detail limits explanation without changing standing (520.610401ms)
✔ LOOP-078, LOOP-080: duplicate optional detail limits explanation without changing standing (541.862234ms)
✔ LOOP-078, LOOP-080: unsafe-path optional detail limits explanation without changing standing (513.576527ms)
✔ LOOP-078, LOOP-080: directory optional detail limits explanation without changing standing (501.955534ms)
✔ LOOP-078, LOOP-080: symlink optional detail limits explanation without changing standing (525.130954ms)
✔ LOOP-078: unavailable old requirement text is not claimed as a proven change (405.588966ms)
✔ LOOP-076, LOOP-079: changed requirements identify evidence and retain review-before-check guidance (396.890628ms)
✔ LOOP-078: simultaneous input and output damage keep both reasons (403.528595ms)
✔ LOOP-080: deterministic freshness sequence seed=7 (10025.345104ms)
✔ LOOP-080: deterministic freshness sequence seed=42 (6010.216799ms)
✔ LOOP-080: deterministic freshness sequence seed=913 (5329.455991ms)
✔ LOOP-080: agreement changes, mechanism review, checks, and completion review retain priority (1328.99195ms)
✔ LOOP-080: imported receipt history demands a rerun without a false input explanation (1395.451094ms)
✔ LOOP-073: clean CRLF input completes under attributes (598.612859ms)
✔ LOOP-073: clean CRLF input completes under autocrlf (667.464231ms)
✔ LOOP-073: raw line-ending mutation during a run is rejected even when Git still sees the same content (272.147476ms)
✔ LOOP-073: execution evidence changes when clean conversion preserves committed identity (1143.638596ms)
✔ LOOP-073: Git clean filters use Git's conversion while retaining raw evidence identity (737.091589ms)
✔ LOOP-073: failure of a required Git filter cannot record evidence (176.063165ms)
✔ LOOP-073: a clean filter moving HEAD during ending validation prevents evidence (422.951515ms)
✔ LOOP-073: canonical Git identities handle links without reading their targets (539.989257ms)
✔ LOOP-073: Git conversion keeps raw Unicode and control-character input paths (432.37283ms)
✔ LOOP-073: conversion and links work in a SHA-256 Git repository (469.592834ms)
✔ LOOP-074: historical specification filename "café.md" remains reviewable (422.837044ms)
✔ LOOP-074: historical specification filename "spec\ttab.md" remains reviewable (462.341407ms)
✔ LOOP-074: historical specification filename "spec\nline.md" remains reviewable (420.05452ms)
✔ help works outside a repository without running a command (PKG-017) (1096.641474ms)
✔ help does not hide invalid options or consume literal arguments (247.113942ms)
✔ help lists the lint command (PKG-017) (54.904298ms)
✔ a working directory that no longer exists is named as the failure, and git is not blamed (PKG-041, PKG-022) (185.71062ms)
✔ the stop hook refuses a stop while wake says Resolvable, with the verdict as the reason (PKG-018) (203.810305ms)
✔ the stop hook allows a stop at Done, at Escalate, and outside a Cairn repository (PKG-018) (1185.39146ms)
✔ the session-start hook links the command once and prints the verdict in a Cairn repository (PKG-019, PKG-014, PKG-005) (483.202103ms)
✔ the session-start hook prints no verdict outside a Cairn repository and leaves an existing link that resolves alone (PKG-019) (80.954898ms)
✔ a checkout under a path with a space links a command that resolves, and its stop hook still blocks (PKG-019, PKG-021) (415.984897ms)
✔ the hooks run the kernel the command link resolves to, so hook and agent share one referee (PKG-021) (1241.697589ms)
✔ a dangling link is replaced and reported (PKG-019) (203.230192ms)
✔ errors exit 0 with one line on standard error and no stack trace (PKG-022) (216.094158ms)
✔ the hooks judge with the cairn on PATH, a wrapper included, and session-start names it (PKG-033) (1109.48938ms)
✔ a link to a wrapper or file is kept; a dangling link or one to a directory is replaced (PKG-034) (423.584569ms)
✔ a project below the Git toplevel gets the verdict and the stop refusal (PKG-035) (321.136162ms)
✔ a kernel that prints no verdict is one stderr line: the stop is allowed and session-start prints no trace (PKG-036) (162.213898ms)
✔ a link that cannot be created is one stderr line, and the verdict still prints (PKG-019, PKG-022) (128.212626ms)
✔ with git absent the hooks say so in one line and block nothing (PKG-022) (89.671479ms)
✔ stop_hook_active true no longer lets a Resolvable stop through: the hook still refuses (PKG-018) (137.172426ms)
✔ receipts written by the project's own kernel are judged with it, not with a different cairn on PATH (PKG-033, PKG-021) (397.556693ms)
✔ the fourth stop on an unchanged verdict, commit and tree goes through with a message and a stop record; each refusal names cairn escalate (PKG-043, PKG-044) (498.295709ms)
✔ progress resets the count, a commit or an edited file alike, and each session counts on its own (PKG-043) (1174.649716ms)
✔ no report, one for another commitment, at another commit, or at a value that is not a commit names a new reviewer; an uncommitted review is committed first (LOOP-020) (1756.074219ms)
✔ an old report re-dated, however it is edited, does not name the new commit and names a new reviewer; a new report with the same words does not (LOOP-020) (1640.625731ms)
✔ each finding is carried by the one line citing its number and beginning with its words; malformed reports are repairs (LOOP-020) (4140.716127ms)
✔ citations name their report's commit, so rounds never collide and an old line never carries a new finding; a wrapped review line is its own repair (LOOP-020) (862.886563ms)
✔ a finding that quotes a citation in its own words is carried by copying it, and an uncited wrapped line is no repair when there is nothing to carry (LOOP-020) (592.653571ms)
✔ a citation that is not last on its line is refused as such, and a finding ending with a citation is carried in the short form (LOOP-020) (941.563021ms)
✔ a report written or changed on disk but not committed is named commit, never judged as the committed one (LOOP-020) (570.946367ms)
✔ the findings list is read from the record's text: blank lines between entries, a wrapped entry, any bullet, and a blank line inside examined: lose nothing; a list after a heading stays unread (LOOP-020, LOOP-086, LOOP-071) (1367.200957ms)
✔ the reader reads a numbered or nested list and a blank line in examined:, and names a line it cannot read rather than reading nothing (LOOP-086, LOOP-020) (1067.401562ms)
✔ a line the reader cannot read is named whenever an entry follows it, in the review and in the report, and a finding under a heading is named (LOOP-086, LOOP-020) (1601.003587ms)
✔ a margin line that only looks like a field never ends a list in silence (LOOP-086, LOOP-020) (1021.275646ms)
✔ a field name repeated inside a list is named, the report's findings under a heading are named beside a list, and the repair offers the fix that keeps the finding (LOOP-020, LOOP-086) (920.64753ms)
✔ a Reviewer: line inside a list is named, and an honest record with a findings-titled heading is read (LOOP-020, LOOP-086) (801.11926ms)
✔ a record that declares findings: [] keeps a bulleted body as prose, as this repository's own reviews are written (LOOP-086, LOOP-020) (395.676979ms)
✔ a field name in another case never ends a list in silence, a record with its fields out of order is told to reorder them, and a citation names only a finding the report made (LOOP-086, LOOP-020, LOOP-108) (939.700684ms)
✔ a citation of zero is a citation, a field ends a list however it is spaced, a heading may be underlined, a blank line before a continuation is nothing, and a doubled commit: line does not name the commit (LOOP-020, LOOP-086, LOOP-108) (1135.2794ms)
✔ a rule under a field line is not a heading, the hint names a heading of either form, and an earlier report's citation on a carrying line is history (LOOP-020, LOOP-108) (1281.100177ms)
✔ a title that ends with a colon is still a heading, a report whose fields sit below a heading or prose is repaired rather than discarded, and the repair names the form the kernel reads (LOOP-020, LOOP-086, LOOP-108) (994.2554ms)
✔ a report for another commitment or commit is replaced even when its fields sit below a heading, a quoted field line does not replace the real one, a rule under any field is a rule, and the review is told what the report is told (LOOP-020, LOOP-108) (1060.205994ms)
✔ an underline makes a heading of the line above it unless that line is an entry or the record's own field, an unread field is named where it sits, a field spelled another way is named, and the findings-titled repair names retitling (LOOP-020, LOOP-086, LOOP-108) (1514.901548ms)
✔ an underlined heading that names findings holds no list either, an unterminated fence hides nothing, a spelling is judged at the margin, and a report short of one header line is repaired (LOOP-020, LOOP-086, LOOP-108) (1004.176248ms)
✔ cairn lint runs the checker over docs/spec by default and over a named directory (PKG-028) (223.033845ms)
✔ cairn lint names a missing directory in one line, takes one argument, and reports a bad root (PKG-028) (225.87003ms)
✔ three megabytes are retained exactly once with matching digests (LOOP-041, LOOP-042) (349.173939ms)
✔ split stdout result lines survive a long non-result line; stderr is never a verdict (441.314743ms)
✔ signal termination is recorded and logs survive a clone (LOOP-043) (397.953026ms)
✔ working agreements and ignore changes are Cairn records inside the footprint (378.9878ms)
✔ a clean package passes (92.986538ms)
✔ PKG-001: a dependency, or a service manifest (180.141743ms)
✔ PKG-002: ignoring evidence or other durable state, by directory or by extension (173.502934ms)
✔ PKG-003: a command, a directory, or a record kind no decision names (271.241199ms)
✔ PKG-004: a kernel over 1900 lines, counting every file under bin/ as wc -l does; exactly 1900 passes (363.640776ms)
✔ PKG-006: a skill step naming a vendor's product, in either order, across a wrapped list item (PKG-027) (348.629315ms)
✔ PKG-008: a non-ASCII character in a tracked text file (78.122861ms)
✔ PKG-009: the kernel importing from tests (85.67389ms)
✔ PKG-012: a network call or a model client in the kernel, but not a vendor's name in text (381.297842ms)
✔ PKG-013: deferral language, but not in code, quotes, or a rule (642.038423ms)
✔ a tracked path deleted from the working tree is skipped, not a crash (79.131784ms)
✔ a sentence in a Formats section is not a record kind (93.951243ms)
✔ a record kind named by its path alone is checked (86.06938ms)
✔ PKG-002: a tracked in-progress record (73.230611ms)
✔ PKG-002: ignoring evidence alone is a finding (75.129914ms)
✔ PKG-003 reads the kernel's commands from its help output (PKG-023) (150.300987ms)
✔ the ASCII scan covers shipped files, not records under .cairn/ (PKG-024) (93.643714ms)
✔ a vendor-naming step wrapped across lines is matched (PKG-006, PKG-027) (106.954693ms)
✔ PKG-013 scans the README, the manual, and the walkthrough (PKG-032) (280.516413ms)
✔ the manifests, the listing and package.json agree on the name and version, and name paths the repository holds (PKG-037) (1.635604ms)
✔ the hooks file registers session-start and stop against the plugin's own hook.mjs through the plugin root variable (PKG-038) (0.274573ms)
✔ a Muse hook entry whose shared hook is missing prints one line and exits 0 (PKG-041, PKG-022) (87.40407ms)
✔ the registered commands print the verdict at session start, link the command into the plugin, and refuse a stop while wake says Resolvable (PKG-038, PKG-021) (397.113207ms)
✔ LOOP-071: decision body metadata does not resolve unbuilt work: "Superseded by: example" (717.068226ms)
✔ LOOP-071: decision body metadata does not resolve unbuilt work: "```text\nSuperseded by: example\n```" (855.223577ms)
✔ LOOP-071: decision body metadata does not resolve unbuilt work: "~~~text\nSuperseded by: example\n~~~" (767.773945ms)
✔ LOOP-071: a fenced realization example is not a resolving commit (734.286683ms)
✔ LOOP-071: a fenced commit inside the realization section is not built (733.27172ms)
✔ LOOP-071: ## Example cannot replace an open review finding (697.930287ms)
✔ LOOP-071: # Example cannot replace an open review finding (610.283689ms)
✔ LOOP-071: ### Example cannot replace an open review finding (566.908013ms)
✔ LOOP-071:   ## Example cannot replace an open review finding (571.830482ms)
✔ LOOP-071: Example paragraph. cannot replace an open review finding (523.779557ms)
✔ LOOP-071: Example
------- cannot replace an open review finding (470.620585ms)
✔ LOOP-071: fenced fields before a real review header are ignored (427.091891ms)
✔ LOOP-071: multiline decision --title cannot inject metadata (367.222419ms)
✔ LOOP-071: multiline decision --decided-by cannot inject metadata (357.070989ms)
✔ LOOP-071: multiline decision --rests-on cannot inject metadata (364.485073ms)
✔ LOOP-071: multiline decision --wrong-if cannot inject metadata (394.89242ms)
✔ LOOP-071: multiline decision --history cannot inject metadata (366.188708ms)
✔ LOOP-072: malformed Blocking concerns stay open: "R-001\nAnswer: ok" (109.383814ms)
✔ LOOP-072: malformed Blocking concerns stay open: "R-001\r\nAnswer: ok" (97.920714ms)
✔ LOOP-072: malformed Blocking concerns stay open: "R-001\rAnswer: ok" (95.590506ms)
✔ LOOP-072: malformed Blocking concerns stay open: "R-001 Answer: ok" (89.204242ms)
✔ LOOP-072: malformed Blocking concerns stay open: "R-001 Answer: ok" (93.42649ms)
✔ LOOP-072: ordinary malformed concerns are refused: "R-001\nR-002" (55.879426ms)
✔ LOOP-072: ordinary malformed concerns are refused: "R-001, prose" (56.585473ms)
✔ LOOP-072: ordinary malformed concerns are refused: " " (50.778738ms)
✔ LOOP-072: a Blocking escalation without concerns is still presented (99.720981ms)
✔ LOOP-072: carriage returns in a Blocking question do not create answer records (82.506385ms)
✔ LOOP-072: explanation separator 8232 cannot close an escalation (141.853928ms)
✔ LOOP-071: decision metadata refuses separator 8232 (346.124597ms)
✔ LOOP-072: explanation separator 8233 cannot close an escalation (177.906839ms)
✔ LOOP-071: decision metadata refuses separator 8233 (344.223791ms)
✔ Concerns, Rests on, and Promoted from written as lists read as the flat form (LOOP-124) (689.261737ms)
✔ an item named by filename, path, or backticked slug resolves like the slug (LOOP-125) (609.946468ms)
✔ an input that covers Cairn's own output is named as the repair, before and after a check (LOOP-126, LOOP-105) (711.529868ms)
✔ an unreadable record directory is a repair, not an error exit (LOOP-127) (127.305307ms)
✔ a title that slugifies to nothing is refused (LOOP-128) (130.631438ms)
✔ examined: [] is an empty list (LOOP-129, LOOP-108) (500.470868ms)
✔ below the Git toplevel the restore check compares root-relative paths (LOOP-130, LOOP-035) (387.288327ms)
✔ below the Git toplevel an uncommitted declared input is named from the project root (LOOP-132, LOOP-030) (245.868365ms)
✔ a value on the key line followed by list items is the first item, never dropped (LOOP-133) (724.298685ms)
✔ the footprint's walk reads Current: as the wake does: a fenced example below the real line, or a second line in history, never moves the start (LOOP-134, LOOP-035) (327.248645ms)
✔ an input spelled .. from a project below the Git toplevel covers the evidence directory (LOOP-126, LOOP-105) (92.934947ms)
✔ a Consequential record this commitment added needs its queue entry committed (LOOP-131, DEC-004) (537.014753ms)
✔ a mechanism that removes the check lock still gets its evidence, with no repair for the lock (LOOP-107) (254.377944ms)
✔ a staged rename reads as its two paths, never as a bare origin token (LOOP-030, LOOP-110) (131.570035ms)
✔ a Current: line inside a fenced example is neither a second Current: line nor the commitment, before or after the real line (LOOP-104) (204.652195ms)
✔ a Status: word is taken only from a line that carries one, never from wrapped prose after it (SPEC-018) (0.728486ms)
✔ the placeholder left above a resolving entry is a repair naming the file (DEC-021) (241.007509ms)
✔ the placeholder alone is a decision recorded and not yet built, unchanged (DEC-007) (89.080973ms)
✔ resolving entries with no placeholder are unchanged (DEC-006) (131.195984ms)
✔ a shallow clone that cannot resolve its entries is still told to fetch, not to edit (LOOP-113 keeps precedence) (110.976584ms)
✔ the placeholder quoted in a fenced example does not make a built record a repair (DEC-021) (137.682989ms)
✔ supersede takes the same decider vocabulary as decide (DEC-020) (112.030017ms)
✔ a superseded record is held to the same line: its placeholder above a resolving entry is a repair (DEC-021, DEC-010) (172.409811ms)
✔ realize() touches only the Realized by section; a body that quotes the placeholder keeps it (111.963601ms)
✔ an untracked file under a declared input is not a change under way; check still refuses beside it and names .gitignore (LOOP-110, LOOP-030) (230.37139ms)
✔ an unmatched input is refused before execution (LOOP-044) (203.084989ms)
✔ an indexed input deleted on disk asks for a commit (LOOP-045) (204.26602ms)
✔ wake and check require a Git working tree (LOOP-046) (134.060093ms)
✔ recovery removes only dead kernel run records and identifies a live owner (LOOP-054, LOOP-055) (387.337838ms)
✔ an agent action based behind a clean HEAD appears committed (LOOP-027) (242.519326ms)
✔ realization needs a real commit and a subject (DEC-006) (305.905584ms)
✔ 1500 binary inputs digest identically at the review commit in under a second (LOOP-024) (1651.081138ms)
✔ merged work is excluded but a later own commit is a breach (LOOP-047) (296.667774ms)
✔ exact Current tenure ignores prefix matches and earlier visits to the same slug (LOOP-035) (326.181285ms)
✔ a kernel run records its supervising PID (LOOP-054) (309.143328ms)
✔ a merged declared input still stales evidence (LOOP-047) (477.930386ms)
✔ wildcard and magic pathspecs select the same historical inputs (LOOP-024, LOOP-032) (2353.239133ms)
✔ historical selection retains deleted files and excludes new ones (LOOP-024, LOOP-035) (1349.981485ms)
✔ cairn --version prints the package.json version outside a repository, and help lists it (PKG-039) (166.104743ms)
✔ a release is one commit setting one version in the five files, with the changelog entry, tagged v<version> (PKG-040) (1281.625945ms)
✔ the release script refuses a bad version, no increase, a dirty tree, a missing entry, a taken tag, a disagreeing file, and a loop not at Done, each in one line with nothing written (PKG-040) (2140.385881ms)
✔ a version file written as compact JSON is released, and nothing else in any version file changes (PKG-042) (1472.434043ms)
✔ with attribution forbidden, the release script refuses an unpushed commit carrying an AI attribution line (PKG-045) (616.423791ms)
✔ explicit reporting with no lines and exit 0 establishes no requirement verdicts (LOOP-061) (537.350489ms)
✔ explicit reporting with no lines and exit 1 establishes no requirement verdicts (LOOP-061) (539.876289ms)
✔ a reporter that cannot start keeps execution diagnostics without blaming requirements (LOOP-062) (326.762798ms)
✔ large output cannot kill a reporter or invent a requirement verdict (366.281008ms)
✔ explicit mode ignores cairn: R-999: pass (381.594812ms)
✔ explicit mode ignores cairn: R-001: unverified (362.70426ms)
✔ explicit mode ignores cairn: R-001: passed (318.790622ms)
✔ explicit results survive nonzero exit and contradictory duplicates still fail (736.81153ms)
✔ unverified results across changed inputs never become failed attempts (1621.277416ms)
✔ legacy exit 0 retains its interpretation (249.804272ms)
✔ legacy exit 1 retains its interpretation (228.076049ms)
✔ a misspelled reporting mode is refused before execution (108.794559ms)
✔ changed requirement blocks unchecked reruns and makes the completion review stale (LOOP-058, LOOP-059) (2173.831783ms)
✔ falsifier changes need review; separate rationale and other requirements do not change a receipt (1548.02828ms)
✔ legacy receipts recover requirement identity from their commit; unavailable history requires review (1098.814735ms)
✔ check refuses uncommitted requirement text and mechanism review markers (858.217435ms)
✔ tightened response limit cannot reuse the old passing check (1459.590958ms)
✔ a declared input over 1 MiB agrees at a commit and in the tree (LOOP-060) (482.464008ms)
✔ a failed Git blob read cannot be hashed as an empty blob (448.681227ms)
✔ Git listings over 1 MiB include the last declared input (2398.763489ms)
✔ requirement identity excludes fenced examples and status dates (537.461027ms)
✔ DemonCoder REM-002 and Status in progress cannot silently satisfy the review gate (LOOP-086) (960.500391ms)
✔ valid open findings retain their behavior (555.423659ms)
✔ valid resolved findings retain their behavior (608.605129ms)
✔ valid empty findings retain their behavior (609.575774ms)
✔ valid mixed valid findings retain their behavior (570.718215ms)
✔ malformed finding "open:" requires repair (537.591923ms)
✔ malformed finding "resolved:   " requires repair (468.495611ms)
✔ malformed finding "Open: incorrect case" requires repair (435.287876ms)
✔ malformed finding "unknown: issue" requires repair (409.103501ms)
✔ malformed finding "\u001b[31mBAD: issue" requires repair (372.039844ms)
✔ the established explicit empty findings list remains valid (422.897172ms)
✔ a scalar findings value requires the supported list format (371.74163ms)
✔ check runs a mechanism when a requirement outside the commitment was revised, and asks for the review once a commitment includes it (LOOP-059) (1032.955469ms)
✔ a Requirements: line written as a list is read like the flat form (LOOP-102) (147.824868ms)
✔ a subdirectory or a README in a record directory changes nothing (LOOP-103) (582.883797ms)
✔ two Current: lines are a roadmap repair (LOOP-104) (90.172624ms)
✔ a repeated identifier, an input under the evidence directory, and a missing cwd are refused by name (LOOP-105) (522.681701ms)
✔ a requirement whose evidence outlives its mechanism is named declare, not a regression or an escalation (LOOP-106) (1230.007777ms)
✔ an unreadable record is a repair, not an error exit (LOOP-107) (101.776224ms)
✔ a review needs commit, a nonempty examined list, and a findings list, each named when missing (LOOP-108) (1121.448105ms)
✔ a decision record missing a header field or naming a missing predecessor is a repair (LOOP-109) (356.69936ms)
✔ a dirty declared input with no in-progress record is named record ahead of run (LOOP-022, LOOP-110) (276.316419ms)
✔ with core.filemode false the index mode is the identity, so a mode-only difference does not refuse the check (LOOP-111) (245.330678ms)
✔ a project below the Git toplevel can run check (LOOP-112) (264.932234ms)
✔ a shallow clone names history to fetch, not a decision to build (LOOP-113) (165.513738ms)
✔ record-writing commands refuse to run outside a Cairn repository and write nothing (LOOP-118) (229.967262ms)
✔ a git that cannot start is one line and exit 3 from wake and from check, with nothing recorded (LOOP-137) (113.602515ms)
✔ an unexplained or uncommitted stop record is named explain before any other action; explained and committed, the wake moves on (LOOP-139) (292.075643ms)
✔ empty footprint names declaration before scope and records no evidence (LOOP-081) (612.053642ms)
✔ first declaration still checks the full earlier history (LOOP-081) (415.636673ms)
✔ an empty current footprint does not block an explicitly requested existing mechanism (LOOP-081) (369.164972ms)
✔ an inherited mechanism provides a footprint even before local mechanisms exist (294.71556ms)
✔ scope reports every path, escapes line breaks, and gives identical remedies (LOOP-082) (281.308253ms)
✔ scope verdict reuses the answered-escalation annotation (LOOP-048, LOOP-051, LOOP-083) (669.314508ms)
✔ a committed scope acknowledgment lets restored history proceed (LOOP-083) (785.039519ms)
✔ scope acknowledgment must be committed before it can clear a breach (695.93114ms)
✔ ordinary ok does not acknowledge scope history (314.274513ms)
✔ scope escalation refuses unrestored paths and names the restoration remedy (274.85826ms)
✔ an invalid scope request still records an explicitly Blocking decision (162.250749ms)
✔ ask and explanation stay open; only the final committed ok acknowledges scope (754.795172ms)
✔ instead is visible but does not silently authorize a scope exception (380.172839ms)
✔ later changes to an acknowledged path still block, including later reverts (1110.95525ms)
✔ approval cannot hide another path changed after the snapshot (420.291013ms)
✔ acknowledged history remains conditional on the paths staying restored (589.722971ms)
✔ editing the scope snapshot after answer invalidates its acknowledgment (326.377046ms)
✔ malformed scope metadata cannot suppress a breach (1477.397894ms)
✔ damaged acknowledgment fields cannot suppress a breach (552.699384ms)
✔ scope path matching is literal, including wildcard filenames and control characters (547.041177ms)
✔ scope acknowledgment does not carry into another activation of the same slug (297.589901ms)
✔ restoration checks additions, deletions, executable modes, and symlink kinds (1465.81128ms)
✔ explicit committed retention keeps correct work and requires new evidence and review (LOOP-084, LOOP-085) (2438.247006ms)
✔ a missing declaration covers correct earlier work without retention or revert (582.24485ms)
✔ keep requires scope and an unchanged committed candidate (173.354309ms)
✔ uncommitted retention and instead answers cannot clear the incident (1109.461982ms)
✔ retention does not grant future edits, even when reverted to the approved tree (1350.521302ms)
✔ retention cannot cover another path or another activation (569.922208ms)
✔ imported changes must still match the retained tree (556.759858ms)
✔ retention handles additions, deletions, modes, symlinks, and literal filenames (2070.149104ms)
✔ retention cannot convert an existing restoration answer or accept an unknown mode (442.253285ms)
✔ a check failure after retention remains a failure (698.372974ms)
✔ retained paths stay part of the stable checked candidate without extending its footprint (568.990255ms)
✔ retention ask needs an explanation and final committed approval (565.176274ms)
✔ an unknown scope mode remains invalid even with a matching approval digest (267.580547ms)
✔ backlog writes the item; a second with the same title is refused, never overwritten (LOOP-016) (164.283248ms)
✔ a commit inside the footprint: check runs; outside it: check names the path and does not run (LOOP-015, LOOP-035) (657.02219ms)
✔ Cairn's records are never a breach; another file under docs/ is (LOOP-117) (796.699044ms)
✔ declaring the path as an input clears the breach (330.891466ms)
✔ a revert preserves the record of an out-of-scope commit (LOOP-047) (331.174829ms)
✔ a commitment naming a requirement the spec set does not hold as Agreed is repaired (LOOP-029) (96.771994ms)
✔ a requirement in a Draft spec file is not Agreed (89.785314ms)
✔ working agreements and the ignore file are Cairn records (LOOP-035, LOOP-036) (525.204968ms)
✔ the over-asking rule is gone from both skills (SPEC-005, SPEC-006, SPEC-007) (1.514927ms)
✔ a decision during the phase is recorded (DEC-003) (0.294664ms)
✔ understanding is restated before writing (SPEC-003) (0.148935ms)
✔ falsifiers are proposed as one set and confirmed by exception (SPEC-004) (0.245977ms)
✔ depth is inferred and domains derived, never asked or imposed (SPEC-008, SPEC-009) (0.121872ms)
✔ a term enters the glossary at first occurrence (SPEC-010) (0.079594ms)
✔ the phase ends at the first commitment, and later ones are specified during the loop (SPEC-011, SPEC-012) (0.240602ms)
✔ a requirement goes Agreed only with a nameable mechanism (SPEC-013) (0.143033ms)
✔ review before agreement, recording what it attacked (SPEC-014, SPEC-015) (0.213971ms)
✔ no spec file without requirements; nothing Agreed without a falsifier (SPEC-001, SPEC-002) (0.209597ms)
✔ Observed is marked, and is not contract (SPEC-016, SPEC-017) (0.126559ms)
✔ the skills exclude artifacts outside Cairn's workflow (0.193947ms)
✔ the working agreement names the agent's move for each verdict and the write-ahead record (LOOP-036) (0.180085ms)
✔ the working agreement names the developer's moves (LOOP-036, DEC-014) (0.080854ms)
✔ this repository runs by the file it ships (0.412045ms)
✔ both skills write the working agreement without naming a vendor's file (LOOP-002, LOOP-036, PKG-006) (0.227942ms)
✔ the working agreement says what an attempt is (LOOP-036, DEC-017, DEC-018) (0.13517ms)
✔ the working agreement says a failure no footprint change can address is an escalation, and where an inherited requirement is repaired (DEC-019, LOOP-057) (0.120621ms)
✔ the working agreement states the promote, next-iteration, and no-deferral moves (LOOP-029, LOOP-087, LOOP-091, LOOP-092) (0.138376ms)
✔ both skills sort captures into the backlog or next-iteration and forbid deferral (LOOP-029, LOOP-092, LOOP-093) (0.078897ms)
✔ the skill requires a falsifier on every requirement, a MAY included (SPEC-025) (0.063538ms)
✔ the working agreement names the hooks as optional and the install skill registers them for two harnesses (PKG-006, PKG-018, PKG-019) (0.281288ms)
✔ the working agreement says the kernel is upgraded at Done, never inside a commitment (LOOP-096) (0.081189ms)
✔ the next-iteration skill starts from the specification and ends by naming the next commitment (SPEC-026, SPEC-027) (0.344787ms)
✔ every document that names the project skills names next-iteration beside them (SPEC-026, PKG-014) (4.010249ms)
✔ the working agreement states a move for every action the kernel can name (LOOP-101) (1.770915ms)
✔ the working agreement states both record formats and the two flags the moves need (LOOP-036) (0.223934ms)
✔ the skills demonstrate a safe violating example and preserve recon findings (SPEC-022, SPEC-023) (0.078603ms)
✔ the specification skills run the checker through the cairn command (PKG-029) (0.246413ms)
✔ the README invokes the phase skills by name and states versions and platforms (PKG-030, PKG-031) (0.374095ms)
✔ the manual and the walkthrough say the loop promotes backlog items at Done (0.77386ms)
✔ the working agreement says a report is not work under way, its findings are captured, and it is committed with them (LOOP-138) (0.081961ms)
✔ a two-obligation sentence is named (PKG-007) (49.850788ms)
✔ an obligation with no actor is named (PKG-010) (46.845024ms)
✔ a leading condition clause is not the actor, and the actor after it counts (47.651951ms)
✔ an Agreed requirement with no falsifier is named (SPEC-002); a Draft one is not (104.608224ms)
✔ prose after a Draft requirement with no falsifier is not scanned as requirement text (50.804279ms)
✔ a spec declaring a prefix with no requirement is named (SPEC-001) (65.787593ms)
✔ a keyword in backticks or quotes is a mention, not an obligation (53.222559ms)
✔ duplicate identifiers are rejected within a file and across files (SPEC-020) (100.506713ms)
✔ references resolve across files; missing references name their source (SPEC-021) (100.235269ms)
✔ code examples and quoted mentions are neither definitions nor references (43.273308ms)
✔ machine-local paths are findings in prose, links, quotes, and examples (SPEC-019) (428.593451ms)
✔ relative paths, URLs, slash commands, and character mentions are not absolute path findings (47.584764ms)
✔ a slash after a placeholder continues the template (SPEC-019) (83.221048ms)
✔ a host path is a finding until the file declares it (SPEC-019, SPEC-024) (103.523117ms)
✔ declared host paths cover children with a slash boundary and stay file-local (133.637757ms)
✔ a host-path declaration inside a requirement or example grants no exception (137.304309ms)
✔ host-path declarations require absolute or home-relative entries (261.357363ms)
✔ an Agreed block whose only keyword is MAY needs a falsifier like any other (SPEC-025, SPEC-002) (104.800325ms)
✔ a regex literal is not a path, a drive path and a file URL are, and a skill's slash name is allowed (SPEC-028, SPEC-029) (83.085968ms)
✔ a backticked or quoted actor still counts as one (PKG-010) (49.42671ms)
✔ supersede writes both lines, and the old record keeps every word it had (DEC-008, DEC-010) (83.742351ms)
✔ supersede without a cause, or with one outside the four, is refused (DEC-009) (142.428961ms)
✔ supersede of a record that does not exist is refused (90.875526ms)
✔ a predecessor with no title line cannot be stamped, so nothing is written (93.289407ms)
✔ a --supersedes argument outside the slug alphabet is refused, and a path never reaches the filesystem (DEC-022) (258.896616ms)
✔ a record already superseded cannot be superseded again: one Superseded by line per record (DEC-022, DEC-010) (245.296569ms)
✔ reversals reports counts by decider, cause, and domain (DEC-011) (180.388191ms)
✔ decide in a domain with a reversal is refused without --history, naming the reversal; with it, the record carries History (DEC-012) (201.482064ms)
✔ decide in a domain with no reversals needs no --history (167.735165ms)
✔ a record resting on prose alone is in the domain unspecified, and so is the next one (144.638633ms)
✔ the decider tally normalizes case and whitespace, and names a value outside the vocabulary (DEC-020, DEC-011) (94.408119ms)
✔ a record with no Decided by line is tallied as unrecorded, not as a vocabulary value (79.845014ms)
✔ Decided by written as a list tallies like the flat form, and does not crash the report (LOOP-124, DEC-020) (73.21696ms)
✔ a second declaration for one requirement is accepted, a named check runs every mechanism, and Done needs each to pass (LOOP-056, LOOP-099) (2341.374852ms)
✔ one mechanism's stale evidence names that mechanism, and --stale runs only it (LOOP-056, LOOP-094) (834.077966ms)
✔ attempts are counted within one mechanism's records, so the other's passes do not reset them (LOOP-100, DEC-016) (1468.250755ms)
✔ step 1: an in-progress record is reconciled before anything else (120.40405ms)
✔ step 2: an open escalation is presented and nothing else happens (92.326386ms)
✔ an answered escalation is not open (635.661333ms)
✔ step 3: a decision with no realized-by is built, first by name (DEC-007) (106.403165ms)
✔ a superseded decision with no realized-by is not work (177.854497ms)
✔ step 6: a mechanism that has never run is run, not implemented (LOOP-008) (137.090665ms)
✔ step 6: a requirement whose mechanism fails is implemented (535.248792ms)
✔ step 6 before step 7: failing evidence outranks a missing mechanism (365.351325ms)
✔ step 7: a requirement with no mechanism is declared (LOOP-106) (88.091958ms)
✔ every verdict names who acts: Resolvable is the agent's, Done needs nobody, Escalate waits for the developer (LOOP-004) (590.465307ms)
✔ malformed roadmap is Resolvable, not fatal (LOOP-005) (73.055851ms)
✔ a commitment naming no requirements is Resolvable (LOOP-018) (67.651399ms)
✔ the primary test: two wakes on the same checkout give the same action, before and after a persisted transition (LOOP-001, LOOP-003) (571.571288ms)
✔ outside a cairn repository wake cannot run (42.857634ms)
✔ the loop never waits on the review queue (DEC-015) (373.248512ms)
✔ twenty built records cost one git call to resolve, not twenty (DEC-023) (177.690541ms)
✔ an ambiguous Realized by identifier is the repair that says lengthen it, not a build (LOOP-113, DEC-023) (198.930751ms)
✔ the linked walkthrough runs from agreement through the next commitment (PKG-016) (1555.109877ms)
ℹ tests 522
ℹ suites 0
ℹ pass 522
ℹ fail 0
ℹ cancelled 0
ℹ skipped 0
ℹ todo 0
ℹ duration_ms 25737.075374
