✔ a Draft block overrides an Agreed file for both wake and check (SPEC-018) (190.689407ms)
✔ an Agreed block overrides a Draft file in the kernel and lint (SPEC-018, SPEC-002) (584.293081ms)
✔ a block Status does not become the file default, including inside examples (SPEC-018) (365.793074ms)
✔ block status without a value does not inherit Agreed by accident (SPEC-018) (98.134704ms)
✔ inheritance needs a file Scope and includes only Agreed blocks, regardless of prefix (PKG-015) (1666.749573ms)
✖ Scope inside a requirement or fenced example does not declare inheritance (PKG-015) (764.05715ms)
✔ a falsifier wrapped onto a line beginning with Status: does not become the block's status (SPEC-018) (2.525762ms)
✔ LOOP-063: reject input mutation during a check and retain diagnostics (427.766926ms)
✔ LOOP-063: reject deletion mutation during a check and retain diagnostics (409.328423ms)
✔ LOOP-063: reject addition mutation during a check and retain diagnostics (377.778328ms)
✔ LOOP-063: reject mode mutation during a check and retain diagnostics (392.487706ms)
✔ LOOP-063: reject specification mutation during a check and retain diagnostics (376.15634ms)
✔ LOOP-063: reject declaration mutation during a check and retain diagnostics (380.537747ms)
✔ LOOP-063: reject commit mutation during a check and retain diagnostics (367.669376ms)
✔ LOOP-063: committed input mutation during execution cannot certify the replacement (351.140827ms)
✔ LOOP-064: removing executable permission makes passing evidence stale (492.985235ms)
✔ LOOP-064: a mode-only change also invalidates the previous review after new evidence (786.728578ms)
✔ LOOP-064: changing a regular file into a link with identical identity bytes is stale (852.509552ms)
✔ LOOP-063: an unchanged candidate still records a pass despite unrelated working-tree edits (228.344448ms)
✔ LOOP-064: current and historical input ordering agrees for Unicode filenames (303.277401ms)
✔ LOOP-063: Git status hiding content changes cannot certify an uncommitted candidate (126.096658ms)
✔ LOOP-066: one check owns execution with a kernel action record (444.968859ms)
✔ LOOP-066: one check owns execution with an agent action record (439.294303ms)
✔ LOOP-066: a live lock is named and never silently overwritten (151.294695ms)
✔ LOOP-066: a dead lock is named and never silently overwritten (161.617863ms)
✔ LOOP-066: a incomplete lock is named and never silently overwritten (128.651712ms)
✔ LOOP-066: an execution error releases the check lock for a corrected rerun (485.205347ms)
✔ LOOP-066: a live kernel action from an older Cairn also blocks execution (90.017347ms)
✔ LOOP-066: separate Git worktrees can run checks independently (472.298479ms)
✔ after a green check --stale runs nothing; after one input changes it runs only that mechanism (LOOP-094) (1026.578977ms)
✔ a mechanism speaking for two stale requirements runs once and refreshes both (LOOP-094, LOOP-040) (645.167396ms)
✔ a fresh failure and an unverified result are skipped with implement named (LOOP-094) (597.941378ms)
✔ --stale with a requirement identifier is refused (LOOP-094) (92.718733ms)
✔ check refuses a dirty declared input and names it; a dirty undeclared file does not block (LOOP-030) (432.422859ms)
✔ check writes one receipt per run carrying the full record and a result line per requirement (LOOP-097) (307.806415ms)
✔ a nonzero exit records fail, and the receipt keeps the exit code (LOOP-034) (347.5055ms)
✔ a pass after a fail keeps the failing record; nothing is overwritten or deleted (LOOP-025) (667.377447ms)
✔ a commit changing a declared input makes evidence stale; an undeclared one does not (LOOP-007) (788.976759ms)
✔ a regression is named before a requirement that never passed (LOOP-031) (898.670646ms)
✔ three attempts with no escalation since: wake says escalate, not a fourth (DEC-016, DEC-017, DEC-018) (2202.4318ms)
✔ the review gate: no review, stale review, open finding, then Done (LOOP-020, LOOP-033) (959.184039ms)
✔ Done is refused while any requirement lacks current passing evidence (LOOP-017) (79.420284ms)
✔ check names a requested requirement that no mechanism claims (101.437812ms)
✔ check writes the in-progress record before the run and clears it after (LOOP-021) (173.093075ms)
✔ a linked declared input digests the same at a commit and in the tree (LOOP-023, LOOP-024) (373.87693ms)
✔ a result line is the mechanism's statement about one requirement; what it did not mention is unverified (LOOP-037, LOOP-052) (187.063039ms)
✔ a mechanism that says nothing is read by its exit code for every requirement (LOOP-039) (176.899057ms)
✔ unverified is not an attempt, and a return to an earlier failed digest counts once (DEC-017, DEC-018) (1567.208796ms)
✔ a result line for a requirement the mechanism does not speak for is named and writes nothing (LOOP-038) (191.950276ms)
✔ a result line inside ordinary output, or without the marker, does not count (188.604202ms)
✔ a targeted check runs the named requirements' mechanisms and records every requirement they speak for (LOOP-040) (182.683312ms)
✔ two result lines for one requirement: a fail on any line wins (182.77016ms)
✔ three runs at one digest with no attempt since: the verdict stays implement and names DEC-019; an escalation naming it among others clears the hint (DEC-019, LOOP-053) (882.52336ms)
✔ a receipt names its commit in full, and an older receipt with the short form is still read (LOOP-136) (256.948515ms)
✔ a complete commitment with an unpromoted backlog item names promote, and a stamped item lets it reach Done (LOOP-087) (895.237898ms)
✔ an empty backlog with waiting next-iteration items is Done, with the count as information and no action on them (LOOP-091) (782.13739ms)
✔ a promotion marker must resolve to a decision record (LOOP-088) (276.445728ms)
✔ a commitment promoted from an item needs a decision record naming the item (LOOP-088) (285.609336ms)
✔ the spec lint reports a promotion marker with no decision record (LOOP-088) (95.916633ms)
✔ a promoted commitment that changes an Agreed requirement or the working agreement is an escalation; an unpromoted one is not (LOOP-089, LOOP-090) (1492.225899ms)
✔ a capture from one of the commitment's own requirements needs Outside because: or an escalation (LOOP-092) (1628.104184ms)
✔ a next-iteration item names what it would change, and the capture refuses one that does not (LOOP-093) (433.230952ms)
✔ a commitment specified from a next-iteration item needs the item stamped before anything else (SPEC-027) (477.246691ms)
✔ a by deference marker resolves to a decision record like a promotion marker (SPEC-002, LOOP-088) (191.74781ms)
✔ the LOOP-090 gate reads the Concerns line, not the slug as a substring (LOOP-114) (530.484881ms)
✔ the LOOP-088 check reads the Promotes line, and decide --promotes writes it (LOOP-115) (228.856898ms)
✔ the activation commit of a promoted commitment is inside the LOOP-089 comparison (LOOP-116) (135.89147ms)
✔ the LOOP-090 route needs one escalation: its Concerns line covers the moved item too (LOOP-119, LOOP-092, LOOP-114) (618.322013ms)
✔ an escalation raised before the promoted commitment began does not silence the LOOP-090 gate (LOOP-114) (312.495198ms)
✔ an escalation raised before the commitment began does not silence the capture gate (LOOP-119) (305.364713ms)
✔ the activation commit is inside the scope footprint (LOOP-120) (93.650711ms)
✔ a requirement Agreed at activation that is demoted or removed is a contract change (LOOP-121) (573.509348ms)
✔ the include files are the root files that hold @AGENTS.md: exempt from the footprint, compared by the gate (LOOP-122) (991.758ms)
✔ a superseded promotion no longer satisfies the LOOP-088 check, and the repair says the promotion was reversed (LOOP-123) (420.626869ms)
✔ the restore route measures from the tree before activation, so a path the activation commit added must go (LOOP-120, LOOP-035) (195.476141ms)
✔ the loop works against exactly one commitment: the current one (LOOP-019) (371.925856ms)
✔ a promotion recorded below Consequential is a repair naming the level, since the developer never sees it in the queue (LOOP-088) (60.27749ms)
✔ every requirement the node-test declaration speaks for is named in a test title (PKG-025) (2.057249ms)
✔ every repository path the tests read is a declared input of node-test (PKG-026) (0.636944ms)
✔ writes a record with every required field and an empty realized-by (DEC-001, DEC-005) (87.924241ms)
✔ a Consequential decision is queued for review (DEC-013) (75.871778ms)
✔ a Consequential decision is queued even when .cairn/queue does not exist yet (75.787729ms)
✔ Routine is refused: routine decisions produce no record (84.473429ms)
✔ a missing field is a usage error and nothing is written (76.04851ms)
✔ supersedes requires a classified cause, and the old record must exist (171.905779ms)
✔ an existing record is not overwritten (145.774633ms)
✔ a queued decision stays queued; nothing but the developer removes it (DEC-014) (216.895999ms)
✔ each accepted decider is stored lowercase, whatever case it was typed in (DEC-020) (537.354447ms)
✔ a decider outside the vocabulary is a usage error naming all three, and nothing is written (DEC-020) (443.123628ms)
✔ an empty --decided-by is the missing-field error, not the vocabulary one (68.647338ms)
✔ LOOP-006, LOOP-067: missing inputs names a declaration repair before execution (156.267384ms)
✔ LOOP-006, LOOP-067: empty inputs names a declaration repair before execution (160.104499ms)
✔ LOOP-006, LOOP-067: missing command names a declaration repair before execution (125.843538ms)
✔ LOOP-006, LOOP-067: list command names a declaration repair before execution (146.446342ms)
✔ LOOP-006, LOOP-067: empty command names a declaration repair before execution (142.951025ms)
✔ LOOP-006, LOOP-067: missing requirements names a declaration repair before execution (137.914365ms)
✔ LOOP-006, LOOP-067: bad identifier names a declaration repair before execution (135.259857ms)
✔ LOOP-067: scalar one-item lists retain their existing meaning (270.697835ms)
✔ LOOP-068: a unpopulated gitlink is refused by name (161.06793ms)
✔ LOOP-068: a populated gitlink is refused by name (225.618813ms)
✔ LOOP-069: identical selections across 100 mechanisms use at most 20 Git processes (170.358223ms)
✔ escalate writes the six-line format followed by its facts, and wake presents it (LOOP-010, LOOP-026) (133.212033ms)
✔ a missing or multi-line field is refused with the field named, and nothing is written (LOOP-012) (116.118105ms)
✔ a Blocking escalation that fails the format is written anyway, naming the malformed field (LOOP-013) (132.874102ms)
✔ the loop stops for the developer only at Blocking: a recorded decision below it never yields Escalate, and the Blocking bypass must be spelled exactly (DEC-002) (297.346334ms)
✔ a second escalation while one is open is refused (LOOP-011) (136.222023ms)
✔ answer records the reply; wake no longer presents it; a second answer is refused (305.48445ms)
✔ answer to an unknown escalation is refused (73.339985ms)
✔ a stranger resumes from the file alone: question and answer are both in it (LOOP-014) (140.814071ms)
✔ a developer-shaped answer during the agent's turn is refused and writes nothing; the explanation is still accepted (LOOP-135) (622.322947ms)
✔ after an answer, the same concern can be escalated again under a new name (190.979645ms)
✔ an escalation exists when its file does, committed or not (LOOP-009) (89.495732ms)
✔ developer answers require one of the three forms and cannot inject fields (LOOP-048) (607.610221ms)
✔ ask, agent explanation, another ask, and ok stay ordered in one file (LOOP-049, LOOP-050, LOOP-014) (734.961089ms)
✔ fresh closed answers accompany only concerned requirements until new evidence (LOOP-051) (689.142536ms)
✔ a raised escalation carries no derivable status line, and an old record with one still parses (LOOP-028) (174.732611ms)
✔ LOOP-065: delete of output refuses Done and a new run recovers (1169.041482ms)
✔ LOOP-065: corrupt of output refuses Done and a new run recovers (1156.661709ms)
✔ LOOP-065: delete of stderr_output refuses Done and a new run recovers (995.648728ms)
✔ LOOP-065: corrupt of stderr_output refuses Done and a new run recovers (889.914406ms)
✔ LOOP-065: a receipt without output needs a new check (487.381024ms)
✔ LOOP-065: a receipt without output_digest needs a new check (469.025349ms)
✔ LOOP-065: a receipt without stderr_output needs a new check (430.039562ms)
✔ LOOP-065: a receipt without stderr_digest needs a new check (418.179958ms)
✔ LOOP-065: legacy unverifiable output is rerun without rewriting history (659.021229ms)
✔ a fresh record names the kernel that wrote it (LOOP-023) (282.107712ms)
✔ LOOP-095: a record from another kernel is stale with the kernel named, and a new check restores Done (645.528066ms)
✔ LOOP-095: a record from no kernel is stale with the kernel named, and a new check restores Done (700.055433ms)
✔ LOOP-070: a later failure is latest even when the clock moves backward (938.2785ms)
✔ LOOP-070: receipt collisions at one clock instant retain execution order beyond nine suffixes (3317.77962ms)
✔ LOOP-070: imported branch receipts stale a later sequence until a new check incorporates them (1205.685655ms)
✔ LOOP-070, LOOP-098: legacy receipts need one ordered check, remain byte-for-byte unchanged, and precede the run receipt in the history (511.369511ms)
✔ LOOP-070: edit of a prior receipt requires fresh evidence (437.317206ms)
✔ LOOP-070: remove of a prior receipt requires fresh evidence (476.318028ms)
✔ LOOP-075: supporting evidence file README.md does not become a receipt (489.132494ms)
✔ LOOP-075: supporting evidence file notes.txt does not become a receipt (465.616252ms)
✔ LOOP-075: supporting evidence file support does not become a receipt (475.937077ms)
✔ LOOP-075: supporting evidence file .DS_Store does not become a receipt (498.590019ms)
✔ LOOP-075: a malformed result line (result=success) names a repair before execution (361.514908ms)
✔ LOOP-075: a malformed result line (sequence=NaN) names a repair before execution (358.420276ms)
✔ LOOP-075: a malformed result line (sequence=9007199254740992) names a repair before execution (323.336341ms)
✔ LOOP-075: a malformed result line (history_digest=wrong) names a repair before execution (363.298271ms)
✔ LOOP-075: a malformed result line (tokens) names a repair before execution (329.105178ms)
✔ LOOP-075: a receipt-shaped directory is a named repair instead of an EISDIR crash (257.203863ms)
✔ LOOP-070: an earlier escalation cannot cover three new attempts after clock rollback (947.034244ms)
✔ LOOP-070: an answer becomes old after a later check even if that check's timestamp is earlier (611.321563ms)
✔ LOOP-070: the newest answer wins between checks even when its clock timestamp is older (401.634279ms)
✔ LOOP-070: legacy escalation dates cover old receipts but not three newer sequenced runs (1332.078706ms)
✔ a PKG requirement the commitment does not name is declared, run, and gates Done (PKG-011) (1713.444402ms)
✔ a PKG requirement in a Draft spec is not folded in (463.009362ms)
✔ LOOP-076, LOOP-079: stale inputs identify the receipt and the check to run (594.432931ms)
✔ LOOP-077: names a content change using checked input identity (637.98686ms)
✔ LOOP-077: names a mode change using checked input identity (646.012585ms)
✔ LOOP-077: names a kind change using checked input identity (685.516706ms)
✔ LOOP-077: names a added change using checked input identity (519.228783ms)
✔ LOOP-077: names a removed change using checked input identity (500.282915ms)
✔ LOOP-077: names a link-target change using checked input identity (801.904593ms)
✔ LOOP-077: changed selection compares the old and new input sets (482.76312ms)
✔ LOOP-077: raw CRLF changes remain visible when Git-clean content agrees (466.314301ms)
✔ LOOP-077: detail output is sorted, bounded, and reports the omitted count (453.19753ms)
✔ LOOP-077: filenames cannot inject lines or terminal controls into explanations (376.22677ms)
✔ LOOP-077: receipts from one run share details and do not store source contents (305.146891ms)
✔ LOOP-078, LOOP-080: legacy optional detail limits explanation without changing standing (461.006714ms)
✔ LOOP-078, LOOP-080: invalid-field optional detail limits explanation without changing standing (473.168476ms)
✔ LOOP-078, LOOP-080: missing optional detail limits explanation without changing standing (489.407296ms)
✔ LOOP-078, LOOP-080: invalid-json optional detail limits explanation without changing standing (469.850585ms)
✔ LOOP-078, LOOP-080: mismatched optional detail limits explanation without changing standing (470.405182ms)
✔ LOOP-078, LOOP-080: duplicate optional detail limits explanation without changing standing (479.515328ms)
✔ LOOP-078, LOOP-080: unsafe-path optional detail limits explanation without changing standing (469.759958ms)
✔ LOOP-078, LOOP-080: directory optional detail limits explanation without changing standing (442.927804ms)
✔ LOOP-078, LOOP-080: symlink optional detail limits explanation without changing standing (469.190216ms)
✔ LOOP-078: unavailable old requirement text is not claimed as a proven change (392.280272ms)
✔ LOOP-076, LOOP-079: changed requirements identify evidence and retain review-before-check guidance (377.032158ms)
✔ LOOP-078: simultaneous input and output damage keep both reasons (370.279933ms)
✔ LOOP-080: deterministic freshness sequence seed=7 (8531.246255ms)
✔ LOOP-080: deterministic freshness sequence seed=42 (5625.906188ms)
✔ LOOP-080: deterministic freshness sequence seed=913 (4693.621283ms)
✔ LOOP-080: agreement changes, mechanism review, checks, and completion review retain priority (1188.862365ms)
✔ LOOP-080: imported receipt history demands a rerun without a false input explanation (1464.368283ms)
✔ LOOP-073: clean CRLF input completes under attributes (534.113703ms)
✔ LOOP-073: clean CRLF input completes under autocrlf (506.309785ms)
✔ LOOP-073: raw line-ending mutation during a run is rejected even when Git still sees the same content (252.993228ms)
✔ LOOP-073: execution evidence changes when clean conversion preserves committed identity (982.994845ms)
✔ LOOP-073: Git clean filters use Git's conversion while retaining raw evidence identity (523.247988ms)
✔ LOOP-073: failure of a required Git filter cannot record evidence (119.705946ms)
✔ LOOP-073: a clean filter moving HEAD during ending validation prevents evidence (379.7304ms)
✔ LOOP-073: canonical Git identities handle links without reading their targets (425.405595ms)
✔ LOOP-073: Git conversion keeps raw Unicode and control-character input paths (406.057355ms)
✔ LOOP-073: conversion and links work in a SHA-256 Git repository (395.38426ms)
✔ LOOP-074: historical specification filename "café.md" remains reviewable (397.05461ms)
✔ LOOP-074: historical specification filename "spec\ttab.md" remains reviewable (385.460503ms)
✔ LOOP-074: historical specification filename "spec\nline.md" remains reviewable (350.876123ms)
✔ help works outside a repository without running a command (PKG-017) (928.581246ms)
✔ help does not hide invalid options or consume literal arguments (190.169426ms)
✔ help lists the lint command (PKG-017) (41.26086ms)
✔ a working directory that no longer exists is named as the failure, and git is not blamed (PKG-041, PKG-022) (178.886191ms)
✔ the stop hook refuses a stop while wake says Resolvable, with the verdict as the reason (PKG-018) (186.578911ms)
✔ the stop hook allows a stop at Done, at Escalate, and outside a Cairn repository (PKG-018) (1013.77011ms)
✔ the session-start hook links the command once and prints the verdict in a Cairn repository (PKG-019, PKG-014, PKG-005) (434.796521ms)
✔ the session-start hook prints no verdict outside a Cairn repository and leaves an existing link that resolves alone (PKG-019) (59.763084ms)
✔ a checkout under a path with a space links a command that resolves, and its stop hook still blocks (PKG-019, PKG-021) (349.01963ms)
✔ the hooks run the kernel the command link resolves to, so hook and agent share one referee (PKG-021) (884.301129ms)
✔ a dangling link is replaced and reported (PKG-019) (142.755513ms)
✔ errors exit 0 with one line on standard error and no stack trace (PKG-022) (165.916104ms)
✔ the hooks judge with the cairn on PATH, a wrapper included, and session-start names it (PKG-033) (956.88899ms)
✔ a link to a wrapper or file is kept; a dangling link or one to a directory is replaced (PKG-034) (415.053522ms)
✔ a project below the Git toplevel gets the verdict and the stop refusal (PKG-035) (266.478009ms)
✔ a kernel that prints no verdict is one stderr line: the stop is allowed and session-start prints no trace (PKG-036) (148.224228ms)
✔ a link that cannot be created is one stderr line, and the verdict still prints (PKG-019, PKG-022) (123.155479ms)
✔ with git absent the hooks say so in one line and block nothing (PKG-022) (77.81933ms)
✔ cairn lint runs the checker over docs/spec by default and over a named directory (PKG-028) (193.607906ms)
✔ cairn lint names a missing directory in one line, takes one argument, and reports a bad root (PKG-028) (253.138929ms)
✔ three megabytes are retained exactly once with matching digests (LOOP-041, LOOP-042) (386.448556ms)
✔ split stdout result lines survive a long non-result line; stderr is never a verdict (341.48003ms)
✔ signal termination is recorded and logs survive a clone (LOOP-043) (329.569412ms)
✔ working agreements and ignore changes are Cairn records inside the footprint (362.995674ms)
✔ a clean package passes (99.770457ms)
✔ PKG-001: a dependency, or a service manifest (168.932602ms)
✔ PKG-002: ignoring evidence or other durable state, by directory or by extension (139.960398ms)
✔ PKG-003: a command, a directory, or a record kind no decision names (245.600676ms)
✔ PKG-004: a kernel over 1600 lines, counting every file under bin/ as wc -l does; exactly 1600 passes (298.916514ms)
✔ PKG-006: a skill step naming a vendor's product, in either order, across a wrapped list item (PKG-027) (316.354938ms)
✔ PKG-008: a non-ASCII character in a tracked text file (79.042258ms)
✔ PKG-009: the kernel importing from tests (98.018429ms)
✔ PKG-012: a network call or a model vendor in the kernel (162.018271ms)
✔ PKG-013: deferral language, but not in code, quotes, or a rule (576.221ms)
✔ a tracked path deleted from the working tree is skipped, not a crash (90.116195ms)
✔ a sentence in a Formats section is not a record kind (87.424065ms)
✔ a record kind named by its path alone is checked (71.901625ms)
✔ PKG-002: a tracked in-progress record (65.411476ms)
✔ PKG-002: ignoring evidence alone is a finding (50.302463ms)
✔ PKG-003 reads the kernel's commands from its help output (PKG-023) (103.193261ms)
✔ the ASCII scan covers shipped files, not records under .cairn/ (PKG-024) (60.57785ms)
✔ a vendor-naming step wrapped across lines is matched (PKG-006, PKG-027) (66.001452ms)
✔ PKG-013 scans the README, the manual, and the walkthrough (PKG-032) (206.077783ms)
✔ the manifests, the listing and package.json agree on the name and version, and name paths the repository holds (PKG-037) (1.666131ms)
✔ the hooks file registers session-start and stop against the plugin's own hook.mjs through the plugin root variable (PKG-038) (0.23194ms)
✔ a Muse hook entry whose shared hook is missing prints one line and exits 0 (PKG-041, PKG-022) (84.116723ms)
✔ the registered commands print the verdict at session start, link the command into the plugin, and refuse a stop while wake says Resolvable (PKG-038, PKG-021) (340.363862ms)
✔ LOOP-071: decision body metadata does not resolve unbuilt work: "Superseded by: example" (648.668496ms)
✔ LOOP-071: decision body metadata does not resolve unbuilt work: "```text\nSuperseded by: example\n```" (594.826108ms)
✔ LOOP-071: decision body metadata does not resolve unbuilt work: "~~~text\nSuperseded by: example\n~~~" (611.666954ms)
✔ LOOP-071: a fenced realization example is not a resolving commit (639.164352ms)
✔ LOOP-071: a fenced commit inside the realization section is not built (558.045286ms)
✔ LOOP-071: ## Example cannot replace an open review finding (537.511246ms)
✔ LOOP-071: # Example cannot replace an open review finding (532.466135ms)
✔ LOOP-071: ### Example cannot replace an open review finding (504.99096ms)
✔ LOOP-071:   ## Example cannot replace an open review finding (477.697049ms)
✔ LOOP-071: Example paragraph. cannot replace an open review finding (468.624064ms)
✔ LOOP-071: Example
------- cannot replace an open review finding (416.270844ms)
✔ LOOP-071: fenced fields before a real review header are ignored (394.986876ms)
✔ LOOP-071: multiline decision --title cannot inject metadata (292.757701ms)
✔ LOOP-071: multiline decision --decided-by cannot inject metadata (314.630475ms)
✔ LOOP-071: multiline decision --rests-on cannot inject metadata (315.746466ms)
✔ LOOP-071: multiline decision --wrong-if cannot inject metadata (327.036023ms)
✔ LOOP-071: multiline decision --history cannot inject metadata (293.115861ms)
✔ LOOP-072: malformed Blocking concerns stay open: "R-001\nAnswer: ok" (85.527645ms)
✔ LOOP-072: malformed Blocking concerns stay open: "R-001\r\nAnswer: ok" (77.97428ms)
✔ LOOP-072: malformed Blocking concerns stay open: "R-001\rAnswer: ok" (92.574584ms)
✔ LOOP-072: malformed Blocking concerns stay open: "R-001 Answer: ok" (122.25136ms)
✔ LOOP-072: malformed Blocking concerns stay open: "R-001 Answer: ok" (100.247453ms)
✔ LOOP-072: ordinary malformed concerns are refused: "R-001\nR-002" (40.345933ms)
✔ LOOP-072: ordinary malformed concerns are refused: "R-001, prose" (41.516398ms)
✔ LOOP-072: ordinary malformed concerns are refused: " " (49.463274ms)
✔ LOOP-072: a Blocking escalation without concerns is still presented (78.70322ms)
✔ LOOP-072: carriage returns in a Blocking question do not create answer records (84.98443ms)
✔ LOOP-072: explanation separator 8232 cannot close an escalation (188.105985ms)
✔ LOOP-071: decision metadata refuses separator 8232 (325.517535ms)
✔ LOOP-072: explanation separator 8233 cannot close an escalation (174.209939ms)
✔ LOOP-071: decision metadata refuses separator 8233 (315.319332ms)
✔ Concerns, Rests on, and Promoted from written as lists read as the flat form (LOOP-124) (635.474005ms)
✔ an item named by filename, path, or backticked slug resolves like the slug (LOOP-125) (523.973561ms)
✔ an input that covers Cairn's own output is named as the repair, before and after a check (LOOP-126, LOOP-105) (650.569825ms)
✔ an unreadable record directory is a repair, not an error exit (LOOP-127) (76.760483ms)
✔ a title that slugifies to nothing is refused (LOOP-128) (122.308382ms)
✔ examined: [] is an empty list (LOOP-129, LOOP-108) (458.955044ms)
✔ below the Git toplevel the restore check compares root-relative paths (LOOP-130, LOOP-035) (331.815033ms)
✔ below the Git toplevel an uncommitted declared input is named from the project root (LOOP-132, LOOP-030) (188.477454ms)
✔ a value on the key line followed by list items is the first item, never dropped (LOOP-133) (528.015678ms)
✔ the footprint's walk reads Current: as the wake does: a fenced example below the real line, or a second line in history, never moves the start (LOOP-134, LOOP-035) (282.697531ms)
✔ an input spelled .. from a project below the Git toplevel covers the evidence directory (LOOP-126, LOOP-105) (77.279695ms)
✔ a Consequential record this commitment added needs its queue entry committed (LOOP-131, DEC-004) (483.916203ms)
✔ a mechanism that removes the check lock still gets its evidence, with no repair for the lock (LOOP-107) (245.258444ms)
✔ a staged rename reads as its two paths, never as a bare origin token (LOOP-030, LOOP-110) (113.269646ms)
✔ a Current: line inside a fenced example is neither a second Current: line nor the commitment, before or after the real line (LOOP-104) (180.798128ms)
✔ a Status: word is taken only from a line that carries one, never from wrapped prose after it (SPEC-018) (0.764545ms)
✔ the placeholder left above a resolving entry is a repair naming the file (DEC-021) (229.429154ms)
✔ the placeholder alone is a decision recorded and not yet built, unchanged (DEC-007) (65.437664ms)
✔ resolving entries with no placeholder are unchanged (DEC-006) (129.077678ms)
✔ a shallow clone that cannot resolve its entries is still told to fetch, not to edit (LOOP-113 keeps precedence) (145.224454ms)
✔ the placeholder quoted in a fenced example does not make a built record a repair (DEC-021) (114.78253ms)
✔ supersede takes the same decider vocabulary as decide (DEC-020) (104.41476ms)
✔ a superseded record is held to the same line: its placeholder above a resolving entry is a repair (DEC-021, DEC-010) (169.786495ms)
✔ realize() touches only the Realized by section; a body that quotes the placeholder keeps it (104.244497ms)
✔ an unmatched input is refused before execution (LOOP-044) (186.147564ms)
✔ an indexed input deleted on disk asks for a commit (LOOP-045) (159.433759ms)
✔ wake and check require a Git working tree (LOOP-046) (134.967656ms)
✔ recovery removes only dead kernel run records and identifies a live owner (LOOP-054, LOOP-055) (305.378116ms)
✔ an agent action based behind a clean HEAD appears committed (LOOP-027) (203.611565ms)
✔ realization needs a real commit and a subject (DEC-006) (253.568863ms)
✔ 1500 binary inputs digest identically at the review commit in under a second (LOOP-024) (1507.120001ms)
✔ merged work is excluded but a later own commit is a breach (LOOP-047) (253.169345ms)
✔ exact Current tenure ignores prefix matches and earlier visits to the same slug (LOOP-035) (274.407642ms)
✔ a kernel run records its supervising PID (LOOP-054) (232.337586ms)
✔ a merged declared input still stales evidence (LOOP-047) (381.021151ms)
✔ wildcard and magic pathspecs select the same historical inputs (LOOP-024, LOOP-032) (2097.231422ms)
✔ historical selection retains deleted files and excludes new ones (LOOP-024, LOOP-035) (1177.657957ms)
✔ cairn --version prints the package.json version outside a repository, and help lists it (PKG-039) (155.608506ms)
✔ a release is one commit setting one version in the five files, with the changelog entry, tagged v<version> (PKG-040) (1037.627712ms)
✔ the release script refuses a bad version, no increase, a dirty tree, a missing entry, a taken tag, a disagreeing file, and a loop not at Done, each in one line with nothing written (PKG-040) (2044.083182ms)
✔ explicit reporting with no lines and exit 0 establishes no requirement verdicts (LOOP-061) (448.61798ms)
✔ explicit reporting with no lines and exit 1 establishes no requirement verdicts (LOOP-061) (432.401523ms)
✔ a reporter that cannot start keeps execution diagnostics without blaming requirements (LOOP-062) (274.897058ms)
✔ large output cannot kill a reporter or invent a requirement verdict (343.920323ms)
✔ explicit mode ignores cairn: R-999: pass (308.243442ms)
✔ explicit mode ignores cairn: R-001: unverified (328.240422ms)
✔ explicit mode ignores cairn: R-001: passed (300.259602ms)
✔ explicit results survive nonzero exit and contradictory duplicates still fail (562.129123ms)
✔ unverified results across changed inputs never become failed attempts (1362.139447ms)
✔ legacy exit 0 retains its interpretation (241.579655ms)
✔ legacy exit 1 retains its interpretation (230.441669ms)
✔ a misspelled reporting mode is refused before execution (118.824749ms)
✔ changed requirement blocks unchecked reruns and makes the completion review stale (LOOP-058, LOOP-059) (1700.459236ms)
✔ falsifier changes need review; separate rationale and other requirements do not change a receipt (1238.748677ms)
✔ legacy receipts recover requirement identity from their commit; unavailable history requires review (822.236069ms)
✔ check refuses uncommitted requirement text and mechanism review markers (803.209599ms)
✔ tightened response limit cannot reuse the old passing check (1387.35161ms)
✔ a declared input over 1 MiB agrees at a commit and in the tree (LOOP-060) (409.913996ms)
✔ a failed Git blob read cannot be hashed as an empty blob (371.36011ms)
✔ Git listings over 1 MiB include the last declared input (2382.411508ms)
✔ requirement identity excludes fenced examples and status dates (449.399304ms)
✔ DemonCoder REM-002 and Status in progress cannot silently satisfy the review gate (LOOP-086) (764.118014ms)
✔ valid open findings retain their behavior (503.090471ms)
✔ valid resolved findings retain their behavior (504.881153ms)
✔ valid empty findings retain their behavior (534.577672ms)
✔ valid mixed valid findings retain their behavior (446.972162ms)
✔ malformed finding "open:" requires repair (394.325565ms)
✔ malformed finding "resolved:   " requires repair (361.661059ms)
✔ malformed finding "Open: incorrect case" requires repair (370.729151ms)
✔ malformed finding "unknown: issue" requires repair (376.906422ms)
✔ malformed finding "\u001b[31mBAD: issue" requires repair (367.087336ms)
✔ the established explicit empty findings list remains valid (360.1141ms)
✔ a scalar findings value requires the supported list format (336.311732ms)
✔ a Requirements: line written as a list is read like the flat form (LOOP-102) (140.792318ms)
✔ a subdirectory or a README in a record directory changes nothing (LOOP-103) (523.4929ms)
✔ two Current: lines are a roadmap repair (LOOP-104) (70.719565ms)
✔ a repeated identifier, an input under the evidence directory, and a missing cwd are refused by name (LOOP-105) (470.650263ms)
✔ a requirement whose evidence outlives its mechanism is named declare, not a regression or an escalation (LOOP-106) (1099.110293ms)
✔ an unreadable record is a repair, not an error exit (LOOP-107) (95.189357ms)
✔ a review needs commit, a nonempty examined list, and a findings list, each named when missing (LOOP-108) (953.641078ms)
✔ a decision record missing a header field or naming a missing predecessor is a repair (LOOP-109) (303.750814ms)
✔ a dirty declared input with no in-progress record is named record ahead of run (LOOP-022, LOOP-110) (248.534399ms)
✔ with core.filemode false the index mode is the identity, so a mode-only difference does not refuse the check (LOOP-111) (259.511654ms)
✔ a project below the Git toplevel can run check (LOOP-112) (267.791343ms)
✔ a shallow clone names history to fetch, not a decision to build (LOOP-113) (198.702668ms)
✔ record-writing commands refuse to run outside a Cairn repository and write nothing (LOOP-118) (234.076716ms)
✔ empty footprint names declaration before scope and records no evidence (LOOP-081) (596.166214ms)
✔ first declaration still checks the full earlier history (LOOP-081) (406.611909ms)
✔ an empty current footprint does not block an explicitly requested existing mechanism (LOOP-081) (325.769321ms)
✔ an inherited mechanism provides a footprint even before local mechanisms exist (248.335969ms)
✔ scope reports every path, escapes line breaks, and gives identical remedies (LOOP-082) (253.064104ms)
✔ scope verdict reuses the answered-escalation annotation (LOOP-048, LOOP-051, LOOP-083) (594.098814ms)
✔ a committed scope acknowledgment lets restored history proceed (LOOP-083) (741.171692ms)
✔ scope acknowledgment must be committed before it can clear a breach (678.423522ms)
✔ ordinary ok does not acknowledge scope history (320.466429ms)
✔ scope escalation refuses unrestored paths and names the restoration remedy (279.059885ms)
✔ an invalid scope request still records an explicitly Blocking decision (173.003165ms)
✔ ask and explanation stay open; only the final committed ok acknowledges scope (740.497338ms)
✔ instead is visible but does not silently authorize a scope exception (400.901449ms)
✔ later changes to an acknowledged path still block, including later reverts (1058.601436ms)
✔ approval cannot hide another path changed after the snapshot (374.225659ms)
✔ acknowledged history remains conditional on the paths staying restored (568.950705ms)
✔ editing the scope snapshot after answer invalidates its acknowledgment (265.255725ms)
✔ malformed scope metadata cannot suppress a breach (1451.789539ms)
✔ damaged acknowledgment fields cannot suppress a breach (609.21985ms)
✔ scope path matching is literal, including wildcard filenames and control characters (512.660733ms)
✔ scope acknowledgment does not carry into another activation of the same slug (310.218614ms)
✔ restoration checks additions, deletions, executable modes, and symlink kinds (1436.058261ms)
✔ explicit committed retention keeps correct work and requires new evidence and review (LOOP-084, LOOP-085) (2103.561641ms)
✔ a missing declaration covers correct earlier work without retention or revert (525.573803ms)
✔ keep requires scope and an unchanged committed candidate (175.484165ms)
✔ uncommitted retention and instead answers cannot clear the incident (1144.408223ms)
✔ retention does not grant future edits, even when reverted to the approved tree (1448.793738ms)
✔ retention cannot cover another path or another activation (567.998705ms)
✔ imported changes must still match the retained tree (559.717481ms)
✔ retention handles additions, deletions, modes, symlinks, and literal filenames (1879.775674ms)
✔ retention cannot convert an existing restoration answer or accept an unknown mode (429.895895ms)
✔ a check failure after retention remains a failure (749.608204ms)
✔ retained paths stay part of the stable checked candidate without extending its footprint (612.074034ms)
✔ retention ask needs an explanation and final committed approval (534.410986ms)
✔ an unknown scope mode remains invalid even with a matching approval digest (268.324361ms)
✔ backlog writes the item; a second with the same title is refused, never overwritten (LOOP-016) (134.013514ms)
✔ a commit inside the footprint: check runs; outside it: check names the path and does not run (LOOP-015, LOOP-035) (578.64696ms)
✔ Cairn's records are never a breach; another file under docs/ is (LOOP-117) (633.839576ms)
✔ declaring the path as an input clears the breach (302.373634ms)
✔ a revert preserves the record of an out-of-scope commit (LOOP-047) (344.706416ms)
✔ a commitment naming a requirement the spec set does not hold as Agreed is repaired (LOOP-029) (75.621554ms)
✔ a requirement in a Draft spec file is not Agreed (79.939869ms)
✔ working agreements and the ignore file are Cairn records (LOOP-035, LOOP-036) (433.762361ms)
✔ the over-asking rule is gone from both skills (SPEC-005, SPEC-006, SPEC-007) (2.195285ms)
✔ a decision during the phase is recorded (DEC-003) (0.172328ms)
✔ understanding is restated before writing (SPEC-003) (0.12355ms)
✔ falsifiers are proposed as one set and confirmed by exception (SPEC-004) (0.183691ms)
✔ depth is inferred and domains derived, never asked or imposed (SPEC-008, SPEC-009) (0.14871ms)
✔ a term enters the glossary at first occurrence (SPEC-010) (0.103404ms)
✔ the phase ends at the first commitment, and later ones are specified during the loop (SPEC-011, SPEC-012) (0.121789ms)
✔ a requirement goes Agreed only with a nameable mechanism (SPEC-013) (0.102028ms)
✔ review before agreement, recording what it attacked (SPEC-014, SPEC-015) (0.215605ms)
✔ no spec file without requirements; nothing Agreed without a falsifier (SPEC-001, SPEC-002) (0.194238ms)
✔ Observed is marked, and is not contract (SPEC-016, SPEC-017) (0.451292ms)
✔ the skills exclude artifacts outside Cairn's workflow (0.185562ms)
✔ the working agreement names the agent's move for each verdict and the write-ahead record (LOOP-036) (0.434655ms)
✔ the working agreement names the developer's moves (LOOP-036, DEC-014) (0.09193ms)
✔ this repository runs by the file it ships (0.581814ms)
✔ both skills write the working agreement without naming a vendor's file (LOOP-002, LOOP-036, PKG-006) (0.475993ms)
✔ the working agreement says what an attempt is (LOOP-036, DEC-017, DEC-018) (0.093398ms)
✔ the working agreement says a failure no footprint change can address is an escalation, and where an inherited requirement is repaired (DEC-019, LOOP-057) (0.125253ms)
✔ the working agreement states the promote, next-iteration, and no-deferral moves (LOOP-029, LOOP-087, LOOP-091, LOOP-092) (0.099038ms)
✔ both skills sort captures into the backlog or next-iteration and forbid deferral (LOOP-029, LOOP-092, LOOP-093) (0.085751ms)
✔ the skill requires a falsifier on every requirement, a MAY included (SPEC-025) (0.079934ms)
✔ the working agreement names the hooks as optional and the install skill registers them for two harnesses (PKG-006, PKG-018, PKG-019) (0.251319ms)
✔ the working agreement says the kernel is upgraded at Done, never inside a commitment (LOOP-096) (0.078795ms)
✔ the next-iteration skill starts from the specification and ends by naming the next commitment (SPEC-026, SPEC-027) (0.254747ms)
✔ every document that names the project skills names next-iteration beside them (SPEC-026, PKG-014) (3.106691ms)
✔ the working agreement states a move for every action the kernel can name (LOOP-101) (1.699767ms)
✔ the working agreement states both record formats and the two flags the moves need (LOOP-036) (0.190414ms)
✔ the skills demonstrate a safe violating example and preserve recon findings (SPEC-022, SPEC-023) (0.076126ms)
✔ the specification skills run the checker through the cairn command (PKG-029) (0.262876ms)
✔ the README invokes the phase skills by name and states versions and platforms (PKG-030, PKG-031) (0.320866ms)
✔ the manual and the walkthrough say the loop promotes backlog items at Done (0.718978ms)
✔ a two-obligation sentence is named (PKG-007) (45.192287ms)
✔ an obligation with no actor is named (PKG-010) (39.472568ms)
✔ a leading condition clause is not the actor, and the actor after it counts (41.542269ms)
✔ an Agreed requirement with no falsifier is named (SPEC-002); a Draft one is not (88.626845ms)
✔ prose after a Draft requirement with no falsifier is not scanned as requirement text (34.837933ms)
✔ a spec declaring a prefix with no requirement is named (SPEC-001) (37.551396ms)
✔ a keyword in backticks or quotes is a mention, not an obligation (38.653404ms)
✔ duplicate identifiers are rejected within a file and across files (SPEC-020) (81.221125ms)
✔ references resolve across files; missing references name their source (SPEC-021) (104.153751ms)
✔ code examples and quoted mentions are neither definitions nor references (47.462769ms)
✔ machine-local paths are findings in prose, links, quotes, and examples (SPEC-019) (422.534413ms)
✔ relative paths, URLs, slash commands, and character mentions are not absolute path findings (31.341942ms)
✔ a slash after a placeholder continues the template (SPEC-019) (81.161397ms)
✔ a host path is a finding until the file declares it (SPEC-019, SPEC-024) (93.314157ms)
✔ declared host paths cover children with a slash boundary and stay file-local (117.747308ms)
✔ a host-path declaration inside a requirement or example grants no exception (134.940433ms)
✔ host-path declarations require absolute or home-relative entries (217.875992ms)
✔ an Agreed block whose only keyword is MAY needs a falsifier like any other (SPEC-025, SPEC-002) (82.30553ms)
✔ a regex literal is not a path, a drive path and a file URL are, and a skill's slash name is allowed (SPEC-028, SPEC-029) (96.261709ms)
✔ a backticked or quoted actor still counts as one (PKG-010) (39.168333ms)
✔ supersede writes both lines, and the old record keeps every word it had (DEC-008, DEC-010) (73.88562ms)
✔ supersede without a cause, or with one outside the four, is refused (DEC-009) (146.298454ms)
✔ supersede of a record that does not exist is refused (73.005012ms)
✔ a predecessor with no title line cannot be stamped, so nothing is written (89.637081ms)
✔ a --supersedes argument outside the slug alphabet is refused, and a path never reaches the filesystem (DEC-022) (224.714853ms)
✔ a record already superseded cannot be superseded again: one Superseded by line per record (DEC-022, DEC-010) (206.341802ms)
✔ reversals reports counts by decider, cause, and domain (DEC-011) (194.817032ms)
✔ decide in a domain with a reversal is refused without --history, naming the reversal; with it, the record carries History (DEC-012) (180.852916ms)
✔ decide in a domain with no reversals needs no --history (126.188545ms)
✔ a record resting on prose alone is in the domain unspecified, and so is the next one (127.134017ms)
✔ the decider tally normalizes case and whitespace, and names a value outside the vocabulary (DEC-020, DEC-011) (77.713469ms)
✔ a record with no Decided by line is tallied as unrecorded, not as a vocabulary value (71.603448ms)
✔ Decided by written as a list tallies like the flat form, and does not crash the report (LOOP-124, DEC-020) (68.163741ms)
✔ a second declaration for one requirement is accepted, a named check runs every mechanism, and Done needs each to pass (LOOP-056, LOOP-099) (1905.338035ms)
✔ one mechanism's stale evidence names that mechanism, and --stale runs only it (LOOP-056, LOOP-094) (796.005057ms)
✔ attempts are counted within one mechanism's records, so the other's passes do not reset them (LOOP-100, DEC-016) (1464.223434ms)
✔ step 1: an in-progress record is reconciled before anything else (111.046629ms)
✔ step 2: an open escalation is presented and nothing else happens (84.064096ms)
✔ an answered escalation is not open (474.236831ms)
✔ step 3: a decision with no realized-by is built, first by name (DEC-007) (91.309614ms)
✔ a superseded decision with no realized-by is not work (121.464503ms)
✔ step 6: a mechanism that has never run is run, not implemented (LOOP-008) (125.733422ms)
✔ step 6: a requirement whose mechanism fails is implemented (439.545255ms)
✔ step 6 before step 7: failing evidence outranks a missing mechanism (322.389912ms)
✔ step 7: a requirement with no mechanism is declared (LOOP-106) (94.856178ms)
✔ every verdict names who acts: Resolvable is the agent's, Done needs nobody, Escalate waits for the developer (LOOP-004) (552.364893ms)
✔ malformed roadmap is Resolvable, not fatal (LOOP-005) (62.757685ms)
✔ a commitment naming no requirements is Resolvable (LOOP-018) (65.265097ms)
✔ the primary test: two wakes on the same checkout give the same action, before and after a persisted transition (LOOP-001, LOOP-003) (575.134713ms)
✔ outside a cairn repository wake cannot run (43.339968ms)
✔ the loop never waits on the review queue (DEC-015) (337.780729ms)
✔ twenty built records cost one git call to resolve, not twenty (DEC-023) (184.271542ms)
✔ the linked walkthrough runs from agreement through the next commitment (PKG-016) (1279.133104ms)
ℹ tests 483
ℹ suites 0
ℹ pass 482
ℹ fail 1
ℹ cancelled 0
ℹ skipped 0
ℹ todo 0
ℹ duration_ms 21614.387996

✖ failing tests:

test at tests/agreement.test.mjs:62:1
✖ Scope inside a requirement or fenced example does not declare inheritance (PKG-015) (764.05715ms)
  AssertionError [ERR_ASSERTION]: Expected values to be strictly equal:
  
  3 !== 0
  
      at TestContext.<anonymous> (file:///home/shawn/workspace2/cairn-dev/tests/agreement.test.mjs:65:48)
      at Test.runInAsyncScope (node:async_hooks:214:14)
      at Test.run (node:internal/test_runner/test:1062:25)
      at Test.processPendingSubtests (node:internal/test_runner/test:752:18)
      at Test.postRun (node:internal/test_runner/test:1191:19)
      at Test.run (node:internal/test_runner/test:1119:12)
      at async Test.processPendingSubtests (node:internal/test_runner/test:752:7) {
    generatedMessage: true,
    code: 'ERR_ASSERTION',
    actual: 3,
    expected: 0,
    operator: 'strictEqual'
  }
