✔ a Draft block overrides an Agreed file for both wake and check (SPEC-018) (163.15498ms)
✔ an Agreed block overrides a Draft file in the kernel and lint (SPEC-018, SPEC-002) (557.448799ms)
✔ a block Status does not become the file default, including inside examples (SPEC-018) (342.30665ms)
✔ block status without a value does not inherit Agreed by accident (SPEC-018) (67.234848ms)
✔ inheritance needs a file Scope and includes only Agreed blocks, regardless of prefix (PKG-015) (1352.376875ms)
✔ Scope inside a requirement or fenced example does not declare inheritance (PKG-015) (613.796698ms)
✔ LOOP-063: reject input mutation during a check and retain diagnostics (335.184832ms)
✔ LOOP-063: reject deletion mutation during a check and retain diagnostics (393.366163ms)
✔ LOOP-063: reject addition mutation during a check and retain diagnostics (339.951863ms)
✔ LOOP-063: reject mode mutation during a check and retain diagnostics (333.532841ms)
✔ LOOP-063: reject specification mutation during a check and retain diagnostics (318.737988ms)
✔ LOOP-063: reject declaration mutation during a check and retain diagnostics (287.365156ms)
✔ LOOP-063: reject commit mutation during a check and retain diagnostics (261.363345ms)
✔ LOOP-063: committed input mutation during execution cannot certify the replacement (256.186152ms)
✔ LOOP-064: removing executable permission makes passing evidence stale (392.919273ms)
✔ LOOP-064: a mode-only change also invalidates the previous review after new evidence (616.427821ms)
✔ LOOP-064: changing a regular file into a link with identical identity bytes is stale (693.606681ms)
✔ LOOP-063: an unchanged candidate still records a pass despite unrelated working-tree edits (186.670669ms)
✔ LOOP-064: current and historical input ordering agrees for Unicode filenames (273.574155ms)
✔ LOOP-063: Git status hiding content changes cannot certify an uncommitted candidate (110.704578ms)
✔ LOOP-063: Git status hiding mode changes cannot certify an uncommitted candidate (106.983224ms)
✔ LOOP-066: one check owns execution with a kernel action record (435.210922ms)
✔ LOOP-066: one check owns execution with an agent action record (385.145343ms)
✔ LOOP-066: a live lock is named and never silently overwritten (130.095716ms)
✔ LOOP-066: a dead lock is named and never silently overwritten (125.798491ms)
✔ LOOP-066: a incomplete lock is named and never silently overwritten (119.346568ms)
✔ LOOP-066: an execution error releases the check lock for a corrected rerun (398.069231ms)
✔ LOOP-066: a live kernel action from an older Cairn also blocks execution (70.448158ms)
✔ LOOP-066: separate Git worktrees can run checks independently (344.276042ms)
✔ after a green check --stale runs nothing; after one input changes it runs only that mechanism (LOOP-094) (973.710429ms)
✔ a mechanism speaking for two stale requirements runs once and refreshes both (LOOP-094, LOOP-040) (571.5202ms)
✔ a fresh failure and an unverified result are skipped with implement named (LOOP-094) (501.679958ms)
✔ --stale with a requirement identifier is refused (LOOP-094) (49.880394ms)
✔ check refuses a dirty declared input and names it; a dirty undeclared file does not block (441.318168ms)
✔ check writes one receipt per run carrying the full record and a result line per requirement (LOOP-097) (306.735648ms)
✔ a nonzero exit records fail, and the receipt keeps the exit code (284.047746ms)
✔ two checks write two records; nothing is overwritten or deleted (509.964636ms)
✔ a commit changing a declared input makes evidence stale; an undeclared one does not (559.079183ms)
✔ a regression is named before a requirement that never passed (676.983298ms)
✔ three attempts with no escalation since: wake says escalate, not a fourth (DEC-016, DEC-017, DEC-018) (1790.958898ms)
✔ the review gate: no review, stale review, open finding, then Done (933.69487ms)
✔ Done is refused while any requirement lacks current passing evidence (87.670783ms)
✔ check names a requested requirement that no mechanism claims (100.721488ms)
✔ check writes and clears an in-progress record around the run (186.431326ms)
✔ a linked declared input digests the same at a commit and in the tree (LOOP-023, LOOP-024) (380.129475ms)
✔ a result line is the mechanism's statement about one requirement; what it did not mention is unverified (LOOP-037, LOOP-052) (198.932011ms)
✔ a mechanism that says nothing is read by its exit code for every requirement (LOOP-039) (181.733772ms)
✔ unverified is not an attempt, and a return to an earlier failed digest counts once (DEC-017, DEC-018) (1622.246419ms)
✔ a result line for a requirement the mechanism does not speak for is named and writes nothing (LOOP-038) (192.424286ms)
✔ a result line inside ordinary output, or without the marker, does not count (192.123458ms)
✔ a targeted check runs the named requirements' mechanisms and records every requirement they speak for (LOOP-040) (197.289579ms)
✔ two result lines for one requirement: a fail on any line wins (187.897057ms)
✔ three runs at one digest with no attempt since: the verdict stays implement and names DEC-019; an escalation naming it among others clears the hint (DEC-019, LOOP-053) (892.751321ms)
✔ a complete commitment with an unpromoted backlog item names promote, and a stamped item lets it reach Done (LOOP-087) (853.94676ms)
✔ an empty backlog with waiting next-iteration items is Done, with the count as information and no action on them (LOOP-091) (645.818921ms)
✔ a promotion marker must resolve to a decision record (LOOP-088) (201.567643ms)
✔ a commitment promoted from an item needs a decision record naming the item (LOOP-088) (190.026188ms)
✔ the spec lint reports a promotion marker with no decision record (LOOP-088) (56.408422ms)
✔ a promoted commitment that changes an Agreed requirement or the working agreement is an escalation; an unpromoted one is not (LOOP-089, LOOP-090) (1125.056685ms)
✔ a capture from one of the commitment's own requirements needs Outside because: or an escalation (LOOP-092) (1286.869488ms)
✔ a next-iteration item names what it would change, and the capture refuses one that does not (LOOP-093) (355.800326ms)
✔ a commitment specified from a next-iteration item needs the item stamped before anything else (SPEC-027) (436.806579ms)
✔ writes a record with every required field and an empty realized-by (38.922307ms)
✔ a Consequential decision is queued for review (69.513299ms)
✔ a Consequential decision is queued even when .cairn/queue does not exist yet (47.273629ms)
✔ Routine is refused: routine decisions produce no record (47.412064ms)
✔ a missing field is a usage error and nothing is written (43.317092ms)
✔ supersedes requires a classified cause, and the old record must exist (134.77008ms)
✔ an existing record is not overwritten (100.010481ms)
✔ a queued decision stays queued; nothing but the developer removes it (DEC-014) (101.201613ms)
✔ LOOP-067: missing inputs names a declaration repair before execution (153.298029ms)
✔ LOOP-067: empty inputs names a declaration repair before execution (132.860413ms)
✔ LOOP-067: missing command names a declaration repair before execution (138.069931ms)
✔ LOOP-067: list command names a declaration repair before execution (141.933404ms)
✔ LOOP-067: empty command names a declaration repair before execution (133.768306ms)
✔ LOOP-067: missing requirements names a declaration repair before execution (126.486283ms)
✔ LOOP-067: bad identifier names a declaration repair before execution (120.56149ms)
✔ LOOP-067: scalar one-item lists retain their existing meaning (274.737952ms)
✔ LOOP-068: a unpopulated gitlink is refused by name (140.914827ms)
✔ LOOP-068: a populated gitlink is refused by name (150.365385ms)
✔ LOOP-069: identical selections across 100 mechanisms use at most 20 Git processes (140.7389ms)
✔ escalate writes the six-line format followed by its facts, and wake presents it (137.971716ms)
✔ a missing or multi-line field is refused with the field named, and nothing is written (104.753471ms)
✔ a Blocking escalation that fails the format is written anyway, naming the malformed field (LOOP-014) (122.39703ms)
✔ a --level other than Blocking is refused rather than silently losing the bypass (66.972109ms)
✔ a second escalation while one is open is refused (LOOP-011) (117.233352ms)
✔ answer records the reply; wake no longer presents it; a second answer is refused (237.248418ms)
✔ answer to an unknown escalation is refused (53.773062ms)
✔ a stranger resumes from the file alone: question and answer are both in it (LOOP-013) (101.751606ms)
✔ after an answer, the same concern can be escalated again under a new name (156.562895ms)
✔ an escalation exists when its file does, committed or not (LOOP-009) (64.711041ms)
✔ developer answers require one of the three forms and cannot inject fields (LOOP-048) (454.988896ms)
✔ ask, agent explanation, another ask, and ok stay ordered in one file (LOOP-049, LOOP-050, LOOP-014) (586.970883ms)
✔ fresh closed answers accompany only concerned requirements until new evidence (LOOP-051) (601.645769ms)
✔ LOOP-065: delete of output refuses Done and a new run recovers (1077.06958ms)
✔ LOOP-065: corrupt of output refuses Done and a new run recovers (901.666032ms)
✔ LOOP-065: delete of stderr_output refuses Done and a new run recovers (740.779125ms)
✔ LOOP-065: corrupt of stderr_output refuses Done and a new run recovers (723.298825ms)
✔ LOOP-065: a receipt without output needs a new check (398.087242ms)
✔ LOOP-065: a receipt without output_digest needs a new check (397.797488ms)
✔ LOOP-065: a receipt without stderr_output needs a new check (375.671024ms)
✔ LOOP-065: a receipt without stderr_digest needs a new check (371.629228ms)
✔ LOOP-065: legacy unverifiable output is rerun without rewriting history (687.489232ms)
✔ a fresh record names the kernel that wrote it (LOOP-023) (283.432533ms)
✔ LOOP-095: a record from another kernel is stale with the kernel named, and a new check restores Done (643.514714ms)
✔ LOOP-095: a record from no kernel is stale with the kernel named, and a new check restores Done (668.953476ms)
✔ LOOP-070: a later failure is latest even when the clock moves backward (890.788987ms)
✔ LOOP-070: receipt collisions at one clock instant retain execution order beyond nine suffixes (2573.150708ms)
✔ LOOP-070: imported branch receipts stale a later sequence until a new check incorporates them (1016.362097ms)
✔ LOOP-070: legacy receipts need one ordered check and remain byte-for-byte unchanged (486.341929ms)
✔ LOOP-070: edit of a prior receipt requires fresh evidence (465.371103ms)
✔ LOOP-070: remove of a prior receipt requires fresh evidence (465.411099ms)
✔ LOOP-075: supporting evidence file README.md does not become a receipt (488.39187ms)
✔ LOOP-075: supporting evidence file notes.txt does not become a receipt (498.363061ms)
✔ LOOP-075: supporting evidence file support does not become a receipt (497.714466ms)
✔ LOOP-075: supporting evidence file .DS_Store does not become a receipt (494.446659ms)
✔ LOOP-075: a malformed result line (result=success) names a repair before execution (369.729168ms)
✔ LOOP-075: a malformed result line (sequence=NaN) names a repair before execution (358.178606ms)
✔ LOOP-075: a malformed result line (sequence=9007199254740992) names a repair before execution (348.706628ms)
✔ LOOP-075: a malformed result line (history_digest=wrong) names a repair before execution (355.993829ms)
✔ LOOP-075: a malformed result line (tokens) names a repair before execution (341.132354ms)
✔ LOOP-075: a receipt-shaped directory is a named repair instead of an EISDIR crash (268.47173ms)
✔ LOOP-070: an earlier escalation cannot cover three new attempts after clock rollback (869.994175ms)
✔ LOOP-070: an answer becomes old after a later check even if that check's timestamp is earlier (591.827032ms)
✔ LOOP-070: the newest answer wins between checks even when its clock timestamp is older (363.437606ms)
✔ LOOP-070: legacy escalation dates cover old receipts but not three newer sequenced runs (1270.230543ms)
✔ a PKG requirement the commitment does not name is declared, run, and gates Done (PKG-011) (1513.510889ms)
✔ a PKG requirement in a Draft spec is not folded in (362.604186ms)
✔ LOOP-076/079: stale inputs identify the receipt and the check to run (667.802911ms)
✔ LOOP-077: names a content change using checked input identity (552.230722ms)
✔ LOOP-077: names a mode change using checked input identity (523.645938ms)
✔ LOOP-077: names a kind change using checked input identity (454.138882ms)
✔ LOOP-077: names a added change using checked input identity (426.660585ms)
✔ LOOP-077: names a removed change using checked input identity (408.938766ms)
✔ LOOP-077: names a link-target change using checked input identity (639.541136ms)
✔ LOOP-077: changed selection compares the old and new input sets (413.466755ms)
✔ LOOP-077: raw CRLF changes remain visible when Git-clean content agrees (389.704551ms)
✔ LOOP-077: detail output is sorted, bounded, and reports the omitted count (387.65093ms)
✔ LOOP-077: filenames cannot inject lines or terminal controls into explanations (362.820481ms)
✔ LOOP-077: receipts from one run share details and do not store source contents (298.336391ms)
✔ LOOP-078/080: legacy optional detail limits explanation without changing standing (489.520084ms)
✔ LOOP-078/080: invalid-field optional detail limits explanation without changing standing (477.006596ms)
✔ LOOP-078/080: missing optional detail limits explanation without changing standing (464.717898ms)
✔ LOOP-078/080: invalid-json optional detail limits explanation without changing standing (498.372659ms)
✔ LOOP-078/080: mismatched optional detail limits explanation without changing standing (475.643669ms)
✔ LOOP-078/080: duplicate optional detail limits explanation without changing standing (445.436237ms)
✔ LOOP-078/080: unsafe-path optional detail limits explanation without changing standing (490.58983ms)
✔ LOOP-078/080: directory optional detail limits explanation without changing standing (482.542708ms)
✔ LOOP-078/080: symlink optional detail limits explanation without changing standing (470.073916ms)
✔ LOOP-078: unavailable old requirement text is not claimed as a proven change (352.29906ms)
✔ LOOP-076/079: changed requirements identify evidence and retain review-before-check guidance (330.513466ms)
✔ LOOP-078: simultaneous input and output damage keep both reasons (345.248937ms)
✔ LOOP-080: deterministic freshness sequence seed=7 (7459.759661ms)
✔ LOOP-080: deterministic freshness sequence seed=42 (5707.580659ms)
✔ LOOP-080: deterministic freshness sequence seed=913 (4858.134673ms)
✔ LOOP-080: agreement changes, mechanism review, checks, and completion review retain priority (1212.907753ms)
✔ LOOP-080: imported receipt history demands a rerun without a false input explanation (1313.232214ms)
✔ LOOP-073: clean CRLF input completes under attributes (463.661991ms)
✔ LOOP-073: clean CRLF input completes under autocrlf (459.436676ms)
✔ LOOP-073: raw line-ending mutation during a run is rejected even when Git still sees the same content (221.38123ms)
✔ LOOP-073: execution evidence changes when clean conversion preserves committed identity (774.738108ms)
✔ LOOP-073: Git clean filters use Git's conversion while retaining raw evidence identity (349.213044ms)
✔ LOOP-073: failure of a required Git filter cannot record evidence (96.229781ms)
✔ LOOP-073: a clean filter moving HEAD during ending validation prevents evidence (432.266779ms)
✔ LOOP-073: canonical Git identities handle links without reading their targets (327.742761ms)
✔ LOOP-073: Git conversion keeps raw Unicode and control-character input paths (319.18929ms)
✔ LOOP-073: conversion and links work in a SHA-256 Git repository (320.784047ms)
✔ LOOP-074: historical specification filename "café.md" remains reviewable (319.497095ms)
✔ LOOP-074: historical specification filename "spec\ttab.md" remains reviewable (314.864141ms)
✔ LOOP-074: historical specification filename "spec\nline.md" remains reviewable (313.560396ms)
✔ help works outside a repository without running a command (PKG-017) (820.843664ms)
✔ help does not hide invalid options or consume literal arguments (165.403865ms)
✔ the stop hook refuses a stop while wake says Resolvable, with the verdict as the reason (PKG-018) (182.306185ms)
✔ the stop hook allows a stop at Done, at Escalate, and outside a Cairn repository (PKG-018) (910.138321ms)
✔ the session-start hook links the command once and prints the verdict in a Cairn repository (PKG-019, PKG-014, PKG-005) (391.317122ms)
✔ the session-start hook prints no verdict outside a Cairn repository and leaves an existing link alone (PKG-019) (51.608789ms)
✔ three megabytes are retained exactly once with matching digests (LOOP-041, LOOP-042) (350.551234ms)
✔ split stdout result lines survive a long non-result line; stderr is never a verdict (366.787373ms)
✔ signal termination is recorded and logs survive a clone (LOOP-043) (292.380387ms)
✔ working agreements and ignore changes are Cairn records inside the footprint (298.083981ms)
✔ a clean package passes (81.297258ms)
✔ PKG-001: a dependency, or a service manifest (121.784319ms)
✔ PKG-002: ignoring evidence or other durable state (59.746945ms)
✔ PKG-003: a command, a directory, or a record kind no decision names (196.460435ms)
✔ PKG-004: a kernel over 1500 lines (76.162342ms)
✔ PKG-006: a skill step naming a vendor's product (54.603488ms)
✔ PKG-008: a non-ASCII character in a tracked text file (67.209132ms)
✔ PKG-009: the kernel importing from tests (52.46018ms)
✔ PKG-012: a network call or a model vendor in the kernel (115.227463ms)
✔ PKG-013: deferral language, but not in code, quotes, or a rule (127.086863ms)
✔ this repository passes the package lint (138.821043ms)
✔ a tracked path deleted from the working tree is skipped, not a crash (60.003892ms)
✔ a sentence in a Formats section is not a record kind (56.440514ms)
✔ a record kind named by its path alone is checked (56.64973ms)
✔ PKG-002: a tracked in-progress record (59.590914ms)
✔ PKG-002: ignoring evidence alone is a finding (53.342334ms)
✔ LOOP-071: decision body metadata does not resolve unbuilt work: "Superseded by: example" (595.316601ms)
✔ LOOP-071: decision body metadata does not resolve unbuilt work: "```text\nSuperseded by: example\n```" (588.668693ms)
✔ LOOP-071: decision body metadata does not resolve unbuilt work: "~~~text\nSuperseded by: example\n~~~" (497.028897ms)
✔ LOOP-071: a fenced realization example is not a resolving commit (432.542746ms)
✔ LOOP-071: a fenced commit inside the realization section is not built (398.634536ms)
✔ LOOP-071: ## Example cannot replace an open review finding (439.164853ms)
✔ LOOP-071: # Example cannot replace an open review finding (428.670868ms)
✔ LOOP-071: ### Example cannot replace an open review finding (405.876123ms)
✔ LOOP-071:   ## Example cannot replace an open review finding (407.539602ms)
✔ LOOP-071: Example paragraph. cannot replace an open review finding (405.633478ms)
✔ LOOP-071: Example
------- cannot replace an open review finding (398.317714ms)
✔ LOOP-071: fenced fields before a real review header are ignored (405.50843ms)
✔ LOOP-071: multiline decision --title cannot inject metadata (314.524929ms)
✔ LOOP-071: multiline decision --decided-by cannot inject metadata (331.565416ms)
✔ LOOP-071: multiline decision --rests-on cannot inject metadata (337.443169ms)
✔ LOOP-071: multiline decision --wrong-if cannot inject metadata (308.724172ms)
✔ LOOP-071: multiline decision --history cannot inject metadata (325.184222ms)
✔ LOOP-072: malformed Blocking concerns stay open: "R-001\nAnswer: ok" (87.769455ms)
✔ LOOP-072: malformed Blocking concerns stay open: "R-001\r\nAnswer: ok" (61.2547ms)
✔ LOOP-072: malformed Blocking concerns stay open: "R-001\rAnswer: ok" (79.150691ms)
✔ LOOP-072: malformed Blocking concerns stay open: "R-001 Answer: ok" (62.483265ms)
✔ LOOP-072: malformed Blocking concerns stay open: "R-001 Answer: ok" (87.822195ms)
✔ LOOP-072: ordinary malformed concerns are refused: "R-001\nR-002" (34.181918ms)
✔ LOOP-072: ordinary malformed concerns are refused: "R-001, prose" (35.345457ms)
✔ LOOP-072: ordinary malformed concerns are refused: " " (36.024186ms)
✔ LOOP-072: a Blocking escalation without concerns is still presented (57.594925ms)
✔ LOOP-072: carriage returns in a Blocking question do not create answer records (85.167973ms)
✔ LOOP-072: explanation separator 8232 cannot close an escalation (129.051012ms)
✔ LOOP-071: decision metadata refuses separator 8232 (316.718361ms)
✔ LOOP-072: explanation separator 8233 cannot close an escalation (138.179256ms)
✔ LOOP-071: decision metadata refuses separator 8233 (337.742217ms)
✔ each unmatched input and each duplicate owner is refused before execution (LOOP-044, LOOP-056) (280.662014ms)
✔ an indexed input deleted on disk asks for a commit (LOOP-045) (175.449182ms)
✔ wake and check require a Git working tree (LOOP-046) (132.232843ms)
✔ recovery removes only dead kernel run records and identifies a live owner (LOOP-054, LOOP-055) (295.113047ms)
✔ an agent action based behind a clean HEAD appears committed (LOOP-027) (163.421265ms)
✔ realization needs a real commit and a subject (DEC-006) (230.875996ms)
✔ 1500 binary inputs digest identically at the review commit in under a second (LOOP-024, LOOP-032) (1115.00285ms)
✔ merged work is excluded but a later own commit is a breach (LOOP-047) (166.473081ms)
✔ exact Current tenure ignores prefix matches and earlier visits to the same slug (LOOP-035) (195.968947ms)
✔ a kernel run records its supervising PID (LOOP-054) (194.587613ms)
✔ a merged declared input still stales evidence (LOOP-047) (323.64468ms)
✔ wildcard and magic pathspecs select the same historical inputs (LOOP-024, LOOP-032) (1784.190539ms)
✔ historical selection retains deleted files and excludes new ones (LOOP-024, LOOP-035) (1148.916854ms)
✔ explicit reporting with no lines and exit 0 establishes no requirement verdicts (442.153345ms)
✔ explicit reporting with no lines and exit 1 establishes no requirement verdicts (400.521697ms)
✔ a reporter that cannot start keeps execution diagnostics without blaming requirements (254.570272ms)
✔ large output cannot kill a reporter or invent a requirement verdict (297.55579ms)
✔ explicit mode ignores cairn: R-999: pass (262.909866ms)
✔ explicit mode ignores cairn: R-001: unverified (227.404454ms)
✔ explicit mode ignores cairn: R-001: passed (219.296444ms)
✔ explicit results survive nonzero exit and contradictory duplicates still fail (424.739164ms)
✔ unverified results across changed inputs never become failed attempts (1093.854299ms)
✔ legacy exit 0 retains its interpretation (207.245335ms)
✔ legacy exit 1 retains its interpretation (189.713959ms)
✔ a misspelled reporting mode is refused before execution (97.315619ms)
✔ changed requirement blocks unchecked reruns and makes the completion review stale (LOOP-058, LOOP-059) (1529.079411ms)
✔ falsifier changes need review; separate rationale and other requirements do not change a receipt (879.962174ms)
✔ legacy receipts recover requirement identity from their commit; unavailable history requires review (679.180893ms)
✔ check refuses uncommitted requirement text and mechanism review markers (649.783139ms)
✔ tightened response limit cannot reuse the old passing check (1176.872975ms)
✔ a declared input over 1 MiB agrees at a commit and in the tree (LOOP-060) (429.304784ms)
✔ a failed Git blob read cannot be hashed as an empty blob (373.236497ms)
✔ Git listings over 1 MiB include the last declared input (2171.400012ms)
✔ requirement identity excludes fenced examples and status dates (476.330913ms)
✔ DemonCoder REM-002 and Status in progress cannot silently satisfy the review gate (LOOP-086) (757.079028ms)
✔ valid open findings retain their behavior (430.030028ms)
✔ valid resolved findings retain their behavior (430.871282ms)
✔ valid empty findings retain their behavior (364.838048ms)
✔ valid mixed valid findings retain their behavior (331.65907ms)
✔ malformed finding "open:" requires repair (316.688742ms)
✔ malformed finding "resolved:   " requires repair (300.00865ms)
✔ malformed finding "Open: incorrect case" requires repair (300.630487ms)
✔ malformed finding "unknown: issue" requires repair (294.714831ms)
✔ malformed finding "\u001b[31mBAD: issue" requires repair (297.876835ms)
✔ the established explicit empty findings list remains valid (325.969848ms)
✔ a scalar findings value requires the supported list format (296.029943ms)
✔ empty footprint names declaration before scope and records no evidence (LOOP-081) (574.685339ms)
✔ first declaration still checks the full earlier history (LOOP-081) (300.330704ms)
✔ an empty current footprint does not block an explicitly requested existing mechanism (LOOP-081) (256.936476ms)
✔ an inherited mechanism provides a footprint even before local mechanisms exist (200.062004ms)
✔ scope reports every path, escapes line breaks, and gives identical remedies (LOOP-082) (196.50949ms)
✔ scope verdict reuses the answered-escalation annotation (LOOP-048, LOOP-051, LOOP-083) (400.902597ms)
✔ a committed scope acknowledgment lets restored history proceed (LOOP-083) (528.92992ms)
✔ scope acknowledgment must be committed before it can clear a breach (494.871177ms)
✔ ordinary ok does not acknowledge scope history (228.87562ms)
✔ scope escalation refuses unrestored paths and names the restoration remedy (204.523544ms)
✔ an invalid scope request still records an explicitly Blocking decision (120.474709ms)
✔ ask and explanation stay open; only the final committed ok acknowledges scope (593.282959ms)
✔ instead is visible but does not silently authorize a scope exception (299.241636ms)
✔ later changes to an acknowledged path still block, including later reverts (996.52239ms)
✔ approval cannot hide another path changed after the snapshot (325.45423ms)
✔ acknowledged history remains conditional on the paths staying restored (493.287695ms)
✔ editing the scope snapshot after answer invalidates its acknowledgment (222.992074ms)
✔ malformed scope metadata cannot suppress a breach (1241.487631ms)
✔ damaged acknowledgment fields cannot suppress a breach (523.959177ms)
✔ scope path matching is literal, including wildcard filenames and control characters (468.7473ms)
✔ scope acknowledgment does not carry into another activation of the same slug (286.349867ms)
✔ restoration checks additions, deletions, executable modes, and symlink kinds (1343.154263ms)
✔ explicit committed retention keeps correct work and requires new evidence and review (LOOP-084, LOOP-085) (1664.327961ms)
✔ a missing declaration covers correct earlier work without retention or revert (382.592104ms)
✔ keep requires scope and an unchanged committed candidate (128.624701ms)
✔ uncommitted retention and instead answers cannot clear the incident (816.400617ms)
✔ retention does not grant future edits, even when reverted to the approved tree (1088.60086ms)
✔ retention cannot cover another path or another activation (492.062056ms)
✔ imported changes must still match the retained tree (513.088343ms)
✔ retention handles additions, deletions, modes, symlinks, and literal filenames (1812.619957ms)
✔ retention cannot convert an existing restoration answer or accept an unknown mode (394.231742ms)
✔ a check failure after retention remains a failure (675.587487ms)
✔ retained paths stay part of the stable checked candidate without extending its footprint (564.291544ms)
✔ retention ask needs an explanation and final committed approval (525.654517ms)
✔ an unknown scope mode remains invalid even with a matching approval digest (252.606764ms)
✔ backlog writes the item; a second with the same title is refused, never overwritten (LOOP-016) (123.597951ms)
✔ a commit inside the footprint: check runs; outside it: check names the path and does not run (LOOP-035) (539.374821ms)
✔ a file under .cairn/ or docs/ is never a breach (445.143367ms)
✔ declaring the path as an input clears the breach (230.001081ms)
✔ a revert preserves the record of an out-of-scope commit (LOOP-047) (230.882308ms)
✔ a commitment naming a requirement the spec set does not hold as Agreed is repaired (LOOP-029) (65.185903ms)
✔ a requirement in a Draft spec file is not Agreed (64.528999ms)
✔ working agreements and the ignore file are Cairn records (LOOP-035, LOOP-036) (338.837469ms)
✔ the over-asking rule is gone from both skills (SPEC-005, SPEC-006) (1.334585ms)
✔ a decision during the phase is recorded (DEC-003) (0.346716ms)
✔ understanding is restated before writing (SPEC-003) (0.118177ms)
✔ falsifiers are proposed as one set and confirmed by exception (SPEC-004) (0.253025ms)
✔ depth is inferred and domains derived, never asked or imposed (SPEC-008, SPEC-009) (0.150144ms)
✔ a term enters the glossary at first occurrence (SPEC-010) (0.097118ms)
✔ the phase ends at the first commitment, and later ones are specified during the loop (SPEC-011, SPEC-012) (0.548085ms)
✔ a requirement goes Agreed only with a nameable mechanism (SPEC-013) (0.10749ms)
✔ review before agreement, recording what it attacked (SPEC-014, SPEC-015) (0.356543ms)
✔ no spec file without requirements; nothing Agreed without a falsifier (SPEC-001, SPEC-002) (0.181529ms)
✔ Observed is marked, and is not contract (SPEC-016, SPEC-017) (0.122092ms)
✔ the skills exclude artifacts outside Cairn's workflow (0.155126ms)
✔ the working agreement names the agent's move for each verdict and the write-ahead record (LOOP-036) (1.241027ms)
✔ the working agreement names the developer's moves (LOOP-036, DEC-014) (0.107139ms)
✔ this repository runs by the file it ships (0.767489ms)
✔ both skills write the working agreement without naming a vendor's file (LOOP-036, PKG-006) (0.103727ms)
✔ the working agreement says what an attempt is (LOOP-036, DEC-017, DEC-018) (0.196199ms)
✔ the working agreement says a failure no footprint change can address is an escalation, and where an inherited requirement is repaired (DEC-019, LOOP-057) (0.29014ms)
✔ the working agreement states the promote, next-iteration, and no-deferral moves (LOOP-029, LOOP-087, LOOP-091, LOOP-092) (0.103627ms)
✔ both skills sort captures into the backlog or next-iteration and forbid deferral (LOOP-029, LOOP-092, LOOP-093) (0.146065ms)
✔ the skill requires a falsifier on every requirement, a MAY included (SPEC-025) (0.076311ms)
✔ the working agreement names the hooks as optional and the install skill registers them for two harnesses (PKG-006, PKG-018, PKG-019) (0.232297ms)
✔ the working agreement says the kernel is upgraded at Done, never inside a commitment (LOOP-096) (0.070111ms)
✔ the next-iteration skill starts from the specification and ends by naming the next commitment (SPEC-026, SPEC-027) (0.232026ms)
✔ every document that names the project skills names next-iteration beside them (SPEC-026, PKG-014) (2.72332ms)
✔ a two-obligation sentence is named (PKG-007) (40.930396ms)
✔ an obligation with no actor is named (PKG-010) (38.447666ms)
✔ a leading condition clause is not the actor, and the actor after it counts (34.587772ms)
✔ an Agreed requirement with no falsifier is named (SPEC-002); a Draft one is not (65.481146ms)
✔ prose after a Draft requirement with no falsifier is not scanned as requirement text (30.886412ms)
✔ a spec declaring a prefix with no requirement is named (SPEC-001) (39.387985ms)
✔ a keyword in backticks or quotes is a mention, not an obligation (34.465864ms)
✔ this repository's own specification passes the lint (64.599598ms)
✔ duplicate identifiers are rejected within a file and across files (SPEC-020) (66.707251ms)
✔ references resolve across files; missing references name their source (SPEC-021) (78.80659ms)
✔ code examples and quoted mentions are neither definitions nor references (34.955005ms)
✔ machine-local paths are findings in prose, links, quotes, and examples (SPEC-019) (359.576412ms)
✔ relative paths, URLs, slash commands, and character mentions are not absolute path findings (33.338228ms)
✔ a slash after a placeholder continues the template (SPEC-019) (90.668337ms)
✔ a host path is a finding until the file declares it (SPEC-019, SPEC-024) (76.304091ms)
✔ declared host paths cover children with a slash boundary and stay file-local (101.46968ms)
✔ a host-path declaration inside a requirement or example grants no exception (112.625585ms)
✔ host-path declarations require absolute or home-relative entries (175.769197ms)
✔ an Agreed block whose only keyword is MAY needs a falsifier like any other (SPEC-025, SPEC-002) (63.808252ms)
✔ supersede writes both lines, and the old record keeps every word it had (DEC-008, DEC-010) (65.066297ms)
✔ supersede without a cause, or with one outside the four, is refused (DEC-009) (98.172335ms)
✔ supersede of a record that does not exist is refused (65.838826ms)
✔ a predecessor with no title line cannot be stamped, so nothing is written (65.023132ms)
✔ reversals reports counts by decider, cause, and domain (DEC-011) (159.606873ms)
✔ decide in a domain with a reversal is refused without --history, naming the reversal; with it, the record carries History (DEC-012) (159.380166ms)
✔ decide in a domain with no reversals needs no --history (112.58738ms)
✔ a record resting on prose alone is in the domain unspecified, and so is the next one (101.831226ms)
✔ step 1: an in-progress record is reconciled before anything else (82.272832ms)
✔ step 2: an open escalation is presented and nothing else happens (75.856616ms)
✔ an answered escalation is not open (467.234736ms)
✔ step 3: a decision with no realized-by is built, first by name (76.613515ms)
✔ a superseded decision with no realized-by is not work (120.544053ms)
✔ step 6: a mechanism that has never run is run, not implemented (133.289107ms)
✔ step 6: a requirement whose mechanism fails is implemented (472.232937ms)
✔ step 6 before step 7: failing evidence outranks a missing mechanism (347.247093ms)
✔ step 7: a requirement with no mechanism is declared (85.567256ms)
✔ step 10: every requirement current and passing, review clean, is Done (317.704654ms)
✔ malformed roadmap is Resolvable, not fatal (57.296772ms)
✔ a commitment naming no requirements is Resolvable (58.175337ms)
✔ the primary test: two wakes on the same checkout give the same action (82.696097ms)
✔ outside a cairn repository wake cannot run (35.964019ms)
✔ the loop never waits on the review queue (DEC-015) (302.969573ms)
✔ the linked walkthrough runs from agreement through the next commitment (PKG-016) (1235.497287ms)
ℹ tests 384
ℹ suites 0
ℹ pass 384
ℹ fail 0
ℹ cancelled 0
ℹ skipped 0
ℹ todo 0
ℹ duration_ms 20646.305341
