✔ a Draft block overrides an Agreed file for both wake and check (SPEC-018) (249.093774ms)
✔ an Agreed block overrides a Draft file in the kernel and lint (SPEC-018, SPEC-002) (757.036927ms)
✔ a block Status does not become the file default, including inside examples (SPEC-018) (473.270432ms)
✔ block status without a value does not inherit Agreed by accident (SPEC-018) (105.892643ms)
✔ inheritance needs a file Scope and includes only Agreed blocks, regardless of prefix (PKG-015) (2222.685169ms)
✔ Scope inside a requirement or fenced example does not declare inheritance (PKG-015) (1042.785532ms)
✔ a falsifier wrapped onto a line beginning with Status: does not become the block's status (SPEC-018) (1.168123ms)
✔ LOOP-063: reject input mutation during a check and retain diagnostics (443.47731ms)
✔ LOOP-063: reject deletion mutation during a check and retain diagnostics (466.902509ms)
✔ LOOP-063: reject addition mutation during a check and retain diagnostics (506.187678ms)
✔ LOOP-063: reject mode mutation during a check and retain diagnostics (496.74225ms)
✔ LOOP-063: reject specification mutation during a check and retain diagnostics (541.102982ms)
✔ LOOP-063: reject declaration mutation during a check and retain diagnostics (560.905213ms)
✔ LOOP-063: reject commit mutation during a check and retain diagnostics (496.530358ms)
✔ LOOP-063: committed input mutation during execution cannot certify the replacement (489.022005ms)
✔ LOOP-064: removing executable permission makes passing evidence stale (692.540592ms)
✔ LOOP-064: a mode-only change also invalidates the previous review after new evidence (945.955076ms)
✔ LOOP-064: changing a regular file into a link with identical identity bytes is stale (1025.631075ms)
✔ LOOP-063: an unchanged candidate still records a pass despite unrelated working-tree edits (247.94071ms)
✔ LOOP-064: current and historical input ordering agrees for Unicode filenames (335.371833ms)
✔ LOOP-063: Git status hiding content changes cannot certify an uncommitted candidate (133.718229ms)
✔ LOOP-066: one check owns execution with a kernel action record (570.176414ms)
✔ LOOP-066: one check owns execution with an agent action record (561.697634ms)
✔ LOOP-066: a live lock is named and never silently overwritten (171.308599ms)
✔ LOOP-066: a dead lock is named and never silently overwritten (209.154433ms)
✔ LOOP-066: a incomplete lock is named and never silently overwritten (166.981732ms)
✔ LOOP-066: an execution error releases the check lock for a corrected rerun (560.063891ms)
✔ LOOP-066: a live kernel action from an older Cairn also blocks execution (119.574614ms)
✔ LOOP-066: separate Git worktrees can run checks independently (701.72424ms)
✔ after a green check --stale runs nothing; after one input changes it runs only that mechanism (LOOP-094) (1215.942662ms)
✔ a mechanism speaking for two stale requirements runs once and refreshes both (LOOP-094, LOOP-040) (837.769641ms)
✔ a fresh failure and an unverified result are skipped with implement named (LOOP-094) (911.726594ms)
✔ --stale with a requirement identifier is refused (LOOP-094) (100.608475ms)
✔ check refuses a dirty declared input and names it; a dirty undeclared file does not block (LOOP-030) (537.939795ms)
✔ check writes one receipt per run carrying the full record and a result line per requirement (LOOP-097) (378.167115ms)
✔ a nonzero exit records fail, and the receipt keeps the exit code (LOOP-034) (439.919042ms)
✔ a pass after a fail keeps the failing record; nothing is overwritten or deleted (LOOP-025) (872.371196ms)
✔ a commit changing a declared input makes evidence stale; an undeclared one does not (LOOP-007) (995.84884ms)
✔ a regression is named before a requirement that never passed (LOOP-031) (1367.497981ms)
✔ three attempts with no escalation since: wake says escalate, not a fourth (DEC-016, DEC-017, DEC-018) (2572.564497ms)
✔ the review gate: no review, stale review, open finding, then Done (LOOP-020, LOOP-033) (977.77509ms)
✔ Done is refused while any requirement lacks current passing evidence (LOOP-017) (76.751423ms)
✔ check names a requested requirement that no mechanism claims (85.845003ms)
✔ check writes the in-progress record before the run and clears it after (LOOP-021) (184.298029ms)
✔ a linked declared input digests the same at a commit and in the tree (LOOP-023, LOOP-024) (346.211905ms)
✔ a result line is the mechanism's statement about one requirement; what it did not mention is unverified (LOOP-037, LOOP-052) (184.088067ms)
✔ a mechanism that says nothing is read by its exit code for every requirement (LOOP-039) (187.401526ms)
✔ unverified is not an attempt, and a return to an earlier failed digest counts once (DEC-017, DEC-018) (1611.441151ms)
✔ a result line for a requirement the mechanism does not speak for is named and writes nothing (LOOP-038) (188.125125ms)
✔ a result line inside ordinary output, or without the marker, does not count (188.431433ms)
✔ a targeted check runs the named requirements' mechanisms and records every requirement they speak for (LOOP-040) (184.239411ms)
✔ two result lines for one requirement: a fail on any line wins (172.857844ms)
✔ three runs at one digest with no attempt since: the verdict stays implement and names DEC-019; an escalation naming it among others clears the hint (DEC-019, LOOP-053) (891.791072ms)
✔ a receipt names its commit in full, and an older receipt with the short form is still read (LOOP-136) (257.279705ms)
✔ a complete commitment with an unpromoted backlog item names promote, and a stamped item lets it reach Done (LOOP-087) (1149.944866ms)
✔ an empty backlog with waiting next-iteration items is Done, with the count as information and no action on them (LOOP-091) (963.811579ms)
✔ a promotion marker must resolve to a decision record (LOOP-088) (345.368015ms)
✔ a commitment promoted from an item needs a decision record naming the item (LOOP-088) (374.199778ms)
✔ the spec lint reports a promotion marker with no decision record (LOOP-088) (120.885691ms)
✔ a promoted commitment that changes an Agreed requirement or the working agreement is an escalation; an unpromoted one is not (LOOP-089, LOOP-090) (2016.372334ms)
✔ a capture from one of the commitment's own requirements needs Outside because: or an escalation (LOOP-092) (1889.558952ms)
✔ a next-iteration item names what it would change, and the capture refuses one that does not (LOOP-093) (453.551122ms)
✔ a commitment specified from a next-iteration item needs the item stamped before anything else (SPEC-027) (524.701161ms)
✔ a by deference marker resolves to a decision record like a promotion marker (SPEC-002, LOOP-088) (184.240202ms)
✔ the LOOP-090 gate reads the Concerns line, not the slug as a substring (LOOP-114) (519.194459ms)
✔ the LOOP-088 check reads the Promotes line, and decide --promotes writes it (LOOP-115) (210.771014ms)
✔ the activation commit of a promoted commitment is inside the LOOP-089 comparison (LOOP-116) (126.028138ms)
✔ the LOOP-090 route needs one escalation: its Concerns line covers the moved item too (LOOP-119, LOOP-092, LOOP-114) (619.241078ms)
✔ an escalation raised before the promoted commitment began does not silence the LOOP-090 gate (LOOP-114) (322.710684ms)
✔ an escalation raised before the commitment began does not silence the capture gate (LOOP-119) (285.71689ms)
✔ the activation commit is inside the scope footprint (LOOP-120) (105.973826ms)
✔ a requirement Agreed at activation that is demoted or removed is a contract change (LOOP-121) (575.748908ms)
✔ the include files are the root files that hold @AGENTS.md: exempt from the footprint, compared by the gate (LOOP-122) (1021.145939ms)
✔ a superseded promotion no longer satisfies the LOOP-088 check, and the repair says the promotion was reversed (LOOP-123) (429.605357ms)
✔ the restore route measures from the tree before activation, so a path the activation commit added must go (LOOP-120, LOOP-035) (185.436151ms)
✔ the loop works against exactly one commitment: the current one (LOOP-019) (361.070511ms)
✔ a promotion recorded below Consequential is a repair naming the level, since the developer never sees it in the queue (LOOP-088) (60.555885ms)
✔ every requirement the node-test declaration speaks for is named in a test title (PKG-025) (3.311857ms)
✔ every repository path the tests read is a declared input of node-test (PKG-026) (0.997217ms)
✔ writes a record with every required field and an empty realized-by (DEC-001, DEC-005) (77.640806ms)
✔ a Consequential decision is queued for review (DEC-013) (105.746293ms)
✔ a Consequential decision is queued even when .cairn/queue does not exist yet (87.633493ms)
✔ Routine is refused: routine decisions produce no record (94.506207ms)
✔ a missing field is a usage error and nothing is written (92.391243ms)
✔ supersedes requires a classified cause, and the old record must exist (221.181628ms)
✔ an existing record is not overwritten (192.245759ms)
✔ a queued decision stays queued; nothing but the developer removes it (DEC-014) (239.987341ms)
✔ each accepted decider is stored lowercase, whatever case it was typed in (DEC-020) (626.238556ms)
✔ a decider outside the vocabulary is a usage error naming all three, and nothing is written (DEC-020) (603.118211ms)
✔ an empty --decided-by is the missing-field error, not the vocabulary one (95.855191ms)
✔ LOOP-006, LOOP-067: missing inputs names a declaration repair before execution (157.203129ms)
✔ LOOP-006, LOOP-067: empty inputs names a declaration repair before execution (164.199861ms)
✔ LOOP-006, LOOP-067: missing command names a declaration repair before execution (203.010352ms)
✔ LOOP-006, LOOP-067: list command names a declaration repair before execution (173.677133ms)
✔ LOOP-006, LOOP-067: empty command names a declaration repair before execution (180.917626ms)
✔ LOOP-006, LOOP-067: missing requirements names a declaration repair before execution (178.746561ms)
✔ LOOP-006, LOOP-067: bad identifier names a declaration repair before execution (207.353101ms)
✔ LOOP-067: scalar one-item lists retain their existing meaning (394.894072ms)
✔ LOOP-068: a unpopulated gitlink is refused by name (196.855536ms)
✔ LOOP-068: a populated gitlink is refused by name (257.148334ms)
✔ LOOP-069: identical selections across 100 mechanisms use at most 20 Git processes (203.853902ms)
✔ escalate writes the six-line format followed by its facts, and wake presents it (LOOP-010, LOOP-026) (184.703888ms)
✔ a missing or multi-line field is refused with the field named, and nothing is written (LOOP-012) (183.608747ms)
✔ a Blocking escalation that fails the format is written anyway, naming the malformed field (LOOP-013) (186.468409ms)
✔ the loop stops for the developer only at Blocking: a recorded decision below it never yields Escalate, and the Blocking bypass must be spelled exactly (DEC-002) (361.209538ms)
✔ a second escalation while one is open is refused (LOOP-011) (172.825052ms)
✔ answer records the reply; wake no longer presents it; a second answer is refused (321.913784ms)
✔ answer to an unknown escalation is refused (104.219667ms)
✔ a stranger resumes from the file alone: question and answer are both in it (LOOP-014) (152.54036ms)
✔ a developer-shaped answer during the agent's turn is refused and writes nothing; the explanation is still accepted (LOOP-135) (799.128958ms)
✔ after an answer, the same concern can be escalated again under a new name (234.323016ms)
✔ an escalation exists when its file does, committed or not (LOOP-009) (111.42005ms)
✔ developer answers require one of the three forms and cannot inject fields (LOOP-048) (728.163341ms)
✔ ask, agent explanation, another ask, and ok stay ordered in one file (LOOP-049, LOOP-050, LOOP-014) (1007.470927ms)
✔ fresh closed answers accompany only concerned requirements until new evidence (LOOP-051) (874.439136ms)
✔ a raised escalation carries no derivable status line, and an old record with one still parses (LOOP-028) (184.717661ms)
✔ LOOP-065: delete of output refuses Done and a new run recovers (1363.854703ms)
✔ LOOP-065: corrupt of output refuses Done and a new run recovers (1487.00501ms)
✔ LOOP-065: delete of stderr_output refuses Done and a new run recovers (1448.860892ms)
✔ LOOP-065: corrupt of stderr_output refuses Done and a new run recovers (1077.309871ms)
✔ LOOP-065: a receipt without output needs a new check (558.060971ms)
✔ LOOP-065: a receipt without output_digest needs a new check (578.059423ms)
✔ LOOP-065: a receipt without stderr_output needs a new check (499.442829ms)
✔ LOOP-065: a receipt without stderr_digest needs a new check (432.464466ms)
✔ LOOP-065: legacy unverifiable output is rerun without rewriting history (698.789358ms)
✔ a fresh record names the kernel that wrote it (LOOP-023) (277.256639ms)
✔ LOOP-095: a record from another kernel is stale with the kernel named, and a new check restores Done (679.54644ms)
✔ LOOP-095: a record from no kernel is stale with the kernel named, and a new check restores Done (699.720892ms)
✔ LOOP-070: a later failure is latest even when the clock moves backward (1220.072401ms)
✔ LOOP-070: receipt collisions at one clock instant retain execution order beyond nine suffixes (4466.017308ms)
✔ LOOP-070: imported branch receipts stale a later sequence until a new check incorporates them (1354.333418ms)
✔ LOOP-070, LOOP-098: legacy receipts need one ordered check, remain byte-for-byte unchanged, and precede the run receipt in the history (547.082736ms)
✔ LOOP-070: edit of a prior receipt requires fresh evidence (465.579865ms)
✔ LOOP-070: remove of a prior receipt requires fresh evidence (455.013493ms)
✔ LOOP-075: supporting evidence file README.md does not become a receipt (465.563587ms)
✔ LOOP-075: supporting evidence file notes.txt does not become a receipt (481.563253ms)
✔ LOOP-075: supporting evidence file support does not become a receipt (506.791506ms)
✔ LOOP-075: supporting evidence file .DS_Store does not become a receipt (479.834367ms)
✔ LOOP-075: a malformed result line (result=success) names a repair before execution (339.351064ms)
✔ LOOP-075: a malformed result line (sequence=NaN) names a repair before execution (345.88082ms)
✔ LOOP-075: a malformed result line (sequence=9007199254740992) names a repair before execution (351.285986ms)
✔ LOOP-075: a malformed result line (history_digest=wrong) names a repair before execution (333.270764ms)
✔ LOOP-075: a malformed result line (tokens) names a repair before execution (343.728328ms)
✔ LOOP-075: a receipt-shaped directory is a named repair instead of an EISDIR crash (260.32837ms)
✔ LOOP-070: an earlier escalation cannot cover three new attempts after clock rollback (949.462602ms)
✔ LOOP-070: an answer becomes old after a later check even if that check's timestamp is earlier (591.690003ms)
✔ LOOP-070: the newest answer wins between checks even when its clock timestamp is older (389.338315ms)
✔ LOOP-070: legacy escalation dates cover old receipts but not three newer sequenced runs (1305.160259ms)
✔ a PKG requirement the commitment does not name is declared, run, and gates Done (PKG-011) (2231.684321ms)
✔ a PKG requirement in a Draft spec is not folded in (590.76979ms)
✔ LOOP-076, LOOP-079: stale inputs identify the receipt and the check to run (783.623949ms)
✔ LOOP-077: names a content change using checked input identity (796.629744ms)
✔ LOOP-077: names a mode change using checked input identity (754.826919ms)
✔ LOOP-077: names a kind change using checked input identity (871.174823ms)
✔ LOOP-077: names a added change using checked input identity (819.865842ms)
✔ LOOP-077: names a removed change using checked input identity (725.911623ms)
✔ LOOP-077: names a link-target change using checked input identity (921.233504ms)
✔ LOOP-077: changed selection compares the old and new input sets (569.496283ms)
✔ LOOP-077: raw CRLF changes remain visible when Git-clean content agrees (549.158635ms)
✔ LOOP-077: detail output is sorted, bounded, and reports the omitted count (486.618791ms)
✔ LOOP-077: filenames cannot inject lines or terminal controls into explanations (419.725204ms)
✔ LOOP-077: receipts from one run share details and do not store source contents (299.787925ms)
✔ LOOP-078, LOOP-080: legacy optional detail limits explanation without changing standing (471.105548ms)
✔ LOOP-078, LOOP-080: invalid-field optional detail limits explanation without changing standing (441.54685ms)
✔ LOOP-078, LOOP-080: missing optional detail limits explanation without changing standing (501.707677ms)
✔ LOOP-078, LOOP-080: invalid-json optional detail limits explanation without changing standing (488.848742ms)
✔ LOOP-078, LOOP-080: mismatched optional detail limits explanation without changing standing (488.632709ms)
✔ LOOP-078, LOOP-080: duplicate optional detail limits explanation without changing standing (460.201502ms)
✔ LOOP-078, LOOP-080: unsafe-path optional detail limits explanation without changing standing (481.85481ms)
✔ LOOP-078, LOOP-080: directory optional detail limits explanation without changing standing (449.527786ms)
✔ LOOP-078, LOOP-080: symlink optional detail limits explanation without changing standing (421.260805ms)
✔ LOOP-078: unavailable old requirement text is not claimed as a proven change (352.41337ms)
✔ LOOP-076, LOOP-079: changed requirements identify evidence and retain review-before-check guidance (384.066679ms)
✔ LOOP-078: simultaneous input and output damage keep both reasons (380.257213ms)
✔ LOOP-080: deterministic freshness sequence seed=7 (9949.284073ms)
✔ LOOP-080: deterministic freshness sequence seed=42 (5848.824829ms)
✔ LOOP-080: deterministic freshness sequence seed=913 (6781.986348ms)
✔ LOOP-080: agreement changes, mechanism review, checks, and completion review retain priority (1687.112103ms)
✔ LOOP-080: imported receipt history demands a rerun without a false input explanation (1665.130916ms)
✔ LOOP-073: clean CRLF input completes under attributes (614.44518ms)
✔ LOOP-073: clean CRLF input completes under autocrlf (609.499789ms)
✔ LOOP-073: raw line-ending mutation during a run is rejected even when Git still sees the same content (315.657453ms)
✔ LOOP-073: execution evidence changes when clean conversion preserves committed identity (1221.64884ms)
✔ LOOP-073: Git clean filters use Git's conversion while retaining raw evidence identity (709.748094ms)
✔ LOOP-073: failure of a required Git filter cannot record evidence (171.990701ms)
✔ LOOP-073: a clean filter moving HEAD during ending validation prevents evidence (521.266323ms)
✔ LOOP-073: canonical Git identities handle links without reading their targets (540.75717ms)
✔ LOOP-073: Git conversion keeps raw Unicode and control-character input paths (487.846594ms)
✔ LOOP-073: conversion and links work in a SHA-256 Git repository (484.556018ms)
✔ LOOP-074: historical specification filename "café.md" remains reviewable (462.867292ms)
✔ LOOP-074: historical specification filename "spec\ttab.md" remains reviewable (482.286426ms)
✔ LOOP-074: historical specification filename "spec\nline.md" remains reviewable (406.781795ms)
✔ help works outside a repository without running a command (PKG-017) (1155.580391ms)
✔ help does not hide invalid options or consume literal arguments (265.792981ms)
✔ help lists the lint command (PKG-017) (66.134123ms)
✔ a working directory that no longer exists is named as the failure, and git is not blamed (PKG-041, PKG-022) (229.841856ms)
✔ the stop hook refuses a stop while wake says Resolvable, with the verdict as the reason (PKG-018) (206.441846ms)
✔ the stop hook allows a stop at Done, at Escalate, and outside a Cairn repository (PKG-018) (1166.080025ms)
✔ the session-start hook links the command once and prints the verdict in a Cairn repository (PKG-019, PKG-014, PKG-005) (490.805016ms)
✔ the session-start hook prints no verdict outside a Cairn repository and leaves an existing link that resolves alone (PKG-019) (83.286252ms)
✔ a checkout under a path with a space links a command that resolves, and its stop hook still blocks (PKG-019, PKG-021) (421.593862ms)
✔ the hooks run the kernel the command link resolves to, so hook and agent share one referee (PKG-021) (1236.298983ms)
✔ a dangling link is replaced and reported (PKG-019) (222.404525ms)
✔ errors exit 0 with one line on standard error and no stack trace (PKG-022) (237.598528ms)
✔ the hooks judge with the cairn on PATH, a wrapper included, and session-start names it (PKG-033) (1141.650115ms)
✔ a link to a wrapper or file is kept; a dangling link or one to a directory is replaced (PKG-034) (464.651837ms)
✔ a project below the Git toplevel gets the verdict and the stop refusal (PKG-035) (334.757183ms)
✔ a kernel that prints no verdict is one stderr line: the stop is allowed and session-start prints no trace (PKG-036) (186.630677ms)
✔ a link that cannot be created is one stderr line, and the verdict still prints (PKG-019, PKG-022) (146.583497ms)
✔ with git absent the hooks say so in one line and block nothing (PKG-022) (92.307395ms)
✔ cairn lint runs the checker over docs/spec by default and over a named directory (PKG-028) (254.829123ms)
✔ cairn lint names a missing directory in one line, takes one argument, and reports a bad root (PKG-028) (246.580905ms)
✔ three megabytes are retained exactly once with matching digests (LOOP-041, LOOP-042) (434.819528ms)
✔ split stdout result lines survive a long non-result line; stderr is never a verdict (416.239658ms)
✔ signal termination is recorded and logs survive a clone (LOOP-043) (457.103511ms)
✔ working agreements and ignore changes are Cairn records inside the footprint (470.458493ms)
✔ a clean package passes (128.498579ms)
✔ PKG-001: a dependency, or a service manifest (215.786296ms)
✔ PKG-002: ignoring evidence or other durable state, by directory or by extension (196.842904ms)
✔ PKG-003: a command, a directory, or a record kind no decision names (285.956109ms)
✔ PKG-004: a kernel over 1600 lines, counting every file under bin/ as wc -l does; exactly 1600 passes (430.591611ms)
✔ PKG-006: a skill step naming a vendor's product, in either order, across a wrapped list item (PKG-027) (383.265443ms)
✔ PKG-008: a non-ASCII character in a tracked text file (109.585984ms)
✔ PKG-009: the kernel importing from tests (100.365503ms)
✔ PKG-012: a network call or a model vendor in the kernel (282.000711ms)
✔ PKG-013: deferral language, but not in code, quotes, or a rule (773.520489ms)
✔ a tracked path deleted from the working tree is skipped, not a crash (131.85516ms)
✔ a sentence in a Formats section is not a record kind (96.722137ms)
✔ a record kind named by its path alone is checked (95.268572ms)
✔ PKG-002: a tracked in-progress record (84.691759ms)
✔ PKG-002: ignoring evidence alone is a finding (86.558581ms)
✔ PKG-003 reads the kernel's commands from its help output (PKG-023) (140.363753ms)
✔ the ASCII scan covers shipped files, not records under .cairn/ (PKG-024) (93.753429ms)
✔ a vendor-naming step wrapped across lines is matched (PKG-006, PKG-027) (104.223161ms)
✔ PKG-013 scans the README, the manual, and the walkthrough (PKG-032) (306.544758ms)
✔ the manifests, the listing and package.json agree on the name and version, and name paths the repository holds (PKG-037) (2.41406ms)
✔ the hooks file registers session-start and stop against the plugin's own hook.mjs through the plugin root variable (PKG-038) (0.266677ms)
✔ a Muse hook entry whose shared hook is missing prints one line and exits 0 (PKG-041, PKG-022) (116.091452ms)
✔ the registered commands print the verdict at session start, link the command into the plugin, and refuse a stop while wake says Resolvable (PKG-038, PKG-021) (385.318486ms)
✔ LOOP-071: decision body metadata does not resolve unbuilt work: "Superseded by: example" (782.750557ms)
✔ LOOP-071: decision body metadata does not resolve unbuilt work: "```text\nSuperseded by: example\n```" (767.844804ms)
✔ LOOP-071: decision body metadata does not resolve unbuilt work: "~~~text\nSuperseded by: example\n~~~" (717.202269ms)
✔ LOOP-071: a fenced realization example is not a resolving commit (865.598738ms)
✔ LOOP-071: a fenced commit inside the realization section is not built (776.477008ms)
✔ LOOP-071: ## Example cannot replace an open review finding (725.568915ms)
✔ LOOP-071: # Example cannot replace an open review finding (616.827132ms)
✔ LOOP-071: ### Example cannot replace an open review finding (607.077053ms)
✔ LOOP-071:   ## Example cannot replace an open review finding (591.924926ms)
✔ LOOP-071: Example paragraph. cannot replace an open review finding (520.771076ms)
✔ LOOP-071: Example
------- cannot replace an open review finding (444.752061ms)
✔ LOOP-071: fenced fields before a real review header are ignored (409.157877ms)
✔ LOOP-071: multiline decision --title cannot inject metadata (333.749616ms)
✔ LOOP-071: multiline decision --decided-by cannot inject metadata (317.265879ms)
✔ LOOP-071: multiline decision --rests-on cannot inject metadata (314.030229ms)
✔ LOOP-071: multiline decision --wrong-if cannot inject metadata (313.64315ms)
✔ LOOP-071: multiline decision --history cannot inject metadata (331.400505ms)
✔ LOOP-072: malformed Blocking concerns stay open: "R-001\nAnswer: ok" (97.086544ms)
✔ LOOP-072: malformed Blocking concerns stay open: "R-001\r\nAnswer: ok" (86.997758ms)
✔ LOOP-072: malformed Blocking concerns stay open: "R-001\rAnswer: ok" (99.834501ms)
✔ LOOP-072: malformed Blocking concerns stay open: "R-001 Answer: ok" (86.776261ms)
✔ LOOP-072: malformed Blocking concerns stay open: "R-001 Answer: ok" (93.623008ms)
✔ LOOP-072: ordinary malformed concerns are refused: "R-001\nR-002" (53.394722ms)
✔ LOOP-072: ordinary malformed concerns are refused: "R-001, prose" (51.725602ms)
✔ LOOP-072: ordinary malformed concerns are refused: " " (49.425038ms)
✔ LOOP-072: a Blocking escalation without concerns is still presented (74.384876ms)
✔ LOOP-072: carriage returns in a Blocking question do not create answer records (92.46088ms)
✔ LOOP-072: explanation separator 8232 cannot close an escalation (159.200044ms)
✔ LOOP-071: decision metadata refuses separator 8232 (320.528517ms)
✔ LOOP-072: explanation separator 8233 cannot close an escalation (144.0223ms)
✔ LOOP-071: decision metadata refuses separator 8233 (301.547663ms)
✔ Concerns, Rests on, and Promoted from written as lists read as the flat form (LOOP-124) (749.317556ms)
✔ an item named by filename, path, or backticked slug resolves like the slug (LOOP-125) (695.471415ms)
✔ an input that covers Cairn's own output is named as the repair, before and after a check (LOOP-126, LOOP-105) (786.237587ms)
✔ an unreadable record directory is a repair, not an error exit (LOOP-127) (118.854ms)
✔ a title that slugifies to nothing is refused (LOOP-128) (142.267673ms)
✔ examined: [] is an empty list (LOOP-129, LOOP-108) (595.873436ms)
✔ below the Git toplevel the restore check compares root-relative paths (LOOP-130, LOOP-035) (420.407314ms)
✔ below the Git toplevel an uncommitted declared input is named from the project root (LOOP-132, LOOP-030) (299.215715ms)
✔ a value on the key line followed by list items is the first item, never dropped (LOOP-133) (758.909695ms)
✔ the footprint's walk reads Current: as the wake does: a fenced example below the real line, or a second line in history, never moves the start (LOOP-134, LOOP-035) (345.030451ms)
✔ an input spelled .. from a project below the Git toplevel covers the evidence directory (LOOP-126, LOOP-105) (103.395187ms)
✔ a Consequential record this commitment added needs its queue entry committed (LOOP-131, DEC-004) (587.313778ms)
✔ a mechanism that removes the check lock still gets its evidence, with no repair for the lock (LOOP-107) (279.765643ms)
✔ a staged rename reads as its two paths, never as a bare origin token (LOOP-030, LOOP-110) (126.703607ms)
✔ a Current: line inside a fenced example is neither a second Current: line nor the commitment, before or after the real line (LOOP-104) (269.7928ms)
✔ a Status: word is taken only from a line that carries one, never from wrapped prose after it (SPEC-018) (0.867668ms)
✔ the placeholder left above a resolving entry is a repair naming the file (DEC-021) (280.10765ms)
✔ the placeholder alone is a decision recorded and not yet built, unchanged (DEC-007) (82.919624ms)
✔ resolving entries with no placeholder are unchanged (DEC-006) (143.007129ms)
✔ a shallow clone that cannot resolve its entries is still told to fetch, not to edit (LOOP-113 keeps precedence) (140.081758ms)
✔ the placeholder quoted in a fenced example does not make a built record a repair (DEC-021) (118.321285ms)
✔ supersede takes the same decider vocabulary as decide (DEC-020) (99.526454ms)
✔ a superseded record is held to the same line: its placeholder above a resolving entry is a repair (DEC-021, DEC-010) (180.273692ms)
✔ realize() touches only the Realized by section; a body that quotes the placeholder keeps it (116.690035ms)
✔ an unmatched input is refused before execution (LOOP-044) (184.098794ms)
✔ an indexed input deleted on disk asks for a commit (LOOP-045) (178.465115ms)
✔ wake and check require a Git working tree (LOOP-046) (170.268444ms)
✔ recovery removes only dead kernel run records and identifies a live owner (LOOP-054, LOOP-055) (382.303476ms)
✔ an agent action based behind a clean HEAD appears committed (LOOP-027) (230.003311ms)
✔ realization needs a real commit and a subject (DEC-006) (368.871776ms)
✔ 1500 binary inputs digest identically at the review commit in under a second (LOOP-024) (1627.992359ms)
✔ merged work is excluded but a later own commit is a breach (LOOP-047) (342.744473ms)
✔ exact Current tenure ignores prefix matches and earlier visits to the same slug (LOOP-035) (385.684545ms)
✔ a kernel run records its supervising PID (LOOP-054) (389.561134ms)
✔ a merged declared input still stales evidence (LOOP-047) (535.161351ms)
✔ wildcard and magic pathspecs select the same historical inputs (LOOP-024, LOOP-032) (2539.578379ms)
✔ historical selection retains deleted files and excludes new ones (LOOP-024, LOOP-035) (1208.161798ms)
✔ cairn --version prints the package.json version outside a repository, and help lists it (PKG-039) (200.990071ms)
✔ a release is one commit setting one version in the five files, with the changelog entry, tagged v<version> (PKG-040) (1207.319095ms)
✔ the release script refuses a bad version, no increase, a dirty tree, a missing entry, a taken tag, a disagreeing file, and a loop not at Done, each in one line with nothing written (PKG-040) (2851.758183ms)
✔ a version file written as compact JSON is released, and nothing else in any version file changes (PKG-042) (1372.205209ms)
✔ explicit reporting with no lines and exit 0 establishes no requirement verdicts (LOOP-061) (459.853022ms)
✔ explicit reporting with no lines and exit 1 establishes no requirement verdicts (LOOP-061) (480.250504ms)
✔ a reporter that cannot start keeps execution diagnostics without blaming requirements (LOOP-062) (344.021976ms)
✔ large output cannot kill a reporter or invent a requirement verdict (401.359772ms)
✔ explicit mode ignores cairn: R-999: pass (440.616958ms)
✔ explicit mode ignores cairn: R-001: unverified (496.035511ms)
✔ explicit mode ignores cairn: R-001: passed (433.802711ms)
✔ explicit results survive nonzero exit and contradictory duplicates still fail (713.902084ms)
✔ unverified results across changed inputs never become failed attempts (1716.165973ms)
✔ legacy exit 0 retains its interpretation (255.705617ms)
✔ legacy exit 1 retains its interpretation (280.123123ms)
✔ a misspelled reporting mode is refused before execution (141.291364ms)
✔ changed requirement blocks unchecked reruns and makes the completion review stale (LOOP-058, LOOP-059) (2244.516567ms)
✔ falsifier changes need review; separate rationale and other requirements do not change a receipt (1598.89272ms)
✔ legacy receipts recover requirement identity from their commit; unavailable history requires review (1160.501232ms)
✔ check refuses uncommitted requirement text and mechanism review markers (913.894588ms)
✔ tightened response limit cannot reuse the old passing check (1565.09075ms)
✔ a declared input over 1 MiB agrees at a commit and in the tree (LOOP-060) (442.485007ms)
✔ a failed Git blob read cannot be hashed as an empty blob (339.706515ms)
✔ Git listings over 1 MiB include the last declared input (2257.866734ms)
✔ requirement identity excludes fenced examples and status dates (474.542998ms)
✔ DemonCoder REM-002 and Status in progress cannot silently satisfy the review gate (LOOP-086) (901.409232ms)
✔ valid open findings retain their behavior (657.079248ms)
✔ valid resolved findings retain their behavior (705.808012ms)
✔ valid empty findings retain their behavior (672.326541ms)
✔ valid mixed valid findings retain their behavior (632.000142ms)
✔ malformed finding "open:" requires repair (544.922829ms)
✔ malformed finding "resolved:   " requires repair (505.896836ms)
✔ malformed finding "Open: incorrect case" requires repair (426.254842ms)
✔ malformed finding "unknown: issue" requires repair (475.795102ms)
✔ malformed finding "\u001b[31mBAD: issue" requires repair (417.68116ms)
✔ the established explicit empty findings list remains valid (484.103728ms)
✔ a scalar findings value requires the supported list format (376.46579ms)
✔ a Requirements: line written as a list is read like the flat form (LOOP-102) (144.643743ms)
✔ a subdirectory or a README in a record directory changes nothing (LOOP-103) (618.367581ms)
✔ two Current: lines are a roadmap repair (LOOP-104) (84.906517ms)
✔ a repeated identifier, an input under the evidence directory, and a missing cwd are refused by name (LOOP-105) (536.357977ms)
✔ a requirement whose evidence outlives its mechanism is named declare, not a regression or an escalation (LOOP-106) (1601.126887ms)
✔ an unreadable record is a repair, not an error exit (LOOP-107) (136.748494ms)
✔ a review needs commit, a nonempty examined list, and a findings list, each named when missing (LOOP-108) (1228.731829ms)
✔ a decision record missing a header field or naming a missing predecessor is a repair (LOOP-109) (366.987028ms)
✔ a dirty declared input with no in-progress record is named record ahead of run (LOOP-022, LOOP-110) (297.888193ms)
✔ with core.filemode false the index mode is the identity, so a mode-only difference does not refuse the check (LOOP-111) (318.438268ms)
✔ a project below the Git toplevel can run check (LOOP-112) (296.134001ms)
✔ a shallow clone names history to fetch, not a decision to build (LOOP-113) (197.402129ms)
✔ record-writing commands refuse to run outside a Cairn repository and write nothing (LOOP-118) (251.062429ms)
✔ a git that cannot start is one line and exit 3 from wake and from check, with nothing recorded (LOOP-137) (124.456697ms)
✔ empty footprint names declaration before scope and records no evidence (LOOP-081) (774.597439ms)
✔ first declaration still checks the full earlier history (LOOP-081) (458.868733ms)
✔ an empty current footprint does not block an explicitly requested existing mechanism (LOOP-081) (424.466157ms)
✔ an inherited mechanism provides a footprint even before local mechanisms exist (323.386593ms)
✔ scope reports every path, escapes line breaks, and gives identical remedies (LOOP-082) (271.36378ms)
✔ scope verdict reuses the answered-escalation annotation (LOOP-048, LOOP-051, LOOP-083) (780.145095ms)
✔ a committed scope acknowledgment lets restored history proceed (LOOP-083) (1133.22064ms)
✔ scope acknowledgment must be committed before it can clear a breach (817.092433ms)
✔ ordinary ok does not acknowledge scope history (353.355605ms)
✔ scope escalation refuses unrestored paths and names the restoration remedy (319.619417ms)
✔ an invalid scope request still records an explicitly Blocking decision (175.475661ms)
✔ ask and explanation stay open; only the final committed ok acknowledges scope (862.444297ms)
✔ instead is visible but does not silently authorize a scope exception (415.002743ms)
✔ later changes to an acknowledged path still block, including later reverts (1146.067409ms)
✔ approval cannot hide another path changed after the snapshot (374.401074ms)
✔ acknowledged history remains conditional on the paths staying restored (554.088378ms)
✔ editing the scope snapshot after answer invalidates its acknowledgment (289.939643ms)
✔ malformed scope metadata cannot suppress a breach (1452.12138ms)
✔ damaged acknowledgment fields cannot suppress a breach (570.867045ms)
✔ scope path matching is literal, including wildcard filenames and control characters (502.116156ms)
✔ scope acknowledgment does not carry into another activation of the same slug (310.927775ms)
✔ restoration checks additions, deletions, executable modes, and symlink kinds (1447.372243ms)
✔ explicit committed retention keeps correct work and requires new evidence and review (LOOP-084, LOOP-085) (2721.20294ms)
✔ a missing declaration covers correct earlier work without retention or revert (769.718272ms)
✔ keep requires scope and an unchanged committed candidate (210.745416ms)
✔ uncommitted retention and instead answers cannot clear the incident (1460.623875ms)
✔ retention does not grant future edits, even when reverted to the approved tree (1636.616853ms)
✔ retention cannot cover another path or another activation (629.409629ms)
✔ imported changes must still match the retained tree (581.38682ms)
✔ retention handles additions, deletions, modes, symlinks, and literal filenames (1920.409669ms)
✔ retention cannot convert an existing restoration answer or accept an unknown mode (399.587566ms)
✔ a check failure after retention remains a failure (671.614587ms)
✔ retained paths stay part of the stable checked candidate without extending its footprint (566.458747ms)
✔ retention ask needs an explanation and final committed approval (566.896512ms)
✔ an unknown scope mode remains invalid even with a matching approval digest (288.738818ms)
✔ backlog writes the item; a second with the same title is refused, never overwritten (LOOP-016) (139.080284ms)
✔ a commit inside the footprint: check runs; outside it: check names the path and does not run (LOOP-015, LOOP-035) (766.409757ms)
✔ Cairn's records are never a breach; another file under docs/ is (LOOP-117) (689.7854ms)
✔ declaring the path as an input clears the breach (385.639808ms)
✔ a revert preserves the record of an out-of-scope commit (LOOP-047) (428.108894ms)
✔ a commitment naming a requirement the spec set does not hold as Agreed is repaired (LOOP-029) (102.618831ms)
✔ a requirement in a Draft spec file is not Agreed (100.357287ms)
✔ working agreements and the ignore file are Cairn records (LOOP-035, LOOP-036) (626.042041ms)
✔ the over-asking rule is gone from both skills (SPEC-005, SPEC-006, SPEC-007) (3.802763ms)
✔ a decision during the phase is recorded (DEC-003) (0.814278ms)
✔ understanding is restated before writing (SPEC-003) (0.914076ms)
✔ falsifiers are proposed as one set and confirmed by exception (SPEC-004) (0.168014ms)
✔ depth is inferred and domains derived, never asked or imposed (SPEC-008, SPEC-009) (0.724714ms)
✔ a term enters the glossary at first occurrence (SPEC-010) (0.098389ms)
✔ the phase ends at the first commitment, and later ones are specified during the loop (SPEC-011, SPEC-012) (0.095595ms)
✔ a requirement goes Agreed only with a nameable mechanism (SPEC-013) (0.985664ms)
✔ review before agreement, recording what it attacked (SPEC-014, SPEC-015) (1.673958ms)
✔ no spec file without requirements; nothing Agreed without a falsifier (SPEC-001, SPEC-002) (0.188415ms)
✔ Observed is marked, and is not contract (SPEC-016, SPEC-017) (0.127718ms)
✔ the skills exclude artifacts outside Cairn's workflow (0.127548ms)
✔ the working agreement names the agent's move for each verdict and the write-ahead record (LOOP-036) (1.288239ms)
✔ the working agreement names the developer's moves (LOOP-036, DEC-014) (0.122728ms)
✔ this repository runs by the file it ships (1.233541ms)
✔ both skills write the working agreement without naming a vendor's file (LOOP-002, LOOP-036, PKG-006) (0.147008ms)
✔ the working agreement says what an attempt is (LOOP-036, DEC-017, DEC-018) (0.063827ms)
✔ the working agreement says a failure no footprint change can address is an escalation, and where an inherited requirement is repaired (DEC-019, LOOP-057) (0.68606ms)
✔ the working agreement states the promote, next-iteration, and no-deferral moves (LOOP-029, LOOP-087, LOOP-091, LOOP-092) (0.135453ms)
✔ both skills sort captures into the backlog or next-iteration and forbid deferral (LOOP-029, LOOP-092, LOOP-093) (0.065758ms)
✔ the skill requires a falsifier on every requirement, a MAY included (SPEC-025) (0.05767ms)
✔ the working agreement names the hooks as optional and the install skill registers them for two harnesses (PKG-006, PKG-018, PKG-019) (0.293546ms)
✔ the working agreement says the kernel is upgraded at Done, never inside a commitment (LOOP-096) (0.065088ms)
✔ the next-iteration skill starts from the specification and ends by naming the next commitment (SPEC-026, SPEC-027) (0.22445ms)
✔ every document that names the project skills names next-iteration beside them (SPEC-026, PKG-014) (2.254317ms)
✔ the working agreement states a move for every action the kernel can name (LOOP-101) (2.643793ms)
✔ the working agreement states both record formats and the two flags the moves need (LOOP-036) (0.182ms)
✔ the skills demonstrate a safe violating example and preserve recon findings (SPEC-022, SPEC-023) (0.068427ms)
✔ the specification skills run the checker through the cairn command (PKG-029) (0.296732ms)
✔ the README invokes the phase skills by name and states versions and platforms (PKG-030, PKG-031) (0.301495ms)
✔ the manual and the walkthrough say the loop promotes backlog items at Done (0.654641ms)
✔ a two-obligation sentence is named (PKG-007) (49.004446ms)
✔ an obligation with no actor is named (PKG-010) (46.604457ms)
✔ a leading condition clause is not the actor, and the actor after it counts (50.544317ms)
✔ an Agreed requirement with no falsifier is named (SPEC-002); a Draft one is not (139.899056ms)
✔ prose after a Draft requirement with no falsifier is not scanned as requirement text (54.814873ms)
✔ a spec declaring a prefix with no requirement is named (SPEC-001) (47.740373ms)
✔ a keyword in backticks or quotes is a mention, not an obligation (36.727392ms)
✔ duplicate identifiers are rejected within a file and across files (SPEC-020) (97.028814ms)
✔ references resolve across files; missing references name their source (SPEC-021) (124.305793ms)
✔ code examples and quoted mentions are neither definitions nor references (48.124866ms)
✔ machine-local paths are findings in prose, links, quotes, and examples (SPEC-019) (467.798288ms)
✔ relative paths, URLs, slash commands, and character mentions are not absolute path findings (71.968498ms)
✔ a slash after a placeholder continues the template (SPEC-019) (96.064591ms)
✔ a host path is a finding until the file declares it (SPEC-019, SPEC-024) (102.394064ms)
✔ declared host paths cover children with a slash boundary and stay file-local (167.938855ms)
✔ a host-path declaration inside a requirement or example grants no exception (185.332983ms)
✔ host-path declarations require absolute or home-relative entries (271.28981ms)
✔ an Agreed block whose only keyword is MAY needs a falsifier like any other (SPEC-025, SPEC-002) (131.894445ms)
✔ a regex literal is not a path, a drive path and a file URL are, and a skill's slash name is allowed (SPEC-028, SPEC-029) (105.170744ms)
✔ a backticked or quoted actor still counts as one (PKG-010) (35.724264ms)
✔ supersede writes both lines, and the old record keeps every word it had (DEC-008, DEC-010) (91.900405ms)
✔ supersede without a cause, or with one outside the four, is refused (DEC-009) (146.535112ms)
✔ supersede of a record that does not exist is refused (85.346761ms)
✔ a predecessor with no title line cannot be stamped, so nothing is written (94.466134ms)
✔ a --supersedes argument outside the slug alphabet is refused, and a path never reaches the filesystem (DEC-022) (342.175903ms)
✔ a record already superseded cannot be superseded again: one Superseded by line per record (DEC-022, DEC-010) (217.305705ms)
✔ reversals reports counts by decider, cause, and domain (DEC-011) (304.208325ms)
✔ decide in a domain with a reversal is refused without --history, naming the reversal; with it, the record carries History (DEC-012) (260.446285ms)
✔ decide in a domain with no reversals needs no --history (152.295587ms)
✔ a record resting on prose alone is in the domain unspecified, and so is the next one (166.950784ms)
✔ the decider tally normalizes case and whitespace, and names a value outside the vocabulary (DEC-020, DEC-011) (99.935423ms)
✔ a record with no Decided by line is tallied as unrecorded, not as a vocabulary value (84.082282ms)
✔ Decided by written as a list tallies like the flat form, and does not crash the report (LOOP-124, DEC-020) (100.326595ms)
✔ a second declaration for one requirement is accepted, a named check runs every mechanism, and Done needs each to pass (LOOP-056, LOOP-099) (2590.951071ms)
✔ one mechanism's stale evidence names that mechanism, and --stale runs only it (LOOP-056, LOOP-094) (929.875847ms)
✔ attempts are counted within one mechanism's records, so the other's passes do not reset them (LOOP-100, DEC-016) (1679.11104ms)
✔ step 1: an in-progress record is reconciled before anything else (118.365589ms)
✔ step 2: an open escalation is presented and nothing else happens (133.20616ms)
✔ an answered escalation is not open (606.020811ms)
✔ step 3: a decision with no realized-by is built, first by name (DEC-007) (139.278198ms)
✔ a superseded decision with no realized-by is not work (174.885946ms)
✔ step 6: a mechanism that has never run is run, not implemented (LOOP-008) (156.305227ms)
✔ step 6: a requirement whose mechanism fails is implemented (714.991552ms)
✔ step 6 before step 7: failing evidence outranks a missing mechanism (413.004937ms)
✔ step 7: a requirement with no mechanism is declared (LOOP-106) (105.359136ms)
✔ every verdict names who acts: Resolvable is the agent's, Done needs nobody, Escalate waits for the developer (LOOP-004) (629.274255ms)
✔ malformed roadmap is Resolvable, not fatal (LOOP-005) (76.059052ms)
✔ a commitment naming no requirements is Resolvable (LOOP-018) (61.800534ms)
✔ the primary test: two wakes on the same checkout give the same action, before and after a persisted transition (LOOP-001, LOOP-003) (629.864949ms)
✔ outside a cairn repository wake cannot run (49.589739ms)
✔ the loop never waits on the review queue (DEC-015) (372.159942ms)
✔ twenty built records cost one git call to resolve, not twenty (DEC-023) (191.577701ms)
✔ an ambiguous Realized by identifier is the repair that says lengthen it, not a build (LOOP-113, DEC-023) (190.129666ms)
✔ the linked walkthrough runs from agreement through the next commitment (PKG-016) (1792.285979ms)
ℹ tests 486
ℹ suites 0
ℹ pass 486
ℹ fail 0
ℹ cancelled 0
ℹ skipped 0
ℹ todo 0
ℹ duration_ms 26052.92235
