✔ a Draft block overrides an Agreed file for both wake and check (SPEC-018) (171.005078ms)
✔ an Agreed block overrides a Draft file in the kernel and lint (SPEC-018, SPEC-002) (625.919129ms)
✔ a block Status does not become the file default, including inside examples (SPEC-018) (382.909905ms)
✔ block status without a value does not inherit Agreed by accident (SPEC-018) (91.277905ms)
✔ inheritance needs a file Scope and includes only Agreed blocks, regardless of prefix (PKG-015) (2003.184822ms)
✔ Scope inside a requirement or fenced example does not declare inheritance (PKG-015) (918.523307ms)
✔ a falsifier wrapped onto a line beginning with Status: does not become the block's status (SPEC-018) (1.172275ms)
✔ with attribution forbidden, an unpushed commit carrying an AI attribution line is named reword before any work; without the policy, or once pushed, it is not (PKG-045) (404.029643ms)
✔ each attribution form is caught, a prose mention is not, and the oldest attributed commit is named first (PKG-045) (541.007825ms)
✔ LOOP-063: reject input mutation during a check and retain diagnostics (403.144431ms)
✔ LOOP-063: reject deletion mutation during a check and retain diagnostics (386.998674ms)
✔ LOOP-063: reject addition mutation during a check and retain diagnostics (391.212625ms)
✔ LOOP-063: reject mode mutation during a check and retain diagnostics (413.104319ms)
✔ LOOP-063: reject specification mutation during a check and retain diagnostics (419.191883ms)
✔ LOOP-063: reject declaration mutation during a check and retain diagnostics (432.416377ms)
✔ LOOP-063: reject commit mutation during a check and retain diagnostics (418.205353ms)
✔ LOOP-063: committed input mutation during execution cannot certify the replacement (398.057652ms)
✔ LOOP-064: removing executable permission makes passing evidence stale (603.963852ms)
✔ LOOP-064: a mode-only change also invalidates the previous review after new evidence (856.2105ms)
✔ LOOP-064: changing a regular file into a link with identical identity bytes is stale (857.872501ms)
✔ LOOP-063: an unchanged candidate still records a pass despite unrelated working-tree edits (219.251564ms)
✔ LOOP-064: current and historical input ordering agrees for Unicode filenames (356.837327ms)
✔ LOOP-063: Git status hiding content changes cannot certify an uncommitted candidate (131.912913ms)
✔ LOOP-066: one check owns execution with a kernel action record (415.908767ms)
✔ LOOP-066: one check owns execution with an agent action record (404.75854ms)
✔ LOOP-066: a live lock is named and never silently overwritten (146.633675ms)
✔ LOOP-066: a dead lock is named and never silently overwritten (160.712239ms)
✔ LOOP-066: a incomplete lock is named and never silently overwritten (130.335503ms)
✔ LOOP-066: an execution error releases the check lock for a corrected rerun (484.685144ms)
✔ LOOP-066: a live kernel action from an older Cairn also blocks execution (85.320504ms)
✔ LOOP-066: separate Git worktrees can run checks independently (506.413158ms)
✔ after a green check --stale runs nothing; after one input changes it runs only that mechanism (LOOP-094) (912.042069ms)
✔ a mechanism speaking for two stale requirements runs once and refreshes both (LOOP-094, LOOP-040) (654.447168ms)
✔ a fresh failure and an unverified result are skipped with implement named (LOOP-094) (633.071192ms)
✔ --stale with a requirement identifier is refused (LOOP-094) (76.685873ms)
✔ check --stale holds back a mechanism whose requirement has three attempts and no escalation, names it, and records nothing (LOOP-094, DEC-016) (2030.400511ms)
✔ check refuses a dirty declared input and names it; a dirty undeclared file does not block (LOOP-030) (450.453844ms)
✔ check writes one receipt per run carrying the full record and a result line per requirement (LOOP-097) (291.126967ms)
✔ a nonzero exit records fail, and the receipt keeps the exit code (LOOP-034) (311.782154ms)
✔ a pass after a fail keeps the failing record; nothing is overwritten or deleted (LOOP-025) (665.84947ms)
✔ a commit changing a declared input makes evidence stale; an undeclared one does not (LOOP-007) (942.5672ms)
✔ a regression is named before a requirement that never passed (LOOP-031) (1056.210348ms)
✔ three attempts with no escalation since: wake says escalate, not a fourth (DEC-016, DEC-017, DEC-018) (2177.863877ms)
✔ the review gate: no review, stale review, open finding, then Done (LOOP-020, LOOP-033) (1033.148365ms)
✔ Done is refused while any requirement lacks current passing evidence (LOOP-017) (100.884784ms)
✔ check names a requested requirement that no mechanism claims (98.440757ms)
✔ check writes the in-progress record before the run and clears it after (LOOP-021) (177.549494ms)
✔ a linked declared input digests the same at a commit and in the tree (LOOP-023, LOOP-024) (373.699713ms)
✔ a result line is the mechanism's statement about one requirement; what it did not mention is unverified (LOOP-037, LOOP-052) (183.758177ms)
✔ a mechanism that says nothing is read by its exit code for every requirement (LOOP-039) (203.387388ms)
✔ unverified is not an attempt, and a return to an earlier failed digest counts once (DEC-017, DEC-018) (1547.696489ms)
✔ a result line for a requirement the mechanism does not speak for is named and writes nothing (LOOP-038) (171.840307ms)
✔ a result line inside ordinary output, or without the marker, does not count (184.767573ms)
✔ a targeted check runs the named requirements' mechanisms and records every requirement they speak for (LOOP-040) (177.766462ms)
✔ two result lines for one requirement: a fail on any line wins (174.663726ms)
✔ three runs at one digest with no attempt since: the verdict stays implement and names DEC-019; an escalation naming it among others clears the hint (DEC-019, LOOP-053) (858.321674ms)
✔ a receipt names its commit in full, and an older receipt with the short form is still read (LOOP-136) (260.059087ms)
✔ a change only to a document its declaration lists leaves the review fresh and the evidence stale; a change to another input makes the review stale (LOOP-141) (1085.117429ms)
✔ a complete commitment with an unpromoted backlog item names promote, and a stamped item lets it reach Done (LOOP-087) (999.507024ms)
✔ an empty backlog with waiting next-iteration items is Done, with the count as information and no action on them (LOOP-091) (860.274562ms)
✔ a promotion marker must resolve to a decision record (LOOP-088) (289.899238ms)
✔ a commitment promoted from an item needs a decision record naming the item (LOOP-088) (290.976793ms)
✔ the spec lint reports a promotion marker with no decision record (LOOP-088) (77.503363ms)
✔ a promoted commitment that changes an Agreed requirement or the working agreement is an escalation; an unpromoted one is not (LOOP-089, LOOP-090) (1717.632917ms)
✔ a capture from one of the commitment's own requirements needs Outside because: or an escalation (LOOP-092) (1649.612835ms)
✔ a next-iteration item names what it would change, and the capture refuses one that does not (LOOP-093) (435.937274ms)
✔ a commitment specified from a next-iteration item needs the item stamped before anything else (SPEC-027) (494.76316ms)
✔ a by deference marker resolves to a decision record like a promotion marker (SPEC-002, LOOP-088) (178.872992ms)
✔ the LOOP-090 gate reads the Concerns line, not the slug as a substring (LOOP-114) (539.452263ms)
✔ the LOOP-088 check reads the Promotes line, and decide --promotes writes it (LOOP-115) (210.006339ms)
✔ the activation commit of a promoted commitment is inside the LOOP-089 comparison (LOOP-116) (126.861214ms)
✔ the LOOP-090 route needs one escalation: its Concerns line covers the moved item too (LOOP-119, LOOP-092, LOOP-114) (605.234328ms)
✔ an escalation raised before the promoted commitment began does not silence the LOOP-090 gate (LOOP-114) (293.930463ms)
✔ an escalation raised before the commitment began does not silence the capture gate (LOOP-119) (331.068076ms)
✔ the activation commit is inside the scope footprint (LOOP-120) (89.535651ms)
✔ a requirement Agreed at activation that is demoted or removed is a contract change (LOOP-121) (593.29379ms)
✔ the include files are the root files that hold @AGENTS.md: exempt from the footprint, compared by the gate (LOOP-122) (1068.498531ms)
✔ a superseded promotion no longer satisfies the LOOP-088 check, and the repair says the promotion was reversed (LOOP-123) (505.967358ms)
✔ the restore route measures from the tree before activation, so a path the activation commit added must go (LOOP-120, LOOP-035) (148.222237ms)
✔ the loop works against exactly one commitment: the current one (LOOP-019) (355.541458ms)
✔ a promotion recorded below Consequential is a repair naming the level, since the developer never sees it in the queue (LOOP-088) (53.952717ms)
✔ every requirement the node-test declaration speaks for is named in a test title (PKG-025) (2.909621ms)
✔ every repository path the tests read is a declared input of node-test (PKG-026) (1.170158ms)
✔ writes a record with every required field and an empty realized-by (DEC-001, DEC-005) (67.225081ms)
✔ a Consequential decision is queued for review (DEC-013) (62.114255ms)
✔ a Consequential decision is queued even when .cairn/queue does not exist yet (77.573378ms)
✔ Routine is refused: routine decisions produce no record (86.873301ms)
✔ a missing field is a usage error and nothing is written (64.424593ms)
✔ supersedes requires a classified cause, and the old record must exist (164.271499ms)
✔ an existing record is not overwritten (152.212582ms)
✔ a queued decision stays queued; nothing but the developer removes it (DEC-014) (190.480085ms)
✔ each accepted decider is stored lowercase, whatever case it was typed in (DEC-020) (522.76802ms)
✔ a decider outside the vocabulary is a usage error naming all three, and nothing is written (DEC-020) (486.417586ms)
✔ an empty --decided-by is the missing-field error, not the vocabulary one (84.005852ms)
✔ LOOP-006, LOOP-067: missing inputs names a declaration repair before execution (169.499437ms)
✔ LOOP-006, LOOP-067: empty inputs names a declaration repair before execution (166.584516ms)
✔ LOOP-006, LOOP-067: missing command names a declaration repair before execution (141.792926ms)
✔ LOOP-006, LOOP-067: list command names a declaration repair before execution (145.516701ms)
✔ LOOP-006, LOOP-067: empty command names a declaration repair before execution (168.451486ms)
✔ LOOP-006, LOOP-067: missing requirements names a declaration repair before execution (164.707772ms)
✔ LOOP-006, LOOP-067: bad identifier names a declaration repair before execution (126.566727ms)
✔ LOOP-067: scalar one-item lists retain their existing meaning (296.878849ms)
✔ LOOP-068: a unpopulated gitlink is refused by name (172.717458ms)
✔ LOOP-068: a populated gitlink is refused by name (186.924961ms)
✔ LOOP-069: identical selections across 100 mechanisms use at most 20 Git processes (159.600369ms)
✔ --defect needs --from naming an Agreed requirement, and writes Defect: yes (LOOP-140) (232.760354ms)
✔ an unfixed defect is named fix before a promotable item, and counts as fixed only with passing evidence at or after its commit and no Agreed text changed (LOOP-087, LOOP-140) (2109.439189ms)
✔ escalate writes the six-line format followed by its facts, and wake presents it (LOOP-010, LOOP-026) (123.653788ms)
✔ a missing or multi-line field is refused with the field named, and nothing is written (LOOP-012) (149.711607ms)
✔ a Blocking escalation that fails the format is written anyway, naming the malformed field (LOOP-013) (130.705886ms)
✔ the loop stops for the developer only at Blocking: a recorded decision below it never yields Escalate, and the Blocking bypass must be spelled exactly (DEC-002) (284.417998ms)
✔ a second escalation while one is open is refused (LOOP-011) (118.528646ms)
✔ answer records the reply; wake no longer presents it; a second answer is refused (309.282492ms)
✔ answer to an unknown escalation is refused (76.465918ms)
✔ a stranger resumes from the file alone: question and answer are both in it (LOOP-014) (157.965091ms)
✔ a developer-shaped answer during the agent's turn is refused and writes nothing; the explanation is still accepted (LOOP-135) (657.032938ms)
✔ after an answer, the same concern can be escalated again under a new name (184.215143ms)
✔ an escalation exists when its file does, committed or not (LOOP-009) (92.431067ms)
✔ developer answers require one of the three forms and cannot inject fields (LOOP-048) (608.91539ms)
✔ ask, agent explanation, another ask, and ok stay ordered in one file (LOOP-049, LOOP-050, LOOP-014) (828.073964ms)
✔ fresh closed answers accompany only concerned requirements until new evidence (LOOP-051) (732.868826ms)
✔ a raised escalation carries no derivable status line, and an old record with one still parses (LOOP-028) (143.546238ms)
✔ LOOP-065: delete of output refuses Done and a new run recovers (1178.007411ms)
✔ LOOP-065: corrupt of output refuses Done and a new run recovers (1247.158927ms)
✔ LOOP-065: delete of stderr_output refuses Done and a new run recovers (1191.45782ms)
✔ LOOP-065: corrupt of stderr_output refuses Done and a new run recovers (1013.781728ms)
✔ LOOP-065: a receipt without output needs a new check (490.329661ms)
✔ LOOP-065: a receipt without output_digest needs a new check (469.132467ms)
✔ LOOP-065: a receipt without stderr_output needs a new check (468.070784ms)
✔ LOOP-065: a receipt without stderr_digest needs a new check (429.743269ms)
✔ LOOP-065: legacy unverifiable output is rerun without rewriting history (750.075841ms)
✔ a fresh record names the kernel that wrote it (LOOP-023) (322.899941ms)
✔ LOOP-095: a record from another kernel is stale with the kernel named, and a new check restores Done (737.566557ms)
✔ LOOP-095: a record from no kernel is stale with the kernel named, and a new check restores Done (748.827817ms)
✔ LOOP-070: a later failure is latest even when the clock moves backward (926.912957ms)
✔ LOOP-070: receipt collisions at one clock instant retain execution order beyond nine suffixes (3747.793973ms)
✔ LOOP-070: imported branch receipts stale a later sequence until a new check incorporates them (1211.247367ms)
✔ LOOP-070, LOOP-098: legacy receipts need one ordered check, remain byte-for-byte unchanged, and precede the run receipt in the history (532.557539ms)
✔ LOOP-070: edit of a prior receipt requires fresh evidence (441.780037ms)
✔ LOOP-070: remove of a prior receipt requires fresh evidence (461.267543ms)
✔ LOOP-075: supporting evidence file README.md does not become a receipt (522.512749ms)
✔ LOOP-075: supporting evidence file notes.txt does not become a receipt (528.417536ms)
✔ LOOP-075: supporting evidence file support does not become a receipt (542.129508ms)
✔ LOOP-075: supporting evidence file .DS_Store does not become a receipt (531.893046ms)
✔ LOOP-075: a malformed result line (result=success) names a repair before execution (329.813425ms)
✔ LOOP-075: a malformed result line (sequence=NaN) names a repair before execution (311.001087ms)
✔ LOOP-075: a malformed result line (sequence=9007199254740992) names a repair before execution (355.427749ms)
✔ LOOP-075: a malformed result line (history_digest=wrong) names a repair before execution (332.833046ms)
✔ LOOP-075: a malformed result line (tokens) names a repair before execution (341.183036ms)
✔ LOOP-075: a receipt-shaped directory is a named repair instead of an EISDIR crash (262.93955ms)
✔ LOOP-070: an earlier escalation cannot cover three new attempts after clock rollback (892.011774ms)
✔ LOOP-070: an answer becomes old after a later check even if that check's timestamp is earlier (592.096407ms)
✔ LOOP-070: the newest answer wins between checks even when its clock timestamp is older (368.729014ms)
✔ LOOP-070: legacy escalation dates cover old receipts but not three newer sequenced runs (1153.756891ms)
✔ a PKG requirement the commitment does not name is declared, run, and gates Done (PKG-011) (1842.543668ms)
✔ a PKG requirement in a Draft spec is not folded in (520.091014ms)
✔ LOOP-076, LOOP-079: stale inputs identify the receipt and the check to run (635.649463ms)
✔ LOOP-077: names a content change using checked input identity (660.436651ms)
✔ LOOP-077: names a mode change using checked input identity (754.189072ms)
✔ LOOP-077: names a kind change using checked input identity (692.146735ms)
✔ LOOP-077: names a added change using checked input identity (638.35742ms)
✔ LOOP-077: names a removed change using checked input identity (583.495015ms)
✔ LOOP-077: names a link-target change using checked input identity (801.897871ms)
✔ LOOP-077: changed selection compares the old and new input sets (511.171498ms)
✔ LOOP-077: raw CRLF changes remain visible when Git-clean content agrees (501.394184ms)
✔ LOOP-077: detail output is sorted, bounded, and reports the omitted count (497.772572ms)
✔ LOOP-077: filenames cannot inject lines or terminal controls into explanations (409.424869ms)
✔ LOOP-077: receipts from one run share details and do not store source contents (303.072716ms)
✔ LOOP-078, LOOP-080: legacy optional detail limits explanation without changing standing (506.327715ms)
✔ LOOP-078, LOOP-080: invalid-field optional detail limits explanation without changing standing (520.875123ms)
✔ LOOP-078, LOOP-080: missing optional detail limits explanation without changing standing (539.307011ms)
✔ LOOP-078, LOOP-080: invalid-json optional detail limits explanation without changing standing (535.677775ms)
✔ LOOP-078, LOOP-080: mismatched optional detail limits explanation without changing standing (523.600146ms)
✔ LOOP-078, LOOP-080: duplicate optional detail limits explanation without changing standing (491.689691ms)
✔ LOOP-078, LOOP-080: unsafe-path optional detail limits explanation without changing standing (499.114359ms)
✔ LOOP-078, LOOP-080: directory optional detail limits explanation without changing standing (502.937059ms)
✔ LOOP-078, LOOP-080: symlink optional detail limits explanation without changing standing (487.647832ms)
✔ LOOP-078: unavailable old requirement text is not claimed as a proven change (374.620217ms)
✔ LOOP-076, LOOP-079: changed requirements identify evidence and retain review-before-check guidance (385.748672ms)
✔ LOOP-078: simultaneous input and output damage keep both reasons (392.118815ms)
✔ LOOP-080: deterministic freshness sequence seed=7 (9299.720066ms)
✔ LOOP-080: deterministic freshness sequence seed=42 (5710.712062ms)
✔ LOOP-080: deterministic freshness sequence seed=913 (4936.015981ms)
✔ LOOP-080: agreement changes, mechanism review, checks, and completion review retain priority (1210.071449ms)
✔ LOOP-080: imported receipt history demands a rerun without a false input explanation (1304.971613ms)
✔ LOOP-073: clean CRLF input completes under attributes (521.41038ms)
✔ LOOP-073: clean CRLF input completes under autocrlf (572.851644ms)
✔ LOOP-073: raw line-ending mutation during a run is rejected even when Git still sees the same content (259.462177ms)
✔ LOOP-073: execution evidence changes when clean conversion preserves committed identity (1042.24504ms)
✔ LOOP-073: Git clean filters use Git's conversion while retaining raw evidence identity (623.56795ms)
✔ LOOP-073: failure of a required Git filter cannot record evidence (123.247469ms)
✔ LOOP-073: a clean filter moving HEAD during ending validation prevents evidence (434.18163ms)
✔ LOOP-073: canonical Git identities handle links without reading their targets (474.668796ms)
✔ LOOP-073: Git conversion keeps raw Unicode and control-character input paths (414.865995ms)
✔ LOOP-073: conversion and links work in a SHA-256 Git repository (430.019385ms)
✔ LOOP-074: historical specification filename "café.md" remains reviewable (420.652979ms)
✔ LOOP-074: historical specification filename "spec\ttab.md" remains reviewable (398.714178ms)
✔ LOOP-074: historical specification filename "spec\nline.md" remains reviewable (383.194418ms)
✔ help works outside a repository without running a command (PKG-017) (958.84226ms)
✔ help does not hide invalid options or consume literal arguments (173.398206ms)
✔ help lists the lint command (PKG-017) (50.724002ms)
✔ a working directory that no longer exists is named as the failure, and git is not blamed (PKG-041, PKG-022) (154.895994ms)
✔ the stop hook refuses a stop while wake says Resolvable, with the verdict as the reason (PKG-018) (191.949322ms)
✔ the stop hook allows a stop at Done, at Escalate, and outside a Cairn repository (PKG-018) (1036.211934ms)
✔ the session-start hook links the command once and prints the verdict in a Cairn repository (PKG-019, PKG-014, PKG-005) (465.012871ms)
✔ the session-start hook prints no verdict outside a Cairn repository and leaves an existing link that resolves alone (PKG-019) (77.846169ms)
✔ a checkout under a path with a space links a command that resolves, and its stop hook still blocks (PKG-019, PKG-021) (336.648296ms)
✔ the hooks run the kernel the command link resolves to, so hook and agent share one referee (PKG-021) (1103.647499ms)
✔ a dangling link is replaced and reported (PKG-019) (174.747468ms)
✔ errors exit 0 with one line on standard error and no stack trace (PKG-022) (189.270692ms)
✔ the hooks judge with the cairn on PATH, a wrapper included, and session-start names it (PKG-033) (1065.875708ms)
✔ a link to a wrapper or file is kept; a dangling link or one to a directory is replaced (PKG-034) (357.302726ms)
✔ a project below the Git toplevel gets the verdict and the stop refusal (PKG-035) (289.249955ms)
✔ a kernel that prints no verdict is one stderr line: the stop is allowed and session-start prints no trace (PKG-036) (152.204227ms)
✔ a link that cannot be created is one stderr line, and the verdict still prints (PKG-019, PKG-022) (114.201072ms)
✔ with git absent the hooks say so in one line and block nothing (PKG-022) (83.511766ms)
✔ stop_hook_active true no longer lets a Resolvable stop through: the hook still refuses (PKG-018) (139.198271ms)
✔ receipts written by the project's own kernel are judged with it, not with a different cairn on PATH (PKG-033, PKG-021) (408.045956ms)
✔ the fourth stop on an unchanged verdict, commit and tree goes through with a message and a stop record; each refusal names cairn escalate (PKG-043, PKG-044) (436.323029ms)
✔ progress resets the count, a commit or an edited file alike, and each session counts on its own (PKG-043) (1154.721514ms)
✔ no report, one for another commitment, at another commit, or at a value that is not a commit names a new reviewer; an uncommitted review is committed first (LOOP-020) (1505.103654ms)
✔ an old report re-dated, however it is edited, does not name the new commit and names a new reviewer; a new report with the same words does not (LOOP-020) (1435.434267ms)
✔ each finding is carried by the one line citing its number and beginning with its words; malformed reports are repairs (LOOP-020) (3895.882935ms)
✔ citations name their report's commit, so rounds never collide and an old line never carries a new finding; a wrapped review line is its own repair (LOOP-020) (839.977154ms)
✔ a finding that quotes a citation in its own words is carried by copying it, and an uncited wrapped line is no repair when there is nothing to carry (LOOP-020) (605.768786ms)
✔ a citation that is not last on its line is refused as such, and a finding ending with a citation is carried in the short form (LOOP-020) (869.270626ms)
✔ a report written or changed on disk but not committed is named commit, never judged as the committed one (LOOP-020) (517.640154ms)
✔ the findings list is read from the record's text: blank lines between entries, a wrapped entry, any bullet, and a blank line inside examined: lose nothing; a list after a heading stays unread (LOOP-020, LOOP-086, LOOP-071) (1339.096763ms)
✔ the reader reads a numbered or nested list and a blank line in examined:, and names a line it cannot read rather than reading nothing (LOOP-086, LOOP-020) (1032.260955ms)
✔ a line the reader cannot read is named whenever an entry follows it, in the review and in the report, and a finding under a heading is named (LOOP-086, LOOP-020) (1457.641522ms)
✔ a margin line that only looks like a field never ends a list in silence (LOOP-086, LOOP-020) (947.02708ms)
✔ a field name repeated inside a list is named, the report's findings under a heading are named beside a list, and the repair offers the fix that keeps the finding (LOOP-020, LOOP-086) (804.462882ms)
✔ a Reviewer: line inside a list is named, and an honest record with a findings-titled heading is read (LOOP-020, LOOP-086) (767.520514ms)
✔ a record that declares findings: [] keeps a bulleted body as prose, as this repository's own reviews are written (LOOP-086, LOOP-020) (394.632416ms)
✔ a field name in another case never ends a list in silence, a record with its fields out of order is told to reorder them, and a citation names only a finding the report made (LOOP-086, LOOP-020, LOOP-108) (835.200769ms)
✔ a citation of zero is a citation, a field ends a list however it is spaced, a heading may be underlined, a blank line before a continuation is nothing, and a doubled commit: line does not name the commit (LOOP-020, LOOP-086, LOOP-108) (1034.112241ms)
✔ a rule under a field line is not a heading, the hint names a heading of either form, and an earlier report's citation on a carrying line is history (LOOP-020, LOOP-108) (1218.780064ms)
✔ a title that ends with a colon is still a heading, a report whose fields sit below a heading or prose is repaired rather than discarded, and the repair names the form the kernel reads (LOOP-020, LOOP-086, LOOP-108) (976.86396ms)
✔ a report for another commitment or commit is replaced even when its fields sit below a heading, a quoted field line does not replace the real one, a rule under any field is a rule, and the review is told what the report is told (LOOP-020, LOOP-108) (1123.301236ms)
✔ an underline makes a heading of the line above it unless that line is an entry or the record's own field, an unread field is named where it sits, a field spelled another way is named, and the findings-titled repair names retitling (LOOP-020, LOOP-086, LOOP-108) (1454.766692ms)
✔ an underlined heading that names findings holds no list either, an unterminated fence hides nothing, a spelling is judged at the margin, and a report short of one header line is repaired (LOOP-020, LOOP-086, LOOP-108) (934.639453ms)
✔ a heading that names findings holds no content of any shape, its own section decides, and a report the wrong commit wrote is replaced before any repair (LOOP-020, LOOP-086) (840.091967ms)
✔ a findings-naming heading holds nothing at all, however deep, and a report with no record is replaced rather than repaired (LOOP-020, LOOP-086) (2034.434116ms)
✔ a recognisable finding under a heading is named wherever it sits, a findings-titled section is prose beside a list that holds entries, and a record may open with a title (LOOP-020, LOOP-086, LOOP-108) (1943.875594ms)
✔ a line that says open: is a finding however it is marked up, and one leading title of any form is the record's own (LOOP-020, LOOP-086, LOOP-108) (3629.96614ms)
✔ every line outside the findings list is read for the prefix, and a findings-naming section is judged over its subsections (LOOP-020, LOOP-086) (2986.281135ms)
✔ markup is whatever precedes the first letter, a row is a row wherever its pipes sit, and each message names the move (LOOP-020, LOOP-086) (2264.354977ms)
✔ a marker that contains a letter is still a marker, and a fence opens only on its own line (LOOP-020, LOOP-086) (2633.279509ms)
✔ a label before the prefix is markup too, and a divider hides no finding (LOOP-020, LOOP-071, LOOP-086) (2143.972542ms)
✔ only the findings list itself is exempt from the sweep, and a label of any shape is markup (LOOP-020, LOOP-071, LOOP-086) (2328.523157ms)
✔ the prefix belongs to the findings list alone: anywhere else in a record it is a finding (LOOP-020, LOOP-086) (2371.885319ms)
✔ the prefix is what a line says however it is punctuated, and no fence or second field hides an entry (LOOP-020, LOOP-071, LOOP-086) (2904.210936ms)
✔ a numbered prefix is still the prefix, and each message names the action it means (LOOP-020, LOOP-086) (1723.590018ms)
✔ a comment or an entity is not a gap, a field belongs at the margin, and a bullet belongs to a list (LOOP-020, LOOP-086, LOOP-108) (1518.124937ms)
✔ an element round the word and markup in the gap is still the prefix, and no repair asks for what the record already does (LOOP-020, LOOP-086) (1619.295267ms)
✔ cairn lint runs the checker over docs/spec by default and over a named directory (PKG-028) (198.359577ms)
✔ cairn lint names a missing directory in one line, takes one argument, and reports a bad root (PKG-028) (213.997249ms)
✔ three megabytes are retained exactly once with matching digests (LOOP-041, LOOP-042) (315.930346ms)
✔ split stdout result lines survive a long non-result line; stderr is never a verdict (317.674228ms)
✔ signal termination is recorded and logs survive a clone (LOOP-043) (347.789382ms)
✔ working agreements and ignore changes are Cairn records inside the footprint (350.632625ms)
✔ a clean package passes (88.911183ms)
✔ PKG-001: a dependency, or a service manifest (312.558877ms)
✔ PKG-002: ignoring evidence or other durable state, by directory or by extension (132.441684ms)
✔ PKG-003: a command, a directory, or a record kind no decision names (239.31373ms)
✔ PKG-004: a kernel over 2000 lines, counting every file under bin/ as wc -l does; exactly 2000 passes (464.732751ms)
✔ PKG-006: a skill step naming a vendor's product, in either order, across a wrapped list item (PKG-027) (355.180015ms)
✔ PKG-008: a non-ASCII character in a tracked text file (80.981822ms)
✔ PKG-009: the kernel importing from tests (80.042629ms)
✔ PKG-012: a network call or a model client in the kernel, but not a vendor's name in text (655.002108ms)
✔ PKG-013: deferral language, but not in code, quotes, or a rule (517.873429ms)
✔ a tracked path deleted from the working tree is skipped, not a crash (75.224984ms)
✔ a sentence in a Formats section is not a record kind (71.976707ms)
✔ a record kind named by its path alone is checked (80.636994ms)
✔ PKG-002: a tracked in-progress record (81.543593ms)
✔ PKG-002: ignoring evidence alone is a finding (65.956294ms)
✔ PKG-003 reads the kernel's commands from its help output (PKG-023) (113.944412ms)
✔ the ASCII scan covers shipped files, not records under .cairn/ (PKG-024) (67.130051ms)
✔ a vendor-naming step wrapped across lines is matched (PKG-006, PKG-027) (69.009937ms)
✔ PKG-013 scans the README, the manual, and the walkthrough (PKG-032) (195.26875ms)
✔ the manifests, the listing and package.json agree on the name and version, and name paths the repository holds (PKG-037) (1.883596ms)
✔ the hooks file registers session-start and stop against the plugin's own hook.mjs through the plugin root variable (PKG-038) (0.208376ms)
✔ a Muse hook entry whose shared hook is missing prints one line and exits 0 (PKG-041, PKG-022) (76.522516ms)
✔ the registered commands print the verdict at session start, link the command into the plugin, and refuse a stop while wake says Resolvable (PKG-038, PKG-021) (323.753333ms)
✔ LOOP-071: decision body metadata does not resolve unbuilt work: "Superseded by: example" (696.289405ms)
✔ LOOP-071: decision body metadata does not resolve unbuilt work: "```text\nSuperseded by: example\n```" (671.469506ms)
✔ LOOP-071: decision body metadata does not resolve unbuilt work: "~~~text\nSuperseded by: example\n~~~" (697.375877ms)
✔ LOOP-071: a fenced realization example is not a resolving commit (646.044076ms)
✔ LOOP-071: a fenced commit inside the realization section is not built (628.419246ms)
✔ LOOP-071: ## Example cannot replace an open review finding (613.954995ms)
✔ LOOP-071: # Example cannot replace an open review finding (547.452202ms)
✔ LOOP-071: ### Example cannot replace an open review finding (543.177562ms)
✔ LOOP-071:   ## Example cannot replace an open review finding (502.510183ms)
✔ LOOP-071: Example paragraph. cannot replace an open review finding (513.367229ms)
✔ LOOP-071: Example
------- cannot replace an open review finding (433.753959ms)
✔ LOOP-071: fenced fields before a real review header are ignored (425.847693ms)
✔ LOOP-071: multiline decision --title cannot inject metadata (328.889704ms)
✔ LOOP-071: multiline decision --decided-by cannot inject metadata (323.746609ms)
✔ LOOP-071: multiline decision --rests-on cannot inject metadata (323.954358ms)
✔ LOOP-071: multiline decision --wrong-if cannot inject metadata (402.330216ms)
✔ LOOP-071: multiline decision --history cannot inject metadata (339.554468ms)
✔ LOOP-072: malformed Blocking concerns stay open: "R-001\nAnswer: ok" (88.46904ms)
✔ LOOP-072: malformed Blocking concerns stay open: "R-001\r\nAnswer: ok" (91.245699ms)
✔ LOOP-072: malformed Blocking concerns stay open: "R-001\rAnswer: ok" (83.256911ms)
✔ LOOP-072: malformed Blocking concerns stay open: "R-001 Answer: ok" (82.753706ms)
✔ LOOP-072: malformed Blocking concerns stay open: "R-001 Answer: ok" (94.651402ms)
✔ LOOP-072: ordinary malformed concerns are refused: "R-001\nR-002" (52.049202ms)
✔ LOOP-072: ordinary malformed concerns are refused: "R-001, prose" (47.060737ms)
✔ LOOP-072: ordinary malformed concerns are refused: " " (47.146309ms)
✔ LOOP-072: a Blocking escalation without concerns is still presented (86.649543ms)
✔ LOOP-072: carriage returns in a Blocking question do not create answer records (92.805003ms)
✔ LOOP-072: explanation separator 8232 cannot close an escalation (159.193533ms)
✔ LOOP-071: decision metadata refuses separator 8232 (337.381808ms)
✔ LOOP-072: explanation separator 8233 cannot close an escalation (167.863554ms)
✔ LOOP-071: decision metadata refuses separator 8233 (343.473012ms)
✔ Concerns, Rests on, and Promoted from written as lists read as the flat form (LOOP-124) (545.910517ms)
✔ an item named by filename, path, or backticked slug resolves like the slug (LOOP-125) (513.641404ms)
✔ an input that covers Cairn's own output is named as the repair, before and after a check (LOOP-126, LOOP-105) (691.498961ms)
✔ an unreadable record directory is a repair, not an error exit (LOOP-127) (88.690593ms)
✔ a title that slugifies to nothing is refused (LOOP-128) (140.507426ms)
✔ examined: [] is an empty list (LOOP-129, LOOP-108) (423.49734ms)
✔ below the Git toplevel the restore check compares root-relative paths (LOOP-130, LOOP-035) (347.821327ms)
✔ below the Git toplevel an uncommitted declared input is named from the project root (LOOP-132, LOOP-030) (244.798553ms)
✔ a value on the key line followed by list items is the first item, never dropped (LOOP-133) (610.522381ms)
✔ the footprint's walk reads Current: as the wake does: a fenced example below the real line, or a second line in history, never moves the start (LOOP-134, LOOP-035) (319.552801ms)
✔ an input spelled .. from a project below the Git toplevel covers the evidence directory (LOOP-126, LOOP-105) (86.381553ms)
✔ a Consequential record this commitment added needs its queue entry committed (LOOP-131, DEC-004) (495.079249ms)
✔ a mechanism that removes the check lock still gets its evidence, with no repair for the lock (LOOP-107) (232.621157ms)
✔ a staged rename reads as its two paths, never as a bare origin token (LOOP-030, LOOP-110) (115.108204ms)
✔ a Current: line inside a fenced example is neither a second Current: line nor the commitment, before or after the real line (LOOP-104) (184.836971ms)
✔ a Status: word is taken only from a line that carries one, never from wrapped prose after it (SPEC-018) (0.697993ms)
✔ the placeholder left above a resolving entry is a repair naming the file (DEC-021) (228.559106ms)
✔ the placeholder alone is a decision recorded and not yet built, unchanged (DEC-007) (69.234188ms)
✔ resolving entries with no placeholder are unchanged (DEC-006) (121.277023ms)
✔ a shallow clone that cannot resolve its entries is still told to fetch, not to edit (LOOP-113 keeps precedence) (112.571329ms)
✔ the placeholder quoted in a fenced example does not make a built record a repair (DEC-021) (117.892238ms)
✔ supersede takes the same decider vocabulary as decide (DEC-020) (110.746973ms)
✔ a superseded record is held to the same line: its placeholder above a resolving entry is a repair (DEC-021, DEC-010) (183.460449ms)
✔ realize() touches only the Realized by section; a body that quotes the placeholder keeps it (110.060608ms)
✔ an untracked file under a declared input is not a change under way; check still refuses beside it and names .gitignore (LOOP-110, LOOP-030) (200.683985ms)
✔ an unmatched input is refused before execution (LOOP-044) (189.515758ms)
✔ an indexed input deleted on disk asks for a commit (LOOP-045) (156.142901ms)
✔ wake and check require a Git working tree (LOOP-046) (130.218399ms)
✔ recovery removes only dead kernel run records and identifies a live owner (LOOP-054, LOOP-055) (309.708906ms)
✔ an agent action based behind a clean HEAD appears committed (LOOP-027) (221.405168ms)
✔ realization needs a real commit and a subject (DEC-006) (258.975642ms)
✔ 1500 binary inputs digest identically at the review commit in under a second (LOOP-024) (1550.197885ms)
✔ merged work is excluded but a later own commit is a breach (LOOP-047) (274.400532ms)
✔ exact Current tenure ignores prefix matches and earlier visits to the same slug (LOOP-035) (337.578181ms)
✔ a kernel run records its supervising PID (LOOP-054) (263.876597ms)
✔ a merged declared input still stales evidence (LOOP-047) (422.994848ms)
✔ wildcard and magic pathspecs select the same historical inputs (LOOP-024, LOOP-032) (2243.081573ms)
✔ historical selection retains deleted files and excludes new ones (LOOP-024, LOOP-035) (1239.402429ms)
✔ cairn --version prints the package.json version outside a repository, and help lists it (PKG-039) (143.714431ms)
✔ a release is one commit setting one version in the five files, with the changelog entry, tagged v<version> (PKG-040) (999.775668ms)
✔ the release script refuses a bad version, no increase, a dirty tree, a missing entry, a taken tag, a disagreeing file, and a loop not at Done, each in one line with nothing written (PKG-040) (1919.371317ms)
✔ a version file written as compact JSON is released, and nothing else in any version file changes (PKG-042) (1327.051723ms)
✔ with attribution forbidden, the release script refuses an unpushed commit carrying an AI attribution line (PKG-045) (582.597861ms)
✔ explicit reporting with no lines and exit 0 establishes no requirement verdicts (LOOP-061) (461.358609ms)
✔ explicit reporting with no lines and exit 1 establishes no requirement verdicts (LOOP-061) (473.846033ms)
✔ a reporter that cannot start keeps execution diagnostics without blaming requirements (LOOP-062) (282.945127ms)
✔ large output cannot kill a reporter or invent a requirement verdict (356.797598ms)
✔ explicit mode ignores cairn: R-999: pass (342.545704ms)
✔ explicit mode ignores cairn: R-001: unverified (307.815717ms)
✔ explicit mode ignores cairn: R-001: passed (311.653096ms)
✔ explicit results survive nonzero exit and contradictory duplicates still fail (596.218677ms)
✔ unverified results across changed inputs never become failed attempts (1435.280361ms)
✔ legacy exit 0 retains its interpretation (241.422035ms)
✔ legacy exit 1 retains its interpretation (213.444713ms)
✔ a misspelled reporting mode is refused before execution (116.223702ms)
✔ changed requirement blocks unchecked reruns and makes the completion review stale (LOOP-058, LOOP-059) (1814.696015ms)
✔ falsifier changes need review; separate rationale and other requirements do not change a receipt (1343.153108ms)
✔ legacy receipts recover requirement identity from their commit; unavailable history requires review (1027.010745ms)
✔ check refuses uncommitted requirement text and mechanism review markers (810.785166ms)
✔ tightened response limit cannot reuse the old passing check (1377.784685ms)
✔ a declared input over 1 MiB agrees at a commit and in the tree (LOOP-060) (462.223864ms)
✔ a failed Git blob read cannot be hashed as an empty blob (388.621369ms)
✔ Git listings over 1 MiB include the last declared input (2132.103046ms)
✔ requirement identity excludes fenced examples and status dates (503.473583ms)
✔ DemonCoder REM-002 and Status in progress cannot silently satisfy the review gate (LOOP-086) (772.089672ms)
✔ valid open findings retain their behavior (504.761084ms)
✔ valid resolved findings retain their behavior (577.802933ms)
✔ valid empty findings retain their behavior (559.884326ms)
✔ valid mixed valid findings retain their behavior (521.560165ms)
✔ malformed finding "open:" requires repair (487.373411ms)
✔ malformed finding "resolved:   " requires repair (410.488968ms)
✔ malformed finding "Open: incorrect case" requires repair (390.828696ms)
✔ malformed finding "unknown: issue" requires repair (368.698421ms)
✔ malformed finding "\u001b[31mBAD: issue" requires repair (357.684523ms)
✔ the established explicit empty findings list remains valid (383.098833ms)
✔ a scalar findings value requires the supported list format (321.231355ms)
✔ check runs a mechanism when a requirement outside the commitment was revised, and asks for the review once a commitment includes it (LOOP-059) (951.620675ms)
✔ a Requirements: line written as a list is read like the flat form (LOOP-102) (121.787275ms)
✔ a subdirectory or a README in a record directory changes nothing (LOOP-103) (521.787494ms)
✔ two Current: lines are a roadmap repair (LOOP-104) (74.229048ms)
✔ a repeated identifier, an input under the evidence directory, and a missing cwd are refused by name (LOOP-105) (489.240875ms)
✔ a requirement whose evidence outlives its mechanism is named declare, not a regression or an escalation (LOOP-106) (1041.525915ms)
✔ an unreadable record is a repair, not an error exit (LOOP-107) (88.799386ms)
✔ a review needs commit, a nonempty examined list, and a findings list, each named when missing (LOOP-108) (1078.380988ms)
✔ a decision record missing a header field or naming a missing predecessor is a repair (LOOP-109) (289.288122ms)
✔ a dirty declared input with no in-progress record is named record ahead of run (LOOP-022, LOOP-110) (256.598181ms)
✔ with core.filemode false the index mode is the identity, so a mode-only difference does not refuse the check (LOOP-111) (237.043531ms)
✔ a project below the Git toplevel can run check (LOOP-112) (265.426827ms)
✔ a shallow clone names history to fetch, not a decision to build (LOOP-113) (137.151496ms)
✔ record-writing commands refuse to run outside a Cairn repository and write nothing (LOOP-118) (215.033135ms)
✔ a git that cannot start is one line and exit 3 from wake and from check, with nothing recorded (LOOP-137) (99.457779ms)
✔ an unexplained or uncommitted stop record is named explain before any other action; explained and committed, the wake moves on (LOOP-139) (285.029655ms)
✔ empty footprint names declaration before scope and records no evidence (LOOP-081) (583.852931ms)
✔ first declaration still checks the full earlier history (LOOP-081) (411.384327ms)
✔ an empty current footprint does not block an explicitly requested existing mechanism (LOOP-081) (312.390962ms)
✔ an inherited mechanism provides a footprint even before local mechanisms exist (252.956479ms)
✔ scope reports every path, escapes line breaks, and gives identical remedies (LOOP-082) (215.614233ms)
✔ scope verdict reuses the answered-escalation annotation (LOOP-048, LOOP-051, LOOP-083) (596.877748ms)
✔ a committed scope acknowledgment lets restored history proceed (LOOP-083) (723.929415ms)
✔ scope acknowledgment must be committed before it can clear a breach (657.766188ms)
✔ ordinary ok does not acknowledge scope history (314.856695ms)
✔ scope escalation refuses unrestored paths and names the restoration remedy (247.992065ms)
✔ an invalid scope request still records an explicitly Blocking decision (139.150989ms)
✔ ask and explanation stay open; only the final committed ok acknowledges scope (708.961374ms)
✔ instead is visible but does not silently authorize a scope exception (343.086231ms)
✔ later changes to an acknowledged path still block, including later reverts (1053.796572ms)
✔ approval cannot hide another path changed after the snapshot (363.31492ms)
✔ acknowledged history remains conditional on the paths staying restored (562.186097ms)
✔ editing the scope snapshot after answer invalidates its acknowledgment (257.023692ms)
✔ malformed scope metadata cannot suppress a breach (1390.40606ms)
✔ damaged acknowledgment fields cannot suppress a breach (504.835371ms)
✔ scope path matching is literal, including wildcard filenames and control characters (498.661479ms)
✔ scope acknowledgment does not carry into another activation of the same slug (308.313722ms)
✔ restoration checks additions, deletions, executable modes, and symlink kinds (1381.889329ms)
✔ explicit committed retention keeps correct work and requires new evidence and review (LOOP-084, LOOP-085) (2138.289542ms)
✔ a missing declaration covers correct earlier work without retention or revert (502.741673ms)
✔ keep requires scope and an unchanged committed candidate (158.034805ms)
✔ uncommitted retention and instead answers cannot clear the incident (998.432696ms)
✔ retention does not grant future edits, even when reverted to the approved tree (1292.925566ms)
✔ retention cannot cover another path or another activation (557.61928ms)
✔ imported changes must still match the retained tree (590.136459ms)
✔ retention handles additions, deletions, modes, symlinks, and literal filenames (1967.598574ms)
✔ retention cannot convert an existing restoration answer or accept an unknown mode (402.829231ms)
✔ a check failure after retention remains a failure (676.536753ms)
✔ retained paths stay part of the stable checked candidate without extending its footprint (569.074445ms)
✔ retention ask needs an explanation and final committed approval (539.199146ms)
✔ an unknown scope mode remains invalid even with a matching approval digest (279.714681ms)
✔ backlog writes the item; a second with the same title is refused, never overwritten (LOOP-016) (128.636861ms)
✔ a commit inside the footprint: check runs; outside it: check names the path and does not run (LOOP-015, LOOP-035) (638.818334ms)
✔ Cairn's records are never a breach; another file under docs/ is (LOOP-117) (722.974141ms)
✔ declaring the path as an input clears the breach (283.103891ms)
✔ a revert preserves the record of an out-of-scope commit (LOOP-047) (293.076596ms)
✔ a commitment naming a requirement the spec set does not hold as Agreed is repaired (LOOP-029) (84.519545ms)
✔ a requirement in a Draft spec file is not Agreed (76.437825ms)
✔ working agreements and the ignore file are Cairn records (LOOP-035, LOOP-036) (479.954308ms)
✔ the over-asking rule is gone from both skills (SPEC-005, SPEC-006, SPEC-007) (1.681626ms)
✔ a decision during the phase is recorded (DEC-003) (0.146676ms)
✔ understanding is restated before writing (SPEC-003) (0.118796ms)
✔ falsifiers are proposed as one set and confirmed by exception (SPEC-004) (0.344746ms)
✔ depth is inferred and domains derived, never asked or imposed (SPEC-008, SPEC-009) (0.148226ms)
✔ a term enters the glossary at first occurrence (SPEC-010) (0.260151ms)
✔ the phase ends at the first commitment, and later ones are specified during the loop (SPEC-011, SPEC-012) (0.129547ms)
✔ a requirement goes Agreed only with a nameable mechanism (SPEC-013) (0.231874ms)
✔ review before agreement, recording what it attacked (SPEC-014, SPEC-015) (0.153227ms)
✔ no spec file without requirements; nothing Agreed without a falsifier (SPEC-001, SPEC-002) (0.200909ms)
✔ Observed is marked, and is not contract (SPEC-016, SPEC-017) (0.193281ms)
✔ the skills exclude artifacts outside Cairn's workflow (0.181742ms)
✔ the working agreement names the agent's move for each verdict and the write-ahead record (LOOP-036) (0.287578ms)
✔ the working agreement names the developer's moves (LOOP-036, DEC-014) (0.102722ms)
✔ this repository runs by the file it ships (0.498269ms)
✔ both skills write the working agreement without naming a vendor's file (LOOP-002, LOOP-036, PKG-006) (0.278549ms)
✔ the working agreement says what an attempt is (LOOP-036, DEC-017, DEC-018) (0.082826ms)
✔ the working agreement says a failure no footprint change can address is an escalation, and where an inherited requirement is repaired (DEC-019, LOOP-057) (0.104524ms)
✔ the working agreement states the promote, next-iteration, and no-deferral moves (LOOP-029, LOOP-087, LOOP-091, LOOP-092) (0.093192ms)
✔ both skills sort captures into the backlog or next-iteration and forbid deferral (LOOP-029, LOOP-092, LOOP-093) (0.080215ms)
✔ the skill requires a falsifier on every requirement, a MAY included (SPEC-025) (0.074506ms)
✔ the working agreement names the hooks as optional and the install skill registers them for two harnesses (PKG-006, PKG-018, PKG-019) (0.256047ms)
✔ the working agreement says the kernel is upgraded at Done, never inside a commitment (LOOP-096) (0.081018ms)
✔ the next-iteration skill starts from the specification and ends by naming the next commitment (SPEC-026, SPEC-027) (0.250593ms)
✔ every document that names the project skills names next-iteration beside them (SPEC-026, PKG-014) (3.163345ms)
✔ the working agreement states a move for every action the kernel can name (LOOP-101) (2.141248ms)
✔ the working agreement states both record formats and the two flags the moves need (LOOP-036) (0.187873ms)
✔ the skills demonstrate a safe violating example and preserve recon findings (SPEC-022, SPEC-023) (0.074991ms)
✔ the specification skills run the checker through the cairn command (PKG-029) (0.220882ms)
✔ the README invokes the phase skills by name and states versions and platforms (PKG-030, PKG-031) (0.317493ms)
✔ the manual and the walkthrough say the loop promotes backlog items at Done (0.725313ms)
✔ the working agreement says a report is not work under way, its findings are captured, and it is committed with them (LOOP-138) (0.087893ms)
✔ a two-obligation sentence is named (PKG-007) (43.817808ms)
✔ an obligation with no actor is named (PKG-010) (40.503638ms)
✔ a leading condition clause is not the actor, and the actor after it counts (41.456667ms)
✔ an Agreed requirement with no falsifier is named (SPEC-002); a Draft one is not (93.014571ms)
✔ prose after a Draft requirement with no falsifier is not scanned as requirement text (43.145046ms)
✔ a spec declaring a prefix with no requirement is named (SPEC-001) (56.279319ms)
✔ a keyword in backticks or quotes is a mention, not an obligation (53.196772ms)
✔ duplicate identifiers are rejected within a file and across files (SPEC-020) (85.982917ms)
✔ references resolve across files; missing references name their source (SPEC-021) (90.811737ms)
✔ code examples and quoted mentions are neither definitions nor references (46.059997ms)
✔ machine-local paths are findings in prose, links, quotes, and examples (SPEC-019) (430.065851ms)
✔ relative paths, URLs, slash commands, and character mentions are not absolute path findings (46.899521ms)
✔ a slash after a placeholder continues the template (SPEC-019) (78.722221ms)
✔ a host path is a finding until the file declares it (SPEC-019, SPEC-024) (86.284921ms)
✔ declared host paths cover children with a slash boundary and stay file-local (115.099223ms)
✔ a host-path declaration inside a requirement or example grants no exception (123.594305ms)
✔ host-path declarations require absolute or home-relative entries (195.699108ms)
✔ an Agreed block whose only keyword is MAY needs a falsifier like any other (SPEC-025, SPEC-002) (74.500732ms)
✔ a regex literal is not a path, a drive path and a file URL are, and a skill's slash name is allowed (SPEC-028, SPEC-029) (80.862126ms)
✔ a backticked or quoted actor still counts as one (PKG-010) (41.87983ms)
✔ a fence the file never closes is named, since the parser then reads its example as specification (79.314406ms)
✔ supersede writes both lines, and the old record keeps every word it had (DEC-008, DEC-010) (94.795624ms)
✔ supersede without a cause, or with one outside the four, is refused (DEC-009) (153.091105ms)
✔ supersede of a record that does not exist is refused (81.988281ms)
✔ a predecessor with no title line cannot be stamped, so nothing is written (70.970675ms)
✔ a --supersedes argument outside the slug alphabet is refused, and a path never reaches the filesystem (DEC-022) (242.962147ms)
✔ a record already superseded cannot be superseded again: one Superseded by line per record (DEC-022, DEC-010) (185.341943ms)
✔ reversals reports counts by decider, cause, and domain (DEC-011) (190.785222ms)
✔ decide in a domain with a reversal is refused without --history, naming the reversal; with it, the record carries History (DEC-012) (196.168637ms)
✔ decide in a domain with no reversals needs no --history (127.231097ms)
✔ a record resting on prose alone is in the domain unspecified, and so is the next one (135.332102ms)
✔ the decider tally normalizes case and whitespace, and names a value outside the vocabulary (DEC-020, DEC-011) (71.915705ms)
✔ a record with no Decided by line is tallied as unrecorded, not as a vocabulary value (79.393682ms)
✔ Decided by written as a list tallies like the flat form, and does not crash the report (LOOP-124, DEC-020) (64.144647ms)
✔ a second declaration for one requirement is accepted, a named check runs every mechanism, and Done needs each to pass (LOOP-056, LOOP-099) (2082.065153ms)
✔ one mechanism's stale evidence names that mechanism, and --stale runs only it (LOOP-056, LOOP-094) (761.911143ms)
✔ attempts are counted within one mechanism's records, so the other's passes do not reset them (LOOP-100, DEC-016) (1402.5963ms)
✔ step 1: an in-progress record is reconciled before anything else (96.729943ms)
✔ step 2: an open escalation is presented and nothing else happens (77.814891ms)
✔ an answered escalation is not open (579.123132ms)
✔ step 3: a decision with no realized-by is built, first by name (DEC-007) (94.288883ms)
✔ a superseded decision with no realized-by is not work (133.030484ms)
✔ step 6: a mechanism that has never run is run, not implemented (LOOP-008) (123.86283ms)
✔ step 6: a requirement whose mechanism fails is implemented (509.845404ms)
✔ step 6 before step 7: failing evidence outranks a missing mechanism (316.576847ms)
✔ step 7: a requirement with no mechanism is declared (LOOP-106) (83.054395ms)
✔ every verdict names who acts: Resolvable is the agent's, Done needs nobody, Escalate waits for the developer (LOOP-004) (588.309325ms)
✔ malformed roadmap is Resolvable, not fatal (LOOP-005) (58.112398ms)
✔ a commitment naming no requirements is Resolvable (LOOP-018) (67.936721ms)
✔ the primary test: two wakes on the same checkout give the same action, before and after a persisted transition (LOOP-001, LOOP-003) (513.778174ms)
✔ outside a cairn repository wake cannot run (40.956463ms)
✔ the loop never waits on the review queue (DEC-015) (374.322535ms)
✔ twenty built records cost one git call to resolve, not twenty (DEC-023) (167.733223ms)
✔ an ambiguous Realized by identifier is the repair that says lengthen it, not a build (LOOP-113, DEC-023) (144.399248ms)
✔ the linked walkthrough runs from agreement through the next commitment (PKG-016) (1379.13795ms)
ℹ tests 537
ℹ suites 0
ℹ pass 537
ℹ fail 0
ℹ cancelled 0
ℹ skipped 0
ℹ todo 0
ℹ duration_ms 55065.306545
