✔ a Draft block overrides an Agreed file for both wake and check (SPEC-018) (178.737142ms)
✔ an Agreed block overrides a Draft file in the kernel and lint (SPEC-018, SPEC-002) (576.765429ms)
✔ a block Status does not become the file default, including inside examples (SPEC-018) (341.00896ms)
✔ block status without a value does not inherit Agreed by accident (SPEC-018) (79.717104ms)
✔ inheritance needs a file Scope and includes only Agreed blocks, regardless of prefix (PKG-015) (1838.777369ms)
✔ Scope inside a requirement or fenced example does not declare inheritance (PKG-015) (873.346168ms)
✔ a falsifier wrapped onto a line beginning with Status: does not become the block's status (SPEC-018) (1.194136ms)
✔ with attribution forbidden, an unpushed commit carrying an AI attribution line is named reword before any work; without the policy, or once pushed, it is not (PKG-045) (361.003825ms)
✔ each attribution form is caught, a prose mention is not, and the oldest attributed commit is named first (PKG-045) (520.015436ms)
✔ LOOP-063: reject input mutation during a check and retain diagnostics (396.997384ms)
✔ LOOP-063: reject deletion mutation during a check and retain diagnostics (355.136933ms)
✔ LOOP-063: reject addition mutation during a check and retain diagnostics (351.696243ms)
✔ LOOP-063: reject mode mutation during a check and retain diagnostics (393.53521ms)
✔ LOOP-063: reject specification mutation during a check and retain diagnostics (352.288356ms)
✔ LOOP-063: reject declaration mutation during a check and retain diagnostics (410.688561ms)
✔ LOOP-063: reject commit mutation during a check and retain diagnostics (367.985596ms)
✔ LOOP-063: committed input mutation during execution cannot certify the replacement (350.431752ms)
✔ LOOP-064: removing executable permission makes passing evidence stale (579.429681ms)
✔ LOOP-064: a mode-only change also invalidates the previous review after new evidence (801.236187ms)
✔ LOOP-064: changing a regular file into a link with identical identity bytes is stale (849.091815ms)
✔ LOOP-063: an unchanged candidate still records a pass despite unrelated working-tree edits (201.812171ms)
✔ LOOP-064: current and historical input ordering agrees for Unicode filenames (357.454923ms)
✔ LOOP-063: Git status hiding content changes cannot certify an uncommitted candidate (132.531067ms)
✔ LOOP-066: one check owns execution with a kernel action record (424.963583ms)
✔ LOOP-066: one check owns execution with an agent action record (410.780468ms)
✔ LOOP-066: a live lock is named and never silently overwritten (141.612347ms)
✔ LOOP-066: a dead lock is named and never silently overwritten (132.509531ms)
✔ LOOP-066: a incomplete lock is named and never silently overwritten (145.591459ms)
✔ LOOP-066: an execution error releases the check lock for a corrected rerun (458.776108ms)
✔ LOOP-066: a live kernel action from an older Cairn also blocks execution (80.28323ms)
✔ LOOP-066: separate Git worktrees can run checks independently (475.458038ms)
✔ after a green check --stale runs nothing; after one input changes it runs only that mechanism (LOOP-094) (888.283789ms)
✔ a mechanism speaking for two stale requirements runs once and refreshes both (LOOP-094, LOOP-040) (583.760308ms)
✔ a fresh failure and an unverified result are skipped with implement named (LOOP-094) (565.556271ms)
✔ --stale with a requirement identifier is refused (LOOP-094) (70.696361ms)
✔ check --stale holds back a mechanism whose requirement has three attempts and no escalation, names it, and records nothing (LOOP-094, DEC-016) (1896.051787ms)
✔ check refuses a dirty declared input and names it; a dirty undeclared file does not block (LOOP-030) (388.947136ms)
✔ check writes one receipt per run carrying the full record and a result line per requirement (LOOP-097) (270.375332ms)
✔ a nonzero exit records fail, and the receipt keeps the exit code (LOOP-034) (294.376443ms)
✔ a pass after a fail keeps the failing record; nothing is overwritten or deleted (LOOP-025) (608.636954ms)
✔ a commit changing a declared input makes evidence stale; an undeclared one does not (LOOP-007) (859.424463ms)
✔ a regression is named before a requirement that never passed (LOOP-031) (953.365838ms)
✔ three attempts with no escalation since: wake says escalate, not a fourth (DEC-016, DEC-017, DEC-018) (2054.016999ms)
✔ the review gate: no review, stale review, open finding, then Done (LOOP-020, LOOP-033) (1046.849452ms)
✔ Done is refused while any requirement lacks current passing evidence (LOOP-017) (103.815148ms)
✔ check names a requested requirement that no mechanism claims (99.113281ms)
✔ check writes the in-progress record before the run and clears it after (LOOP-021) (184.997979ms)
✔ a linked declared input digests the same at a commit and in the tree (LOOP-023, LOOP-024) (396.159765ms)
✔ a result line is the mechanism's statement about one requirement; what it did not mention is unverified (LOOP-037, LOOP-052) (182.469611ms)
✔ a mechanism that says nothing is read by its exit code for every requirement (LOOP-039) (182.507586ms)
✔ unverified is not an attempt, and a return to an earlier failed digest counts once (DEC-017, DEC-018) (1558.518589ms)
✔ a result line for a requirement the mechanism does not speak for is named and writes nothing (LOOP-038) (178.995494ms)
✔ a result line inside ordinary output, or without the marker, does not count (164.086215ms)
✔ a targeted check runs the named requirements' mechanisms and records every requirement they speak for (LOOP-040) (164.950438ms)
✔ two result lines for one requirement: a fail on any line wins (180.343377ms)
✔ three runs at one digest with no attempt since: the verdict stays implement and names DEC-019; an escalation naming it among others clears the hint (DEC-019, LOOP-053) (828.648791ms)
✔ a receipt names its commit in full, and an older receipt with the short form is still read (LOOP-136) (266.74662ms)
✔ a change only to a document its declaration lists leaves the review fresh and the evidence stale; a change to another input makes the review stale (LOOP-141) (1056.780859ms)
✔ a complete commitment with an unpromoted backlog item names promote, and a stamped item lets it reach Done (LOOP-087) (931.340086ms)
✔ an empty backlog with waiting next-iteration items is Done, with the count as information and no action on them (LOOP-091) (780.116868ms)
✔ a promotion marker must resolve to a decision record (LOOP-088) (246.690015ms)
✔ a commitment promoted from an item needs a decision record naming the item (LOOP-088) (249.000389ms)
✔ the spec lint reports a promotion marker with no decision record (LOOP-088) (70.339085ms)
✔ a promoted commitment that changes an Agreed requirement or the working agreement is an escalation; an unpromoted one is not (LOOP-089, LOOP-090) (1579.081868ms)
✔ a capture from one of the commitment's own requirements needs Outside because: or an escalation (LOOP-092) (1560.582464ms)
✔ a next-iteration item names what it would change, and the capture refuses one that does not (LOOP-093) (444.196627ms)
✔ a commitment specified from a next-iteration item needs the item stamped before anything else (SPEC-027) (527.779772ms)
✔ a by deference marker resolves to a decision record like a promotion marker (SPEC-002, LOOP-088) (179.168909ms)
✔ the LOOP-090 gate reads the Concerns line, not the slug as a substring (LOOP-114) (540.104361ms)
✔ the LOOP-088 check reads the Promotes line, and decide --promotes writes it (LOOP-115) (226.850839ms)
✔ the activation commit of a promoted commitment is inside the LOOP-089 comparison (LOOP-116) (149.476804ms)
✔ the LOOP-090 route needs one escalation: its Concerns line covers the moved item too (LOOP-119, LOOP-092, LOOP-114) (578.810562ms)
✔ an escalation raised before the promoted commitment began does not silence the LOOP-090 gate (LOOP-114) (288.823478ms)
✔ an escalation raised before the commitment began does not silence the capture gate (LOOP-119) (306.34429ms)
✔ the activation commit is inside the scope footprint (LOOP-120) (99.377753ms)
✔ a requirement Agreed at activation that is demoted or removed is a contract change (LOOP-121) (589.356456ms)
✔ the include files are the root files that hold @AGENTS.md: exempt from the footprint, compared by the gate (LOOP-122) (1060.447545ms)
✔ a superseded promotion no longer satisfies the LOOP-088 check, and the repair says the promotion was reversed (LOOP-123) (470.952941ms)
✔ the restore route measures from the tree before activation, so a path the activation commit added must go (LOOP-120, LOOP-035) (172.360233ms)
✔ the loop works against exactly one commitment: the current one (LOOP-019) (378.574007ms)
✔ a promotion recorded below Consequential is a repair naming the level, since the developer never sees it in the queue (LOOP-088) (61.142644ms)
✔ every requirement the node-test declaration speaks for is named in a test title (PKG-025) (3.050175ms)
✔ every repository path the tests read is a declared input of node-test (PKG-026) (1.08964ms)
✔ writes a record with every required field and an empty realized-by (DEC-001, DEC-005) (72.305858ms)
✔ a Consequential decision is queued for review (DEC-013) (76.03205ms)
✔ a Consequential decision is queued even when .cairn/queue does not exist yet (67.319501ms)
✔ Routine is refused: routine decisions produce no record (81.273224ms)
✔ a missing field is a usage error and nothing is written (66.414131ms)
✔ supersedes requires a classified cause, and the old record must exist (178.950818ms)
✔ an existing record is not overwritten (107.895802ms)
✔ a queued decision stays queued; nothing but the developer removes it (DEC-014) (184.988065ms)
✔ each accepted decider is stored lowercase, whatever case it was typed in (DEC-020) (515.885971ms)
✔ a decider outside the vocabulary is a usage error naming all three, and nothing is written (DEC-020) (418.399439ms)
✔ an empty --decided-by is the missing-field error, not the vocabulary one (66.075535ms)
✔ LOOP-006, LOOP-067: missing inputs names a declaration repair before execution (147.364682ms)
✔ LOOP-006, LOOP-067: empty inputs names a declaration repair before execution (152.816835ms)
✔ LOOP-006, LOOP-067: missing command names a declaration repair before execution (132.807736ms)
✔ LOOP-006, LOOP-067: list command names a declaration repair before execution (153.600509ms)
✔ LOOP-006, LOOP-067: empty command names a declaration repair before execution (135.772844ms)
✔ LOOP-006, LOOP-067: missing requirements names a declaration repair before execution (128.624775ms)
✔ LOOP-006, LOOP-067: bad identifier names a declaration repair before execution (131.945078ms)
✔ LOOP-067: scalar one-item lists retain their existing meaning (259.941218ms)
✔ LOOP-068: a unpopulated gitlink is refused by name (182.441301ms)
✔ LOOP-068: a populated gitlink is refused by name (187.377356ms)
✔ LOOP-069: identical selections across 100 mechanisms use at most 20 Git processes (131.898201ms)
✔ --defect needs --from naming an Agreed requirement, and writes Defect: yes (LOOP-140) (259.507117ms)
✔ an unfixed defect is named fix before a promotable item, and counts as fixed only with passing evidence at or after its commit and no Agreed text changed (LOOP-087, LOOP-140) (1819.920702ms)
✔ escalate writes the six-line format followed by its facts, and wake presents it (LOOP-010, LOOP-026) (123.404173ms)
✔ a missing or multi-line field is refused with the field named, and nothing is written (LOOP-012) (125.576683ms)
✔ a Blocking escalation that fails the format is written anyway, naming the malformed field (LOOP-013) (127.075468ms)
✔ the loop stops for the developer only at Blocking: a recorded decision below it never yields Escalate, and the Blocking bypass must be spelled exactly (DEC-002) (292.162558ms)
✔ a second escalation while one is open is refused (LOOP-011) (123.610254ms)
✔ answer records the reply; wake no longer presents it; a second answer is refused (247.39221ms)
✔ answer to an unknown escalation is refused (64.477659ms)
✔ a stranger resumes from the file alone: question and answer are both in it (LOOP-014) (120.444784ms)
✔ a developer-shaped answer during the agent's turn is refused and writes nothing; the explanation is still accepted (LOOP-135) (607.546269ms)
✔ after an answer, the same concern can be escalated again under a new name (198.308074ms)
✔ an escalation exists when its file does, committed or not (LOOP-009) (77.635235ms)
✔ developer answers require one of the three forms and cannot inject fields (LOOP-048) (621.18941ms)
✔ ask, agent explanation, another ask, and ok stay ordered in one file (LOOP-049, LOOP-050, LOOP-014) (775.735623ms)
✔ fresh closed answers accompany only concerned requirements until new evidence (LOOP-051) (659.656815ms)
✔ a raised escalation carries no derivable status line, and an old record with one still parses (LOOP-028) (153.623831ms)
✔ LOOP-065: delete of output refuses Done and a new run recovers (1153.864407ms)
✔ LOOP-065: corrupt of output refuses Done and a new run recovers (1204.538777ms)
✔ LOOP-065: delete of stderr_output refuses Done and a new run recovers (1066.261759ms)
✔ LOOP-065: corrupt of stderr_output refuses Done and a new run recovers (932.515768ms)
✔ LOOP-065: a receipt without output needs a new check (486.455269ms)
✔ LOOP-065: a receipt without output_digest needs a new check (440.832898ms)
✔ LOOP-065: a receipt without stderr_output needs a new check (486.829426ms)
✔ LOOP-065: a receipt without stderr_digest needs a new check (436.312366ms)
✔ LOOP-065: legacy unverifiable output is rerun without rewriting history (720.211747ms)
✔ a fresh record names the kernel that wrote it (LOOP-023) (318.609234ms)
✔ LOOP-095: a record from another kernel is stale with the kernel named, and a new check restores Done (750.581098ms)
✔ LOOP-095: a record from no kernel is stale with the kernel named, and a new check restores Done (725.896338ms)
✔ LOOP-070: a later failure is latest even when the clock moves backward (882.552029ms)
✔ LOOP-070: receipt collisions at one clock instant retain execution order beyond nine suffixes (3455.32949ms)
✔ LOOP-070: imported branch receipts stale a later sequence until a new check incorporates them (1071.461268ms)
✔ LOOP-070, LOOP-098: legacy receipts need one ordered check, remain byte-for-byte unchanged, and precede the run receipt in the history (559.880728ms)
✔ LOOP-070: edit of a prior receipt requires fresh evidence (449.997193ms)
✔ LOOP-070: remove of a prior receipt requires fresh evidence (465.614217ms)
✔ LOOP-075: supporting evidence file README.md does not become a receipt (493.378445ms)
✔ LOOP-075: supporting evidence file notes.txt does not become a receipt (482.764316ms)
✔ LOOP-075: supporting evidence file support does not become a receipt (488.15502ms)
✔ LOOP-075: supporting evidence file .DS_Store does not become a receipt (507.128553ms)
✔ LOOP-075: a malformed result line (result=success) names a repair before execution (321.625317ms)
✔ LOOP-075: a malformed result line (sequence=NaN) names a repair before execution (319.515009ms)
✔ LOOP-075: a malformed result line (sequence=9007199254740992) names a repair before execution (320.463678ms)
✔ LOOP-075: a malformed result line (history_digest=wrong) names a repair before execution (313.716646ms)
✔ LOOP-075: a malformed result line (tokens) names a repair before execution (352.812735ms)
✔ LOOP-075: a receipt-shaped directory is a named repair instead of an EISDIR crash (273.22685ms)
✔ LOOP-070: an earlier escalation cannot cover three new attempts after clock rollback (913.933614ms)
✔ LOOP-070: an answer becomes old after a later check even if that check's timestamp is earlier (601.031412ms)
✔ LOOP-070: the newest answer wins between checks even when its clock timestamp is older (394.93831ms)
✔ LOOP-070: legacy escalation dates cover old receipts but not three newer sequenced runs (1203.174029ms)
✔ a PKG requirement the commitment does not name is declared, run, and gates Done (PKG-011) (1685.297782ms)
✔ a PKG requirement in a Draft spec is not folded in (496.469763ms)
✔ LOOP-076, LOOP-079: stale inputs identify the receipt and the check to run (619.354195ms)
✔ LOOP-077: names a content change using checked input identity (619.193076ms)
✔ LOOP-077: names a mode change using checked input identity (623.188885ms)
✔ LOOP-077: names a kind change using checked input identity (661.667367ms)
✔ LOOP-077: names a added change using checked input identity (619.754839ms)
✔ LOOP-077: names a removed change using checked input identity (532.700415ms)
✔ LOOP-077: names a link-target change using checked input identity (770.246734ms)
✔ LOOP-077: changed selection compares the old and new input sets (467.05818ms)
✔ LOOP-077: raw CRLF changes remain visible when Git-clean content agrees (450.204472ms)
✔ LOOP-077: detail output is sorted, bounded, and reports the omitted count (496.120335ms)
✔ LOOP-077: filenames cannot inject lines or terminal controls into explanations (432.560984ms)
✔ LOOP-077: receipts from one run share details and do not store source contents (299.418328ms)
✔ LOOP-078, LOOP-080: legacy optional detail limits explanation without changing standing (507.670311ms)
✔ LOOP-078, LOOP-080: invalid-field optional detail limits explanation without changing standing (520.657723ms)
✔ LOOP-078, LOOP-080: missing optional detail limits explanation without changing standing (493.656568ms)
✔ LOOP-078, LOOP-080: invalid-json optional detail limits explanation without changing standing (495.700077ms)
✔ LOOP-078, LOOP-080: mismatched optional detail limits explanation without changing standing (499.644158ms)
✔ LOOP-078, LOOP-080: duplicate optional detail limits explanation without changing standing (480.343204ms)
✔ LOOP-078, LOOP-080: unsafe-path optional detail limits explanation without changing standing (490.230265ms)
✔ LOOP-078, LOOP-080: directory optional detail limits explanation without changing standing (519.689493ms)
✔ LOOP-078, LOOP-080: symlink optional detail limits explanation without changing standing (491.226846ms)
✔ LOOP-078: unavailable old requirement text is not claimed as a proven change (399.70681ms)
✔ LOOP-076, LOOP-079: changed requirements identify evidence and retain review-before-check guidance (374.613167ms)
✔ LOOP-078: simultaneous input and output damage keep both reasons (384.552811ms)
✔ LOOP-080: deterministic freshness sequence seed=7 (8814.391051ms)
✔ LOOP-080: deterministic freshness sequence seed=42 (5594.084637ms)
✔ LOOP-080: deterministic freshness sequence seed=913 (4954.687812ms)
✔ LOOP-080: agreement changes, mechanism review, checks, and completion review retain priority (1295.057343ms)
✔ LOOP-080: imported receipt history demands a rerun without a false input explanation (1242.310474ms)
✔ LOOP-073: clean CRLF input completes under attributes (481.261099ms)
✔ LOOP-073: clean CRLF input completes under autocrlf (494.769152ms)
✔ LOOP-073: raw line-ending mutation during a run is rejected even when Git still sees the same content (212.659734ms)
✔ LOOP-073: execution evidence changes when clean conversion preserves committed identity (966.10851ms)
✔ LOOP-073: Git clean filters use Git's conversion while retaining raw evidence identity (578.430588ms)
✔ LOOP-073: failure of a required Git filter cannot record evidence (130.286259ms)
✔ LOOP-073: a clean filter moving HEAD during ending validation prevents evidence (558.038906ms)
✔ LOOP-073: canonical Git identities handle links without reading their targets (452.611671ms)
✔ LOOP-073: Git conversion keeps raw Unicode and control-character input paths (407.629717ms)
✔ LOOP-073: conversion and links work in a SHA-256 Git repository (392.55127ms)
✔ LOOP-074: historical specification filename "café.md" remains reviewable (377.958329ms)
✔ LOOP-074: historical specification filename "spec\ttab.md" remains reviewable (347.880854ms)
✔ LOOP-074: historical specification filename "spec\nline.md" remains reviewable (392.755225ms)
✔ help works outside a repository without running a command (PKG-017) (869.177286ms)
✔ help does not hide invalid options or consume literal arguments (173.688915ms)
✔ help lists the lint command (PKG-017) (46.178604ms)
✔ a working directory that no longer exists is named as the failure, and git is not blamed (PKG-041, PKG-022) (154.865199ms)
✔ the stop hook refuses a stop while wake says Resolvable, with the verdict as the reason (PKG-018) (210.591348ms)
✔ the stop hook allows a stop at Done, at Escalate, and outside a Cairn repository (PKG-018) (963.844591ms)
✔ the session-start hook links the command once and prints the verdict in a Cairn repository (PKG-019, PKG-014, PKG-005) (419.751355ms)
✔ the session-start hook prints no verdict outside a Cairn repository and leaves an existing link that resolves alone (PKG-019) (58.916499ms)
✔ a checkout under a path with a space links a command that resolves, and its stop hook still blocks (PKG-019, PKG-021) (345.87605ms)
✔ the hooks run the kernel the command link resolves to, so hook and agent share one referee (PKG-021) (1038.943824ms)
✔ a dangling link is replaced and reported (PKG-019) (166.176717ms)
✔ errors exit 0 with one line on standard error and no stack trace (PKG-022) (177.473137ms)
✔ the hooks judge with the cairn on PATH, a wrapper included, and session-start names it (PKG-033) (996.3518ms)
✔ a link to a wrapper or file is kept; a dangling link or one to a directory is replaced (PKG-034) (367.109253ms)
✔ a project below the Git toplevel gets the verdict and the stop refusal (PKG-035) (258.867883ms)
✔ a kernel that prints no verdict is one stderr line: the stop is allowed and session-start prints no trace (PKG-036) (155.883279ms)
✔ a link that cannot be created is one stderr line, and the verdict still prints (PKG-019, PKG-022) (115.934755ms)
✔ with git absent the hooks say so in one line and block nothing (PKG-022) (88.830318ms)
✔ stop_hook_active true no longer lets a Resolvable stop through: the hook still refuses (PKG-018) (185.442845ms)
✔ receipts written by the project's own kernel are judged with it, not with a different cairn on PATH (PKG-033, PKG-021) (397.277034ms)
✔ the fourth stop on an unchanged verdict, commit and tree goes through with a message and a stop record; each refusal names cairn escalate (PKG-043, PKG-044) (432.755085ms)
✔ progress resets the count, a commit or an edited file alike, and each session counts on its own (PKG-043) (1162.762005ms)
✔ no report, one for another commitment, at another commit, or at a value that is not a commit names a new reviewer; an uncommitted review is committed first (LOOP-020) (1382.781897ms)
✔ an old report re-dated, however it is edited, does not name the new commit and names a new reviewer; a new report with the same words does not (LOOP-020) (1325.200925ms)
✔ each finding is carried by the one line citing its number and beginning with its words; malformed reports are repairs (LOOP-020) (3696.571532ms)
✔ citations name their report's commit, so rounds never collide and an old line never carries a new finding; a wrapped review line is its own repair (LOOP-020) (815.408026ms)
✔ a finding that quotes a citation in its own words is carried by copying it, and an uncited wrapped line is no repair when there is nothing to carry (LOOP-020) (543.47171ms)
✔ a citation that is not last on its line is refused as such, and a finding ending with a citation is carried in the short form (LOOP-020) (831.56343ms)
✔ a report written or changed on disk but not committed is named commit, never judged as the committed one (LOOP-020) (536.543464ms)
✔ the findings list is read from the record's text: blank lines between entries, a wrapped entry, any bullet, and a blank line inside examined: lose nothing; a list after a heading stays unread (LOOP-020, LOOP-086, LOOP-071) (1265.097056ms)
✔ the reader reads a numbered or nested list and a blank line in examined:, and names a line it cannot read rather than reading nothing (LOOP-086, LOOP-020) (1054.76624ms)
✔ a line the reader cannot read is named whenever an entry follows it, in the review and in the report, and a finding under a heading is named (LOOP-086, LOOP-020) (1365.099847ms)
✔ a margin line that only looks like a field never ends a list in silence (LOOP-086, LOOP-020) (981.227063ms)
✔ a field name repeated inside a list is named, the report's findings under a heading are named beside a list, and the repair offers the fix that keeps the finding (LOOP-020, LOOP-086) (843.640632ms)
✔ a Reviewer: line inside a list is named, and an honest record with a findings-titled heading is read (LOOP-020, LOOP-086) (579.043266ms)
✔ cairn lint runs the checker over docs/spec by default and over a named directory (PKG-028) (212.283645ms)
✔ cairn lint names a missing directory in one line, takes one argument, and reports a bad root (PKG-028) (198.163445ms)
✔ three megabytes are retained exactly once with matching digests (LOOP-041, LOOP-042) (341.042176ms)
✔ split stdout result lines survive a long non-result line; stderr is never a verdict (339.808911ms)
✔ signal termination is recorded and logs survive a clone (LOOP-043) (300.694273ms)
✔ working agreements and ignore changes are Cairn records inside the footprint (305.984994ms)
✔ a clean package passes (77.648352ms)
✔ PKG-001: a dependency, or a service manifest (166.79317ms)
✔ PKG-002: ignoring evidence or other durable state, by directory or by extension (125.132851ms)
✔ PKG-003: a command, a directory, or a record kind no decision names (209.274156ms)
✔ PKG-004: a kernel over 1900 lines, counting every file under bin/ as wc -l does; exactly 1900 passes (288.719486ms)
✔ PKG-006: a skill step naming a vendor's product, in either order, across a wrapped list item (PKG-027) (272.937456ms)
✔ PKG-008: a non-ASCII character in a tracked text file (73.531218ms)
✔ PKG-009: the kernel importing from tests (87.012822ms)
✔ PKG-012: a network call or a model client in the kernel, but not a vendor's name in text (297.793364ms)
✔ PKG-013: deferral language, but not in code, quotes, or a rule (530.779179ms)
✔ a tracked path deleted from the working tree is skipped, not a crash (85.96459ms)
✔ a sentence in a Formats section is not a record kind (73.943552ms)
✔ a record kind named by its path alone is checked (83.28196ms)
✔ PKG-002: a tracked in-progress record (82.884808ms)
✔ PKG-002: ignoring evidence alone is a finding (58.577597ms)
✔ PKG-003 reads the kernel's commands from its help output (PKG-023) (97.659925ms)
✔ the ASCII scan covers shipped files, not records under .cairn/ (PKG-024) (74.725905ms)
✔ a vendor-naming step wrapped across lines is matched (PKG-006, PKG-027) (67.236858ms)
✔ PKG-013 scans the README, the manual, and the walkthrough (PKG-032) (235.773289ms)
✔ the manifests, the listing and package.json agree on the name and version, and name paths the repository holds (PKG-037) (2.079636ms)
✔ the hooks file registers session-start and stop against the plugin's own hook.mjs through the plugin root variable (PKG-038) (0.249682ms)
✔ a Muse hook entry whose shared hook is missing prints one line and exits 0 (PKG-041, PKG-022) (91.005874ms)
✔ the registered commands print the verdict at session start, link the command into the plugin, and refuse a stop while wake says Resolvable (PKG-038, PKG-021) (335.048358ms)
✔ LOOP-071: decision body metadata does not resolve unbuilt work: "Superseded by: example" (642.283425ms)
✔ LOOP-071: decision body metadata does not resolve unbuilt work: "```text\nSuperseded by: example\n```" (590.554544ms)
✔ LOOP-071: decision body metadata does not resolve unbuilt work: "~~~text\nSuperseded by: example\n~~~" (626.171025ms)
✔ LOOP-071: a fenced realization example is not a resolving commit (619.540887ms)
✔ LOOP-071: a fenced commit inside the realization section is not built (597.161474ms)
✔ LOOP-071: ## Example cannot replace an open review finding (577.365146ms)
✔ LOOP-071: # Example cannot replace an open review finding (526.166449ms)
✔ LOOP-071: ### Example cannot replace an open review finding (508.287682ms)
✔ LOOP-071:   ## Example cannot replace an open review finding (490.18711ms)
✔ LOOP-071: Example paragraph. cannot replace an open review finding (515.816798ms)
✔ LOOP-071: Example
------- cannot replace an open review finding (445.53535ms)
✔ LOOP-071: fenced fields before a real review header are ignored (406.438853ms)
✔ LOOP-071: multiline decision --title cannot inject metadata (361.431986ms)
✔ LOOP-071: multiline decision --decided-by cannot inject metadata (323.689082ms)
✔ LOOP-071: multiline decision --rests-on cannot inject metadata (354.783824ms)
✔ LOOP-071: multiline decision --wrong-if cannot inject metadata (352.640679ms)
✔ LOOP-071: multiline decision --history cannot inject metadata (333.467263ms)
✔ LOOP-072: malformed Blocking concerns stay open: "R-001\nAnswer: ok" (93.612587ms)
✔ LOOP-072: malformed Blocking concerns stay open: "R-001\r\nAnswer: ok" (89.229013ms)
✔ LOOP-072: malformed Blocking concerns stay open: "R-001\rAnswer: ok" (88.184943ms)
✔ LOOP-072: malformed Blocking concerns stay open: "R-001 Answer: ok" (90.219635ms)
✔ LOOP-072: malformed Blocking concerns stay open: "R-001 Answer: ok" (92.639691ms)
✔ LOOP-072: ordinary malformed concerns are refused: "R-001\nR-002" (41.246762ms)
✔ LOOP-072: ordinary malformed concerns are refused: "R-001, prose" (41.205921ms)
✔ LOOP-072: ordinary malformed concerns are refused: " " (50.660845ms)
✔ LOOP-072: a Blocking escalation without concerns is still presented (95.368774ms)
✔ LOOP-072: carriage returns in a Blocking question do not create answer records (77.135893ms)
✔ LOOP-072: explanation separator 8232 cannot close an escalation (154.760672ms)
✔ LOOP-071: decision metadata refuses separator 8232 (327.935945ms)
✔ LOOP-072: explanation separator 8233 cannot close an escalation (154.42213ms)
✔ LOOP-071: decision metadata refuses separator 8233 (339.992685ms)
✔ Concerns, Rests on, and Promoted from written as lists read as the flat form (LOOP-124) (551.747074ms)
✔ an item named by filename, path, or backticked slug resolves like the slug (LOOP-125) (478.401665ms)
✔ an input that covers Cairn's own output is named as the repair, before and after a check (LOOP-126, LOOP-105) (561.924195ms)
✔ an unreadable record directory is a repair, not an error exit (LOOP-127) (78.13164ms)
✔ a title that slugifies to nothing is refused (LOOP-128) (128.757625ms)
✔ examined: [] is an empty list (LOOP-129, LOOP-108) (438.798138ms)
✔ below the Git toplevel the restore check compares root-relative paths (LOOP-130, LOOP-035) (363.424918ms)
✔ below the Git toplevel an uncommitted declared input is named from the project root (LOOP-132, LOOP-030) (204.574436ms)
✔ a value on the key line followed by list items is the first item, never dropped (LOOP-133) (567.48897ms)
✔ the footprint's walk reads Current: as the wake does: a fenced example below the real line, or a second line in history, never moves the start (LOOP-134, LOOP-035) (273.268041ms)
✔ an input spelled .. from a project below the Git toplevel covers the evidence directory (LOOP-126, LOOP-105) (81.794293ms)
✔ a Consequential record this commitment added needs its queue entry committed (LOOP-131, DEC-004) (465.72139ms)
✔ a mechanism that removes the check lock still gets its evidence, with no repair for the lock (LOOP-107) (220.385626ms)
✔ a staged rename reads as its two paths, never as a bare origin token (LOOP-030, LOOP-110) (122.708418ms)
✔ a Current: line inside a fenced example is neither a second Current: line nor the commitment, before or after the real line (LOOP-104) (194.137212ms)
✔ a Status: word is taken only from a line that carries one, never from wrapped prose after it (SPEC-018) (2.852491ms)
✔ the placeholder left above a resolving entry is a repair naming the file (DEC-021) (216.897409ms)
✔ the placeholder alone is a decision recorded and not yet built, unchanged (DEC-007) (72.6199ms)
✔ resolving entries with no placeholder are unchanged (DEC-006) (117.91345ms)
✔ a shallow clone that cannot resolve its entries is still told to fetch, not to edit (LOOP-113 keeps precedence) (101.855525ms)
✔ the placeholder quoted in a fenced example does not make a built record a repair (DEC-021) (112.024973ms)
✔ supersede takes the same decider vocabulary as decide (DEC-020) (105.960683ms)
✔ a superseded record is held to the same line: its placeholder above a resolving entry is a repair (DEC-021, DEC-010) (162.369869ms)
✔ realize() touches only the Realized by section; a body that quotes the placeholder keeps it (153.225975ms)
✔ an untracked file under a declared input is not a change under way; check still refuses beside it and names .gitignore (LOOP-110, LOOP-030) (229.219349ms)
✔ an unmatched input is refused before execution (LOOP-044) (157.500137ms)
✔ an indexed input deleted on disk asks for a commit (LOOP-045) (149.413894ms)
✔ wake and check require a Git working tree (LOOP-046) (131.155178ms)
✔ recovery removes only dead kernel run records and identifies a live owner (LOOP-054, LOOP-055) (341.98856ms)
✔ an agent action based behind a clean HEAD appears committed (LOOP-027) (181.237115ms)
✔ realization needs a real commit and a subject (DEC-006) (236.306634ms)
✔ 1500 binary inputs digest identically at the review commit in under a second (LOOP-024) (1446.435959ms)
✔ merged work is excluded but a later own commit is a breach (LOOP-047) (262.690316ms)
✔ exact Current tenure ignores prefix matches and earlier visits to the same slug (LOOP-035) (255.748135ms)
✔ a kernel run records its supervising PID (LOOP-054) (249.427363ms)
✔ a merged declared input still stales evidence (LOOP-047) (385.370195ms)
✔ wildcard and magic pathspecs select the same historical inputs (LOOP-024, LOOP-032) (2140.871907ms)
✔ historical selection retains deleted files and excludes new ones (LOOP-024, LOOP-035) (1236.966649ms)
✔ cairn --version prints the package.json version outside a repository, and help lists it (PKG-039) (132.477602ms)
✔ a release is one commit setting one version in the five files, with the changelog entry, tagged v<version> (PKG-040) (961.366571ms)
✔ the release script refuses a bad version, no increase, a dirty tree, a missing entry, a taken tag, a disagreeing file, and a loop not at Done, each in one line with nothing written (PKG-040) (1795.990539ms)
✔ a version file written as compact JSON is released, and nothing else in any version file changes (PKG-042) (1200.016059ms)
✔ with attribution forbidden, the release script refuses an unpushed commit carrying an AI attribution line (PKG-045) (550.879742ms)
✔ explicit reporting with no lines and exit 0 establishes no requirement verdicts (LOOP-061) (432.795806ms)
✔ explicit reporting with no lines and exit 1 establishes no requirement verdicts (LOOP-061) (391.029318ms)
✔ a reporter that cannot start keeps execution diagnostics without blaming requirements (LOOP-062) (224.799281ms)
✔ large output cannot kill a reporter or invent a requirement verdict (301.734273ms)
✔ explicit mode ignores cairn: R-999: pass (275.196061ms)
✔ explicit mode ignores cairn: R-001: unverified (281.615348ms)
✔ explicit mode ignores cairn: R-001: passed (293.943847ms)
✔ explicit results survive nonzero exit and contradictory duplicates still fail (572.243969ms)
✔ unverified results across changed inputs never become failed attempts (1393.299565ms)
✔ legacy exit 0 retains its interpretation (217.793519ms)
✔ legacy exit 1 retains its interpretation (214.155947ms)
✔ a misspelled reporting mode is refused before execution (109.103726ms)
✔ changed requirement blocks unchecked reruns and makes the completion review stale (LOOP-058, LOOP-059) (1664.983439ms)
✔ falsifier changes need review; separate rationale and other requirements do not change a receipt (1300.245111ms)
✔ legacy receipts recover requirement identity from their commit; unavailable history requires review (927.603488ms)
✔ check refuses uncommitted requirement text and mechanism review markers (790.341482ms)
✔ tightened response limit cannot reuse the old passing check (1355.079508ms)
✔ a declared input over 1 MiB agrees at a commit and in the tree (LOOP-060) (448.532244ms)
✔ a failed Git blob read cannot be hashed as an empty blob (380.898606ms)
✔ Git listings over 1 MiB include the last declared input (2140.087592ms)
✔ requirement identity excludes fenced examples and status dates (482.721476ms)
✔ DemonCoder REM-002 and Status in progress cannot silently satisfy the review gate (LOOP-086) (728.49609ms)
✔ valid open findings retain their behavior (461.61505ms)
✔ valid resolved findings retain their behavior (513.405063ms)
✔ valid empty findings retain their behavior (552.439644ms)
✔ valid mixed valid findings retain their behavior (488.515437ms)
✔ malformed finding "open:" requires repair (413.696878ms)
✔ malformed finding "resolved:   " requires repair (391.896343ms)
✔ malformed finding "Open: incorrect case" requires repair (367.595691ms)
✔ malformed finding "unknown: issue" requires repair (345.942974ms)
✔ malformed finding "\u001b[31mBAD: issue" requires repair (343.168325ms)
✔ the established explicit empty findings list remains valid (369.674348ms)
✔ a scalar findings value requires the supported list format (310.71263ms)
✔ check runs a mechanism when a requirement outside the commitment was revised, and asks for the review once a commitment includes it (LOOP-059) (852.787409ms)
✔ a Requirements: line written as a list is read like the flat form (LOOP-102) (115.462103ms)
✔ a subdirectory or a README in a record directory changes nothing (LOOP-103) (503.997796ms)
✔ two Current: lines are a roadmap repair (LOOP-104) (83.997177ms)
✔ a repeated identifier, an input under the evidence directory, and a missing cwd are refused by name (LOOP-105) (414.540285ms)
✔ a requirement whose evidence outlives its mechanism is named declare, not a regression or an escalation (LOOP-106) (1014.853424ms)
✔ an unreadable record is a repair, not an error exit (LOOP-107) (85.448982ms)
✔ a review needs commit, a nonempty examined list, and a findings list, each named when missing (LOOP-108) (945.447443ms)
✔ a decision record missing a header field or naming a missing predecessor is a repair (LOOP-109) (274.62827ms)
✔ a dirty declared input with no in-progress record is named record ahead of run (LOOP-022, LOOP-110) (239.834402ms)
✔ with core.filemode false the index mode is the identity, so a mode-only difference does not refuse the check (LOOP-111) (233.00348ms)
✔ a project below the Git toplevel can run check (LOOP-112) (231.656156ms)
✔ a shallow clone names history to fetch, not a decision to build (LOOP-113) (142.66468ms)
✔ record-writing commands refuse to run outside a Cairn repository and write nothing (LOOP-118) (219.360891ms)
✔ a git that cannot start is one line and exit 3 from wake and from check, with nothing recorded (LOOP-137) (93.173746ms)
✔ an unexplained or uncommitted stop record is named explain before any other action; explained and committed, the wake moves on (LOOP-139) (268.12026ms)
✔ empty footprint names declaration before scope and records no evidence (LOOP-081) (530.00421ms)
✔ first declaration still checks the full earlier history (LOOP-081) (328.127836ms)
✔ an empty current footprint does not block an explicitly requested existing mechanism (LOOP-081) (286.775216ms)
✔ an inherited mechanism provides a footprint even before local mechanisms exist (239.780475ms)
✔ scope reports every path, escapes line breaks, and gives identical remedies (LOOP-082) (252.625869ms)
✔ scope verdict reuses the answered-escalation annotation (LOOP-048, LOOP-051, LOOP-083) (541.604317ms)
✔ a committed scope acknowledgment lets restored history proceed (LOOP-083) (671.053025ms)
✔ scope acknowledgment must be committed before it can clear a breach (646.845131ms)
✔ ordinary ok does not acknowledge scope history (299.017326ms)
✔ scope escalation refuses unrestored paths and names the restoration remedy (240.199331ms)
✔ an invalid scope request still records an explicitly Blocking decision (145.34427ms)
✔ ask and explanation stay open; only the final committed ok acknowledges scope (723.662505ms)
✔ instead is visible but does not silently authorize a scope exception (384.981524ms)
✔ later changes to an acknowledged path still block, including later reverts (1076.13943ms)
✔ approval cannot hide another path changed after the snapshot (388.405936ms)
✔ acknowledged history remains conditional on the paths staying restored (521.092703ms)
✔ editing the scope snapshot after answer invalidates its acknowledgment (262.774473ms)
✔ malformed scope metadata cannot suppress a breach (1372.700708ms)
✔ damaged acknowledgment fields cannot suppress a breach (529.313363ms)
✔ scope path matching is literal, including wildcard filenames and control characters (492.052347ms)
✔ scope acknowledgment does not carry into another activation of the same slug (289.98112ms)
✔ restoration checks additions, deletions, executable modes, and symlink kinds (1398.411912ms)
✔ explicit committed retention keeps correct work and requires new evidence and review (LOOP-084, LOOP-085) (1953.337443ms)
✔ a missing declaration covers correct earlier work without retention or revert (485.572444ms)
✔ keep requires scope and an unchanged committed candidate (160.316239ms)
✔ uncommitted retention and instead answers cannot clear the incident (993.896547ms)
✔ retention does not grant future edits, even when reverted to the approved tree (1272.445927ms)
✔ retention cannot cover another path or another activation (552.836872ms)
✔ imported changes must still match the retained tree (558.695621ms)
✔ retention handles additions, deletions, modes, symlinks, and literal filenames (1916.055619ms)
✔ retention cannot convert an existing restoration answer or accept an unknown mode (404.660992ms)
✔ a check failure after retention remains a failure (641.857338ms)
✔ retained paths stay part of the stable checked candidate without extending its footprint (534.466653ms)
✔ retention ask needs an explanation and final committed approval (531.20703ms)
✔ an unknown scope mode remains invalid even with a matching approval digest (270.935556ms)
✔ backlog writes the item; a second with the same title is refused, never overwritten (LOOP-016) (135.311177ms)
✔ a commit inside the footprint: check runs; outside it: check names the path and does not run (LOOP-015, LOOP-035) (551.093975ms)
✔ Cairn's records are never a breach; another file under docs/ is (LOOP-117) (638.259718ms)
✔ declaring the path as an input clears the breach (255.941033ms)
✔ a revert preserves the record of an out-of-scope commit (LOOP-047) (271.151252ms)
✔ a commitment naming a requirement the spec set does not hold as Agreed is repaired (LOOP-029) (78.310973ms)
✔ a requirement in a Draft spec file is not Agreed (69.481597ms)
✔ working agreements and the ignore file are Cairn records (LOOP-035, LOOP-036) (431.887787ms)
✔ the over-asking rule is gone from both skills (SPEC-005, SPEC-006, SPEC-007) (1.735918ms)
✔ a decision during the phase is recorded (DEC-003) (0.144002ms)
✔ understanding is restated before writing (SPEC-003) (0.129921ms)
✔ falsifiers are proposed as one set and confirmed by exception (SPEC-004) (0.247449ms)
✔ depth is inferred and domains derived, never asked or imposed (SPEC-008, SPEC-009) (0.137102ms)
✔ a term enters the glossary at first occurrence (SPEC-010) (0.096739ms)
✔ the phase ends at the first commitment, and later ones are specified during the loop (SPEC-011, SPEC-012) (0.127876ms)
✔ a requirement goes Agreed only with a nameable mechanism (SPEC-013) (0.735891ms)
✔ review before agreement, recording what it attacked (SPEC-014, SPEC-015) (0.226566ms)
✔ no spec file without requirements; nothing Agreed without a falsifier (SPEC-001, SPEC-002) (5.159481ms)
✔ Observed is marked, and is not contract (SPEC-016, SPEC-017) (0.246134ms)
✔ the skills exclude artifacts outside Cairn's workflow (0.184772ms)
✔ the working agreement names the agent's move for each verdict and the write-ahead record (LOOP-036) (0.239689ms)
✔ the working agreement names the developer's moves (LOOP-036, DEC-014) (0.26978ms)
✔ this repository runs by the file it ships (0.387946ms)
✔ both skills write the working agreement without naming a vendor's file (LOOP-002, LOOP-036, PKG-006) (0.133603ms)
✔ the working agreement says what an attempt is (LOOP-036, DEC-017, DEC-018) (0.088489ms)
✔ the working agreement says a failure no footprint change can address is an escalation, and where an inherited requirement is repaired (DEC-019, LOOP-057) (0.119604ms)
✔ the working agreement states the promote, next-iteration, and no-deferral moves (LOOP-029, LOOP-087, LOOP-091, LOOP-092) (0.094743ms)
✔ both skills sort captures into the backlog or next-iteration and forbid deferral (LOOP-029, LOOP-092, LOOP-093) (0.08251ms)
✔ the skill requires a falsifier on every requirement, a MAY included (SPEC-025) (0.074555ms)
✔ the working agreement names the hooks as optional and the install skill registers them for two harnesses (PKG-006, PKG-018, PKG-019) (0.241844ms)
✔ the working agreement says the kernel is upgraded at Done, never inside a commitment (LOOP-096) (0.080547ms)
✔ the next-iteration skill starts from the specification and ends by naming the next commitment (SPEC-026, SPEC-027) (0.265431ms)
✔ every document that names the project skills names next-iteration beside them (SPEC-026, PKG-014) (2.764506ms)
✔ the working agreement states a move for every action the kernel can name (LOOP-101) (1.732867ms)
✔ the working agreement states both record formats and the two flags the moves need (LOOP-036) (0.13608ms)
✔ the skills demonstrate a safe violating example and preserve recon findings (SPEC-022, SPEC-023) (0.067416ms)
✔ the specification skills run the checker through the cairn command (PKG-029) (0.223331ms)
✔ the README invokes the phase skills by name and states versions and platforms (PKG-030, PKG-031) (0.270353ms)
✔ the manual and the walkthrough say the loop promotes backlog items at Done (0.854851ms)
✔ the working agreement says a report is not work under way, its findings are captured, and it is committed with them (LOOP-138) (0.087615ms)
✔ a two-obligation sentence is named (PKG-007) (38.786672ms)
✔ an obligation with no actor is named (PKG-010) (36.650159ms)
✔ a leading condition clause is not the actor, and the actor after it counts (39.902375ms)
✔ an Agreed requirement with no falsifier is named (SPEC-002); a Draft one is not (83.932773ms)
✔ prose after a Draft requirement with no falsifier is not scanned as requirement text (51.836525ms)
✔ a spec declaring a prefix with no requirement is named (SPEC-001) (44.170835ms)
✔ a keyword in backticks or quotes is a mention, not an obligation (39.506765ms)
✔ duplicate identifiers are rejected within a file and across files (SPEC-020) (86.900586ms)
✔ references resolve across files; missing references name their source (SPEC-021) (89.147615ms)
✔ code examples and quoted mentions are neither definitions nor references (42.898473ms)
✔ machine-local paths are findings in prose, links, quotes, and examples (SPEC-019) (415.799096ms)
✔ relative paths, URLs, slash commands, and character mentions are not absolute path findings (39.551624ms)
✔ a slash after a placeholder continues the template (SPEC-019) (67.059462ms)
✔ a host path is a finding until the file declares it (SPEC-019, SPEC-024) (67.745385ms)
✔ declared host paths cover children with a slash boundary and stay file-local (126.26648ms)
✔ a host-path declaration inside a requirement or example grants no exception (108.902527ms)
✔ host-path declarations require absolute or home-relative entries (178.598726ms)
✔ an Agreed block whose only keyword is MAY needs a falsifier like any other (SPEC-025, SPEC-002) (73.420204ms)
✔ a regex literal is not a path, a drive path and a file URL are, and a skill's slash name is allowed (SPEC-028, SPEC-029) (70.466885ms)
✔ a backticked or quoted actor still counts as one (PKG-010) (37.831847ms)
✔ supersede writes both lines, and the old record keeps every word it had (DEC-008, DEC-010) (80.955059ms)
✔ supersede without a cause, or with one outside the four, is refused (DEC-009) (127.981609ms)
✔ supersede of a record that does not exist is refused (83.531571ms)
✔ a predecessor with no title line cannot be stamped, so nothing is written (76.335865ms)
✔ a --supersedes argument outside the slug alphabet is refused, and a path never reaches the filesystem (DEC-022) (249.876458ms)
✔ a record already superseded cannot be superseded again: one Superseded by line per record (DEC-022, DEC-010) (191.323594ms)
✔ reversals reports counts by decider, cause, and domain (DEC-011) (165.565949ms)
✔ decide in a domain with a reversal is refused without --history, naming the reversal; with it, the record carries History (DEC-012) (181.392347ms)
✔ decide in a domain with no reversals needs no --history (121.895677ms)
✔ a record resting on prose alone is in the domain unspecified, and so is the next one (122.01885ms)
✔ the decider tally normalizes case and whitespace, and names a value outside the vocabulary (DEC-020, DEC-011) (67.261392ms)
✔ a record with no Decided by line is tallied as unrecorded, not as a vocabulary value (71.301423ms)
✔ Decided by written as a list tallies like the flat form, and does not crash the report (LOOP-124, DEC-020) (57.10213ms)
✔ a second declaration for one requirement is accepted, a named check runs every mechanism, and Done needs each to pass (LOOP-056, LOOP-099) (1961.982594ms)
✔ one mechanism's stale evidence names that mechanism, and --stale runs only it (LOOP-056, LOOP-094) (733.085479ms)
✔ attempts are counted within one mechanism's records, so the other's passes do not reset them (LOOP-100, DEC-016) (1357.321665ms)
✔ step 1: an in-progress record is reconciled before anything else (96.341394ms)
✔ step 2: an open escalation is presented and nothing else happens (81.295629ms)
✔ an answered escalation is not open (473.322626ms)
✔ step 3: a decision with no realized-by is built, first by name (DEC-007) (89.837298ms)
✔ a superseded decision with no realized-by is not work (125.185417ms)
✔ step 6: a mechanism that has never run is run, not implemented (LOOP-008) (127.069749ms)
✔ step 6: a requirement whose mechanism fails is implemented (465.609939ms)
✔ step 6 before step 7: failing evidence outranks a missing mechanism (305.943372ms)
✔ step 7: a requirement with no mechanism is declared (LOOP-106) (86.277322ms)
✔ every verdict names who acts: Resolvable is the agent's, Done needs nobody, Escalate waits for the developer (LOOP-004) (561.710684ms)
✔ malformed roadmap is Resolvable, not fatal (LOOP-005) (54.658627ms)
✔ a commitment naming no requirements is Resolvable (LOOP-018) (73.251853ms)
✔ the primary test: two wakes on the same checkout give the same action, before and after a persisted transition (LOOP-001, LOOP-003) (525.725162ms)
✔ outside a cairn repository wake cannot run (41.763814ms)
✔ the loop never waits on the review queue (DEC-015) (355.027724ms)
✔ twenty built records cost one git call to resolve, not twenty (DEC-023) (211.286461ms)
✔ an ambiguous Realized by identifier is the repair that says lengthen it, not a build (LOOP-113, DEC-023) (155.453844ms)
✔ the linked walkthrough runs from agreement through the next commitment (PKG-016) (1289.191689ms)
ℹ tests 514
ℹ suites 0
ℹ pass 514
ℹ fail 0
ℹ cancelled 0
ℹ skipped 0
ℹ todo 0
ℹ duration_ms 21998.093689
