✔ a Draft block overrides an Agreed file for both wake and check (SPEC-018) (191.908124ms)
✔ an Agreed block overrides a Draft file in the kernel and lint (SPEC-018, SPEC-002) (686.24417ms)
✔ a block Status does not become the file default, including inside examples (SPEC-018) (391.110277ms)
✔ block status without a value does not inherit Agreed by accident (SPEC-018) (97.545329ms)
✔ inheritance needs a file Scope and includes only Agreed blocks, regardless of prefix (PKG-015) (1859.660779ms)
✔ Scope inside a requirement or fenced example does not declare inheritance (PKG-015) (760.074294ms)
✔ a falsifier wrapped onto a line beginning with Status: does not become the block's status (SPEC-018) (1.135159ms)
✔ LOOP-063: reject input mutation during a check and retain diagnostics (462.465015ms)
✔ LOOP-063: reject deletion mutation during a check and retain diagnostics (465.968176ms)
✔ LOOP-063: reject addition mutation during a check and retain diagnostics (441.196386ms)
✔ LOOP-063: reject mode mutation during a check and retain diagnostics (472.186552ms)
✔ LOOP-063: reject specification mutation during a check and retain diagnostics (391.494091ms)
✔ LOOP-063: reject declaration mutation during a check and retain diagnostics (419.816604ms)
✔ LOOP-063: reject commit mutation during a check and retain diagnostics (343.870595ms)
✔ LOOP-063: committed input mutation during execution cannot certify the replacement (328.865088ms)
✔ LOOP-064: removing executable permission makes passing evidence stale (516.749453ms)
✔ LOOP-064: a mode-only change also invalidates the previous review after new evidence (787.421054ms)
✔ LOOP-064: changing a regular file into a link with identical identity bytes is stale (903.115946ms)
✔ LOOP-063: an unchanged candidate still records a pass despite unrelated working-tree edits (234.649342ms)
✔ LOOP-064: current and historical input ordering agrees for Unicode filenames (320.897001ms)
✔ LOOP-063: Git status hiding content changes cannot certify an uncommitted candidate (122.419739ms)
✔ LOOP-066: one check owns execution with a kernel action record (525.130587ms)
✔ LOOP-066: one check owns execution with an agent action record (470.994043ms)
✔ LOOP-066: a live lock is named and never silently overwritten (151.075902ms)
✔ LOOP-066: a dead lock is named and never silently overwritten (160.428411ms)
✔ LOOP-066: a incomplete lock is named and never silently overwritten (151.267702ms)
✔ LOOP-066: an execution error releases the check lock for a corrected rerun (545.23916ms)
✔ LOOP-066: a live kernel action from an older Cairn also blocks execution (81.850419ms)
✔ LOOP-066: separate Git worktrees can run checks independently (507.169294ms)
✔ after a green check --stale runs nothing; after one input changes it runs only that mechanism (LOOP-094) (1336.447204ms)
✔ a mechanism speaking for two stale requirements runs once and refreshes both (LOOP-094, LOOP-040) (778.056558ms)
✔ a fresh failure and an unverified result are skipped with implement named (LOOP-094) (681.092974ms)
✔ --stale with a requirement identifier is refused (LOOP-094) (67.125075ms)
✔ check refuses a dirty declared input and names it; a dirty undeclared file does not block (LOOP-030) (509.174652ms)
✔ check writes one receipt per run carrying the full record and a result line per requirement (LOOP-097) (420.787348ms)
✔ a nonzero exit records fail, and the receipt keeps the exit code (LOOP-034) (446.057374ms)
✔ two checks write two records; nothing is overwritten or deleted (LOOP-025) (716.266197ms)
✔ a commit changing a declared input makes evidence stale; an undeclared one does not (LOOP-007) (826.565255ms)
✔ a regression is named before a requirement that never passed (LOOP-031) (897.206833ms)
✔ three attempts with no escalation since: wake says escalate, not a fourth (DEC-016, DEC-017, DEC-018) (2215.446943ms)
✔ the review gate: no review, stale review, open finding, then Done (LOOP-020, LOOP-033) (1085.152058ms)
✔ Done is refused while any requirement lacks current passing evidence (LOOP-017) (102.713848ms)
✔ check names a requested requirement that no mechanism claims (113.308202ms)
✔ check writes and clears an in-progress record around the run (LOOP-021) (214.028845ms)
✔ a linked declared input digests the same at a commit and in the tree (LOOP-023, LOOP-024) (459.944172ms)
✔ a result line is the mechanism's statement about one requirement; what it did not mention is unverified (LOOP-037, LOOP-052) (219.664637ms)
✔ a mechanism that says nothing is read by its exit code for every requirement (LOOP-039) (215.456743ms)
✔ unverified is not an attempt, and a return to an earlier failed digest counts once (DEC-017, DEC-018) (1830.491713ms)
✔ a result line for a requirement the mechanism does not speak for is named and writes nothing (LOOP-038) (219.465588ms)
✔ a result line inside ordinary output, or without the marker, does not count (234.138943ms)
✔ a targeted check runs the named requirements' mechanisms and records every requirement they speak for (LOOP-040) (225.735768ms)
✔ two result lines for one requirement: a fail on any line wins (253.80625ms)
✔ three runs at one digest with no attempt since: the verdict stays implement and names DEC-019; an escalation naming it among others clears the hint (DEC-019, LOOP-053) (1069.893589ms)
✔ a complete commitment with an unpromoted backlog item names promote, and a stamped item lets it reach Done (LOOP-087) (1069.710609ms)
✔ an empty backlog with waiting next-iteration items is Done, with the count as information and no action on them (LOOP-091) (942.244222ms)
✔ a promotion marker must resolve to a decision record (LOOP-088) (244.830085ms)
✔ a commitment promoted from an item needs a decision record naming the item (LOOP-088) (296.549421ms)
✔ the spec lint reports a promotion marker with no decision record (LOOP-088) (96.723863ms)
✔ a promoted commitment that changes an Agreed requirement or the working agreement is an escalation; an unpromoted one is not (LOOP-089, LOOP-090) (1433.236065ms)
✔ a capture from one of the commitment's own requirements needs Outside because: or an escalation (LOOP-092) (1579.352832ms)
✔ a next-iteration item names what it would change, and the capture refuses one that does not (LOOP-093) (402.782233ms)
✔ a commitment specified from a next-iteration item needs the item stamped before anything else (SPEC-027) (519.857538ms)
✔ a by deference marker resolves to a decision record like a promotion marker (SPEC-002, LOOP-088) (191.260086ms)
✔ the LOOP-090 gate reads the Concerns line, not the slug as a substring (LOOP-114) (582.370865ms)
✔ the LOOP-088 check reads the Promotes line, and decide --promotes writes it (LOOP-115) (242.374082ms)
✔ the activation commit of a promoted commitment is inside the LOOP-089 comparison (LOOP-116) (174.747144ms)
✔ every requirement the node-test declaration speaks for is named in a test title (PKG-025) (2.173713ms)
✔ every repository path the tests read is a declared input of node-test (PKG-026) (0.930768ms)
✔ writes a record with every required field and an empty realized-by (DEC-001, DEC-005) (58.187062ms)
✔ a Consequential decision is queued for review (DEC-004, DEC-013) (49.265391ms)
✔ a Consequential decision is queued even when .cairn/queue does not exist yet (40.7853ms)
✔ Routine is refused: routine decisions produce no record (43.634333ms)
✔ a missing field is a usage error and nothing is written (55.123934ms)
✔ supersedes requires a classified cause, and the old record must exist (150.507374ms)
✔ an existing record is not overwritten (125.781673ms)
✔ a queued decision stays queued; nothing but the developer removes it (DEC-014) (210.738536ms)
✔ LOOP-006, LOOP-067: missing inputs names a declaration repair before execution (139.697182ms)
✔ LOOP-006, LOOP-067: empty inputs names a declaration repair before execution (166.176118ms)
✔ LOOP-006, LOOP-067: missing command names a declaration repair before execution (160.27042ms)
✔ LOOP-006, LOOP-067: list command names a declaration repair before execution (165.810695ms)
✔ LOOP-006, LOOP-067: empty command names a declaration repair before execution (159.153432ms)
✔ LOOP-006, LOOP-067: missing requirements names a declaration repair before execution (175.618357ms)
✔ LOOP-006, LOOP-067: bad identifier names a declaration repair before execution (139.784198ms)
✔ LOOP-067: scalar one-item lists retain their existing meaning (373.412197ms)
✔ LOOP-068: a unpopulated gitlink is refused by name (176.136915ms)
✔ LOOP-068: a populated gitlink is refused by name (194.467613ms)
✔ LOOP-069: identical selections across 100 mechanisms use at most 20 Git processes (175.887393ms)
✔ escalate writes the six-line format followed by its facts, and wake presents it (LOOP-010, LOOP-026) (146.476267ms)
✔ a missing or multi-line field is refused with the field named, and nothing is written (LOOP-012) (112.085297ms)
✔ a Blocking escalation that fails the format is written anyway, naming the malformed field (LOOP-013) (126.628658ms)
✔ a --level other than Blocking is refused rather than silently losing the bypass (DEC-002) (58.467971ms)
✔ a second escalation while one is open is refused (LOOP-011) (116.171959ms)
✔ answer records the reply; wake no longer presents it; a second answer is refused (290.915515ms)
✔ answer to an unknown escalation is refused (65.859981ms)
✔ a stranger resumes from the file alone: question and answer are both in it (LOOP-014) (132.856737ms)
✔ after an answer, the same concern can be escalated again under a new name (204.953157ms)
✔ an escalation exists when its file does, committed or not (LOOP-009) (74.985298ms)
✔ developer answers require one of the three forms and cannot inject fields (LOOP-048) (583.115092ms)
✔ ask, agent explanation, another ask, and ok stay ordered in one file (LOOP-049, LOOP-050, LOOP-014) (769.744939ms)
✔ fresh closed answers accompany only concerned requirements until new evidence (LOOP-051) (724.621026ms)
✔ a raised escalation carries no derivable status line, and an old record with one still parses (LOOP-028) (156.753194ms)
✔ LOOP-065: delete of output refuses Done and a new run recovers (1362.038136ms)
✔ LOOP-065: corrupt of output refuses Done and a new run recovers (1232.691665ms)
✔ LOOP-065: delete of stderr_output refuses Done and a new run recovers (971.811185ms)
✔ LOOP-065: corrupt of stderr_output refuses Done and a new run recovers (907.449345ms)
✔ LOOP-065: a receipt without output needs a new check (479.353497ms)
✔ LOOP-065: a receipt without output_digest needs a new check (495.157164ms)
✔ LOOP-065: a receipt without stderr_output needs a new check (471.955214ms)
✔ LOOP-065: a receipt without stderr_digest needs a new check (441.903372ms)
✔ LOOP-065: legacy unverifiable output is rerun without rewriting history (787.490109ms)
✔ a fresh record names the kernel that wrote it (LOOP-023) (354.206764ms)
✔ LOOP-095: a record from another kernel is stale with the kernel named, and a new check restores Done (774.426182ms)
✔ LOOP-095: a record from no kernel is stale with the kernel named, and a new check restores Done (759.875938ms)
✔ LOOP-070: a later failure is latest even when the clock moves backward (1185.627995ms)
✔ LOOP-070: receipt collisions at one clock instant retain execution order beyond nine suffixes (3453.465982ms)
✔ LOOP-070: imported branch receipts stale a later sequence until a new check incorporates them (1256.452059ms)
✔ LOOP-070, LOOP-098: legacy receipts need one ordered check and remain byte-for-byte unchanged (541.13417ms)
✔ LOOP-070: edit of a prior receipt requires fresh evidence (575.556122ms)
✔ LOOP-070: remove of a prior receipt requires fresh evidence (539.172429ms)
✔ LOOP-075: supporting evidence file README.md does not become a receipt (566.215218ms)
✔ LOOP-075: supporting evidence file notes.txt does not become a receipt (533.615898ms)
✔ LOOP-075: supporting evidence file support does not become a receipt (576.048483ms)
✔ LOOP-075: supporting evidence file .DS_Store does not become a receipt (602.583491ms)
✔ LOOP-075: a malformed result line (result=success) names a repair before execution (388.292979ms)
✔ LOOP-075: a malformed result line (sequence=NaN) names a repair before execution (417.78036ms)
✔ LOOP-075: a malformed result line (sequence=9007199254740992) names a repair before execution (394.728873ms)
✔ LOOP-075: a malformed result line (history_digest=wrong) names a repair before execution (454.773111ms)
✔ LOOP-075: a malformed result line (tokens) names a repair before execution (458.67615ms)
✔ LOOP-075: a receipt-shaped directory is a named repair instead of an EISDIR crash (324.084246ms)
✔ LOOP-070: an earlier escalation cannot cover three new attempts after clock rollback (1177.991674ms)
✔ LOOP-070: an answer becomes old after a later check even if that check's timestamp is earlier (730.635147ms)
✔ LOOP-070: the newest answer wins between checks even when its clock timestamp is older (454.925659ms)
✔ LOOP-070: legacy escalation dates cover old receipts but not three newer sequenced runs (1652.640331ms)
✔ a PKG requirement the commitment does not name is declared, run, and gates Done (PKG-011) (2083.28124ms)
✔ a PKG requirement in a Draft spec is not folded in (501.841017ms)
✔ LOOP-076, LOOP-079: stale inputs identify the receipt and the check to run (766.559961ms)
✔ LOOP-077: names a content change using checked input identity (789.079136ms)
✔ LOOP-077: names a mode change using checked input identity (699.729541ms)
✔ LOOP-077: names a kind change using checked input identity (647.520855ms)
✔ LOOP-077: names a added change using checked input identity (532.956599ms)
✔ LOOP-077: names a removed change using checked input identity (511.914541ms)
✔ LOOP-077: names a link-target change using checked input identity (760.542206ms)
✔ LOOP-077: changed selection compares the old and new input sets (504.154232ms)
✔ LOOP-077: raw CRLF changes remain visible when Git-clean content agrees (503.756052ms)
✔ LOOP-077: detail output is sorted, bounded, and reports the omitted count (466.411907ms)
✔ LOOP-077: filenames cannot inject lines or terminal controls into explanations (435.492447ms)
✔ LOOP-077: receipts from one run share details and do not store source contents (349.743769ms)
✔ LOOP-078, LOOP-080: legacy optional detail limits explanation without changing standing (551.342588ms)
✔ LOOP-078, LOOP-080: invalid-field optional detail limits explanation without changing standing (580.484114ms)
✔ LOOP-078, LOOP-080: missing optional detail limits explanation without changing standing (547.288037ms)
✔ LOOP-078, LOOP-080: invalid-json optional detail limits explanation without changing standing (510.977047ms)
✔ LOOP-078, LOOP-080: mismatched optional detail limits explanation without changing standing (565.827532ms)
✔ LOOP-078, LOOP-080: duplicate optional detail limits explanation without changing standing (518.039448ms)
✔ LOOP-078, LOOP-080: unsafe-path optional detail limits explanation without changing standing (551.287531ms)
✔ LOOP-078, LOOP-080: directory optional detail limits explanation without changing standing (588.988722ms)
✔ LOOP-078, LOOP-080: symlink optional detail limits explanation without changing standing (594.768086ms)
✔ LOOP-078: unavailable old requirement text is not claimed as a proven change (466.680186ms)
✔ LOOP-076, LOOP-079: changed requirements identify evidence and retain review-before-check guidance (447.395123ms)
✔ LOOP-078: simultaneous input and output damage keep both reasons (481.399446ms)
✔ LOOP-080: deterministic freshness sequence seed=7 (9163.559231ms)
✔ LOOP-080: deterministic freshness sequence seed=42 (7085.535802ms)
✔ LOOP-080: deterministic freshness sequence seed=913 (5925.320294ms)
✔ LOOP-080: agreement changes, mechanism review, checks, and completion review retain priority (1334.957354ms)
✔ LOOP-080: imported receipt history demands a rerun without a false input explanation (1515.630309ms)
✔ LOOP-073: clean CRLF input completes under attributes (592.452829ms)
✔ LOOP-073: clean CRLF input completes under autocrlf (645.226457ms)
✔ LOOP-073: raw line-ending mutation during a run is rejected even when Git still sees the same content (294.641909ms)
✔ LOOP-073: execution evidence changes when clean conversion preserves committed identity (1085.857894ms)
✔ LOOP-073: Git clean filters use Git's conversion while retaining raw evidence identity (466.154585ms)
✔ LOOP-073: failure of a required Git filter cannot record evidence (114.507212ms)
✔ LOOP-073: a clean filter moving HEAD during ending validation prevents evidence (522.779147ms)
✔ LOOP-073: canonical Git identities handle links without reading their targets (405.622499ms)
✔ LOOP-073: Git conversion keeps raw Unicode and control-character input paths (383.023455ms)
✔ LOOP-073: conversion and links work in a SHA-256 Git repository (397.89344ms)
✔ LOOP-074: historical specification filename "café.md" remains reviewable (400.178055ms)
✔ LOOP-074: historical specification filename "spec\ttab.md" remains reviewable (406.33894ms)
✔ LOOP-074: historical specification filename "spec\nline.md" remains reviewable (350.571297ms)
✔ help works outside a repository without running a command (PKG-017) (1021.505612ms)
✔ help does not hide invalid options or consume literal arguments (234.541797ms)
✔ help lists the lint command (PKG-028, PKG-017) (41.027862ms)
✔ the stop hook refuses a stop while wake says Resolvable, with the verdict as the reason (PKG-018) (208.891967ms)
✔ the stop hook allows a stop at Done, at Escalate, and outside a Cairn repository (PKG-018) (1139.508809ms)
✔ the session-start hook links the command once and prints the verdict in a Cairn repository (PKG-019, PKG-014, PKG-005) (521.122273ms)
✔ the session-start hook prints no verdict outside a Cairn repository and leaves an existing link that resolves alone (PKG-019) (60.534111ms)
✔ a checkout under a path with a space links a command that resolves, and its stop hook still blocks (PKG-019, PKG-021) (367.453009ms)
✔ the hooks run the kernel the command link resolves to, so hook and agent share one referee (PKG-021, LOOP-096) (945.796831ms)
✔ a dangling link is replaced and reported (PKG-019) (151.188284ms)
✔ errors exit 0 with one line on standard error and no stack trace (PKG-022) (74.974963ms)
✔ cairn lint runs the checker over docs/spec by default and over a named directory (PKG-028) (193.093952ms)
✔ three megabytes are retained exactly once with matching digests (LOOP-041, LOOP-042) (437.539889ms)
✔ split stdout result lines survive a long non-result line; stderr is never a verdict (462.348251ms)
✔ signal termination is recorded and logs survive a clone (LOOP-043) (403.892591ms)
✔ working agreements and ignore changes are Cairn records inside the footprint (406.732208ms)
✔ a clean package passes (73.569913ms)
✔ PKG-001: a dependency, or a service manifest (145.730178ms)
✔ PKG-002: ignoring evidence or other durable state (75.448124ms)
✔ PKG-003: a command, a directory, or a record kind no decision names (238.718911ms)
✔ PKG-004: a kernel over 1500 lines (76.869589ms)
✔ PKG-006: a skill step naming a vendor's product (71.969445ms)
✔ PKG-008: a non-ASCII character in a tracked text file (74.092191ms)
✔ PKG-009: the kernel importing from tests (72.086106ms)
✔ PKG-012: a network call or a model vendor in the kernel (158.626915ms)
✔ PKG-013: deferral language, but not in code, quotes, or a rule (174.497929ms)
✔ a tracked path deleted from the working tree is skipped, not a crash (79.863766ms)
✔ a sentence in a Formats section is not a record kind (73.342752ms)
✔ a record kind named by its path alone is checked (65.362035ms)
✔ PKG-002: a tracked in-progress record (67.39031ms)
✔ PKG-002: ignoring evidence alone is a finding (76.644165ms)
✔ PKG-003 reads the kernel's commands from its help output (PKG-023) (116.070557ms)
✔ the ASCII scan covers shipped files, not records under .cairn/ (PKG-024) (70.398733ms)
✔ a vendor-naming step wrapped across lines is matched (PKG-006, PKG-027) (67.985096ms)
✔ PKG-013 scans the README, the manual, and the walkthrough (PKG-032) (219.105836ms)
✔ LOOP-071: decision body metadata does not resolve unbuilt work: "Superseded by: example" (714.535386ms)
✔ LOOP-071: decision body metadata does not resolve unbuilt work: "```text\nSuperseded by: example\n```" (808.067712ms)
✔ LOOP-071: decision body metadata does not resolve unbuilt work: "~~~text\nSuperseded by: example\n~~~" (659.585952ms)
✔ LOOP-071: a fenced realization example is not a resolving commit (601.04496ms)
✔ LOOP-071: a fenced commit inside the realization section is not built (499.283739ms)
✔ LOOP-071: ## Example cannot replace an open review finding (538.137841ms)
✔ LOOP-071: # Example cannot replace an open review finding (492.844638ms)
✔ LOOP-071: ### Example cannot replace an open review finding (497.410067ms)
✔ LOOP-071:   ## Example cannot replace an open review finding (520.958122ms)
✔ LOOP-071: Example paragraph. cannot replace an open review finding (484.925466ms)
✔ LOOP-071: Example
------- cannot replace an open review finding (467.869109ms)
✔ LOOP-071: fenced fields before a real review header are ignored (444.190163ms)
✔ LOOP-071: multiline decision --title cannot inject metadata (382.147837ms)
✔ LOOP-071: multiline decision --decided-by cannot inject metadata (368.691797ms)
✔ LOOP-071: multiline decision --rests-on cannot inject metadata (401.793951ms)
✔ LOOP-071: multiline decision --wrong-if cannot inject metadata (371.755041ms)
✔ LOOP-071: multiline decision --history cannot inject metadata (362.637911ms)
✔ LOOP-072: malformed Blocking concerns stay open: "R-001\nAnswer: ok" (75.952172ms)
✔ LOOP-072: malformed Blocking concerns stay open: "R-001\r\nAnswer: ok" (82.758189ms)
✔ LOOP-072: malformed Blocking concerns stay open: "R-001\rAnswer: ok" (89.850633ms)
✔ LOOP-072: malformed Blocking concerns stay open: "R-001 Answer: ok" (98.2171ms)
✔ LOOP-072: malformed Blocking concerns stay open: "R-001 Answer: ok" (98.734215ms)
✔ LOOP-072: ordinary malformed concerns are refused: "R-001\nR-002" (47.838393ms)
✔ LOOP-072: ordinary malformed concerns are refused: "R-001, prose" (52.405816ms)
✔ LOOP-072: ordinary malformed concerns are refused: " " (47.449117ms)
✔ LOOP-072: a Blocking escalation without concerns is still presented (89.158178ms)
✔ LOOP-072: carriage returns in a Blocking question do not create answer records (68.823676ms)
✔ LOOP-072: explanation separator 8232 cannot close an escalation (146.156807ms)
✔ LOOP-071: decision metadata refuses separator 8232 (358.119885ms)
✔ LOOP-072: explanation separator 8233 cannot close an escalation (137.319115ms)
✔ LOOP-071: decision metadata refuses separator 8233 (379.992894ms)
✔ an unmatched input is refused before execution (LOOP-044) (157.349526ms)
✔ an indexed input deleted on disk asks for a commit (LOOP-045) (192.516312ms)
✔ wake and check require a Git working tree (LOOP-046) (136.357494ms)
✔ recovery removes only dead kernel run records and identifies a live owner (LOOP-054, LOOP-055) (382.242038ms)
✔ an agent action based behind a clean HEAD appears committed (LOOP-027) (203.010124ms)
✔ realization needs a real commit and a subject (DEC-006) (316.783155ms)
✔ 1500 binary inputs digest identically at the review commit in under a second (LOOP-024) (1472.586444ms)
✔ merged work is excluded but a later own commit is a breach (LOOP-047) (221.297273ms)
✔ exact Current tenure ignores prefix matches and earlier visits to the same slug (LOOP-035) (243.121959ms)
✔ a kernel run records its supervising PID (LOOP-054) (262.11255ms)
✔ a merged declared input still stales evidence (LOOP-047) (389.453035ms)
✔ wildcard and magic pathspecs select the same historical inputs (LOOP-024, LOOP-032) (2198.27615ms)
✔ historical selection retains deleted files and excludes new ones (LOOP-024, LOOP-035) (1387.593684ms)
✔ explicit reporting with no lines and exit 0 establishes no requirement verdicts (LOOP-061) (519.50378ms)
✔ explicit reporting with no lines and exit 1 establishes no requirement verdicts (LOOP-061) (557.084047ms)
✔ a reporter that cannot start keeps execution diagnostics without blaming requirements (LOOP-062) (352.171415ms)
✔ large output cannot kill a reporter or invent a requirement verdict (409.427716ms)
✔ explicit mode ignores cairn: R-999: pass (337.986553ms)
✔ explicit mode ignores cairn: R-001: unverified (387.093974ms)
✔ explicit mode ignores cairn: R-001: passed (310.171955ms)
✔ explicit results survive nonzero exit and contradictory duplicates still fail (531.678612ms)
✔ unverified results across changed inputs never become failed attempts (1352.366187ms)
✔ legacy exit 0 retains its interpretation (249.484799ms)
✔ legacy exit 1 retains its interpretation (232.334743ms)
✔ a misspelled reporting mode is refused before execution (111.999404ms)
✔ changed requirement blocks unchecked reruns and makes the completion review stale (LOOP-058, LOOP-059) (2105.180179ms)
✔ falsifier changes need review; separate rationale and other requirements do not change a receipt (1188.643348ms)
✔ legacy receipts recover requirement identity from their commit; unavailable history requires review (854.267663ms)
✔ check refuses uncommitted requirement text and mechanism review markers (746.906261ms)
✔ tightened response limit cannot reuse the old passing check (1394.46953ms)
✔ a declared input over 1 MiB agrees at a commit and in the tree (LOOP-060) (505.78404ms)
✔ a failed Git blob read cannot be hashed as an empty blob (431.603813ms)
✔ Git listings over 1 MiB include the last declared input (2435.331859ms)
✔ requirement identity excludes fenced examples and status dates (536.472595ms)
✔ DemonCoder REM-002 and Status in progress cannot silently satisfy the review gate (LOOP-086) (958.449344ms)
✔ valid open findings retain their behavior (627.579707ms)
✔ valid resolved findings retain their behavior (579.365166ms)
✔ valid empty findings retain their behavior (561.302322ms)
✔ valid mixed valid findings retain their behavior (428.303109ms)
✔ malformed finding "open:" requires repair (388.248364ms)
✔ malformed finding "resolved:   " requires repair (374.277417ms)
✔ malformed finding "Open: incorrect case" requires repair (364.401357ms)
✔ malformed finding "unknown: issue" requires repair (339.455781ms)
✔ malformed finding "\u001b[31mBAD: issue" requires repair (381.357741ms)
✔ the established explicit empty findings list remains valid (397.453152ms)
✔ a scalar findings value requires the supported list format (353.884542ms)
✔ a Requirements: line written as a list is read like the flat form (LOOP-102) (165.366801ms)
✔ a subdirectory or a README in a record directory changes nothing (LOOP-103) (585.234023ms)
✔ two Current: lines are a roadmap repair (LOOP-019, LOOP-104) (105.453783ms)
✔ a repeated identifier, an input under the evidence directory, and a missing cwd are refused by name (LOOP-105) (425.515733ms)
✔ a requirement whose evidence outlives its mechanism is named declare, not a regression or an escalation (LOOP-106) (1212.081667ms)
✔ an unreadable record is a repair, not an error exit (LOOP-107) (83.170198ms)
✔ a review needs commit, a nonempty examined list, and a findings list, each named when missing (LOOP-108) (917.183997ms)
✔ a decision record missing a header field or naming a missing predecessor is a repair (LOOP-109) (261.49803ms)
✔ a dirty declared input with no in-progress record is named record ahead of run (LOOP-022, LOOP-110) (231.618563ms)
✔ with core.filemode false the index mode is the identity, so a mode-only difference does not refuse the check (LOOP-111) (256.666616ms)
✔ a project below the Git toplevel can run check (LOOP-112) (246.452986ms)
✔ a shallow clone names history to fetch, not a decision to build (LOOP-113) (113.438104ms)
✔ empty footprint names declaration before scope and records no evidence (LOOP-081) (613.370616ms)
✔ first declaration still checks the full earlier history (LOOP-081) (363.76439ms)
✔ an empty current footprint does not block an explicitly requested existing mechanism (LOOP-081) (374.294243ms)
✔ an inherited mechanism provides a footprint even before local mechanisms exist (231.543893ms)
✔ scope reports every path, escapes line breaks, and gives identical remedies (LOOP-082) (259.354701ms)
✔ scope verdict reuses the answered-escalation annotation (LOOP-048, LOOP-051, LOOP-083) (490.47482ms)
✔ a committed scope acknowledgment lets restored history proceed (LOOP-083) (743.999713ms)
✔ scope acknowledgment must be committed before it can clear a breach (621.49693ms)
✔ ordinary ok does not acknowledge scope history (259.735735ms)
✔ scope escalation refuses unrestored paths and names the restoration remedy (238.485162ms)
✔ an invalid scope request still records an explicitly Blocking decision (146.554448ms)
✔ ask and explanation stay open; only the final committed ok acknowledges scope (714.368324ms)
✔ instead is visible but does not silently authorize a scope exception (359.139283ms)
✔ later changes to an acknowledged path still block, including later reverts (1109.745286ms)
✔ approval cannot hide another path changed after the snapshot (361.726623ms)
✔ acknowledged history remains conditional on the paths staying restored (565.303916ms)
✔ editing the scope snapshot after answer invalidates its acknowledgment (312.242464ms)
✔ malformed scope metadata cannot suppress a breach (1389.184144ms)
✔ damaged acknowledgment fields cannot suppress a breach (579.124581ms)
✔ scope path matching is literal, including wildcard filenames and control characters (508.877009ms)
✔ scope acknowledgment does not carry into another activation of the same slug (301.89641ms)
✔ restoration checks additions, deletions, executable modes, and symlink kinds (1646.363132ms)
✔ explicit committed retention keeps correct work and requires new evidence and review (LOOP-084, LOOP-085) (2234.910712ms)
✔ a missing declaration covers correct earlier work without retention or revert (550.167437ms)
✔ keep requires scope and an unchanged committed candidate (154.027382ms)
✔ uncommitted retention and instead answers cannot clear the incident (1017.204826ms)
✔ retention does not grant future edits, even when reverted to the approved tree (1304.500819ms)
✔ retention cannot cover another path or another activation (583.940224ms)
✔ imported changes must still match the retained tree (586.954397ms)
✔ retention handles additions, deletions, modes, symlinks, and literal filenames (2110.890905ms)
✔ retention cannot convert an existing restoration answer or accept an unknown mode (436.700937ms)
✔ a check failure after retention remains a failure (807.01421ms)
✔ retained paths stay part of the stable checked candidate without extending its footprint (601.906023ms)
✔ retention ask needs an explanation and final committed approval (550.611596ms)
✔ an unknown scope mode remains invalid even with a matching approval digest (297.105732ms)
✔ backlog writes the item; a second with the same title is refused, never overwritten (LOOP-016) (136.788337ms)
✔ a commit inside the footprint: check runs; outside it: check names the path and does not run (LOOP-015, LOOP-035) (705.740245ms)
✔ Cairn's records are never a breach; another file under docs/ is (LOOP-117) (722.52329ms)
✔ declaring the path as an input clears the breach (286.120176ms)
✔ a revert preserves the record of an out-of-scope commit (LOOP-047) (271.829861ms)
✔ a commitment naming a requirement the spec set does not hold as Agreed is repaired (LOOP-029) (70.879119ms)
✔ a requirement in a Draft spec file is not Agreed (75.16019ms)
✔ working agreements and the ignore file are Cairn records (LOOP-035, LOOP-036) (501.209165ms)
✔ the over-asking rule is gone from both skills (SPEC-005, SPEC-006, SPEC-007) (0.961162ms)
✔ a decision during the phase is recorded (DEC-003) (0.126929ms)
✔ understanding is restated before writing (SPEC-003) (0.084ms)
✔ falsifiers are proposed as one set and confirmed by exception (SPEC-004) (0.138589ms)
✔ depth is inferred and domains derived, never asked or imposed (SPEC-008, SPEC-009) (0.114723ms)
✔ a term enters the glossary at first occurrence (SPEC-010) (0.068488ms)
✔ the phase ends at the first commitment, and later ones are specified during the loop (SPEC-011, SPEC-012) (0.077392ms)
✔ a requirement goes Agreed only with a nameable mechanism (SPEC-013) (0.067243ms)
✔ review before agreement, recording what it attacked (SPEC-014, SPEC-015) (0.113687ms)
✔ no spec file without requirements; nothing Agreed without a falsifier (SPEC-001, SPEC-002) (0.142232ms)
✔ Observed is marked, and is not contract (SPEC-016, SPEC-017) (0.105598ms)
✔ the skills exclude artifacts outside Cairn's workflow (0.135632ms)
✔ the working agreement names the agent's move for each verdict and the write-ahead record (LOOP-036) (0.151499ms)
✔ the working agreement names the developer's moves (LOOP-036, DEC-014) (0.063032ms)
✔ this repository runs by the file it ships (0.290824ms)
✔ both skills write the working agreement without naming a vendor's file (LOOP-002, LOOP-036, PKG-006) (0.090012ms)
✔ the working agreement says what an attempt is (LOOP-036, DEC-017, DEC-018) (0.097721ms)
✔ the working agreement says a failure no footprint change can address is an escalation, and where an inherited requirement is repaired (DEC-019, LOOP-057) (0.07406ms)
✔ the working agreement states the promote, next-iteration, and no-deferral moves (LOOP-029, LOOP-087, LOOP-091, LOOP-092) (1.857556ms)
✔ both skills sort captures into the backlog or next-iteration and forbid deferral (LOOP-029, LOOP-092, LOOP-093) (0.135039ms)
✔ the skill requires a falsifier on every requirement, a MAY included (SPEC-025) (0.071322ms)
✔ the working agreement names the hooks as optional and the install skill registers them for two harnesses (PKG-006, PKG-018, PKG-019) (0.208716ms)
✔ the working agreement says the kernel is upgraded at Done, never inside a commitment (LOOP-096) (0.057768ms)
✔ the next-iteration skill starts from the specification and ends by naming the next commitment (SPEC-026, SPEC-027) (0.184259ms)
✔ every document that names the project skills names next-iteration beside them (SPEC-026, PKG-014) (5.105913ms)
✔ the working agreement states a move for every action the kernel can name (LOOP-101) (2.668644ms)
✔ the working agreement states both record formats and the two flags the moves need (LOOP-036) (0.186444ms)
✔ the skills demonstrate a safe violating example and preserve recon findings (SPEC-022, SPEC-023) (0.073169ms)
✔ the specification skills run the checker through the cairn command (PKG-029) (1.395277ms)
✔ the README invokes the phase skills by name and states versions and platforms (PKG-030, PKG-031) (0.397047ms)
✔ the manual and the walkthrough say the loop promotes backlog items at Done (LOOP-087) (0.650076ms)
✔ a two-obligation sentence is named (PKG-007) (40.899303ms)
✔ an obligation with no actor is named (PKG-010) (43.75ms)
✔ a leading condition clause is not the actor, and the actor after it counts (42.76864ms)
✔ an Agreed requirement with no falsifier is named (SPEC-002); a Draft one is not (74.134454ms)
✔ prose after a Draft requirement with no falsifier is not scanned as requirement text (54.294796ms)
✔ a spec declaring a prefix with no requirement is named (SPEC-001) (28.661914ms)
✔ a keyword in backticks or quotes is a mention, not an obligation (41.261216ms)
✔ duplicate identifiers are rejected within a file and across files (SPEC-020) (92.121266ms)
✔ references resolve across files; missing references name their source (SPEC-021) (90.92582ms)
✔ code examples and quoted mentions are neither definitions nor references (56.155244ms)
✔ machine-local paths are findings in prose, links, quotes, and examples (SPEC-019) (432.185245ms)
✔ relative paths, URLs, slash commands, and character mentions are not absolute path findings (45.262353ms)
✔ a slash after a placeholder continues the template (SPEC-019) (101.858231ms)
✔ a host path is a finding until the file declares it (SPEC-019, SPEC-024) (84.329559ms)
✔ declared host paths cover children with a slash boundary and stay file-local (137.929621ms)
✔ a host-path declaration inside a requirement or example grants no exception (130.106832ms)
✔ host-path declarations require absolute or home-relative entries (221.021198ms)
✔ an Agreed block whose only keyword is MAY needs a falsifier like any other (SPEC-025, SPEC-002) (75.195387ms)
✔ a regex literal is not a path, a drive path and a file URL are, and a skill's slash name is allowed (SPEC-028, SPEC-029) (50.286153ms)
✔ a backticked or quoted actor still counts as one (PKG-010) (42.370674ms)
✔ supersede writes both lines, and the old record keeps every word it had (DEC-008, DEC-010) (83.771186ms)
✔ supersede without a cause, or with one outside the four, is refused (DEC-009) (119.911427ms)
✔ supersede of a record that does not exist is refused (69.873251ms)
✔ a predecessor with no title line cannot be stamped, so nothing is written (63.055478ms)
✔ reversals reports counts by decider, cause, and domain (DEC-011) (163.228885ms)
✔ decide in a domain with a reversal is refused without --history, naming the reversal; with it, the record carries History (DEC-012) (161.567288ms)
✔ decide in a domain with no reversals needs no --history (121.131282ms)
✔ a record resting on prose alone is in the domain unspecified, and so is the next one (125.993952ms)
✔ a second declaration for one requirement is accepted, a named check runs every mechanism, and Done needs each to pass (LOOP-056, LOOP-099) (2473.13592ms)
✔ one mechanism's stale evidence names that mechanism, and --stale runs only it (LOOP-056, LOOP-094) (837.913285ms)
✔ attempts are counted within one mechanism's records, so the other's passes do not reset them (LOOP-100, DEC-016) (1555.05728ms)
✔ step 1: an in-progress record is reconciled before anything else (101.36747ms)
✔ step 2: an open escalation is presented and nothing else happens (77.338988ms)
✔ an answered escalation is not open (630.243976ms)
✔ step 3: a decision with no realized-by is built, first by name (DEC-007) (86.273121ms)
✔ a superseded decision with no realized-by is not work (183.193581ms)
✔ step 6: a mechanism that has never run is run, not implemented (LOOP-008) (156.549522ms)
✔ step 6: a requirement whose mechanism fails is implemented (638.134243ms)
✔ step 6 before step 7: failing evidence outranks a missing mechanism (395.532981ms)
✔ step 7: a requirement with no mechanism is declared (LOOP-006) (91.154414ms)
✔ step 10: every requirement current and passing, review clean, is Done (LOOP-004) (392.640002ms)
✔ malformed roadmap is Resolvable, not fatal (LOOP-005) (50.201088ms)
✔ a commitment naming no requirements is Resolvable (LOOP-018) (65.424433ms)
✔ the primary test: two wakes on the same checkout give the same action (LOOP-001, LOOP-003) (100.704147ms)
✔ outside a cairn repository wake cannot run (29.732651ms)
✔ the loop never waits on the review queue (DEC-015) (366.063225ms)
✔ the linked walkthrough runs from agreement through the next commitment (PKG-016) (1542.289316ms)
ℹ tests 422
ℹ suites 0
ℹ pass 422
ℹ fail 0
ℹ cancelled 0
ℹ skipped 0
ℹ todo 0
ℹ duration_ms 25117.549683
