✔ a Draft block overrides an Agreed file for both wake and check (SPEC-018) (296.299866ms)
✔ an Agreed block overrides a Draft file in the kernel and lint (SPEC-018, SPEC-002) (671.71263ms)
✔ a block Status does not become the file default, including inside examples (SPEC-018) (474.125018ms)
✔ block status without a value does not inherit Agreed by accident (SPEC-018) (120.791895ms)
✔ inheritance needs a file Scope and includes only Agreed blocks, regardless of prefix (PKG-015) (2059.421581ms)
✔ Scope inside a requirement or fenced example does not declare inheritance (PKG-015) (881.398972ms)
✔ a falsifier wrapped onto a line beginning with Status: does not become the block's status (SPEC-018) (1.117022ms)
✔ LOOP-063: reject input mutation during a check and retain diagnostics (461.797705ms)
✔ LOOP-063: reject deletion mutation during a check and retain diagnostics (472.49087ms)
✔ LOOP-063: reject addition mutation during a check and retain diagnostics (431.841386ms)
✔ LOOP-063: reject mode mutation during a check and retain diagnostics (412.767708ms)
✔ LOOP-063: reject specification mutation during a check and retain diagnostics (390.214021ms)
✔ LOOP-063: reject declaration mutation during a check and retain diagnostics (477.693061ms)
✔ LOOP-063: reject commit mutation during a check and retain diagnostics (421.085294ms)
✔ LOOP-063: committed input mutation during execution cannot certify the replacement (573.538596ms)
✔ LOOP-064: removing executable permission makes passing evidence stale (607.63865ms)
✔ LOOP-064: a mode-only change also invalidates the previous review after new evidence (950.872188ms)
✔ LOOP-064: changing a regular file into a link with identical identity bytes is stale (1099.393971ms)
✔ LOOP-063: an unchanged candidate still records a pass despite unrelated working-tree edits (270.434805ms)
✔ LOOP-064: current and historical input ordering agrees for Unicode filenames (382.680082ms)
✔ LOOP-063: Git status hiding content changes cannot certify an uncommitted candidate (141.242553ms)
✔ LOOP-066: one check owns execution with a kernel action record (519.978451ms)
✔ LOOP-066: one check owns execution with an agent action record (530.203085ms)
✔ LOOP-066: a live lock is named and never silently overwritten (151.152999ms)
✔ LOOP-066: a dead lock is named and never silently overwritten (153.308228ms)
✔ LOOP-066: a incomplete lock is named and never silently overwritten (161.874665ms)
✔ LOOP-066: an execution error releases the check lock for a corrected rerun (545.966664ms)
✔ LOOP-066: a live kernel action from an older Cairn also blocks execution (96.941038ms)
✔ LOOP-066: separate Git worktrees can run checks independently (548.828488ms)
✔ after a green check --stale runs nothing; after one input changes it runs only that mechanism (LOOP-094) (1217.378217ms)
✔ a mechanism speaking for two stale requirements runs once and refreshes both (LOOP-094, LOOP-040) (676.878935ms)
✔ a fresh failure and an unverified result are skipped with implement named (LOOP-094) (696.360735ms)
✔ --stale with a requirement identifier is refused (LOOP-094) (77.794967ms)
✔ check refuses a dirty declared input and names it; a dirty undeclared file does not block (LOOP-030) (479.053091ms)
✔ check writes one receipt per run carrying the full record and a result line per requirement (LOOP-097) (362.250108ms)
✔ a nonzero exit records fail, and the receipt keeps the exit code (LOOP-034) (403.71324ms)
✔ a pass after a fail keeps the failing record; nothing is overwritten or deleted (LOOP-025) (760.896878ms)
✔ a commit changing a declared input makes evidence stale; an undeclared one does not (LOOP-007) (838.155799ms)
✔ a regression is named before a requirement that never passed (LOOP-031) (1258.131732ms)
✔ three attempts with no escalation since: wake says escalate, not a fourth (DEC-016, DEC-017, DEC-018) (2660.369309ms)
✔ the review gate: no review, stale review, open finding, then Done (LOOP-020, LOOP-033) (1122.363277ms)
✔ Done is refused while any requirement lacks current passing evidence (LOOP-017) (102.429792ms)
✔ check names a requested requirement that no mechanism claims (102.581265ms)
✔ check writes the in-progress record before the run and clears it after (LOOP-021) (196.260422ms)
✔ a linked declared input digests the same at a commit and in the tree (LOOP-023, LOOP-024) (401.82756ms)
✔ a result line is the mechanism's statement about one requirement; what it did not mention is unverified (LOOP-037, LOOP-052) (193.582489ms)
✔ a mechanism that says nothing is read by its exit code for every requirement (LOOP-039) (708.11478ms)
✔ unverified is not an attempt, and a return to an earlier failed digest counts once (DEC-017, DEC-018) (1711.709974ms)
✔ a result line for a requirement the mechanism does not speak for is named and writes nothing (LOOP-038) (189.493865ms)
✔ a result line inside ordinary output, or without the marker, does not count (191.07208ms)
✔ a targeted check runs the named requirements' mechanisms and records every requirement they speak for (LOOP-040) (196.595348ms)
✔ two result lines for one requirement: a fail on any line wins (160.370291ms)
✔ three runs at one digest with no attempt since: the verdict stays implement and names DEC-019; an escalation naming it among others clears the hint (DEC-019, LOOP-053) (1205.56847ms)
✔ a receipt names its commit in full, and an older receipt with the short form is still read (LOOP-136) (260.862183ms)
✔ a complete commitment with an unpromoted backlog item names promote, and a stamped item lets it reach Done (LOOP-087) (1042.278752ms)
✔ an empty backlog with waiting next-iteration items is Done, with the count as information and no action on them (LOOP-091) (859.413295ms)
✔ a promotion marker must resolve to a decision record (LOOP-088) (307.28606ms)
✔ a commitment promoted from an item needs a decision record naming the item (LOOP-088) (324.723986ms)
✔ the spec lint reports a promotion marker with no decision record (LOOP-088) (99.366248ms)
✔ a promoted commitment that changes an Agreed requirement or the working agreement is an escalation; an unpromoted one is not (LOOP-089, LOOP-090) (1984.14316ms)
✔ a capture from one of the commitment's own requirements needs Outside because: or an escalation (LOOP-092) (1986.758622ms)
✔ a next-iteration item names what it would change, and the capture refuses one that does not (LOOP-093) (501.955203ms)
✔ a commitment specified from a next-iteration item needs the item stamped before anything else (SPEC-027) (592.735789ms)
✔ a by deference marker resolves to a decision record like a promotion marker (SPEC-002, LOOP-088) (216.839027ms)
✔ the LOOP-090 gate reads the Concerns line, not the slug as a substring (LOOP-114) (572.791657ms)
✔ the LOOP-088 check reads the Promotes line, and decide --promotes writes it (LOOP-115) (246.658782ms)
✔ the activation commit of a promoted commitment is inside the LOOP-089 comparison (LOOP-116) (141.269696ms)
✔ the LOOP-090 route needs one escalation: its Concerns line covers the moved item too (LOOP-119, LOOP-092, LOOP-114) (1199.502487ms)
✔ an escalation raised before the promoted commitment began does not silence the LOOP-090 gate (LOOP-114) (355.507369ms)
✔ an escalation raised before the commitment began does not silence the capture gate (LOOP-119) (315.247531ms)
✔ the activation commit is inside the scope footprint (LOOP-120) (93.023718ms)
✔ a requirement Agreed at activation that is demoted or removed is a contract change (LOOP-121) (582.349674ms)
✔ the include files are the root files that hold @AGENTS.md: exempt from the footprint, compared by the gate (LOOP-122) (1092.045684ms)
✔ a superseded promotion no longer satisfies the LOOP-088 check, and the repair says the promotion was reversed (LOOP-123) (623.781587ms)
✔ the restore route measures from the tree before activation, so a path the activation commit added must go (LOOP-120, LOOP-035) (178.433506ms)
✔ the loop works against exactly one commitment: the current one (LOOP-019) (365.586949ms)
✔ a promotion recorded below Consequential is a repair naming the level, since the developer never sees it in the queue (LOOP-088) (66.817181ms)
✖ every requirement the node-test declaration speaks for is named in a test title (PKG-025) (7.219122ms)
✔ every repository path the tests read is a declared input of node-test (PKG-026) (1.296693ms)
✔ writes a record with every required field and an empty realized-by (DEC-001, DEC-005) (79.439434ms)
✔ a Consequential decision is queued for review (DEC-013) (85.515442ms)
✔ a Consequential decision is queued even when .cairn/queue does not exist yet (79.740978ms)
✔ Routine is refused: routine decisions produce no record (80.886755ms)
✔ a missing field is a usage error and nothing is written (95.957576ms)
✔ supersedes requires a classified cause, and the old record must exist (223.524604ms)
✔ an existing record is not overwritten (122.533648ms)
✔ a queued decision stays queued; nothing but the developer removes it (DEC-014) (269.443587ms)
✔ each accepted decider is stored lowercase, whatever case it was typed in (DEC-020) (591.587823ms)
✔ a decider outside the vocabulary is a usage error naming all three, and nothing is written (DEC-020) (525.955078ms)
✔ an empty --decided-by is the missing-field error, not the vocabulary one (108.297024ms)
✔ LOOP-006, LOOP-067: missing inputs names a declaration repair before execution (153.773273ms)
✔ LOOP-006, LOOP-067: empty inputs names a declaration repair before execution (171.372567ms)
✔ LOOP-006, LOOP-067: missing command names a declaration repair before execution (170.076503ms)
✔ LOOP-006, LOOP-067: list command names a declaration repair before execution (147.753854ms)
✔ LOOP-006, LOOP-067: empty command names a declaration repair before execution (170.770973ms)
✔ LOOP-006, LOOP-067: missing requirements names a declaration repair before execution (151.388442ms)
✔ LOOP-006, LOOP-067: bad identifier names a declaration repair before execution (173.145359ms)
✔ LOOP-067: scalar one-item lists retain their existing meaning (359.061897ms)
✔ LOOP-068: a unpopulated gitlink is refused by name (213.994451ms)
✔ LOOP-068: a populated gitlink is refused by name (223.66272ms)
✔ LOOP-069: identical selections across 100 mechanisms use at most 20 Git processes (203.296952ms)
✔ escalate writes the six-line format followed by its facts, and wake presents it (LOOP-010, LOOP-026) (224.952282ms)
✔ a missing or multi-line field is refused with the field named, and nothing is written (LOOP-012) (153.347798ms)
✔ a Blocking escalation that fails the format is written anyway, naming the malformed field (LOOP-013) (136.255303ms)
✔ the loop stops for the developer only at Blocking: a recorded decision below it never yields Escalate, and the Blocking bypass must be spelled exactly (DEC-002) (383.628571ms)
✔ a second escalation while one is open is refused (LOOP-011) (157.137269ms)
✔ answer records the reply; wake no longer presents it; a second answer is refused (313.466552ms)
✔ answer to an unknown escalation is refused (78.458784ms)
✔ a stranger resumes from the file alone: question and answer are both in it (LOOP-014) (152.01503ms)
✔ a developer-shaped answer during the agent's turn is refused and writes nothing; the explanation is still accepted (LOOP-135) (700.21744ms)
✔ after an answer, the same concern can be escalated again under a new name (238.956103ms)
✔ an escalation exists when its file does, committed or not (LOOP-009) (105.146264ms)
✔ developer answers require one of the three forms and cannot inject fields (LOOP-048) (665.447064ms)
✔ ask, agent explanation, another ask, and ok stay ordered in one file (LOOP-049, LOOP-050, LOOP-014) (1099.329025ms)
✔ fresh closed answers accompany only concerned requirements until new evidence (LOOP-051) (817.860454ms)
✔ a raised escalation carries no derivable status line, and an old record with one still parses (LOOP-028) (184.058725ms)
✔ LOOP-065: delete of output refuses Done and a new run recovers (1304.256959ms)
✔ LOOP-065: corrupt of output refuses Done and a new run recovers (1265.1733ms)
✔ LOOP-065: delete of stderr_output refuses Done and a new run recovers (1285.330078ms)
✔ LOOP-065: corrupt of stderr_output refuses Done and a new run recovers (1082.42795ms)
✔ LOOP-065: a receipt without output needs a new check (597.442838ms)
✔ LOOP-065: a receipt without output_digest needs a new check (600.285038ms)
✔ LOOP-065: a receipt without stderr_output needs a new check (551.576989ms)
✔ LOOP-065: a receipt without stderr_digest needs a new check (477.671326ms)
✔ LOOP-065: legacy unverifiable output is rerun without rewriting history (827.814182ms)
✔ a fresh record names the kernel that wrote it (LOOP-023) (316.390856ms)
✔ LOOP-095: a record from another kernel is stale with the kernel named, and a new check restores Done (999.000706ms)
✔ LOOP-095: a record from no kernel is stale with the kernel named, and a new check restores Done (1007.730808ms)
✔ LOOP-070: a later failure is latest even when the clock moves backward (1064.402854ms)
✔ LOOP-070: receipt collisions at one clock instant retain execution order beyond nine suffixes (3692.791405ms)
✔ LOOP-070: imported branch receipts stale a later sequence until a new check incorporates them (1476.908231ms)
✔ LOOP-070, LOOP-098: legacy receipts need one ordered check, remain byte-for-byte unchanged, and precede the run receipt in the history (678.225395ms)
✔ LOOP-070: edit of a prior receipt requires fresh evidence (586.546989ms)
✔ LOOP-070: remove of a prior receipt requires fresh evidence (518.185523ms)
✔ LOOP-075: supporting evidence file README.md does not become a receipt (520.750865ms)
✔ LOOP-075: supporting evidence file notes.txt does not become a receipt (1023.827318ms)
✔ LOOP-075: supporting evidence file support does not become a receipt (614.897048ms)
✔ LOOP-075: supporting evidence file .DS_Store does not become a receipt (515.748855ms)
✔ LOOP-075: a malformed result line (result=success) names a repair before execution (358.227564ms)
✔ LOOP-075: a malformed result line (sequence=NaN) names a repair before execution (366.987339ms)
✔ LOOP-075: a malformed result line (sequence=9007199254740992) names a repair before execution (356.97499ms)
✔ LOOP-075: a malformed result line (history_digest=wrong) names a repair before execution (337.993151ms)
✔ LOOP-075: a malformed result line (tokens) names a repair before execution (357.762222ms)
✔ LOOP-075: a receipt-shaped directory is a named repair instead of an EISDIR crash (373.91751ms)
✔ LOOP-070: an earlier escalation cannot cover three new attempts after clock rollback (1021.858736ms)
✔ LOOP-070: an answer becomes old after a later check even if that check's timestamp is earlier (600.533005ms)
✔ LOOP-070: the newest answer wins between checks even when its clock timestamp is older (398.575807ms)
✔ LOOP-070: legacy escalation dates cover old receipts but not three newer sequenced runs (1321.335846ms)
✔ a PKG requirement the commitment does not name is declared, run, and gates Done (PKG-011) (1952.385874ms)
✔ a PKG requirement in a Draft spec is not folded in (569.267835ms)
✔ LOOP-076, LOOP-079: stale inputs identify the receipt and the check to run (790.81089ms)
✔ LOOP-077: names a content change using checked input identity (689.907466ms)
✔ LOOP-077: names a mode change using checked input identity (784.945117ms)
✔ LOOP-077: names a kind change using checked input identity (704.071232ms)
✔ LOOP-077: names a added change using checked input identity (781.412216ms)
✔ LOOP-077: names a removed change using checked input identity (574.7552ms)
✔ LOOP-077: names a link-target change using checked input identity (979.769352ms)
✔ LOOP-077: changed selection compares the old and new input sets (655.045804ms)
✔ LOOP-077: raw CRLF changes remain visible when Git-clean content agrees (553.531263ms)
✔ LOOP-077: detail output is sorted, bounded, and reports the omitted count (565.713641ms)
✔ LOOP-077: filenames cannot inject lines or terminal controls into explanations (508.72917ms)
✔ LOOP-077: receipts from one run share details and do not store source contents (333.262454ms)
✔ LOOP-078, LOOP-080: legacy optional detail limits explanation without changing standing (481.529897ms)
✔ LOOP-078, LOOP-080: invalid-field optional detail limits explanation without changing standing (515.474847ms)
✔ LOOP-078, LOOP-080: missing optional detail limits explanation without changing standing (1084.429718ms)
✔ LOOP-078, LOOP-080: invalid-json optional detail limits explanation without changing standing (531.244154ms)
✔ LOOP-078, LOOP-080: mismatched optional detail limits explanation without changing standing (480.231603ms)
✔ LOOP-078, LOOP-080: duplicate optional detail limits explanation without changing standing (492.391574ms)
✔ LOOP-078, LOOP-080: unsafe-path optional detail limits explanation without changing standing (477.724747ms)
✔ LOOP-078, LOOP-080: directory optional detail limits explanation without changing standing (481.8799ms)
✔ LOOP-078, LOOP-080: symlink optional detail limits explanation without changing standing (660.75828ms)
✔ LOOP-078: unavailable old requirement text is not claimed as a proven change (355.674393ms)
✔ LOOP-076, LOOP-079: changed requirements identify evidence and retain review-before-check guidance (364.920266ms)
✔ LOOP-078: simultaneous input and output damage keep both reasons (409.863966ms)
✔ LOOP-080: deterministic freshness sequence seed=7 (10571.204671ms)
✔ LOOP-080: deterministic freshness sequence seed=42 (6175.477364ms)
✔ LOOP-080: deterministic freshness sequence seed=913 (5165.678583ms)
✔ LOOP-080: agreement changes, mechanism review, checks, and completion review retain priority (1493.802863ms)
✔ LOOP-080: imported receipt history demands a rerun without a false input explanation (1416.891225ms)
✔ LOOP-073: clean CRLF input completes under attributes (621.090668ms)
✔ LOOP-073: clean CRLF input completes under autocrlf (612.844366ms)
✔ LOOP-073: raw line-ending mutation during a run is rejected even when Git still sees the same content (298.15443ms)
✔ LOOP-073: execution evidence changes when clean conversion preserves committed identity (1071.285847ms)
✔ LOOP-073: Git clean filters use Git's conversion while retaining raw evidence identity (552.619645ms)
✔ LOOP-073: failure of a required Git filter cannot record evidence (117.297257ms)
✔ LOOP-073: a clean filter moving HEAD during ending validation prevents evidence (633.760252ms)
✔ LOOP-073: canonical Git identities handle links without reading their targets (453.621526ms)
✔ LOOP-073: Git conversion keeps raw Unicode and control-character input paths (458.383707ms)
✔ LOOP-073: conversion and links work in a SHA-256 Git repository (483.441084ms)
✔ LOOP-074: historical specification filename "café.md" remains reviewable (607.338624ms)
✔ LOOP-074: historical specification filename "spec\ttab.md" remains reviewable (446.55058ms)
✔ LOOP-074: historical specification filename "spec\nline.md" remains reviewable (439.516476ms)
✔ help works outside a repository without running a command (PKG-017) (1078.610929ms)
✔ help does not hide invalid options or consume literal arguments (216.342502ms)
✔ help lists the lint command (PKG-017) (70.142197ms)
✔ a working directory that no longer exists is named as the failure, and git is not blamed (PKG-041, PKG-022) (157.275165ms)
✔ the stop hook refuses a stop while wake says Resolvable, with the verdict as the reason (PKG-018) (230.85848ms)
✔ the stop hook allows a stop at Done, at Escalate, and outside a Cairn repository (PKG-018) (1131.350593ms)
✔ the session-start hook links the command once and prints the verdict in a Cairn repository (PKG-019, PKG-014, PKG-005) (478.500955ms)
✔ the session-start hook prints no verdict outside a Cairn repository and leaves an existing link that resolves alone (PKG-019) (67.750227ms)
✔ a checkout under a path with a space links a command that resolves, and its stop hook still blocks (PKG-019, PKG-021) (401.54482ms)
✔ the hooks run the kernel the command link resolves to, so hook and agent share one referee (PKG-021) (1157.923554ms)
✔ a dangling link is replaced and reported (PKG-019) (168.088241ms)
✔ errors exit 0 with one line on standard error and no stack trace (PKG-022) (194.665273ms)
✔ the hooks judge with the cairn on PATH, a wrapper included, and session-start names it (PKG-033) (1100.245681ms)
✔ a link to a wrapper or file is kept; a dangling link or one to a directory is replaced (PKG-034) (495.871632ms)
✔ a project below the Git toplevel gets the verdict and the stop refusal (PKG-035) (395.377768ms)
✔ a kernel that prints no verdict is one stderr line: the stop is allowed and session-start prints no trace (PKG-036) (161.569542ms)
✔ a link that cannot be created is one stderr line, and the verdict still prints (PKG-019, PKG-022) (133.871843ms)
✔ with git absent the hooks say so in one line and block nothing (PKG-022) (90.482086ms)
✔ cairn lint runs the checker over docs/spec by default and over a named directory (PKG-028) (216.579458ms)
✔ cairn lint names a missing directory in one line, takes one argument, and reports a bad root (PKG-028) (226.928175ms)
✔ three megabytes are retained exactly once with matching digests (LOOP-041, LOOP-042) (395.577476ms)
✔ split stdout result lines survive a long non-result line; stderr is never a verdict (423.762745ms)
✔ signal termination is recorded and logs survive a clone (LOOP-043) (370.841194ms)
✔ working agreements and ignore changes are Cairn records inside the footprint (406.78929ms)
✔ a clean package passes (89.568044ms)
✔ PKG-001: a dependency, or a service manifest (173.4633ms)
✔ PKG-002: ignoring evidence or other durable state, by directory or by extension (154.49934ms)
✔ PKG-003: a command, a directory, or a record kind no decision names (302.925559ms)
✔ PKG-004: a kernel over 1600 lines, counting every file under bin/ as wc -l does; exactly 1600 passes (432.483483ms)
✔ PKG-006: a skill step naming a vendor's product, in either order, across a wrapped list item (PKG-027) (367.475951ms)
✔ PKG-008: a non-ASCII character in a tracked text file (89.792699ms)
✔ PKG-009: the kernel importing from tests (90.262018ms)
✔ PKG-012: a network call or a model vendor in the kernel (212.422811ms)
✔ PKG-013: deferral language, but not in code, quotes, or a rule (642.639153ms)
✔ a tracked path deleted from the working tree is skipped, not a crash (87.581652ms)
✔ a sentence in a Formats section is not a record kind (90.597945ms)
✔ a record kind named by its path alone is checked (74.883079ms)
✔ PKG-002: a tracked in-progress record (80.554235ms)
✔ PKG-002: ignoring evidence alone is a finding (66.806069ms)
✔ PKG-003 reads the kernel's commands from its help output (PKG-023) (120.866616ms)
✔ the ASCII scan covers shipped files, not records under .cairn/ (PKG-024) (75.481914ms)
✔ a vendor-naming step wrapped across lines is matched (PKG-006, PKG-027) (69.386811ms)
✔ PKG-013 scans the README, the manual, and the walkthrough (PKG-032) (492.819174ms)
✔ the manifests, the listing and package.json agree on the name and version, and name paths the repository holds (PKG-037) (4.391266ms)
✔ the hooks file registers session-start and stop against the plugin's own hook.mjs through the plugin root variable (PKG-038) (0.289755ms)
✔ a Muse hook entry whose shared hook is missing prints one line and exits 0 (PKG-041, PKG-022) (87.885736ms)
✔ the registered commands print the verdict at session start, link the command into the plugin, and refuse a stop while wake says Resolvable (PKG-038, PKG-021) (414.96616ms)
✔ LOOP-071: decision body metadata does not resolve unbuilt work: "Superseded by: example" (808.732683ms)
✔ LOOP-071: decision body metadata does not resolve unbuilt work: "```text\nSuperseded by: example\n```" (671.897294ms)
✔ LOOP-071: decision body metadata does not resolve unbuilt work: "~~~text\nSuperseded by: example\n~~~" (688.205796ms)
✔ LOOP-071: a fenced realization example is not a resolving commit (650.991937ms)
✔ LOOP-071: a fenced commit inside the realization section is not built (736.294507ms)
✔ LOOP-071: ## Example cannot replace an open review finding (603.773815ms)
✔ LOOP-071: # Example cannot replace an open review finding (613.630197ms)
✔ LOOP-071: ### Example cannot replace an open review finding (608.206555ms)
✔ LOOP-071:   ## Example cannot replace an open review finding (681.676175ms)
✔ LOOP-071: Example paragraph. cannot replace an open review finding (563.244082ms)
✔ LOOP-071: Example
------- cannot replace an open review finding (490.89288ms)
✔ LOOP-071: fenced fields before a real review header are ignored (480.600429ms)
✔ LOOP-071: multiline decision --title cannot inject metadata (360.355561ms)
✔ LOOP-071: multiline decision --decided-by cannot inject metadata (349.036927ms)
✔ LOOP-071: multiline decision --rests-on cannot inject metadata (341.956304ms)
✔ LOOP-071: multiline decision --wrong-if cannot inject metadata (626.458463ms)
✔ LOOP-071: multiline decision --history cannot inject metadata (578.10039ms)
✔ LOOP-072: malformed Blocking concerns stay open: "R-001\nAnswer: ok" (95.318975ms)
✔ LOOP-072: malformed Blocking concerns stay open: "R-001\r\nAnswer: ok" (94.714072ms)
✔ LOOP-072: malformed Blocking concerns stay open: "R-001\rAnswer: ok" (102.595505ms)
✔ LOOP-072: malformed Blocking concerns stay open: "R-001 Answer: ok" (88.818484ms)
✔ LOOP-072: malformed Blocking concerns stay open: "R-001 Answer: ok" (92.200017ms)
✔ LOOP-072: ordinary malformed concerns are refused: "R-001\nR-002" (38.797074ms)
✔ LOOP-072: ordinary malformed concerns are refused: "R-001, prose" (50.77492ms)
✔ LOOP-072: ordinary malformed concerns are refused: " " (53.453925ms)
✔ LOOP-072: a Blocking escalation without concerns is still presented (82.288998ms)
✔ LOOP-072: carriage returns in a Blocking question do not create answer records (90.503442ms)
✔ LOOP-072: explanation separator 8232 cannot close an escalation (161.257725ms)
✔ LOOP-071: decision metadata refuses separator 8232 (330.178661ms)
✔ LOOP-072: explanation separator 8233 cannot close an escalation (167.035775ms)
✔ LOOP-071: decision metadata refuses separator 8233 (331.213807ms)
✔ Concerns, Rests on, and Promoted from written as lists read as the flat form (LOOP-124) (647.927206ms)
✔ an item named by filename, path, or backticked slug resolves like the slug (LOOP-125) (589.307175ms)
✔ an input that covers Cairn's own output is named as the repair, before and after a check (LOOP-126, LOOP-105) (724.916666ms)
✔ an unreadable record directory is a repair, not an error exit (LOOP-127) (100.84166ms)
✔ a title that slugifies to nothing is refused (LOOP-128) (145.843414ms)
✔ examined: [] is an empty list (LOOP-129, LOOP-108) (483.441327ms)
✔ below the Git toplevel the restore check compares root-relative paths (LOOP-130, LOOP-035) (359.048742ms)
✔ below the Git toplevel an uncommitted declared input is named from the project root (LOOP-132, LOOP-030) (366.850533ms)
✔ a value on the key line followed by list items is the first item, never dropped (LOOP-133) (645.353923ms)
✔ the footprint's walk reads Current: as the wake does: a fenced example below the real line, or a second line in history, never moves the start (LOOP-134, LOOP-035) (331.900541ms)
✔ an input spelled .. from a project below the Git toplevel covers the evidence directory (LOOP-126, LOOP-105) (102.384496ms)
✔ a Consequential record this commitment added needs its queue entry committed (LOOP-131, DEC-004) (558.997412ms)
✔ a mechanism that removes the check lock still gets its evidence, with no repair for the lock (LOOP-107) (275.765987ms)
✔ a staged rename reads as its two paths, never as a bare origin token (LOOP-030, LOOP-110) (151.690982ms)
✔ a Current: line inside a fenced example is neither a second Current: line nor the commitment, before or after the real line (LOOP-104) (294.365351ms)
✔ a Status: word is taken only from a line that carries one, never from wrapped prose after it (SPEC-018) (0.828338ms)
✔ the placeholder left above a resolving entry is a repair naming the file (DEC-021) (269.005685ms)
✔ the placeholder alone is a decision recorded and not yet built, unchanged (DEC-007) (81.641378ms)
✔ resolving entries with no placeholder are unchanged (DEC-006) (141.320813ms)
✔ a shallow clone that cannot resolve its entries is still told to fetch, not to edit (LOOP-113 keeps precedence) (212.653251ms)
✔ the placeholder quoted in a fenced example does not make a built record a repair (DEC-021) (127.641639ms)
✔ supersede takes the same decider vocabulary as decide (DEC-020) (108.84688ms)
✔ a superseded record is held to the same line: its placeholder above a resolving entry is a repair (DEC-021, DEC-010) (195.265725ms)
✔ realize() touches only the Realized by section; a body that quotes the placeholder keeps it (138.700021ms)
✔ an unmatched input is refused before execution (LOOP-044) (185.178688ms)
✔ an indexed input deleted on disk asks for a commit (LOOP-045) (206.784879ms)
✔ wake and check require a Git working tree (LOOP-046) (139.595386ms)
✔ recovery removes only dead kernel run records and identifies a live owner (LOOP-054, LOOP-055) (427.891154ms)
✔ an agent action based behind a clean HEAD appears committed (LOOP-027) (230.836613ms)
✔ realization needs a real commit and a subject (DEC-006) (308.958016ms)
✔ 1500 binary inputs digest identically at the review commit in under a second (LOOP-024) (1611.016154ms)
✔ merged work is excluded but a later own commit is a breach (LOOP-047) (502.758547ms)
✔ exact Current tenure ignores prefix matches and earlier visits to the same slug (LOOP-035) (324.75057ms)
✔ a kernel run records its supervising PID (LOOP-054) (255.022781ms)
✔ a merged declared input still stales evidence (LOOP-047) (468.392208ms)
✔ wildcard and magic pathspecs select the same historical inputs (LOOP-024, LOOP-032) (2612.52544ms)
✔ historical selection retains deleted files and excludes new ones (LOOP-024, LOOP-035) (1312.352069ms)
✔ cairn --version prints the package.json version outside a repository, and help lists it (PKG-039) (207.305993ms)
✔ a release is one commit setting one version in the five files, with the changelog entry, tagged v<version> (PKG-040) (1145.359656ms)
✔ the release script refuses a bad version, no increase, a dirty tree, a missing entry, a taken tag, a disagreeing file, and a loop not at Done, each in one line with nothing written (PKG-040) (2471.408015ms)
✔ a version file written as compact JSON is released, and nothing else in any version file changes (PKG-042) (1402.272271ms)
✔ explicit reporting with no lines and exit 0 establishes no requirement verdicts (LOOP-061) (455.0071ms)
✔ explicit reporting with no lines and exit 1 establishes no requirement verdicts (LOOP-061) (496.223225ms)
✔ a reporter that cannot start keeps execution diagnostics without blaming requirements (LOOP-062) (335.946927ms)
✔ large output cannot kill a reporter or invent a requirement verdict (349.867977ms)
✔ explicit mode ignores cairn: R-999: pass (381.257374ms)
✔ explicit mode ignores cairn: R-001: unverified (357.988715ms)
✔ explicit mode ignores cairn: R-001: passed (325.421871ms)
✔ explicit results survive nonzero exit and contradictory duplicates still fail (819.229316ms)
✔ unverified results across changed inputs never become failed attempts (1595.139649ms)
✔ legacy exit 0 retains its interpretation (268.494969ms)
✔ legacy exit 1 retains its interpretation (335.92632ms)
✔ a misspelled reporting mode is refused before execution (149.367729ms)
✔ changed requirement blocks unchecked reruns and makes the completion review stale (LOOP-058, LOOP-059) (1898.49255ms)
✔ falsifier changes need review; separate rationale and other requirements do not change a receipt (1437.117128ms)
✔ legacy receipts recover requirement identity from their commit; unavailable history requires review (1205.385596ms)
✔ check refuses uncommitted requirement text and mechanism review markers (1042.03037ms)
✔ tightened response limit cannot reuse the old passing check (1673.859376ms)
✔ a declared input over 1 MiB agrees at a commit and in the tree (LOOP-060) (494.45908ms)
✔ a failed Git blob read cannot be hashed as an empty blob (377.005615ms)
✔ Git listings over 1 MiB include the last declared input (2211.588032ms)
✔ requirement identity excludes fenced examples and status dates (463.733219ms)
✔ DemonCoder REM-002 and Status in progress cannot silently satisfy the review gate (LOOP-086) (864.277674ms)
✔ valid open findings retain their behavior (552.484498ms)
✔ valid resolved findings retain their behavior (546.605391ms)
✔ valid empty findings retain their behavior (596.18469ms)
✔ valid mixed valid findings retain their behavior (546.198886ms)
✔ malformed finding "open:" requires repair (619.082996ms)
✔ malformed finding "resolved:   " requires repair (427.840417ms)
✔ malformed finding "Open: incorrect case" requires repair (475.097499ms)
✔ malformed finding "unknown: issue" requires repair (470.219972ms)
✔ malformed finding "\u001b[31mBAD: issue" requires repair (453.238639ms)
✔ the established explicit empty findings list remains valid (461.29531ms)
✔ a scalar findings value requires the supported list format (410.758008ms)
✔ a Requirements: line written as a list is read like the flat form (LOOP-102) (138.121378ms)
✔ a subdirectory or a README in a record directory changes nothing (LOOP-103) (595.692337ms)
✔ two Current: lines are a roadmap repair (LOOP-104) (80.208725ms)
✔ a repeated identifier, an input under the evidence directory, and a missing cwd are refused by name (LOOP-105) (475.797374ms)
✔ a requirement whose evidence outlives its mechanism is named declare, not a regression or an escalation (LOOP-106) (1200.654775ms)
✔ an unreadable record is a repair, not an error exit (LOOP-107) (97.099188ms)
✔ a review needs commit, a nonempty examined list, and a findings list, each named when missing (LOOP-108) (1333.069785ms)
✔ a decision record missing a header field or naming a missing predecessor is a repair (LOOP-109) (335.386641ms)
✔ a dirty declared input with no in-progress record is named record ahead of run (LOOP-022, LOOP-110) (287.220063ms)
✔ with core.filemode false the index mode is the identity, so a mode-only difference does not refuse the check (LOOP-111) (298.33884ms)
✔ a project below the Git toplevel can run check (LOOP-112) (311.352895ms)
✔ a shallow clone names history to fetch, not a decision to build (LOOP-113) (315.819445ms)
✔ record-writing commands refuse to run outside a Cairn repository and write nothing (LOOP-118) (287.168423ms)
✔ a git that cannot start is one line and exit 3 from wake and from check, with nothing recorded (LOOP-137) (123.075042ms)
✔ empty footprint names declaration before scope and records no evidence (LOOP-081) (646.655292ms)
✔ first declaration still checks the full earlier history (LOOP-081) (464.879314ms)
✔ an empty current footprint does not block an explicitly requested existing mechanism (LOOP-081) (351.729148ms)
✔ an inherited mechanism provides a footprint even before local mechanisms exist (269.952777ms)
✔ scope reports every path, escapes line breaks, and gives identical remedies (LOOP-082) (281.269126ms)
✔ scope verdict reuses the answered-escalation annotation (LOOP-048, LOOP-051, LOOP-083) (702.444963ms)
✔ a committed scope acknowledgment lets restored history proceed (LOOP-083) (1028.245187ms)
✔ scope acknowledgment must be committed before it can clear a breach (800.518757ms)
✔ ordinary ok does not acknowledge scope history (407.991339ms)
✔ scope escalation refuses unrestored paths and names the restoration remedy (334.996068ms)
✔ an invalid scope request still records an explicitly Blocking decision (196.343085ms)
✔ ask and explanation stay open; only the final committed ok acknowledges scope (959.869668ms)
✔ instead is visible but does not silently authorize a scope exception (490.035633ms)
✔ later changes to an acknowledged path still block, including later reverts (1278.713535ms)
✔ approval cannot hide another path changed after the snapshot (401.191191ms)
✔ acknowledged history remains conditional on the paths staying restored (1182.165748ms)
✔ editing the scope snapshot after answer invalidates its acknowledgment (337.196647ms)
✔ malformed scope metadata cannot suppress a breach (1467.376157ms)
✔ damaged acknowledgment fields cannot suppress a breach (593.721188ms)
✔ scope path matching is literal, including wildcard filenames and control characters (704.316151ms)
✔ scope acknowledgment does not carry into another activation of the same slug (332.251049ms)
✔ restoration checks additions, deletions, executable modes, and symlink kinds (1467.459115ms)
✔ explicit committed retention keeps correct work and requires new evidence and review (LOOP-084, LOOP-085) (2340.465723ms)
✔ a missing declaration covers correct earlier work without retention or revert (638.219741ms)
✔ keep requires scope and an unchanged committed candidate (180.304435ms)
✔ uncommitted retention and instead answers cannot clear the incident (1463.118302ms)
✔ retention does not grant future edits, even when reverted to the approved tree (1843.754986ms)
✔ retention cannot cover another path or another activation (717.575753ms)
✔ imported changes must still match the retained tree (675.182573ms)
✔ retention handles additions, deletions, modes, symlinks, and literal filenames (2588.569733ms)
✔ retention cannot convert an existing restoration answer or accept an unknown mode (443.519699ms)
✔ a check failure after retention remains a failure (723.556663ms)
✔ retained paths stay part of the stable checked candidate without extending its footprint (614.102152ms)
✔ retention ask needs an explanation and final committed approval (783.476763ms)
✔ an unknown scope mode remains invalid even with a matching approval digest (293.606455ms)
✔ backlog writes the item; a second with the same title is refused, never overwritten (LOOP-016) (122.355872ms)
✔ a commit inside the footprint: check runs; outside it: check names the path and does not run (LOOP-015, LOOP-035) (652.493876ms)
✔ Cairn's records are never a breach; another file under docs/ is (LOOP-117) (686.27909ms)
✔ declaring the path as an input clears the breach (326.901868ms)
✔ a revert preserves the record of an out-of-scope commit (LOOP-047) (332.216426ms)
✔ a commitment naming a requirement the spec set does not hold as Agreed is repaired (LOOP-029) (81.85529ms)
✔ a requirement in a Draft spec file is not Agreed (97.72896ms)
✔ working agreements and the ignore file are Cairn records (LOOP-035, LOOP-036) (452.513218ms)
✔ the over-asking rule is gone from both skills (SPEC-005, SPEC-006, SPEC-007) (1.182751ms)
✔ a decision during the phase is recorded (DEC-003) (0.118834ms)
✔ understanding is restated before writing (SPEC-003) (0.078465ms)
✔ falsifiers are proposed as one set and confirmed by exception (SPEC-004) (0.179895ms)
✔ depth is inferred and domains derived, never asked or imposed (SPEC-008, SPEC-009) (0.094424ms)
✔ a term enters the glossary at first occurrence (SPEC-010) (0.059848ms)
✔ the phase ends at the first commitment, and later ones are specified during the loop (SPEC-011, SPEC-012) (0.131413ms)
✔ a requirement goes Agreed only with a nameable mechanism (SPEC-013) (0.064883ms)
✔ review before agreement, recording what it attacked (SPEC-014, SPEC-015) (0.910582ms)
✔ no spec file without requirements; nothing Agreed without a falsifier (SPEC-001, SPEC-002) (0.355804ms)
✔ Observed is marked, and is not contract (SPEC-016, SPEC-017) (0.328375ms)
✔ the skills exclude artifacts outside Cairn's workflow (0.129619ms)
✔ the working agreement names the agent's move for each verdict and the write-ahead record (LOOP-036) (0.455549ms)
✔ the working agreement names the developer's moves (LOOP-036, DEC-014) (0.077767ms)
✔ this repository runs by the file it ships (0.284952ms)
✔ both skills write the working agreement without naming a vendor's file (LOOP-002, LOOP-036, PKG-006) (0.211322ms)
✔ the working agreement says what an attempt is (LOOP-036, DEC-017, DEC-018) (0.069594ms)
✔ the working agreement says a failure no footprint change can address is an escalation, and where an inherited requirement is repaired (DEC-019, LOOP-057) (0.080744ms)
✔ the working agreement states the promote, next-iteration, and no-deferral moves (LOOP-029, LOOP-087, LOOP-091, LOOP-092) (0.082646ms)
✔ both skills sort captures into the backlog or next-iteration and forbid deferral (LOOP-029, LOOP-092, LOOP-093) (0.055047ms)
✔ the skill requires a falsifier on every requirement, a MAY included (SPEC-025) (0.048971ms)
✔ the working agreement names the hooks as optional and the install skill registers them for two harnesses (PKG-006, PKG-018, PKG-019) (0.205462ms)
✔ the working agreement says the kernel is upgraded at Done, never inside a commitment (LOOP-096) (0.049423ms)
✔ the next-iteration skill starts from the specification and ends by naming the next commitment (SPEC-026, SPEC-027) (0.188595ms)
✔ every document that names the project skills names next-iteration beside them (SPEC-026, PKG-014) (4.39181ms)
✔ the working agreement states a move for every action the kernel can name (LOOP-101) (5.038496ms)
✔ the working agreement states both record formats and the two flags the moves need (LOOP-036) (0.154947ms)
✔ the skills demonstrate a safe violating example and preserve recon findings (SPEC-022, SPEC-023) (0.054323ms)
✔ the specification skills run the checker through the cairn command (PKG-029) (0.197391ms)
✔ the README invokes the phase skills by name and states versions and platforms (PKG-030, PKG-031) (0.260281ms)
✔ the manual and the walkthrough say the loop promotes backlog items at Done (0.624777ms)
✔ a two-obligation sentence is named (PKG-007) (56.245279ms)
✔ an obligation with no actor is named (PKG-010) (35.901869ms)
✔ a leading condition clause is not the actor, and the actor after it counts (40.669809ms)
✔ an Agreed requirement with no falsifier is named (SPEC-002); a Draft one is not (89.783846ms)
✔ prose after a Draft requirement with no falsifier is not scanned as requirement text (45.50999ms)
✔ a spec declaring a prefix with no requirement is named (SPEC-001) (35.405687ms)
✔ a keyword in backticks or quotes is a mention, not an obligation (35.01709ms)
✔ duplicate identifiers are rejected within a file and across files (SPEC-020) (87.791215ms)
✔ references resolve across files; missing references name their source (SPEC-021) (87.30571ms)
✔ code examples and quoted mentions are neither definitions nor references (45.766493ms)
✔ machine-local paths are findings in prose, links, quotes, and examples (SPEC-019) (497.475292ms)
✔ relative paths, URLs, slash commands, and character mentions are not absolute path findings (54.002973ms)
✔ a slash after a placeholder continues the template (SPEC-019) (105.122104ms)
✔ a host path is a finding until the file declares it (SPEC-019, SPEC-024) (99.737502ms)
✔ declared host paths cover children with a slash boundary and stay file-local (151.778865ms)
✔ a host-path declaration inside a requirement or example grants no exception (151.594561ms)
✔ host-path declarations require absolute or home-relative entries (219.712855ms)
✔ an Agreed block whose only keyword is MAY needs a falsifier like any other (SPEC-025, SPEC-002) (84.960817ms)
✔ a regex literal is not a path, a drive path and a file URL are, and a skill's slash name is allowed (SPEC-028, SPEC-029) (90.856098ms)
✔ a backticked or quoted actor still counts as one (PKG-010) (53.446091ms)
✔ supersede writes both lines, and the old record keeps every word it had (DEC-008, DEC-010) (77.231399ms)
✔ supersede without a cause, or with one outside the four, is refused (DEC-009) (127.467594ms)
✔ supersede of a record that does not exist is refused (94.423379ms)
✔ a predecessor with no title line cannot be stamped, so nothing is written (86.284801ms)
✔ a --supersedes argument outside the slug alphabet is refused, and a path never reaches the filesystem (DEC-022) (274.81699ms)
✔ a record already superseded cannot be superseded again: one Superseded by line per record (DEC-022, DEC-010) (214.167609ms)
✔ reversals reports counts by decider, cause, and domain (DEC-011) (182.195159ms)
✔ decide in a domain with a reversal is refused without --history, naming the reversal; with it, the record carries History (DEC-012) (190.130947ms)
✔ decide in a domain with no reversals needs no --history (150.461202ms)
✔ a record resting on prose alone is in the domain unspecified, and so is the next one (139.593504ms)
✔ the decider tally normalizes case and whitespace, and names a value outside the vocabulary (DEC-020, DEC-011) (79.723606ms)
✔ a record with no Decided by line is tallied as unrecorded, not as a vocabulary value (76.642448ms)
✔ Decided by written as a list tallies like the flat form, and does not crash the report (LOOP-124, DEC-020) (71.555687ms)
✔ a second declaration for one requirement is accepted, a named check runs every mechanism, and Done needs each to pass (LOOP-056, LOOP-099) (2334.519601ms)
✔ one mechanism's stale evidence names that mechanism, and --stale runs only it (LOOP-056, LOOP-094) (921.558269ms)
✔ attempts are counted within one mechanism's records, so the other's passes do not reset them (LOOP-100, DEC-016) (1841.416693ms)
✔ step 1: an in-progress record is reconciled before anything else (119.153273ms)
✔ step 2: an open escalation is presented and nothing else happens (114.107482ms)
✔ an answered escalation is not open (510.876141ms)
✔ step 3: a decision with no realized-by is built, first by name (DEC-007) (95.149916ms)
✔ a superseded decision with no realized-by is not work (116.450682ms)
✔ step 6: a mechanism that has never run is run, not implemented (LOOP-008) (111.910202ms)
✔ step 6: a requirement whose mechanism fails is implemented (800.796266ms)
✔ step 6 before step 7: failing evidence outranks a missing mechanism (420.379808ms)
✔ step 7: a requirement with no mechanism is declared (LOOP-106) (109.235794ms)
✔ every verdict names who acts: Resolvable is the agent's, Done needs nobody, Escalate waits for the developer (LOOP-004) (635.088244ms)
✔ malformed roadmap is Resolvable, not fatal (LOOP-005) (75.783929ms)
✔ a commitment naming no requirements is Resolvable (LOOP-018) (64.754066ms)
✔ the primary test: two wakes on the same checkout give the same action, before and after a persisted transition (LOOP-001, LOOP-003) (761.346386ms)
✔ outside a cairn repository wake cannot run (47.570828ms)
✔ the loop never waits on the review queue (DEC-015) (380.209946ms)
✔ twenty built records cost one git call to resolve, not twenty (DEC-023) (228.974846ms)
✔ an ambiguous Realized by identifier is the repair that says lengthen it, not a build (LOOP-113, DEC-023) (204.953608ms)
✔ the linked walkthrough runs from agreement through the next commitment (PKG-016) (1667.928499ms)
ℹ tests 486
ℹ suites 0
ℹ pass 485
ℹ fail 1
ℹ cancelled 0
ℹ skipped 0
ℹ todo 0
ℹ duration_ms 24913.417101

✖ failing tests:

test at tests/coverage.test.mjs:13:1
✖ every requirement the node-test declaration speaks for is named in a test title (PKG-025) (7.219122ms)
  AssertionError [ERR_ASSERTION]: declared but named by no test title: LOOP-138
  + actual - expected
  
  + [
  +   'LOOP-138'
  + ]
  - []
  
      at TestContext.<anonymous> (file:///home/shawn/workspace2/cairn-dev/tests/coverage.test.mjs:17:10)
      at Test.runInAsyncScope (node:async_hooks:214:14)
      at Test.run (node:internal/test_runner/test:1062:25)
      at Test.start (node:internal/test_runner/test:959:17)
      at startSubtestAfterBootstrap (node:internal/test_runner/harness:332:17) {
    generatedMessage: false,
    code: 'ERR_ASSERTION',
    actual: [ 'LOOP-138' ],
    expected: [],
    operator: 'deepStrictEqual'
  }
