✔ a Draft block overrides an Agreed file for both wake and check (SPEC-018) (204.175171ms)
✔ an Agreed block overrides a Draft file in the kernel and lint (SPEC-018, SPEC-002) (558.738108ms)
✔ a block Status does not become the file default, including inside examples (SPEC-018) (391.89341ms)
✔ block status without a value does not inherit Agreed by accident (SPEC-018) (82.125409ms)
✔ inheritance needs a file Scope and includes only Agreed blocks, regardless of prefix (PKG-015) (1744.555009ms)
✔ Scope inside a requirement or fenced example does not declare inheritance (PKG-015) (798.429796ms)
✔ a falsifier wrapped onto a line beginning with Status: does not become the block's status (SPEC-018) (1.012669ms)
✔ LOOP-063: reject input mutation during a check and retain diagnostics (415.386636ms)
✔ LOOP-063: reject deletion mutation during a check and retain diagnostics (419.620467ms)
✔ LOOP-063: reject addition mutation during a check and retain diagnostics (396.661617ms)
✔ LOOP-063: reject mode mutation during a check and retain diagnostics (390.705153ms)
✔ LOOP-063: reject specification mutation during a check and retain diagnostics (387.28925ms)
✔ LOOP-063: reject declaration mutation during a check and retain diagnostics (390.831995ms)
✔ LOOP-063: reject commit mutation during a check and retain diagnostics (380.034366ms)
✔ LOOP-063: committed input mutation during execution cannot certify the replacement (365.266554ms)
✔ LOOP-064: removing executable permission makes passing evidence stale (533.249519ms)
✔ LOOP-064: a mode-only change also invalidates the previous review after new evidence (774.52132ms)
✔ LOOP-064: changing a regular file into a link with identical identity bytes is stale (836.290805ms)
✔ LOOP-063: an unchanged candidate still records a pass despite unrelated working-tree edits (208.169124ms)
✔ LOOP-064: current and historical input ordering agrees for Unicode filenames (294.958511ms)
✔ LOOP-063: Git status hiding content changes cannot certify an uncommitted candidate (124.73488ms)
✔ LOOP-066: one check owns execution with a kernel action record (489.862597ms)
✔ LOOP-066: one check owns execution with an agent action record (414.909394ms)
✔ LOOP-066: a live lock is named and never silently overwritten (142.136353ms)
✔ LOOP-066: a dead lock is named and never silently overwritten (134.36479ms)
✔ LOOP-066: a incomplete lock is named and never silently overwritten (147.39462ms)
✔ LOOP-066: an execution error releases the check lock for a corrected rerun (472.051046ms)
✔ LOOP-066: a live kernel action from an older Cairn also blocks execution (81.204892ms)
✔ LOOP-066: separate Git worktrees can run checks independently (490.430278ms)
✔ after a green check --stale runs nothing; after one input changes it runs only that mechanism (LOOP-094) (986.679192ms)
✔ a mechanism speaking for two stale requirements runs once and refreshes both (LOOP-094, LOOP-040) (645.524692ms)
✔ a fresh failure and an unverified result are skipped with implement named (LOOP-094) (618.074006ms)
✔ --stale with a requirement identifier is refused (LOOP-094) (71.112587ms)
✔ check --stale holds back a mechanism whose requirement has three attempts and no escalation, names it, and records nothing (LOOP-094, DEC-016) (1948.038398ms)
✔ check refuses a dirty declared input and names it; a dirty undeclared file does not block (LOOP-030) (448.600223ms)
✔ check writes one receipt per run carrying the full record and a result line per requirement (LOOP-097) (353.064506ms)
✔ a nonzero exit records fail, and the receipt keeps the exit code (LOOP-034) (346.124008ms)
✔ a pass after a fail keeps the failing record; nothing is overwritten or deleted (LOOP-025) (646.438264ms)
✔ a commit changing a declared input makes evidence stale; an undeclared one does not (LOOP-007) (780.101867ms)
✔ a regression is named before a requirement that never passed (LOOP-031) (976.228867ms)
✔ three attempts with no escalation since: wake says escalate, not a fourth (DEC-016, DEC-017, DEC-018) (2168.920284ms)
✔ the review gate: no review, stale review, open finding, then Done (LOOP-020, LOOP-033) (908.612278ms)
✔ Done is refused while any requirement lacks current passing evidence (LOOP-017) (72.663921ms)
✔ check names a requested requirement that no mechanism claims (88.290371ms)
✔ check writes the in-progress record before the run and clears it after (LOOP-021) (192.1075ms)
✔ a linked declared input digests the same at a commit and in the tree (LOOP-023, LOOP-024) (358.062816ms)
✔ a result line is the mechanism's statement about one requirement; what it did not mention is unverified (LOOP-037, LOOP-052) (184.172478ms)
✔ a mechanism that says nothing is read by its exit code for every requirement (LOOP-039) (165.764003ms)
✔ unverified is not an attempt, and a return to an earlier failed digest counts once (DEC-017, DEC-018) (1531.741207ms)
✔ a result line for a requirement the mechanism does not speak for is named and writes nothing (LOOP-038) (196.130158ms)
✔ a result line inside ordinary output, or without the marker, does not count (167.511735ms)
✔ a targeted check runs the named requirements' mechanisms and records every requirement they speak for (LOOP-040) (191.289223ms)
✔ two result lines for one requirement: a fail on any line wins (167.686163ms)
✔ three runs at one digest with no attempt since: the verdict stays implement and names DEC-019; an escalation naming it among others clears the hint (DEC-019, LOOP-053) (853.109514ms)
✔ a receipt names its commit in full, and an older receipt with the short form is still read (LOOP-136) (273.564659ms)
✔ a complete commitment with an unpromoted backlog item names promote, and a stamped item lets it reach Done (LOOP-087) (886.608602ms)
✔ an empty backlog with waiting next-iteration items is Done, with the count as information and no action on them (LOOP-091) (727.268916ms)
✔ a promotion marker must resolve to a decision record (LOOP-088) (251.256605ms)
✔ a commitment promoted from an item needs a decision record naming the item (LOOP-088) (261.533254ms)
✔ the spec lint reports a promotion marker with no decision record (LOOP-088) (92.662657ms)
✔ a promoted commitment that changes an Agreed requirement or the working agreement is an escalation; an unpromoted one is not (LOOP-089, LOOP-090) (1579.431889ms)
✔ a capture from one of the commitment's own requirements needs Outside because: or an escalation (LOOP-092) (1630.843554ms)
✔ a next-iteration item names what it would change, and the capture refuses one that does not (LOOP-093) (419.820501ms)
✔ a commitment specified from a next-iteration item needs the item stamped before anything else (SPEC-027) (489.433587ms)
✔ a by deference marker resolves to a decision record like a promotion marker (SPEC-002, LOOP-088) (169.237569ms)
✔ the LOOP-090 gate reads the Concerns line, not the slug as a substring (LOOP-114) (507.726697ms)
✔ the LOOP-088 check reads the Promotes line, and decide --promotes writes it (LOOP-115) (204.817601ms)
✔ the activation commit of a promoted commitment is inside the LOOP-089 comparison (LOOP-116) (133.728508ms)
✔ the LOOP-090 route needs one escalation: its Concerns line covers the moved item too (LOOP-119, LOOP-092, LOOP-114) (576.404306ms)
✔ an escalation raised before the promoted commitment began does not silence the LOOP-090 gate (LOOP-114) (306.649451ms)
✔ an escalation raised before the commitment began does not silence the capture gate (LOOP-119) (314.500775ms)
✔ the activation commit is inside the scope footprint (LOOP-120) (103.400908ms)
✔ a requirement Agreed at activation that is demoted or removed is a contract change (LOOP-121) (575.750544ms)
✔ the include files are the root files that hold @AGENTS.md: exempt from the footprint, compared by the gate (LOOP-122) (1045.34372ms)
✔ a superseded promotion no longer satisfies the LOOP-088 check, and the repair says the promotion was reversed (LOOP-123) (415.179568ms)
✔ the restore route measures from the tree before activation, so a path the activation commit added must go (LOOP-120, LOOP-035) (185.583639ms)
✔ the loop works against exactly one commitment: the current one (LOOP-019) (365.567434ms)
✔ a promotion recorded below Consequential is a repair naming the level, since the developer never sees it in the queue (LOOP-088) (56.597169ms)
✔ every requirement the node-test declaration speaks for is named in a test title (PKG-025) (3.106253ms)
✔ every repository path the tests read is a declared input of node-test (PKG-026) (1.095353ms)
✔ writes a record with every required field and an empty realized-by (DEC-001, DEC-005) (82.800119ms)
✔ a Consequential decision is queued for review (DEC-013) (78.606311ms)
✔ a Consequential decision is queued even when .cairn/queue does not exist yet (91.994729ms)
✔ Routine is refused: routine decisions produce no record (85.533263ms)
✔ a missing field is a usage error and nothing is written (86.719297ms)
✔ supersedes requires a classified cause, and the old record must exist (204.688239ms)
✔ an existing record is not overwritten (120.565333ms)
✔ a queued decision stays queued; nothing but the developer removes it (DEC-014) (222.061295ms)
✔ each accepted decider is stored lowercase, whatever case it was typed in (DEC-020) (563.995739ms)
✔ a decider outside the vocabulary is a usage error naming all three, and nothing is written (DEC-020) (441.299301ms)
✔ an empty --decided-by is the missing-field error, not the vocabulary one (67.705883ms)
✔ LOOP-006, LOOP-067: missing inputs names a declaration repair before execution (138.585524ms)
✔ LOOP-006, LOOP-067: empty inputs names a declaration repair before execution (155.393434ms)
✔ LOOP-006, LOOP-067: missing command names a declaration repair before execution (159.983633ms)
✔ LOOP-006, LOOP-067: list command names a declaration repair before execution (149.564353ms)
✔ LOOP-006, LOOP-067: empty command names a declaration repair before execution (138.909152ms)
✔ LOOP-006, LOOP-067: missing requirements names a declaration repair before execution (166.053776ms)
✔ LOOP-006, LOOP-067: bad identifier names a declaration repair before execution (144.943761ms)
✔ LOOP-067: scalar one-item lists retain their existing meaning (287.169012ms)
✔ LOOP-068: a unpopulated gitlink is refused by name (167.192076ms)
✔ LOOP-068: a populated gitlink is refused by name (191.079285ms)
✔ LOOP-069: identical selections across 100 mechanisms use at most 20 Git processes (158.733294ms)
✔ escalate writes the six-line format followed by its facts, and wake presents it (LOOP-010, LOOP-026) (131.882504ms)
✔ a missing or multi-line field is refused with the field named, and nothing is written (LOOP-012) (139.265486ms)
✔ a Blocking escalation that fails the format is written anyway, naming the malformed field (LOOP-013) (143.690799ms)
✔ the loop stops for the developer only at Blocking: a recorded decision below it never yields Escalate, and the Blocking bypass must be spelled exactly (DEC-002) (300.081885ms)
✔ a second escalation while one is open is refused (LOOP-011) (139.853653ms)
✔ answer records the reply; wake no longer presents it; a second answer is refused (328.539538ms)
✔ answer to an unknown escalation is refused (77.614291ms)
✔ a stranger resumes from the file alone: question and answer are both in it (LOOP-014) (130.769991ms)
✔ a developer-shaped answer during the agent's turn is refused and writes nothing; the explanation is still accepted (LOOP-135) (657.468604ms)
✔ after an answer, the same concern can be escalated again under a new name (199.308745ms)
✔ an escalation exists when its file does, committed or not (LOOP-009) (98.648754ms)
✔ developer answers require one of the three forms and cannot inject fields (LOOP-048) (586.080439ms)
✔ ask, agent explanation, another ask, and ok stay ordered in one file (LOOP-049, LOOP-050, LOOP-014) (752.065162ms)
✔ fresh closed answers accompany only concerned requirements until new evidence (LOOP-051) (713.373274ms)
✔ a raised escalation carries no derivable status line, and an old record with one still parses (LOOP-028) (176.027198ms)
✔ LOOP-065: delete of output refuses Done and a new run recovers (1173.296125ms)
✔ LOOP-065: corrupt of output refuses Done and a new run recovers (1117.62359ms)
✔ LOOP-065: delete of stderr_output refuses Done and a new run recovers (1020.377819ms)
✔ LOOP-065: corrupt of stderr_output refuses Done and a new run recovers (929.10508ms)
✔ LOOP-065: a receipt without output needs a new check (467.751456ms)
✔ LOOP-065: a receipt without output_digest needs a new check (463.700112ms)
✔ LOOP-065: a receipt without stderr_output needs a new check (448.715138ms)
✔ LOOP-065: a receipt without stderr_digest needs a new check (377.282731ms)
✔ LOOP-065: legacy unverifiable output is rerun without rewriting history (658.812612ms)
✔ a fresh record names the kernel that wrote it (LOOP-023) (281.40848ms)
✔ LOOP-095: a record from another kernel is stale with the kernel named, and a new check restores Done (677.514779ms)
✔ LOOP-095: a record from no kernel is stale with the kernel named, and a new check restores Done (671.758165ms)
✔ LOOP-070: a later failure is latest even when the clock moves backward (958.752168ms)
✔ LOOP-070: receipt collisions at one clock instant retain execution order beyond nine suffixes (3376.393817ms)
✔ LOOP-070: imported branch receipts stale a later sequence until a new check incorporates them (1180.633511ms)
✔ LOOP-070, LOOP-098: legacy receipts need one ordered check, remain byte-for-byte unchanged, and precede the run receipt in the history (503.753388ms)
✔ LOOP-070: edit of a prior receipt requires fresh evidence (441.392005ms)
✔ LOOP-070: remove of a prior receipt requires fresh evidence (452.679502ms)
✔ LOOP-075: supporting evidence file README.md does not become a receipt (487.455799ms)
✔ LOOP-075: supporting evidence file notes.txt does not become a receipt (477.744223ms)
✔ LOOP-075: supporting evidence file support does not become a receipt (484.371564ms)
✔ LOOP-075: supporting evidence file .DS_Store does not become a receipt (471.914675ms)
✔ LOOP-075: a malformed result line (result=success) names a repair before execution (333.999653ms)
✔ LOOP-075: a malformed result line (sequence=NaN) names a repair before execution (342.374738ms)
✔ LOOP-075: a malformed result line (sequence=9007199254740992) names a repair before execution (311.492501ms)
✔ LOOP-075: a malformed result line (history_digest=wrong) names a repair before execution (346.467878ms)
✔ LOOP-075: a malformed result line (tokens) names a repair before execution (341.329219ms)
✔ LOOP-075: a receipt-shaped directory is a named repair instead of an EISDIR crash (247.314955ms)
✔ LOOP-070: an earlier escalation cannot cover three new attempts after clock rollback (896.445229ms)
✔ LOOP-070: an answer becomes old after a later check even if that check's timestamp is earlier (609.900282ms)
✔ LOOP-070: the newest answer wins between checks even when its clock timestamp is older (401.13972ms)
✔ LOOP-070: legacy escalation dates cover old receipts but not three newer sequenced runs (1363.732615ms)
✔ a PKG requirement the commitment does not name is declared, run, and gates Done (PKG-011) (1782.293695ms)
✔ a PKG requirement in a Draft spec is not folded in (497.32908ms)
✔ LOOP-076, LOOP-079: stale inputs identify the receipt and the check to run (698.206853ms)
✔ LOOP-077: names a content change using checked input identity (658.197011ms)
✔ LOOP-077: names a mode change using checked input identity (627.522654ms)
✔ LOOP-077: names a kind change using checked input identity (584.226436ms)
✔ LOOP-077: names a added change using checked input identity (562.498623ms)
✔ LOOP-077: names a removed change using checked input identity (529.110205ms)
✔ LOOP-077: names a link-target change using checked input identity (784.26845ms)
✔ LOOP-077: changed selection compares the old and new input sets (435.244065ms)
✔ LOOP-077: raw CRLF changes remain visible when Git-clean content agrees (485.429787ms)
✔ LOOP-077: detail output is sorted, bounded, and reports the omitted count (406.530802ms)
✔ LOOP-077: filenames cannot inject lines or terminal controls into explanations (385.071219ms)
✔ LOOP-077: receipts from one run share details and do not store source contents (271.130974ms)
✔ LOOP-078, LOOP-080: legacy optional detail limits explanation without changing standing (452.798179ms)
✔ LOOP-078, LOOP-080: invalid-field optional detail limits explanation without changing standing (492.694525ms)
✔ LOOP-078, LOOP-080: missing optional detail limits explanation without changing standing (486.913593ms)
✔ LOOP-078, LOOP-080: invalid-json optional detail limits explanation without changing standing (462.952078ms)
✔ LOOP-078, LOOP-080: mismatched optional detail limits explanation without changing standing (466.266615ms)
✔ LOOP-078, LOOP-080: duplicate optional detail limits explanation without changing standing (466.224072ms)
✔ LOOP-078, LOOP-080: unsafe-path optional detail limits explanation without changing standing (447.56807ms)
✔ LOOP-078, LOOP-080: directory optional detail limits explanation without changing standing (447.926168ms)
✔ LOOP-078, LOOP-080: symlink optional detail limits explanation without changing standing (429.409603ms)
✔ LOOP-078: unavailable old requirement text is not claimed as a proven change (382.974652ms)
✔ LOOP-076, LOOP-079: changed requirements identify evidence and retain review-before-check guidance (321.477044ms)
✔ LOOP-078: simultaneous input and output damage keep both reasons (352.872232ms)
✔ LOOP-080: deterministic freshness sequence seed=7 (8559.851445ms)
✔ LOOP-080: deterministic freshness sequence seed=42 (5741.04092ms)
✔ LOOP-080: deterministic freshness sequence seed=913 (5073.796131ms)
✔ LOOP-080: agreement changes, mechanism review, checks, and completion review retain priority (1179.13329ms)
✔ LOOP-080: imported receipt history demands a rerun without a false input explanation (1360.728544ms)
✔ LOOP-073: clean CRLF input completes under attributes (525.87903ms)
✔ LOOP-073: clean CRLF input completes under autocrlf (530.759883ms)
✔ LOOP-073: raw line-ending mutation during a run is rejected even when Git still sees the same content (241.831365ms)
✔ LOOP-073: execution evidence changes when clean conversion preserves committed identity (950.72129ms)
✔ LOOP-073: Git clean filters use Git's conversion while retaining raw evidence identity (501.950433ms)
✔ LOOP-073: failure of a required Git filter cannot record evidence (130.306803ms)
✔ LOOP-073: a clean filter moving HEAD during ending validation prevents evidence (390.288869ms)
✔ LOOP-073: canonical Git identities handle links without reading their targets (435.547381ms)
✔ LOOP-073: Git conversion keeps raw Unicode and control-character input paths (391.329566ms)
✔ LOOP-073: conversion and links work in a SHA-256 Git repository (397.16305ms)
✔ LOOP-074: historical specification filename "café.md" remains reviewable (371.52062ms)
✔ LOOP-074: historical specification filename "spec\ttab.md" remains reviewable (397.754387ms)
✔ LOOP-074: historical specification filename "spec\nline.md" remains reviewable (371.840413ms)
✔ help works outside a repository without running a command (PKG-017) (978.270072ms)
✔ help does not hide invalid options or consume literal arguments (192.949693ms)
✔ help lists the lint command (PKG-017) (61.431005ms)
✔ a working directory that no longer exists is named as the failure, and git is not blamed (PKG-041, PKG-022) (185.344612ms)
✔ the stop hook refuses a stop while wake says Resolvable, with the verdict as the reason (PKG-018) (218.09584ms)
✔ the stop hook allows a stop at Done, at Escalate, and outside a Cairn repository (PKG-018) (978.56367ms)
✔ the session-start hook links the command once and prints the verdict in a Cairn repository (PKG-019, PKG-014, PKG-005) (436.466769ms)
✔ the session-start hook prints no verdict outside a Cairn repository and leaves an existing link that resolves alone (PKG-019) (61.778588ms)
✔ a checkout under a path with a space links a command that resolves, and its stop hook still blocks (PKG-019, PKG-021) (337.688887ms)
✔ the hooks run the kernel the command link resolves to, so hook and agent share one referee (PKG-021) (1024.592441ms)
✔ a dangling link is replaced and reported (PKG-019) (146.713425ms)
✔ errors exit 0 with one line on standard error and no stack trace (PKG-022) (174.320844ms)
✔ the hooks judge with the cairn on PATH, a wrapper included, and session-start names it (PKG-033) (979.547393ms)
✔ a link to a wrapper or file is kept; a dangling link or one to a directory is replaced (PKG-034) (360.77121ms)
✔ a project below the Git toplevel gets the verdict and the stop refusal (PKG-035) (321.349226ms)
✔ a kernel that prints no verdict is one stderr line: the stop is allowed and session-start prints no trace (PKG-036) (160.177362ms)
✔ a link that cannot be created is one stderr line, and the verdict still prints (PKG-019, PKG-022) (124.548157ms)
✔ with git absent the hooks say so in one line and block nothing (PKG-022) (76.000086ms)
✔ stop_hook_active true no longer lets a Resolvable stop through: the hook still refuses (PKG-018) (140.152986ms)
✔ receipts written by the project's own kernel are judged with it, not with a different cairn on PATH (PKG-033, PKG-021) (399.687509ms)
✔ the fourth stop on an unchanged verdict, commit and tree goes through with a message and a stop record; each refusal names cairn escalate (PKG-043, PKG-044) (430.938291ms)
✔ progress resets the count, a commit or an edited file alike, and each session counts on its own (PKG-043) (1177.153206ms)
✔ cairn lint runs the checker over docs/spec by default and over a named directory (PKG-028) (204.200676ms)
✔ cairn lint names a missing directory in one line, takes one argument, and reports a bad root (PKG-028) (211.868941ms)
✔ three megabytes are retained exactly once with matching digests (LOOP-041, LOOP-042) (334.497775ms)
✔ split stdout result lines survive a long non-result line; stderr is never a verdict (366.237655ms)
✔ signal termination is recorded and logs survive a clone (LOOP-043) (351.488671ms)
✔ working agreements and ignore changes are Cairn records inside the footprint (351.958945ms)
✔ a clean package passes (85.533153ms)
✔ PKG-001: a dependency, or a service manifest (177.080837ms)
✔ PKG-002: ignoring evidence or other durable state, by directory or by extension (144.098765ms)
✔ PKG-003: a command, a directory, or a record kind no decision names (238.875231ms)
✔ PKG-004: a kernel over 1900 lines, counting every file under bin/ as wc -l does; exactly 1900 passes (340.274867ms)
✔ PKG-006: a skill step naming a vendor's product, in either order, across a wrapped list item (PKG-027) (321.077645ms)
✔ PKG-008: a non-ASCII character in a tracked text file (75.046861ms)
✔ PKG-009: the kernel importing from tests (90.771446ms)
✔ PKG-012: a network call or a model vendor in the kernel (150.919319ms)
✔ PKG-013: deferral language, but not in code, quotes, or a rule (655.56072ms)
✔ a tracked path deleted from the working tree is skipped, not a crash (104.586424ms)
✔ a sentence in a Formats section is not a record kind (83.265892ms)
✔ a record kind named by its path alone is checked (66.598514ms)
✔ PKG-002: a tracked in-progress record (80.957206ms)
✔ PKG-002: ignoring evidence alone is a finding (87.884816ms)
✔ PKG-003 reads the kernel's commands from its help output (PKG-023) (132.791008ms)
✔ the ASCII scan covers shipped files, not records under .cairn/ (PKG-024) (77.285193ms)
✔ a vendor-naming step wrapped across lines is matched (PKG-006, PKG-027) (77.175332ms)
✔ PKG-013 scans the README, the manual, and the walkthrough (PKG-032) (217.497805ms)
✔ the manifests, the listing and package.json agree on the name and version, and name paths the repository holds (PKG-037) (2.34662ms)
✔ the hooks file registers session-start and stop against the plugin's own hook.mjs through the plugin root variable (PKG-038) (0.286979ms)
✔ a Muse hook entry whose shared hook is missing prints one line and exits 0 (PKG-041, PKG-022) (79.542905ms)
✔ the registered commands print the verdict at session start, link the command into the plugin, and refuse a stop while wake says Resolvable (PKG-038, PKG-021) (370.870554ms)
✔ LOOP-071: decision body metadata does not resolve unbuilt work: "Superseded by: example" (623.022013ms)
✔ LOOP-071: decision body metadata does not resolve unbuilt work: "```text\nSuperseded by: example\n```" (612.184868ms)
✔ LOOP-071: decision body metadata does not resolve unbuilt work: "~~~text\nSuperseded by: example\n~~~" (611.50308ms)
✔ LOOP-071: a fenced realization example is not a resolving commit (617.030549ms)
✔ LOOP-071: a fenced commit inside the realization section is not built (580.648249ms)
✔ LOOP-071: ## Example cannot replace an open review finding (572.363065ms)
✔ LOOP-071: # Example cannot replace an open review finding (533.261404ms)
✔ LOOP-071: ### Example cannot replace an open review finding (488.338197ms)
✔ LOOP-071:   ## Example cannot replace an open review finding (492.601137ms)
✔ LOOP-071: Example paragraph. cannot replace an open review finding (440.292074ms)
✔ LOOP-071: Example
------- cannot replace an open review finding (389.668675ms)
✔ LOOP-071: fenced fields before a real review header are ignored (365.940895ms)
✔ LOOP-071: multiline decision --title cannot inject metadata (310.428463ms)
✔ LOOP-071: multiline decision --decided-by cannot inject metadata (323.944031ms)
✔ LOOP-071: multiline decision --rests-on cannot inject metadata (311.218953ms)
✔ LOOP-071: multiline decision --wrong-if cannot inject metadata (333.120315ms)
✔ LOOP-071: multiline decision --history cannot inject metadata (297.819034ms)
✔ LOOP-072: malformed Blocking concerns stay open: "R-001\nAnswer: ok" (74.648826ms)
✔ LOOP-072: malformed Blocking concerns stay open: "R-001\r\nAnswer: ok" (89.123371ms)
✔ LOOP-072: malformed Blocking concerns stay open: "R-001\rAnswer: ok" (84.351193ms)
✔ LOOP-072: malformed Blocking concerns stay open: "R-001 Answer: ok" (97.10706ms)
✔ LOOP-072: malformed Blocking concerns stay open: "R-001 Answer: ok" (88.31123ms)
✔ LOOP-072: ordinary malformed concerns are refused: "R-001\nR-002" (41.204356ms)
✔ LOOP-072: ordinary malformed concerns are refused: "R-001, prose" (44.584672ms)
✔ LOOP-072: ordinary malformed concerns are refused: " " (50.875524ms)
✔ LOOP-072: a Blocking escalation without concerns is still presented (98.594566ms)
✔ LOOP-072: carriage returns in a Blocking question do not create answer records (70.343238ms)
✔ LOOP-072: explanation separator 8232 cannot close an escalation (149.976097ms)
✔ LOOP-071: decision metadata refuses separator 8232 (303.462496ms)
✔ LOOP-072: explanation separator 8233 cannot close an escalation (162.135584ms)
✔ LOOP-071: decision metadata refuses separator 8233 (312.379567ms)
✔ Concerns, Rests on, and Promoted from written as lists read as the flat form (LOOP-124) (550.422193ms)
✔ an item named by filename, path, or backticked slug resolves like the slug (LOOP-125) (531.37751ms)
✔ an input that covers Cairn's own output is named as the repair, before and after a check (LOOP-126, LOOP-105) (641.910028ms)
✔ an unreadable record directory is a repair, not an error exit (LOOP-127) (80.896576ms)
✔ a title that slugifies to nothing is refused (LOOP-128) (125.291425ms)
✔ examined: [] is an empty list (LOOP-129, LOOP-108) (457.302056ms)
✔ below the Git toplevel the restore check compares root-relative paths (LOOP-130, LOOP-035) (389.404185ms)
✔ below the Git toplevel an uncommitted declared input is named from the project root (LOOP-132, LOOP-030) (226.766058ms)
✔ a value on the key line followed by list items is the first item, never dropped (LOOP-133) (589.210931ms)
✔ the footprint's walk reads Current: as the wake does: a fenced example below the real line, or a second line in history, never moves the start (LOOP-134, LOOP-035) (276.22258ms)
✔ an input spelled .. from a project below the Git toplevel covers the evidence directory (LOOP-126, LOOP-105) (79.546957ms)
✔ a Consequential record this commitment added needs its queue entry committed (LOOP-131, DEC-004) (470.055574ms)
✔ a mechanism that removes the check lock still gets its evidence, with no repair for the lock (LOOP-107) (228.064607ms)
✔ a staged rename reads as its two paths, never as a bare origin token (LOOP-030, LOOP-110) (98.882521ms)
✔ a Current: line inside a fenced example is neither a second Current: line nor the commitment, before or after the real line (LOOP-104) (189.501562ms)
✔ a Status: word is taken only from a line that carries one, never from wrapped prose after it (SPEC-018) (0.830454ms)
✔ the placeholder left above a resolving entry is a repair naming the file (DEC-021) (258.749536ms)
✔ the placeholder alone is a decision recorded and not yet built, unchanged (DEC-007) (73.351462ms)
✔ resolving entries with no placeholder are unchanged (DEC-006) (148.912452ms)
✔ a shallow clone that cannot resolve its entries is still told to fetch, not to edit (LOOP-113 keeps precedence) (124.23078ms)
✔ the placeholder quoted in a fenced example does not make a built record a repair (DEC-021) (111.341235ms)
✔ supersede takes the same decider vocabulary as decide (DEC-020) (90.858804ms)
✔ a superseded record is held to the same line: its placeholder above a resolving entry is a repair (DEC-021, DEC-010) (172.82164ms)
✔ realize() touches only the Realized by section; a body that quotes the placeholder keeps it (104.034046ms)
✔ an untracked file under a declared input is not a change under way; check still refuses beside it and names .gitignore (LOOP-110, LOOP-030) (192.245436ms)
✔ an unmatched input is refused before execution (LOOP-044) (155.991397ms)
✔ an indexed input deleted on disk asks for a commit (LOOP-045) (167.637201ms)
✔ wake and check require a Git working tree (LOOP-046) (113.571803ms)
✔ recovery removes only dead kernel run records and identifies a live owner (LOOP-054, LOOP-055) (378.702602ms)
✔ an agent action based behind a clean HEAD appears committed (LOOP-027) (190.485371ms)
✔ realization needs a real commit and a subject (DEC-006) (274.337801ms)
✔ 1500 binary inputs digest identically at the review commit in under a second (LOOP-024) (1427.436577ms)
✔ merged work is excluded but a later own commit is a breach (LOOP-047) (315.406113ms)
✔ exact Current tenure ignores prefix matches and earlier visits to the same slug (LOOP-035) (296.284992ms)
✔ a kernel run records its supervising PID (LOOP-054) (269.46746ms)
✔ a merged declared input still stales evidence (LOOP-047) (400.630672ms)
✔ wildcard and magic pathspecs select the same historical inputs (LOOP-024, LOOP-032) (2045.911475ms)
✔ historical selection retains deleted files and excludes new ones (LOOP-024, LOOP-035) (1140.872369ms)
✔ cairn --version prints the package.json version outside a repository, and help lists it (PKG-039) (145.646427ms)
✔ a release is one commit setting one version in the five files, with the changelog entry, tagged v<version> (PKG-040) (1003.940978ms)
✔ the release script refuses a bad version, no increase, a dirty tree, a missing entry, a taken tag, a disagreeing file, and a loop not at Done, each in one line with nothing written (PKG-040) (2098.798533ms)
✔ a version file written as compact JSON is released, and nothing else in any version file changes (PKG-042) (1153.591655ms)
✔ explicit reporting with no lines and exit 0 establishes no requirement verdicts (LOOP-061) (464.232676ms)
✔ explicit reporting with no lines and exit 1 establishes no requirement verdicts (LOOP-061) (422.57446ms)
✔ a reporter that cannot start keeps execution diagnostics without blaming requirements (LOOP-062) (262.164439ms)
✔ large output cannot kill a reporter or invent a requirement verdict (379.822589ms)
✔ explicit mode ignores cairn: R-999: pass (306.263413ms)
✔ explicit mode ignores cairn: R-001: unverified (337.135103ms)
✔ explicit mode ignores cairn: R-001: passed (307.17093ms)
✔ explicit results survive nonzero exit and contradictory duplicates still fail (615.414144ms)
✔ unverified results across changed inputs never become failed attempts (1352.480945ms)
✔ legacy exit 0 retains its interpretation (209.037197ms)
✔ legacy exit 1 retains its interpretation (217.552287ms)
✔ a misspelled reporting mode is refused before execution (107.532308ms)
✔ changed requirement blocks unchecked reruns and makes the completion review stale (LOOP-058, LOOP-059) (1755.185632ms)
✔ falsifier changes need review; separate rationale and other requirements do not change a receipt (1219.634231ms)
✔ legacy receipts recover requirement identity from their commit; unavailable history requires review (914.656786ms)
✔ check refuses uncommitted requirement text and mechanism review markers (792.130252ms)
✔ tightened response limit cannot reuse the old passing check (1378.637941ms)
✔ a declared input over 1 MiB agrees at a commit and in the tree (LOOP-060) (410.811713ms)
✔ a failed Git blob read cannot be hashed as an empty blob (348.499124ms)
✔ Git listings over 1 MiB include the last declared input (2298.52541ms)
✔ requirement identity excludes fenced examples and status dates (475.253808ms)
✔ DemonCoder REM-002 and Status in progress cannot silently satisfy the review gate (LOOP-086) (821.399114ms)
✔ valid open findings retain their behavior (501.45441ms)
✔ valid resolved findings retain their behavior (487.453611ms)
✔ valid empty findings retain their behavior (523.085153ms)
✔ valid mixed valid findings retain their behavior (495.279538ms)
✔ malformed finding "open:" requires repair (440.908616ms)
✔ malformed finding "resolved:   " requires repair (372.365529ms)
✔ malformed finding "Open: incorrect case" requires repair (392.552779ms)
✔ malformed finding "unknown: issue" requires repair (355.703776ms)
✔ malformed finding "\u001b[31mBAD: issue" requires repair (321.675644ms)
✔ the established explicit empty findings list remains valid (378.58208ms)
✔ a scalar findings value requires the supported list format (321.650823ms)
✔ a Requirements: line written as a list is read like the flat form (LOOP-102) (125.327424ms)
✔ a subdirectory or a README in a record directory changes nothing (LOOP-103) (477.298573ms)
✔ two Current: lines are a roadmap repair (LOOP-104) (98.724333ms)
✔ a repeated identifier, an input under the evidence directory, and a missing cwd are refused by name (LOOP-105) (452.100871ms)
✔ a requirement whose evidence outlives its mechanism is named declare, not a regression or an escalation (LOOP-106) (1048.182324ms)
✔ an unreadable record is a repair, not an error exit (LOOP-107) (107.29467ms)
✔ a review needs commit, a nonempty examined list, and a findings list, each named when missing (LOOP-108) (992.934224ms)
✔ a decision record missing a header field or naming a missing predecessor is a repair (LOOP-109) (303.434795ms)
✔ a dirty declared input with no in-progress record is named record ahead of run (LOOP-022, LOOP-110) (262.626356ms)
✔ with core.filemode false the index mode is the identity, so a mode-only difference does not refuse the check (LOOP-111) (246.034051ms)
✔ a project below the Git toplevel can run check (LOOP-112) (270.112925ms)
✔ a shallow clone names history to fetch, not a decision to build (LOOP-113) (210.201295ms)
✔ record-writing commands refuse to run outside a Cairn repository and write nothing (LOOP-118) (240.323747ms)
✔ a git that cannot start is one line and exit 3 from wake and from check, with nothing recorded (LOOP-137) (97.713854ms)
✔ an unexplained or uncommitted stop record is named explain before any other action; explained and committed, the wake moves on (LOOP-139) (332.95794ms)
✔ empty footprint names declaration before scope and records no evidence (LOOP-081) (603.128376ms)
✔ first declaration still checks the full earlier history (LOOP-081) (368.639853ms)
✔ an empty current footprint does not block an explicitly requested existing mechanism (LOOP-081) (313.835369ms)
✔ an inherited mechanism provides a footprint even before local mechanisms exist (242.819511ms)
✔ scope reports every path, escapes line breaks, and gives identical remedies (LOOP-082) (246.483074ms)
✔ scope verdict reuses the answered-escalation annotation (LOOP-048, LOOP-051, LOOP-083) (624.573204ms)
✔ a committed scope acknowledgment lets restored history proceed (LOOP-083) (796.011749ms)
✔ scope acknowledgment must be committed before it can clear a breach (678.598483ms)
✔ ordinary ok does not acknowledge scope history (321.10464ms)
✔ scope escalation refuses unrestored paths and names the restoration remedy (285.68887ms)
✔ an invalid scope request still records an explicitly Blocking decision (176.170732ms)
✔ ask and explanation stay open; only the final committed ok acknowledges scope (781.211275ms)
✔ instead is visible but does not silently authorize a scope exception (369.686003ms)
✔ later changes to an acknowledged path still block, including later reverts (1097.987023ms)
✔ approval cannot hide another path changed after the snapshot (374.192152ms)
✔ acknowledged history remains conditional on the paths staying restored (566.112592ms)
✔ editing the scope snapshot after answer invalidates its acknowledgment (286.722242ms)
✔ malformed scope metadata cannot suppress a breach (1400.096703ms)
✔ damaged acknowledgment fields cannot suppress a breach (530.470038ms)
✔ scope path matching is literal, including wildcard filenames and control characters (512.339516ms)
✔ scope acknowledgment does not carry into another activation of the same slug (292.144431ms)
✔ restoration checks additions, deletions, executable modes, and symlink kinds (1393.881226ms)
✔ explicit committed retention keeps correct work and requires new evidence and review (LOOP-084, LOOP-085) (2129.007891ms)
✔ a missing declaration covers correct earlier work without retention or revert (612.832124ms)
✔ keep requires scope and an unchanged committed candidate (203.393055ms)
✔ uncommitted retention and instead answers cannot clear the incident (1153.521977ms)
✔ retention does not grant future edits, even when reverted to the approved tree (1370.583706ms)
✔ retention cannot cover another path or another activation (566.693256ms)
✔ imported changes must still match the retained tree (526.953669ms)
✔ retention handles additions, deletions, modes, symlinks, and literal filenames (1946.793393ms)
✔ retention cannot convert an existing restoration answer or accept an unknown mode (431.036786ms)
✔ a check failure after retention remains a failure (682.137689ms)
✔ retained paths stay part of the stable checked candidate without extending its footprint (559.008044ms)
✔ retention ask needs an explanation and final committed approval (572.701036ms)
✔ an unknown scope mode remains invalid even with a matching approval digest (245.539248ms)
✔ backlog writes the item; a second with the same title is refused, never overwritten (LOOP-016) (169.460761ms)
✔ a commit inside the footprint: check runs; outside it: check names the path and does not run (LOOP-015, LOOP-035) (549.852131ms)
✔ Cairn's records are never a breach; another file under docs/ is (LOOP-117) (608.027517ms)
✔ declaring the path as an input clears the breach (288.512376ms)
✔ a revert preserves the record of an out-of-scope commit (LOOP-047) (327.037523ms)
✔ a commitment naming a requirement the spec set does not hold as Agreed is repaired (LOOP-029) (82.949075ms)
✔ a requirement in a Draft spec file is not Agreed (83.37877ms)
✔ working agreements and the ignore file are Cairn records (LOOP-035, LOOP-036) (462.862447ms)
✔ the over-asking rule is gone from both skills (SPEC-005, SPEC-006, SPEC-007) (1.376623ms)
✔ a decision during the phase is recorded (DEC-003) (0.555199ms)
✔ understanding is restated before writing (SPEC-003) (0.138809ms)
✔ falsifiers are proposed as one set and confirmed by exception (SPEC-004) (0.829257ms)
✔ depth is inferred and domains derived, never asked or imposed (SPEC-008, SPEC-009) (0.13584ms)
✔ a term enters the glossary at first occurrence (SPEC-010) (0.092218ms)
✔ the phase ends at the first commitment, and later ones are specified during the loop (SPEC-011, SPEC-012) (0.116469ms)
✔ a requirement goes Agreed only with a nameable mechanism (SPEC-013) (0.120479ms)
✔ review before agreement, recording what it attacked (SPEC-014, SPEC-015) (0.118585ms)
✔ no spec file without requirements; nothing Agreed without a falsifier (SPEC-001, SPEC-002) (0.191251ms)
✔ Observed is marked, and is not contract (SPEC-016, SPEC-017) (0.133075ms)
✔ the skills exclude artifacts outside Cairn's workflow (0.170041ms)
✔ the working agreement names the agent's move for each verdict and the write-ahead record (LOOP-036) (0.184507ms)
✔ the working agreement names the developer's moves (LOOP-036, DEC-014) (0.069138ms)
✔ this repository runs by the file it ships (0.356573ms)
✔ both skills write the working agreement without naming a vendor's file (LOOP-002, LOOP-036, PKG-006) (0.114258ms)
✔ the working agreement says what an attempt is (LOOP-036, DEC-017, DEC-018) (0.061542ms)
✔ the working agreement says a failure no footprint change can address is an escalation, and where an inherited requirement is repaired (DEC-019, LOOP-057) (0.09755ms)
✔ the working agreement states the promote, next-iteration, and no-deferral moves (LOOP-029, LOOP-087, LOOP-091, LOOP-092) (0.113662ms)
✔ both skills sort captures into the backlog or next-iteration and forbid deferral (LOOP-029, LOOP-092, LOOP-093) (0.080998ms)
✔ the skill requires a falsifier on every requirement, a MAY included (SPEC-025) (0.054837ms)
✔ the working agreement names the hooks as optional and the install skill registers them for two harnesses (PKG-006, PKG-018, PKG-019) (0.199654ms)
✔ the working agreement says the kernel is upgraded at Done, never inside a commitment (LOOP-096) (0.059026ms)
✔ the next-iteration skill starts from the specification and ends by naming the next commitment (SPEC-026, SPEC-027) (0.22866ms)
✔ every document that names the project skills names next-iteration beside them (SPEC-026, PKG-014) (2.382477ms)
✔ the working agreement states a move for every action the kernel can name (LOOP-101) (2.066672ms)
✔ the working agreement states both record formats and the two flags the moves need (LOOP-036) (0.147961ms)
✔ the skills demonstrate a safe violating example and preserve recon findings (SPEC-022, SPEC-023) (0.073914ms)
✔ the specification skills run the checker through the cairn command (PKG-029) (0.356488ms)
✔ the README invokes the phase skills by name and states versions and platforms (PKG-030, PKG-031) (0.32226ms)
✔ the manual and the walkthrough say the loop promotes backlog items at Done (0.678868ms)
✔ the working agreement says a report is not work under way, its findings are captured, and it is committed with them (LOOP-138) (0.100581ms)
✔ a two-obligation sentence is named (PKG-007) (41.556594ms)
✔ an obligation with no actor is named (PKG-010) (31.666699ms)
✔ a leading condition clause is not the actor, and the actor after it counts (47.66163ms)
✔ an Agreed requirement with no falsifier is named (SPEC-002); a Draft one is not (109.043809ms)
✔ prose after a Draft requirement with no falsifier is not scanned as requirement text (33.476887ms)
✔ a spec declaring a prefix with no requirement is named (SPEC-001) (43.549104ms)
✔ a keyword in backticks or quotes is a mention, not an obligation (47.952727ms)
✔ duplicate identifiers are rejected within a file and across files (SPEC-020) (88.587991ms)
✔ references resolve across files; missing references name their source (SPEC-021) (77.457051ms)
✔ code examples and quoted mentions are neither definitions nor references (39.404806ms)
✔ machine-local paths are findings in prose, links, quotes, and examples (SPEC-019) (370.05509ms)
✔ relative paths, URLs, slash commands, and character mentions are not absolute path findings (45.259236ms)
✔ a slash after a placeholder continues the template (SPEC-019) (75.041906ms)
✔ a host path is a finding until the file declares it (SPEC-019, SPEC-024) (84.36006ms)
✔ declared host paths cover children with a slash boundary and stay file-local (132.246348ms)
✔ a host-path declaration inside a requirement or example grants no exception (138.274471ms)
✔ host-path declarations require absolute or home-relative entries (245.275957ms)
✔ an Agreed block whose only keyword is MAY needs a falsifier like any other (SPEC-025, SPEC-002) (83.935921ms)
✔ a regex literal is not a path, a drive path and a file URL are, and a skill's slash name is allowed (SPEC-028, SPEC-029) (72.695497ms)
✔ a backticked or quoted actor still counts as one (PKG-010) (44.295621ms)
✔ supersede writes both lines, and the old record keeps every word it had (DEC-008, DEC-010) (72.836685ms)
✔ supersede without a cause, or with one outside the four, is refused (DEC-009) (141.768822ms)
✔ supersede of a record that does not exist is refused (69.263249ms)
✔ a predecessor with no title line cannot be stamped, so nothing is written (64.304171ms)
✔ a --supersedes argument outside the slug alphabet is refused, and a path never reaches the filesystem (DEC-022) (216.612269ms)
✔ a record already superseded cannot be superseded again: one Superseded by line per record (DEC-022, DEC-010) (172.744912ms)
✔ reversals reports counts by decider, cause, and domain (DEC-011) (181.819658ms)
✔ decide in a domain with a reversal is refused without --history, naming the reversal; with it, the record carries History (DEC-012) (203.488239ms)
✔ decide in a domain with no reversals needs no --history (145.314158ms)
✔ a record resting on prose alone is in the domain unspecified, and so is the next one (129.059827ms)
✔ the decider tally normalizes case and whitespace, and names a value outside the vocabulary (DEC-020, DEC-011) (67.254723ms)
✔ a record with no Decided by line is tallied as unrecorded, not as a vocabulary value (74.60852ms)
✔ Decided by written as a list tallies like the flat form, and does not crash the report (LOOP-124, DEC-020) (81.672316ms)
✔ a second declaration for one requirement is accepted, a named check runs every mechanism, and Done needs each to pass (LOOP-056, LOOP-099) (1959.343841ms)
✔ one mechanism's stale evidence names that mechanism, and --stale runs only it (LOOP-056, LOOP-094) (821.833267ms)
✔ attempts are counted within one mechanism's records, so the other's passes do not reset them (LOOP-100, DEC-016) (1463.90958ms)
✔ step 1: an in-progress record is reconciled before anything else (100.747336ms)
✔ step 2: an open escalation is presented and nothing else happens (78.394449ms)
✔ an answered escalation is not open (483.595847ms)
✔ step 3: a decision with no realized-by is built, first by name (DEC-007) (87.27904ms)
✔ a superseded decision with no realized-by is not work (131.182537ms)
✔ step 6: a mechanism that has never run is run, not implemented (LOOP-008) (137.093353ms)
✔ step 6: a requirement whose mechanism fails is implemented (501.964104ms)
✔ step 6 before step 7: failing evidence outranks a missing mechanism (324.901115ms)
✔ step 7: a requirement with no mechanism is declared (LOOP-106) (96.096073ms)
✔ every verdict names who acts: Resolvable is the agent's, Done needs nobody, Escalate waits for the developer (LOOP-004) (541.634115ms)
✔ malformed roadmap is Resolvable, not fatal (LOOP-005) (56.035329ms)
✔ a commitment naming no requirements is Resolvable (LOOP-018) (57.181805ms)
✔ the primary test: two wakes on the same checkout give the same action, before and after a persisted transition (LOOP-001, LOOP-003) (609.028427ms)
✔ outside a cairn repository wake cannot run (41.800251ms)
✔ the loop never waits on the review queue (DEC-015) (311.3931ms)
✔ twenty built records cost one git call to resolve, not twenty (DEC-023) (175.772444ms)
✔ an ambiguous Realized by identifier is the repair that says lengthen it, not a build (LOOP-113, DEC-023) (166.137754ms)
✔ the linked walkthrough runs from agreement through the next commitment (PKG-016) (1316.991212ms)
ℹ tests 494
ℹ suites 0
ℹ pass 494
ℹ fail 0
ℹ cancelled 0
ℹ skipped 0
ℹ todo 0
ℹ duration_ms 22015.069921
