✔ a Draft block overrides an Agreed file for both wake and check (SPEC-018) (245.992412ms)
✔ an Agreed block overrides a Draft file in the kernel and lint (SPEC-018, SPEC-002) (710.850113ms)
✔ a block Status does not become the file default, including inside examples (SPEC-018) (583.191888ms)
✔ block status without a value does not inherit Agreed by accident (SPEC-018) (119.161799ms)
✔ inheritance needs a file Scope and includes only Agreed blocks, regardless of prefix (PKG-015) (2025.845029ms)
✔ Scope inside a requirement or fenced example does not declare inheritance (PKG-015) (847.548597ms)
✔ a falsifier wrapped onto a line beginning with Status: does not become the block's status (SPEC-018) (1.21894ms)
✔ LOOP-063: reject input mutation during a check and retain diagnostics (494.916026ms)
✔ LOOP-063: reject deletion mutation during a check and retain diagnostics (617.768806ms)
✔ LOOP-063: reject addition mutation during a check and retain diagnostics (486.547293ms)
✔ LOOP-063: reject mode mutation during a check and retain diagnostics (527.698584ms)
✔ LOOP-063: reject specification mutation during a check and retain diagnostics (426.497587ms)
✔ LOOP-063: reject declaration mutation during a check and retain diagnostics (439.972791ms)
✔ LOOP-063: reject commit mutation during a check and retain diagnostics (379.952772ms)
✔ LOOP-063: committed input mutation during execution cannot certify the replacement (376.466707ms)
✔ LOOP-064: removing executable permission makes passing evidence stale (582.681236ms)
✔ LOOP-064: a mode-only change also invalidates the previous review after new evidence (856.012967ms)
✔ LOOP-064: changing a regular file into a link with identical identity bytes is stale (912.661888ms)
✔ LOOP-063: an unchanged candidate still records a pass despite unrelated working-tree edits (227.818313ms)
✔ LOOP-064: current and historical input ordering agrees for Unicode filenames (306.688545ms)
✔ LOOP-063: Git status hiding content changes cannot certify an uncommitted candidate (136.192235ms)
✔ LOOP-066: one check owns execution with a kernel action record (557.088449ms)
✔ LOOP-066: one check owns execution with an agent action record (603.405399ms)
✔ LOOP-066: a live lock is named and never silently overwritten (164.422975ms)
✔ LOOP-066: a dead lock is named and never silently overwritten (268.026579ms)
✔ LOOP-066: a incomplete lock is named and never silently overwritten (179.785195ms)
✔ LOOP-066: an execution error releases the check lock for a corrected rerun (653.571642ms)
✔ LOOP-066: a live kernel action from an older Cairn also blocks execution (96.411409ms)
✔ LOOP-066: separate Git worktrees can run checks independently (697.541981ms)
✔ after a green check --stale runs nothing; after one input changes it runs only that mechanism (LOOP-094) (1335.35925ms)
✔ a mechanism speaking for two stale requirements runs once and refreshes both (LOOP-094, LOOP-040) (796.206382ms)
✔ a fresh failure and an unverified result are skipped with implement named (LOOP-094) (773.735798ms)
✔ --stale with a requirement identifier is refused (LOOP-094) (112.129711ms)
✔ check refuses a dirty declared input and names it; a dirty undeclared file does not block (LOOP-030) (602.233963ms)
✔ check writes one receipt per run carrying the full record and a result line per requirement (LOOP-097) (459.320431ms)
✔ a nonzero exit records fail, and the receipt keeps the exit code (LOOP-034) (417.248253ms)
✔ a pass after a fail keeps the failing record; nothing is overwritten or deleted (LOOP-025) (873.707475ms)
✔ a commit changing a declared input makes evidence stale; an undeclared one does not (LOOP-007) (1007.838962ms)
✔ a regression is named before a requirement that never passed (LOOP-031) (958.623786ms)
✔ three attempts with no escalation since: wake says escalate, not a fourth (DEC-016, DEC-017, DEC-018) (2335.897844ms)
✔ the review gate: no review, stale review, open finding, then Done (LOOP-020, LOOP-033) (975.845782ms)
✔ Done is refused while any requirement lacks current passing evidence (LOOP-017) (74.646014ms)
✔ check names a requested requirement that no mechanism claims (94.29036ms)
✔ check writes the in-progress record before the run and clears it after (LOOP-021) (191.585467ms)
✔ a linked declared input digests the same at a commit and in the tree (LOOP-023, LOOP-024) (352.11598ms)
✔ a result line is the mechanism's statement about one requirement; what it did not mention is unverified (LOOP-037, LOOP-052) (167.172144ms)
✔ a mechanism that says nothing is read by its exit code for every requirement (LOOP-039) (181.952983ms)
✔ unverified is not an attempt, and a return to an earlier failed digest counts once (DEC-017, DEC-018) (1727.26542ms)
✔ a result line for a requirement the mechanism does not speak for is named and writes nothing (LOOP-038) (168.181671ms)
✔ a result line inside ordinary output, or without the marker, does not count (165.81625ms)
✔ a targeted check runs the named requirements' mechanisms and records every requirement they speak for (LOOP-040) (192.494349ms)
✔ two result lines for one requirement: a fail on any line wins (180.42578ms)
✔ three runs at one digest with no attempt since: the verdict stays implement and names DEC-019; an escalation naming it among others clears the hint (DEC-019, LOOP-053) (857.482566ms)
✔ a complete commitment with an unpromoted backlog item names promote, and a stamped item lets it reach Done (LOOP-087) (1196.47876ms)
✔ an empty backlog with waiting next-iteration items is Done, with the count as information and no action on them (LOOP-091) (969.963028ms)
✔ a promotion marker must resolve to a decision record (LOOP-088) (313.698799ms)
✔ a commitment promoted from an item needs a decision record naming the item (LOOP-088) (294.024461ms)
✔ the spec lint reports a promotion marker with no decision record (LOOP-088) (123.955957ms)
✔ a promoted commitment that changes an Agreed requirement or the working agreement is an escalation; an unpromoted one is not (LOOP-089, LOOP-090) (1760.040017ms)
✔ a capture from one of the commitment's own requirements needs Outside because: or an escalation (LOOP-092) (1705.463502ms)
✔ a next-iteration item names what it would change, and the capture refuses one that does not (LOOP-093) (411.124357ms)
✔ a commitment specified from a next-iteration item needs the item stamped before anything else (SPEC-027) (482.023932ms)
✔ a by deference marker resolves to a decision record like a promotion marker (SPEC-002, LOOP-088) (170.560726ms)
✔ the LOOP-090 gate reads the Concerns line, not the slug as a substring (LOOP-114) (476.695849ms)
✔ the LOOP-088 check reads the Promotes line, and decide --promotes writes it (LOOP-115) (228.495907ms)
✔ the activation commit of a promoted commitment is inside the LOOP-089 comparison (LOOP-116) (131.534121ms)
✔ the LOOP-090 route needs one escalation: its Concerns line covers the moved item too (LOOP-119, LOOP-092, LOOP-114) (583.305181ms)
✔ an escalation raised before the promoted commitment began does not silence the LOOP-090 gate (LOOP-114) (353.567834ms)
✔ an escalation raised before the commitment began does not silence the capture gate (LOOP-119) (377.541368ms)
✔ the activation commit is inside the scope footprint (LOOP-120) (103.75237ms)
✔ a requirement Agreed at activation that is demoted or removed is a contract change (LOOP-121) (611.117227ms)
✔ the include files are the root files that hold @AGENTS.md: exempt from the footprint, compared by the gate (LOOP-122) (1017.336325ms)
✔ a superseded promotion no longer satisfies the LOOP-088 check, and the repair says the promotion was reversed (LOOP-123) (456.679121ms)
✔ the restore route measures from the tree before activation, so a path the activation commit added must go (LOOP-120, LOOP-035) (186.779394ms)
✔ the loop works against exactly one commitment: the current one (LOOP-019) (364.126202ms)
✔ a promotion recorded below Consequential is a repair naming the level, since the developer never sees it in the queue (LOOP-088) (69.675484ms)
✔ every requirement the node-test declaration speaks for is named in a test title (PKG-025) (2.836027ms)
✔ every repository path the tests read is a declared input of node-test (PKG-026) (1.020955ms)
✔ writes a record with every required field and an empty realized-by (DEC-001, DEC-005) (88.727102ms)
✔ a Consequential decision is queued for review (DEC-013) (97.448566ms)
✔ a Consequential decision is queued even when .cairn/queue does not exist yet (118.394712ms)
✔ Routine is refused: routine decisions produce no record (246.250327ms)
✔ a missing field is a usage error and nothing is written (111.206476ms)
✔ supersedes requires a classified cause, and the old record must exist (214.045383ms)
✔ an existing record is not overwritten (271.272215ms)
✔ a queued decision stays queued; nothing but the developer removes it (DEC-014) (256.048187ms)
✔ each accepted decider is stored lowercase, whatever case it was typed in (DEC-020) (669.970062ms)
✔ a decider outside the vocabulary is a usage error naming all three, and nothing is written (DEC-020) (523.535233ms)
✔ an empty --decided-by is the missing-field error, not the vocabulary one (129.354787ms)
✔ LOOP-006, LOOP-067: missing inputs names a declaration repair before execution (193.919243ms)
✔ LOOP-006, LOOP-067: empty inputs names a declaration repair before execution (154.001388ms)
✔ LOOP-006, LOOP-067: missing command names a declaration repair before execution (173.216274ms)
✔ LOOP-006, LOOP-067: list command names a declaration repair before execution (261.566473ms)
✔ LOOP-006, LOOP-067: empty command names a declaration repair before execution (376.398022ms)
✔ LOOP-006, LOOP-067: missing requirements names a declaration repair before execution (258.003395ms)
✔ LOOP-006, LOOP-067: bad identifier names a declaration repair before execution (314.789761ms)
✔ LOOP-067: scalar one-item lists retain their existing meaning (336.653595ms)
✔ LOOP-068: a unpopulated gitlink is refused by name (247.113421ms)
✔ LOOP-068: a populated gitlink is refused by name (221.072755ms)
✔ LOOP-069: identical selections across 100 mechanisms use at most 20 Git processes (177.08973ms)
✔ escalate writes the six-line format followed by its facts, and wake presents it (LOOP-010, LOOP-026) (174.798686ms)
✔ a missing or multi-line field is refused with the field named, and nothing is written (LOOP-012) (146.737652ms)
✔ a Blocking escalation that fails the format is written anyway, naming the malformed field (LOOP-013) (179.355487ms)
✔ the loop stops for the developer only at Blocking: a recorded decision below it never yields Escalate, and the Blocking bypass must be spelled exactly (DEC-002) (457.082897ms)
✔ a second escalation while one is open is refused (LOOP-011) (196.396838ms)
✔ answer records the reply; wake no longer presents it; a second answer is refused (458.821062ms)
✔ answer to an unknown escalation is refused (95.511403ms)
✔ a stranger resumes from the file alone: question and answer are both in it (LOOP-014) (152.362972ms)
✔ a developer-shaped answer during the agent's turn is refused and writes nothing; the explanation is still accepted (LOOP-135) (739.89082ms)
✔ after an answer, the same concern can be escalated again under a new name (215.172865ms)
✔ an escalation exists when its file does, committed or not (LOOP-009) (120.017374ms)
✔ developer answers require one of the three forms and cannot inject fields (LOOP-048) (611.062752ms)
✔ ask, agent explanation, another ask, and ok stay ordered in one file (LOOP-049, LOOP-050, LOOP-014) (831.414824ms)
✔ fresh closed answers accompany only concerned requirements until new evidence (LOOP-051) (754.08933ms)
✔ a raised escalation carries no derivable status line, and an old record with one still parses (LOOP-028) (176.622617ms)
✔ LOOP-065: delete of output refuses Done and a new run recovers (1730.887506ms)
✔ LOOP-065: corrupt of output refuses Done and a new run recovers (1440.645379ms)
✔ LOOP-065: delete of stderr_output refuses Done and a new run recovers (1078.758387ms)
✔ LOOP-065: corrupt of stderr_output refuses Done and a new run recovers (986.375026ms)
✔ LOOP-065: a receipt without output needs a new check (558.16323ms)
✔ LOOP-065: a receipt without output_digest needs a new check (485.459154ms)
✔ LOOP-065: a receipt without stderr_output needs a new check (447.402384ms)
✔ LOOP-065: a receipt without stderr_digest needs a new check (413.991408ms)
✔ LOOP-065: legacy unverifiable output is rerun without rewriting history (635.064793ms)
✔ a fresh record names the kernel that wrote it (LOOP-023) (287.605739ms)
✔ LOOP-095: a record from another kernel is stale with the kernel named, and a new check restores Done (684.358085ms)
✔ LOOP-095: a record from no kernel is stale with the kernel named, and a new check restores Done (780.598845ms)
✔ LOOP-070: a later failure is latest even when the clock moves backward (1623.257085ms)
✔ LOOP-070: receipt collisions at one clock instant retain execution order beyond nine suffixes (3716.879843ms)
✔ LOOP-070: imported branch receipts stale a later sequence until a new check incorporates them (1208.815799ms)
✔ LOOP-070, LOOP-098: legacy receipts need one ordered check, remain byte-for-byte unchanged, and precede the run receipt in the history (490.057109ms)
✔ LOOP-070: edit of a prior receipt requires fresh evidence (457.653095ms)
✔ LOOP-070: remove of a prior receipt requires fresh evidence (448.771126ms)
✔ LOOP-075: supporting evidence file README.md does not become a receipt (474.136333ms)
✔ LOOP-075: supporting evidence file notes.txt does not become a receipt (498.820362ms)
✔ LOOP-075: supporting evidence file support does not become a receipt (583.755592ms)
✔ LOOP-075: supporting evidence file .DS_Store does not become a receipt (513.310245ms)
✔ LOOP-075: a malformed result line (result=success) names a repair before execution (323.287511ms)
✔ LOOP-075: a malformed result line (sequence=NaN) names a repair before execution (314.11479ms)
✔ LOOP-075: a malformed result line (sequence=9007199254740992) names a repair before execution (346.586137ms)
✔ LOOP-075: a malformed result line (history_digest=wrong) names a repair before execution (334.351536ms)
✔ LOOP-075: a malformed result line (tokens) names a repair before execution (347.853694ms)
✔ LOOP-075: a receipt-shaped directory is a named repair instead of an EISDIR crash (250.220531ms)
✔ LOOP-070: an earlier escalation cannot cover three new attempts after clock rollback (946.235697ms)
✔ LOOP-070: an answer becomes old after a later check even if that check's timestamp is earlier (659.007882ms)
✔ LOOP-070: the newest answer wins between checks even when its clock timestamp is older (413.431531ms)
✔ LOOP-070: legacy escalation dates cover old receipts but not three newer sequenced runs (1271.827871ms)
✔ a PKG requirement the commitment does not name is declared, run, and gates Done (PKG-011) (2605.545943ms)
✔ a PKG requirement in a Draft spec is not folded in (532.079475ms)
✔ LOOP-076, LOOP-079: stale inputs identify the receipt and the check to run (1054.98985ms)
✔ LOOP-077: names a content change using checked input identity (847.082198ms)
✔ LOOP-077: names a mode change using checked input identity (796.168144ms)
✔ LOOP-077: names a kind change using checked input identity (655.977646ms)
✔ LOOP-077: names a added change using checked input identity (627.728217ms)
✔ LOOP-077: names a removed change using checked input identity (544.224096ms)
✔ LOOP-077: names a link-target change using checked input identity (847.76436ms)
✔ LOOP-077: changed selection compares the old and new input sets (532.371266ms)
✔ LOOP-077: raw CRLF changes remain visible when Git-clean content agrees (466.904056ms)
✔ LOOP-077: detail output is sorted, bounded, and reports the omitted count (436.627013ms)
✔ LOOP-077: filenames cannot inject lines or terminal controls into explanations (396.148338ms)
✔ LOOP-077: receipts from one run share details and do not store source contents (284.241641ms)
✔ LOOP-078, LOOP-080: legacy optional detail limits explanation without changing standing (478.902428ms)
✔ LOOP-078, LOOP-080: invalid-field optional detail limits explanation without changing standing (462.80778ms)
✔ LOOP-078, LOOP-080: missing optional detail limits explanation without changing standing (493.164781ms)
✔ LOOP-078, LOOP-080: invalid-json optional detail limits explanation without changing standing (592.124091ms)
✔ LOOP-078, LOOP-080: mismatched optional detail limits explanation without changing standing (513.150007ms)
✔ LOOP-078, LOOP-080: duplicate optional detail limits explanation without changing standing (468.519572ms)
✔ LOOP-078, LOOP-080: unsafe-path optional detail limits explanation without changing standing (491.030876ms)
✔ LOOP-078, LOOP-080: directory optional detail limits explanation without changing standing (475.2346ms)
✔ LOOP-078, LOOP-080: symlink optional detail limits explanation without changing standing (450.977241ms)
✔ LOOP-078: unavailable old requirement text is not claimed as a proven change (343.089595ms)
✔ LOOP-076, LOOP-079: changed requirements identify evidence and retain review-before-check guidance (351.333439ms)
✔ LOOP-078: simultaneous input and output damage keep both reasons (392.624785ms)
✔ LOOP-080: deterministic freshness sequence seed=7 (9562.459475ms)
✔ LOOP-080: deterministic freshness sequence seed=42 (5929.21375ms)
✔ LOOP-080: deterministic freshness sequence seed=913 (6004.067895ms)
✔ LOOP-080: agreement changes, mechanism review, checks, and completion review retain priority (1287.022648ms)
✔ LOOP-080: imported receipt history demands a rerun without a false input explanation (1437.997926ms)
✔ LOOP-073: clean CRLF input completes under attributes (778.445595ms)
✔ LOOP-073: clean CRLF input completes under autocrlf (875.622009ms)
✔ LOOP-073: raw line-ending mutation during a run is rejected even when Git still sees the same content (316.155551ms)
✔ LOOP-073: execution evidence changes when clean conversion preserves committed identity (1229.352805ms)
✔ LOOP-073: Git clean filters use Git's conversion while retaining raw evidence identity (517.312542ms)
✔ LOOP-073: failure of a required Git filter cannot record evidence (131.912928ms)
✔ LOOP-073: a clean filter moving HEAD during ending validation prevents evidence (402.339038ms)
✔ LOOP-073: canonical Git identities handle links without reading their targets (483.959898ms)
✔ LOOP-073: Git conversion keeps raw Unicode and control-character input paths (415.002191ms)
✔ LOOP-073: conversion and links work in a SHA-256 Git repository (449.585267ms)
✔ LOOP-074: historical specification filename "café.md" remains reviewable (434.453653ms)
✔ LOOP-074: historical specification filename "spec\ttab.md" remains reviewable (361.517636ms)
✔ LOOP-074: historical specification filename "spec\nline.md" remains reviewable (366.770552ms)
✔ help works outside a repository without running a command (PKG-017) (1217.83201ms)
✔ help does not hide invalid options or consume literal arguments (240.74491ms)
✔ help lists the lint command (PKG-017) (51.311136ms)
✔ a working directory that no longer exists is named as the failure, and git is not blamed (PKG-041, PKG-022) (98.065313ms)
✔ the stop hook refuses a stop while wake says Resolvable, with the verdict as the reason (PKG-018) (215.360718ms)
✔ the stop hook allows a stop at Done, at Escalate, and outside a Cairn repository (PKG-018) (1589.10051ms)
✔ the session-start hook links the command once and prints the verdict in a Cairn repository (PKG-019, PKG-014, PKG-005) (532.149885ms)
✔ the session-start hook prints no verdict outside a Cairn repository and leaves an existing link that resolves alone (PKG-019) (75.756294ms)
✔ a checkout under a path with a space links a command that resolves, and its stop hook still blocks (PKG-019, PKG-021) (534.182792ms)
✔ the hooks run the kernel the command link resolves to, so hook and agent share one referee (PKG-021) (978.494615ms)
✔ a dangling link is replaced and reported (PKG-019) (172.590719ms)
✔ errors exit 0 with one line on standard error and no stack trace (PKG-022) (187.206686ms)
✔ the hooks judge with the cairn on PATH, a wrapper included, and session-start names it (PKG-033) (1033.588605ms)
✔ a link to a wrapper or file is kept; a dangling link or one to a directory is replaced (PKG-034) (430.207309ms)
✔ a project below the Git toplevel gets the verdict and the stop refusal (PKG-035) (278.14918ms)
✔ a kernel that prints no verdict is one stderr line: the stop is allowed and session-start prints no trace (PKG-036) (158.245957ms)
✔ a link that cannot be created is one stderr line, and the verdict still prints (PKG-019, PKG-022) (125.292672ms)
✔ with git absent the hooks say so in one line and block nothing (PKG-022) (83.352897ms)
✔ cairn lint runs the checker over docs/spec by default and over a named directory (PKG-028) (269.289271ms)
✔ cairn lint names a missing directory in one line, takes one argument, and reports a bad root (PKG-028) (272.630438ms)
✔ three megabytes are retained exactly once with matching digests (LOOP-041, LOOP-042) (490.815415ms)
✔ split stdout result lines survive a long non-result line; stderr is never a verdict (548.489893ms)
✔ signal termination is recorded and logs survive a clone (LOOP-043) (431.963368ms)
✔ working agreements and ignore changes are Cairn records inside the footprint (587.781744ms)
✔ a clean package passes (104.922345ms)
✔ PKG-001: a dependency, or a service manifest (202.324611ms)
✔ PKG-002: ignoring evidence or other durable state, by directory or by extension (374.311667ms)
✔ PKG-003: a command, a directory, or a record kind no decision names (451.249019ms)
✔ PKG-004: a kernel over 1600 lines, counting every file under bin/ as wc -l does; exactly 1600 passes (423.061695ms)
✔ PKG-006: a skill step naming a vendor's product, in either order, across a wrapped list item (PKG-027) (438.052232ms)
✔ PKG-008: a non-ASCII character in a tracked text file (104.609738ms)
✔ PKG-009: the kernel importing from tests (116.058381ms)
✔ PKG-012: a network call or a model vendor in the kernel (180.812393ms)
✔ PKG-013: deferral language, but not in code, quotes, or a rule (689.186553ms)
✔ a tracked path deleted from the working tree is skipped, not a crash (81.815329ms)
✔ a sentence in a Formats section is not a record kind (89.147587ms)
✔ a record kind named by its path alone is checked (70.305591ms)
✔ PKG-002: a tracked in-progress record (72.449318ms)
✔ PKG-002: ignoring evidence alone is a finding (65.928372ms)
✔ PKG-003 reads the kernel's commands from its help output (PKG-023) (102.971901ms)
✔ the ASCII scan covers shipped files, not records under .cairn/ (PKG-024) (79.267083ms)
✔ a vendor-naming step wrapped across lines is matched (PKG-006, PKG-027) (91.562035ms)
✔ PKG-013 scans the README, the manual, and the walkthrough (PKG-032) (247.00104ms)
✔ the manifests, the listing and package.json agree on the name and version, and name paths the repository holds (PKG-037) (1.900022ms)
✔ the hooks file registers session-start and stop against the plugin's own hook.mjs through the plugin root variable (PKG-038) (0.19909ms)
✔ a Muse hook entry whose shared hook is missing prints one line and exits 0 (PKG-041, PKG-022) (127.045735ms)
✔ the registered commands print the verdict at session start, link the command into the plugin, and refuse a stop while wake says Resolvable (PKG-038, PKG-021) (444.03852ms)
✔ LOOP-071: decision body metadata does not resolve unbuilt work: "Superseded by: example" (847.870524ms)
✔ LOOP-071: decision body metadata does not resolve unbuilt work: "```text\nSuperseded by: example\n```" (900.164509ms)
✔ LOOP-071: decision body metadata does not resolve unbuilt work: "~~~text\nSuperseded by: example\n~~~" (815.377426ms)
✔ LOOP-071: a fenced realization example is not a resolving commit (659.059064ms)
✔ LOOP-071: a fenced commit inside the realization section is not built (618.35175ms)
✔ LOOP-071: ## Example cannot replace an open review finding (584.183063ms)
✔ LOOP-071: # Example cannot replace an open review finding (542.647515ms)
✔ LOOP-071: ### Example cannot replace an open review finding (542.184231ms)
✔ LOOP-071:   ## Example cannot replace an open review finding (545.177326ms)
✔ LOOP-071: Example paragraph. cannot replace an open review finding (467.818316ms)
✔ LOOP-071: Example
------- cannot replace an open review finding (417.703125ms)
✔ LOOP-071: fenced fields before a real review header are ignored (384.420604ms)
✔ LOOP-071: multiline decision --title cannot inject metadata (311.67481ms)
✔ LOOP-071: multiline decision --decided-by cannot inject metadata (321.276033ms)
✔ LOOP-071: multiline decision --rests-on cannot inject metadata (309.254474ms)
✔ LOOP-071: multiline decision --wrong-if cannot inject metadata (330.113394ms)
✔ LOOP-071: multiline decision --history cannot inject metadata (322.544716ms)
✔ LOOP-072: malformed Blocking concerns stay open: "R-001\nAnswer: ok" (132.0514ms)
✔ LOOP-072: malformed Blocking concerns stay open: "R-001\r\nAnswer: ok" (90.584838ms)
✔ LOOP-072: malformed Blocking concerns stay open: "R-001\rAnswer: ok" (110.541244ms)
✔ LOOP-072: malformed Blocking concerns stay open: "R-001 Answer: ok" (142.843476ms)
✔ LOOP-072: malformed Blocking concerns stay open: "R-001 Answer: ok" (108.293716ms)
✔ LOOP-072: ordinary malformed concerns are refused: "R-001\nR-002" (45.079596ms)
✔ LOOP-072: ordinary malformed concerns are refused: "R-001, prose" (52.112467ms)
✔ LOOP-072: ordinary malformed concerns are refused: " " (39.828991ms)
✔ LOOP-072: a Blocking escalation without concerns is still presented (98.449656ms)
✔ LOOP-072: carriage returns in a Blocking question do not create answer records (98.911699ms)
✔ LOOP-072: explanation separator 8232 cannot close an escalation (168.245194ms)
✔ LOOP-071: decision metadata refuses separator 8232 (341.884863ms)
✔ LOOP-072: explanation separator 8233 cannot close an escalation (173.843942ms)
✔ LOOP-071: decision metadata refuses separator 8233 (330.993877ms)
✔ Concerns, Rests on, and Promoted from written as lists read as the flat form (LOOP-124) (792.588743ms)
✔ an item named by filename, path, or backticked slug resolves like the slug (LOOP-125) (838.402524ms)
✔ an input that covers Cairn's own output is named as the repair, before and after a check (LOOP-126, LOOP-105) (773.762419ms)
✔ an unreadable record directory is a repair, not an error exit (LOOP-127) (88.265476ms)
✔ a title that slugifies to nothing is refused (LOOP-128) (287.456435ms)
✔ examined: [] is an empty list (LOOP-129, LOOP-108) (501.839897ms)
✔ below the Git toplevel the restore check compares root-relative paths (LOOP-130, LOOP-035) (349.365713ms)
✔ below the Git toplevel an uncommitted declared input is named from the project root (LOOP-132, LOOP-030) (199.598731ms)
✔ a value on the key line followed by list items is the first item, never dropped (LOOP-133) (613.111242ms)
✔ the footprint's walk reads Current: as the wake does: a fenced example below the real line, or a second line in history, never moves the start (LOOP-134, LOOP-035) (324.404498ms)
✔ an input spelled .. from a project below the Git toplevel covers the evidence directory (LOOP-126, LOOP-105) (81.430897ms)
✔ a Consequential record this commitment added needs its queue entry committed (LOOP-131, DEC-004) (500.924094ms)
✔ a mechanism that removes the check lock still gets its evidence, with no repair for the lock (LOOP-107) (267.303905ms)
✔ a staged rename reads as its two paths, never as a bare origin token (LOOP-030, LOOP-110) (142.459018ms)
✔ a Current: line inside a fenced example is neither a second Current: line nor the commitment, before or after the real line (LOOP-104) (188.31537ms)
✔ a Status: word is taken only from a line that carries one, never from wrapped prose after it (SPEC-018) (0.752425ms)
✔ the placeholder left above a resolving entry is a repair naming the file (DEC-021) (242.43351ms)
✔ the placeholder alone is a decision recorded and not yet built, unchanged (DEC-007) (73.13369ms)
✔ resolving entries with no placeholder are unchanged (DEC-006) (125.694725ms)
✔ a shallow clone that cannot resolve its entries is still told to fetch, not to edit (LOOP-113 keeps precedence) (105.46457ms)
✔ the placeholder quoted in a fenced example does not make a built record a repair (DEC-021) (109.755089ms)
✔ supersede takes the same decider vocabulary as decide (DEC-020) (89.414324ms)
✔ a superseded record is held to the same line: its placeholder above a resolving entry is a repair (DEC-021, DEC-010) (161.157623ms)
✔ realize() touches only the Realized by section; a body that quotes the placeholder keeps it (112.81375ms)
✔ an unmatched input is refused before execution (LOOP-044) (244.81955ms)
✔ an indexed input deleted on disk asks for a commit (LOOP-045) (181.97012ms)
✔ wake and check require a Git working tree (LOOP-046) (247.199454ms)
✔ recovery removes only dead kernel run records and identifies a live owner (LOOP-054, LOOP-055) (440.162503ms)
✔ an agent action based behind a clean HEAD appears committed (LOOP-027) (246.654929ms)
✔ realization needs a real commit and a subject (DEC-006) (342.263335ms)
✔ 1500 binary inputs digest identically at the review commit in under a second (LOOP-024) (1708.707033ms)
✔ merged work is excluded but a later own commit is a breach (LOOP-047) (288.064038ms)
✔ exact Current tenure ignores prefix matches and earlier visits to the same slug (LOOP-035) (310.585482ms)
✔ a kernel run records its supervising PID (LOOP-054) (273.852688ms)
✔ a merged declared input still stales evidence (LOOP-047) (439.26905ms)
✔ wildcard and magic pathspecs select the same historical inputs (LOOP-024, LOOP-032) (2209.504985ms)
✔ historical selection retains deleted files and excludes new ones (LOOP-024, LOOP-035) (1175.016485ms)
✔ cairn --version prints the package.json version outside a repository, and help lists it (PKG-039) (169.346569ms)
✔ a release is one commit setting one version in the five files, with the changelog entry, tagged v<version> (PKG-040) (1613.081005ms)
✔ the release script refuses a bad version, no increase, a dirty tree, a missing entry, a taken tag, a disagreeing file, and a loop not at Done, each in one line with nothing written (PKG-040) (2388.889252ms)
✔ explicit reporting with no lines and exit 0 establishes no requirement verdicts (LOOP-061) (550.312812ms)
✔ explicit reporting with no lines and exit 1 establishes no requirement verdicts (LOOP-061) (585.62142ms)
✔ a reporter that cannot start keeps execution diagnostics without blaming requirements (LOOP-062) (536.865706ms)
✔ large output cannot kill a reporter or invent a requirement verdict (469.868859ms)
✔ explicit mode ignores cairn: R-999: pass (417.548238ms)
✔ explicit mode ignores cairn: R-001: unverified (365.539049ms)
✔ explicit mode ignores cairn: R-001: passed (306.206254ms)
✔ explicit results survive nonzero exit and contradictory duplicates still fail (613.260093ms)
✔ unverified results across changed inputs never become failed attempts (1446.449346ms)
✔ legacy exit 0 retains its interpretation (259.066243ms)
✔ legacy exit 1 retains its interpretation (244.533377ms)
✔ a misspelled reporting mode is refused before execution (138.854086ms)
✔ changed requirement blocks unchecked reruns and makes the completion review stale (LOOP-058, LOOP-059) (2516.215902ms)
✔ falsifier changes need review; separate rationale and other requirements do not change a receipt (1446.505354ms)
✔ legacy receipts recover requirement identity from their commit; unavailable history requires review (948.811889ms)
✔ check refuses uncommitted requirement text and mechanism review markers (828.874136ms)
✔ tightened response limit cannot reuse the old passing check (1319.313871ms)
✔ a declared input over 1 MiB agrees at a commit and in the tree (LOOP-060) (440.306619ms)
✔ a failed Git blob read cannot be hashed as an empty blob (371.645207ms)
✔ Git listings over 1 MiB include the last declared input (2435.005889ms)
✔ requirement identity excludes fenced examples and status dates (457.291451ms)
✔ DemonCoder REM-002 and Status in progress cannot silently satisfy the review gate (LOOP-086) (1085.948713ms)
✔ valid open findings retain their behavior (729.907836ms)
✔ valid resolved findings retain their behavior (682.168465ms)
✔ valid empty findings retain their behavior (582.523398ms)
✔ valid mixed valid findings retain their behavior (489.049345ms)
✔ malformed finding "open:" requires repair (448.309546ms)
✔ malformed finding "resolved:   " requires repair (406.209342ms)
✔ malformed finding "Open: incorrect case" requires repair (396.311717ms)
✔ malformed finding "unknown: issue" requires repair (393.72151ms)
✔ malformed finding "\u001b[31mBAD: issue" requires repair (404.113864ms)
✔ the established explicit empty findings list remains valid (386.442032ms)
✔ a scalar findings value requires the supported list format (341.174642ms)
✔ a Requirements: line written as a list is read like the flat form (LOOP-102) (152.680616ms)
✔ a subdirectory or a README in a record directory changes nothing (LOOP-103) (651.38661ms)
✔ two Current: lines are a roadmap repair (LOOP-104) (143.702629ms)
✔ a repeated identifier, an input under the evidence directory, and a missing cwd are refused by name (LOOP-105) (564.277514ms)
✔ a requirement whose evidence outlives its mechanism is named declare, not a regression or an escalation (LOOP-106) (1404.899825ms)
✔ an unreadable record is a repair, not an error exit (LOOP-107) (105.112531ms)
✔ a review needs commit, a nonempty examined list, and a findings list, each named when missing (LOOP-108) (1060.405125ms)
✔ a decision record missing a header field or naming a missing predecessor is a repair (LOOP-109) (332.45345ms)
✔ a dirty declared input with no in-progress record is named record ahead of run (LOOP-022, LOOP-110) (287.304562ms)
✔ with core.filemode false the index mode is the identity, so a mode-only difference does not refuse the check (LOOP-111) (257.021517ms)
✔ a project below the Git toplevel can run check (LOOP-112) (274.302527ms)
✔ a shallow clone names history to fetch, not a decision to build (LOOP-113) (198.520878ms)
✔ record-writing commands refuse to run outside a Cairn repository and write nothing (LOOP-118) (259.301272ms)
✔ empty footprint names declaration before scope and records no evidence (LOOP-081) (968.43496ms)
✔ first declaration still checks the full earlier history (LOOP-081) (634.942386ms)
✔ an empty current footprint does not block an explicitly requested existing mechanism (LOOP-081) (438.357722ms)
✔ an inherited mechanism provides a footprint even before local mechanisms exist (297.269389ms)
✔ scope reports every path, escapes line breaks, and gives identical remedies (LOOP-082) (320.511006ms)
✔ scope verdict reuses the answered-escalation annotation (LOOP-048, LOOP-051, LOOP-083) (611.350928ms)
✔ a committed scope acknowledgment lets restored history proceed (LOOP-083) (741.617593ms)
✔ scope acknowledgment must be committed before it can clear a breach (737.06248ms)
✔ ordinary ok does not acknowledge scope history (332.19098ms)
✔ scope escalation refuses unrestored paths and names the restoration remedy (289.859852ms)
✔ an invalid scope request still records an explicitly Blocking decision (161.068717ms)
✔ ask and explanation stay open; only the final committed ok acknowledges scope (763.789323ms)
✔ instead is visible but does not silently authorize a scope exception (395.099187ms)
✔ later changes to an acknowledged path still block, including later reverts (1119.94757ms)
✔ approval cannot hide another path changed after the snapshot (358.676308ms)
✔ acknowledged history remains conditional on the paths staying restored (565.382538ms)
✔ editing the scope snapshot after answer invalidates its acknowledgment (301.456686ms)
✔ malformed scope metadata cannot suppress a breach (1582.709991ms)
✔ damaged acknowledgment fields cannot suppress a breach (573.702879ms)
✔ scope path matching is literal, including wildcard filenames and control characters (515.520645ms)
✔ scope acknowledgment does not carry into another activation of the same slug (313.317767ms)
✔ restoration checks additions, deletions, executable modes, and symlink kinds (1516.625061ms)
✔ explicit committed retention keeps correct work and requires new evidence and review (LOOP-084, LOOP-085) (3009.936599ms)
✔ a missing declaration covers correct earlier work without retention or revert (612.45921ms)
✔ keep requires scope and an unchanged committed candidate (218.718337ms)
✔ uncommitted retention and instead answers cannot clear the incident (1200.671354ms)
✔ retention does not grant future edits, even when reverted to the approved tree (1496.888199ms)
✔ retention cannot cover another path or another activation (573.833965ms)
✔ imported changes must still match the retained tree (535.887285ms)
✔ retention handles additions, deletions, modes, symlinks, and literal filenames (2108.577599ms)
✔ retention cannot convert an existing restoration answer or accept an unknown mode (454.290583ms)
✔ a check failure after retention remains a failure (666.734158ms)
✔ retained paths stay part of the stable checked candidate without extending its footprint (586.317393ms)
✔ retention ask needs an explanation and final committed approval (550.304048ms)
✔ an unknown scope mode remains invalid even with a matching approval digest (278.443427ms)
✔ backlog writes the item; a second with the same title is refused, never overwritten (LOOP-016) (170.523816ms)
✔ a commit inside the footprint: check runs; outside it: check names the path and does not run (LOOP-015, LOOP-035) (936.597606ms)
✔ Cairn's records are never a breach; another file under docs/ is (LOOP-117) (771.889353ms)
✔ declaring the path as an input clears the breach (416.964219ms)
✔ a revert preserves the record of an out-of-scope commit (LOOP-047) (304.89123ms)
✔ a commitment naming a requirement the spec set does not hold as Agreed is repaired (LOOP-029) (77.280883ms)
✔ a requirement in a Draft spec file is not Agreed (72.388696ms)
✔ working agreements and the ignore file are Cairn records (LOOP-035, LOOP-036) (476.195926ms)
✔ the over-asking rule is gone from both skills (SPEC-005, SPEC-006, SPEC-007) (2.220507ms)
✔ a decision during the phase is recorded (DEC-003) (0.139496ms)
✔ understanding is restated before writing (SPEC-003) (0.093835ms)
✔ falsifiers are proposed as one set and confirmed by exception (SPEC-004) (0.156071ms)
✔ depth is inferred and domains derived, never asked or imposed (SPEC-008, SPEC-009) (0.116938ms)
✔ a term enters the glossary at first occurrence (SPEC-010) (0.082341ms)
✔ the phase ends at the first commitment, and later ones are specified during the loop (SPEC-011, SPEC-012) (0.086423ms)
✔ a requirement goes Agreed only with a nameable mechanism (SPEC-013) (0.071526ms)
✔ review before agreement, recording what it attacked (SPEC-014, SPEC-015) (0.126054ms)
✔ no spec file without requirements; nothing Agreed without a falsifier (SPEC-001, SPEC-002) (0.16014ms)
✔ Observed is marked, and is not contract (SPEC-016, SPEC-017) (0.122149ms)
✔ the skills exclude artifacts outside Cairn's workflow (0.152112ms)
✔ the working agreement names the agent's move for each verdict and the write-ahead record (LOOP-036) (0.14978ms)
✔ the working agreement names the developer's moves (LOOP-036, DEC-014) (0.067078ms)
✔ this repository runs by the file it ships (0.351101ms)
✔ both skills write the working agreement without naming a vendor's file (LOOP-002, LOOP-036, PKG-006) (0.098672ms)
✔ the working agreement says what an attempt is (LOOP-036, DEC-017, DEC-018) (0.084066ms)
✔ the working agreement says a failure no footprint change can address is an escalation, and where an inherited requirement is repaired (DEC-019, LOOP-057) (0.10948ms)
✔ the working agreement states the promote, next-iteration, and no-deferral moves (LOOP-029, LOOP-087, LOOP-091, LOOP-092) (0.078871ms)
✔ both skills sort captures into the backlog or next-iteration and forbid deferral (LOOP-029, LOOP-092, LOOP-093) (0.060086ms)
✔ the skill requires a falsifier on every requirement, a MAY included (SPEC-025) (0.061472ms)
✔ the working agreement names the hooks as optional and the install skill registers them for two harnesses (PKG-006, PKG-018, PKG-019) (0.23669ms)
✔ the working agreement says the kernel is upgraded at Done, never inside a commitment (LOOP-096) (0.066068ms)
✔ the next-iteration skill starts from the specification and ends by naming the next commitment (SPEC-026, SPEC-027) (0.381885ms)
✔ every document that names the project skills names next-iteration beside them (SPEC-026, PKG-014) (3.933567ms)
✔ the working agreement states a move for every action the kernel can name (LOOP-101) (1.337407ms)
✔ the working agreement states both record formats and the two flags the moves need (LOOP-036) (0.130004ms)
✔ the skills demonstrate a safe violating example and preserve recon findings (SPEC-022, SPEC-023) (0.060182ms)
✔ the specification skills run the checker through the cairn command (PKG-029) (0.208436ms)
✔ the README invokes the phase skills by name and states versions and platforms (PKG-030, PKG-031) (2.974556ms)
✔ the manual and the walkthrough say the loop promotes backlog items at Done (0.658058ms)
✔ a two-obligation sentence is named (PKG-007) (57.32837ms)
✔ an obligation with no actor is named (PKG-010) (44.583721ms)
✔ a leading condition clause is not the actor, and the actor after it counts (51.151825ms)
✔ an Agreed requirement with no falsifier is named (SPEC-002); a Draft one is not (133.305017ms)
✔ prose after a Draft requirement with no falsifier is not scanned as requirement text (72.841677ms)
✔ a spec declaring a prefix with no requirement is named (SPEC-001) (79.964411ms)
✔ a keyword in backticks or quotes is a mention, not an obligation (58.5692ms)
✔ duplicate identifiers are rejected within a file and across files (SPEC-020) (105.442868ms)
✔ references resolve across files; missing references name their source (SPEC-021) (89.716142ms)
✔ code examples and quoted mentions are neither definitions nor references (65.793216ms)
✔ machine-local paths are findings in prose, links, quotes, and examples (SPEC-019) (490.81246ms)
✔ relative paths, URLs, slash commands, and character mentions are not absolute path findings (35.327152ms)
✔ a slash after a placeholder continues the template (SPEC-019) (148.901575ms)
✔ a host path is a finding until the file declares it (SPEC-019, SPEC-024) (102.722562ms)
✔ declared host paths cover children with a slash boundary and stay file-local (139.390302ms)
✔ a host-path declaration inside a requirement or example grants no exception (148.39961ms)
✔ host-path declarations require absolute or home-relative entries (273.298409ms)
✔ an Agreed block whose only keyword is MAY needs a falsifier like any other (SPEC-025, SPEC-002) (99.304709ms)
✔ a regex literal is not a path, a drive path and a file URL are, and a skill's slash name is allowed (SPEC-028, SPEC-029) (96.568802ms)
✔ a backticked or quoted actor still counts as one (PKG-010) (47.367836ms)
✔ supersede writes both lines, and the old record keeps every word it had (DEC-008, DEC-010) (91.245484ms)
✔ supersede without a cause, or with one outside the four, is refused (DEC-009) (159.557722ms)
✔ supersede of a record that does not exist is refused (84.287494ms)
✔ a predecessor with no title line cannot be stamped, so nothing is written (94.630625ms)
✔ reversals reports counts by decider, cause, and domain (DEC-011) (232.334427ms)
✔ decide in a domain with a reversal is refused without --history, naming the reversal; with it, the record carries History (DEC-012) (192.548822ms)
✔ decide in a domain with no reversals needs no --history (140.443375ms)
✔ a record resting on prose alone is in the domain unspecified, and so is the next one (133.359321ms)
✔ the decider tally normalizes case and whitespace, and names a value outside the vocabulary (DEC-020, DEC-011) (90.871543ms)
✔ a record with no Decided by line is tallied as unrecorded, not as a vocabulary value (75.739336ms)
✔ Decided by written as a list tallies like the flat form, and does not crash the report (LOOP-124, DEC-020) (90.837768ms)
✔ a second declaration for one requirement is accepted, a named check runs every mechanism, and Done needs each to pass (LOOP-056, LOOP-099) (2105.3575ms)
✔ one mechanism's stale evidence names that mechanism, and --stale runs only it (LOOP-056, LOOP-094) (822.420761ms)
✔ attempts are counted within one mechanism's records, so the other's passes do not reset them (LOOP-100, DEC-016) (1491.829509ms)
✔ step 1: an in-progress record is reconciled before anything else (114.483327ms)
✔ step 2: an open escalation is presented and nothing else happens (99.631209ms)
✔ an answered escalation is not open (489.333118ms)
✔ step 3: a decision with no realized-by is built, first by name (DEC-007) (86.640629ms)
✔ a superseded decision with no realized-by is not work (114.571251ms)
✔ step 6: a mechanism that has never run is run, not implemented (LOOP-008) (150.087534ms)
✔ step 6: a requirement whose mechanism fails is implemented (515.026935ms)
✔ step 6 before step 7: failing evidence outranks a missing mechanism (357.939986ms)
✔ step 7: a requirement with no mechanism is declared (LOOP-106) (85.807263ms)
✔ every verdict names who acts: Resolvable is the agent's, Done needs nobody, Escalate waits for the developer (LOOP-004) (558.442735ms)
✔ malformed roadmap is Resolvable, not fatal (LOOP-005) (64.932253ms)
✔ a commitment naming no requirements is Resolvable (LOOP-018) (64.542934ms)
✔ the primary test: two wakes on the same checkout give the same action, before and after a persisted transition (LOOP-001, LOOP-003) (606.661265ms)
✔ outside a cairn repository wake cannot run (35.481811ms)
✔ the loop never waits on the review queue (DEC-015) (341.983754ms)
✔ the linked walkthrough runs from agreement through the next commitment (PKG-016) (1403.829937ms)
ℹ tests 479
ℹ suites 0
ℹ pass 479
ℹ fail 0
ℹ cancelled 0
ℹ skipped 0
ℹ todo 0
ℹ duration_ms 24330.24738
