✔ a Draft block overrides an Agreed file for both wake and check (SPEC-018) (299.618006ms)
✔ an Agreed block overrides a Draft file in the kernel and lint (SPEC-018, SPEC-002) (655.981678ms)
✔ a block Status does not become the file default, including inside examples (SPEC-018) (411.525313ms)
✔ block status without a value does not inherit Agreed by accident (SPEC-018) (112.913191ms)
✔ inheritance needs a file Scope and includes only Agreed blocks, regardless of prefix (PKG-015) (1681.716736ms)
✔ Scope inside a requirement or fenced example does not declare inheritance (PKG-015) (817.426818ms)
✔ a falsifier wrapped onto a line beginning with Status: does not become the block's status (SPEC-018) (1.325153ms)
✔ with attribution forbidden, an unpushed commit carrying an AI attribution line is named reword before any work; without the policy, or once pushed, it is not (PKG-045) (495.105813ms)
✔ each attribution form is caught, a prose mention is not, and the oldest attributed commit is named first (PKG-045) (713.732119ms)
✔ LOOP-063: reject input mutation during a check and retain diagnostics (476.317307ms)
✔ LOOP-063: reject deletion mutation during a check and retain diagnostics (443.958583ms)
✔ LOOP-063: reject addition mutation during a check and retain diagnostics (465.496098ms)
✔ LOOP-063: reject mode mutation during a check and retain diagnostics (459.184981ms)
✔ LOOP-063: reject specification mutation during a check and retain diagnostics (434.97526ms)
✔ LOOP-063: reject declaration mutation during a check and retain diagnostics (379.374836ms)
✔ LOOP-063: reject commit mutation during a check and retain diagnostics (402.60007ms)
✔ LOOP-063: committed input mutation during execution cannot certify the replacement (434.178833ms)
✔ LOOP-064: removing executable permission makes passing evidence stale (544.00301ms)
✔ LOOP-064: a mode-only change also invalidates the previous review after new evidence (815.76194ms)
✔ LOOP-064: changing a regular file into a link with identical identity bytes is stale (826.405858ms)
✔ LOOP-063: an unchanged candidate still records a pass despite unrelated working-tree edits (209.674263ms)
✔ LOOP-064: current and historical input ordering agrees for Unicode filenames (308.490142ms)
✔ LOOP-063: Git status hiding content changes cannot certify an uncommitted candidate (118.27255ms)
✔ LOOP-066: one check owns execution with a kernel action record (579.459154ms)
✔ LOOP-066: one check owns execution with an agent action record (484.373619ms)
✔ LOOP-066: a live lock is named and never silently overwritten (144.827373ms)
✔ LOOP-066: a dead lock is named and never silently overwritten (143.805331ms)
✔ LOOP-066: a incomplete lock is named and never silently overwritten (164.448809ms)
✔ LOOP-066: an execution error releases the check lock for a corrected rerun (494.180817ms)
✔ LOOP-066: a live kernel action from an older Cairn also blocks execution (89.519291ms)
✔ LOOP-066: separate Git worktrees can run checks independently (544.287431ms)
✔ after a green check --stale runs nothing; after one input changes it runs only that mechanism (LOOP-094) (1066.110587ms)
✔ a mechanism speaking for two stale requirements runs once and refreshes both (LOOP-094, LOOP-040) (677.551205ms)
✔ a fresh failure and an unverified result are skipped with implement named (LOOP-094) (676.428499ms)
✔ --stale with a requirement identifier is refused (LOOP-094) (84.555237ms)
✔ check --stale holds back a mechanism whose requirement has three attempts and no escalation, names it, and records nothing (LOOP-094, DEC-016) (2003.067362ms)
✔ check refuses a dirty declared input and names it; a dirty undeclared file does not block (LOOP-030) (560.176968ms)
✔ check writes one receipt per run carrying the full record and a result line per requirement (LOOP-097) (360.897756ms)
✔ a nonzero exit records fail, and the receipt keeps the exit code (LOOP-034) (400.235825ms)
✔ a pass after a fail keeps the failing record; nothing is overwritten or deleted (LOOP-025) (698.612555ms)
✔ a commit changing a declared input makes evidence stale; an undeclared one does not (LOOP-007) (807.119207ms)
✔ a regression is named before a requirement that never passed (LOOP-031) (1019.583601ms)
✔ three attempts with no escalation since: wake says escalate, not a fourth (DEC-016, DEC-017, DEC-018) (2187.678129ms)
✔ the review gate: no review, stale review, open finding, then Done (LOOP-020, LOOP-033) (1000.462097ms)
✔ Done is refused while any requirement lacks current passing evidence (LOOP-017) (106.917009ms)
✔ check names a requested requirement that no mechanism claims (101.465203ms)
✔ check writes the in-progress record before the run and clears it after (LOOP-021) (232.053981ms)
✔ a linked declared input digests the same at a commit and in the tree (LOOP-023, LOOP-024) (433.074191ms)
✔ a result line is the mechanism's statement about one requirement; what it did not mention is unverified (LOOP-037, LOOP-052) (176.970714ms)
✔ a mechanism that says nothing is read by its exit code for every requirement (LOOP-039) (195.762838ms)
✔ unverified is not an attempt, and a return to an earlier failed digest counts once (DEC-017, DEC-018) (1566.403016ms)
✔ a result line for a requirement the mechanism does not speak for is named and writes nothing (LOOP-038) (180.152406ms)
✔ a result line inside ordinary output, or without the marker, does not count (180.82524ms)
✔ a targeted check runs the named requirements' mechanisms and records every requirement they speak for (LOOP-040) (178.724359ms)
✔ two result lines for one requirement: a fail on any line wins (180.581148ms)
✔ three runs at one digest with no attempt since: the verdict stays implement and names DEC-019; an escalation naming it among others clears the hint (DEC-019, LOOP-053) (854.644917ms)
✔ a receipt names its commit in full, and an older receipt with the short form is still read (LOOP-136) (380.873894ms)
✔ a change only to a document its declaration lists leaves the review fresh and the evidence stale; a change to another input makes the review stale (LOOP-141) (1139.155133ms)
✔ a complete commitment with an unpromoted backlog item names promote, and a stamped item lets it reach Done (LOOP-087) (986.269462ms)
✔ an empty backlog with waiting next-iteration items is Done, with the count as information and no action on them (LOOP-091) (815.999874ms)
✔ a promotion marker must resolve to a decision record (LOOP-088) (310.030723ms)
✔ a commitment promoted from an item needs a decision record naming the item (LOOP-088) (309.578285ms)
✔ the spec lint reports a promotion marker with no decision record (LOOP-088) (90.328608ms)
✔ a promoted commitment that changes an Agreed requirement or the working agreement is an escalation; an unpromoted one is not (LOOP-089, LOOP-090) (1570.867848ms)
✔ a capture from one of the commitment's own requirements needs Outside because: or an escalation (LOOP-092) (1563.481592ms)
✔ a next-iteration item names what it would change, and the capture refuses one that does not (LOOP-093) (398.802519ms)
✔ a commitment specified from a next-iteration item needs the item stamped before anything else (SPEC-027) (531.462413ms)
✔ a by deference marker resolves to a decision record like a promotion marker (SPEC-002, LOOP-088) (235.503238ms)
✔ the LOOP-090 gate reads the Concerns line, not the slug as a substring (LOOP-114) (707.587507ms)
✔ the LOOP-088 check reads the Promotes line, and decide --promotes writes it (LOOP-115) (263.189856ms)
✔ the activation commit of a promoted commitment is inside the LOOP-089 comparison (LOOP-116) (135.495137ms)
✔ the LOOP-090 route needs one escalation: its Concerns line covers the moved item too (LOOP-119, LOOP-092, LOOP-114) (611.69901ms)
✔ an escalation raised before the promoted commitment began does not silence the LOOP-090 gate (LOOP-114) (316.54155ms)
✔ an escalation raised before the commitment began does not silence the capture gate (LOOP-119) (312.527753ms)
✔ the activation commit is inside the scope footprint (LOOP-120) (103.359971ms)
✔ a requirement Agreed at activation that is demoted or removed is a contract change (LOOP-121) (569.185616ms)
✔ the include files are the root files that hold @AGENTS.md: exempt from the footprint, compared by the gate (LOOP-122) (1019.701257ms)
✔ a superseded promotion no longer satisfies the LOOP-088 check, and the repair says the promotion was reversed (LOOP-123) (445.409137ms)
✔ the restore route measures from the tree before activation, so a path the activation commit added must go (LOOP-120, LOOP-035) (187.436439ms)
✔ the loop works against exactly one commitment: the current one (LOOP-019) (473.115191ms)
✔ a promotion recorded below Consequential is a repair naming the level, since the developer never sees it in the queue (LOOP-088) (71.946669ms)
✔ every requirement the node-test declaration speaks for is named in a test title (PKG-025) (3.270932ms)
✔ every repository path the tests read is a declared input of node-test (PKG-026) (1.016059ms)
✔ writes a record with every required field and an empty realized-by (DEC-001, DEC-005) (68.602759ms)
✔ a Consequential decision is queued for review (DEC-013) (97.651905ms)
✔ a Consequential decision is queued even when .cairn/queue does not exist yet (93.589849ms)
✔ Routine is refused: routine decisions produce no record (88.790264ms)
✔ a missing field is a usage error and nothing is written (64.739616ms)
✔ supersedes requires a classified cause, and the old record must exist (212.767784ms)
✔ an existing record is not overwritten (141.47973ms)
✔ a queued decision stays queued; nothing but the developer removes it (DEC-014) (258.431378ms)
✔ each accepted decider is stored lowercase, whatever case it was typed in (DEC-020) (561.958941ms)
✔ a decider outside the vocabulary is a usage error naming all three, and nothing is written (DEC-020) (460.143196ms)
✔ an empty --decided-by is the missing-field error, not the vocabulary one (93.441732ms)
✔ LOOP-006, LOOP-067: missing inputs names a declaration repair before execution (156.977765ms)
✔ LOOP-006, LOOP-067: empty inputs names a declaration repair before execution (157.136136ms)
✔ LOOP-006, LOOP-067: missing command names a declaration repair before execution (157.740082ms)
✔ LOOP-006, LOOP-067: list command names a declaration repair before execution (160.677084ms)
✔ LOOP-006, LOOP-067: empty command names a declaration repair before execution (146.332181ms)
✔ LOOP-006, LOOP-067: missing requirements names a declaration repair before execution (165.834383ms)
✔ LOOP-006, LOOP-067: bad identifier names a declaration repair before execution (176.656413ms)
✔ LOOP-067: scalar one-item lists retain their existing meaning (330.719685ms)
✔ LOOP-068: a unpopulated gitlink is refused by name (181.564842ms)
✔ LOOP-068: a populated gitlink is refused by name (199.793552ms)
✔ LOOP-069: identical selections across 100 mechanisms use at most 20 Git processes (156.835001ms)
✔ escalate writes the six-line format followed by its facts, and wake presents it (LOOP-010, LOOP-026) (158.735761ms)
✔ a missing or multi-line field is refused with the field named, and nothing is written (LOOP-012) (177.798408ms)
✔ a Blocking escalation that fails the format is written anyway, naming the malformed field (LOOP-013) (147.391812ms)
✔ the loop stops for the developer only at Blocking: a recorded decision below it never yields Escalate, and the Blocking bypass must be spelled exactly (DEC-002) (299.524881ms)
✔ a second escalation while one is open is refused (LOOP-011) (184.314303ms)
✔ answer records the reply; wake no longer presents it; a second answer is refused (293.327601ms)
✔ answer to an unknown escalation is refused (89.732587ms)
✔ a stranger resumes from the file alone: question and answer are both in it (LOOP-014) (146.189992ms)
✔ a developer-shaped answer during the agent's turn is refused and writes nothing; the explanation is still accepted (LOOP-135) (704.432583ms)
✔ after an answer, the same concern can be escalated again under a new name (209.470964ms)
✔ an escalation exists when its file does, committed or not (LOOP-009) (78.917189ms)
✔ developer answers require one of the three forms and cannot inject fields (LOOP-048) (622.046057ms)
✔ ask, agent explanation, another ask, and ok stay ordered in one file (LOOP-049, LOOP-050, LOOP-014) (796.91221ms)
✔ fresh closed answers accompany only concerned requirements until new evidence (LOOP-051) (735.381776ms)
✔ a raised escalation carries no derivable status line, and an old record with one still parses (LOOP-028) (141.757832ms)
✔ LOOP-065: delete of output refuses Done and a new run recovers (1288.730859ms)
✔ LOOP-065: corrupt of output refuses Done and a new run recovers (1208.789089ms)
✔ LOOP-065: delete of stderr_output refuses Done and a new run recovers (1211.895347ms)
✔ LOOP-065: corrupt of stderr_output refuses Done and a new run recovers (924.009335ms)
✔ LOOP-065: a receipt without output needs a new check (457.308946ms)
✔ LOOP-065: a receipt without output_digest needs a new check (497.535611ms)
✔ LOOP-065: a receipt without stderr_output needs a new check (424.856627ms)
✔ LOOP-065: a receipt without stderr_digest needs a new check (397.341787ms)
✔ LOOP-065: legacy unverifiable output is rerun without rewriting history (772.626993ms)
✔ a fresh record names the kernel that wrote it (LOOP-023) (390.105262ms)
✔ LOOP-095: a record from another kernel is stale with the kernel named, and a new check restores Done (727.854903ms)
✔ LOOP-095: a record from no kernel is stale with the kernel named, and a new check restores Done (680.215518ms)
✔ LOOP-070: a later failure is latest even when the clock moves backward (998.735216ms)
✔ LOOP-070: receipt collisions at one clock instant retain execution order beyond nine suffixes (3633.067553ms)
✔ LOOP-070: imported branch receipts stale a later sequence until a new check incorporates them (1154.635464ms)
✔ LOOP-070, LOOP-098: legacy receipts need one ordered check, remain byte-for-byte unchanged, and precede the run receipt in the history (521.713947ms)
✔ LOOP-070: edit of a prior receipt requires fresh evidence (470.141677ms)
✔ LOOP-070: remove of a prior receipt requires fresh evidence (552.564822ms)
✔ LOOP-075: supporting evidence file README.md does not become a receipt (580.456129ms)
✔ LOOP-075: supporting evidence file notes.txt does not become a receipt (517.384868ms)
✔ LOOP-075: supporting evidence file support does not become a receipt (485.490164ms)
✔ LOOP-075: supporting evidence file .DS_Store does not become a receipt (502.165942ms)
✔ LOOP-075: a malformed result line (result=success) names a repair before execution (350.848504ms)
✔ LOOP-075: a malformed result line (sequence=NaN) names a repair before execution (348.793531ms)
✔ LOOP-075: a malformed result line (sequence=9007199254740992) names a repair before execution (353.192792ms)
✔ LOOP-075: a malformed result line (history_digest=wrong) names a repair before execution (319.625344ms)
✔ LOOP-075: a malformed result line (tokens) names a repair before execution (317.067429ms)
✔ LOOP-075: a receipt-shaped directory is a named repair instead of an EISDIR crash (270.494051ms)
✔ LOOP-070: an earlier escalation cannot cover three new attempts after clock rollback (1164.132343ms)
✔ LOOP-070: an answer becomes old after a later check even if that check's timestamp is earlier (604.47609ms)
✔ LOOP-070: the newest answer wins between checks even when its clock timestamp is older (402.668387ms)
✔ LOOP-070: legacy escalation dates cover old receipts but not three newer sequenced runs (1301.177629ms)
✔ a PKG requirement the commitment does not name is declared, run, and gates Done (PKG-011) (1916.210988ms)
✔ a PKG requirement in a Draft spec is not folded in (475.01592ms)
✔ LOOP-076, LOOP-079: stale inputs identify the receipt and the check to run (712.638732ms)
✔ LOOP-077: names a content change using checked input identity (729.863734ms)
✔ LOOP-077: names a mode change using checked input identity (685.017319ms)
✔ LOOP-077: names a kind change using checked input identity (690.789234ms)
✔ LOOP-077: names a added change using checked input identity (660.049497ms)
✔ LOOP-077: names a removed change using checked input identity (498.884487ms)
✔ LOOP-077: names a link-target change using checked input identity (806.912131ms)
✔ LOOP-077: changed selection compares the old and new input sets (473.886902ms)
✔ LOOP-077: raw CRLF changes remain visible when Git-clean content agrees (440.135353ms)
✔ LOOP-077: detail output is sorted, bounded, and reports the omitted count (442.246654ms)
✔ LOOP-077: filenames cannot inject lines or terminal controls into explanations (414.860199ms)
✔ LOOP-077: receipts from one run share details and do not store source contents (317.82877ms)
✔ LOOP-078, LOOP-080: legacy optional detail limits explanation without changing standing (603.708904ms)
✔ LOOP-078, LOOP-080: invalid-field optional detail limits explanation without changing standing (548.773282ms)
✔ LOOP-078, LOOP-080: missing optional detail limits explanation without changing standing (484.554056ms)
✔ LOOP-078, LOOP-080: invalid-json optional detail limits explanation without changing standing (478.578878ms)
✔ LOOP-078, LOOP-080: mismatched optional detail limits explanation without changing standing (482.749416ms)
✔ LOOP-078, LOOP-080: duplicate optional detail limits explanation without changing standing (448.8282ms)
✔ LOOP-078, LOOP-080: unsafe-path optional detail limits explanation without changing standing (464.814339ms)
✔ LOOP-078, LOOP-080: directory optional detail limits explanation without changing standing (436.592505ms)
✔ LOOP-078, LOOP-080: symlink optional detail limits explanation without changing standing (455.046307ms)
✔ LOOP-078: unavailable old requirement text is not claimed as a proven change (464.412334ms)
✔ LOOP-076, LOOP-079: changed requirements identify evidence and retain review-before-check guidance (433.260491ms)
✔ LOOP-078: simultaneous input and output damage keep both reasons (387.549737ms)
✔ LOOP-080: deterministic freshness sequence seed=7 (9094.745999ms)
✔ LOOP-080: deterministic freshness sequence seed=42 (5933.620898ms)
✔ LOOP-080: deterministic freshness sequence seed=913 (5720.283585ms)
✔ LOOP-080: agreement changes, mechanism review, checks, and completion review retain priority (1468.773613ms)
✔ LOOP-080: imported receipt history demands a rerun without a false input explanation (1291.036555ms)
✔ LOOP-073: clean CRLF input completes under attributes (573.337749ms)
✔ LOOP-073: clean CRLF input completes under autocrlf (626.853399ms)
✔ LOOP-073: raw line-ending mutation during a run is rejected even when Git still sees the same content (281.840695ms)
✔ LOOP-073: execution evidence changes when clean conversion preserves committed identity (1025.035323ms)
✔ LOOP-073: Git clean filters use Git's conversion while retaining raw evidence identity (561.402766ms)
✔ LOOP-073: failure of a required Git filter cannot record evidence (152.171963ms)
✔ LOOP-073: a clean filter moving HEAD during ending validation prevents evidence (614.869319ms)
✔ LOOP-073: canonical Git identities handle links without reading their targets (454.260634ms)
✔ LOOP-073: Git conversion keeps raw Unicode and control-character input paths (371.956363ms)
✔ LOOP-073: conversion and links work in a SHA-256 Git repository (394.123397ms)
✔ LOOP-074: historical specification filename "café.md" remains reviewable (382.915523ms)
✔ LOOP-074: historical specification filename "spec\ttab.md" remains reviewable (373.297261ms)
✔ LOOP-074: historical specification filename "spec\nline.md" remains reviewable (331.237162ms)
✔ help works outside a repository without running a command (PKG-017) (1081.823045ms)
✔ help does not hide invalid options or consume literal arguments (179.393445ms)
✔ help lists the lint command (PKG-017) (48.03325ms)
✔ a working directory that no longer exists is named as the failure, and git is not blamed (PKG-041, PKG-022) (241.452731ms)
✔ the stop hook refuses a stop while wake says Resolvable, with the verdict as the reason (PKG-018) (230.145507ms)
✔ the stop hook allows a stop at Done, at Escalate, and outside a Cairn repository (PKG-018) (1091.807113ms)
✔ the session-start hook links the command once and prints the verdict in a Cairn repository (PKG-019, PKG-014, PKG-005) (507.244572ms)
✔ the session-start hook prints no verdict outside a Cairn repository and leaves an existing link that resolves alone (PKG-019) (76.639295ms)
✔ a checkout under a path with a space links a command that resolves, and its stop hook still blocks (PKG-019, PKG-021) (403.441946ms)
✔ the hooks run the kernel the command link resolves to, so hook and agent share one referee (PKG-021) (1009.557824ms)
✔ a dangling link is replaced and reported (PKG-019) (156.029529ms)
✔ errors exit 0 with one line on standard error and no stack trace (PKG-022) (166.456482ms)
✔ the hooks judge with the cairn on PATH, a wrapper included, and session-start names it (PKG-033) (986.530739ms)
✔ a link to a wrapper or file is kept; a dangling link or one to a directory is replaced (PKG-034) (377.202364ms)
✔ a project below the Git toplevel gets the verdict and the stop refusal (PKG-035) (282.180263ms)
✔ a kernel that prints no verdict is one stderr line: the stop is allowed and session-start prints no trace (PKG-036) (157.743075ms)
✔ a link that cannot be created is one stderr line, and the verdict still prints (PKG-019, PKG-022) (128.372256ms)
✔ with git absent the hooks say so in one line and block nothing (PKG-022) (77.302838ms)
✔ stop_hook_active true no longer lets a Resolvable stop through: the hook still refuses (PKG-018) (123.346256ms)
✔ receipts written by the project's own kernel are judged with it, not with a different cairn on PATH (PKG-033, PKG-021) (386.981076ms)
✔ the fourth stop on an unchanged verdict, commit and tree goes through with a message and a stop record; each refusal names cairn escalate (PKG-043, PKG-044) (515.341349ms)
✔ progress resets the count, a commit or an edited file alike, and each session counts on its own (PKG-043) (1380.812743ms)
✔ cairn lint runs the checker over docs/spec by default and over a named directory (PKG-028) (223.20634ms)
✔ cairn lint names a missing directory in one line, takes one argument, and reports a bad root (PKG-028) (260.898364ms)
✔ three megabytes are retained exactly once with matching digests (LOOP-041, LOOP-042) (388.463024ms)
✔ split stdout result lines survive a long non-result line; stderr is never a verdict (378.500705ms)
✔ signal termination is recorded and logs survive a clone (LOOP-043) (363.145699ms)
✔ working agreements and ignore changes are Cairn records inside the footprint (335.210625ms)
✔ a clean package passes (95.776431ms)
✔ PKG-001: a dependency, or a service manifest (175.557504ms)
✔ PKG-002: ignoring evidence or other durable state, by directory or by extension (157.487384ms)
✔ PKG-003: a command, a directory, or a record kind no decision names (259.274141ms)
✔ PKG-004: a kernel over 1900 lines, counting every file under bin/ as wc -l does; exactly 1900 passes (362.324499ms)
✔ PKG-006: a skill step naming a vendor's product, in either order, across a wrapped list item (PKG-027) (342.029436ms)
✔ PKG-008: a non-ASCII character in a tracked text file (79.78539ms)
✔ PKG-009: the kernel importing from tests (88.525493ms)
✔ PKG-012: a network call or a model client in the kernel, but not a vendor's name in text (331.881565ms)
✔ PKG-013: deferral language, but not in code, quotes, or a rule (583.531291ms)
✔ a tracked path deleted from the working tree is skipped, not a crash (95.679142ms)
✔ a sentence in a Formats section is not a record kind (87.80359ms)
✔ a record kind named by its path alone is checked (78.740098ms)
✔ PKG-002: a tracked in-progress record (81.67653ms)
✔ PKG-002: ignoring evidence alone is a finding (62.095406ms)
✔ PKG-003 reads the kernel's commands from its help output (PKG-023) (141.110546ms)
✔ the ASCII scan covers shipped files, not records under .cairn/ (PKG-024) (92.910244ms)
✔ a vendor-naming step wrapped across lines is matched (PKG-006, PKG-027) (76.659312ms)
✔ PKG-013 scans the README, the manual, and the walkthrough (PKG-032) (270.735385ms)
✔ the manifests, the listing and package.json agree on the name and version, and name paths the repository holds (PKG-037) (2.378104ms)
✔ the hooks file registers session-start and stop against the plugin's own hook.mjs through the plugin root variable (PKG-038) (0.246464ms)
✔ a Muse hook entry whose shared hook is missing prints one line and exits 0 (PKG-041, PKG-022) (95.692989ms)
✔ the registered commands print the verdict at session start, link the command into the plugin, and refuse a stop while wake says Resolvable (PKG-038, PKG-021) (340.990466ms)
✔ LOOP-071: decision body metadata does not resolve unbuilt work: "Superseded by: example" (697.008591ms)
✔ LOOP-071: decision body metadata does not resolve unbuilt work: "```text\nSuperseded by: example\n```" (755.101514ms)
✔ LOOP-071: decision body metadata does not resolve unbuilt work: "~~~text\nSuperseded by: example\n~~~" (722.061424ms)
✔ LOOP-071: a fenced realization example is not a resolving commit (653.167173ms)
✔ LOOP-071: a fenced commit inside the realization section is not built (625.938323ms)
✔ LOOP-071: ## Example cannot replace an open review finding (553.508236ms)
✔ LOOP-071: # Example cannot replace an open review finding (533.914941ms)
✔ LOOP-071: ### Example cannot replace an open review finding (486.148671ms)
✔ LOOP-071:   ## Example cannot replace an open review finding (476.87109ms)
✔ LOOP-071: Example paragraph. cannot replace an open review finding (445.733571ms)
✔ LOOP-071: Example
------- cannot replace an open review finding (391.273004ms)
✔ LOOP-071: fenced fields before a real review header are ignored (443.013664ms)
✔ LOOP-071: multiline decision --title cannot inject metadata (398.92321ms)
✔ LOOP-071: multiline decision --decided-by cannot inject metadata (452.591748ms)
✔ LOOP-071: multiline decision --rests-on cannot inject metadata (342.449654ms)
✔ LOOP-071: multiline decision --wrong-if cannot inject metadata (354.286576ms)
✔ LOOP-071: multiline decision --history cannot inject metadata (312.995295ms)
✔ LOOP-072: malformed Blocking concerns stay open: "R-001\nAnswer: ok" (102.551659ms)
✔ LOOP-072: malformed Blocking concerns stay open: "R-001\r\nAnswer: ok" (81.634426ms)
✔ LOOP-072: malformed Blocking concerns stay open: "R-001\rAnswer: ok" (81.212335ms)
✔ LOOP-072: malformed Blocking concerns stay open: "R-001 Answer: ok" (91.40102ms)
✔ LOOP-072: malformed Blocking concerns stay open: "R-001 Answer: ok" (78.515283ms)
✔ LOOP-072: ordinary malformed concerns are refused: "R-001\nR-002" (46.144249ms)
✔ LOOP-072: ordinary malformed concerns are refused: "R-001, prose" (45.998851ms)
✔ LOOP-072: ordinary malformed concerns are refused: " " (44.406525ms)
✔ LOOP-072: a Blocking escalation without concerns is still presented (85.786882ms)
✔ LOOP-072: carriage returns in a Blocking question do not create answer records (80.444158ms)
✔ LOOP-072: explanation separator 8232 cannot close an escalation (153.289137ms)
✔ LOOP-071: decision metadata refuses separator 8232 (318.456151ms)
✔ LOOP-072: explanation separator 8233 cannot close an escalation (133.881994ms)
✔ LOOP-071: decision metadata refuses separator 8233 (337.837294ms)
✔ Concerns, Rests on, and Promoted from written as lists read as the flat form (LOOP-124) (682.020504ms)
✔ an item named by filename, path, or backticked slug resolves like the slug (LOOP-125) (625.052821ms)
✔ an input that covers Cairn's own output is named as the repair, before and after a check (LOOP-126, LOOP-105) (721.962272ms)
✔ an unreadable record directory is a repair, not an error exit (LOOP-127) (104.594749ms)
✔ a title that slugifies to nothing is refused (LOOP-128) (142.896909ms)
✔ examined: [] is an empty list (LOOP-129, LOOP-108) (485.245188ms)
✔ below the Git toplevel the restore check compares root-relative paths (LOOP-130, LOOP-035) (396.529814ms)
✔ below the Git toplevel an uncommitted declared input is named from the project root (LOOP-132, LOOP-030) (266.371236ms)
✔ a value on the key line followed by list items is the first item, never dropped (LOOP-133) (564.153871ms)
✔ the footprint's walk reads Current: as the wake does: a fenced example below the real line, or a second line in history, never moves the start (LOOP-134, LOOP-035) (288.064662ms)
✔ an input spelled .. from a project below the Git toplevel covers the evidence directory (LOOP-126, LOOP-105) (96.485766ms)
✔ a Consequential record this commitment added needs its queue entry committed (LOOP-131, DEC-004) (493.158154ms)
✔ a mechanism that removes the check lock still gets its evidence, with no repair for the lock (LOOP-107) (220.651362ms)
✔ a staged rename reads as its two paths, never as a bare origin token (LOOP-030, LOOP-110) (111.997514ms)
✔ a Current: line inside a fenced example is neither a second Current: line nor the commitment, before or after the real line (LOOP-104) (191.512373ms)
✔ a Status: word is taken only from a line that carries one, never from wrapped prose after it (SPEC-018) (0.924437ms)
✔ the placeholder left above a resolving entry is a repair naming the file (DEC-021) (240.744313ms)
✔ the placeholder alone is a decision recorded and not yet built, unchanged (DEC-007) (72.78875ms)
✔ resolving entries with no placeholder are unchanged (DEC-006) (103.679913ms)
✔ a shallow clone that cannot resolve its entries is still told to fetch, not to edit (LOOP-113 keeps precedence) (107.763749ms)
✔ the placeholder quoted in a fenced example does not make a built record a repair (DEC-021) (117.709836ms)
✔ supersede takes the same decider vocabulary as decide (DEC-020) (103.888289ms)
✔ a superseded record is held to the same line: its placeholder above a resolving entry is a repair (DEC-021, DEC-010) (157.097398ms)
✔ realize() touches only the Realized by section; a body that quotes the placeholder keeps it (104.569911ms)
✔ an untracked file under a declared input is not a change under way; check still refuses beside it and names .gitignore (LOOP-110, LOOP-030) (250.578012ms)
✔ an unmatched input is refused before execution (LOOP-044) (205.775519ms)
✔ an indexed input deleted on disk asks for a commit (LOOP-045) (182.568977ms)
✔ wake and check require a Git working tree (LOOP-046) (179.232502ms)
✔ recovery removes only dead kernel run records and identifies a live owner (LOOP-054, LOOP-055) (376.490115ms)
✔ an agent action based behind a clean HEAD appears committed (LOOP-027) (223.840327ms)
✔ realization needs a real commit and a subject (DEC-006) (290.562392ms)
✖ 1500 binary inputs digest identically at the review commit in under a second (LOOP-024) (2530.762869ms)
✔ merged work is excluded but a later own commit is a breach (LOOP-047) (242.852114ms)
✔ exact Current tenure ignores prefix matches and earlier visits to the same slug (LOOP-035) (242.556379ms)
✔ a kernel run records its supervising PID (LOOP-054) (224.267657ms)
✔ a merged declared input still stales evidence (LOOP-047) (353.807105ms)
✔ wildcard and magic pathspecs select the same historical inputs (LOOP-024, LOOP-032) (2039.213286ms)
✔ historical selection retains deleted files and excludes new ones (LOOP-024, LOOP-035) (1305.684049ms)
✔ cairn --version prints the package.json version outside a repository, and help lists it (PKG-039) (144.864261ms)
✔ a release is one commit setting one version in the five files, with the changelog entry, tagged v<version> (PKG-040) (1169.777986ms)
✔ the release script refuses a bad version, no increase, a dirty tree, a missing entry, a taken tag, a disagreeing file, and a loop not at Done, each in one line with nothing written (PKG-040) (1970.68517ms)
✔ a version file written as compact JSON is released, and nothing else in any version file changes (PKG-042) (1175.509604ms)
✔ with attribution forbidden, the release script refuses an unpushed commit carrying an AI attribution line (PKG-045) (546.683202ms)
✔ explicit reporting with no lines and exit 0 establishes no requirement verdicts (LOOP-061) (465.309525ms)
✔ explicit reporting with no lines and exit 1 establishes no requirement verdicts (LOOP-061) (478.168899ms)
✔ a reporter that cannot start keeps execution diagnostics without blaming requirements (LOOP-062) (333.105457ms)
✔ large output cannot kill a reporter or invent a requirement verdict (341.079738ms)
✔ explicit mode ignores cairn: R-999: pass (358.825584ms)
✔ explicit mode ignores cairn: R-001: unverified (352.306549ms)
✔ explicit mode ignores cairn: R-001: passed (316.91959ms)
✔ explicit results survive nonzero exit and contradictory duplicates still fail (659.118733ms)
✔ unverified results across changed inputs never become failed attempts (1424.849187ms)
✔ legacy exit 0 retains its interpretation (233.67668ms)
✔ legacy exit 1 retains its interpretation (212.923526ms)
✔ a misspelled reporting mode is refused before execution (123.73661ms)
✔ changed requirement blocks unchecked reruns and makes the completion review stale (LOOP-058, LOOP-059) (1923.728029ms)
✔ falsifier changes need review; separate rationale and other requirements do not change a receipt (1352.18194ms)
✖ legacy receipts recover requirement identity from their commit; unavailable history requires review (2132.832167ms)
✔ check refuses uncommitted requirement text and mechanism review markers (695.366792ms)
✔ tightened response limit cannot reuse the old passing check (1343.305625ms)
✔ a declared input over 1 MiB agrees at a commit and in the tree (LOOP-060) (496.950251ms)
✔ a failed Git blob read cannot be hashed as an empty blob (373.747811ms)
✔ Git listings over 1 MiB include the last declared input (2185.42135ms)
✔ requirement identity excludes fenced examples and status dates (444.441021ms)
✔ DemonCoder REM-002 and Status in progress cannot silently satisfy the review gate (LOOP-086) (826.17804ms)
✔ valid open findings retain their behavior (569.945733ms)
✔ valid resolved findings retain their behavior (539.68572ms)
✔ valid empty findings retain their behavior (569.937036ms)
✔ valid mixed valid findings retain their behavior (479.129773ms)
✔ malformed finding "open:" requires repair (515.070061ms)
✔ malformed finding "resolved:   " requires repair (371.27802ms)
✔ malformed finding "Open: incorrect case" requires repair (388.123749ms)
✔ malformed finding "unknown: issue" requires repair (347.274958ms)
✔ malformed finding "\u001b[31mBAD: issue" requires repair (348.027296ms)
✔ the established explicit empty findings list remains valid (369.166232ms)
✔ a scalar findings value requires the supported list format (316.10729ms)
✔ check runs a mechanism when a requirement outside the commitment was revised, and asks for the review once a commitment includes it (LOOP-059) (1041.127507ms)
✔ a Requirements: line written as a list is read like the flat form (LOOP-102) (161.301397ms)
✔ a subdirectory or a README in a record directory changes nothing (LOOP-103) (556.093506ms)
✔ two Current: lines are a roadmap repair (LOOP-104) (125.675386ms)
✔ a repeated identifier, an input under the evidence directory, and a missing cwd are refused by name (LOOP-105) (479.680735ms)
✔ a requirement whose evidence outlives its mechanism is named declare, not a regression or an escalation (LOOP-106) (1229.365842ms)
✔ an unreadable record is a repair, not an error exit (LOOP-107) (95.008301ms)
✔ a review needs commit, a nonempty examined list, and a findings list, each named when missing (LOOP-108) (1058.432281ms)
✔ a decision record missing a header field or naming a missing predecessor is a repair (LOOP-109) (324.471806ms)
✔ a dirty declared input with no in-progress record is named record ahead of run (LOOP-022, LOOP-110) (260.287968ms)
✔ with core.filemode false the index mode is the identity, so a mode-only difference does not refuse the check (LOOP-111) (238.949593ms)
✔ a project below the Git toplevel can run check (LOOP-112) (245.915307ms)
✔ a shallow clone names history to fetch, not a decision to build (LOOP-113) (143.520995ms)
✔ record-writing commands refuse to run outside a Cairn repository and write nothing (LOOP-118) (233.755223ms)
✔ a git that cannot start is one line and exit 3 from wake and from check, with nothing recorded (LOOP-137) (97.16975ms)
✔ an unexplained or uncommitted stop record is named explain before any other action; explained and committed, the wake moves on (LOOP-139) (271.590348ms)
✔ empty footprint names declaration before scope and records no evidence (LOOP-081) (609.931466ms)
✔ first declaration still checks the full earlier history (LOOP-081) (389.390551ms)
✔ an empty current footprint does not block an explicitly requested existing mechanism (LOOP-081) (332.047431ms)
✔ an inherited mechanism provides a footprint even before local mechanisms exist (238.06733ms)
✔ scope reports every path, escapes line breaks, and gives identical remedies (LOOP-082) (284.094897ms)
✔ scope verdict reuses the answered-escalation annotation (LOOP-048, LOOP-051, LOOP-083) (603.124253ms)
✔ a committed scope acknowledgment lets restored history proceed (LOOP-083) (781.975541ms)
✔ scope acknowledgment must be committed before it can clear a breach (702.704314ms)
✔ ordinary ok does not acknowledge scope history (298.694835ms)
✔ scope escalation refuses unrestored paths and names the restoration remedy (270.660302ms)
✔ an invalid scope request still records an explicitly Blocking decision (143.717269ms)
✔ ask and explanation stay open; only the final committed ok acknowledges scope (702.101323ms)
✔ instead is visible but does not silently authorize a scope exception (390.274585ms)
✔ later changes to an acknowledged path still block, including later reverts (1325.262028ms)
✔ approval cannot hide another path changed after the snapshot (365.367138ms)
✔ acknowledged history remains conditional on the paths staying restored (584.125526ms)
✔ editing the scope snapshot after answer invalidates its acknowledgment (270.026553ms)
✔ malformed scope metadata cannot suppress a breach (1429.438305ms)
✔ damaged acknowledgment fields cannot suppress a breach (548.900825ms)
✔ scope path matching is literal, including wildcard filenames and control characters (514.64682ms)
✔ scope acknowledgment does not carry into another activation of the same slug (441.367338ms)
✔ restoration checks additions, deletions, executable modes, and symlink kinds (1569.706057ms)
✔ explicit committed retention keeps correct work and requires new evidence and review (LOOP-084, LOOP-085) (2236.562324ms)
✔ a missing declaration covers correct earlier work without retention or revert (577.865808ms)
✔ keep requires scope and an unchanged committed candidate (174.275704ms)
✔ uncommitted retention and instead answers cannot clear the incident (1117.309397ms)
✔ retention does not grant future edits, even when reverted to the approved tree (1342.599287ms)
✔ retention cannot cover another path or another activation (554.137124ms)
✔ imported changes must still match the retained tree (710.231842ms)
✔ retention handles additions, deletions, modes, symlinks, and literal filenames (2148.829806ms)
✔ retention cannot convert an existing restoration answer or accept an unknown mode (409.007544ms)
✔ a check failure after retention remains a failure (694.831432ms)
✔ retained paths stay part of the stable checked candidate without extending its footprint (559.518435ms)
✔ retention ask needs an explanation and final committed approval (654.267776ms)
✔ an unknown scope mode remains invalid even with a matching approval digest (313.492829ms)
✔ backlog writes the item; a second with the same title is refused, never overwritten (LOOP-016) (137.405741ms)
✔ a commit inside the footprint: check runs; outside it: check names the path and does not run (LOOP-015, LOOP-035) (630.047754ms)
✔ Cairn's records are never a breach; another file under docs/ is (LOOP-117) (667.642712ms)
✔ declaring the path as an input clears the breach (276.707515ms)
✔ a revert preserves the record of an out-of-scope commit (LOOP-047) (302.622115ms)
✔ a commitment naming a requirement the spec set does not hold as Agreed is repaired (LOOP-029) (101.180479ms)
✔ a requirement in a Draft spec file is not Agreed (124.963258ms)
✔ working agreements and the ignore file are Cairn records (LOOP-035, LOOP-036) (406.762438ms)
✔ the over-asking rule is gone from both skills (SPEC-005, SPEC-006, SPEC-007) (1.104141ms)
✔ a decision during the phase is recorded (DEC-003) (0.144874ms)
✔ understanding is restated before writing (SPEC-003) (0.160852ms)
✔ falsifiers are proposed as one set and confirmed by exception (SPEC-004) (0.210553ms)
✔ depth is inferred and domains derived, never asked or imposed (SPEC-008, SPEC-009) (0.119624ms)
✔ a term enters the glossary at first occurrence (SPEC-010) (0.083601ms)
✔ the phase ends at the first commitment, and later ones are specified during the loop (SPEC-011, SPEC-012) (0.265771ms)
✔ a requirement goes Agreed only with a nameable mechanism (SPEC-013) (0.665619ms)
✔ review before agreement, recording what it attacked (SPEC-014, SPEC-015) (0.410972ms)
✔ no spec file without requirements; nothing Agreed without a falsifier (SPEC-001, SPEC-002) (0.310804ms)
✔ Observed is marked, and is not contract (SPEC-016, SPEC-017) (0.363398ms)
✔ the skills exclude artifacts outside Cairn's workflow (0.134766ms)
✔ the working agreement names the agent's move for each verdict and the write-ahead record (LOOP-036) (0.575631ms)
✔ the working agreement names the developer's moves (LOOP-036, DEC-014) (0.081251ms)
✔ this repository runs by the file it ships (0.302331ms)
✔ both skills write the working agreement without naming a vendor's file (LOOP-002, LOOP-036, PKG-006) (0.223872ms)
✔ the working agreement says what an attempt is (LOOP-036, DEC-017, DEC-018) (0.066791ms)
✔ the working agreement says a failure no footprint change can address is an escalation, and where an inherited requirement is repaired (DEC-019, LOOP-057) (0.077906ms)
✔ the working agreement states the promote, next-iteration, and no-deferral moves (LOOP-029, LOOP-087, LOOP-091, LOOP-092) (0.066258ms)
✔ both skills sort captures into the backlog or next-iteration and forbid deferral (LOOP-029, LOOP-092, LOOP-093) (0.074091ms)
✔ the skill requires a falsifier on every requirement, a MAY included (SPEC-025) (0.055614ms)
✔ the working agreement names the hooks as optional and the install skill registers them for two harnesses (PKG-006, PKG-018, PKG-019) (0.246958ms)
✔ the working agreement says the kernel is upgraded at Done, never inside a commitment (LOOP-096) (0.046188ms)
✔ the next-iteration skill starts from the specification and ends by naming the next commitment (SPEC-026, SPEC-027) (0.16377ms)
✔ every document that names the project skills names next-iteration beside them (SPEC-026, PKG-014) (1.829592ms)
✔ the working agreement states a move for every action the kernel can name (LOOP-101) (1.21328ms)
✔ the working agreement states both record formats and the two flags the moves need (LOOP-036) (0.131367ms)
✔ the skills demonstrate a safe violating example and preserve recon findings (SPEC-022, SPEC-023) (0.060308ms)
✔ the specification skills run the checker through the cairn command (PKG-029) (0.212039ms)
✔ the README invokes the phase skills by name and states versions and platforms (PKG-030, PKG-031) (0.266105ms)
✔ the manual and the walkthrough say the loop promotes backlog items at Done (0.628922ms)
✔ the working agreement says a report is not work under way, its findings are captured, and it is committed with them (LOOP-138) (0.07724ms)
✔ a two-obligation sentence is named (PKG-007) (48.912721ms)
✔ an obligation with no actor is named (PKG-010) (36.409312ms)
✔ a leading condition clause is not the actor, and the actor after it counts (42.433167ms)
✔ an Agreed requirement with no falsifier is named (SPEC-002); a Draft one is not (95.448161ms)
✔ prose after a Draft requirement with no falsifier is not scanned as requirement text (49.015104ms)
✔ a spec declaring a prefix with no requirement is named (SPEC-001) (30.022933ms)
✔ a keyword in backticks or quotes is a mention, not an obligation (47.384566ms)
✔ duplicate identifiers are rejected within a file and across files (SPEC-020) (94.20165ms)
✔ references resolve across files; missing references name their source (SPEC-021) (92.231782ms)
✔ code examples and quoted mentions are neither definitions nor references (41.306063ms)
✔ machine-local paths are findings in prose, links, quotes, and examples (SPEC-019) (458.83481ms)
✔ relative paths, URLs, slash commands, and character mentions are not absolute path findings (49.183108ms)
✔ a slash after a placeholder continues the template (SPEC-019) (97.764119ms)
✔ a host path is a finding until the file declares it (SPEC-019, SPEC-024) (100.859957ms)
✔ declared host paths cover children with a slash boundary and stay file-local (118.275462ms)
✔ a host-path declaration inside a requirement or example grants no exception (115.724896ms)
✔ host-path declarations require absolute or home-relative entries (191.970858ms)
✔ an Agreed block whose only keyword is MAY needs a falsifier like any other (SPEC-025, SPEC-002) (67.290891ms)
✔ a regex literal is not a path, a drive path and a file URL are, and a skill's slash name is allowed (SPEC-028, SPEC-029) (102.953862ms)
✔ a backticked or quoted actor still counts as one (PKG-010) (47.306644ms)
✔ supersede writes both lines, and the old record keeps every word it had (DEC-008, DEC-010) (87.816673ms)
✔ supersede without a cause, or with one outside the four, is refused (DEC-009) (121.142036ms)
✔ supersede of a record that does not exist is refused (77.754766ms)
✔ a predecessor with no title line cannot be stamped, so nothing is written (71.568128ms)
✔ a --supersedes argument outside the slug alphabet is refused, and a path never reaches the filesystem (DEC-022) (253.433465ms)
✔ a record already superseded cannot be superseded again: one Superseded by line per record (DEC-022, DEC-010) (211.477398ms)
✔ reversals reports counts by decider, cause, and domain (DEC-011) (202.744613ms)
✔ decide in a domain with a reversal is refused without --history, naming the reversal; with it, the record carries History (DEC-012) (207.038533ms)
✔ decide in a domain with no reversals needs no --history (113.370603ms)
✔ a record resting on prose alone is in the domain unspecified, and so is the next one (121.467113ms)
✔ the decider tally normalizes case and whitespace, and names a value outside the vocabulary (DEC-020, DEC-011) (86.824694ms)
✔ a record with no Decided by line is tallied as unrecorded, not as a vocabulary value (81.300325ms)
✔ Decided by written as a list tallies like the flat form, and does not crash the report (LOOP-124, DEC-020) (76.071639ms)
✔ a second declaration for one requirement is accepted, a named check runs every mechanism, and Done needs each to pass (LOOP-056, LOOP-099) (2198.892055ms)
✔ one mechanism's stale evidence names that mechanism, and --stale runs only it (LOOP-056, LOOP-094) (834.441976ms)
✔ attempts are counted within one mechanism's records, so the other's passes do not reset them (LOOP-100, DEC-016) (1436.626103ms)
✔ step 1: an in-progress record is reconciled before anything else (126.205865ms)
✔ step 2: an open escalation is presented and nothing else happens (97.773952ms)
✔ an answered escalation is not open (467.77083ms)
✔ step 3: a decision with no realized-by is built, first by name (DEC-007) (81.248722ms)
✔ a superseded decision with no realized-by is not work (126.009042ms)
✔ step 6: a mechanism that has never run is run, not implemented (LOOP-008) (122.941671ms)
✔ step 6: a requirement whose mechanism fails is implemented (556.990105ms)
✔ step 6 before step 7: failing evidence outranks a missing mechanism (304.180937ms)
✔ step 7: a requirement with no mechanism is declared (LOOP-106) (95.538776ms)
✔ every verdict names who acts: Resolvable is the agent's, Done needs nobody, Escalate waits for the developer (LOOP-004) (580.387765ms)
✔ malformed roadmap is Resolvable, not fatal (LOOP-005) (59.69303ms)
✔ a commitment naming no requirements is Resolvable (LOOP-018) (54.666528ms)
✔ the primary test: two wakes on the same checkout give the same action, before and after a persisted transition (LOOP-001, LOOP-003) (567.511741ms)
✔ outside a cairn repository wake cannot run (45.001802ms)
✔ the loop never waits on the review queue (DEC-015) (324.168357ms)
✔ twenty built records cost one git call to resolve, not twenty (DEC-023) (178.249605ms)
✔ an ambiguous Realized by identifier is the repair that says lengthen it, not a build (LOOP-113, DEC-023) (174.906123ms)
✔ the linked walkthrough runs from agreement through the next commitment (PKG-016) (1413.00518ms)
ℹ tests 499
ℹ suites 0
ℹ pass 497
ℹ fail 2
ℹ cancelled 0
ℹ skipped 0
ℹ todo 0
ℹ duration_ms 23601.191686

✖ failing tests:

test at tests/recovery.test.mjs:68:1
✖ 1500 binary inputs digest identically at the review commit in under a second (LOOP-024) (2530.762869ms)
  AssertionError [ERR_ASSERTION]: Resolvable: reconcile .git/cairn-check.lock
    the check owner is dead or incomplete; inspect its command and .cairn/in-progress, then remove this lock when execution has stopped
  
  
  1 !== 0
  
      at TestContext.<anonymous> (file:///home/shawn/workspace2/cairn-dev/tests/recovery.test.mjs:74:10)
      at Test.runInAsyncScope (node:async_hooks:214:14)
      at Test.run (node:internal/test_runner/test:1062:25)
      at Test.processPendingSubtests (node:internal/test_runner/test:752:18)
      at Test.postRun (node:internal/test_runner/test:1191:19)
      at Test.run (node:internal/test_runner/test:1119:12)
      at async Test.processPendingSubtests (node:internal/test_runner/test:752:7) {
    generatedMessage: false,
    code: 'ERR_ASSERTION',
    actual: 1,
    expected: 0,
    operator: 'strictEqual'
  }

test at tests/requirement-freshness.test.mjs:50:1
✖ legacy receipts recover requirement identity from their commit; unavailable history requires review (2132.832167ms)
  AssertionError [ERR_ASSERTION]: The input did not match the regular expression /^Resolvable: review mechanism R-001/. Input:
  
  ''
  
      at TestContext.<anonymous> (file:///home/shawn/workspace2/cairn-dev/tests/requirement-freshness.test.mjs:55:10)
      at Test.runInAsyncScope (node:async_hooks:214:14)
      at Test.run (node:internal/test_runner/test:1062:25)
      at Test.processPendingSubtests (node:internal/test_runner/test:752:18)
      at Test.postRun (node:internal/test_runner/test:1191:19)
      at Test.run (node:internal/test_runner/test:1119:12)
      at async Test.processPendingSubtests (node:internal/test_runner/test:752:7) {
    generatedMessage: true,
    code: 'ERR_ASSERTION',
    actual: '',
    expected: /^Resolvable: review mechanism R-001/,
    operator: 'match'
  }
