✔ a Draft block overrides an Agreed file for both wake and check (SPEC-018) (239.619828ms)
✔ an Agreed block overrides a Draft file in the kernel and lint (SPEC-018, SPEC-002) (636.649828ms)
✔ a block Status does not become the file default, including inside examples (SPEC-018) (332.129256ms)
✔ block status without a value does not inherit Agreed by accident (SPEC-018) (78.967417ms)
✔ inheritance needs a file Scope and includes only Agreed blocks, regardless of prefix (PKG-015) (1709.332673ms)
✔ Scope inside a requirement or fenced example does not declare inheritance (PKG-015) (759.105516ms)
✔ a falsifier wrapped onto a line beginning with Status: does not become the block's status (SPEC-018) (1.219058ms)
✔ LOOP-063: reject input mutation during a check and retain diagnostics (425.220996ms)
✔ LOOP-063: reject deletion mutation during a check and retain diagnostics (410.183404ms)
✔ LOOP-063: reject addition mutation during a check and retain diagnostics (408.960504ms)
✔ LOOP-063: reject mode mutation during a check and retain diagnostics (392.436747ms)
✔ LOOP-063: reject specification mutation during a check and retain diagnostics (365.76362ms)
✔ LOOP-063: reject declaration mutation during a check and retain diagnostics (379.191697ms)
✔ LOOP-063: reject commit mutation during a check and retain diagnostics (302.463144ms)
✔ LOOP-063: committed input mutation during execution cannot certify the replacement (295.678883ms)
✔ LOOP-064: removing executable permission makes passing evidence stale (498.935029ms)
✔ LOOP-064: a mode-only change also invalidates the previous review after new evidence (745.25891ms)
✔ LOOP-064: changing a regular file into a link with identical identity bytes is stale (812.53233ms)
✔ LOOP-063: an unchanged candidate still records a pass despite unrelated working-tree edits (228.437282ms)
✔ LOOP-064: current and historical input ordering agrees for Unicode filenames (311.45041ms)
✔ LOOP-063: Git status hiding content changes cannot certify an uncommitted candidate (125.075675ms)
✔ LOOP-066: one check owns execution with a kernel action record (529.216951ms)
✔ LOOP-066: one check owns execution with an agent action record (441.961589ms)
✔ LOOP-066: a live lock is named and never silently overwritten (133.248753ms)
✔ LOOP-066: a dead lock is named and never silently overwritten (114.997122ms)
✔ LOOP-066: a incomplete lock is named and never silently overwritten (128.56024ms)
✔ LOOP-066: an execution error releases the check lock for a corrected rerun (515.84062ms)
✔ LOOP-066: a live kernel action from an older Cairn also blocks execution (64.323248ms)
✔ LOOP-066: separate Git worktrees can run checks independently (470.493849ms)
✔ after a green check --stale runs nothing; after one input changes it runs only that mechanism (LOOP-094) (1110.117529ms)
✔ a mechanism speaking for two stale requirements runs once and refreshes both (LOOP-094, LOOP-040) (714.806486ms)
✔ a fresh failure and an unverified result are skipped with implement named (LOOP-094) (592.968542ms)
✔ --stale with a requirement identifier is refused (LOOP-094) (48.886397ms)
✔ check refuses a dirty declared input and names it; a dirty undeclared file does not block (537.411028ms)
✔ check writes one receipt per run carrying the full record and a result line per requirement (LOOP-097) (359.880576ms)
✔ a nonzero exit records fail, and the receipt keeps the exit code (386.724499ms)
✔ two checks write two records; nothing is overwritten or deleted (638.381439ms)
✔ a commit changing a declared input makes evidence stale; an undeclared one does not (686.330369ms)
✔ a regression is named before a requirement that never passed (830.875344ms)
✔ three attempts with no escalation since: wake says escalate, not a fourth (DEC-016, DEC-017, DEC-018) (2109.321576ms)
✔ the review gate: no review, stale review, open finding, then Done (1039.052841ms)
✔ Done is refused while any requirement lacks current passing evidence (109.465344ms)
✔ check names a requested requirement that no mechanism claims (123.379446ms)
✔ check writes and clears an in-progress record around the run (234.193687ms)
✔ a linked declared input digests the same at a commit and in the tree (LOOP-023, LOOP-024) (475.802881ms)
✔ a result line is the mechanism's statement about one requirement; what it did not mention is unverified (LOOP-037, LOOP-052) (241.323796ms)
✔ a mechanism that says nothing is read by its exit code for every requirement (LOOP-039) (240.096595ms)
✔ unverified is not an attempt, and a return to an earlier failed digest counts once (DEC-017, DEC-018) (1874.4111ms)
✔ a result line for a requirement the mechanism does not speak for is named and writes nothing (LOOP-038) (218.166282ms)
✔ a result line inside ordinary output, or without the marker, does not count (225.192253ms)
✔ a targeted check runs the named requirements' mechanisms and records every requirement they speak for (LOOP-040) (226.232158ms)
✔ two result lines for one requirement: a fail on any line wins (210.512412ms)
✔ three runs at one digest with no attempt since: the verdict stays implement and names DEC-019; an escalation naming it among others clears the hint (DEC-019, LOOP-053) (1148.730048ms)
✔ a complete commitment with an unpromoted backlog item names promote, and a stamped item lets it reach Done (LOOP-087) (937.459778ms)
✔ an empty backlog with waiting next-iteration items is Done, with the count as information and no action on them (LOOP-091) (784.422563ms)
✔ a promotion marker must resolve to a decision record (LOOP-088) (199.194983ms)
✔ a commitment promoted from an item needs a decision record naming the item (LOOP-088) (229.777527ms)
✔ the spec lint reports a promotion marker with no decision record (LOOP-088) (70.94977ms)
✔ a promoted commitment that changes an Agreed requirement or the working agreement is an escalation; an unpromoted one is not (LOOP-089, LOOP-090) (1366.096561ms)
✔ a capture from one of the commitment's own requirements needs Outside because: or an escalation (LOOP-092) (1484.897528ms)
✔ a next-iteration item names what it would change, and the capture refuses one that does not (LOOP-093) (408.678918ms)
✔ a commitment specified from a next-iteration item needs the item stamped before anything else (SPEC-027) (494.140965ms)
✔ a by deference marker resolves to a decision record like a promotion marker (SPEC-002, LOOP-088) (192.873896ms)
✔ writes a record with every required field and an empty realized-by (61.751952ms)
✔ a Consequential decision is queued for review (55.129787ms)
✔ a Consequential decision is queued even when .cairn/queue does not exist yet (45.345344ms)
✔ Routine is refused: routine decisions produce no record (47.388546ms)
✔ a missing field is a usage error and nothing is written (45.69035ms)
✔ supersedes requires a classified cause, and the old record must exist (132.513034ms)
✔ an existing record is not overwritten (89.253508ms)
✔ a queued decision stays queued; nothing but the developer removes it (DEC-014) (94.818674ms)
✔ LOOP-067: missing inputs names a declaration repair before execution (146.790039ms)
✔ LOOP-067: empty inputs names a declaration repair before execution (155.762335ms)
✔ LOOP-067: missing command names a declaration repair before execution (131.665334ms)
✔ LOOP-067: list command names a declaration repair before execution (148.246363ms)
✔ LOOP-067: empty command names a declaration repair before execution (135.365562ms)
✔ LOOP-067: missing requirements names a declaration repair before execution (137.816898ms)
✔ LOOP-067: bad identifier names a declaration repair before execution (133.39187ms)
✔ LOOP-067: scalar one-item lists retain their existing meaning (336.74513ms)
✔ LOOP-068: a unpopulated gitlink is refused by name (168.920285ms)
✔ LOOP-068: a populated gitlink is refused by name (197.348692ms)
✔ LOOP-069: identical selections across 100 mechanisms use at most 20 Git processes (148.661115ms)
✔ escalate writes the six-line format followed by its facts, and wake presents it (145.898082ms)
✔ a missing or multi-line field is refused with the field named, and nothing is written (126.999387ms)
✔ a Blocking escalation that fails the format is written anyway, naming the malformed field (LOOP-014) (134.655066ms)
✔ a --level other than Blocking is refused rather than silently losing the bypass (62.122739ms)
✔ a second escalation while one is open is refused (LOOP-011) (109.417178ms)
✔ answer records the reply; wake no longer presents it; a second answer is refused (256.209103ms)
✔ answer to an unknown escalation is refused (74.06116ms)
✔ a stranger resumes from the file alone: question and answer are both in it (LOOP-013) (105.297533ms)
✔ after an answer, the same concern can be escalated again under a new name (178.6364ms)
✔ an escalation exists when its file does, committed or not (LOOP-009) (74.902505ms)
✔ developer answers require one of the three forms and cannot inject fields (LOOP-048) (527.826796ms)
✔ ask, agent explanation, another ask, and ok stay ordered in one file (LOOP-049, LOOP-050, LOOP-014) (670.668964ms)
✔ fresh closed answers accompany only concerned requirements until new evidence (LOOP-051) (676.11262ms)
✔ a raised escalation carries no derivable status line, and an old record with one still parses (LOOP-028) (135.441144ms)
✔ LOOP-065: delete of output refuses Done and a new run recovers (1262.339518ms)
✔ LOOP-065: corrupt of output refuses Done and a new run recovers (1113.549618ms)
✔ LOOP-065: delete of stderr_output refuses Done and a new run recovers (894.892958ms)
✔ LOOP-065: corrupt of stderr_output refuses Done and a new run recovers (860.210809ms)
✔ LOOP-065: a receipt without output needs a new check (440.79368ms)
✔ LOOP-065: a receipt without output_digest needs a new check (457.689713ms)
✔ LOOP-065: a receipt without stderr_output needs a new check (426.554628ms)
✔ LOOP-065: a receipt without stderr_digest needs a new check (434.392807ms)
✔ LOOP-065: legacy unverifiable output is rerun without rewriting history (795.630134ms)
✔ a fresh record names the kernel that wrote it (LOOP-023) (341.426189ms)
✔ LOOP-095: a record from another kernel is stale with the kernel named, and a new check restores Done (855.179043ms)
✔ LOOP-095: a record from no kernel is stale with the kernel named, and a new check restores Done (836.582199ms)
✔ LOOP-070: a later failure is latest even when the clock moves backward (1030.227889ms)
✔ LOOP-070: receipt collisions at one clock instant retain execution order beyond nine suffixes (3137.70883ms)
✔ LOOP-070: imported branch receipts stale a later sequence until a new check incorporates them (1130.680788ms)
✔ LOOP-070: legacy receipts need one ordered check and remain byte-for-byte unchanged (525.673669ms)
✔ LOOP-070: edit of a prior receipt requires fresh evidence (510.776008ms)
✔ LOOP-070: remove of a prior receipt requires fresh evidence (545.373932ms)
✔ LOOP-075: supporting evidence file README.md does not become a receipt (618.566841ms)
✔ LOOP-075: supporting evidence file notes.txt does not become a receipt (618.380793ms)
✔ LOOP-075: supporting evidence file support does not become a receipt (587.678357ms)
✔ LOOP-075: supporting evidence file .DS_Store does not become a receipt (585.393715ms)
✔ LOOP-075: a malformed result line (result=success) names a repair before execution (414.914238ms)
✔ LOOP-075: a malformed result line (sequence=NaN) names a repair before execution (401.979585ms)
✔ LOOP-075: a malformed result line (sequence=9007199254740992) names a repair before execution (417.418344ms)
✔ LOOP-075: a malformed result line (history_digest=wrong) names a repair before execution (436.153201ms)
✔ LOOP-075: a malformed result line (tokens) names a repair before execution (479.197212ms)
✔ LOOP-075: a receipt-shaped directory is a named repair instead of an EISDIR crash (390.154595ms)
✔ LOOP-070: an earlier escalation cannot cover three new attempts after clock rollback (1129.899069ms)
✔ LOOP-070: an answer becomes old after a later check even if that check's timestamp is earlier (566.917442ms)
✔ LOOP-070: the newest answer wins between checks even when its clock timestamp is older (361.551026ms)
✔ LOOP-070: legacy escalation dates cover old receipts but not three newer sequenced runs (1294.627199ms)
✔ a PKG requirement the commitment does not name is declared, run, and gates Done (PKG-011) (1908.973416ms)
✔ a PKG requirement in a Draft spec is not folded in (463.554254ms)
✔ LOOP-076/079: stale inputs identify the receipt and the check to run (733.193077ms)
✔ LOOP-077: names a content change using checked input identity (692.77904ms)
✔ LOOP-077: names a mode change using checked input identity (610.556773ms)
✔ LOOP-077: names a kind change using checked input identity (588.429184ms)
✔ LOOP-077: names a added change using checked input identity (504.43944ms)
✔ LOOP-077: names a removed change using checked input identity (493.71372ms)
✔ LOOP-077: names a link-target change using checked input identity (723.616219ms)
✔ LOOP-077: changed selection compares the old and new input sets (437.653436ms)
✔ LOOP-077: raw CRLF changes remain visible when Git-clean content agrees (440.051551ms)
✔ LOOP-077: detail output is sorted, bounded, and reports the omitted count (434.748829ms)
✔ LOOP-077: filenames cannot inject lines or terminal controls into explanations (445.885509ms)
✔ LOOP-077: receipts from one run share details and do not store source contents (321.580823ms)
✔ LOOP-078/080: legacy optional detail limits explanation without changing standing (537.148708ms)
✔ LOOP-078/080: invalid-field optional detail limits explanation without changing standing (603.460965ms)
✔ LOOP-078/080: missing optional detail limits explanation without changing standing (619.070729ms)
✔ LOOP-078/080: invalid-json optional detail limits explanation without changing standing (586.848608ms)
✔ LOOP-078/080: mismatched optional detail limits explanation without changing standing (539.687284ms)
✔ LOOP-078/080: duplicate optional detail limits explanation without changing standing (524.734523ms)
✔ LOOP-078/080: unsafe-path optional detail limits explanation without changing standing (562.018065ms)
✔ LOOP-078/080: directory optional detail limits explanation without changing standing (571.418581ms)
✔ LOOP-078/080: symlink optional detail limits explanation without changing standing (634.187853ms)
✔ LOOP-078: unavailable old requirement text is not claimed as a proven change (513.764577ms)
✔ LOOP-076/079: changed requirements identify evidence and retain review-before-check guidance (436.26468ms)
✔ LOOP-078: simultaneous input and output damage keep both reasons (386.347384ms)
✔ LOOP-080: deterministic freshness sequence seed=7 (8729.73587ms)
✔ LOOP-080: deterministic freshness sequence seed=42 (6440.850324ms)
✔ LOOP-080: deterministic freshness sequence seed=913 (4787.94533ms)
✔ LOOP-080: agreement changes, mechanism review, checks, and completion review retain priority (1285.560235ms)
✔ LOOP-080: imported receipt history demands a rerun without a false input explanation (1260.542103ms)
✔ LOOP-073: clean CRLF input completes under attributes (578.072209ms)
✔ LOOP-073: clean CRLF input completes under autocrlf (574.846294ms)
✔ LOOP-073: raw line-ending mutation during a run is rejected even when Git still sees the same content (242.847937ms)
✔ LOOP-073: execution evidence changes when clean conversion preserves committed identity (919.76292ms)
✔ LOOP-073: Git clean filters use Git's conversion while retaining raw evidence identity (439.147982ms)
✔ LOOP-073: failure of a required Git filter cannot record evidence (101.713943ms)
✔ LOOP-073: a clean filter moving HEAD during ending validation prevents evidence (300.670932ms)
✔ LOOP-073: canonical Git identities handle links without reading their targets (399.807135ms)
✔ LOOP-073: Git conversion keeps raw Unicode and control-character input paths (377.503358ms)
✔ LOOP-073: conversion and links work in a SHA-256 Git repository (366.129272ms)
✔ LOOP-074: historical specification filename "café.md" remains reviewable (372.8627ms)
✔ LOOP-074: historical specification filename "spec\ttab.md" remains reviewable (346.149791ms)
✔ LOOP-074: historical specification filename "spec\nline.md" remains reviewable (336.572273ms)
✔ help works outside a repository without running a command (PKG-017) (894.568024ms)
✔ help does not hide invalid options or consume literal arguments (183.960531ms)
✔ the stop hook refuses a stop while wake says Resolvable, with the verdict as the reason (PKG-018) (208.689971ms)
✔ the stop hook allows a stop at Done, at Escalate, and outside a Cairn repository (PKG-018) (1019.303194ms)
✔ the session-start hook links the command once and prints the verdict in a Cairn repository (PKG-019, PKG-014, PKG-005) (458.475295ms)
✔ the session-start hook prints no verdict outside a Cairn repository and leaves an existing link alone (PKG-019) (45.679992ms)
✔ three megabytes are retained exactly once with matching digests (LOOP-041, LOOP-042) (402.614942ms)
✔ split stdout result lines survive a long non-result line; stderr is never a verdict (399.863993ms)
✔ signal termination is recorded and logs survive a clone (LOOP-043) (406.656867ms)
✔ working agreements and ignore changes are Cairn records inside the footprint (397.014384ms)
✔ a clean package passes (90.701654ms)
✔ PKG-001: a dependency, or a service manifest (148.167198ms)
✔ PKG-002: ignoring evidence or other durable state (75.605838ms)
✔ PKG-003: a command, a directory, or a record kind no decision names (236.553321ms)
✔ PKG-004: a kernel over 1500 lines (60.281306ms)
✔ PKG-006: a skill step naming a vendor's product (71.481562ms)
✔ PKG-008: a non-ASCII character in a tracked text file (62.483447ms)
✔ PKG-009: the kernel importing from tests (58.444223ms)
✔ PKG-012: a network call or a model vendor in the kernel (151.086898ms)
✔ PKG-013: deferral language, but not in code, quotes, or a rule (130.103469ms)
✔ this repository passes the package lint (151.012663ms)
✔ a tracked path deleted from the working tree is skipped, not a crash (57.242155ms)
✔ a sentence in a Formats section is not a record kind (75.132774ms)
✔ a record kind named by its path alone is checked (58.375115ms)
✔ PKG-002: a tracked in-progress record (77.905961ms)
✔ PKG-002: ignoring evidence alone is a finding (66.537331ms)
✔ LOOP-071: decision body metadata does not resolve unbuilt work: "Superseded by: example" (687.361428ms)
✔ LOOP-071: decision body metadata does not resolve unbuilt work: "```text\nSuperseded by: example\n```" (623.84874ms)
✔ LOOP-071: decision body metadata does not resolve unbuilt work: "~~~text\nSuperseded by: example\n~~~" (606.527358ms)
✔ LOOP-071: a fenced realization example is not a resolving commit (566.113062ms)
✔ LOOP-071: a fenced commit inside the realization section is not built (459.488282ms)
✔ LOOP-071: ## Example cannot replace an open review finding (491.113937ms)
✔ LOOP-071: # Example cannot replace an open review finding (480.219792ms)
✔ LOOP-071: ### Example cannot replace an open review finding (474.571885ms)
✔ LOOP-071:   ## Example cannot replace an open review finding (436.229123ms)
✔ LOOP-071: Example paragraph. cannot replace an open review finding (440.873279ms)
✔ LOOP-071: Example
------- cannot replace an open review finding (426.623529ms)
✔ LOOP-071: fenced fields before a real review header are ignored (448.985308ms)
✔ LOOP-071: multiline decision --title cannot inject metadata (346.821917ms)
✔ LOOP-071: multiline decision --decided-by cannot inject metadata (355.46297ms)
✔ LOOP-071: multiline decision --rests-on cannot inject metadata (407.979526ms)
✔ LOOP-071: multiline decision --wrong-if cannot inject metadata (390.543193ms)
✔ LOOP-071: multiline decision --history cannot inject metadata (399.31496ms)
✔ LOOP-072: malformed Blocking concerns stay open: "R-001\nAnswer: ok" (75.323153ms)
✔ LOOP-072: malformed Blocking concerns stay open: "R-001\r\nAnswer: ok" (93.99396ms)
✔ LOOP-072: malformed Blocking concerns stay open: "R-001\rAnswer: ok" (90.194217ms)
✔ LOOP-072: malformed Blocking concerns stay open: "R-001 Answer: ok" (98.476458ms)
✔ LOOP-072: malformed Blocking concerns stay open: "R-001 Answer: ok" (77.165665ms)
✔ LOOP-072: ordinary malformed concerns are refused: "R-001\nR-002" (48.502897ms)
✔ LOOP-072: ordinary malformed concerns are refused: "R-001, prose" (46.770438ms)
✔ LOOP-072: ordinary malformed concerns are refused: " " (52.151212ms)
✔ LOOP-072: a Blocking escalation without concerns is still presented (77.970516ms)
✔ LOOP-072: carriage returns in a Blocking question do not create answer records (68.118236ms)
✔ LOOP-072: explanation separator 8232 cannot close an escalation (152.012893ms)
✔ LOOP-071: decision metadata refuses separator 8232 (369.58266ms)
✔ LOOP-072: explanation separator 8233 cannot close an escalation (121.174409ms)
✔ LOOP-071: decision metadata refuses separator 8233 (340.84047ms)
✔ an unmatched input is refused before execution (LOOP-044) (168.702639ms)
✔ an indexed input deleted on disk asks for a commit (LOOP-045) (159.465429ms)
✔ wake and check require a Git working tree (LOOP-046) (126.465197ms)
✔ recovery removes only dead kernel run records and identifies a live owner (LOOP-054, LOOP-055) (324.702234ms)
✔ an agent action based behind a clean HEAD appears committed (LOOP-027) (166.47663ms)
✔ realization needs a real commit and a subject (DEC-006) (287.280753ms)
✔ 1500 binary inputs digest identically at the review commit in under a second (LOOP-024, LOOP-032) (1400.548671ms)
✔ merged work is excluded but a later own commit is a breach (LOOP-047) (207.452869ms)
✔ exact Current tenure ignores prefix matches and earlier visits to the same slug (LOOP-035) (220.110748ms)
✔ a kernel run records its supervising PID (LOOP-054) (259.155318ms)
✔ a merged declared input still stales evidence (LOOP-047) (385.935351ms)
✔ wildcard and magic pathspecs select the same historical inputs (LOOP-024, LOOP-032) (2066.158608ms)
✔ historical selection retains deleted files and excludes new ones (LOOP-024, LOOP-035) (1428.393135ms)
✔ explicit reporting with no lines and exit 0 establishes no requirement verdicts (492.707614ms)
✔ explicit reporting with no lines and exit 1 establishes no requirement verdicts (465.3895ms)
✔ a reporter that cannot start keeps execution diagnostics without blaming requirements (303.463034ms)
✔ large output cannot kill a reporter or invent a requirement verdict (363.374787ms)
✔ explicit mode ignores cairn: R-999: pass (284.232062ms)
✔ explicit mode ignores cairn: R-001: unverified (321.561168ms)
✔ explicit mode ignores cairn: R-001: passed (266.82319ms)
✔ explicit results survive nonzero exit and contradictory duplicates still fail (513.008607ms)
✔ unverified results across changed inputs never become failed attempts (1289.690499ms)
✔ legacy exit 0 retains its interpretation (230.89703ms)
✔ legacy exit 1 retains its interpretation (210.29723ms)
✔ a misspelled reporting mode is refused before execution (92.968311ms)
✔ changed requirement blocks unchecked reruns and makes the completion review stale (LOOP-058, LOOP-059) (1833.980944ms)
✔ falsifier changes need review; separate rationale and other requirements do not change a receipt (1084.031366ms)
✔ legacy receipts recover requirement identity from their commit; unavailable history requires review (837.741417ms)
✔ check refuses uncommitted requirement text and mechanism review markers (730.665768ms)
✔ tightened response limit cannot reuse the old passing check (1309.71741ms)
✔ a declared input over 1 MiB agrees at a commit and in the tree (LOOP-060) (475.089084ms)
✔ a failed Git blob read cannot be hashed as an empty blob (440.244394ms)
✔ Git listings over 1 MiB include the last declared input (2554.547721ms)
✔ requirement identity excludes fenced examples and status dates (525.023356ms)
✔ DemonCoder REM-002 and Status in progress cannot silently satisfy the review gate (LOOP-086) (871.138715ms)
✔ valid open findings retain their behavior (527.37068ms)
✔ valid resolved findings retain their behavior (497.447379ms)
✔ valid empty findings retain their behavior (473.242495ms)
✔ valid mixed valid findings retain their behavior (391.119239ms)
✔ malformed finding "open:" requires repair (374.031433ms)
✔ malformed finding "resolved:   " requires repair (365.180528ms)
✔ malformed finding "Open: incorrect case" requires repair (363.88665ms)
✔ malformed finding "unknown: issue" requires repair (336.772096ms)
✔ malformed finding "\u001b[31mBAD: issue" requires repair (350.426118ms)
✔ the established explicit empty findings list remains valid (327.437033ms)
✔ a scalar findings value requires the supported list format (342.186452ms)
✔ a Requirements: line written as a list is read like the flat form (LOOP-102) (167.373733ms)
✔ a subdirectory or a README in a record directory changes nothing (LOOP-103) (570.54093ms)
✔ two Current: lines are a roadmap repair (LOOP-104) (74.388598ms)
✔ a repeated identifier, an input under the evidence directory, and a missing cwd are refused by name (LOOP-105) (433.42925ms)
✔ a requirement whose evidence outlives its mechanism is named declare, not a regression or an escalation (LOOP-106) (1081.548224ms)
✔ an unreadable record is a repair, not an error exit (LOOP-107) (65.008251ms)
✔ a review needs commit, a nonempty examined list, and a findings list, each named when missing (LOOP-108) (852.116899ms)
✔ a decision record missing a header field or naming a missing predecessor is a repair (LOOP-109) (253.36992ms)
✔ a dirty declared input with no in-progress record is named record ahead of run (LOOP-110) (224.274537ms)
✔ with core.filemode false the index mode is the identity, so a mode-only difference does not refuse the check (LOOP-111) (229.03421ms)
✔ a project below the Git toplevel can run check (LOOP-112) (247.592014ms)
✔ a shallow clone names history to fetch, not a decision to build (LOOP-113) (142.255247ms)
✔ empty footprint names declaration before scope and records no evidence (LOOP-081) (593.885971ms)
✔ first declaration still checks the full earlier history (LOOP-081) (349.122825ms)
✔ an empty current footprint does not block an explicitly requested existing mechanism (LOOP-081) (302.826073ms)
✔ an inherited mechanism provides a footprint even before local mechanisms exist (210.56801ms)
✔ scope reports every path, escapes line breaks, and gives identical remedies (LOOP-082) (229.284878ms)
✔ scope verdict reuses the answered-escalation annotation (LOOP-048, LOOP-051, LOOP-083) (448.712255ms)
✔ a committed scope acknowledgment lets restored history proceed (LOOP-083) (624.868771ms)
✔ scope acknowledgment must be committed before it can clear a breach (591.97903ms)
✔ ordinary ok does not acknowledge scope history (246.130955ms)
✔ scope escalation refuses unrestored paths and names the restoration remedy (224.532273ms)
✔ an invalid scope request still records an explicitly Blocking decision (128.806342ms)
✔ ask and explanation stay open; only the final committed ok acknowledges scope (668.202721ms)
✔ instead is visible but does not silently authorize a scope exception (345.326289ms)
✔ later changes to an acknowledged path still block, including later reverts (1047.186466ms)
✔ approval cannot hide another path changed after the snapshot (375.031069ms)
✔ acknowledged history remains conditional on the paths staying restored (582.090981ms)
✔ editing the scope snapshot after answer invalidates its acknowledgment (327.341015ms)
✔ malformed scope metadata cannot suppress a breach (1490.29647ms)
✔ damaged acknowledgment fields cannot suppress a breach (528.38709ms)
✔ scope path matching is literal, including wildcard filenames and control characters (550.408727ms)
✔ scope acknowledgment does not carry into another activation of the same slug (308.909687ms)
✔ restoration checks additions, deletions, executable modes, and symlink kinds (1782.565596ms)
✔ explicit committed retention keeps correct work and requires new evidence and review (LOOP-084, LOOP-085) (2033.07105ms)
✔ a missing declaration covers correct earlier work without retention or revert (474.671532ms)
✔ keep requires scope and an unchanged committed candidate (134.043954ms)
✔ uncommitted retention and instead answers cannot clear the incident (913.218953ms)
✔ retention does not grant future edits, even when reverted to the approved tree (1197.750647ms)
✔ retention cannot cover another path or another activation (528.855651ms)
✔ imported changes must still match the retained tree (551.440067ms)
✔ retention handles additions, deletions, modes, symlinks, and literal filenames (2192.017743ms)
✔ retention cannot convert an existing restoration answer or accept an unknown mode (414.221402ms)
✔ a check failure after retention remains a failure (799.000971ms)
✔ retained paths stay part of the stable checked candidate without extending its footprint (651.737175ms)
✔ retention ask needs an explanation and final committed approval (597.966262ms)
✔ an unknown scope mode remains invalid even with a matching approval digest (319.848776ms)
✔ backlog writes the item; a second with the same title is refused, never overwritten (LOOP-016) (127.387675ms)
✔ a commit inside the footprint: check runs; outside it: check names the path and does not run (LOOP-035) (575.930153ms)
✔ a file under .cairn/ or docs/ is never a breach (537.662821ms)
✔ declaring the path as an input clears the breach (291.845507ms)
✔ a revert preserves the record of an out-of-scope commit (LOOP-047) (255.207414ms)
✔ a commitment naming a requirement the spec set does not hold as Agreed is repaired (LOOP-029) (65.461961ms)
✔ a requirement in a Draft spec file is not Agreed (69.678514ms)
✔ working agreements and the ignore file are Cairn records (LOOP-035, LOOP-036) (475.610525ms)
✔ the over-asking rule is gone from both skills (SPEC-005, SPEC-006) (1.377944ms)
✔ a decision during the phase is recorded (DEC-003) (0.140687ms)
✔ understanding is restated before writing (SPEC-003) (0.115633ms)
✔ falsifiers are proposed as one set and confirmed by exception (SPEC-004) (0.191426ms)
✔ depth is inferred and domains derived, never asked or imposed (SPEC-008, SPEC-009) (0.163248ms)
✔ a term enters the glossary at first occurrence (SPEC-010) (0.104471ms)
✔ the phase ends at the first commitment, and later ones are specified during the loop (SPEC-011, SPEC-012) (0.123392ms)
✔ a requirement goes Agreed only with a nameable mechanism (SPEC-013) (0.098903ms)
✔ review before agreement, recording what it attacked (SPEC-014, SPEC-015) (0.120667ms)
✔ no spec file without requirements; nothing Agreed without a falsifier (SPEC-001, SPEC-002) (0.207878ms)
✔ Observed is marked, and is not contract (SPEC-016, SPEC-017) (0.157194ms)
✔ the skills exclude artifacts outside Cairn's workflow (0.191187ms)
✔ the working agreement names the agent's move for each verdict and the write-ahead record (LOOP-036) (0.178808ms)
✔ the working agreement names the developer's moves (LOOP-036, DEC-014) (0.089432ms)
✔ this repository runs by the file it ships (0.362638ms)
✔ both skills write the working agreement without naming a vendor's file (LOOP-036, PKG-006) (0.120207ms)
✔ the working agreement says what an attempt is (LOOP-036, DEC-017, DEC-018) (0.132475ms)
✔ the working agreement says a failure no footprint change can address is an escalation, and where an inherited requirement is repaired (DEC-019, LOOP-057) (0.097301ms)
✔ the working agreement states the promote, next-iteration, and no-deferral moves (LOOP-029, LOOP-087, LOOP-091, LOOP-092) (0.135463ms)
✔ both skills sort captures into the backlog or next-iteration and forbid deferral (LOOP-029, LOOP-092, LOOP-093) (0.085761ms)
✔ the skill requires a falsifier on every requirement, a MAY included (SPEC-025) (0.077441ms)
✔ the working agreement names the hooks as optional and the install skill registers them for two harnesses (PKG-006, PKG-018, PKG-019) (0.225681ms)
✔ the working agreement says the kernel is upgraded at Done, never inside a commitment (LOOP-096) (0.072637ms)
✔ the next-iteration skill starts from the specification and ends by naming the next commitment (SPEC-026, SPEC-027) (0.282998ms)
✔ every document that names the project skills names next-iteration beside them (SPEC-026, PKG-014) (2.477898ms)
✔ the working agreement states a move for every action the kernel can name (LOOP-101) (1.296011ms)
✔ the working agreement states both record formats and the two flags the moves need (LOOP-036) (0.157372ms)
✔ a two-obligation sentence is named (PKG-007) (53.990277ms)
✔ an obligation with no actor is named (PKG-010) (31.485786ms)
✔ a leading condition clause is not the actor, and the actor after it counts (45.146767ms)
✔ an Agreed requirement with no falsifier is named (SPEC-002); a Draft one is not (76.558581ms)
✔ prose after a Draft requirement with no falsifier is not scanned as requirement text (46.836765ms)
✔ a spec declaring a prefix with no requirement is named (SPEC-001) (36.983515ms)
✔ a keyword in backticks or quotes is a mention, not an obligation (36.246995ms)
✔ this repository's own specification passes the lint (54.67538ms)
✔ duplicate identifiers are rejected within a file and across files (SPEC-020) (76.671408ms)
✔ references resolve across files; missing references name their source (SPEC-021) (84.142026ms)
✔ code examples and quoted mentions are neither definitions nor references (63.502699ms)
✔ machine-local paths are findings in prose, links, quotes, and examples (SPEC-019) (390.902761ms)
✔ relative paths, URLs, slash commands, and character mentions are not absolute path findings (51.426986ms)
✔ a slash after a placeholder continues the template (SPEC-019) (83.384362ms)
✔ a host path is a finding until the file declares it (SPEC-019, SPEC-024) (68.459239ms)
✔ declared host paths cover children with a slash boundary and stay file-local (107.987323ms)
✔ a host-path declaration inside a requirement or example grants no exception (122.582138ms)
✔ host-path declarations require absolute or home-relative entries (187.716167ms)
✔ an Agreed block whose only keyword is MAY needs a falsifier like any other (SPEC-025, SPEC-002) (75.286052ms)
✔ supersede writes both lines, and the old record keeps every word it had (DEC-008, DEC-010) (89.219766ms)
✔ supersede without a cause, or with one outside the four, is refused (DEC-009) (114.3539ms)
✔ supersede of a record that does not exist is refused (65.824789ms)
✔ a predecessor with no title line cannot be stamped, so nothing is written (64.280931ms)
✔ reversals reports counts by decider, cause, and domain (DEC-011) (156.497426ms)
✔ decide in a domain with a reversal is refused without --history, naming the reversal; with it, the record carries History (DEC-012) (174.068906ms)
✔ decide in a domain with no reversals needs no --history (112.574996ms)
✔ a record resting on prose alone is in the domain unspecified, and so is the next one (99.214415ms)
✔ a second declaration for one requirement is accepted, a named check runs every mechanism, and Done needs each to pass (LOOP-056, LOOP-099) (2124.794851ms)
✔ one mechanism's stale evidence names that mechanism, and --stale runs only it (LOOP-056, LOOP-094) (772.955018ms)
✔ attempts are counted within one mechanism's records, so the other's passes do not reset them (LOOP-100, DEC-016) (1482.091489ms)
✔ step 1: an in-progress record is reconciled before anything else (92.253027ms)
✔ step 2: an open escalation is presented and nothing else happens (85.519704ms)
✔ an answered escalation is not open (522.692075ms)
✔ step 3: a decision with no realized-by is built, first by name (86.217397ms)
✔ a superseded decision with no realized-by is not work (138.94405ms)
✔ step 6: a mechanism that has never run is run, not implemented (149.67245ms)
✔ step 6: a requirement whose mechanism fails is implemented (514.247716ms)
✔ step 6 before step 7: failing evidence outranks a missing mechanism (385.504953ms)
✔ step 7: a requirement with no mechanism is declared (79.708234ms)
✔ step 10: every requirement current and passing, review clean, is Done (364.363187ms)
✔ malformed roadmap is Resolvable, not fatal (54.823409ms)
✔ a commitment naming no requirements is Resolvable (62.018661ms)
✔ the primary test: two wakes on the same checkout give the same action (111.482937ms)
✔ outside a cairn repository wake cannot run (42.897457ms)
✔ the loop never waits on the review queue (DEC-015) (366.444695ms)
✔ the linked walkthrough runs from agreement through the next commitment (PKG-016) (1348.153416ms)
ℹ tests 403
ℹ suites 0
ℹ pass 403
ℹ fail 0
ℹ cancelled 0
ℹ skipped 0
ℹ todo 0
ℹ duration_ms 22602.697414
