✔ a Draft block overrides an Agreed file for both wake and check (SPEC-018) (194.242547ms)
✔ an Agreed block overrides a Draft file in the kernel and lint (SPEC-018, SPEC-002) (635.94739ms)
✔ a block Status does not become the file default, including inside examples (SPEC-018) (369.673357ms)
✔ block status without a value does not inherit Agreed by accident (SPEC-018) (88.138305ms)
✔ inheritance needs a file Scope and includes only Agreed blocks, regardless of prefix (PKG-015) (1824.337622ms)
✔ Scope inside a requirement or fenced example does not declare inheritance (PKG-015) (836.218032ms)
✔ a falsifier wrapped onto a line beginning with Status: does not become the block's status (SPEC-018) (1.117174ms)
✔ with attribution forbidden, an unpushed commit carrying an AI attribution line is named reword before any work; without the policy, or once pushed, it is not (PKG-045) (432.039807ms)
✔ each attribution form is caught, a prose mention is not, and the oldest attributed commit is named first (PKG-045) (541.640871ms)
✔ LOOP-063: reject input mutation during a check and retain diagnostics (419.66482ms)
✔ LOOP-063: reject deletion mutation during a check and retain diagnostics (359.511556ms)
✔ LOOP-063: reject addition mutation during a check and retain diagnostics (358.038412ms)
✔ LOOP-063: reject mode mutation during a check and retain diagnostics (368.610866ms)
✔ LOOP-063: reject specification mutation during a check and retain diagnostics (385.267102ms)
✔ LOOP-063: reject declaration mutation during a check and retain diagnostics (391.944164ms)
✔ LOOP-063: reject commit mutation during a check and retain diagnostics (368.043265ms)
✔ LOOP-063: committed input mutation during execution cannot certify the replacement (393.808383ms)
✔ LOOP-064: removing executable permission makes passing evidence stale (572.367953ms)
✔ LOOP-064: a mode-only change also invalidates the previous review after new evidence (807.676217ms)
✔ LOOP-064: changing a regular file into a link with identical identity bytes is stale (780.421285ms)
✔ LOOP-063: an unchanged candidate still records a pass despite unrelated working-tree edits (213.135758ms)
✔ LOOP-064: current and historical input ordering agrees for Unicode filenames (342.656185ms)
✔ LOOP-063: Git status hiding content changes cannot certify an uncommitted candidate (137.896046ms)
✔ LOOP-066: one check owns execution with a kernel action record (452.849676ms)
✔ LOOP-066: one check owns execution with an agent action record (366.266159ms)
✔ LOOP-066: a live lock is named and never silently overwritten (156.951274ms)
✔ LOOP-066: a dead lock is named and never silently overwritten (129.04069ms)
✔ LOOP-066: a incomplete lock is named and never silently overwritten (131.420655ms)
✔ LOOP-066: an execution error releases the check lock for a corrected rerun (433.585872ms)
✔ LOOP-066: a live kernel action from an older Cairn also blocks execution (75.791778ms)
✔ LOOP-066: separate Git worktrees can run checks independently (450.963633ms)
✔ after a green check --stale runs nothing; after one input changes it runs only that mechanism (LOOP-094) (911.11595ms)
✔ a mechanism speaking for two stale requirements runs once and refreshes both (LOOP-094, LOOP-040) (578.18873ms)
✔ a fresh failure and an unverified result are skipped with implement named (LOOP-094) (579.878864ms)
✔ --stale with a requirement identifier is refused (LOOP-094) (61.66634ms)
✔ check --stale holds back a mechanism whose requirement has three attempts and no escalation, names it, and records nothing (LOOP-094, DEC-016) (1919.258009ms)
✔ check refuses a dirty declared input and names it; a dirty undeclared file does not block (LOOP-030) (452.194649ms)
✔ check writes one receipt per run carrying the full record and a result line per requirement (LOOP-097) (285.673876ms)
✔ a nonzero exit records fail, and the receipt keeps the exit code (LOOP-034) (313.635411ms)
✔ a pass after a fail keeps the failing record; nothing is overwritten or deleted (LOOP-025) (594.830387ms)
✔ a commit changing a declared input makes evidence stale; an undeclared one does not (LOOP-007) (889.10086ms)
✔ a regression is named before a requirement that never passed (LOOP-031) (1017.751831ms)
✔ three attempts with no escalation since: wake says escalate, not a fourth (DEC-016, DEC-017, DEC-018) (2070.510741ms)
✔ the review gate: no review, stale review, open finding, then Done (LOOP-020, LOOP-033) (1013.43437ms)
✔ Done is refused while any requirement lacks current passing evidence (LOOP-017) (103.057214ms)
✔ check names a requested requirement that no mechanism claims (90.463284ms)
✔ check writes the in-progress record before the run and clears it after (LOOP-021) (171.229107ms)
✔ a linked declared input digests the same at a commit and in the tree (LOOP-023, LOOP-024) (391.049795ms)
✔ a result line is the mechanism's statement about one requirement; what it did not mention is unverified (LOOP-037, LOOP-052) (187.109857ms)
✔ a mechanism that says nothing is read by its exit code for every requirement (LOOP-039) (180.642868ms)
✔ unverified is not an attempt, and a return to an earlier failed digest counts once (DEC-017, DEC-018) (1840.302891ms)
✔ a result line for a requirement the mechanism does not speak for is named and writes nothing (LOOP-038) (162.985514ms)
✔ a result line inside ordinary output, or without the marker, does not count (178.866544ms)
✔ a targeted check runs the named requirements' mechanisms and records every requirement they speak for (LOOP-040) (180.505908ms)
✔ two result lines for one requirement: a fail on any line wins (178.43856ms)
✔ three runs at one digest with no attempt since: the verdict stays implement and names DEC-019; an escalation naming it among others clears the hint (DEC-019, LOOP-053) (800.80401ms)
✔ a receipt names its commit in full, and an older receipt with the short form is still read (LOOP-136) (244.916133ms)
✔ a change only to a document its declaration lists leaves the review fresh and the evidence stale; a change to another input makes the review stale (LOOP-141) (1057.603304ms)
✔ a complete commitment with an unpromoted backlog item names promote, and a stamped item lets it reach Done (LOOP-087) (936.206122ms)
✔ an empty backlog with waiting next-iteration items is Done, with the count as information and no action on them (LOOP-091) (787.399579ms)
✔ a promotion marker must resolve to a decision record (LOOP-088) (253.1173ms)
✔ a commitment promoted from an item needs a decision record naming the item (LOOP-088) (247.863257ms)
✔ the spec lint reports a promotion marker with no decision record (LOOP-088) (75.718293ms)
✔ a promoted commitment that changes an Agreed requirement or the working agreement is an escalation; an unpromoted one is not (LOOP-089, LOOP-090) (1619.77612ms)
✔ a capture from one of the commitment's own requirements needs Outside because: or an escalation (LOOP-092) (1606.791388ms)
✔ a next-iteration item names what it would change, and the capture refuses one that does not (LOOP-093) (439.26223ms)
✔ a commitment specified from a next-iteration item needs the item stamped before anything else (SPEC-027) (489.144815ms)
✔ a by deference marker resolves to a decision record like a promotion marker (SPEC-002, LOOP-088) (171.814219ms)
✔ the LOOP-090 gate reads the Concerns line, not the slug as a substring (LOOP-114) (517.257647ms)
✔ the LOOP-088 check reads the Promotes line, and decide --promotes writes it (LOOP-115) (222.732601ms)
✔ the activation commit of a promoted commitment is inside the LOOP-089 comparison (LOOP-116) (141.329158ms)
✔ the LOOP-090 route needs one escalation: its Concerns line covers the moved item too (LOOP-119, LOOP-092, LOOP-114) (596.29155ms)
✔ an escalation raised before the promoted commitment began does not silence the LOOP-090 gate (LOOP-114) (309.154249ms)
✔ an escalation raised before the commitment began does not silence the capture gate (LOOP-119) (330.85991ms)
✔ the activation commit is inside the scope footprint (LOOP-120) (201.134082ms)
✔ a requirement Agreed at activation that is demoted or removed is a contract change (LOOP-121) (716.458537ms)
✔ the include files are the root files that hold @AGENTS.md: exempt from the footprint, compared by the gate (LOOP-122) (1038.491331ms)
✔ a superseded promotion no longer satisfies the LOOP-088 check, and the repair says the promotion was reversed (LOOP-123) (437.273809ms)
✔ the restore route measures from the tree before activation, so a path the activation commit added must go (LOOP-120, LOOP-035) (177.365017ms)
✔ the loop works against exactly one commitment: the current one (LOOP-019) (368.857338ms)
✔ a promotion recorded below Consequential is a repair naming the level, since the developer never sees it in the queue (LOOP-088) (52.543923ms)
✔ every requirement the node-test declaration speaks for is named in a test title (PKG-025) (1.749344ms)
✔ every repository path the tests read is a declared input of node-test (PKG-026) (0.684129ms)
✔ writes a record with every required field and an empty realized-by (DEC-001, DEC-005) (73.597935ms)
✔ a Consequential decision is queued for review (DEC-013) (66.923464ms)
✔ a Consequential decision is queued even when .cairn/queue does not exist yet (70.138126ms)
✔ Routine is refused: routine decisions produce no record (80.180642ms)
✔ a missing field is a usage error and nothing is written (60.421405ms)
✔ supersedes requires a classified cause, and the old record must exist (187.884252ms)
✔ an existing record is not overwritten (122.768922ms)
✔ a queued decision stays queued; nothing but the developer removes it (DEC-014) (190.69982ms)
✔ each accepted decider is stored lowercase, whatever case it was typed in (DEC-020) (491.983864ms)
✔ a decider outside the vocabulary is a usage error naming all three, and nothing is written (DEC-020) (455.999976ms)
✔ an empty --decided-by is the missing-field error, not the vocabulary one (75.553175ms)
✔ LOOP-006, LOOP-067: missing inputs names a declaration repair before execution (147.378465ms)
✔ LOOP-006, LOOP-067: empty inputs names a declaration repair before execution (168.208731ms)
✔ LOOP-006, LOOP-067: missing command names a declaration repair before execution (135.8477ms)
✔ LOOP-006, LOOP-067: list command names a declaration repair before execution (143.506429ms)
✔ LOOP-006, LOOP-067: empty command names a declaration repair before execution (140.041367ms)
✔ LOOP-006, LOOP-067: missing requirements names a declaration repair before execution (136.862511ms)
✔ LOOP-006, LOOP-067: bad identifier names a declaration repair before execution (140.894679ms)
✔ LOOP-067: scalar one-item lists retain their existing meaning (274.181101ms)
✔ LOOP-068: a unpopulated gitlink is refused by name (151.949388ms)
✔ LOOP-068: a populated gitlink is refused by name (189.55095ms)
✔ LOOP-069: identical selections across 100 mechanisms use at most 20 Git processes (150.293844ms)
✔ --defect needs --from naming an Agreed requirement, and writes Defect: yes (LOOP-140) (232.583391ms)
✔ an unfixed defect is named fix before a promotable item, and counts as fixed only with passing evidence at or after its commit and no Agreed text changed (LOOP-087, LOOP-140) (1923.440023ms)
✔ escalate writes the six-line format followed by its facts, and wake presents it (LOOP-010, LOOP-026) (118.364211ms)
✔ a missing or multi-line field is refused with the field named, and nothing is written (LOOP-012) (140.202151ms)
✔ a Blocking escalation that fails the format is written anyway, naming the malformed field (LOOP-013) (149.771401ms)
✔ the loop stops for the developer only at Blocking: a recorded decision below it never yields Escalate, and the Blocking bypass must be spelled exactly (DEC-002) (271.44737ms)
✔ a second escalation while one is open is refused (LOOP-011) (131.928777ms)
✔ answer records the reply; wake no longer presents it; a second answer is refused (257.298555ms)
✔ answer to an unknown escalation is refused (69.923282ms)
✔ a stranger resumes from the file alone: question and answer are both in it (LOOP-014) (129.471125ms)
✔ a developer-shaped answer during the agent's turn is refused and writes nothing; the explanation is still accepted (LOOP-135) (611.897165ms)
✔ after an answer, the same concern can be escalated again under a new name (173.346439ms)
✔ an escalation exists when its file does, committed or not (LOOP-009) (79.888003ms)
✔ developer answers require one of the three forms and cannot inject fields (LOOP-048) (573.795518ms)
✔ ask, agent explanation, another ask, and ok stay ordered in one file (LOOP-049, LOOP-050, LOOP-014) (795.961394ms)
✔ fresh closed answers accompany only concerned requirements until new evidence (LOOP-051) (673.616196ms)
✔ a raised escalation carries no derivable status line, and an old record with one still parses (LOOP-028) (150.174437ms)
✔ LOOP-065: delete of output refuses Done and a new run recovers (1156.969047ms)
✔ LOOP-065: corrupt of output refuses Done and a new run recovers (1199.140736ms)
✔ LOOP-065: delete of stderr_output refuses Done and a new run recovers (1132.864057ms)
✔ LOOP-065: corrupt of stderr_output refuses Done and a new run recovers (905.968458ms)
✔ LOOP-065: a receipt without output needs a new check (483.61328ms)
✔ LOOP-065: a receipt without output_digest needs a new check (464.013897ms)
✔ LOOP-065: a receipt without stderr_output needs a new check (455.603002ms)
✔ LOOP-065: a receipt without stderr_digest needs a new check (408.304051ms)
✔ LOOP-065: legacy unverifiable output is rerun without rewriting history (701.212406ms)
✔ a fresh record names the kernel that wrote it (LOOP-023) (290.478202ms)
✔ LOOP-095: a record from another kernel is stale with the kernel named, and a new check restores Done (744.780069ms)
✔ LOOP-095: a record from no kernel is stale with the kernel named, and a new check restores Done (749.338841ms)
✔ LOOP-070: a later failure is latest even when the clock moves backward (921.608362ms)
✔ LOOP-070: receipt collisions at one clock instant retain execution order beyond nine suffixes (3455.563791ms)
✔ LOOP-070: imported branch receipts stale a later sequence until a new check incorporates them (1123.823782ms)
✔ LOOP-070, LOOP-098: legacy receipts need one ordered check, remain byte-for-byte unchanged, and precede the run receipt in the history (520.097112ms)
✔ LOOP-070: edit of a prior receipt requires fresh evidence (437.341268ms)
✔ LOOP-070: remove of a prior receipt requires fresh evidence (475.032433ms)
✔ LOOP-075: supporting evidence file README.md does not become a receipt (515.598853ms)
✔ LOOP-075: supporting evidence file notes.txt does not become a receipt (505.996993ms)
✔ LOOP-075: supporting evidence file support does not become a receipt (516.876573ms)
✔ LOOP-075: supporting evidence file .DS_Store does not become a receipt (771.530758ms)
✔ LOOP-075: a malformed result line (result=success) names a repair before execution (335.349541ms)
✔ LOOP-075: a malformed result line (sequence=NaN) names a repair before execution (341.424078ms)
✔ LOOP-075: a malformed result line (sequence=9007199254740992) names a repair before execution (304.080872ms)
✔ LOOP-075: a malformed result line (history_digest=wrong) names a repair before execution (335.890465ms)
✔ LOOP-075: a malformed result line (tokens) names a repair before execution (315.974423ms)
✔ LOOP-075: a receipt-shaped directory is a named repair instead of an EISDIR crash (263.431186ms)
✔ LOOP-070: an earlier escalation cannot cover three new attempts after clock rollback (872.796515ms)
✔ LOOP-070: an answer becomes old after a later check even if that check's timestamp is earlier (547.691445ms)
✔ LOOP-070: the newest answer wins between checks even when its clock timestamp is older (386.468485ms)
✔ LOOP-070: legacy escalation dates cover old receipts but not three newer sequenced runs (1262.571855ms)
✔ a PKG requirement the commitment does not name is declared, run, and gates Done (PKG-011) (1720.056841ms)
✔ a PKG requirement in a Draft spec is not folded in (503.465828ms)
✔ LOOP-076, LOOP-079: stale inputs identify the receipt and the check to run (734.314436ms)
✔ LOOP-077: names a content change using checked input identity (619.925888ms)
✔ LOOP-077: names a mode change using checked input identity (630.506073ms)
✔ LOOP-077: names a kind change using checked input identity (632.251645ms)
✔ LOOP-077: names a added change using checked input identity (627.321683ms)
✔ LOOP-077: names a removed change using checked input identity (554.888899ms)
✔ LOOP-077: names a link-target change using checked input identity (759.875618ms)
✔ LOOP-077: changed selection compares the old and new input sets (468.102391ms)
✔ LOOP-077: raw CRLF changes remain visible when Git-clean content agrees (459.421676ms)
✔ LOOP-077: detail output is sorted, bounded, and reports the omitted count (459.218943ms)
✔ LOOP-077: filenames cannot inject lines or terminal controls into explanations (399.79725ms)
✔ LOOP-077: receipts from one run share details and do not store source contents (286.573424ms)
✔ LOOP-078, LOOP-080: legacy optional detail limits explanation without changing standing (504.412577ms)
✔ LOOP-078, LOOP-080: invalid-field optional detail limits explanation without changing standing (515.905649ms)
✔ LOOP-078, LOOP-080: missing optional detail limits explanation without changing standing (500.694441ms)
✔ LOOP-078, LOOP-080: invalid-json optional detail limits explanation without changing standing (580.800095ms)
✔ LOOP-078, LOOP-080: mismatched optional detail limits explanation without changing standing (696.831991ms)
✔ LOOP-078, LOOP-080: duplicate optional detail limits explanation without changing standing (499.245063ms)
✔ LOOP-078, LOOP-080: unsafe-path optional detail limits explanation without changing standing (475.334036ms)
✔ LOOP-078, LOOP-080: directory optional detail limits explanation without changing standing (491.765254ms)
✔ LOOP-078, LOOP-080: symlink optional detail limits explanation without changing standing (512.348188ms)
✔ LOOP-078: unavailable old requirement text is not claimed as a proven change (348.977477ms)
✔ LOOP-076, LOOP-079: changed requirements identify evidence and retain review-before-check guidance (378.58931ms)
✔ LOOP-078: simultaneous input and output damage keep both reasons (365.166764ms)
✔ LOOP-080: deterministic freshness sequence seed=7 (8940.084584ms)
✔ LOOP-080: deterministic freshness sequence seed=42 (5881.844054ms)
✔ LOOP-080: deterministic freshness sequence seed=913 (5107.631932ms)
✔ LOOP-080: agreement changes, mechanism review, checks, and completion review retain priority (1284.376958ms)
✔ LOOP-080: imported receipt history demands a rerun without a false input explanation (1451.056878ms)
✔ LOOP-073: clean CRLF input completes under attributes (526.310905ms)
✔ LOOP-073: clean CRLF input completes under autocrlf (480.769952ms)
✔ LOOP-073: raw line-ending mutation during a run is rejected even when Git still sees the same content (222.013429ms)
✔ LOOP-073: execution evidence changes when clean conversion preserves committed identity (980.509317ms)
✔ LOOP-073: Git clean filters use Git's conversion while retaining raw evidence identity (531.693852ms)
✔ LOOP-073: failure of a required Git filter cannot record evidence (119.317954ms)
✔ LOOP-073: a clean filter moving HEAD during ending validation prevents evidence (647.091756ms)
✔ LOOP-073: canonical Git identities handle links without reading their targets (436.582106ms)
✔ LOOP-073: Git conversion keeps raw Unicode and control-character input paths (395.110146ms)
✔ LOOP-073: conversion and links work in a SHA-256 Git repository (372.836516ms)
✔ LOOP-074: historical specification filename "café.md" remains reviewable (368.987898ms)
✔ LOOP-074: historical specification filename "spec\ttab.md" remains reviewable (381.075252ms)
✔ LOOP-074: historical specification filename "spec\nline.md" remains reviewable (368.345486ms)
✔ help works outside a repository without running a command (PKG-017) (892.326124ms)
✔ help does not hide invalid options or consume literal arguments (178.786519ms)
✔ help lists the lint command (PKG-017) (42.840234ms)
✔ a working directory that no longer exists is named as the failure, and git is not blamed (PKG-041, PKG-022) (193.546092ms)
✔ the stop hook refuses a stop while wake says Resolvable, with the verdict as the reason (PKG-018) (225.57511ms)
✔ the stop hook allows a stop at Done, at Escalate, and outside a Cairn repository (PKG-018) (1026.614933ms)
✔ the session-start hook links the command once and prints the verdict in a Cairn repository (PKG-019, PKG-014, PKG-005) (403.723398ms)
✔ the session-start hook prints no verdict outside a Cairn repository and leaves an existing link that resolves alone (PKG-019) (57.472535ms)
✔ a checkout under a path with a space links a command that resolves, and its stop hook still blocks (PKG-019, PKG-021) (312.014548ms)
✔ the hooks run the kernel the command link resolves to, so hook and agent share one referee (PKG-021) (1068.23722ms)
✔ a dangling link is replaced and reported (PKG-019) (156.02442ms)
✔ errors exit 0 with one line on standard error and no stack trace (PKG-022) (173.856699ms)
✔ the hooks judge with the cairn on PATH, a wrapper included, and session-start names it (PKG-033) (931.893408ms)
✔ a link to a wrapper or file is kept; a dangling link or one to a directory is replaced (PKG-034) (350.32807ms)
✔ a project below the Git toplevel gets the verdict and the stop refusal (PKG-035) (271.521259ms)
✔ a kernel that prints no verdict is one stderr line: the stop is allowed and session-start prints no trace (PKG-036) (150.151603ms)
✔ a link that cannot be created is one stderr line, and the verdict still prints (PKG-019, PKG-022) (126.57345ms)
✔ with git absent the hooks say so in one line and block nothing (PKG-022) (66.609058ms)
✔ stop_hook_active true no longer lets a Resolvable stop through: the hook still refuses (PKG-018) (145.210207ms)
✔ receipts written by the project's own kernel are judged with it, not with a different cairn on PATH (PKG-033, PKG-021) (396.47554ms)
✔ the fourth stop on an unchanged verdict, commit and tree goes through with a message and a stop record; each refusal names cairn escalate (PKG-043, PKG-044) (427.73162ms)
✔ progress resets the count, a commit or an edited file alike, and each session counts on its own (PKG-043) (1205.712741ms)
✔ no report, one for another commitment, at another commit, or at a value that is not a commit names a new reviewer; an uncommitted review is committed first (LOOP-020) (1490.352276ms)
✔ an old report re-dated, however it is edited, does not name the new commit and names a new reviewer; a new report with the same words does not (LOOP-020) (1278.315408ms)
✔ each finding is carried by the one line citing its number and beginning with its words; malformed reports are repairs (LOOP-020) (3605.975347ms)
✔ citations name their report's commit, so rounds never collide and an old line never carries a new finding; a wrapped review line is its own repair (LOOP-020) (829.966114ms)
✔ a finding that quotes a citation in its own words is carried by copying it, and an uncited wrapped line is no repair when there is nothing to carry (LOOP-020) (588.239586ms)
✔ a citation that is not last on its line is refused as such, and a finding ending with a citation is carried in the short form (LOOP-020) (895.168028ms)
✔ a report written or changed on disk but not committed is named commit, never judged as the committed one (LOOP-020) (774.899911ms)
✔ the findings list is read from the record's text: blank lines between entries, a wrapped entry, any bullet, and a blank line inside examined: lose nothing; a list after a heading stays unread (LOOP-020, LOOP-086, LOOP-071) (1228.22968ms)
✔ the reader reads a numbered or nested list and a blank line in examined:, and names a line it cannot read rather than reading nothing (LOOP-086, LOOP-020) (1013.055415ms)
✔ a line the reader cannot read is named whenever an entry follows it, in the review and in the report, and a finding under a heading is named (LOOP-086, LOOP-020) (1466.150548ms)
✔ a margin line that only looks like a field never ends a list in silence (LOOP-086, LOOP-020) (1021.698125ms)
✔ a field name repeated inside a list is named, the report's findings under a heading are named beside a list, and the repair offers the fix that keeps the finding (LOOP-020, LOOP-086) (862.445161ms)
✔ a Reviewer: line inside a list is named, and an honest record with a findings-titled heading is read (LOOP-020, LOOP-086) (748.169351ms)
✔ a record that declares findings: [] keeps a bulleted body as prose, as this repository's own reviews are written (LOOP-086, LOOP-020) (377.645149ms)
✔ a field name in another case never ends a list in silence, a record with its fields out of order is told to reorder them, and a citation names only a finding the report made (LOOP-086, LOOP-020, LOOP-108) (856.110153ms)
✔ a citation of zero is a citation, a field ends a list however it is spaced, a heading may be underlined, a blank line before a continuation is nothing, and a doubled commit: line does not name the commit (LOOP-020, LOOP-086, LOOP-108) (1093.371986ms)
✔ a rule under a field line is not a heading, the hint names a heading of either form, and an earlier report's citation on a carrying line is history (LOOP-020, LOOP-108) (1303.293696ms)
✔ a title that ends with a colon is still a heading, a report whose fields sit below a heading or prose is repaired rather than discarded, and the repair names the form the kernel reads (LOOP-020, LOOP-086, LOOP-108) (972.109316ms)
✔ a report for another commitment or commit is replaced even when its fields sit below a heading, a quoted field line does not replace the real one, a rule under any field is a rule, and the review is told what the report is told (LOOP-020, LOOP-108) (1057.631783ms)
✔ cairn lint runs the checker over docs/spec by default and over a named directory (PKG-028) (206.736735ms)
✔ cairn lint names a missing directory in one line, takes one argument, and reports a bad root (PKG-028) (210.455811ms)
✔ three megabytes are retained exactly once with matching digests (LOOP-041, LOOP-042) (346.878777ms)
✔ split stdout result lines survive a long non-result line; stderr is never a verdict (286.704789ms)
✔ signal termination is recorded and logs survive a clone (LOOP-043) (324.200021ms)
✔ working agreements and ignore changes are Cairn records inside the footprint (309.423779ms)
✔ a clean package passes (82.959679ms)
✔ PKG-001: a dependency, or a service manifest (191.697169ms)
✔ PKG-002: ignoring evidence or other durable state, by directory or by extension (135.034671ms)
✔ PKG-003: a command, a directory, or a record kind no decision names (227.461158ms)
✔ PKG-004: a kernel over 1900 lines, counting every file under bin/ as wc -l does; exactly 1900 passes (318.429599ms)
✔ PKG-006: a skill step naming a vendor's product, in either order, across a wrapped list item (PKG-027) (304.341819ms)
✔ PKG-008: a non-ASCII character in a tracked text file (79.404332ms)
✔ PKG-009: the kernel importing from tests (74.103965ms)
✔ PKG-012: a network call or a model client in the kernel, but not a vendor's name in text (308.71605ms)
✔ PKG-013: deferral language, but not in code, quotes, or a rule (527.992211ms)
✔ a tracked path deleted from the working tree is skipped, not a crash (70.854986ms)
✔ a sentence in a Formats section is not a record kind (77.395947ms)
✔ a record kind named by its path alone is checked (80.659557ms)
✔ PKG-002: a tracked in-progress record (72.916443ms)
✔ PKG-002: ignoring evidence alone is a finding (61.823509ms)
✔ PKG-003 reads the kernel's commands from its help output (PKG-023) (107.148924ms)
✔ the ASCII scan covers shipped files, not records under .cairn/ (PKG-024) (69.126473ms)
✔ a vendor-naming step wrapped across lines is matched (PKG-006, PKG-027) (84.144537ms)
✔ PKG-013 scans the README, the manual, and the walkthrough (PKG-032) (214.332948ms)
✔ the manifests, the listing and package.json agree on the name and version, and name paths the repository holds (PKG-037) (1.388261ms)
✔ the hooks file registers session-start and stop against the plugin's own hook.mjs through the plugin root variable (PKG-038) (0.210209ms)
✔ a Muse hook entry whose shared hook is missing prints one line and exits 0 (PKG-041, PKG-022) (64.309579ms)
✔ the registered commands print the verdict at session start, link the command into the plugin, and refuse a stop while wake says Resolvable (PKG-038, PKG-021) (339.25055ms)
✔ LOOP-071: decision body metadata does not resolve unbuilt work: "Superseded by: example" (640.687792ms)
✔ LOOP-071: decision body metadata does not resolve unbuilt work: "```text\nSuperseded by: example\n```" (613.526651ms)
✔ LOOP-071: decision body metadata does not resolve unbuilt work: "~~~text\nSuperseded by: example\n~~~" (621.156265ms)
✔ LOOP-071: a fenced realization example is not a resolving commit (617.177741ms)
✔ LOOP-071: a fenced commit inside the realization section is not built (635.803146ms)
✔ LOOP-071: ## Example cannot replace an open review finding (584.902599ms)
✔ LOOP-071: # Example cannot replace an open review finding (501.969974ms)
✔ LOOP-071: ### Example cannot replace an open review finding (479.702903ms)
✔ LOOP-071:   ## Example cannot replace an open review finding (475.945819ms)
✔ LOOP-071: Example paragraph. cannot replace an open review finding (478.302717ms)
✔ LOOP-071: Example
------- cannot replace an open review finding (471.152611ms)
✔ LOOP-071: fenced fields before a real review header are ignored (426.632071ms)
✔ LOOP-071: multiline decision --title cannot inject metadata (332.451594ms)
✔ LOOP-071: multiline decision --decided-by cannot inject metadata (320.546291ms)
✔ LOOP-071: multiline decision --rests-on cannot inject metadata (364.936545ms)
✔ LOOP-071: multiline decision --wrong-if cannot inject metadata (365.301063ms)
✔ LOOP-071: multiline decision --history cannot inject metadata (346.339692ms)
✔ LOOP-072: malformed Blocking concerns stay open: "R-001\nAnswer: ok" (88.481263ms)
✔ LOOP-072: malformed Blocking concerns stay open: "R-001\r\nAnswer: ok" (77.295197ms)
✔ LOOP-072: malformed Blocking concerns stay open: "R-001\rAnswer: ok" (100.471701ms)
✔ LOOP-072: malformed Blocking concerns stay open: "R-001 Answer: ok" (129.94119ms)
✔ LOOP-072: malformed Blocking concerns stay open: "R-001 Answer: ok" (102.8989ms)
✔ LOOP-072: ordinary malformed concerns are refused: "R-001\nR-002" (76.510614ms)
✔ LOOP-072: ordinary malformed concerns are refused: "R-001, prose" (64.808071ms)
✔ LOOP-072: ordinary malformed concerns are refused: " " (67.971372ms)
✔ LOOP-072: a Blocking escalation without concerns is still presented (156.164086ms)
✔ LOOP-072: carriage returns in a Blocking question do not create answer records (104.221937ms)
✔ LOOP-072: explanation separator 8232 cannot close an escalation (169.569846ms)
✔ LOOP-071: decision metadata refuses separator 8232 (337.586385ms)
✔ LOOP-072: explanation separator 8233 cannot close an escalation (140.268569ms)
✔ LOOP-071: decision metadata refuses separator 8233 (315.933014ms)
✔ Concerns, Rests on, and Promoted from written as lists read as the flat form (LOOP-124) (554.838667ms)
✔ an item named by filename, path, or backticked slug resolves like the slug (LOOP-125) (513.312329ms)
✔ an input that covers Cairn's own output is named as the repair, before and after a check (LOOP-126, LOOP-105) (625.399432ms)
✔ an unreadable record directory is a repair, not an error exit (LOOP-127) (70.071268ms)
✔ a title that slugifies to nothing is refused (LOOP-128) (138.110396ms)
✔ examined: [] is an empty list (LOOP-129, LOOP-108) (410.136712ms)
✔ below the Git toplevel the restore check compares root-relative paths (LOOP-130, LOOP-035) (344.8038ms)
✔ below the Git toplevel an uncommitted declared input is named from the project root (LOOP-132, LOOP-030) (216.577871ms)
✔ a value on the key line followed by list items is the first item, never dropped (LOOP-133) (606.430115ms)
✔ the footprint's walk reads Current: as the wake does: a fenced example below the real line, or a second line in history, never moves the start (LOOP-134, LOOP-035) (280.182084ms)
✔ an input spelled .. from a project below the Git toplevel covers the evidence directory (LOOP-126, LOOP-105) (76.640768ms)
✔ a Consequential record this commitment added needs its queue entry committed (LOOP-131, DEC-004) (451.318636ms)
✔ a mechanism that removes the check lock still gets its evidence, with no repair for the lock (LOOP-107) (225.394934ms)
✔ a staged rename reads as its two paths, never as a bare origin token (LOOP-030, LOOP-110) (113.536087ms)
✔ a Current: line inside a fenced example is neither a second Current: line nor the commitment, before or after the real line (LOOP-104) (202.516154ms)
✔ a Status: word is taken only from a line that carries one, never from wrapped prose after it (SPEC-018) (0.843649ms)
✔ the placeholder left above a resolving entry is a repair naming the file (DEC-021) (229.861049ms)
✔ the placeholder alone is a decision recorded and not yet built, unchanged (DEC-007) (75.678067ms)
✔ resolving entries with no placeholder are unchanged (DEC-006) (109.725167ms)
✔ a shallow clone that cannot resolve its entries is still told to fetch, not to edit (LOOP-113 keeps precedence) (109.224694ms)
✔ the placeholder quoted in a fenced example does not make a built record a repair (DEC-021) (112.114649ms)
✔ supersede takes the same decider vocabulary as decide (DEC-020) (90.72308ms)
✔ a superseded record is held to the same line: its placeholder above a resolving entry is a repair (DEC-021, DEC-010) (172.257185ms)
✔ realize() touches only the Realized by section; a body that quotes the placeholder keeps it (115.979021ms)
✔ an untracked file under a declared input is not a change under way; check still refuses beside it and names .gitignore (LOOP-110, LOOP-030) (202.495015ms)
✔ an unmatched input is refused before execution (LOOP-044) (177.888301ms)
✔ an indexed input deleted on disk asks for a commit (LOOP-045) (165.471527ms)
✔ wake and check require a Git working tree (LOOP-046) (136.208214ms)
✔ recovery removes only dead kernel run records and identifies a live owner (LOOP-054, LOOP-055) (311.555955ms)
✔ an agent action based behind a clean HEAD appears committed (LOOP-027) (191.966696ms)
✔ realization needs a real commit and a subject (DEC-006) (251.014094ms)
✔ 1500 binary inputs digest identically at the review commit in under a second (LOOP-024) (1308.267531ms)
✔ merged work is excluded but a later own commit is a breach (LOOP-047) (256.295125ms)
✔ exact Current tenure ignores prefix matches and earlier visits to the same slug (LOOP-035) (299.8309ms)
✔ a kernel run records its supervising PID (LOOP-054) (245.791662ms)
✔ a merged declared input still stales evidence (LOOP-047) (389.047381ms)
✔ wildcard and magic pathspecs select the same historical inputs (LOOP-024, LOOP-032) (2126.826327ms)
✔ historical selection retains deleted files and excludes new ones (LOOP-024, LOOP-035) (1246.27821ms)
✔ cairn --version prints the package.json version outside a repository, and help lists it (PKG-039) (126.968785ms)
✔ a release is one commit setting one version in the five files, with the changelog entry, tagged v<version> (PKG-040) (948.731619ms)
✔ the release script refuses a bad version, no increase, a dirty tree, a missing entry, a taken tag, a disagreeing file, and a loop not at Done, each in one line with nothing written (PKG-040) (1758.330745ms)
✔ a version file written as compact JSON is released, and nothing else in any version file changes (PKG-042) (1291.693786ms)
✔ with attribution forbidden, the release script refuses an unpushed commit carrying an AI attribution line (PKG-045) (558.409766ms)
✔ explicit reporting with no lines and exit 0 establishes no requirement verdicts (LOOP-061) (481.60407ms)
✔ explicit reporting with no lines and exit 1 establishes no requirement verdicts (LOOP-061) (420.220353ms)
✔ a reporter that cannot start keeps execution diagnostics without blaming requirements (LOOP-062) (240.784178ms)
✔ large output cannot kill a reporter or invent a requirement verdict (316.415239ms)
✔ explicit mode ignores cairn: R-999: pass (286.66176ms)
✔ explicit mode ignores cairn: R-001: unverified (288.903081ms)
✔ explicit mode ignores cairn: R-001: passed (285.296759ms)
✔ explicit results survive nonzero exit and contradictory duplicates still fail (572.728102ms)
✔ unverified results across changed inputs never become failed attempts (1342.984675ms)
✔ legacy exit 0 retains its interpretation (210.820822ms)
✔ legacy exit 1 retains its interpretation (212.903931ms)
✔ a misspelled reporting mode is refused before execution (107.111549ms)
✔ changed requirement blocks unchecked reruns and makes the completion review stale (LOOP-058, LOOP-059) (1714.872021ms)
✔ falsifier changes need review; separate rationale and other requirements do not change a receipt (1281.241434ms)
✔ legacy receipts recover requirement identity from their commit; unavailable history requires review (911.002473ms)
✔ check refuses uncommitted requirement text and mechanism review markers (764.719458ms)
✔ tightened response limit cannot reuse the old passing check (1334.690555ms)
✔ a declared input over 1 MiB agrees at a commit and in the tree (LOOP-060) (447.546319ms)
✔ a failed Git blob read cannot be hashed as an empty blob (392.317831ms)
✔ Git listings over 1 MiB include the last declared input (2611.268157ms)
✔ requirement identity excludes fenced examples and status dates (512.871842ms)
✔ DemonCoder REM-002 and Status in progress cannot silently satisfy the review gate (LOOP-086) (764.087698ms)
✔ valid open findings retain their behavior (478.661803ms)
✔ valid resolved findings retain their behavior (517.822106ms)
✔ valid empty findings retain their behavior (511.245284ms)
✔ valid mixed valid findings retain their behavior (481.134594ms)
✔ malformed finding "open:" requires repair (421.638534ms)
✔ malformed finding "resolved:   " requires repair (384.31154ms)
✔ malformed finding "Open: incorrect case" requires repair (372.525676ms)
✔ malformed finding "unknown: issue" requires repair (344.715633ms)
✔ malformed finding "\u001b[31mBAD: issue" requires repair (334.011716ms)
✔ the established explicit empty findings list remains valid (372.704494ms)
✔ a scalar findings value requires the supported list format (341.80861ms)
✔ check runs a mechanism when a requirement outside the commitment was revised, and asks for the review once a commitment includes it (LOOP-059) (840.24629ms)
✔ a Requirements: line written as a list is read like the flat form (LOOP-102) (121.353635ms)
✔ a subdirectory or a README in a record directory changes nothing (LOOP-103) (517.820595ms)
✔ two Current: lines are a roadmap repair (LOOP-104) (77.329319ms)
✔ a repeated identifier, an input under the evidence directory, and a missing cwd are refused by name (LOOP-105) (426.266958ms)
✔ a requirement whose evidence outlives its mechanism is named declare, not a regression or an escalation (LOOP-106) (1000.638149ms)
✔ an unreadable record is a repair, not an error exit (LOOP-107) (108.235381ms)
✔ a review needs commit, a nonempty examined list, and a findings list, each named when missing (LOOP-108) (953.132487ms)
✔ a decision record missing a header field or naming a missing predecessor is a repair (LOOP-109) (304.893022ms)
✔ a dirty declared input with no in-progress record is named record ahead of run (LOOP-022, LOOP-110) (230.564097ms)
✔ with core.filemode false the index mode is the identity, so a mode-only difference does not refuse the check (LOOP-111) (222.297144ms)
✔ a project below the Git toplevel can run check (LOOP-112) (236.438253ms)
✔ a shallow clone names history to fetch, not a decision to build (LOOP-113) (197.89078ms)
✔ record-writing commands refuse to run outside a Cairn repository and write nothing (LOOP-118) (215.804705ms)
✔ a git that cannot start is one line and exit 3 from wake and from check, with nothing recorded (LOOP-137) (90.241151ms)
✔ an unexplained or uncommitted stop record is named explain before any other action; explained and committed, the wake moves on (LOOP-139) (286.187893ms)
✔ empty footprint names declaration before scope and records no evidence (LOOP-081) (529.467446ms)
✔ first declaration still checks the full earlier history (LOOP-081) (347.23467ms)
✔ an empty current footprint does not block an explicitly requested existing mechanism (LOOP-081) (298.738148ms)
✔ an inherited mechanism provides a footprint even before local mechanisms exist (217.962296ms)
✔ scope reports every path, escapes line breaks, and gives identical remedies (LOOP-082) (249.217703ms)
✔ scope verdict reuses the answered-escalation annotation (LOOP-048, LOOP-051, LOOP-083) (574.247365ms)
✔ a committed scope acknowledgment lets restored history proceed (LOOP-083) (671.006322ms)
✔ scope acknowledgment must be committed before it can clear a breach (581.293465ms)
✔ ordinary ok does not acknowledge scope history (302.513754ms)
✔ scope escalation refuses unrestored paths and names the restoration remedy (228.6444ms)
✔ an invalid scope request still records an explicitly Blocking decision (130.475892ms)
✔ ask and explanation stay open; only the final committed ok acknowledges scope (686.416137ms)
✔ instead is visible but does not silently authorize a scope exception (343.802206ms)
✔ later changes to an acknowledged path still block, including later reverts (1064.692514ms)
✔ approval cannot hide another path changed after the snapshot (353.880869ms)
✔ acknowledged history remains conditional on the paths staying restored (552.019655ms)
✔ editing the scope snapshot after answer invalidates its acknowledgment (299.530711ms)
✔ malformed scope metadata cannot suppress a breach (1631.742904ms)
✔ damaged acknowledgment fields cannot suppress a breach (510.732738ms)
✔ scope path matching is literal, including wildcard filenames and control characters (509.614747ms)
✔ scope acknowledgment does not carry into another activation of the same slug (283.823798ms)
✔ restoration checks additions, deletions, executable modes, and symlink kinds (1427.184853ms)
✔ explicit committed retention keeps correct work and requires new evidence and review (LOOP-084, LOOP-085) (1916.131451ms)
✔ a missing declaration covers correct earlier work without retention or revert (500.512051ms)
✔ keep requires scope and an unchanged committed candidate (159.891658ms)
✔ uncommitted retention and instead answers cannot clear the incident (1014.281153ms)
✔ retention does not grant future edits, even when reverted to the approved tree (1210.326645ms)
✔ retention cannot cover another path or another activation (533.626521ms)
✔ imported changes must still match the retained tree (569.247433ms)
✔ retention handles additions, deletions, modes, symlinks, and literal filenames (2183.665165ms)
✔ retention cannot convert an existing restoration answer or accept an unknown mode (424.100295ms)
✔ a check failure after retention remains a failure (610.265849ms)
✔ retained paths stay part of the stable checked candidate without extending its footprint (598.613233ms)
✔ retention ask needs an explanation and final committed approval (520.923467ms)
✔ an unknown scope mode remains invalid even with a matching approval digest (281.05155ms)
✔ backlog writes the item; a second with the same title is refused, never overwritten (LOOP-016) (174.176138ms)
✔ a commit inside the footprint: check runs; outside it: check names the path and does not run (LOOP-015, LOOP-035) (533.53494ms)
✔ Cairn's records are never a breach; another file under docs/ is (LOOP-117) (618.780409ms)
✔ declaring the path as an input clears the breach (269.918967ms)
✔ a revert preserves the record of an out-of-scope commit (LOOP-047) (291.074958ms)
✔ a commitment naming a requirement the spec set does not hold as Agreed is repaired (LOOP-029) (76.783945ms)
✔ a requirement in a Draft spec file is not Agreed (75.651606ms)
✔ working agreements and the ignore file are Cairn records (LOOP-035, LOOP-036) (438.806127ms)
✔ the over-asking rule is gone from both skills (SPEC-005, SPEC-006, SPEC-007) (1.218084ms)
✔ a decision during the phase is recorded (DEC-003) (0.150269ms)
✔ understanding is restated before writing (SPEC-003) (0.093449ms)
✔ falsifiers are proposed as one set and confirmed by exception (SPEC-004) (0.139273ms)
✔ depth is inferred and domains derived, never asked or imposed (SPEC-008, SPEC-009) (0.117593ms)
✔ a term enters the glossary at first occurrence (SPEC-010) (0.072972ms)
✔ the phase ends at the first commitment, and later ones are specified during the loop (SPEC-011, SPEC-012) (0.088668ms)
✔ a requirement goes Agreed only with a nameable mechanism (SPEC-013) (0.099439ms)
✔ review before agreement, recording what it attacked (SPEC-014, SPEC-015) (0.096519ms)
✔ no spec file without requirements; nothing Agreed without a falsifier (SPEC-001, SPEC-002) (0.148065ms)
✔ Observed is marked, and is not contract (SPEC-016, SPEC-017) (0.122726ms)
✔ the skills exclude artifacts outside Cairn's workflow (0.141744ms)
✔ the working agreement names the agent's move for each verdict and the write-ahead record (LOOP-036) (0.830081ms)
✔ the working agreement names the developer's moves (LOOP-036, DEC-014) (0.093271ms)
✔ this repository runs by the file it ships (0.373875ms)
✔ both skills write the working agreement without naming a vendor's file (LOOP-002, LOOP-036, PKG-006) (0.113099ms)
✔ the working agreement says what an attempt is (LOOP-036, DEC-017, DEC-018) (0.076547ms)
✔ the working agreement says a failure no footprint change can address is an escalation, and where an inherited requirement is repaired (DEC-019, LOOP-057) (0.07084ms)
✔ the working agreement states the promote, next-iteration, and no-deferral moves (LOOP-029, LOOP-087, LOOP-091, LOOP-092) (0.067039ms)
✔ both skills sort captures into the backlog or next-iteration and forbid deferral (LOOP-029, LOOP-092, LOOP-093) (0.053293ms)
✔ the skill requires a falsifier on every requirement, a MAY included (SPEC-025) (0.050595ms)
✔ the working agreement names the hooks as optional and the install skill registers them for two harnesses (PKG-006, PKG-018, PKG-019) (0.254639ms)
✔ the working agreement says the kernel is upgraded at Done, never inside a commitment (LOOP-096) (0.075354ms)
✔ the next-iteration skill starts from the specification and ends by naming the next commitment (SPEC-026, SPEC-027) (0.218297ms)
✔ every document that names the project skills names next-iteration beside them (SPEC-026, PKG-014) (2.733235ms)
✔ the working agreement states a move for every action the kernel can name (LOOP-101) (1.638579ms)
✔ the working agreement states both record formats and the two flags the moves need (LOOP-036) (0.161297ms)
✔ the skills demonstrate a safe violating example and preserve recon findings (SPEC-022, SPEC-023) (0.065971ms)
✔ the specification skills run the checker through the cairn command (PKG-029) (0.222981ms)
✔ the README invokes the phase skills by name and states versions and platforms (PKG-030, PKG-031) (0.379858ms)
✔ the manual and the walkthrough say the loop promotes backlog items at Done (0.801411ms)
✔ the working agreement says a report is not work under way, its findings are captured, and it is committed with them (LOOP-138) (0.081392ms)
✔ a two-obligation sentence is named (PKG-007) (32.470567ms)
✔ an obligation with no actor is named (PKG-010) (42.878721ms)
✔ a leading condition clause is not the actor, and the actor after it counts (42.825753ms)
✔ an Agreed requirement with no falsifier is named (SPEC-002); a Draft one is not (81.085115ms)
✔ prose after a Draft requirement with no falsifier is not scanned as requirement text (41.514747ms)
✔ a spec declaring a prefix with no requirement is named (SPEC-001) (34.644834ms)
✔ a keyword in backticks or quotes is a mention, not an obligation (38.24781ms)
✔ duplicate identifiers are rejected within a file and across files (SPEC-020) (86.310923ms)
✔ references resolve across files; missing references name their source (SPEC-021) (74.170576ms)
✔ code examples and quoted mentions are neither definitions nor references (39.571735ms)
✔ machine-local paths are findings in prose, links, quotes, and examples (SPEC-019) (401.615094ms)
✔ relative paths, URLs, slash commands, and character mentions are not absolute path findings (40.838852ms)
✔ a slash after a placeholder continues the template (SPEC-019) (90.833781ms)
✔ a host path is a finding until the file declares it (SPEC-019, SPEC-024) (73.84987ms)
✔ declared host paths cover children with a slash boundary and stay file-local (108.140833ms)
✔ a host-path declaration inside a requirement or example grants no exception (122.901594ms)
✔ host-path declarations require absolute or home-relative entries (190.197008ms)
✔ an Agreed block whose only keyword is MAY needs a falsifier like any other (SPEC-025, SPEC-002) (71.705471ms)
✔ a regex literal is not a path, a drive path and a file URL are, and a skill's slash name is allowed (SPEC-028, SPEC-029) (85.177674ms)
✔ a backticked or quoted actor still counts as one (PKG-010) (31.886963ms)
✔ supersede writes both lines, and the old record keeps every word it had (DEC-008, DEC-010) (81.796344ms)
✔ supersede without a cause, or with one outside the four, is refused (DEC-009) (126.269344ms)
✔ supersede of a record that does not exist is refused (70.940673ms)
✔ a predecessor with no title line cannot be stamped, so nothing is written (80.789776ms)
✔ a --supersedes argument outside the slug alphabet is refused, and a path never reaches the filesystem (DEC-022) (214.439008ms)
✔ a record already superseded cannot be superseded again: one Superseded by line per record (DEC-022, DEC-010) (193.059741ms)
✔ reversals reports counts by decider, cause, and domain (DEC-011) (181.030602ms)
✔ decide in a domain with a reversal is refused without --history, naming the reversal; with it, the record carries History (DEC-012) (185.38234ms)
✔ decide in a domain with no reversals needs no --history (124.330979ms)
✔ a record resting on prose alone is in the domain unspecified, and so is the next one (128.207045ms)
✔ the decider tally normalizes case and whitespace, and names a value outside the vocabulary (DEC-020, DEC-011) (61.316343ms)
✔ a record with no Decided by line is tallied as unrecorded, not as a vocabulary value (65.569454ms)
✔ Decided by written as a list tallies like the flat form, and does not crash the report (LOOP-124, DEC-020) (63.842366ms)
✔ a second declaration for one requirement is accepted, a named check runs every mechanism, and Done needs each to pass (LOOP-056, LOOP-099) (1967.399504ms)
✔ one mechanism's stale evidence names that mechanism, and --stale runs only it (LOOP-056, LOOP-094) (727.860351ms)
✔ attempts are counted within one mechanism's records, so the other's passes do not reset them (LOOP-100, DEC-016) (1318.098127ms)
✔ step 1: an in-progress record is reconciled before anything else (87.38862ms)
✔ step 2: an open escalation is presented and nothing else happens (81.893909ms)
✔ an answered escalation is not open (487.341526ms)
✔ step 3: a decision with no realized-by is built, first by name (DEC-007) (75.483405ms)
✔ a superseded decision with no realized-by is not work (116.145152ms)
✔ step 6: a mechanism that has never run is run, not implemented (LOOP-008) (142.05052ms)
✔ step 6: a requirement whose mechanism fails is implemented (483.33678ms)
✔ step 6 before step 7: failing evidence outranks a missing mechanism (318.865671ms)
✔ step 7: a requirement with no mechanism is declared (LOOP-106) (87.557389ms)
✔ every verdict names who acts: Resolvable is the agent's, Done needs nobody, Escalate waits for the developer (LOOP-004) (541.069142ms)
✔ malformed roadmap is Resolvable, not fatal (LOOP-005) (59.286618ms)
✔ a commitment naming no requirements is Resolvable (LOOP-018) (55.086775ms)
✔ the primary test: two wakes on the same checkout give the same action, before and after a persisted transition (LOOP-001, LOOP-003) (537.171626ms)
✔ outside a cairn repository wake cannot run (31.198832ms)
✔ the loop never waits on the review queue (DEC-015) (357.980922ms)
✔ twenty built records cost one git call to resolve, not twenty (DEC-023) (166.697161ms)
✔ an ambiguous Realized by identifier is the repair that says lengthen it, not a build (LOOP-113, DEC-023) (156.296413ms)
✔ the linked walkthrough runs from agreement through the next commitment (PKG-016) (1318.0271ms)
ℹ tests 520
ℹ suites 0
ℹ pass 520
ℹ fail 0
ℹ cancelled 0
ℹ skipped 0
ℹ todo 0
ℹ duration_ms 22770.328714
