✔ a Draft block overrides an Agreed file for both wake and check (SPEC-018) (248.937205ms)
✔ an Agreed block overrides a Draft file in the kernel and lint (SPEC-018, SPEC-002) (816.148102ms)
✖ a block Status does not become the file default, including inside examples (SPEC-018) (2188.68212ms)
✔ block status without a value does not inherit Agreed by accident (SPEC-018) (82.35585ms)
✔ inheritance needs a file Scope and includes only Agreed blocks, regardless of prefix (PKG-015) (2087.87075ms)
✔ Scope inside a requirement or fenced example does not declare inheritance (PKG-015) (883.708572ms)
✔ a falsifier wrapped onto a line beginning with Status: does not become the block's status (SPEC-018) (1.115248ms)
✔ with attribution forbidden, an unpushed commit carrying an AI attribution line is named reword before any work; without the policy, or once pushed, it is not (PKG-045) (483.921034ms)
✔ rewording yields to explaining a stop record, and is named once that record is explained (PKG-045, LOOP-139) (239.365554ms)
✔ each attribution form is caught, a prose mention is not, and the oldest attributed commit is named first (PKG-045) (646.290084ms)
✔ LOOP-063: reject input mutation during a check and retain diagnostics (519.277837ms)
✔ LOOP-063: reject deletion mutation during a check and retain diagnostics (438.085052ms)
✔ LOOP-063: reject addition mutation during a check and retain diagnostics (457.631463ms)
✔ LOOP-063: reject mode mutation during a check and retain diagnostics (470.749457ms)
✔ LOOP-063: reject specification mutation during a check and retain diagnostics (432.645897ms)
✔ LOOP-063: reject declaration mutation during a check and retain diagnostics (453.992901ms)
✔ LOOP-063: reject commit mutation during a check and retain diagnostics (447.125976ms)
✔ LOOP-063: committed input mutation during execution cannot certify the replacement (458.744962ms)
✔ LOOP-064: removing executable permission makes passing evidence stale (822.066948ms)
✔ LOOP-064: a mode-only change also invalidates the previous review after new evidence (1001.817386ms)
✔ LOOP-064: changing a regular file into a link with identical identity bytes is stale (981.904979ms)
✔ LOOP-063: an unchanged candidate still records a pass despite unrelated working-tree edits (223.91186ms)
✔ LOOP-064: current and historical input ordering agrees for Unicode filenames (421.830991ms)
✔ LOOP-063: Git status hiding content changes cannot certify an uncommitted candidate (129.523163ms)
✔ LOOP-066: one check owns execution with a kernel action record (597.640205ms)
✔ LOOP-066: one check owns execution with an agent action record (491.150856ms)
✔ LOOP-066: a live lock is named and never silently overwritten (170.784532ms)
✔ LOOP-066: a dead lock is named and never silently overwritten (151.093653ms)
✔ LOOP-066: a incomplete lock is named and never silently overwritten (148.399754ms)
✔ LOOP-066: an execution error releases the check lock for a corrected rerun (563.264627ms)
✔ LOOP-066: a live kernel action from an older Cairn also blocks execution (85.105218ms)
✔ LOOP-066: separate Git worktrees can run checks independently (567.304381ms)
✔ after a green check --stale runs nothing; after one input changes it runs only that mechanism (LOOP-094) (1135.201034ms)
✔ a mechanism speaking for two stale requirements runs once and refreshes both (LOOP-094, LOOP-040) (759.261399ms)
✔ a fresh failure and an unverified result are skipped with implement named (LOOP-094) (699.680494ms)
✔ --stale with a requirement identifier is refused (LOOP-094) (88.503245ms)
✔ check --stale holds back a mechanism whose requirement has three attempts and no escalation, names it, and records nothing (LOOP-094, DEC-016) (2344.803448ms)
✔ check refuses a dirty declared input and names it; a dirty undeclared file does not block (LOOP-030) (527.687558ms)
✔ check writes one receipt per run carrying the full record and a result line per requirement (LOOP-097) (381.783611ms)
✔ a nonzero exit records fail, and the receipt keeps the exit code (LOOP-034) (365.687521ms)
✔ a pass after a fail keeps the failing record; nothing is overwritten or deleted (LOOP-025) (758.487008ms)
✔ a commit changing a declared input makes evidence stale; an undeclared one does not (LOOP-007) (1022.767357ms)
✔ a regression is named before a requirement that never passed (LOOP-031) (1250.293403ms)
✔ three attempts with no escalation since: wake says escalate, not a fourth (DEC-016, DEC-017, DEC-018) (2547.47336ms)
✔ the review gate: no review, stale review, open finding, then Done (LOOP-020, LOOP-033) (1177.230276ms)
✔ Done is refused while any requirement lacks current passing evidence (LOOP-017) (123.174983ms)
✔ check names a requested requirement that no mechanism claims (118.12137ms)
✔ check writes the in-progress record before the run and clears it after (LOOP-021) (202.006454ms)
✔ a linked declared input digests the same at a commit and in the tree (LOOP-023, LOOP-024) (409.530718ms)
✔ a result line is the mechanism's statement about one requirement; what it did not mention is unverified (LOOP-037, LOOP-052) (198.599832ms)
✔ a mechanism that says nothing is read by its exit code for every requirement (LOOP-039) (179.043094ms)
✔ unverified is not an attempt, and a return to an earlier failed digest counts once (DEC-017, DEC-018) (1650.808977ms)
✔ a result line for a requirement the mechanism does not speak for is named and writes nothing (LOOP-038) (190.846255ms)
✔ a result line inside ordinary output, or without the marker, does not count (176.335807ms)
✔ a targeted check runs the named requirements' mechanisms and records every requirement they speak for (LOOP-040) (168.86533ms)
✔ two result lines for one requirement: a fail on any line wins (201.157775ms)
✔ three runs at one digest with no attempt since: the verdict stays implement and names DEC-019; an escalation naming it among others clears the hint (DEC-019, LOOP-053) (860.415221ms)
✔ a receipt names its commit in full, and an older receipt with the short form is still read (LOOP-136) (265.643018ms)
✔ a change only to a document its declaration lists leaves the review fresh and the evidence stale; a change to another input makes the review stale (LOOP-141) (1118.10391ms)
✔ a complete commitment with an unpromoted backlog item names promote, and a stamped item lets it reach Done (LOOP-087) (1175.110582ms)
✔ an empty backlog with waiting next-iteration items is Done, with the count as information and no action on them (LOOP-091) (1029.0344ms)
✔ a promotion marker must resolve to a decision record (LOOP-088) (300.393033ms)
✔ a commitment promoted from an item needs a decision record naming the item (LOOP-088) (307.712793ms)
✔ the spec lint reports a promotion marker with no decision record (LOOP-088) (79.532276ms)
✔ a promoted commitment that changes an Agreed requirement or the working agreement is an escalation; an unpromoted one is not (LOOP-089, LOOP-090) (2000.823629ms)
✔ a capture from one of the commitment's own requirements needs Outside because: or an escalation (LOOP-092) (1834.702287ms)
✔ a next-iteration item names what it would change, and the capture refuses one that does not (LOOP-093) (496.22928ms)
✔ a commitment specified from a next-iteration item needs the item stamped before anything else (SPEC-027) (556.823142ms)
✔ a by deference marker resolves to a decision record like a promotion marker (SPEC-002, LOOP-088) (195.520198ms)
✔ the LOOP-090 gate reads the Concerns line, not the slug as a substring (LOOP-114) (574.550386ms)
✔ the LOOP-088 check reads the Promotes line, and decide --promotes writes it (LOOP-115) (238.285177ms)
✔ the activation commit of a promoted commitment is inside the LOOP-089 comparison (LOOP-116) (138.416471ms)
✔ the LOOP-090 route needs one escalation: its Concerns line covers the moved item too (LOOP-119, LOOP-092, LOOP-114) (641.719206ms)
✔ an escalation raised before the promoted commitment began does not silence the LOOP-090 gate (LOOP-114) (333.806964ms)
✔ an escalation raised before the commitment began does not silence the capture gate (LOOP-119) (345.59326ms)
✔ the activation commit is inside the scope footprint (LOOP-120) (102.293518ms)
✔ a requirement Agreed at activation that is demoted or removed is a contract change (LOOP-121) (624.450815ms)
✔ the include files are the root files that hold @AGENTS.md: exempt from the footprint, compared by the gate (LOOP-122) (1155.551897ms)
✔ a superseded promotion no longer satisfies the LOOP-088 check, and the repair says the promotion was reversed (LOOP-123) (483.438176ms)
✔ the restore route measures from the tree before activation, so a path the activation commit added must go (LOOP-120, LOOP-035) (170.742318ms)
✔ the loop works against exactly one commitment: the current one (LOOP-019) (402.025668ms)
✔ a promotion recorded below Consequential is a repair naming the level, since the developer never sees it in the queue (LOOP-088) (63.110512ms)
✔ every requirement the node-test declaration speaks for is named in a test title (PKG-025) (3.249633ms)
✔ every repository path the tests read is a declared input of node-test (PKG-026) (1.251165ms)
✔ writes a record with every required field and an empty realized-by (DEC-001, DEC-005) (88.612017ms)
✔ a Consequential decision is queued for review (DEC-013) (125.721424ms)
✔ a Consequential decision is queued even when .cairn/queue does not exist yet (155.698315ms)
✔ Routine is refused: routine decisions produce no record (75.664272ms)
✔ a missing field is a usage error and nothing is written (81.208083ms)
✔ supersedes requires a classified cause, and the old record must exist (217.155261ms)
✔ an existing record is not overwritten (140.819736ms)
✔ a queued decision stays queued; nothing but the developer removes it (DEC-014) (213.532924ms)
✔ each accepted decider is stored lowercase, whatever case it was typed in (DEC-020) (623.588444ms)
✔ a decider outside the vocabulary is a usage error naming all three, and nothing is written (DEC-020) (538.464819ms)
✔ an empty --decided-by is the missing-field error, not the vocabulary one (85.619884ms)
✔ LOOP-006, LOOP-067: missing inputs names a declaration repair before execution (178.802737ms)
✔ LOOP-006, LOOP-067: empty inputs names a declaration repair before execution (200.242612ms)
✔ LOOP-006, LOOP-067: missing command names a declaration repair before execution (151.536075ms)
✔ LOOP-006, LOOP-067: list command names a declaration repair before execution (180.493817ms)
✔ LOOP-006, LOOP-067: empty command names a declaration repair before execution (147.486648ms)
✔ LOOP-006, LOOP-067: missing requirements names a declaration repair before execution (145.346087ms)
✔ LOOP-006, LOOP-067: bad identifier names a declaration repair before execution (196.496196ms)
✔ LOOP-067: scalar one-item lists retain their existing meaning (336.455669ms)
✔ LOOP-068: a unpopulated gitlink is refused by name (180.511945ms)
✔ LOOP-068: a populated gitlink is refused by name (236.490236ms)
✔ LOOP-069: identical selections across 100 mechanisms use at most 20 Git processes (179.119956ms)
✔ --defect needs --from naming an Agreed requirement, and writes Defect: yes (LOOP-140) (359.814537ms)
✔ an unfixed defect is named fix before a promotable item, and counts as fixed only with passing evidence at or after its commit and no Agreed text changed (LOOP-087, LOOP-140) (2321.434288ms)
✔ escalate writes the six-line format followed by its facts, and wake presents it (LOOP-010, LOOP-026) (117.571296ms)
✔ a missing or multi-line field is refused with the field named, and nothing is written (LOOP-012) (143.931203ms)
✔ a Blocking escalation that fails the format is written anyway, naming the malformed field (LOOP-013) (181.042459ms)
✔ the loop stops for the developer only at Blocking: a recorded decision below it never yields Escalate, and the Blocking bypass must be spelled exactly (DEC-002) (321.011206ms)
✔ a second escalation while one is open is refused (LOOP-011) (148.548528ms)
✔ answer records the reply; wake no longer presents it; a second answer is refused (308.205383ms)
✔ answer to an unknown escalation is refused (109.685512ms)
✔ a stranger resumes from the file alone: question and answer are both in it (LOOP-014) (157.002788ms)
✔ a developer-shaped answer during the agent's turn is refused and writes nothing; the explanation is still accepted (LOOP-135) (738.423164ms)
✔ after an answer, the same concern can be escalated again under a new name (213.954852ms)
✔ an escalation exists when its file does, committed or not (LOOP-009) (105.354762ms)
✔ developer answers require one of the three forms and cannot inject fields (LOOP-048) (638.438216ms)
✔ ask, agent explanation, another ask, and ok stay ordered in one file (LOOP-049, LOOP-050, LOOP-014) (942.262694ms)
✔ fresh closed answers accompany only concerned requirements until new evidence (LOOP-051) (847.341891ms)
✔ a raised escalation carries no derivable status line, and an old record with one still parses (LOOP-028) (177.182151ms)
✔ LOOP-065: delete of output refuses Done and a new run recovers (1393.531587ms)
✔ LOOP-065: corrupt of output refuses Done and a new run recovers (1403.94776ms)
✔ LOOP-065: delete of stderr_output refuses Done and a new run recovers (1511.223966ms)
✔ LOOP-065: corrupt of stderr_output refuses Done and a new run recovers (1177.619494ms)
✔ LOOP-065: a receipt without output needs a new check (595.207652ms)
✔ LOOP-065: a receipt without output_digest needs a new check (518.702144ms)
✔ LOOP-065: a receipt without stderr_output needs a new check (546.447375ms)
✔ LOOP-065: a receipt without stderr_digest needs a new check (473.939248ms)
✔ LOOP-065: legacy unverifiable output is rerun without rewriting history (820.285772ms)
✔ a fresh record names the kernel that wrote it (LOOP-023) (351.433642ms)
✔ LOOP-095: a record from another kernel is stale with the kernel named, and a new check restores Done (752.584432ms)
✔ LOOP-095: a record from no kernel is stale with the kernel named, and a new check restores Done (803.945508ms)
✔ LOOP-070: a later failure is latest even when the clock moves backward (1110.163967ms)
✔ LOOP-070: receipt collisions at one clock instant retain execution order beyond nine suffixes (4331.000338ms)
✔ LOOP-070: imported branch receipts stale a later sequence until a new check incorporates them (1344.404295ms)
✔ LOOP-070, LOOP-098: legacy receipts need one ordered check, remain byte-for-byte unchanged, and precede the run receipt in the history (605.66478ms)
✔ LOOP-070: edit of a prior receipt requires fresh evidence (499.667876ms)
✔ LOOP-070: remove of a prior receipt requires fresh evidence (503.934038ms)
✔ LOOP-075: supporting evidence file README.md does not become a receipt (575.790093ms)
✔ LOOP-075: supporting evidence file notes.txt does not become a receipt (553.798557ms)
✔ LOOP-075: supporting evidence file support does not become a receipt (589.605109ms)
✔ LOOP-075: supporting evidence file .DS_Store does not become a receipt (555.537507ms)
✔ LOOP-075: a malformed result line (result=success) names a repair before execution (348.78865ms)
✔ LOOP-075: a malformed result line (sequence=NaN) names a repair before execution (321.15505ms)
✔ LOOP-075: a malformed result line (sequence=9007199254740992) names a repair before execution (347.639065ms)
✔ LOOP-075: a malformed result line (history_digest=wrong) names a repair before execution (316.077023ms)
✔ LOOP-075: a malformed result line (tokens) names a repair before execution (325.863374ms)
✔ LOOP-075: a receipt-shaped directory is a named repair instead of an EISDIR crash (253.512318ms)
✔ LOOP-070: an earlier escalation cannot cover three new attempts after clock rollback (996.102157ms)
✔ LOOP-070: an answer becomes old after a later check even if that check's timestamp is earlier (610.896602ms)
✔ LOOP-070: the newest answer wins between checks even when its clock timestamp is older (374.884651ms)
✔ LOOP-070: legacy escalation dates cover old receipts but not three newer sequenced runs (1275.335584ms)
✔ a PKG requirement the commitment does not name is declared, run, and gates Done (PKG-011) (2230.674234ms)
✔ a PKG requirement in a Draft spec is not folded in (585.627064ms)
✔ LOOP-076, LOOP-079: stale inputs identify the receipt and the check to run (871.700595ms)
✔ LOOP-077: names a content change using checked input identity (768.972919ms)
✔ LOOP-077: names a mode change using checked input identity (758.126128ms)
✔ LOOP-077: names a kind change using checked input identity (845.868633ms)
✔ LOOP-077: names a added change using checked input identity (757.098683ms)
✔ LOOP-077: names a removed change using checked input identity (748.671448ms)
✔ LOOP-077: names a link-target change using checked input identity (938.013554ms)
✔ LOOP-077: changed selection compares the old and new input sets (570.016948ms)
✔ LOOP-077: raw CRLF changes remain visible when Git-clean content agrees (533.942295ms)
✔ LOOP-077: detail output is sorted, bounded, and reports the omitted count (545.466586ms)
✔ LOOP-077: filenames cannot inject lines or terminal controls into explanations (421.061439ms)
✔ LOOP-077: receipts from one run share details and do not store source contents (336.297441ms)
✔ LOOP-078, LOOP-080: legacy optional detail limits explanation without changing standing (542.751605ms)
✔ LOOP-078, LOOP-080: invalid-field optional detail limits explanation without changing standing (550.795639ms)
✔ LOOP-078, LOOP-080: missing optional detail limits explanation without changing standing (547.632036ms)
✔ LOOP-078, LOOP-080: invalid-json optional detail limits explanation without changing standing (573.628958ms)
✔ LOOP-078, LOOP-080: mismatched optional detail limits explanation without changing standing (526.318536ms)
✔ LOOP-078, LOOP-080: duplicate optional detail limits explanation without changing standing (522.165628ms)
✔ LOOP-078, LOOP-080: unsafe-path optional detail limits explanation without changing standing (494.738975ms)
✔ LOOP-078, LOOP-080: directory optional detail limits explanation without changing standing (512.100692ms)
✔ LOOP-078, LOOP-080: symlink optional detail limits explanation without changing standing (501.100686ms)
✔ LOOP-078: unavailable old requirement text is not claimed as a proven change (373.442091ms)
✔ LOOP-076, LOOP-079: changed requirements identify evidence and retain review-before-check guidance (404.394591ms)
✔ LOOP-078: simultaneous input and output damage keep both reasons (418.445869ms)
✔ LOOP-080: deterministic freshness sequence seed=7 (10553.506191ms)
✔ LOOP-080: deterministic freshness sequence seed=42 (6033.945567ms)
✔ LOOP-080: deterministic freshness sequence seed=913 (5579.509588ms)
✔ LOOP-080: agreement changes, mechanism review, checks, and completion review retain priority (1493.557745ms)
✔ LOOP-080: imported receipt history demands a rerun without a false input explanation (1441.834656ms)
✔ LOOP-073: clean CRLF input completes under attributes (622.495456ms)
✔ LOOP-073: clean CRLF input completes under autocrlf (647.190914ms)
✔ LOOP-073: raw line-ending mutation during a run is rejected even when Git still sees the same content (266.922625ms)
✔ LOOP-073: execution evidence changes when clean conversion preserves committed identity (1184.981903ms)
✔ LOOP-073: Git clean filters use Git's conversion while retaining raw evidence identity (630.240461ms)
✔ LOOP-073: failure of a required Git filter cannot record evidence (166.699624ms)
✔ LOOP-073: a clean filter moving HEAD during ending validation prevents evidence (575.21291ms)
✔ LOOP-073: canonical Git identities handle links without reading their targets (597.827421ms)
✔ LOOP-073: Git conversion keeps raw Unicode and control-character input paths (505.031595ms)
✔ LOOP-073: conversion and links work in a SHA-256 Git repository (486.808154ms)
✔ LOOP-074: historical specification filename "café.md" remains reviewable (450.169921ms)
✔ LOOP-074: historical specification filename "spec\ttab.md" remains reviewable (456.263548ms)
✔ LOOP-074: historical specification filename "spec\nline.md" remains reviewable (443.533634ms)
✔ help works outside a repository without running a command (PKG-017) (1059.674445ms)
✔ help does not hide invalid options or consume literal arguments (215.59707ms)
✔ help lists the lint command (PKG-017) (50.006962ms)
✔ a working directory that no longer exists is named as the failure, and git is not blamed (PKG-041, PKG-022) (183.535013ms)
✔ the stop hook refuses a stop while wake says Resolvable, with the verdict as the reason (PKG-018) (233.729292ms)
✔ the stop hook allows a stop at Done, at Escalate, and outside a Cairn repository (PKG-018) (1201.115551ms)
✔ the session-start hook links the command once and prints the verdict in a Cairn repository (PKG-019, PKG-014, PKG-005) (522.686149ms)
✔ the session-start hook prints no verdict outside a Cairn repository and leaves an existing link that resolves alone (PKG-019) (66.161161ms)
✔ a checkout under a path with a space links a command that resolves, and its stop hook still blocks (PKG-019, PKG-021) (398.243399ms)
✔ the hooks run the kernel the command link resolves to, so hook and agent share one referee (PKG-021) (1285.372251ms)
✔ a dangling link is replaced and reported (PKG-019) (213.368879ms)
✔ errors exit 0 with one line on standard error and no stack trace (PKG-022) (224.550459ms)
✔ the hooks judge with the cairn on PATH, a wrapper included, and session-start names it (PKG-033) (1280.161996ms)
✔ a link to a wrapper or file is kept; a dangling link or one to a directory is replaced (PKG-034) (420.324928ms)
✔ a project below the Git toplevel gets the verdict and the stop refusal (PKG-035) (335.081816ms)
✔ a kernel that prints no verdict is one stderr line: the stop is allowed and session-start prints no trace (PKG-036) (161.753417ms)
✔ a link that cannot be created is one stderr line, and the verdict still prints (PKG-019, PKG-022) (144.873263ms)
✔ with git absent the hooks say so in one line and block nothing (PKG-022) (91.590206ms)
✔ stop_hook_active true no longer lets a Resolvable stop through: the hook still refuses (PKG-018) (157.951788ms)
✔ receipts written by the project's own kernel are judged with it, not with a different cairn on PATH (PKG-033, PKG-021) (443.963257ms)
✔ the fourth stop on an unchanged verdict, commit and tree goes through with a message and a stop record; each refusal names cairn escalate (PKG-043, PKG-044) (457.01403ms)
✔ progress resets the count, a commit or an edited file alike, and each session counts on its own (PKG-043) (1243.263267ms)
✔ no report, one for another commitment, at another commit, or at a value that is not a commit names a new reviewer; an uncommitted review is committed first (LOOP-020) (1827.713427ms)
✔ an old report re-dated, however it is edited, does not name the new commit and names a new reviewer; a new report with the same words does not (LOOP-020) (1575.263284ms)
✔ each finding is carried by the one line citing its number and beginning with its words; malformed reports are repairs (LOOP-020) (4551.879417ms)
✔ citations name their report's commit, so rounds never collide and an old line never carries a new finding; a wrapped review line is its own repair (LOOP-020) (906.513235ms)
✔ a finding that quotes a citation in its own words is carried by copying it, and an uncited wrapped line is no repair when there is nothing to carry (LOOP-020) (573.175637ms)
✔ a citation that is not last on its line is refused as such, and a finding ending with a citation is carried in the short form (LOOP-020) (950.071913ms)
✔ a report written or changed on disk but not committed is named commit, never judged as the committed one (LOOP-020) (588.252584ms)
✔ the findings list is read from the record's text: blank lines between entries, a wrapped entry, any bullet, and a blank line inside examined: lose nothing; a list after a heading stays unread (LOOP-020, LOOP-086, LOOP-071) (1331.346826ms)
✔ the reader reads a numbered or nested list and a blank line in examined:, and names a line it cannot read rather than reading nothing (LOOP-086, LOOP-020) (1095.379188ms)
✔ a line the reader cannot read is named whenever an entry follows it, in the review and in the report, and a finding under a heading is named (LOOP-086, LOOP-020) (1506.009392ms)
✔ a margin line that only looks like a field never ends a list in silence (LOOP-086, LOOP-020) (1069.59984ms)
✔ a field name repeated inside a list is named, the report's findings under a heading are named beside a list, and the repair offers the fix that keeps the finding (LOOP-020, LOOP-086) (964.53373ms)
✔ a Reviewer: line inside a list is named, and an honest record with a findings-titled heading is read (LOOP-020, LOOP-086) (916.800717ms)
✔ a record that declares findings: [] keeps a bulleted body as prose, as this repository's own reviews are written (LOOP-086, LOOP-020) (463.993188ms)
✔ a field name in another case never ends a list in silence, a record with its fields out of order is told to reorder them, and a citation names only a finding the report made (LOOP-086, LOOP-020, LOOP-108) (923.661859ms)
✔ a citation of zero is a citation, a field ends a list however it is spaced, a heading may be underlined, a blank line before a continuation is nothing, and a doubled commit: line does not name the commit (LOOP-020, LOOP-086, LOOP-108) (1196.789557ms)
✔ a rule under a field line is not a heading, the hint names a heading of either form, and an earlier report's citation on a carrying line is history (LOOP-020, LOOP-108) (1326.351236ms)
✔ a title that ends with a colon is still a heading, a report whose fields sit below a heading or prose is repaired rather than discarded, and the repair names the form the kernel reads (LOOP-020, LOOP-086, LOOP-108) (1214.970314ms)
✔ a report for another commitment or commit is replaced even when its fields sit below a heading, a quoted field line does not replace the real one, a rule under any field is a rule, and the review is told what the report is told (LOOP-020, LOOP-108) (1208.012275ms)
✔ an underline makes a heading of the line above it unless that line is an entry or the record's own field, an unread field is named where it sits, a field spelled another way is named, and the findings-titled repair names retitling (LOOP-020, LOOP-086, LOOP-108) (1636.768435ms)
✔ an underlined heading that names findings holds no list either, an unterminated fence hides nothing, a spelling is judged at the margin, and a report short of one header line is repaired (LOOP-020, LOOP-086, LOOP-108) (945.002363ms)
✔ a heading that names findings holds no content of any shape, its own section decides, and a report the wrong commit wrote is replaced before any repair (LOOP-020, LOOP-086) (947.215691ms)
✔ a findings-naming heading holds nothing at all, however deep, and a report with no record is replaced rather than repaired (LOOP-020, LOOP-086) (2174.512746ms)
✔ a recognisable finding under a heading is named wherever it sits, a findings-titled section is prose beside a list that holds entries, and a record may open with a title (LOOP-020, LOOP-086, LOOP-108) (2069.444493ms)
✔ a line that says open: is a finding however it is marked up, and one leading title of any form is the record's own (LOOP-020, LOOP-086, LOOP-108) (4170.813798ms)
✔ every line outside the findings list is read for the prefix, and a findings-naming section is judged over its subsections (LOOP-020, LOOP-086) (3257.92945ms)
✔ markup is whatever precedes the first letter, a row is a row wherever its pipes sit, and each message names the move (LOOP-020, LOOP-086) (2271.614748ms)
✔ a marker that contains a letter is still a marker, and a fence opens only on its own line (LOOP-020, LOOP-086) (2528.848958ms)
✔ a label before the prefix is markup too, and a divider hides no finding (LOOP-020, LOOP-071, LOOP-086) (2252.804818ms)
✔ only the findings list itself is exempt from the sweep, and a label of any shape is markup (LOOP-020, LOOP-071, LOOP-086) (2393.106282ms)
✔ the prefix belongs to the findings list alone: anywhere else in a record it is a finding (LOOP-020, LOOP-086) (2190.451593ms)
✔ the prefix is what a line says however it is punctuated, and no fence or second field hides an entry (LOOP-020, LOOP-071, LOOP-086) (2879.603342ms)
✔ a numbered prefix is still the prefix, and each message names the action it means (LOOP-020, LOOP-086) (1729.854672ms)
✔ a comment or an entity is not a gap, a field belongs at the margin, and a bullet belongs to a list (LOOP-020, LOOP-086, LOOP-108) (1686.775747ms)
✔ an element round the word and markup in the gap is still the prefix, and no repair asks for what the record already does (LOOP-020, LOOP-086) (1432.810547ms)
✔ cairn lint runs the checker over docs/spec by default and over a named directory (PKG-028) (354.8309ms)
✔ cairn lint names a missing directory in one line, takes one argument, and reports a bad root (PKG-028) (222.603675ms)
✔ three megabytes are retained exactly once with matching digests (LOOP-041, LOOP-042) (431.287339ms)
✔ split stdout result lines survive a long non-result line; stderr is never a verdict (399.342514ms)
✔ signal termination is recorded and logs survive a clone (LOOP-043) (378.921936ms)
✔ working agreements and ignore changes are Cairn records inside the footprint (368.233578ms)
✔ a clean package passes (82.39712ms)
✔ PKG-001: a dependency, or a service manifest (352.655719ms)
✔ PKG-002: ignoring evidence or other durable state, by directory or by extension (177.140355ms)
✔ PKG-003: a command, a directory, or a record kind no decision names (274.854853ms)
✔ PKG-004: a kernel over 2000 lines, counting every file under bin/ as wc -l does; exactly 2000 passes (562.060052ms)
✔ PKG-006: a skill step naming a vendor's product, in either order, across a wrapped list item (PKG-027) (383.052371ms)
✔ PKG-008: a non-ASCII character in a tracked text file (98.398143ms)
✔ PKG-009: the kernel importing from tests (80.237524ms)
✔ PKG-012: a network call or a model client in the kernel, but not a vendor's name in text (704.538009ms)
✔ PKG-013: deferral language, but not in code, quotes, or a rule (569.965874ms)
✔ a tracked path deleted from the working tree is skipped, not a crash (69.119419ms)
✔ a sentence in a Formats section is not a record kind (90.89825ms)
✔ a record kind named by its path alone is checked (101.304909ms)
✔ PKG-002: a tracked in-progress record (83.69004ms)
✔ PKG-002: ignoring evidence alone is a finding (88.658281ms)
✔ PKG-003 reads the kernel's commands from its help output (PKG-023) (134.288443ms)
✔ the ASCII scan covers shipped files, not records under .cairn/ (PKG-024) (75.658356ms)
✔ a vendor-naming step wrapped across lines is matched (PKG-006, PKG-027) (111.357117ms)
✔ PKG-013 scans the README, the manual, and the walkthrough (PKG-032) (294.782974ms)
✔ the manifests, the listing and package.json agree on the name and version, and name paths the repository holds (PKG-037) (3.478034ms)
✔ the hooks file registers session-start and stop against the plugin's own hook.mjs through the plugin root variable (PKG-038) (0.236191ms)
✔ a Muse hook entry whose shared hook is missing prints one line and exits 0 (PKG-041, PKG-022) (101.573236ms)
✔ the registered commands print the verdict at session start, link the command into the plugin, and refuse a stop while wake says Resolvable (PKG-038, PKG-021) (448.196093ms)
✔ LOOP-071: decision body metadata does not resolve unbuilt work: "Superseded by: example" (854.145745ms)
✔ LOOP-071: decision body metadata does not resolve unbuilt work: "```text\nSuperseded by: example\n```" (772.835066ms)
✔ LOOP-071: decision body metadata does not resolve unbuilt work: "~~~text\nSuperseded by: example\n~~~" (790.147514ms)
✔ LOOP-071: a fenced realization example is not a resolving commit (696.466829ms)
✔ LOOP-071: a fenced commit inside the realization section is not built (710.785668ms)
✔ LOOP-071: ## Example cannot replace an open review finding (837.155766ms)
✔ LOOP-071: # Example cannot replace an open review finding (695.155061ms)
✔ LOOP-071: ### Example cannot replace an open review finding (587.982245ms)
✔ LOOP-071:   ## Example cannot replace an open review finding (582.790614ms)
✔ LOOP-071: Example paragraph. cannot replace an open review finding (585.342172ms)
✔ LOOP-071: Example
------- cannot replace an open review finding (462.782916ms)
✔ LOOP-071: fenced fields before a real review header are ignored (474.596124ms)
✔ LOOP-071: multiline decision --title cannot inject metadata (373.327571ms)
✔ LOOP-071: multiline decision --decided-by cannot inject metadata (382.659229ms)
✔ LOOP-071: multiline decision --rests-on cannot inject metadata (369.60574ms)
✔ LOOP-071: multiline decision --wrong-if cannot inject metadata (373.310919ms)
✔ LOOP-071: multiline decision --history cannot inject metadata (368.74038ms)
✔ LOOP-072: malformed Blocking concerns stay open: "R-001\nAnswer: ok" (83.431703ms)
✔ LOOP-072: malformed Blocking concerns stay open: "R-001\r\nAnswer: ok" (102.18026ms)
✔ LOOP-072: malformed Blocking concerns stay open: "R-001\rAnswer: ok" (86.023236ms)
✔ LOOP-072: malformed Blocking concerns stay open: "R-001 Answer: ok" (88.746118ms)
✔ LOOP-072: malformed Blocking concerns stay open: "R-001 Answer: ok" (89.470468ms)
✔ LOOP-072: ordinary malformed concerns are refused: "R-001\nR-002" (58.287782ms)
✔ LOOP-072: ordinary malformed concerns are refused: "R-001, prose" (44.365065ms)
✔ LOOP-072: ordinary malformed concerns are refused: " " (60.136917ms)
✔ LOOP-072: a Blocking escalation without concerns is still presented (86.474605ms)
✔ LOOP-072: carriage returns in a Blocking question do not create answer records (83.226172ms)
✔ LOOP-072: explanation separator 8232 cannot close an escalation (193.44796ms)
✔ LOOP-071: decision metadata refuses separator 8232 (348.139974ms)
✔ LOOP-072: explanation separator 8233 cannot close an escalation (166.203757ms)
✔ LOOP-071: decision metadata refuses separator 8233 (375.070075ms)
✔ Concerns, Rests on, and Promoted from written as lists read as the flat form (LOOP-124) (732.086404ms)
✔ an item named by filename, path, or backticked slug resolves like the slug (LOOP-125) (558.671184ms)
✔ an input that covers Cairn's own output is named as the repair, before and after a check (LOOP-126, LOOP-105) (719.851004ms)
✔ an unreadable record directory is a repair, not an error exit (LOOP-127) (92.253685ms)
✔ a title that slugifies to nothing is refused (LOOP-128) (136.560077ms)
✔ examined: [] is an empty list (LOOP-129, LOOP-108) (522.519543ms)
✔ below the Git toplevel the restore check compares root-relative paths (LOOP-130, LOOP-035) (395.866606ms)
✔ below the Git toplevel an uncommitted declared input is named from the project root (LOOP-132, LOOP-030) (267.267381ms)
✔ a value on the key line followed by list items is the first item, never dropped (LOOP-133) (782.322612ms)
✔ the footprint's walk reads Current: as the wake does: a fenced example below the real line, or a second line in history, never moves the start (LOOP-134, LOOP-035) (374.875194ms)
✔ an input spelled .. from a project below the Git toplevel covers the evidence directory (LOOP-126, LOOP-105) (102.939578ms)
✔ a Consequential record this commitment added needs its queue entry committed (LOOP-131, DEC-004) (577.519977ms)
✔ a mechanism that removes the check lock still gets its evidence, with no repair for the lock (LOOP-107) (286.862725ms)
✔ a staged rename reads as its two paths, never as a bare origin token (LOOP-030, LOOP-110) (128.111005ms)
✔ a Current: line inside a fenced example is neither a second Current: line nor the commitment, before or after the real line (LOOP-104) (210.536279ms)
✔ a Status: word is taken only from a line that carries one, never from wrapped prose after it (SPEC-018) (0.754924ms)
✔ the placeholder left above a resolving entry is a repair naming the file (DEC-021) (254.69929ms)
✔ the placeholder alone is a decision recorded and not yet built, unchanged (DEC-007) (87.859249ms)
✔ resolving entries with no placeholder are unchanged (DEC-006) (144.500406ms)
✔ a shallow clone that cannot resolve its entries is still told to fetch, not to edit (LOOP-113 keeps precedence) (116.062528ms)
✔ the placeholder quoted in a fenced example does not make a built record a repair (DEC-021) (125.413012ms)
✔ supersede takes the same decider vocabulary as decide (DEC-020) (120.793137ms)
✔ a superseded record is held to the same line: its placeholder above a resolving entry is a repair (DEC-021, DEC-010) (208.91639ms)
✔ realize() touches only the Realized by section; a body that quotes the placeholder keeps it (136.610728ms)
✔ an untracked file under a declared input is not a change under way; check still refuses beside it and names .gitignore (LOOP-110, LOOP-030) (231.734452ms)
✔ an unmatched input is refused before execution (LOOP-044) (191.710799ms)
✔ an indexed input deleted on disk asks for a commit (LOOP-045) (180.050742ms)
✔ wake and check require a Git working tree (LOOP-046) (147.62426ms)
✔ recovery removes only dead kernel run records and identifies a live owner (LOOP-054, LOOP-055) (342.938948ms)
✔ an agent action based behind a clean HEAD appears committed (LOOP-027) (222.147576ms)
✔ realization needs a real commit and a subject (DEC-006) (326.485045ms)
✔ 1500 binary inputs digest identically at the review commit in under a second (LOOP-024) (1604.400672ms)
✔ merged work is excluded but a later own commit is a breach (LOOP-047) (305.746189ms)
✔ exact Current tenure ignores prefix matches and earlier visits to the same slug (LOOP-035) (354.9102ms)
✔ a kernel run records its supervising PID (LOOP-054) (402.202212ms)
✔ a merged declared input still stales evidence (LOOP-047) (569.509342ms)
✔ wildcard and magic pathspecs select the same historical inputs (LOOP-024, LOOP-032) (2633.021053ms)
✔ historical selection retains deleted files and excludes new ones (LOOP-024, LOOP-035) (1372.950275ms)
✔ cairn --version prints the package.json version outside a repository, and help lists it (PKG-039) (182.259293ms)
✔ a release is one commit setting one version in the five files, with the changelog entry, tagged v<version> (PKG-040) (1211.454616ms)
✔ the release script refuses a bad version, no increase, a dirty tree, a missing entry, a taken tag, a disagreeing file, and a loop not at Done, each in one line with nothing written (PKG-040) (2244.371787ms)
✔ a version file written as compact JSON is released, and nothing else in any version file changes (PKG-042) (1589.648847ms)
✔ with attribution forbidden, the release script refuses an unpushed commit carrying an AI attribution line (PKG-045) (663.603233ms)
✔ explicit reporting with no lines and exit 0 establishes no requirement verdicts (LOOP-061) (555.138473ms)
✔ explicit reporting with no lines and exit 1 establishes no requirement verdicts (LOOP-061) (517.336395ms)
✔ a reporter that cannot start keeps execution diagnostics without blaming requirements (LOOP-062) (310.238627ms)
✔ large output cannot kill a reporter or invent a requirement verdict (383.053438ms)
✔ explicit mode ignores cairn: R-999: pass (360.760243ms)
✔ explicit mode ignores cairn: R-001: unverified (328.264198ms)
✔ explicit mode ignores cairn: R-001: passed (345.089018ms)
✔ explicit results survive nonzero exit and contradictory duplicates still fail (674.183694ms)
✔ unverified results across changed inputs never become failed attempts (1876.426554ms)
✔ legacy exit 0 retains its interpretation (259.813874ms)
✔ legacy exit 1 retains its interpretation (241.914041ms)
✔ a misspelled reporting mode is refused before execution (116.823075ms)
✔ changed requirement blocks unchecked reruns and makes the completion review stale (LOOP-058, LOOP-059) (2128.649113ms)
✔ falsifier changes need review; separate rationale and other requirements do not change a receipt (1491.278443ms)
✔ legacy receipts recover requirement identity from their commit; unavailable history requires review (1284.498853ms)
✔ check refuses uncommitted requirement text and mechanism review markers (992.709361ms)
✔ tightened response limit cannot reuse the old passing check (1520.24884ms)
✔ a declared input over 1 MiB agrees at a commit and in the tree (LOOP-060) (495.778448ms)
✔ a failed Git blob read cannot be hashed as an empty blob (443.408844ms)
✔ Git listings over 1 MiB include the last declared input (2370.969859ms)
✔ requirement identity excludes fenced examples and status dates (504.600051ms)
✔ DemonCoder REM-002 and Status in progress cannot silently satisfy the review gate (LOOP-086) (939.437596ms)
✔ valid open findings retain their behavior (547.69737ms)
✔ valid resolved findings retain their behavior (632.867338ms)
✔ valid empty findings retain their behavior (629.795411ms)
✔ valid mixed valid findings retain their behavior (536.125362ms)
✔ malformed finding "open:" requires repair (558.551976ms)
✔ malformed finding "resolved:   " requires repair (546.62107ms)
✔ malformed finding "Open: incorrect case" requires repair (455.436457ms)
✔ malformed finding "unknown: issue" requires repair (429.962412ms)
✔ malformed finding "\u001b[31mBAD: issue" requires repair (414.736058ms)
✔ the established explicit empty findings list remains valid (450.639323ms)
✔ a scalar findings value requires the supported list format (363.356957ms)
✔ check runs a mechanism when a requirement outside the commitment was revised, and asks for the review once a commitment includes it (LOOP-059) (1058.114911ms)
✔ a Requirements: line written as a list is read like the flat form (LOOP-102) (127.545644ms)
✔ a subdirectory or a README in a record directory changes nothing (LOOP-103) (620.598901ms)
✔ two Current: lines are a roadmap repair (LOOP-104) (82.700685ms)
✔ a repeated identifier, an input under the evidence directory, and a missing cwd are refused by name (LOOP-105) (517.470981ms)
✔ a requirement whose evidence outlives its mechanism is named declare, not a regression or an escalation (LOOP-106) (1213.285747ms)
✔ an unreadable record is a repair, not an error exit (LOOP-107) (80.296483ms)
✔ a review needs commit, a nonempty examined list, and a findings list, each named when missing (LOOP-108) (1338.892315ms)
✔ a decision record missing a header field or naming a missing predecessor is a repair (LOOP-109) (379.400645ms)
✔ a dirty declared input with no in-progress record is named record ahead of run (LOOP-022, LOOP-110) (274.277103ms)
✔ with core.filemode false the index mode is the identity, so a mode-only difference does not refuse the check (LOOP-111) (289.016343ms)
✔ a project below the Git toplevel can run check (LOOP-112) (271.364606ms)
✔ a shallow clone names history to fetch, not a decision to build (LOOP-113) (192.264261ms)
✔ record-writing commands refuse to run outside a Cairn repository and write nothing (LOOP-118) (247.026668ms)
✔ a git that cannot start is one line and exit 3 from wake and from check, with nothing recorded (LOOP-137) (109.39373ms)
✔ an unexplained or uncommitted stop record is named explain before any other action; explained and committed, the wake moves on (LOOP-139) (304.837896ms)
✔ empty footprint names declaration before scope and records no evidence (LOOP-081) (656.56856ms)
✔ first declaration still checks the full earlier history (LOOP-081) (390.591151ms)
✔ an empty current footprint does not block an explicitly requested existing mechanism (LOOP-081) (296.401004ms)
✔ an inherited mechanism provides a footprint even before local mechanisms exist (278.095603ms)
✔ scope reports every path, escapes line breaks, and gives identical remedies (LOOP-082) (251.18149ms)
✔ scope verdict reuses the answered-escalation annotation (LOOP-048, LOOP-051, LOOP-083) (721.564108ms)
✔ a committed scope acknowledgment lets restored history proceed (LOOP-083) (958.176549ms)
✔ scope acknowledgment must be committed before it can clear a breach (755.741375ms)
✔ ordinary ok does not acknowledge scope history (326.646465ms)
✔ scope escalation refuses unrestored paths and names the restoration remedy (295.414216ms)
✔ an invalid scope request still records an explicitly Blocking decision (167.635413ms)
✔ ask and explanation stay open; only the final committed ok acknowledges scope (773.11086ms)
✔ instead is visible but does not silently authorize a scope exception (365.281367ms)
✔ later changes to an acknowledged path still block, including later reverts (1160.692331ms)
✔ approval cannot hide another path changed after the snapshot (393.334408ms)
✔ acknowledged history remains conditional on the paths staying restored (582.745239ms)
✔ editing the scope snapshot after answer invalidates its acknowledgment (297.661264ms)
✔ malformed scope metadata cannot suppress a breach (1480.576066ms)
✔ damaged acknowledgment fields cannot suppress a breach (560.63409ms)
✔ scope path matching is literal, including wildcard filenames and control characters (504.886243ms)
✔ scope acknowledgment does not carry into another activation of the same slug (294.310926ms)
✔ restoration checks additions, deletions, executable modes, and symlink kinds (1436.341738ms)
✔ explicit committed retention keeps correct work and requires new evidence and review (LOOP-084, LOOP-085) (2469.652806ms)
✔ a missing declaration covers correct earlier work without retention or revert (705.538346ms)
✔ keep requires scope and an unchanged committed candidate (189.194709ms)
✔ uncommitted retention and instead answers cannot clear the incident (1201.37192ms)
✔ retention does not grant future edits, even when reverted to the approved tree (1419.298335ms)
✔ retention cannot cover another path or another activation (599.832958ms)
✔ imported changes must still match the retained tree (644.826209ms)
✔ retention handles additions, deletions, modes, symlinks, and literal filenames (2004.205689ms)
✔ retention cannot convert an existing restoration answer or accept an unknown mode (430.095395ms)
✔ a check failure after retention remains a failure (699.54797ms)
✔ retained paths stay part of the stable checked candidate without extending its footprint (596.639195ms)
✔ retention ask needs an explanation and final committed approval (582.091995ms)
✔ an unknown scope mode remains invalid even with a matching approval digest (290.194925ms)
✔ backlog writes the item; a second with the same title is refused, never overwritten (LOOP-016) (165.422736ms)
✔ a commit inside the footprint: check runs; outside it: check names the path and does not run (LOOP-015, LOOP-035) (597.924898ms)
✔ Cairn's records are never a breach; another file under docs/ is (LOOP-117) (810.726232ms)
✔ declaring the path as an input clears the breach (323.747192ms)
✔ a revert preserves the record of an out-of-scope commit (LOOP-047) (341.17901ms)
✔ a commitment naming a requirement the spec set does not hold as Agreed is repaired (LOOP-029) (145.920245ms)
✔ a requirement in a Draft spec file is not Agreed (115.090168ms)
✔ working agreements and the ignore file are Cairn records (LOOP-035, LOOP-036) (606.087049ms)
✔ the over-asking rule is gone from both skills (SPEC-005, SPEC-006, SPEC-007) (1.24566ms)
✔ a decision during the phase is recorded (DEC-003) (0.262777ms)
✔ understanding is restated before writing (SPEC-003) (0.114412ms)
✔ falsifiers are proposed as one set and confirmed by exception (SPEC-004) (0.712022ms)
✔ depth is inferred and domains derived, never asked or imposed (SPEC-008, SPEC-009) (0.170176ms)
✔ a term enters the glossary at first occurrence (SPEC-010) (0.109687ms)
✔ the phase ends at the first commitment, and later ones are specified during the loop (SPEC-011, SPEC-012) (0.131227ms)
✔ a requirement goes Agreed only with a nameable mechanism (SPEC-013) (0.138554ms)
✔ review before agreement, recording what it attacked (SPEC-014, SPEC-015) (1.303763ms)
✔ no spec file without requirements; nothing Agreed without a falsifier (SPEC-001, SPEC-002) (0.260299ms)
✔ Observed is marked, and is not contract (SPEC-016, SPEC-017) (0.153629ms)
✔ the skills exclude artifacts outside Cairn's workflow (0.2075ms)
✔ the working agreement names the agent's move for each verdict and the write-ahead record (LOOP-036) (0.284741ms)
✔ the working agreement names the developer's moves (LOOP-036, DEC-014) (0.095915ms)
✔ this repository runs by the file it ships (0.445061ms)
✔ both skills write the working agreement without naming a vendor's file (LOOP-002, LOOP-036, PKG-006) (0.142267ms)
✔ the working agreement says what an attempt is (LOOP-036, DEC-017, DEC-018) (0.096568ms)
✔ the working agreement says a failure no footprint change can address is an escalation, and where an inherited requirement is repaired (DEC-019, LOOP-057) (0.126161ms)
✔ the working agreement states the promote, next-iteration, and no-deferral moves (LOOP-029, LOOP-087, LOOP-091, LOOP-092) (0.101892ms)
✔ both skills sort captures into the backlog or next-iteration and forbid deferral (LOOP-029, LOOP-092, LOOP-093) (0.089337ms)
✔ the skill requires a falsifier on every requirement, a MAY included (SPEC-025) (0.080439ms)
✔ the working agreement names the hooks as optional and the install skill registers them for two harnesses (PKG-006, PKG-018, PKG-019) (0.249146ms)
✔ the working agreement says the kernel is upgraded at Done, never inside a commitment (LOOP-096) (0.073845ms)
✔ the next-iteration skill starts from the specification and ends by naming the next commitment (SPEC-026, SPEC-027) (0.464649ms)
✔ every document that names the project skills names next-iteration beside them (SPEC-026, PKG-014) (2.42214ms)
✔ the working agreement states a move for every action the kernel can name (LOOP-101) (1.669391ms)
✔ the working agreement states both record formats and the two flags the moves need (LOOP-036) (0.163836ms)
✔ the skills demonstrate a safe violating example and preserve recon findings (SPEC-022, SPEC-023) (0.059727ms)
✔ the specification skills run the checker through the cairn command (PKG-029) (0.22175ms)
✔ the README invokes the phase skills by name and states versions and platforms (PKG-030, PKG-031) (0.42004ms)
✔ the manual and the walkthrough say the loop promotes backlog items at Done (0.670408ms)
✔ the working agreement says a report is not work under way, its findings are captured, and it is committed with them (LOOP-138) (0.089346ms)
✔ a two-obligation sentence is named (PKG-007) (54.825893ms)
✔ an obligation with no actor is named (PKG-010) (48.184054ms)
✔ a leading condition clause is not the actor, and the actor after it counts (48.924562ms)
✔ an Agreed requirement with no falsifier is named (SPEC-002); a Draft one is not (104.247448ms)
✔ prose after a Draft requirement with no falsifier is not scanned as requirement text (41.358308ms)
✔ a spec declaring a prefix with no requirement is named (SPEC-001) (51.245107ms)
✔ a keyword in backticks or quotes is a mention, not an obligation (52.352442ms)
✔ duplicate identifiers are rejected within a file and across files (SPEC-020) (87.617304ms)
✔ references resolve across files; missing references name their source (SPEC-021) (90.303862ms)
✔ code examples and quoted mentions are neither definitions nor references (52.087051ms)
✔ machine-local paths are findings in prose, links, quotes, and examples (SPEC-019) (464.356763ms)
✔ relative paths, URLs, slash commands, and character mentions are not absolute path findings (39.496813ms)
✔ a slash after a placeholder continues the template (SPEC-019) (93.970262ms)
✔ a host path is a finding until the file declares it (SPEC-019, SPEC-024) (82.203837ms)
✔ declared host paths cover children with a slash boundary and stay file-local (123.164188ms)
✔ a host-path declaration inside a requirement or example grants no exception (150.807733ms)
✔ host-path declarations require absolute or home-relative entries (251.070404ms)
✔ an Agreed block whose only keyword is MAY needs a falsifier like any other (SPEC-025, SPEC-002) (82.712909ms)
✔ a regex literal is not a path, a drive path and a file URL are, and a skill's slash name is allowed (SPEC-028, SPEC-029) (85.340821ms)
✔ a backticked or quoted actor still counts as one (PKG-010) (39.251987ms)
✔ a fence the file never closes is named, since the parser then reads its example as specification (98.129063ms)
✔ supersede writes both lines, and the old record keeps every word it had (DEC-008, DEC-010) (86.679474ms)
✔ supersede without a cause, or with one outside the four, is refused (DEC-009) (137.052205ms)
✔ supersede of a record that does not exist is refused (74.278385ms)
✔ a predecessor with no title line cannot be stamped, so nothing is written (97.555043ms)
✔ a --supersedes argument outside the slug alphabet is refused, and a path never reaches the filesystem (DEC-022) (249.301067ms)
✔ a record already superseded cannot be superseded again: one Superseded by line per record (DEC-022, DEC-010) (180.142912ms)
✔ reversals reports counts by decider, cause, and domain (DEC-011) (194.676184ms)
✔ decide in a domain with a reversal is refused without --history, naming the reversal; with it, the record carries History (DEC-012) (210.331154ms)
✔ decide in a domain with no reversals needs no --history (149.391492ms)
✔ a record resting on prose alone is in the domain unspecified, and so is the next one (145.271835ms)
✔ the decider tally normalizes case and whitespace, and names a value outside the vocabulary (DEC-020, DEC-011) (81.508231ms)
✔ a record with no Decided by line is tallied as unrecorded, not as a vocabulary value (106.353282ms)
✔ Decided by written as a list tallies like the flat form, and does not crash the report (LOOP-124, DEC-020) (82.450412ms)
✔ a second declaration for one requirement is accepted, a named check runs every mechanism, and Done needs each to pass (LOOP-056, LOOP-099) (2471.901582ms)
✔ one mechanism's stale evidence names that mechanism, and --stale runs only it (LOOP-056, LOOP-094) (878.424515ms)
✔ attempts are counted within one mechanism's records, so the other's passes do not reset them (LOOP-100, DEC-016) (1535.847216ms)
✔ step 1: an in-progress record is reconciled before anything else (125.878337ms)
✔ step 2: an open escalation is presented and nothing else happens (89.422285ms)
✔ an answered escalation is not open (663.977611ms)
✔ step 3: a decision with no realized-by is built, first by name (DEC-007) (86.743354ms)
✔ a superseded decision with no realized-by is not work (177.960066ms)
✔ step 6: a mechanism that has never run is run, not implemented (LOOP-008) (163.071045ms)
✔ step 6: a requirement whose mechanism fails is implemented (643.846368ms)
✔ step 6 before step 7: failing evidence outranks a missing mechanism (397.696685ms)
✔ step 7: a requirement with no mechanism is declared (LOOP-106) (100.183654ms)
✔ every verdict names who acts: Resolvable is the agent's, Done needs nobody, Escalate waits for the developer (LOOP-004) (633.657556ms)
✔ malformed roadmap is Resolvable, not fatal (LOOP-005) (70.642772ms)
✔ a commitment naming no requirements is Resolvable (LOOP-018) (62.417972ms)
✔ the primary test: two wakes on the same checkout give the same action, before and after a persisted transition (LOOP-001, LOOP-003) (593.106173ms)
✔ outside a cairn repository wake cannot run (43.645943ms)
✔ the loop never waits on the review queue (DEC-015) (411.296137ms)
✔ twenty built records cost one git call to resolve, not twenty (DEC-023) (184.060213ms)
✔ an ambiguous Realized by identifier is the repair that says lengthen it, not a build (LOOP-113, DEC-023) (173.377813ms)
✔ the linked walkthrough runs from agreement through the next commitment (PKG-016) (1661.124033ms)
ℹ tests 538
ℹ suites 0
ℹ pass 537
ℹ fail 1
ℹ cancelled 0
ℹ skipped 0
ℹ todo 0
ℹ duration_ms 58869.104173

✖ failing tests:

test at tests/agreement.test.mjs:33:1
✖ a block Status does not become the file default, including inside examples (SPEC-018) (2188.68212ms)
  AssertionError [ERR_ASSERTION]: The input did not match the regular expression /R-004 is not an Agreed requirement/. Input:
  
  ''
  
      at TestContext.<anonymous> (file:///home/shawn/workspace2/cairn-dev/tests/agreement.test.mjs:37:12)
      at Test.runInAsyncScope (node:async_hooks:214:14)
      at Test.run (node:internal/test_runner/test:1062:25)
      at Test.processPendingSubtests (node:internal/test_runner/test:752:18)
      at Test.postRun (node:internal/test_runner/test:1191:19)
      at Test.run (node:internal/test_runner/test:1119:12)
      at async Test.processPendingSubtests (node:internal/test_runner/test:752:7) {
    generatedMessage: true,
    code: 'ERR_ASSERTION',
    actual: '',
    expected: /R-004 is not an Agreed requirement/,
    operator: 'match'
  }
