✔ a Draft block overrides an Agreed file for both wake and check (SPEC-018) (430.736249ms)
✔ an Agreed block overrides a Draft file in the kernel and lint (SPEC-018, SPEC-002) (590.432149ms)
✔ a block Status does not become the file default, including inside examples (SPEC-018) (393.032454ms)
✔ block status without a value does not inherit Agreed by accident (SPEC-018) (81.413311ms)
✔ inheritance needs a file Scope and includes only Agreed blocks, regardless of prefix (PKG-015) (1530.147291ms)
✔ Scope inside a requirement or fenced example does not declare inheritance (PKG-015) (689.953796ms)
✔ a falsifier wrapped onto a line beginning with Status: does not become the block's status (SPEC-018) (1.243821ms)
✔ LOOP-063: reject input mutation during a check and retain diagnostics (638.315809ms)
✔ LOOP-063: reject deletion mutation during a check and retain diagnostics (426.813118ms)
✔ LOOP-063: reject addition mutation during a check and retain diagnostics (366.475601ms)
✔ LOOP-063: reject mode mutation during a check and retain diagnostics (332.947668ms)
✔ LOOP-063: reject specification mutation during a check and retain diagnostics (282.29648ms)
✔ LOOP-063: reject declaration mutation during a check and retain diagnostics (379.659137ms)
✔ LOOP-063: reject commit mutation during a check and retain diagnostics (309.038489ms)
✔ LOOP-063: committed input mutation during execution cannot certify the replacement (351.227247ms)
✔ LOOP-064: removing executable permission makes passing evidence stale (490.634684ms)
✔ LOOP-064: a mode-only change also invalidates the previous review after new evidence (677.913836ms)
✔ LOOP-064: changing a regular file into a link with identical identity bytes is stale (778.570732ms)
✔ LOOP-063: an unchanged candidate still records a pass despite unrelated working-tree edits (191.454771ms)
✔ LOOP-064: current and historical input ordering agrees for Unicode filenames (272.916881ms)
✔ LOOP-063: Git status hiding content changes cannot certify an uncommitted candidate (101.050283ms)
✔ LOOP-066: one check owns execution with a kernel action record (689.582106ms)
✔ LOOP-066: one check owns execution with an agent action record (395.514337ms)
✔ LOOP-066: a live lock is named and never silently overwritten (129.27035ms)
✔ LOOP-066: a dead lock is named and never silently overwritten (155.224448ms)
✔ LOOP-066: a incomplete lock is named and never silently overwritten (127.107916ms)
✔ LOOP-066: an execution error releases the check lock for a corrected rerun (437.667152ms)
✔ LOOP-066: a live kernel action from an older Cairn also blocks execution (70.843447ms)
✔ LOOP-066: separate Git worktrees can run checks independently (433.878732ms)
✔ after a green check --stale runs nothing; after one input changes it runs only that mechanism (LOOP-094) (1159.082024ms)
✔ a mechanism speaking for two stale requirements runs once and refreshes both (LOOP-094, LOOP-040) (616.079847ms)
✔ a fresh failure and an unverified result are skipped with implement named (LOOP-094) (487.925181ms)
✔ --stale with a requirement identifier is refused (LOOP-094) (75.416802ms)
✔ check refuses a dirty declared input and names it; a dirty undeclared file does not block (LOOP-030) (658.459671ms)
✔ check writes one receipt per run carrying the full record and a result line per requirement (LOOP-097) (331.042313ms)
✔ a nonzero exit records fail, and the receipt keeps the exit code (LOOP-034) (324.255995ms)
✔ two checks write two records; nothing is overwritten or deleted (LOOP-025) (519.828097ms)
✔ a commit changing a declared input makes evidence stale; an undeclared one does not (LOOP-007) (639.88947ms)
✔ a regression is named before a requirement that never passed (LOOP-031) (771.694135ms)
✔ three attempts with no escalation since: wake says escalate, not a fourth (DEC-016, DEC-017, DEC-018) (2040.707895ms)
✔ the review gate: no review, stale review, open finding, then Done (LOOP-020, LOOP-033) (856.313962ms)
✔ Done is refused while any requirement lacks current passing evidence (LOOP-017) (74.92787ms)
✔ check names a requested requirement that no mechanism claims (71.381855ms)
✔ check writes and clears an in-progress record around the run (LOOP-021) (158.131855ms)
✔ a linked declared input digests the same at a commit and in the tree (LOOP-023, LOOP-024) (437.628294ms)
✔ a result line is the mechanism's statement about one requirement; what it did not mention is unverified (LOOP-037, LOOP-052) (167.072182ms)
✔ a mechanism that says nothing is read by its exit code for every requirement (LOOP-039) (179.835432ms)
✔ unverified is not an attempt, and a return to an earlier failed digest counts once (DEC-017, DEC-018) (1694.809076ms)
✔ a result line for a requirement the mechanism does not speak for is named and writes nothing (LOOP-038) (167.662689ms)
✔ a result line inside ordinary output, or without the marker, does not count (171.876312ms)
✔ a targeted check runs the named requirements' mechanisms and records every requirement they speak for (LOOP-040) (164.937239ms)
✔ two result lines for one requirement: a fail on any line wins (181.824492ms)
✔ three runs at one digest with no attempt since: the verdict stays implement and names DEC-019; an escalation naming it among others clears the hint (DEC-019, LOOP-053) (1179.037872ms)
✔ a complete commitment with an unpromoted backlog item names promote, and a stamped item lets it reach Done (LOOP-087) (1078.862443ms)
✔ an empty backlog with waiting next-iteration items is Done, with the count as information and no action on them (LOOP-091) (716.186142ms)
✔ a promotion marker must resolve to a decision record (LOOP-088) (230.038214ms)
✔ a commitment promoted from an item needs a decision record naming the item (LOOP-088) (260.479716ms)
✔ the spec lint reports a promotion marker with no decision record (LOOP-088) (66.083949ms)
✔ a promoted commitment that changes an Agreed requirement or the working agreement is an escalation; an unpromoted one is not (LOOP-089, LOOP-090) (1336.028433ms)
✔ a capture from one of the commitment's own requirements needs Outside because: or an escalation (LOOP-092) (1591.53341ms)
✔ a next-iteration item names what it would change, and the capture refuses one that does not (LOOP-093) (342.737075ms)
✔ a commitment specified from a next-iteration item needs the item stamped before anything else (SPEC-027) (453.483613ms)
✔ a by deference marker resolves to a decision record like a promotion marker (SPEC-002, LOOP-088) (184.339087ms)
✔ the LOOP-090 gate reads the Concerns line, not the slug as a substring (LOOP-114) (567.612042ms)
✔ the LOOP-088 check reads the Promotes line, and decide --promotes writes it (LOOP-115) (193.546899ms)
✔ the activation commit of a promoted commitment is inside the LOOP-089 comparison (LOOP-116) (114.069497ms)
✔ the LOOP-090 route needs one escalation: its Concerns line covers the moved item too (LOOP-119, LOOP-092, LOOP-114) (533.693763ms)
✔ an escalation raised before the promoted commitment began does not silence the LOOP-090 gate (LOOP-114) (335.413493ms)
✔ an escalation raised before the commitment began does not silence the capture gate (LOOP-119) (304.447492ms)
✔ the activation commit is inside the scope footprint (LOOP-120) (106.159146ms)
✔ a requirement Agreed at activation that is demoted or removed is a contract change (LOOP-121) (696.07729ms)
✔ the include files are the root files that hold @AGENTS.md: exempt from the footprint, compared by the gate (LOOP-122) (1062.043075ms)
✔ a superseded promotion no longer satisfies the LOOP-088 check, and the repair says the promotion was reversed (LOOP-123) (849.905236ms)
✔ the restore route measures from the tree before activation, so a path the activation commit added must go (LOOP-120, LOOP-035) (344.882154ms)
✔ every requirement the node-test declaration speaks for is named in a test title (PKG-025) (2.685796ms)
✔ every repository path the tests read is a declared input of node-test (PKG-026) (0.843183ms)
✔ writes a record with every required field and an empty realized-by (DEC-001, DEC-005) (342.82346ms)
✔ a Consequential decision is queued for review (DEC-004, DEC-013) (85.437893ms)
✔ a Consequential decision is queued even when .cairn/queue does not exist yet (82.704673ms)
✔ Routine is refused: routine decisions produce no record (67.038118ms)
✔ a missing field is a usage error and nothing is written (80.563129ms)
✔ supersedes requires a classified cause, and the old record must exist (208.322406ms)
✔ an existing record is not overwritten (131.749293ms)
✔ a queued decision stays queued; nothing but the developer removes it (DEC-014) (187.614803ms)
✔ LOOP-006, LOOP-067: missing inputs names a declaration repair before execution (421.6782ms)
✔ LOOP-006, LOOP-067: empty inputs names a declaration repair before execution (123.811178ms)
✔ LOOP-006, LOOP-067: missing command names a declaration repair before execution (143.459136ms)
✔ LOOP-006, LOOP-067: list command names a declaration repair before execution (139.748605ms)
✔ LOOP-006, LOOP-067: empty command names a declaration repair before execution (129.957769ms)
✔ LOOP-006, LOOP-067: missing requirements names a declaration repair before execution (146.191465ms)
✔ LOOP-006, LOOP-067: bad identifier names a declaration repair before execution (143.483955ms)
✔ LOOP-067: scalar one-item lists retain their existing meaning (292.26627ms)
✔ LOOP-068: a unpopulated gitlink is refused by name (175.030369ms)
✔ LOOP-068: a populated gitlink is refused by name (193.963282ms)
✔ LOOP-069: identical selections across 100 mechanisms use at most 20 Git processes (259.745458ms)
✔ escalate writes the six-line format followed by its facts, and wake presents it (LOOP-010, LOOP-026) (380.362743ms)
✔ a missing or multi-line field is refused with the field named, and nothing is written (LOOP-012) (121.157883ms)
✔ a Blocking escalation that fails the format is written anyway, naming the malformed field (LOOP-013) (137.578422ms)
✔ a --level other than Blocking is refused rather than silently losing the bypass (DEC-002) (112.938624ms)
✔ a second escalation while one is open is refused (LOOP-011) (130.44145ms)
✔ answer records the reply; wake no longer presents it; a second answer is refused (284.455889ms)
✔ answer to an unknown escalation is refused (81.258352ms)
✔ a stranger resumes from the file alone: question and answer are both in it (LOOP-014) (130.830615ms)
✔ after an answer, the same concern can be escalated again under a new name (181.736021ms)
✔ an escalation exists when its file does, committed or not (LOOP-009) (85.214101ms)
✔ developer answers require one of the three forms and cannot inject fields (LOOP-048) (520.912078ms)
✔ ask, agent explanation, another ask, and ok stay ordered in one file (LOOP-049, LOOP-050, LOOP-014) (633.895295ms)
✔ fresh closed answers accompany only concerned requirements until new evidence (LOOP-051) (591.616061ms)
✔ a raised escalation carries no derivable status line, and an old record with one still parses (LOOP-028) (140.35845ms)
✔ LOOP-065: delete of output refuses Done and a new run recovers (1252.208926ms)
✔ LOOP-065: corrupt of output refuses Done and a new run recovers (994.788117ms)
✔ LOOP-065: delete of stderr_output refuses Done and a new run recovers (845.527619ms)
✔ LOOP-065: corrupt of stderr_output refuses Done and a new run recovers (803.826305ms)
✔ LOOP-065: a receipt without output needs a new check (507.013269ms)
✔ LOOP-065: a receipt without output_digest needs a new check (473.689778ms)
✔ LOOP-065: a receipt without stderr_output needs a new check (379.336561ms)
✔ LOOP-065: a receipt without stderr_digest needs a new check (364.313993ms)
✔ LOOP-065: legacy unverifiable output is rerun without rewriting history (649.470808ms)
✔ a fresh record names the kernel that wrote it (LOOP-023) (272.252693ms)
✔ LOOP-095: a record from another kernel is stale with the kernel named, and a new check restores Done (689.857912ms)
✔ LOOP-095: a record from no kernel is stale with the kernel named, and a new check restores Done (656.053864ms)
✔ LOOP-070: a later failure is latest even when the clock moves backward (1110.64276ms)
✔ LOOP-070: receipt collisions at one clock instant retain execution order beyond nine suffixes (2632.820487ms)
✔ LOOP-070: imported branch receipts stale a later sequence until a new check incorporates them (1199.785712ms)
✔ LOOP-070, LOOP-098: legacy receipts need one ordered check and remain byte-for-byte unchanged (456.958652ms)
✔ LOOP-070: edit of a prior receipt requires fresh evidence (435.96993ms)
✔ LOOP-070: remove of a prior receipt requires fresh evidence (397.539551ms)
✔ LOOP-075: supporting evidence file README.md does not become a receipt (495.467278ms)
✔ LOOP-075: supporting evidence file notes.txt does not become a receipt (464.671218ms)
✔ LOOP-075: supporting evidence file support does not become a receipt (444.616449ms)
✔ LOOP-075: supporting evidence file .DS_Store does not become a receipt (513.223203ms)
✔ LOOP-075: a malformed result line (result=success) names a repair before execution (358.851165ms)
✔ LOOP-075: a malformed result line (sequence=NaN) names a repair before execution (413.376251ms)
✔ LOOP-075: a malformed result line (sequence=9007199254740992) names a repair before execution (342.323345ms)
✔ LOOP-075: a malformed result line (history_digest=wrong) names a repair before execution (334.258858ms)
✔ LOOP-075: a malformed result line (tokens) names a repair before execution (316.749098ms)
✔ LOOP-075: a receipt-shaped directory is a named repair instead of an EISDIR crash (275.124973ms)
✔ LOOP-070: an earlier escalation cannot cover three new attempts after clock rollback (1704.533074ms)
✔ LOOP-070: an answer becomes old after a later check even if that check's timestamp is earlier (1345.334537ms)
✔ LOOP-070: the newest answer wins between checks even when its clock timestamp is older (637.633751ms)
✔ LOOP-070: legacy escalation dates cover old receipts but not three newer sequenced runs (4755.926514ms)
✔ a PKG requirement the commitment does not name is declared, run, and gates Done (PKG-011) (1734.679965ms)
✔ a PKG requirement in a Draft spec is not folded in (390.13434ms)
✔ LOOP-076, LOOP-079: stale inputs identify the receipt and the check to run (878.245327ms)
✔ LOOP-077: names a content change using checked input identity (583.397197ms)
✔ LOOP-077: names a mode change using checked input identity (532.072345ms)
✔ LOOP-077: names a kind change using checked input identity (564.293506ms)
✔ LOOP-077: names a added change using checked input identity (545.143968ms)
✔ LOOP-077: names a removed change using checked input identity (455.84308ms)
✔ LOOP-077: names a link-target change using checked input identity (818.309701ms)
✔ LOOP-077: changed selection compares the old and new input sets (468.92043ms)
✔ LOOP-077: raw CRLF changes remain visible when Git-clean content agrees (379.006051ms)
✔ LOOP-077: detail output is sorted, bounded, and reports the omitted count (371.846097ms)
✔ LOOP-077: filenames cannot inject lines or terminal controls into explanations (343.524036ms)
✔ LOOP-077: receipts from one run share details and do not store source contents (265.406105ms)
✔ LOOP-078, LOOP-080: legacy optional detail limits explanation without changing standing (472.407237ms)
✔ LOOP-078, LOOP-080: invalid-field optional detail limits explanation without changing standing (454.47675ms)
✔ LOOP-078, LOOP-080: missing optional detail limits explanation without changing standing (439.277404ms)
✔ LOOP-078, LOOP-080: invalid-json optional detail limits explanation without changing standing (516.042223ms)
✔ LOOP-078, LOOP-080: mismatched optional detail limits explanation without changing standing (469.885928ms)
✔ LOOP-078, LOOP-080: duplicate optional detail limits explanation without changing standing (560.241931ms)
✔ LOOP-078, LOOP-080: unsafe-path optional detail limits explanation without changing standing (467.562111ms)
✔ LOOP-078, LOOP-080: directory optional detail limits explanation without changing standing (462.402971ms)
✔ LOOP-078, LOOP-080: symlink optional detail limits explanation without changing standing (851.255573ms)
✔ LOOP-078: unavailable old requirement text is not claimed as a proven change (747.832461ms)
✔ LOOP-076, LOOP-079: changed requirements identify evidence and retain review-before-check guidance (468.460573ms)
✔ LOOP-078: simultaneous input and output damage keep both reasons (1064.818586ms)
✔ LOOP-080: deterministic freshness sequence seed=7 (8173.28165ms)
✔ LOOP-080: deterministic freshness sequence seed=42 (10507.621322ms)
✔ LOOP-080: deterministic freshness sequence seed=913 (23281.900063ms)
✔ LOOP-080: agreement changes, mechanism review, checks, and completion review retain priority (12666.994522ms)
✔ LOOP-080: imported receipt history demands a rerun without a false input explanation (1671.534845ms)
✔ LOOP-073: clean CRLF input completes under attributes (685.889504ms)
✔ LOOP-073: clean CRLF input completes under autocrlf (499.838477ms)
✔ LOOP-073: raw line-ending mutation during a run is rejected even when Git still sees the same content (237.300676ms)
✔ LOOP-073: execution evidence changes when clean conversion preserves committed identity (824.894681ms)
✔ LOOP-073: Git clean filters use Git's conversion while retaining raw evidence identity (440.278346ms)
✔ LOOP-073: failure of a required Git filter cannot record evidence (120.334482ms)
✔ LOOP-073: a clean filter moving HEAD during ending validation prevents evidence (312.974847ms)
✔ LOOP-073: canonical Git identities handle links without reading their targets (408.298267ms)
✔ LOOP-073: Git conversion keeps raw Unicode and control-character input paths (373.646043ms)
✔ LOOP-073: conversion and links work in a SHA-256 Git repository (491.620324ms)
✔ LOOP-074: historical specification filename "café.md" remains reviewable (404.242087ms)
✔ LOOP-074: historical specification filename "spec\ttab.md" remains reviewable (340.65648ms)
✔ LOOP-074: historical specification filename "spec\nline.md" remains reviewable (310.573108ms)
✔ help works outside a repository without running a command (PKG-017) (591.002552ms)
✔ help does not hide invalid options or consume literal arguments (151.281795ms)
✔ help lists the lint command (PKG-028, PKG-017) (44.669306ms)
✔ the stop hook refuses a stop while wake says Resolvable, with the verdict as the reason (PKG-018) (392.888069ms)
✔ the stop hook allows a stop at Done, at Escalate, and outside a Cairn repository (PKG-018) (923.77263ms)
✔ the session-start hook links the command once and prints the verdict in a Cairn repository (PKG-019, PKG-014, PKG-005) (394.957271ms)
✔ the session-start hook prints no verdict outside a Cairn repository and leaves an existing link that resolves alone (PKG-019) (44.39966ms)
✔ a checkout under a path with a space links a command that resolves, and its stop hook still blocks (PKG-019, PKG-021) (272.052169ms)
✔ the hooks run the kernel the command link resolves to, so hook and agent share one referee (PKG-021, LOOP-096) (808.199664ms)
✔ a dangling link is replaced and reported (PKG-019) (118.252924ms)
✔ errors exit 0 with one line on standard error and no stack trace (PKG-022) (213.652943ms)
✔ the hooks judge with the cairn on PATH, a wrapper included, and session-start names it (PKG-033) (807.340498ms)
✔ a link whose target exists is kept, whatever it is; only a dangling one is replaced (PKG-034) (405.47167ms)
✔ a project below the Git toplevel gets the verdict and the stop refusal (PKG-035) (267.514897ms)
✔ a kernel that prints no verdict is one stderr line: the stop is allowed and session-start prints no trace (PKG-036) (145.544112ms)
✔ a link that cannot be created is one stderr line, and the verdict still prints (PKG-019, PKG-022) (137.188999ms)
✔ with git absent the hooks say so in one line and block nothing (PKG-022) (75.050336ms)
✔ cairn lint runs the checker over docs/spec by default and over a named directory (PKG-028) (429.599143ms)
✔ cairn lint names a missing directory in one line, takes one argument, and reports a bad root (PKG-028) (184.843986ms)
✔ three megabytes are retained exactly once with matching digests (LOOP-041, LOOP-042) (513.223183ms)
✔ split stdout result lines survive a long non-result line; stderr is never a verdict (335.642961ms)
✔ signal termination is recorded and logs survive a clone (LOOP-043) (332.810502ms)
✔ working agreements and ignore changes are Cairn records inside the footprint (356.071917ms)
✔ a clean package passes (306.015401ms)
✔ PKG-001: a dependency, or a service manifest (133.373369ms)
✔ PKG-002: ignoring evidence or other durable state (69.682262ms)
✔ PKG-003: a command, a directory, or a record kind no decision names (258.188904ms)
✔ PKG-004: a kernel over 1600 lines (66.726238ms)
✔ PKG-006: a skill step naming a vendor's product (88.516643ms)
✔ PKG-008: a non-ASCII character in a tracked text file (87.443736ms)
✔ PKG-009: the kernel importing from tests (72.539474ms)
✔ PKG-012: a network call or a model vendor in the kernel (145.558244ms)
✔ PKG-013: deferral language, but not in code, quotes, or a rule (152.892577ms)
✔ a tracked path deleted from the working tree is skipped, not a crash (69.743255ms)
✔ a sentence in a Formats section is not a record kind (85.896788ms)
✔ a record kind named by its path alone is checked (72.275635ms)
✔ PKG-002: a tracked in-progress record (70.692466ms)
✔ PKG-002: ignoring evidence alone is a finding (72.384586ms)
✔ PKG-003 reads the kernel's commands from its help output (PKG-023) (108.229311ms)
✔ the ASCII scan covers shipped files, not records under .cairn/ (PKG-024) (56.041448ms)
✔ a vendor-naming step wrapped across lines is matched (PKG-006, PKG-027) (150.724624ms)
✔ PKG-013 scans the README, the manual, and the walkthrough (PKG-032) (213.241788ms)
✔ LOOP-071: decision body metadata does not resolve unbuilt work: "Superseded by: example" (830.397975ms)
✔ LOOP-071: decision body metadata does not resolve unbuilt work: "```text\nSuperseded by: example\n```" (573.496509ms)
✔ LOOP-071: decision body metadata does not resolve unbuilt work: "~~~text\nSuperseded by: example\n~~~" (555.717116ms)
✔ LOOP-071: a fenced realization example is not a resolving commit (524.395929ms)
✔ LOOP-071: a fenced commit inside the realization section is not built (444.307951ms)
✔ LOOP-071: ## Example cannot replace an open review finding (469.78245ms)
✔ LOOP-071: # Example cannot replace an open review finding (450.290956ms)
✔ LOOP-071: ### Example cannot replace an open review finding (530.551087ms)
✔ LOOP-071:   ## Example cannot replace an open review finding (482.169007ms)
✔ LOOP-071: Example paragraph. cannot replace an open review finding (388.749697ms)
✔ LOOP-071: Example
------- cannot replace an open review finding (369.949815ms)
✔ LOOP-071: fenced fields before a real review header are ignored (352.41385ms)
✔ LOOP-071: multiline decision --title cannot inject metadata (285.460354ms)
✔ LOOP-071: multiline decision --decided-by cannot inject metadata (441.283646ms)
✔ LOOP-071: multiline decision --rests-on cannot inject metadata (315.339983ms)
✔ LOOP-071: multiline decision --wrong-if cannot inject metadata (308.529268ms)
✔ LOOP-071: multiline decision --history cannot inject metadata (276.542417ms)
✔ LOOP-072: malformed Blocking concerns stay open: "R-001\nAnswer: ok" (78.7797ms)
✔ LOOP-072: malformed Blocking concerns stay open: "R-001\r\nAnswer: ok" (92.801632ms)
✔ LOOP-072: malformed Blocking concerns stay open: "R-001\rAnswer: ok" (103.843293ms)
✔ LOOP-072: malformed Blocking concerns stay open: "R-001 Answer: ok" (110.298836ms)
✔ LOOP-072: malformed Blocking concerns stay open: "R-001 Answer: ok" (110.926514ms)
✔ LOOP-072: ordinary malformed concerns are refused: "R-001\nR-002" (55.242906ms)
✔ LOOP-072: ordinary malformed concerns are refused: "R-001, prose" (41.299211ms)
✔ LOOP-072: ordinary malformed concerns are refused: " " (54.725947ms)
✔ LOOP-072: a Blocking escalation without concerns is still presented (91.330255ms)
✔ LOOP-072: carriage returns in a Blocking question do not create answer records (98.758271ms)
✔ LOOP-072: explanation separator 8232 cannot close an escalation (255.175646ms)
✔ LOOP-071: decision metadata refuses separator 8232 (327.182047ms)
✔ LOOP-072: explanation separator 8233 cannot close an escalation (166.815588ms)
✔ LOOP-071: decision metadata refuses separator 8233 (310.863308ms)
✔ Concerns, Rests on, and Promoted from written as lists read as the flat form (LOOP-124) (831.803402ms)
✔ an item named by filename, path, or backticked slug resolves like the slug (LOOP-125) (568.304547ms)
✔ an input that covers Cairn's own output is named as the repair, before and after a check (LOOP-126, LOOP-105) (541.909176ms)
✔ an unreadable record directory is a repair, not an error exit (LOOP-127) (164.087292ms)
✔ a title that slugifies to nothing is refused (LOOP-128) (128.340465ms)
✔ examined: [] is an empty list (LOOP-129, LOOP-108) (360.781056ms)
✔ below the Git toplevel the restore check compares root-relative paths (LOOP-130, LOOP-035) (299.145624ms)
✔ a Consequential record this commitment added needs its queue entry committed (LOOP-131, DEC-004) (530.784604ms)
✔ a mechanism that removes the check lock still gets its evidence, with no repair for the lock (LOOP-107) (235.591094ms)
✔ a staged rename reads as its two paths, never as a bare origin token (LOOP-030, LOOP-110) (93.255416ms)
✔ a Current: line inside a fenced example is not a second Current: line (LOOP-104) (88.972653ms)
✔ a Status: word is taken only from a line that carries one, never from wrapped prose after it (SPEC-018) (0.874745ms)
✔ an unmatched input is refused before execution (LOOP-044) (372.796867ms)
✔ an indexed input deleted on disk asks for a commit (LOOP-045) (132.131362ms)
✔ wake and check require a Git working tree (LOOP-046) (147.695537ms)
✔ recovery removes only dead kernel run records and identifies a live owner (LOOP-054, LOOP-055) (330.332019ms)
✔ an agent action based behind a clean HEAD appears committed (LOOP-027) (264.382891ms)
✔ realization needs a real commit and a subject (DEC-006) (231.740653ms)
✔ 1500 binary inputs digest identically at the review commit in under a second (LOOP-024) (1178.991337ms)
✔ merged work is excluded but a later own commit is a breach (LOOP-047) (275.663093ms)
✔ exact Current tenure ignores prefix matches and earlier visits to the same slug (LOOP-035) (340.108453ms)
✔ a kernel run records its supervising PID (LOOP-054) (206.759418ms)
✔ a merged declared input still stales evidence (LOOP-047) (404.799415ms)
✔ wildcard and magic pathspecs select the same historical inputs (LOOP-024, LOOP-032) (1925.208808ms)
✔ historical selection retains deleted files and excludes new ones (LOOP-024, LOOP-035) (1215.674544ms)
✔ explicit reporting with no lines and exit 0 establishes no requirement verdicts (LOOP-061) (601.393487ms)
✔ explicit reporting with no lines and exit 1 establishes no requirement verdicts (LOOP-061) (411.82236ms)
✔ a reporter that cannot start keeps execution diagnostics without blaming requirements (LOOP-062) (275.765072ms)
✔ large output cannot kill a reporter or invent a requirement verdict (335.963533ms)
✔ explicit mode ignores cairn: R-999: pass (265.677058ms)
✔ explicit mode ignores cairn: R-001: unverified (346.794791ms)
✔ explicit mode ignores cairn: R-001: passed (242.423626ms)
✔ explicit results survive nonzero exit and contradictory duplicates still fail (484.524183ms)
✔ unverified results across changed inputs never become failed attempts (1375.775117ms)
✔ legacy exit 0 retains its interpretation (266.030372ms)
✔ legacy exit 1 retains its interpretation (197.138042ms)
✔ a misspelled reporting mode is refused before execution (116.270368ms)
✔ changed requirement blocks unchecked reruns and makes the completion review stale (LOOP-058, LOOP-059) (1823.853414ms)
✔ falsifier changes need review; separate rationale and other requirements do not change a receipt (982.945108ms)
✔ legacy receipts recover requirement identity from their commit; unavailable history requires review (726.318409ms)
✔ check refuses uncommitted requirement text and mechanism review markers (820.000073ms)
✔ tightened response limit cannot reuse the old passing check (1280.158173ms)
✔ a declared input over 1 MiB agrees at a commit and in the tree (LOOP-060) (455.784235ms)
✔ a failed Git blob read cannot be hashed as an empty blob (326.384207ms)
✔ Git listings over 1 MiB include the last declared input (2284.162817ms)
✔ requirement identity excludes fenced examples and status dates (468.742148ms)
✔ DemonCoder REM-002 and Status in progress cannot silently satisfy the review gate (LOOP-086) (972.964125ms)
✔ valid open findings retain their behavior (458.145229ms)
✔ valid resolved findings retain their behavior (440.751666ms)
✔ valid empty findings retain their behavior (443.616025ms)
✔ valid mixed valid findings retain their behavior (391.492598ms)
✔ malformed finding "open:" requires repair (367.588875ms)
✔ malformed finding "resolved:   " requires repair (336.252013ms)
✔ malformed finding "Open: incorrect case" requires repair (321.732225ms)
✔ malformed finding "unknown: issue" requires repair (382.58103ms)
✔ malformed finding "\u001b[31mBAD: issue" requires repair (382.577339ms)
✔ the established explicit empty findings list remains valid (363.277257ms)
✔ a scalar findings value requires the supported list format (271.144957ms)
✔ a Requirements: line written as a list is read like the flat form (LOOP-102) (338.008191ms)
✔ a subdirectory or a README in a record directory changes nothing (LOOP-103) (459.11237ms)
✔ two Current: lines are a roadmap repair (LOOP-019, LOOP-104) (78.725867ms)
✔ a repeated identifier, an input under the evidence directory, and a missing cwd are refused by name (LOOP-105) (409.544367ms)
✔ a requirement whose evidence outlives its mechanism is named declare, not a regression or an escalation (LOOP-106) (983.8969ms)
✔ an unreadable record is a repair, not an error exit (LOOP-107) (88.955251ms)
✔ a review needs commit, a nonempty examined list, and a findings list, each named when missing (LOOP-108) (851.514389ms)
✔ a decision record missing a header field or naming a missing predecessor is a repair (LOOP-109) (304.034246ms)
✔ a dirty declared input with no in-progress record is named record ahead of run (LOOP-022, LOOP-110) (232.691058ms)
✔ with core.filemode false the index mode is the identity, so a mode-only difference does not refuse the check (LOOP-111) (190.967646ms)
✔ a project below the Git toplevel can run check (LOOP-112) (358.154209ms)
✔ a shallow clone names history to fetch, not a decision to build (LOOP-113) (377.677795ms)
✔ record-writing commands refuse to run outside a Cairn repository and write nothing (LOOP-118, LOOP-046) (204.26153ms)
✔ empty footprint names declaration before scope and records no evidence (LOOP-081) (731.472952ms)
✔ first declaration still checks the full earlier history (LOOP-081) (401.247399ms)
✔ an empty current footprint does not block an explicitly requested existing mechanism (LOOP-081) (278.873739ms)
✔ an inherited mechanism provides a footprint even before local mechanisms exist (278.802078ms)
✔ scope reports every path, escapes line breaks, and gives identical remedies (LOOP-082) (225.196042ms)
✔ scope verdict reuses the answered-escalation annotation (LOOP-048, LOOP-051, LOOP-083) (643.186575ms)
✔ a committed scope acknowledgment lets restored history proceed (LOOP-083) (606.104941ms)
✔ scope acknowledgment must be committed before it can clear a breach (604.017756ms)
✔ ordinary ok does not acknowledge scope history (401.197782ms)
✔ scope escalation refuses unrestored paths and names the restoration remedy (260.244294ms)
✔ an invalid scope request still records an explicitly Blocking decision (159.250704ms)
✔ ask and explanation stay open; only the final committed ok acknowledges scope (670.00196ms)
✔ instead is visible but does not silently authorize a scope exception (352.058265ms)
✔ later changes to an acknowledged path still block, including later reverts (1115.713512ms)
✔ approval cannot hide another path changed after the snapshot (371.311024ms)
✔ acknowledged history remains conditional on the paths staying restored (510.67982ms)
✔ editing the scope snapshot after answer invalidates its acknowledgment (309.960645ms)
✔ malformed scope metadata cannot suppress a breach (1560.259536ms)
✔ damaged acknowledgment fields cannot suppress a breach (556.204254ms)
✔ scope path matching is literal, including wildcard filenames and control characters (1042.737265ms)
✔ scope acknowledgment does not carry into another activation of the same slug (561.092709ms)
✔ restoration checks additions, deletions, executable modes, and symlink kinds (2967.420254ms)
✔ explicit committed retention keeps correct work and requires new evidence and review (LOOP-084, LOOP-085) (2128.333315ms)
✔ a missing declaration covers correct earlier work without retention or revert (466.963181ms)
✔ keep requires scope and an unchanged committed candidate (208.484864ms)
✔ uncommitted retention and instead answers cannot clear the incident (992.662556ms)
✔ retention does not grant future edits, even when reverted to the approved tree (1381.899514ms)
✔ retention cannot cover another path or another activation (537.020588ms)
✔ imported changes must still match the retained tree (525.902098ms)
✔ retention handles additions, deletions, modes, symlinks, and literal filenames (2080.427518ms)
✔ retention cannot convert an existing restoration answer or accept an unknown mode (537.953591ms)
✔ a check failure after retention remains a failure (693.032637ms)
✔ retained paths stay part of the stable checked candidate without extending its footprint (598.64683ms)
✔ retention ask needs an explanation and final committed approval (1128.49109ms)
✔ an unknown scope mode remains invalid even with a matching approval digest (436.533548ms)
✔ backlog writes the item; a second with the same title is refused, never overwritten (LOOP-016) (363.282241ms)
✔ a commit inside the footprint: check runs; outside it: check names the path and does not run (LOOP-015, LOOP-035) (553.482362ms)
✔ Cairn's records are never a breach; another file under docs/ is (LOOP-117) (637.922511ms)
✔ declaring the path as an input clears the breach (274.717452ms)
✔ a revert preserves the record of an out-of-scope commit (LOOP-047) (272.366276ms)
✔ a commitment naming a requirement the spec set does not hold as Agreed is repaired (LOOP-029) (84.145689ms)
✔ a requirement in a Draft spec file is not Agreed (111.751121ms)
✔ working agreements and the ignore file are Cairn records (LOOP-035, LOOP-036) (390.410978ms)
✔ the over-asking rule is gone from both skills (SPEC-005, SPEC-006, SPEC-007) (0.604397ms)
✔ a decision during the phase is recorded (DEC-003) (0.061756ms)
✔ understanding is restated before writing (SPEC-003) (0.057449ms)
✔ falsifiers are proposed as one set and confirmed by exception (SPEC-004) (0.08181ms)
✔ depth is inferred and domains derived, never asked or imposed (SPEC-008, SPEC-009) (0.062748ms)
✔ a term enters the glossary at first occurrence (SPEC-010) (0.037619ms)
✔ the phase ends at the first commitment, and later ones are specified during the loop (SPEC-011, SPEC-012) (0.042997ms)
✔ a requirement goes Agreed only with a nameable mechanism (SPEC-013) (0.039499ms)
✔ review before agreement, recording what it attacked (SPEC-014, SPEC-015) (0.061495ms)
✔ no spec file without requirements; nothing Agreed without a falsifier (SPEC-001, SPEC-002) (0.094598ms)
✔ Observed is marked, and is not contract (SPEC-016, SPEC-017) (0.05727ms)
✔ the skills exclude artifacts outside Cairn's workflow (0.080808ms)
✔ the working agreement names the agent's move for each verdict and the write-ahead record (LOOP-036) (0.13284ms)
✔ the working agreement names the developer's moves (LOOP-036, DEC-014) (0.109467ms)
✔ this repository runs by the file it ships (0.307162ms)
✔ both skills write the working agreement without naming a vendor's file (LOOP-002, LOOP-036, PKG-006) (0.102284ms)
✔ the working agreement says what an attempt is (LOOP-036, DEC-017, DEC-018) (0.066723ms)
✔ the working agreement says a failure no footprint change can address is an escalation, and where an inherited requirement is repaired (DEC-019, LOOP-057) (0.070667ms)
✔ the working agreement states the promote, next-iteration, and no-deferral moves (LOOP-029, LOOP-087, LOOP-091, LOOP-092) (0.079279ms)
✔ both skills sort captures into the backlog or next-iteration and forbid deferral (LOOP-029, LOOP-092, LOOP-093) (0.071146ms)
✔ the skill requires a falsifier on every requirement, a MAY included (SPEC-025) (0.063704ms)
✔ the working agreement names the hooks as optional and the install skill registers them for two harnesses (PKG-006, PKG-018, PKG-019) (0.172901ms)
✔ the working agreement says the kernel is upgraded at Done, never inside a commitment (LOOP-096) (0.064876ms)
✔ the next-iteration skill starts from the specification and ends by naming the next commitment (SPEC-026, SPEC-027) (0.206867ms)
✔ every document that names the project skills names next-iteration beside them (SPEC-026, PKG-014) (1.888697ms)
✔ the working agreement states a move for every action the kernel can name (LOOP-101) (1.123833ms)
✔ the working agreement states both record formats and the two flags the moves need (LOOP-036) (0.11678ms)
✔ the skills demonstrate a safe violating example and preserve recon findings (SPEC-022, SPEC-023) (0.070656ms)
✔ the specification skills run the checker through the cairn command (PKG-029) (0.484916ms)
✔ the README invokes the phase skills by name and states versions and platforms (PKG-030, PKG-031) (0.21539ms)
✔ the manual and the walkthrough say the loop promotes backlog items at Done (LOOP-087) (0.56269ms)
✔ a two-obligation sentence is named (PKG-007) (20.920994ms)
✔ an obligation with no actor is named (PKG-010) (19.112854ms)
✔ a leading condition clause is not the actor, and the actor after it counts (18.265176ms)
✔ an Agreed requirement with no falsifier is named (SPEC-002); a Draft one is not (38.177539ms)
✔ prose after a Draft requirement with no falsifier is not scanned as requirement text (17.911763ms)
✔ a spec declaring a prefix with no requirement is named (SPEC-001) (17.180235ms)
✔ a keyword in backticks or quotes is a mention, not an obligation (17.732765ms)
✔ duplicate identifiers are rejected within a file and across files (SPEC-020) (55.144451ms)
✔ references resolve across files; missing references name their source (SPEC-021) (75.710079ms)
✔ code examples and quoted mentions are neither definitions nor references (37.752826ms)
✔ machine-local paths are findings in prose, links, quotes, and examples (SPEC-019) (328.315859ms)
✔ relative paths, URLs, slash commands, and character mentions are not absolute path findings (43.801509ms)
✔ a slash after a placeholder continues the template (SPEC-019) (79.01848ms)
✔ a host path is a finding until the file declares it (SPEC-019, SPEC-024) (64.433579ms)
✔ declared host paths cover children with a slash boundary and stay file-local (133.29944ms)
✔ a host-path declaration inside a requirement or example grants no exception (120.728478ms)
✔ host-path declarations require absolute or home-relative entries (190.787584ms)
✔ an Agreed block whose only keyword is MAY needs a falsifier like any other (SPEC-025, SPEC-002) (80.021854ms)
✔ a regex literal is not a path, a drive path and a file URL are, and a skill's slash name is allowed (SPEC-028, SPEC-029) (23.97077ms)
✔ a backticked or quoted actor still counts as one (PKG-010) (34.962014ms)
✔ supersede writes both lines, and the old record keeps every word it had (DEC-008, DEC-010) (76.703ms)
✔ supersede without a cause, or with one outside the four, is refused (DEC-009) (120.9709ms)
✔ supersede of a record that does not exist is refused (113.043709ms)
✔ a predecessor with no title line cannot be stamped, so nothing is written (76.501615ms)
✔ reversals reports counts by decider, cause, and domain (DEC-011) (193.307688ms)
✔ decide in a domain with a reversal is refused without --history, naming the reversal; with it, the record carries History (DEC-012) (171.658593ms)
✔ decide in a domain with no reversals needs no --history (160.707775ms)
✔ a record resting on prose alone is in the domain unspecified, and so is the next one (126.100362ms)
✔ a second declaration for one requirement is accepted, a named check runs every mechanism, and Done needs each to pass (LOOP-056, LOOP-099) (1724.859184ms)
✔ one mechanism's stale evidence names that mechanism, and --stale runs only it (LOOP-056, LOOP-094) (750.493285ms)
✔ attempts are counted within one mechanism's records, so the other's passes do not reset them (LOOP-100, DEC-016) (1473.507324ms)
✔ step 1: an in-progress record is reconciled before anything else (105.351361ms)
✔ step 2: an open escalation is presented and nothing else happens (84.376978ms)
✔ an answered escalation is not open (450.244951ms)
✔ step 3: a decision with no realized-by is built, first by name (DEC-007) (84.159933ms)
✔ a superseded decision with no realized-by is not work (184.246367ms)
✔ step 6: a mechanism that has never run is run, not implemented (LOOP-008) (109.026972ms)
✔ step 6: a requirement whose mechanism fails is implemented (447.044192ms)
✔ step 6 before step 7: failing evidence outranks a missing mechanism (329.386962ms)
✔ step 7: a requirement with no mechanism is declared (LOOP-006) (116.731995ms)
✔ step 10: every requirement current and passing, review clean, is Done (LOOP-004) (295.502978ms)
✔ malformed roadmap is Resolvable, not fatal (LOOP-005) (66.136196ms)
✔ a commitment naming no requirements is Resolvable (LOOP-018) (76.442251ms)
✔ the primary test: two wakes on the same checkout give the same action (LOOP-001, LOOP-003) (103.78113ms)
✔ outside a cairn repository wake cannot run (40.050899ms)
✔ the loop never waits on the review queue (DEC-015) (313.177748ms)
✔ the linked walkthrough runs from agreement through the next commitment (PKG-016) (1167.216575ms)
ℹ tests 450
ℹ suites 0
ℹ pass 450
ℹ fail 0
ℹ cancelled 0
ℹ skipped 0
ℹ todo 0
ℹ duration_ms 56388.473231
