✔ a Draft block overrides an Agreed file for both wake and check (SPEC-018) (270.715955ms)
✔ an Agreed block overrides a Draft file in the kernel and lint (SPEC-018, SPEC-002) (635.002085ms)
✔ a block Status does not become the file default, including inside examples (SPEC-018) (343.904786ms)
✔ block status without a value does not inherit Agreed by accident (SPEC-018) (89.869356ms)
✔ inheritance needs a file Scope and includes only Agreed blocks, regardless of prefix (PKG-015) (1595.995939ms)
✔ Scope inside a requirement or fenced example does not declare inheritance (PKG-015) (698.046467ms)
✔ a falsifier wrapped onto a line beginning with Status: does not become the block's status (SPEC-018) (0.941704ms)
✔ LOOP-063: reject input mutation during a check and retain diagnostics (462.172741ms)
✔ LOOP-063: reject deletion mutation during a check and retain diagnostics (420.122824ms)
✔ LOOP-063: reject addition mutation during a check and retain diagnostics (409.415711ms)
✔ LOOP-063: reject mode mutation during a check and retain diagnostics (380.338649ms)
✔ LOOP-063: reject specification mutation during a check and retain diagnostics (408.06714ms)
✔ LOOP-063: reject declaration mutation during a check and retain diagnostics (362.280675ms)
✔ LOOP-063: reject commit mutation during a check and retain diagnostics (343.498858ms)
✔ LOOP-063: committed input mutation during execution cannot certify the replacement (300.606816ms)
✔ LOOP-064: removing executable permission makes passing evidence stale (478.721926ms)
✔ LOOP-064: a mode-only change also invalidates the previous review after new evidence (686.462358ms)
✔ LOOP-064: changing a regular file into a link with identical identity bytes is stale (749.895586ms)
✔ LOOP-063: an unchanged candidate still records a pass despite unrelated working-tree edits (208.619793ms)
✔ LOOP-064: current and historical input ordering agrees for Unicode filenames (265.279324ms)
✔ LOOP-063: Git status hiding content changes cannot certify an uncommitted candidate (117.37824ms)
✔ LOOP-066: one check owns execution with a kernel action record (569.085293ms)
✔ LOOP-066: one check owns execution with an agent action record (450.120565ms)
✔ LOOP-066: a live lock is named and never silently overwritten (134.094194ms)
✔ LOOP-066: a dead lock is named and never silently overwritten (134.452441ms)
✔ LOOP-066: a incomplete lock is named and never silently overwritten (161.821719ms)
✔ LOOP-066: an execution error releases the check lock for a corrected rerun (462.570849ms)
✔ LOOP-066: a live kernel action from an older Cairn also blocks execution (97.579035ms)
✔ LOOP-066: separate Git worktrees can run checks independently (479.247504ms)
✔ after a green check --stale runs nothing; after one input changes it runs only that mechanism (LOOP-094) (1055.923675ms)
✔ a mechanism speaking for two stale requirements runs once and refreshes both (LOOP-094, LOOP-040) (632.602642ms)
✔ a fresh failure and an unverified result are skipped with implement named (LOOP-094) (625.43962ms)
✔ --stale with a requirement identifier is refused (LOOP-094) (75.806018ms)
✔ check refuses a dirty declared input and names it; a dirty undeclared file does not block (LOOP-030) (522.854927ms)
✔ check writes one receipt per run carrying the full record and a result line per requirement (LOOP-097) (384.333907ms)
✔ a nonzero exit records fail, and the receipt keeps the exit code (LOOP-034) (345.482061ms)
✔ a pass after a fail keeps the failing record; nothing is overwritten or deleted (LOOP-025) (614.04476ms)
✔ a commit changing a declared input makes evidence stale; an undeclared one does not (LOOP-007) (732.293648ms)
✔ a regression is named before a requirement that never passed (LOOP-031) (831.206561ms)
✔ three attempts with no escalation since: wake says escalate, not a fourth (DEC-016, DEC-017, DEC-018) (1962.214088ms)
✔ the review gate: no review, stale review, open finding, then Done (LOOP-020, LOOP-033) (868.851223ms)
✔ Done is refused while any requirement lacks current passing evidence (LOOP-017) (80.933833ms)
✔ check names a requested requirement that no mechanism claims (92.304686ms)
✔ check writes the in-progress record before the run and clears it after (LOOP-021) (151.174265ms)
✔ a linked declared input digests the same at a commit and in the tree (LOOP-023, LOOP-024) (351.995449ms)
✔ a result line is the mechanism's statement about one requirement; what it did not mention is unverified (LOOP-037, LOOP-052) (179.724384ms)
✔ a mechanism that says nothing is read by its exit code for every requirement (LOOP-039) (167.283289ms)
✔ unverified is not an attempt, and a return to an earlier failed digest counts once (DEC-017, DEC-018) (1500.059508ms)
✔ a result line for a requirement the mechanism does not speak for is named and writes nothing (LOOP-038) (179.673981ms)
✔ a result line inside ordinary output, or without the marker, does not count (150.082008ms)
✔ a targeted check runs the named requirements' mechanisms and records every requirement they speak for (LOOP-040) (184.559257ms)
✔ two result lines for one requirement: a fail on any line wins (162.30423ms)
✔ three runs at one digest with no attempt since: the verdict stays implement and names DEC-019; an escalation naming it among others clears the hint (DEC-019, LOOP-053) (866.458019ms)
✔ a complete commitment with an unpromoted backlog item names promote, and a stamped item lets it reach Done (LOOP-087) (1025.923737ms)
✔ an empty backlog with waiting next-iteration items is Done, with the count as information and no action on them (LOOP-091) (796.644636ms)
✔ a promotion marker must resolve to a decision record (LOOP-088) (273.035122ms)
✔ a commitment promoted from an item needs a decision record naming the item (LOOP-088) (278.991851ms)
✔ the spec lint reports a promotion marker with no decision record (LOOP-088) (90.005491ms)
✔ a promoted commitment that changes an Agreed requirement or the working agreement is an escalation; an unpromoted one is not (LOOP-089, LOOP-090) (1355.168667ms)
✔ a capture from one of the commitment's own requirements needs Outside because: or an escalation (LOOP-092) (1425.399505ms)
✔ a next-iteration item names what it would change, and the capture refuses one that does not (LOOP-093) (354.636023ms)
✔ a commitment specified from a next-iteration item needs the item stamped before anything else (SPEC-027) (458.655389ms)
✔ a by deference marker resolves to a decision record like a promotion marker (SPEC-002, LOOP-088) (176.673412ms)
✔ the LOOP-090 gate reads the Concerns line, not the slug as a substring (LOOP-114) (485.191146ms)
✔ the LOOP-088 check reads the Promotes line, and decide --promotes writes it (LOOP-115) (220.716274ms)
✔ the activation commit of a promoted commitment is inside the LOOP-089 comparison (LOOP-116) (123.252115ms)
✔ the LOOP-090 route needs one escalation: its Concerns line covers the moved item too (LOOP-119, LOOP-092, LOOP-114) (605.199062ms)
✔ an escalation raised before the promoted commitment began does not silence the LOOP-090 gate (LOOP-114) (288.564122ms)
✔ an escalation raised before the commitment began does not silence the capture gate (LOOP-119) (289.314989ms)
✔ the activation commit is inside the scope footprint (LOOP-120) (93.66904ms)
✔ a requirement Agreed at activation that is demoted or removed is a contract change (LOOP-121) (568.686547ms)
✔ the include files are the root files that hold @AGENTS.md: exempt from the footprint, compared by the gate (LOOP-122) (1006.640131ms)
✔ a superseded promotion no longer satisfies the LOOP-088 check, and the repair says the promotion was reversed (LOOP-123) (446.02328ms)
✔ the restore route measures from the tree before activation, so a path the activation commit added must go (LOOP-120, LOOP-035) (181.967398ms)
✔ the loop works against exactly one commitment: the current one (LOOP-019) (352.938873ms)
✔ a promotion recorded below Consequential is a repair naming the level, since the developer never sees it in the queue (LOOP-088) (73.929351ms)
✔ every requirement the node-test declaration speaks for is named in a test title (PKG-025) (2.882332ms)
✔ every repository path the tests read is a declared input of node-test (PKG-026) (1.134756ms)
✔ writes a record with every required field and an empty realized-by (DEC-001, DEC-005) (122.495307ms)
✔ a Consequential decision is queued for review (DEC-013) (70.123569ms)
✔ a Consequential decision is queued even when .cairn/queue does not exist yet (131.799414ms)
✔ Routine is refused: routine decisions produce no record (76.90682ms)
✔ a missing field is a usage error and nothing is written (85.091565ms)
✔ supersedes requires a classified cause, and the old record must exist (258.190192ms)
✔ an existing record is not overwritten (130.347947ms)
✔ a queued decision stays queued; nothing but the developer removes it (DEC-014) (222.588511ms)
✔ each accepted decider is stored lowercase, whatever case it was typed in (DEC-020) (519.601924ms)
✔ a decider outside the vocabulary is a usage error naming all three, and nothing is written (DEC-020) (431.87928ms)
✔ an empty --decided-by is the missing-field error, not the vocabulary one (77.39203ms)
✔ LOOP-006, LOOP-067: missing inputs names a declaration repair before execution (278.228348ms)
✔ LOOP-006, LOOP-067: empty inputs names a declaration repair before execution (177.99011ms)
✔ LOOP-006, LOOP-067: missing command names a declaration repair before execution (159.99623ms)
✔ LOOP-006, LOOP-067: list command names a declaration repair before execution (167.803027ms)
✔ LOOP-006, LOOP-067: empty command names a declaration repair before execution (151.906357ms)
✔ LOOP-006, LOOP-067: missing requirements names a declaration repair before execution (131.450504ms)
✔ LOOP-006, LOOP-067: bad identifier names a declaration repair before execution (148.908732ms)
✔ LOOP-067: scalar one-item lists retain their existing meaning (287.24274ms)
✔ LOOP-068: a unpopulated gitlink is refused by name (180.824157ms)
✔ LOOP-068: a populated gitlink is refused by name (179.516656ms)
✔ LOOP-069: identical selections across 100 mechanisms use at most 20 Git processes (161.381622ms)
✔ escalate writes the six-line format followed by its facts, and wake presents it (LOOP-010, LOOP-026) (197.306868ms)
✔ a missing or multi-line field is refused with the field named, and nothing is written (LOOP-012) (147.020776ms)
✔ a Blocking escalation that fails the format is written anyway, naming the malformed field (LOOP-013) (151.037681ms)
✔ the loop stops for the developer only at Blocking: a recorded decision below it never yields Escalate, and the Blocking bypass must be spelled exactly (DEC-002) (308.509083ms)
✔ a second escalation while one is open is refused (LOOP-011) (134.509131ms)
✔ answer records the reply; wake no longer presents it; a second answer is refused (279.949034ms)
✔ answer to an unknown escalation is refused (67.030752ms)
✔ a stranger resumes from the file alone: question and answer are both in it (LOOP-014) (119.790017ms)
✔ after an answer, the same concern can be escalated again under a new name (185.001013ms)
✔ an escalation exists when its file does, committed or not (LOOP-009) (83.07013ms)
✔ developer answers require one of the three forms and cannot inject fields (LOOP-048) (614.110184ms)
✔ ask, agent explanation, another ask, and ok stay ordered in one file (LOOP-049, LOOP-050, LOOP-014) (748.784864ms)
✔ fresh closed answers accompany only concerned requirements until new evidence (LOOP-051) (661.262438ms)
✔ a raised escalation carries no derivable status line, and an old record with one still parses (LOOP-028) (139.205872ms)
✔ LOOP-065: delete of output refuses Done and a new run recovers (1225.780646ms)
✔ LOOP-065: corrupt of output refuses Done and a new run recovers (1120.0446ms)
✔ LOOP-065: delete of stderr_output refuses Done and a new run recovers (927.178547ms)
✔ LOOP-065: corrupt of stderr_output refuses Done and a new run recovers (814.039323ms)
✔ LOOP-065: a receipt without output needs a new check (433.347719ms)
✔ LOOP-065: a receipt without output_digest needs a new check (402.359169ms)
✔ LOOP-065: a receipt without stderr_output needs a new check (403.103337ms)
✔ LOOP-065: a receipt without stderr_digest needs a new check (381.98269ms)
✔ LOOP-065: legacy unverifiable output is rerun without rewriting history (617.521242ms)
✔ a fresh record names the kernel that wrote it (LOOP-023) (280.28609ms)
✔ LOOP-095: a record from another kernel is stale with the kernel named, and a new check restores Done (680.505551ms)
✔ LOOP-095: a record from no kernel is stale with the kernel named, and a new check restores Done (622.059245ms)
✔ LOOP-070: a later failure is latest even when the clock moves backward (1066.44087ms)
✔ LOOP-070: receipt collisions at one clock instant retain execution order beyond nine suffixes (3134.954823ms)
✔ LOOP-070: imported branch receipts stale a later sequence until a new check incorporates them (1051.892203ms)
✔ LOOP-070, LOOP-098: legacy receipts need one ordered check, remain byte-for-byte unchanged, and precede the run receipt in the history (448.049156ms)
✔ LOOP-070: edit of a prior receipt requires fresh evidence (408.736871ms)
✔ LOOP-070: remove of a prior receipt requires fresh evidence (421.410094ms)
✔ LOOP-075: supporting evidence file README.md does not become a receipt (486.8269ms)
✔ LOOP-075: supporting evidence file notes.txt does not become a receipt (472.285337ms)
✔ LOOP-075: supporting evidence file support does not become a receipt (463.801838ms)
✔ LOOP-075: supporting evidence file .DS_Store does not become a receipt (479.493833ms)
✔ LOOP-075: a malformed result line (result=success) names a repair before execution (320.065066ms)
✔ LOOP-075: a malformed result line (sequence=NaN) names a repair before execution (336.72659ms)
✔ LOOP-075: a malformed result line (sequence=9007199254740992) names a repair before execution (298.034918ms)
✔ LOOP-075: a malformed result line (history_digest=wrong) names a repair before execution (317.212645ms)
✔ LOOP-075: a malformed result line (tokens) names a repair before execution (341.879301ms)
✔ LOOP-075: a receipt-shaped directory is a named repair instead of an EISDIR crash (264.348449ms)
✔ LOOP-070: an earlier escalation cannot cover three new attempts after clock rollback (944.615872ms)
✔ LOOP-070: an answer becomes old after a later check even if that check's timestamp is earlier (557.200258ms)
✔ LOOP-070: the newest answer wins between checks even when its clock timestamp is older (383.617437ms)
✔ LOOP-070: legacy escalation dates cover old receipts but not three newer sequenced runs (1218.685085ms)
✔ a PKG requirement the commitment does not name is declared, run, and gates Done (PKG-011) (1797.973315ms)
✔ a PKG requirement in a Draft spec is not folded in (433.125675ms)
✔ LOOP-076, LOOP-079: stale inputs identify the receipt and the check to run (794.11662ms)
✔ LOOP-077: names a content change using checked input identity (636.171967ms)
✔ LOOP-077: names a mode change using checked input identity (685.37489ms)
✔ LOOP-077: names a kind change using checked input identity (578.072949ms)
✔ LOOP-077: names a added change using checked input identity (493.351032ms)
✔ LOOP-077: names a removed change using checked input identity (460.743866ms)
✔ LOOP-077: names a link-target change using checked input identity (664.698625ms)
✔ LOOP-077: changed selection compares the old and new input sets (430.056713ms)
✔ LOOP-077: raw CRLF changes remain visible when Git-clean content agrees (395.534381ms)
✔ LOOP-077: detail output is sorted, bounded, and reports the omitted count (416.920249ms)
✔ LOOP-077: filenames cannot inject lines or terminal controls into explanations (366.244995ms)
✔ LOOP-077: receipts from one run share details and do not store source contents (272.682834ms)
✔ LOOP-078, LOOP-080: legacy optional detail limits explanation without changing standing (464.6424ms)
✔ LOOP-078, LOOP-080: invalid-field optional detail limits explanation without changing standing (456.755295ms)
✔ LOOP-078, LOOP-080: missing optional detail limits explanation without changing standing (483.853637ms)
✔ LOOP-078, LOOP-080: invalid-json optional detail limits explanation without changing standing (473.00051ms)
✔ LOOP-078, LOOP-080: mismatched optional detail limits explanation without changing standing (466.103865ms)
✔ LOOP-078, LOOP-080: duplicate optional detail limits explanation without changing standing (425.507278ms)
✔ LOOP-078, LOOP-080: unsafe-path optional detail limits explanation without changing standing (436.166218ms)
✔ LOOP-078, LOOP-080: directory optional detail limits explanation without changing standing (442.27509ms)
✔ LOOP-078, LOOP-080: symlink optional detail limits explanation without changing standing (450.777919ms)
✔ LOOP-078: unavailable old requirement text is not claimed as a proven change (366.38165ms)
✔ LOOP-076, LOOP-079: changed requirements identify evidence and retain review-before-check guidance (365.301546ms)
✔ LOOP-078: simultaneous input and output damage keep both reasons (359.181776ms)
✔ LOOP-080: deterministic freshness sequence seed=7 (8199.268339ms)
✔ LOOP-080: deterministic freshness sequence seed=42 (5561.072612ms)
✔ LOOP-080: deterministic freshness sequence seed=913 (4820.066488ms)
✔ LOOP-080: agreement changes, mechanism review, checks, and completion review retain priority (1310.387368ms)
✔ LOOP-080: imported receipt history demands a rerun without a false input explanation (1288.652126ms)
✔ LOOP-073: clean CRLF input completes under attributes (613.925452ms)
✔ LOOP-073: clean CRLF input completes under autocrlf (536.480883ms)
✔ LOOP-073: raw line-ending mutation during a run is rejected even when Git still sees the same content (230.598402ms)
✔ LOOP-073: execution evidence changes when clean conversion preserves committed identity (960.143417ms)
✔ LOOP-073: Git clean filters use Git's conversion while retaining raw evidence identity (447.621547ms)
✔ LOOP-073: failure of a required Git filter cannot record evidence (109.995231ms)
✔ LOOP-073: a clean filter moving HEAD during ending validation prevents evidence (548.093669ms)
✔ LOOP-073: canonical Git identities handle links without reading their targets (380.271448ms)
✔ LOOP-073: Git conversion keeps raw Unicode and control-character input paths (336.274216ms)
✔ LOOP-073: conversion and links work in a SHA-256 Git repository (345.994914ms)
✔ LOOP-074: historical specification filename "café.md" remains reviewable (375.187473ms)
✔ LOOP-074: historical specification filename "spec\ttab.md" remains reviewable (326.829408ms)
✔ LOOP-074: historical specification filename "spec\nline.md" remains reviewable (308.043103ms)
✔ help works outside a repository without running a command (PKG-017) (1131.910165ms)
✔ help does not hide invalid options or consume literal arguments (181.540842ms)
✔ help lists the lint command (PKG-017) (47.092199ms)
✔ the stop hook refuses a stop while wake says Resolvable, with the verdict as the reason (PKG-018) (242.100383ms)
✔ the stop hook allows a stop at Done, at Escalate, and outside a Cairn repository (PKG-018) (1089.809404ms)
✔ the session-start hook links the command once and prints the verdict in a Cairn repository (PKG-019, PKG-014, PKG-005) (442.84699ms)
✔ the session-start hook prints no verdict outside a Cairn repository and leaves an existing link that resolves alone (PKG-019) (55.278246ms)
✔ a checkout under a path with a space links a command that resolves, and its stop hook still blocks (PKG-019, PKG-021) (326.287162ms)
✔ the hooks run the kernel the command link resolves to, so hook and agent share one referee (PKG-021) (895.687155ms)
✔ a dangling link is replaced and reported (PKG-019) (148.956525ms)
✔ errors exit 0 with one line on standard error and no stack trace (PKG-022) (165.644381ms)
✔ the hooks judge with the cairn on PATH, a wrapper included, and session-start names it (PKG-033) (828.57353ms)
✔ a link to a wrapper or file is kept; a dangling link or one to a directory is replaced (PKG-034) (333.417171ms)
✔ a project below the Git toplevel gets the verdict and the stop refusal (PKG-035) (248.809957ms)
✔ a kernel that prints no verdict is one stderr line: the stop is allowed and session-start prints no trace (PKG-036) (145.61071ms)
✔ a link that cannot be created is one stderr line, and the verdict still prints (PKG-019, PKG-022) (135.321375ms)
✔ with git absent the hooks say so in one line and block nothing (PKG-022) (70.58829ms)
✔ cairn lint runs the checker over docs/spec by default and over a named directory (PKG-028) (255.079947ms)
✔ cairn lint names a missing directory in one line, takes one argument, and reports a bad root (PKG-028) (227.381918ms)
✔ three megabytes are retained exactly once with matching digests (LOOP-041, LOOP-042) (384.41111ms)
✔ split stdout result lines survive a long non-result line; stderr is never a verdict (396.205275ms)
✔ signal termination is recorded and logs survive a clone (LOOP-043) (339.987503ms)
✔ working agreements and ignore changes are Cairn records inside the footprint (325.28158ms)
✔ a clean package passes (151.51528ms)
✔ PKG-001: a dependency, or a service manifest (172.660111ms)
✔ PKG-002: ignoring evidence or other durable state, by directory or by extension (162.044491ms)
✔ PKG-003: a command, a directory, or a record kind no decision names (274.908864ms)
✔ PKG-004: a kernel over 1600 lines, counting every file under bin/ as wc -l does; exactly 1600 passes (325.914492ms)
✔ PKG-006: a skill step naming a vendor's product, in either order, across a wrapped list item (PKG-027) (345.127414ms)
✔ PKG-008: a non-ASCII character in a tracked text file (85.281313ms)
✔ PKG-009: the kernel importing from tests (77.156763ms)
✔ PKG-012: a network call or a model vendor in the kernel (161.73777ms)
✔ PKG-013: deferral language, but not in code, quotes, or a rule (579.682926ms)
✔ a tracked path deleted from the working tree is skipped, not a crash (66.625778ms)
✔ a sentence in a Formats section is not a record kind (82.066918ms)
✔ a record kind named by its path alone is checked (70.725926ms)
✔ PKG-002: a tracked in-progress record (67.108988ms)
✔ PKG-002: ignoring evidence alone is a finding (56.399191ms)
✔ PKG-003 reads the kernel's commands from its help output (PKG-023) (98.398448ms)
✔ the ASCII scan covers shipped files, not records under .cairn/ (PKG-024) (57.06095ms)
✔ a vendor-naming step wrapped across lines is matched (PKG-006, PKG-027) (69.16109ms)
✔ PKG-013 scans the README, the manual, and the walkthrough (PKG-032) (195.910114ms)
✔ the manifests, the listing and package.json agree on the name and version, and name paths the repository holds (PKG-037) (2.354163ms)
✔ the hooks file registers session-start and stop against the plugin's own hook.mjs through the plugin root variable (PKG-038) (0.258575ms)
✔ the registered commands print the verdict at session start, link the command into the plugin, and refuse a stop while wake says Resolvable (PKG-038, PKG-021) (389.96129ms)
✔ LOOP-071: decision body metadata does not resolve unbuilt work: "Superseded by: example" (699.114887ms)
✔ LOOP-071: decision body metadata does not resolve unbuilt work: "```text\nSuperseded by: example\n```" (627.342931ms)
✔ LOOP-071: decision body metadata does not resolve unbuilt work: "~~~text\nSuperseded by: example\n~~~" (613.083952ms)
✔ LOOP-071: a fenced realization example is not a resolving commit (562.782385ms)
✔ LOOP-071: a fenced commit inside the realization section is not built (493.127465ms)
✔ LOOP-071: ## Example cannot replace an open review finding (501.721646ms)
✔ LOOP-071: # Example cannot replace an open review finding (489.575688ms)
✔ LOOP-071: ### Example cannot replace an open review finding (449.567263ms)
✔ LOOP-071:   ## Example cannot replace an open review finding (435.956549ms)
✔ LOOP-071: Example paragraph. cannot replace an open review finding (437.419787ms)
✔ LOOP-071: Example
------- cannot replace an open review finding (390.454704ms)
✔ LOOP-071: fenced fields before a real review header are ignored (377.771474ms)
✔ LOOP-071: multiline decision --title cannot inject metadata (303.992734ms)
✔ LOOP-071: multiline decision --decided-by cannot inject metadata (326.5243ms)
✔ LOOP-071: multiline decision --rests-on cannot inject metadata (323.564884ms)
✔ LOOP-071: multiline decision --wrong-if cannot inject metadata (313.499656ms)
✔ LOOP-071: multiline decision --history cannot inject metadata (305.425461ms)
✔ LOOP-072: malformed Blocking concerns stay open: "R-001\nAnswer: ok" (92.328784ms)
✔ LOOP-072: malformed Blocking concerns stay open: "R-001\r\nAnswer: ok" (87.862209ms)
✔ LOOP-072: malformed Blocking concerns stay open: "R-001\rAnswer: ok" (83.514215ms)
✔ LOOP-072: malformed Blocking concerns stay open: "R-001 Answer: ok" (78.596081ms)
✔ LOOP-072: malformed Blocking concerns stay open: "R-001 Answer: ok" (93.377906ms)
✔ LOOP-072: ordinary malformed concerns are refused: "R-001\nR-002" (51.944147ms)
✔ LOOP-072: ordinary malformed concerns are refused: "R-001, prose" (43.667784ms)
✔ LOOP-072: ordinary malformed concerns are refused: " " (47.905369ms)
✔ LOOP-072: a Blocking escalation without concerns is still presented (72.191488ms)
✔ LOOP-072: carriage returns in a Blocking question do not create answer records (66.818609ms)
✔ LOOP-072: explanation separator 8232 cannot close an escalation (161.534163ms)
✔ LOOP-071: decision metadata refuses separator 8232 (267.234292ms)
✔ LOOP-072: explanation separator 8233 cannot close an escalation (161.184851ms)
✔ LOOP-071: decision metadata refuses separator 8233 (301.761383ms)
✔ Concerns, Rests on, and Promoted from written as lists read as the flat form (LOOP-124) (607.319311ms)
✔ an item named by filename, path, or backticked slug resolves like the slug (LOOP-125) (496.924141ms)
✔ an input that covers Cairn's own output is named as the repair, before and after a check (LOOP-126, LOOP-105) (600.371022ms)
✔ an unreadable record directory is a repair, not an error exit (LOOP-127) (90.03887ms)
✔ a title that slugifies to nothing is refused (LOOP-128) (132.507104ms)
✔ examined: [] is an empty list (LOOP-129, LOOP-108) (449.989536ms)
✔ below the Git toplevel the restore check compares root-relative paths (LOOP-130, LOOP-035) (297.597757ms)
✔ below the Git toplevel an uncommitted declared input is named from the project root (LOOP-132, LOOP-030) (178.627496ms)
✔ an input spelled .. from a project below the Git toplevel covers the evidence directory (LOOP-126, LOOP-105) (87.731079ms)
✔ a Consequential record this commitment added needs its queue entry committed (LOOP-131, DEC-004) (485.568677ms)
✔ a mechanism that removes the check lock still gets its evidence, with no repair for the lock (LOOP-107) (218.277831ms)
✔ a staged rename reads as its two paths, never as a bare origin token (LOOP-030, LOOP-110) (94.98475ms)
✔ a Current: line inside a fenced example is neither a second Current: line nor the commitment, before or after the real line (LOOP-104) (167.32052ms)
✔ a Status: word is taken only from a line that carries one, never from wrapped prose after it (SPEC-018) (0.985041ms)
✔ the placeholder left above a resolving entry is a repair naming the file (DEC-021) (229.439063ms)
✔ the placeholder alone is a decision recorded and not yet built, unchanged (DEC-007) (71.093185ms)
✔ resolving entries with no placeholder are unchanged (DEC-006) (115.303116ms)
✔ a shallow clone that cannot resolve its entries is still told to fetch, not to edit (LOOP-113 keeps precedence) (108.281221ms)
✔ the placeholder quoted in a fenced example does not make a built record a repair (DEC-021) (120.817163ms)
✔ supersede takes the same decider vocabulary as decide (DEC-020) (96.243577ms)
✔ a superseded record is held to the same line: its placeholder above a resolving entry is a repair (DEC-021, DEC-010) (159.103659ms)
✔ realize() touches only the Realized by section; a body that quotes the placeholder keeps it (122.573626ms)
✔ an unmatched input is refused before execution (LOOP-044) (207.206273ms)
✔ an indexed input deleted on disk asks for a commit (LOOP-045) (163.872065ms)
✔ wake and check require a Git working tree (LOOP-046) (153.72715ms)
✔ recovery removes only dead kernel run records and identifies a live owner (LOOP-054, LOOP-055) (352.514566ms)
✔ an agent action based behind a clean HEAD appears committed (LOOP-027) (210.813159ms)
✔ realization needs a real commit and a subject (DEC-006) (272.125712ms)
✔ 1500 binary inputs digest identically at the review commit in under a second (LOOP-024) (1365.921195ms)
✔ merged work is excluded but a later own commit is a breach (LOOP-047) (232.855327ms)
✔ exact Current tenure ignores prefix matches and earlier visits to the same slug (LOOP-035) (262.535042ms)
✔ a kernel run records its supervising PID (LOOP-054) (228.289814ms)
✔ a merged declared input still stales evidence (LOOP-047) (328.897198ms)
✔ wildcard and magic pathspecs select the same historical inputs (LOOP-024, LOOP-032) (1864.422404ms)
✔ historical selection retains deleted files and excludes new ones (LOOP-024, LOOP-035) (1119.504389ms)
✔ cairn --version prints the package.json version outside a repository, and help lists it (PKG-039) (217.094784ms)
✔ a release is one commit setting one version in the five files, with the changelog entry, tagged v<version> (PKG-040) (1075.58415ms)
✔ the release script refuses a bad version, no increase, a dirty tree, a missing entry, a taken tag, a disagreeing file, and a loop not at Done, each in one line with nothing written (PKG-040) (1892.19748ms)
✔ explicit reporting with no lines and exit 0 establishes no requirement verdicts (LOOP-061) (463.187635ms)
✔ explicit reporting with no lines and exit 1 establishes no requirement verdicts (LOOP-061) (431.582913ms)
✔ a reporter that cannot start keeps execution diagnostics without blaming requirements (LOOP-062) (272.085605ms)
✔ large output cannot kill a reporter or invent a requirement verdict (334.511948ms)
✔ explicit mode ignores cairn: R-999: pass (303.591471ms)
✔ explicit mode ignores cairn: R-001: unverified (294.878198ms)
✔ explicit mode ignores cairn: R-001: passed (277.567728ms)
✔ explicit results survive nonzero exit and contradictory duplicates still fail (500.7227ms)
✔ unverified results across changed inputs never become failed attempts (1239.752192ms)
✔ legacy exit 0 retains its interpretation (199.565697ms)
✔ legacy exit 1 retains its interpretation (196.466503ms)
✔ a misspelled reporting mode is refused before execution (92.408695ms)
✔ changed requirement blocks unchecked reruns and makes the completion review stale (LOOP-058, LOOP-059) (1739.312566ms)
✔ falsifier changes need review; separate rationale and other requirements do not change a receipt (1146.521261ms)
✔ legacy receipts recover requirement identity from their commit; unavailable history requires review (784.644376ms)
✔ check refuses uncommitted requirement text and mechanism review markers (669.83886ms)
✔ tightened response limit cannot reuse the old passing check (1224.636807ms)
✔ a declared input over 1 MiB agrees at a commit and in the tree (LOOP-060) (401.927421ms)
✔ a failed Git blob read cannot be hashed as an empty blob (342.450245ms)
✔ Git listings over 1 MiB include the last declared input (2183.768573ms)
✔ requirement identity excludes fenced examples and status dates (472.819098ms)
✔ DemonCoder REM-002 and Status in progress cannot silently satisfy the review gate (LOOP-086) (874.799968ms)
✔ valid open findings retain their behavior (505.298038ms)
✔ valid resolved findings retain their behavior (510.60141ms)
✔ valid empty findings retain their behavior (455.767416ms)
✔ valid mixed valid findings retain their behavior (425.009054ms)
✔ malformed finding "open:" requires repair (376.715898ms)
✔ malformed finding "resolved:   " requires repair (339.819843ms)
✔ malformed finding "Open: incorrect case" requires repair (333.264757ms)
✔ malformed finding "unknown: issue" requires repair (330.108253ms)
✔ malformed finding "\u001b[31mBAD: issue" requires repair (316.616475ms)
✔ the established explicit empty findings list remains valid (336.845216ms)
✔ a scalar findings value requires the supported list format (309.080187ms)
✔ a Requirements: line written as a list is read like the flat form (LOOP-102) (129.568422ms)
✔ a subdirectory or a README in a record directory changes nothing (LOOP-103) (506.07279ms)
✔ two Current: lines are a roadmap repair (LOOP-104) (74.434438ms)
✔ a repeated identifier, an input under the evidence directory, and a missing cwd are refused by name (LOOP-105) (442.490454ms)
✔ a requirement whose evidence outlives its mechanism is named declare, not a regression or an escalation (LOOP-106) (974.917821ms)
✔ an unreadable record is a repair, not an error exit (LOOP-107) (89.466492ms)
✔ a review needs commit, a nonempty examined list, and a findings list, each named when missing (LOOP-108) (896.342558ms)
✔ a decision record missing a header field or naming a missing predecessor is a repair (LOOP-109) (288.726459ms)
✔ a dirty declared input with no in-progress record is named record ahead of run (LOOP-022, LOOP-110) (226.008697ms)
✔ with core.filemode false the index mode is the identity, so a mode-only difference does not refuse the check (LOOP-111) (208.132669ms)
✔ a project below the Git toplevel can run check (LOOP-112) (231.773589ms)
✔ a shallow clone names history to fetch, not a decision to build (LOOP-113) (128.621625ms)
✔ record-writing commands refuse to run outside a Cairn repository and write nothing (LOOP-118) (194.711628ms)
✔ empty footprint names declaration before scope and records no evidence (LOOP-081) (586.558622ms)
✔ first declaration still checks the full earlier history (LOOP-081) (405.752025ms)
✔ an empty current footprint does not block an explicitly requested existing mechanism (LOOP-081) (303.728554ms)
✔ an inherited mechanism provides a footprint even before local mechanisms exist (260.377105ms)
✔ scope reports every path, escapes line breaks, and gives identical remedies (LOOP-082) (263.256747ms)
✔ scope verdict reuses the answered-escalation annotation (LOOP-048, LOOP-051, LOOP-083) (622.544928ms)
✔ a committed scope acknowledgment lets restored history proceed (LOOP-083) (657.441555ms)
✔ scope acknowledgment must be committed before it can clear a breach (616.471892ms)
✔ ordinary ok does not acknowledge scope history (310.379248ms)
✔ scope escalation refuses unrestored paths and names the restoration remedy (244.782246ms)
✔ an invalid scope request still records an explicitly Blocking decision (132.296166ms)
✔ ask and explanation stay open; only the final committed ok acknowledges scope (690.879742ms)
✔ instead is visible but does not silently authorize a scope exception (329.151147ms)
✔ later changes to an acknowledged path still block, including later reverts (1045.057675ms)
✔ approval cannot hide another path changed after the snapshot (363.553239ms)
✔ acknowledged history remains conditional on the paths staying restored (569.747036ms)
✔ editing the scope snapshot after answer invalidates its acknowledgment (287.339635ms)
✔ malformed scope metadata cannot suppress a breach (1381.424162ms)
✔ damaged acknowledgment fields cannot suppress a breach (554.2215ms)
✔ scope path matching is literal, including wildcard filenames and control characters (546.538908ms)
✔ scope acknowledgment does not carry into another activation of the same slug (272.002184ms)
✔ restoration checks additions, deletions, executable modes, and symlink kinds (1407.06148ms)
✔ explicit committed retention keeps correct work and requires new evidence and review (LOOP-084, LOOP-085) (2148.174734ms)
✔ a missing declaration covers correct earlier work without retention or revert (501.137168ms)
✔ keep requires scope and an unchanged committed candidate (162.128171ms)
✔ uncommitted retention and instead answers cannot clear the incident (1017.60004ms)
✔ retention does not grant future edits, even when reverted to the approved tree (1300.387674ms)
✔ retention cannot cover another path or another activation (519.906483ms)
✔ imported changes must still match the retained tree (559.570731ms)
✔ retention handles additions, deletions, modes, symlinks, and literal filenames (1878.733776ms)
✔ retention cannot convert an existing restoration answer or accept an unknown mode (407.248448ms)
✔ a check failure after retention remains a failure (652.504025ms)
✔ retained paths stay part of the stable checked candidate without extending its footprint (544.731831ms)
✔ retention ask needs an explanation and final committed approval (537.192774ms)
✔ an unknown scope mode remains invalid even with a matching approval digest (279.026515ms)
✔ backlog writes the item; a second with the same title is refused, never overwritten (LOOP-016) (139.844857ms)
✔ a commit inside the footprint: check runs; outside it: check names the path and does not run (LOOP-015, LOOP-035) (586.850105ms)
✔ Cairn's records are never a breach; another file under docs/ is (LOOP-117) (615.666984ms)
✔ declaring the path as an input clears the breach (309.235232ms)
✔ a revert preserves the record of an out-of-scope commit (LOOP-047) (296.951256ms)
✔ a commitment naming a requirement the spec set does not hold as Agreed is repaired (LOOP-029) (89.681569ms)
✔ a requirement in a Draft spec file is not Agreed (81.824396ms)
✔ working agreements and the ignore file are Cairn records (LOOP-035, LOOP-036) (389.399741ms)
✔ the over-asking rule is gone from both skills (SPEC-005, SPEC-006, SPEC-007) (1.247666ms)
✔ a decision during the phase is recorded (DEC-003) (0.12764ms)
✔ understanding is restated before writing (SPEC-003) (0.093062ms)
✔ falsifiers are proposed as one set and confirmed by exception (SPEC-004) (0.213187ms)
✔ depth is inferred and domains derived, never asked or imposed (SPEC-008, SPEC-009) (0.101396ms)
✔ a term enters the glossary at first occurrence (SPEC-010) (0.061373ms)
✔ the phase ends at the first commitment, and later ones are specified during the loop (SPEC-011, SPEC-012) (0.153886ms)
✔ a requirement goes Agreed only with a nameable mechanism (SPEC-013) (0.068595ms)
✔ review before agreement, recording what it attacked (SPEC-014, SPEC-015) (0.719959ms)
✔ no spec file without requirements; nothing Agreed without a falsifier (SPEC-001, SPEC-002) (0.167617ms)
✔ Observed is marked, and is not contract (SPEC-016, SPEC-017) (0.095429ms)
✔ the skills exclude artifacts outside Cairn's workflow (0.507282ms)
✔ the working agreement names the agent's move for each verdict and the write-ahead record (LOOP-036) (0.439047ms)
✔ the working agreement names the developer's moves (LOOP-036, DEC-014) (0.62626ms)
✔ this repository runs by the file it ships (0.717028ms)
✔ both skills write the working agreement without naming a vendor's file (LOOP-002, LOOP-036, PKG-006) (0.250683ms)
✔ the working agreement says what an attempt is (LOOP-036, DEC-017, DEC-018) (0.075664ms)
✔ the working agreement says a failure no footprint change can address is an escalation, and where an inherited requirement is repaired (DEC-019, LOOP-057) (0.076779ms)
✔ the working agreement states the promote, next-iteration, and no-deferral moves (LOOP-029, LOOP-087, LOOP-091, LOOP-092) (0.068698ms)
✔ both skills sort captures into the backlog or next-iteration and forbid deferral (LOOP-029, LOOP-092, LOOP-093) (0.052307ms)
✔ the skill requires a falsifier on every requirement, a MAY included (SPEC-025) (0.042346ms)
✔ the working agreement names the hooks as optional and the install skill registers them for two harnesses (PKG-006, PKG-018, PKG-019) (0.212599ms)
✔ the working agreement says the kernel is upgraded at Done, never inside a commitment (LOOP-096) (0.040958ms)
✔ the next-iteration skill starts from the specification and ends by naming the next commitment (SPEC-026, SPEC-027) (0.18641ms)
✔ every document that names the project skills names next-iteration beside them (SPEC-026, PKG-014) (1.963241ms)
✔ the working agreement states a move for every action the kernel can name (LOOP-101) (1.198228ms)
✔ the working agreement states both record formats and the two flags the moves need (LOOP-036) (0.121634ms)
✔ the skills demonstrate a safe violating example and preserve recon findings (SPEC-022, SPEC-023) (0.056795ms)
✔ the specification skills run the checker through the cairn command (PKG-029) (0.218649ms)
✔ the README invokes the phase skills by name and states versions and platforms (PKG-030, PKG-031) (0.275398ms)
✔ the manual and the walkthrough say the loop promotes backlog items at Done (0.586331ms)
✔ a two-obligation sentence is named (PKG-007) (40.765512ms)
✔ an obligation with no actor is named (PKG-010) (53.830998ms)
✔ a leading condition clause is not the actor, and the actor after it counts (43.900047ms)
✔ an Agreed requirement with no falsifier is named (SPEC-002); a Draft one is not (79.835456ms)
✔ prose after a Draft requirement with no falsifier is not scanned as requirement text (38.188396ms)
✔ a spec declaring a prefix with no requirement is named (SPEC-001) (41.474985ms)
✔ a keyword in backticks or quotes is a mention, not an obligation (43.313919ms)
✔ duplicate identifiers are rejected within a file and across files (SPEC-020) (79.906303ms)
✔ references resolve across files; missing references name their source (SPEC-021) (79.836288ms)
✔ code examples and quoted mentions are neither definitions nor references (43.789373ms)
✔ machine-local paths are findings in prose, links, quotes, and examples (SPEC-019) (416.649387ms)
✔ relative paths, URLs, slash commands, and character mentions are not absolute path findings (40.559014ms)
✔ a slash after a placeholder continues the template (SPEC-019) (86.785283ms)
✔ a host path is a finding until the file declares it (SPEC-019, SPEC-024) (80.621005ms)
✔ declared host paths cover children with a slash boundary and stay file-local (122.725477ms)
✔ a host-path declaration inside a requirement or example grants no exception (134.201752ms)
✔ host-path declarations require absolute or home-relative entries (196.951525ms)
✔ an Agreed block whose only keyword is MAY needs a falsifier like any other (SPEC-025, SPEC-002) (78.676479ms)
✔ a regex literal is not a path, a drive path and a file URL are, and a skill's slash name is allowed (SPEC-028, SPEC-029) (76.206339ms)
✔ a backticked or quoted actor still counts as one (PKG-010) (41.9748ms)
✔ supersede writes both lines, and the old record keeps every word it had (DEC-008, DEC-010) (70.504942ms)
✔ supersede without a cause, or with one outside the four, is refused (DEC-009) (129.704385ms)
✔ supersede of a record that does not exist is refused (87.628051ms)
✔ a predecessor with no title line cannot be stamped, so nothing is written (74.173046ms)
✔ reversals reports counts by decider, cause, and domain (DEC-011) (170.538747ms)
✔ decide in a domain with a reversal is refused without --history, naming the reversal; with it, the record carries History (DEC-012) (184.043397ms)
✔ decide in a domain with no reversals needs no --history (131.916806ms)
✔ a record resting on prose alone is in the domain unspecified, and so is the next one (134.646557ms)
✔ the decider tally normalizes case and whitespace, and names a value outside the vocabulary (DEC-020, DEC-011) (69.20842ms)
✔ a record with no Decided by line is tallied as unrecorded, not as a vocabulary value (72.264893ms)
✔ Decided by written as a list tallies like the flat form, and does not crash the report (LOOP-124, DEC-020) (70.231697ms)
✔ a second declaration for one requirement is accepted, a named check runs every mechanism, and Done needs each to pass (LOOP-056, LOOP-099) (1797.707219ms)
✔ one mechanism's stale evidence names that mechanism, and --stale runs only it (LOOP-056, LOOP-094) (669.634445ms)
✔ attempts are counted within one mechanism's records, so the other's passes do not reset them (LOOP-100, DEC-016) (1286.155059ms)
✔ step 1: an in-progress record is reconciled before anything else (123.55328ms)
✔ step 2: an open escalation is presented and nothing else happens (88.443579ms)
✔ an answered escalation is not open (389.900405ms)
✔ step 3: a decision with no realized-by is built, first by name (DEC-007) (77.865992ms)
✔ a superseded decision with no realized-by is not work (111.198522ms)
✔ step 6: a mechanism that has never run is run, not implemented (LOOP-008) (113.738718ms)
✔ step 6: a requirement whose mechanism fails is implemented (424.954898ms)
✔ step 6 before step 7: failing evidence outranks a missing mechanism (300.439914ms)
✔ step 7: a requirement with no mechanism is declared (LOOP-106) (84.652902ms)
✔ every verdict names who acts: Resolvable is the agent's, Done needs nobody, Escalate waits for the developer (LOOP-004) (463.440592ms)
✔ malformed roadmap is Resolvable, not fatal (LOOP-005) (59.871506ms)
✔ a commitment naming no requirements is Resolvable (LOOP-018) (58.5033ms)
✔ the primary test: two wakes on the same checkout give the same action, before and after a persisted transition (LOOP-001, LOOP-003) (501.458986ms)
✔ outside a cairn repository wake cannot run (39.070682ms)
✔ the loop never waits on the review queue (DEC-015) (287.671644ms)
✔ the linked walkthrough runs from agreement through the next commitment (PKG-016) (1149.803053ms)
ℹ tests 474
ℹ suites 0
ℹ pass 474
ℹ fail 0
ℹ cancelled 0
ℹ skipped 0
ℹ todo 0
ℹ duration_ms 21278.721052
