✔ a Draft block overrides an Agreed file for both wake and check (SPEC-018) (212.514483ms)
✔ an Agreed block overrides a Draft file in the kernel and lint (SPEC-018, SPEC-002) (746.96428ms)
✔ a block Status does not become the file default, including inside examples (SPEC-018) (373.37113ms)
✔ block status without a value does not inherit Agreed by accident (SPEC-018) (93.222873ms)
✔ inheritance needs a file Scope and includes only Agreed blocks, regardless of prefix (PKG-015) (1708.509109ms)
✔ Scope inside a requirement or fenced example does not declare inheritance (PKG-015) (871.494008ms)
✔ a falsifier wrapped onto a line beginning with Status: does not become the block's status (SPEC-018) (1.19043ms)
✔ with attribution forbidden, an unpushed commit carrying an AI attribution line is named reword before any work; without the policy, or once pushed, it is not (PKG-045) (492.129006ms)
✔ each attribution form is caught, a prose mention is not, and the oldest attributed commit is named first (PKG-045) (743.065273ms)
✔ LOOP-063: reject input mutation during a check and retain diagnostics (469.034606ms)
✔ LOOP-063: reject deletion mutation during a check and retain diagnostics (535.591196ms)
✔ LOOP-063: reject addition mutation during a check and retain diagnostics (422.469421ms)
✔ LOOP-063: reject mode mutation during a check and retain diagnostics (358.569864ms)
✔ LOOP-063: reject specification mutation during a check and retain diagnostics (408.608537ms)
✔ LOOP-063: reject declaration mutation during a check and retain diagnostics (384.483154ms)
✔ LOOP-063: reject commit mutation during a check and retain diagnostics (383.734895ms)
✔ LOOP-063: committed input mutation during execution cannot certify the replacement (416.668232ms)
✔ LOOP-064: removing executable permission makes passing evidence stale (578.329763ms)
✔ LOOP-064: a mode-only change also invalidates the previous review after new evidence (771.6185ms)
✔ LOOP-064: changing a regular file into a link with identical identity bytes is stale (827.506457ms)
✔ LOOP-063: an unchanged candidate still records a pass despite unrelated working-tree edits (202.283697ms)
✔ LOOP-064: current and historical input ordering agrees for Unicode filenames (309.537563ms)
✔ LOOP-063: Git status hiding content changes cannot certify an uncommitted candidate (119.951044ms)
✔ LOOP-066: one check owns execution with a kernel action record (548.218259ms)
✔ LOOP-066: one check owns execution with an agent action record (535.049384ms)
✔ LOOP-066: a live lock is named and never silently overwritten (132.471463ms)
✔ LOOP-066: a dead lock is named and never silently overwritten (155.061875ms)
✔ LOOP-066: a incomplete lock is named and never silently overwritten (161.151135ms)
✔ LOOP-066: an execution error releases the check lock for a corrected rerun (513.457182ms)
✔ LOOP-066: a live kernel action from an older Cairn also blocks execution (102.317517ms)
✔ LOOP-066: separate Git worktrees can run checks independently (471.422126ms)
✔ after a green check --stale runs nothing; after one input changes it runs only that mechanism (LOOP-094) (1133.323927ms)
✔ a mechanism speaking for two stale requirements runs once and refreshes both (LOOP-094, LOOP-040) (643.339739ms)
✔ a fresh failure and an unverified result are skipped with implement named (LOOP-094) (617.62909ms)
✔ --stale with a requirement identifier is refused (LOOP-094) (71.234866ms)
✔ check --stale holds back a mechanism whose requirement has three attempts and no escalation, names it, and records nothing (LOOP-094, DEC-016) (1910.883431ms)
✔ check refuses a dirty declared input and names it; a dirty undeclared file does not block (LOOP-030) (522.808269ms)
✔ check writes one receipt per run carrying the full record and a result line per requirement (LOOP-097) (379.0361ms)
✔ a nonzero exit records fail, and the receipt keeps the exit code (LOOP-034) (388.952629ms)
✔ a pass after a fail keeps the failing record; nothing is overwritten or deleted (LOOP-025) (636.085248ms)
✔ a commit changing a declared input makes evidence stale; an undeclared one does not (LOOP-007) (781.479844ms)
✔ a regression is named before a requirement that never passed (LOOP-031) (1036.505017ms)
✔ three attempts with no escalation since: wake says escalate, not a fourth (DEC-016, DEC-017, DEC-018) (2156.507275ms)
✔ the review gate: no review, stale review, open finding, then Done (LOOP-020, LOOP-033) (920.700643ms)
✔ Done is refused while any requirement lacks current passing evidence (LOOP-017) (82.763949ms)
✔ check names a requested requirement that no mechanism claims (92.958718ms)
✔ check writes the in-progress record before the run and clears it after (LOOP-021) (184.868854ms)
✔ a linked declared input digests the same at a commit and in the tree (LOOP-023, LOOP-024) (364.726267ms)
✔ a result line is the mechanism's statement about one requirement; what it did not mention is unverified (LOOP-037, LOOP-052) (167.494786ms)
✔ a mechanism that says nothing is read by its exit code for every requirement (LOOP-039) (165.876581ms)
✔ unverified is not an attempt, and a return to an earlier failed digest counts once (DEC-017, DEC-018) (1542.776482ms)
✔ a result line for a requirement the mechanism does not speak for is named and writes nothing (LOOP-038) (169.931243ms)
✔ a result line inside ordinary output, or without the marker, does not count (180.923138ms)
✔ a targeted check runs the named requirements' mechanisms and records every requirement they speak for (LOOP-040) (179.160626ms)
✔ two result lines for one requirement: a fail on any line wins (170.74456ms)
✔ three runs at one digest with no attempt since: the verdict stays implement and names DEC-019; an escalation naming it among others clears the hint (DEC-019, LOOP-053) (834.240667ms)
✔ a receipt names its commit in full, and an older receipt with the short form is still read (LOOP-136) (246.320065ms)
✔ a change only to a document its declaration lists leaves the review fresh and the evidence stale; a change to another input makes the review stale (LOOP-141) (1080.28859ms)
✔ a complete commitment with an unpromoted backlog item names promote, and a stamped item lets it reach Done (LOOP-087) (1162.543043ms)
✔ an empty backlog with waiting next-iteration items is Done, with the count as information and no action on them (LOOP-091) (762.337477ms)
✔ a promotion marker must resolve to a decision record (LOOP-088) (267.789764ms)
✔ a commitment promoted from an item needs a decision record naming the item (LOOP-088) (277.194673ms)
✔ the spec lint reports a promotion marker with no decision record (LOOP-088) (76.659086ms)
✔ a promoted commitment that changes an Agreed requirement or the working agreement is an escalation; an unpromoted one is not (LOOP-089, LOOP-090) (1635.685027ms)
✔ a capture from one of the commitment's own requirements needs Outside because: or an escalation (LOOP-092) (1509.500711ms)
✔ a next-iteration item names what it would change, and the capture refuses one that does not (LOOP-093) (394.064359ms)
✔ a commitment specified from a next-iteration item needs the item stamped before anything else (SPEC-027) (449.942077ms)
✔ a by deference marker resolves to a decision record like a promotion marker (SPEC-002, LOOP-088) (172.929702ms)
✔ the LOOP-090 gate reads the Concerns line, not the slug as a substring (LOOP-114) (543.364812ms)
✔ the LOOP-088 check reads the Promotes line, and decide --promotes writes it (LOOP-115) (221.470627ms)
✔ the activation commit of a promoted commitment is inside the LOOP-089 comparison (LOOP-116) (140.26586ms)
✔ the LOOP-090 route needs one escalation: its Concerns line covers the moved item too (LOOP-119, LOOP-092, LOOP-114) (575.819422ms)
✔ an escalation raised before the promoted commitment began does not silence the LOOP-090 gate (LOOP-114) (295.054689ms)
✔ an escalation raised before the commitment began does not silence the capture gate (LOOP-119) (310.112979ms)
✔ the activation commit is inside the scope footprint (LOOP-120) (99.226854ms)
✔ a requirement Agreed at activation that is demoted or removed is a contract change (LOOP-121) (567.374359ms)
✔ the include files are the root files that hold @AGENTS.md: exempt from the footprint, compared by the gate (LOOP-122) (1015.245727ms)
✔ a superseded promotion no longer satisfies the LOOP-088 check, and the repair says the promotion was reversed (LOOP-123) (443.353069ms)
✔ the restore route measures from the tree before activation, so a path the activation commit added must go (LOOP-120, LOOP-035) (169.394011ms)
✔ the loop works against exactly one commitment: the current one (LOOP-019) (364.676971ms)
✔ a promotion recorded below Consequential is a repair naming the level, since the developer never sees it in the queue (LOOP-088) (55.738638ms)
✔ every requirement the node-test declaration speaks for is named in a test title (PKG-025) (3.754153ms)
✔ every repository path the tests read is a declared input of node-test (PKG-026) (1.043833ms)
✔ writes a record with every required field and an empty realized-by (DEC-001, DEC-005) (85.9348ms)
✔ a Consequential decision is queued for review (DEC-013) (82.031176ms)
✔ a Consequential decision is queued even when .cairn/queue does not exist yet (92.099333ms)
✔ Routine is refused: routine decisions produce no record (124.369857ms)
✔ a missing field is a usage error and nothing is written (126.347983ms)
✔ supersedes requires a classified cause, and the old record must exist (253.983681ms)
✔ an existing record is not overwritten (142.64432ms)
✔ a queued decision stays queued; nothing but the developer removes it (DEC-014) (220.434391ms)
✔ each accepted decider is stored lowercase, whatever case it was typed in (DEC-020) (522.755106ms)
✔ a decider outside the vocabulary is a usage error naming all three, and nothing is written (DEC-020) (457.152574ms)
✔ an empty --decided-by is the missing-field error, not the vocabulary one (66.005976ms)
✔ LOOP-006, LOOP-067: missing inputs names a declaration repair before execution (153.706847ms)
✔ LOOP-006, LOOP-067: empty inputs names a declaration repair before execution (195.647919ms)
✔ LOOP-006, LOOP-067: missing command names a declaration repair before execution (162.849268ms)
✔ LOOP-006, LOOP-067: list command names a declaration repair before execution (154.164381ms)
✔ LOOP-006, LOOP-067: empty command names a declaration repair before execution (168.049911ms)
✔ LOOP-006, LOOP-067: missing requirements names a declaration repair before execution (181.655336ms)
✔ LOOP-006, LOOP-067: bad identifier names a declaration repair before execution (142.371869ms)
✔ LOOP-067: scalar one-item lists retain their existing meaning (331.645004ms)
✔ LOOP-068: a unpopulated gitlink is refused by name (155.362952ms)
✔ LOOP-068: a populated gitlink is refused by name (181.918383ms)
✔ LOOP-069: identical selections across 100 mechanisms use at most 20 Git processes (170.594412ms)
✔ --defect needs --from naming an Agreed requirement, and writes Defect: yes (LOOP-140) (360.185101ms)
✔ an unfixed defect is named fix before a promotable item, and counts as fixed only with passing evidence at or after its commit and no Agreed text changed (LOOP-087, LOOP-140) (2070.747023ms)
✔ escalate writes the six-line format followed by its facts, and wake presents it (LOOP-010, LOOP-026) (166.62121ms)
✔ a missing or multi-line field is refused with the field named, and nothing is written (LOOP-012) (170.05433ms)
✔ a Blocking escalation that fails the format is written anyway, naming the malformed field (LOOP-013) (186.094031ms)
✔ the loop stops for the developer only at Blocking: a recorded decision below it never yields Escalate, and the Blocking bypass must be spelled exactly (DEC-002) (366.317796ms)
✔ a second escalation while one is open is refused (LOOP-011) (167.481556ms)
✔ answer records the reply; wake no longer presents it; a second answer is refused (297.620271ms)
✔ answer to an unknown escalation is refused (72.272821ms)
✔ a stranger resumes from the file alone: question and answer are both in it (LOOP-014) (116.973798ms)
✔ a developer-shaped answer during the agent's turn is refused and writes nothing; the explanation is still accepted (LOOP-135) (662.83487ms)
✔ after an answer, the same concern can be escalated again under a new name (190.160403ms)
✔ an escalation exists when its file does, committed or not (LOOP-009) (88.543261ms)
✔ developer answers require one of the three forms and cannot inject fields (LOOP-048) (611.185971ms)
✔ ask, agent explanation, another ask, and ok stay ordered in one file (LOOP-049, LOOP-050, LOOP-014) (797.609804ms)
✔ fresh closed answers accompany only concerned requirements until new evidence (LOOP-051) (675.897811ms)
✔ a raised escalation carries no derivable status line, and an old record with one still parses (LOOP-028) (143.783493ms)
✔ LOOP-065: delete of output refuses Done and a new run recovers (1361.81569ms)
✔ LOOP-065: corrupt of output refuses Done and a new run recovers (1173.573079ms)
✔ LOOP-065: delete of stderr_output refuses Done and a new run recovers (1053.044445ms)
✔ LOOP-065: corrupt of stderr_output refuses Done and a new run recovers (911.681715ms)
✔ LOOP-065: a receipt without output needs a new check (485.999966ms)
✔ LOOP-065: a receipt without output_digest needs a new check (444.345408ms)
✔ LOOP-065: a receipt without stderr_output needs a new check (431.90676ms)
✔ LOOP-065: a receipt without stderr_digest needs a new check (391.444725ms)
✔ LOOP-065: legacy unverifiable output is rerun without rewriting history (656.841549ms)
✔ a fresh record names the kernel that wrote it (LOOP-023) (314.670294ms)
✔ LOOP-095: a record from another kernel is stale with the kernel named, and a new check restores Done (679.205061ms)
✔ LOOP-095: a record from no kernel is stale with the kernel named, and a new check restores Done (694.09669ms)
✔ LOOP-070: a later failure is latest even when the clock moves backward (1122.070362ms)
✔ LOOP-070: receipt collisions at one clock instant retain execution order beyond nine suffixes (3371.682919ms)
✔ LOOP-070: imported branch receipts stale a later sequence until a new check incorporates them (1138.343464ms)
✔ LOOP-070, LOOP-098: legacy receipts need one ordered check, remain byte-for-byte unchanged, and precede the run receipt in the history (494.820814ms)
✔ LOOP-070: edit of a prior receipt requires fresh evidence (452.923635ms)
✔ LOOP-070: remove of a prior receipt requires fresh evidence (444.508958ms)
✔ LOOP-075: supporting evidence file README.md does not become a receipt (476.04056ms)
✔ LOOP-075: supporting evidence file notes.txt does not become a receipt (450.433351ms)
✔ LOOP-075: supporting evidence file support does not become a receipt (480.814436ms)
✔ LOOP-075: supporting evidence file .DS_Store does not become a receipt (485.408985ms)
✔ LOOP-075: a malformed result line (result=success) names a repair before execution (375.482498ms)
✔ LOOP-075: a malformed result line (sequence=NaN) names a repair before execution (331.949301ms)
✔ LOOP-075: a malformed result line (sequence=9007199254740992) names a repair before execution (320.093684ms)
✔ LOOP-075: a malformed result line (history_digest=wrong) names a repair before execution (320.067679ms)
✔ LOOP-075: a malformed result line (tokens) names a repair before execution (300.754766ms)
✔ LOOP-075: a receipt-shaped directory is a named repair instead of an EISDIR crash (256.601564ms)
✔ LOOP-070: an earlier escalation cannot cover three new attempts after clock rollback (968.162911ms)
✔ LOOP-070: an answer becomes old after a later check even if that check's timestamp is earlier (583.188432ms)
✔ LOOP-070: the newest answer wins between checks even when its clock timestamp is older (424.740176ms)
✔ LOOP-070: legacy escalation dates cover old receipts but not three newer sequenced runs (1397.545635ms)
✔ a PKG requirement the commitment does not name is declared, run, and gates Done (PKG-011) (2006.221976ms)
✔ a PKG requirement in a Draft spec is not folded in (480.271318ms)
✔ LOOP-076, LOOP-079: stale inputs identify the receipt and the check to run (880.382421ms)
✔ LOOP-077: names a content change using checked input identity (670.074041ms)
✔ LOOP-077: names a mode change using checked input identity (681.817218ms)
✔ LOOP-077: names a kind change using checked input identity (667.758365ms)
✔ LOOP-077: names a added change using checked input identity (573.363322ms)
✔ LOOP-077: names a removed change using checked input identity (570.522666ms)
✔ LOOP-077: names a link-target change using checked input identity (766.393669ms)
✔ LOOP-077: changed selection compares the old and new input sets (462.278385ms)
✔ LOOP-077: raw CRLF changes remain visible when Git-clean content agrees (435.724324ms)
✔ LOOP-077: detail output is sorted, bounded, and reports the omitted count (437.188439ms)
✔ LOOP-077: filenames cannot inject lines or terminal controls into explanations (378.053526ms)
✔ LOOP-077: receipts from one run share details and do not store source contents (285.360653ms)
✔ LOOP-078, LOOP-080: legacy optional detail limits explanation without changing standing (472.713506ms)
✔ LOOP-078, LOOP-080: invalid-field optional detail limits explanation without changing standing (466.282061ms)
✔ LOOP-078, LOOP-080: missing optional detail limits explanation without changing standing (433.240892ms)
✔ LOOP-078, LOOP-080: invalid-json optional detail limits explanation without changing standing (487.403719ms)
✔ LOOP-078, LOOP-080: mismatched optional detail limits explanation without changing standing (478.949604ms)
✔ LOOP-078, LOOP-080: duplicate optional detail limits explanation without changing standing (444.633722ms)
✔ LOOP-078, LOOP-080: unsafe-path optional detail limits explanation without changing standing (447.922801ms)
✔ LOOP-078, LOOP-080: directory optional detail limits explanation without changing standing (462.777078ms)
✔ LOOP-078, LOOP-080: symlink optional detail limits explanation without changing standing (451.288743ms)
✔ LOOP-078: unavailable old requirement text is not claimed as a proven change (353.805702ms)
✔ LOOP-076, LOOP-079: changed requirements identify evidence and retain review-before-check guidance (380.792408ms)
✔ LOOP-078: simultaneous input and output damage keep both reasons (361.845739ms)
✔ LOOP-080: deterministic freshness sequence seed=7 (8735.143383ms)
✔ LOOP-080: deterministic freshness sequence seed=42 (6024.39847ms)
✔ LOOP-080: deterministic freshness sequence seed=913 (5906.098387ms)
✔ LOOP-080: agreement changes, mechanism review, checks, and completion review retain priority (1524.180283ms)
✔ LOOP-080: imported receipt history demands a rerun without a false input explanation (1241.683476ms)
✔ LOOP-073: clean CRLF input completes under attributes (622.271897ms)
✔ LOOP-073: clean CRLF input completes under autocrlf (583.322173ms)
✔ LOOP-073: raw line-ending mutation during a run is rejected even when Git still sees the same content (247.680901ms)
✔ LOOP-073: execution evidence changes when clean conversion preserves committed identity (930.409906ms)
✔ LOOP-073: Git clean filters use Git's conversion while retaining raw evidence identity (518.418949ms)
✔ LOOP-073: failure of a required Git filter cannot record evidence (146.647719ms)
✔ LOOP-073: a clean filter moving HEAD during ending validation prevents evidence (661.076744ms)
✔ LOOP-073: canonical Git identities handle links without reading their targets (431.65879ms)
✔ LOOP-073: Git conversion keeps raw Unicode and control-character input paths (378.457585ms)
✔ LOOP-073: conversion and links work in a SHA-256 Git repository (387.916641ms)
✔ LOOP-074: historical specification filename "café.md" remains reviewable (367.630165ms)
✔ LOOP-074: historical specification filename "spec\ttab.md" remains reviewable (355.371613ms)
✔ LOOP-074: historical specification filename "spec\nline.md" remains reviewable (360.689611ms)
✔ help works outside a repository without running a command (PKG-017) (1085.261341ms)
✔ help does not hide invalid options or consume literal arguments (203.539607ms)
✔ help lists the lint command (PKG-017) (47.523381ms)
✔ a working directory that no longer exists is named as the failure, and git is not blamed (PKG-041, PKG-022) (247.647947ms)
✔ the stop hook refuses a stop while wake says Resolvable, with the verdict as the reason (PKG-018) (221.562774ms)
✔ the stop hook allows a stop at Done, at Escalate, and outside a Cairn repository (PKG-018) (1135.730431ms)
✔ the session-start hook links the command once and prints the verdict in a Cairn repository (PKG-019, PKG-014, PKG-005) (463.480426ms)
✔ the session-start hook prints no verdict outside a Cairn repository and leaves an existing link that resolves alone (PKG-019) (68.19375ms)
✔ a checkout under a path with a space links a command that resolves, and its stop hook still blocks (PKG-019, PKG-021) (320.835477ms)
✔ the hooks run the kernel the command link resolves to, so hook and agent share one referee (PKG-021) (1011.712263ms)
✔ a dangling link is replaced and reported (PKG-019) (174.90592ms)
✔ errors exit 0 with one line on standard error and no stack trace (PKG-022) (205.777319ms)
✔ the hooks judge with the cairn on PATH, a wrapper included, and session-start names it (PKG-033) (923.060772ms)
✔ a link to a wrapper or file is kept; a dangling link or one to a directory is replaced (PKG-034) (388.325102ms)
✔ a project below the Git toplevel gets the verdict and the stop refusal (PKG-035) (301.882274ms)
✔ a kernel that prints no verdict is one stderr line: the stop is allowed and session-start prints no trace (PKG-036) (163.844754ms)
✔ a link that cannot be created is one stderr line, and the verdict still prints (PKG-019, PKG-022) (132.100021ms)
✔ with git absent the hooks say so in one line and block nothing (PKG-022) (83.166875ms)
✔ stop_hook_active true no longer lets a Resolvable stop through: the hook still refuses (PKG-018) (124.95085ms)
✔ receipts written by the project's own kernel are judged with it, not with a different cairn on PATH (PKG-033, PKG-021) (367.560938ms)
✔ the fourth stop on an unchanged verdict, commit and tree goes through with a message and a stop record; each refusal names cairn escalate (PKG-043, PKG-044) (441.704141ms)
✔ progress resets the count, a commit or an edited file alike, and each session counts on its own (PKG-043) (1145.787824ms)
✔ no independent report, one at another commit, or a finding it raises that the review does not carry keeps the wake from Done; carried, Done follows (LOOP-020) (1406.624368ms)
✔ cairn lint runs the checker over docs/spec by default and over a named directory (PKG-028) (263.793356ms)
✔ cairn lint names a missing directory in one line, takes one argument, and reports a bad root (PKG-028) (262.907187ms)
✔ three megabytes are retained exactly once with matching digests (LOOP-041, LOOP-042) (459.422289ms)
✔ split stdout result lines survive a long non-result line; stderr is never a verdict (418.092595ms)
✔ signal termination is recorded and logs survive a clone (LOOP-043) (353.163619ms)
✔ working agreements and ignore changes are Cairn records inside the footprint (339.092965ms)
✔ a clean package passes (111.106134ms)
✔ PKG-001: a dependency, or a service manifest (267.312965ms)
✔ PKG-002: ignoring evidence or other durable state, by directory or by extension (204.042042ms)
✔ PKG-003: a command, a directory, or a record kind no decision names (285.683987ms)
✔ PKG-004: a kernel over 1900 lines, counting every file under bin/ as wc -l does; exactly 1900 passes (368.085093ms)
✔ PKG-006: a skill step naming a vendor's product, in either order, across a wrapped list item (PKG-027) (296.611941ms)
✔ PKG-008: a non-ASCII character in a tracked text file (75.276437ms)
✔ PKG-009: the kernel importing from tests (99.651802ms)
✔ PKG-012: a network call or a model client in the kernel, but not a vendor's name in text (342.2614ms)
✔ PKG-013: deferral language, but not in code, quotes, or a rule (509.226157ms)
✔ a tracked path deleted from the working tree is skipped, not a crash (72.169292ms)
✔ a sentence in a Formats section is not a record kind (71.003551ms)
✔ a record kind named by its path alone is checked (67.188453ms)
✔ PKG-002: a tracked in-progress record (86.990054ms)
✔ PKG-002: ignoring evidence alone is a finding (64.555711ms)
✔ PKG-003 reads the kernel's commands from its help output (PKG-023) (105.73986ms)
✔ the ASCII scan covers shipped files, not records under .cairn/ (PKG-024) (74.279678ms)
✔ a vendor-naming step wrapped across lines is matched (PKG-006, PKG-027) (78.408039ms)
✔ PKG-013 scans the README, the manual, and the walkthrough (PKG-032) (241.560676ms)
✔ the manifests, the listing and package.json agree on the name and version, and name paths the repository holds (PKG-037) (2.564713ms)
✔ the hooks file registers session-start and stop against the plugin's own hook.mjs through the plugin root variable (PKG-038) (0.317948ms)
✔ a Muse hook entry whose shared hook is missing prints one line and exits 0 (PKG-041, PKG-022) (92.303433ms)
✔ the registered commands print the verdict at session start, link the command into the plugin, and refuse a stop while wake says Resolvable (PKG-038, PKG-021) (505.757208ms)
✔ LOOP-071: decision body metadata does not resolve unbuilt work: "Superseded by: example" (849.836268ms)
✔ LOOP-071: decision body metadata does not resolve unbuilt work: "```text\nSuperseded by: example\n```" (638.381993ms)
✔ LOOP-071: decision body metadata does not resolve unbuilt work: "~~~text\nSuperseded by: example\n~~~" (645.864046ms)
✔ LOOP-071: a fenced realization example is not a resolving commit (585.980991ms)
✔ LOOP-071: a fenced commit inside the realization section is not built (559.065683ms)
✔ LOOP-071: ## Example cannot replace an open review finding (595.07742ms)
✔ LOOP-071: # Example cannot replace an open review finding (486.919771ms)
✔ LOOP-071: ### Example cannot replace an open review finding (480.235777ms)
✔ LOOP-071:   ## Example cannot replace an open review finding (470.359953ms)
✔ LOOP-071: Example paragraph. cannot replace an open review finding (439.612685ms)
✔ LOOP-071: Example
------- cannot replace an open review finding (447.752006ms)
✔ LOOP-071: fenced fields before a real review header are ignored (392.91586ms)
✔ LOOP-071: multiline decision --title cannot inject metadata (319.289986ms)
✔ LOOP-071: multiline decision --decided-by cannot inject metadata (329.620027ms)
✔ LOOP-071: multiline decision --rests-on cannot inject metadata (282.849802ms)
✔ LOOP-071: multiline decision --wrong-if cannot inject metadata (307.466368ms)
✔ LOOP-071: multiline decision --history cannot inject metadata (343.445856ms)
✔ LOOP-072: malformed Blocking concerns stay open: "R-001\nAnswer: ok" (82.671558ms)
✔ LOOP-072: malformed Blocking concerns stay open: "R-001\r\nAnswer: ok" (81.639376ms)
✔ LOOP-072: malformed Blocking concerns stay open: "R-001\rAnswer: ok" (89.290821ms)
✔ LOOP-072: malformed Blocking concerns stay open: "R-001 Answer: ok" (90.214201ms)
✔ LOOP-072: malformed Blocking concerns stay open: "R-001 Answer: ok" (79.957009ms)
✔ LOOP-072: ordinary malformed concerns are refused: "R-001\nR-002" (43.301595ms)
✔ LOOP-072: ordinary malformed concerns are refused: "R-001, prose" (43.18966ms)
✔ LOOP-072: ordinary malformed concerns are refused: " " (36.522666ms)
✔ LOOP-072: a Blocking escalation without concerns is still presented (75.870382ms)
✔ LOOP-072: carriage returns in a Blocking question do not create answer records (90.353003ms)
✔ LOOP-072: explanation separator 8232 cannot close an escalation (174.607335ms)
✔ LOOP-071: decision metadata refuses separator 8232 (301.887868ms)
✔ LOOP-072: explanation separator 8233 cannot close an escalation (169.844587ms)
✔ LOOP-071: decision metadata refuses separator 8233 (301.420502ms)
✔ Concerns, Rests on, and Promoted from written as lists read as the flat form (LOOP-124) (830.501491ms)
✔ an item named by filename, path, or backticked slug resolves like the slug (LOOP-125) (556.78426ms)
✔ an input that covers Cairn's own output is named as the repair, before and after a check (LOOP-126, LOOP-105) (614.206014ms)
✔ an unreadable record directory is a repair, not an error exit (LOOP-127) (75.391784ms)
✔ a title that slugifies to nothing is refused (LOOP-128) (123.960749ms)
✔ examined: [] is an empty list (LOOP-129, LOOP-108) (425.775239ms)
✔ below the Git toplevel the restore check compares root-relative paths (LOOP-130, LOOP-035) (378.697981ms)
✔ below the Git toplevel an uncommitted declared input is named from the project root (LOOP-132, LOOP-030) (218.616432ms)
✔ a value on the key line followed by list items is the first item, never dropped (LOOP-133) (634.886902ms)
✔ the footprint's walk reads Current: as the wake does: a fenced example below the real line, or a second line in history, never moves the start (LOOP-134, LOOP-035) (277.217246ms)
✔ an input spelled .. from a project below the Git toplevel covers the evidence directory (LOOP-126, LOOP-105) (84.875684ms)
✔ a Consequential record this commitment added needs its queue entry committed (LOOP-131, DEC-004) (472.622843ms)
✔ a mechanism that removes the check lock still gets its evidence, with no repair for the lock (LOOP-107) (224.908504ms)
✔ a staged rename reads as its two paths, never as a bare origin token (LOOP-030, LOOP-110) (127.443385ms)
✔ a Current: line inside a fenced example is neither a second Current: line nor the commitment, before or after the real line (LOOP-104) (186.733107ms)
✔ a Status: word is taken only from a line that carries one, never from wrapped prose after it (SPEC-018) (1.082829ms)
✔ the placeholder left above a resolving entry is a repair naming the file (DEC-021) (225.44835ms)
✔ the placeholder alone is a decision recorded and not yet built, unchanged (DEC-007) (66.674605ms)
✔ resolving entries with no placeholder are unchanged (DEC-006) (104.543785ms)
✔ a shallow clone that cannot resolve its entries is still told to fetch, not to edit (LOOP-113 keeps precedence) (142.839964ms)
✔ the placeholder quoted in a fenced example does not make a built record a repair (DEC-021) (112.107814ms)
✔ supersede takes the same decider vocabulary as decide (DEC-020) (86.241018ms)
✔ a superseded record is held to the same line: its placeholder above a resolving entry is a repair (DEC-021, DEC-010) (161.149276ms)
✔ realize() touches only the Realized by section; a body that quotes the placeholder keeps it (99.60976ms)
✔ an untracked file under a declared input is not a change under way; check still refuses beside it and names .gitignore (LOOP-110, LOOP-030) (201.927099ms)
✔ an unmatched input is refused before execution (LOOP-044) (273.506126ms)
✔ an indexed input deleted on disk asks for a commit (LOOP-045) (181.509664ms)
✔ wake and check require a Git working tree (LOOP-046) (148.133175ms)
✔ recovery removes only dead kernel run records and identifies a live owner (LOOP-054, LOOP-055) (328.863993ms)
✔ an agent action based behind a clean HEAD appears committed (LOOP-027) (243.565524ms)
✔ realization needs a real commit and a subject (DEC-006) (296.103586ms)
✔ 1500 binary inputs digest identically at the review commit in under a second (LOOP-024) (1294.920978ms)
✔ merged work is excluded but a later own commit is a breach (LOOP-047) (270.548057ms)
✔ exact Current tenure ignores prefix matches and earlier visits to the same slug (LOOP-035) (288.011504ms)
✔ a kernel run records its supervising PID (LOOP-054) (272.311354ms)
✔ a merged declared input still stales evidence (LOOP-047) (430.482069ms)
✔ wildcard and magic pathspecs select the same historical inputs (LOOP-024, LOOP-032) (2070.772859ms)
✔ historical selection retains deleted files and excludes new ones (LOOP-024, LOOP-035) (1195.028849ms)
✔ cairn --version prints the package.json version outside a repository, and help lists it (PKG-039) (248.993277ms)
✔ a release is one commit setting one version in the five files, with the changelog entry, tagged v<version> (PKG-040) (1108.818566ms)
✔ the release script refuses a bad version, no increase, a dirty tree, a missing entry, a taken tag, a disagreeing file, and a loop not at Done, each in one line with nothing written (PKG-040) (1787.402953ms)
✔ a version file written as compact JSON is released, and nothing else in any version file changes (PKG-042) (1254.080625ms)
✔ with attribution forbidden, the release script refuses an unpushed commit carrying an AI attribution line (PKG-045) (540.167105ms)
✔ explicit reporting with no lines and exit 0 establishes no requirement verdicts (LOOP-061) (551.20361ms)
✔ explicit reporting with no lines and exit 1 establishes no requirement verdicts (LOOP-061) (545.23331ms)
✔ a reporter that cannot start keeps execution diagnostics without blaming requirements (LOOP-062) (289.652764ms)
✔ large output cannot kill a reporter or invent a requirement verdict (315.460466ms)
✔ explicit mode ignores cairn: R-999: pass (317.508073ms)
✔ explicit mode ignores cairn: R-001: unverified (318.112228ms)
✔ explicit mode ignores cairn: R-001: passed (282.349748ms)
✔ explicit results survive nonzero exit and contradictory duplicates still fail (600.497897ms)
✔ unverified results across changed inputs never become failed attempts (1406.200084ms)
✔ legacy exit 0 retains its interpretation (208.396506ms)
✔ legacy exit 1 retains its interpretation (221.252545ms)
✔ a misspelled reporting mode is refused before execution (118.911772ms)
✔ changed requirement blocks unchecked reruns and makes the completion review stale (LOOP-058, LOOP-059) (1977.26799ms)
✔ falsifier changes need review; separate rationale and other requirements do not change a receipt (1244.842516ms)
✔ legacy receipts recover requirement identity from their commit; unavailable history requires review (942.014317ms)
✔ check refuses uncommitted requirement text and mechanism review markers (770.064664ms)
✔ tightened response limit cannot reuse the old passing check (1319.82951ms)
✔ a declared input over 1 MiB agrees at a commit and in the tree (LOOP-060) (428.549076ms)
✔ a failed Git blob read cannot be hashed as an empty blob (371.789102ms)
✔ Git listings over 1 MiB include the last declared input (2158.089964ms)
✔ requirement identity excludes fenced examples and status dates (474.805433ms)
✔ DemonCoder REM-002 and Status in progress cannot silently satisfy the review gate (LOOP-086) (973.235448ms)
✔ valid open findings retain their behavior (537.529584ms)
✔ valid resolved findings retain their behavior (528.887002ms)
✔ valid empty findings retain their behavior (533.726434ms)
✔ valid mixed valid findings retain their behavior (504.23055ms)
✔ malformed finding "open:" requires repair (432.604615ms)
✔ malformed finding "resolved:   " requires repair (416.508877ms)
✔ malformed finding "Open: incorrect case" requires repair (373.876686ms)
✔ malformed finding "unknown: issue" requires repair (343.771302ms)
✔ malformed finding "\u001b[31mBAD: issue" requires repair (348.09548ms)
✔ the established explicit empty findings list remains valid (353.708984ms)
✔ a scalar findings value requires the supported list format (321.807715ms)
✔ check runs a mechanism when a requirement outside the commitment was revised, and asks for the review once a commitment includes it (LOOP-059) (990.205067ms)
✔ a Requirements: line written as a list is read like the flat form (LOOP-102) (176.207947ms)
✔ a subdirectory or a README in a record directory changes nothing (LOOP-103) (498.741169ms)
✔ two Current: lines are a roadmap repair (LOOP-104) (80.136635ms)
✔ a repeated identifier, an input under the evidence directory, and a missing cwd are refused by name (LOOP-105) (446.468816ms)
✔ a requirement whose evidence outlives its mechanism is named declare, not a regression or an escalation (LOOP-106) (1062.320829ms)
✔ an unreadable record is a repair, not an error exit (LOOP-107) (108.469856ms)
✔ a review needs commit, a nonempty examined list, and a findings list, each named when missing (LOOP-108) (973.018695ms)
✔ a decision record missing a header field or naming a missing predecessor is a repair (LOOP-109) (299.598932ms)
✔ a dirty declared input with no in-progress record is named record ahead of run (LOOP-022, LOOP-110) (222.28447ms)
✔ with core.filemode false the index mode is the identity, so a mode-only difference does not refuse the check (LOOP-111) (217.143271ms)
✔ a project below the Git toplevel can run check (LOOP-112) (268.120317ms)
✔ a shallow clone names history to fetch, not a decision to build (LOOP-113) (177.914876ms)
✔ record-writing commands refuse to run outside a Cairn repository and write nothing (LOOP-118) (233.355872ms)
✔ a git that cannot start is one line and exit 3 from wake and from check, with nothing recorded (LOOP-137) (85.417851ms)
✔ an unexplained or uncommitted stop record is named explain before any other action; explained and committed, the wake moves on (LOOP-139) (268.786177ms)
✔ empty footprint names declaration before scope and records no evidence (LOOP-081) (574.25745ms)
✔ first declaration still checks the full earlier history (LOOP-081) (369.46207ms)
✔ an empty current footprint does not block an explicitly requested existing mechanism (LOOP-081) (330.432763ms)
✔ an inherited mechanism provides a footprint even before local mechanisms exist (244.934001ms)
✔ scope reports every path, escapes line breaks, and gives identical remedies (LOOP-082) (219.924809ms)
✔ scope verdict reuses the answered-escalation annotation (LOOP-048, LOOP-051, LOOP-083) (567.490678ms)
✔ a committed scope acknowledgment lets restored history proceed (LOOP-083) (696.651861ms)
✔ scope acknowledgment must be committed before it can clear a breach (635.201435ms)
✔ ordinary ok does not acknowledge scope history (294.199219ms)
✔ scope escalation refuses unrestored paths and names the restoration remedy (224.690503ms)
✔ an invalid scope request still records an explicitly Blocking decision (142.139074ms)
✔ ask and explanation stay open; only the final committed ok acknowledges scope (649.770886ms)
✔ instead is visible but does not silently authorize a scope exception (354.065923ms)
✔ later changes to an acknowledged path still block, including later reverts (1073.901985ms)
✔ approval cannot hide another path changed after the snapshot (352.745792ms)
✔ acknowledged history remains conditional on the paths staying restored (558.457724ms)
✔ editing the scope snapshot after answer invalidates its acknowledgment (286.2544ms)
✔ malformed scope metadata cannot suppress a breach (1467.501595ms)
✔ damaged acknowledgment fields cannot suppress a breach (554.980212ms)
✔ scope path matching is literal, including wildcard filenames and control characters (525.387968ms)
✔ scope acknowledgment does not carry into another activation of the same slug (312.545082ms)
✔ restoration checks additions, deletions, executable modes, and symlink kinds (1522.814184ms)
✔ explicit committed retention keeps correct work and requires new evidence and review (LOOP-084, LOOP-085) (2080.166182ms)
✔ a missing declaration covers correct earlier work without retention or revert (501.42641ms)
✔ keep requires scope and an unchanged committed candidate (152.608735ms)
✔ uncommitted retention and instead answers cannot clear the incident (1010.752047ms)
✔ retention does not grant future edits, even when reverted to the approved tree (1225.654444ms)
✔ retention cannot cover another path or another activation (536.894252ms)
✔ imported changes must still match the retained tree (580.318504ms)
✔ retention handles additions, deletions, modes, symlinks, and literal filenames (1873.004764ms)
✔ retention cannot convert an existing restoration answer or accept an unknown mode (406.475188ms)
✔ a check failure after retention remains a failure (670.066426ms)
✔ retained paths stay part of the stable checked candidate without extending its footprint (585.120776ms)
✔ retention ask needs an explanation and final committed approval (567.52914ms)
✔ an unknown scope mode remains invalid even with a matching approval digest (321.238967ms)
✔ backlog writes the item; a second with the same title is refused, never overwritten (LOOP-016) (119.700445ms)
✔ a commit inside the footprint: check runs; outside it: check names the path and does not run (LOOP-015, LOOP-035) (578.187818ms)
✔ Cairn's records are never a breach; another file under docs/ is (LOOP-117) (603.434318ms)
✔ declaring the path as an input clears the breach (266.641374ms)
✔ a revert preserves the record of an out-of-scope commit (LOOP-047) (283.283424ms)
✔ a commitment naming a requirement the spec set does not hold as Agreed is repaired (LOOP-029) (83.11035ms)
✔ a requirement in a Draft spec file is not Agreed (75.03324ms)
✔ working agreements and the ignore file are Cairn records (LOOP-035, LOOP-036) (454.125783ms)
✔ the over-asking rule is gone from both skills (SPEC-005, SPEC-006, SPEC-007) (1.53664ms)
✔ a decision during the phase is recorded (DEC-003) (0.150852ms)
✔ understanding is restated before writing (SPEC-003) (0.118603ms)
✔ falsifiers are proposed as one set and confirmed by exception (SPEC-004) (0.195033ms)
✔ depth is inferred and domains derived, never asked or imposed (SPEC-008, SPEC-009) (0.139133ms)
✔ a term enters the glossary at first occurrence (SPEC-010) (0.102213ms)
✔ the phase ends at the first commitment, and later ones are specified during the loop (SPEC-011, SPEC-012) (0.122747ms)
✔ a requirement goes Agreed only with a nameable mechanism (SPEC-013) (1.020696ms)
✔ review before agreement, recording what it attacked (SPEC-014, SPEC-015) (0.224581ms)
✔ no spec file without requirements; nothing Agreed without a falsifier (SPEC-001, SPEC-002) (0.18386ms)
✔ Observed is marked, and is not contract (SPEC-016, SPEC-017) (0.13615ms)
✔ the skills exclude artifacts outside Cairn's workflow (0.386022ms)
✔ the working agreement names the agent's move for each verdict and the write-ahead record (LOOP-036) (0.227566ms)
✔ the working agreement names the developer's moves (LOOP-036, DEC-014) (0.096184ms)
✔ this repository runs by the file it ships (0.429305ms)
✔ both skills write the working agreement without naming a vendor's file (LOOP-002, LOOP-036, PKG-006) (0.131774ms)
✔ the working agreement says what an attempt is (LOOP-036, DEC-017, DEC-018) (0.099352ms)
✔ the working agreement says a failure no footprint change can address is an escalation, and where an inherited requirement is repaired (DEC-019, LOOP-057) (0.133367ms)
✔ the working agreement states the promote, next-iteration, and no-deferral moves (LOOP-029, LOOP-087, LOOP-091, LOOP-092) (0.105732ms)
✔ both skills sort captures into the backlog or next-iteration and forbid deferral (LOOP-029, LOOP-092, LOOP-093) (0.089707ms)
✔ the skill requires a falsifier on every requirement, a MAY included (SPEC-025) (0.080367ms)
✔ the working agreement names the hooks as optional and the install skill registers them for two harnesses (PKG-006, PKG-018, PKG-019) (0.251723ms)
✔ the working agreement says the kernel is upgraded at Done, never inside a commitment (LOOP-096) (0.077876ms)
✔ the next-iteration skill starts from the specification and ends by naming the next commitment (SPEC-026, SPEC-027) (0.246984ms)
✔ every document that names the project skills names next-iteration beside them (SPEC-026, PKG-014) (2.792063ms)
✔ the working agreement states a move for every action the kernel can name (LOOP-101) (2.153562ms)
✔ the working agreement states both record formats and the two flags the moves need (LOOP-036) (0.158869ms)
✔ the skills demonstrate a safe violating example and preserve recon findings (SPEC-022, SPEC-023) (0.085166ms)
✔ the specification skills run the checker through the cairn command (PKG-029) (0.253722ms)
✔ the README invokes the phase skills by name and states versions and platforms (PKG-030, PKG-031) (0.400433ms)
✔ the manual and the walkthrough say the loop promotes backlog items at Done (0.832388ms)
✔ the working agreement says a report is not work under way, its findings are captured, and it is committed with them (LOOP-138) (0.091064ms)
✔ a two-obligation sentence is named (PKG-007) (36.721086ms)
✔ an obligation with no actor is named (PKG-010) (41.616073ms)
✔ a leading condition clause is not the actor, and the actor after it counts (39.909588ms)
✔ an Agreed requirement with no falsifier is named (SPEC-002); a Draft one is not (100.364746ms)
✔ prose after a Draft requirement with no falsifier is not scanned as requirement text (40.59694ms)
✔ a spec declaring a prefix with no requirement is named (SPEC-001) (54.80815ms)
✔ a keyword in backticks or quotes is a mention, not an obligation (45.012471ms)
✔ duplicate identifiers are rejected within a file and across files (SPEC-020) (81.358144ms)
✔ references resolve across files; missing references name their source (SPEC-021) (88.030345ms)
✔ code examples and quoted mentions are neither definitions nor references (47.440212ms)
✔ machine-local paths are findings in prose, links, quotes, and examples (SPEC-019) (383.185418ms)
✔ relative paths, URLs, slash commands, and character mentions are not absolute path findings (40.011928ms)
✔ a slash after a placeholder continues the template (SPEC-019) (75.511322ms)
✔ a host path is a finding until the file declares it (SPEC-019, SPEC-024) (79.278282ms)
✔ declared host paths cover children with a slash boundary and stay file-local (117.514514ms)
✔ a host-path declaration inside a requirement or example grants no exception (113.650329ms)
✔ host-path declarations require absolute or home-relative entries (196.647274ms)
✔ an Agreed block whose only keyword is MAY needs a falsifier like any other (SPEC-025, SPEC-002) (82.263382ms)
✔ a regex literal is not a path, a drive path and a file URL are, and a skill's slash name is allowed (SPEC-028, SPEC-029) (82.979106ms)
✔ a backticked or quoted actor still counts as one (PKG-010) (41.959863ms)
✔ supersede writes both lines, and the old record keeps every word it had (DEC-008, DEC-010) (84.951237ms)
✔ supersede without a cause, or with one outside the four, is refused (DEC-009) (136.253674ms)
✔ supersede of a record that does not exist is refused (89.121707ms)
✔ a predecessor with no title line cannot be stamped, so nothing is written (81.988502ms)
✔ a --supersedes argument outside the slug alphabet is refused, and a path never reaches the filesystem (DEC-022) (248.751557ms)
✔ a record already superseded cannot be superseded again: one Superseded by line per record (DEC-022, DEC-010) (205.533169ms)
✔ reversals reports counts by decider, cause, and domain (DEC-011) (172.07009ms)
✔ decide in a domain with a reversal is refused without --history, naming the reversal; with it, the record carries History (DEC-012) (207.21375ms)
✔ decide in a domain with no reversals needs no --history (137.89489ms)
✔ a record resting on prose alone is in the domain unspecified, and so is the next one (124.401529ms)
✔ the decider tally normalizes case and whitespace, and names a value outside the vocabulary (DEC-020, DEC-011) (84.885928ms)
✔ a record with no Decided by line is tallied as unrecorded, not as a vocabulary value (76.049055ms)
✔ Decided by written as a list tallies like the flat form, and does not crash the report (LOOP-124, DEC-020) (76.001327ms)
✔ a second declaration for one requirement is accepted, a named check runs every mechanism, and Done needs each to pass (LOOP-056, LOOP-099) (1954.373882ms)
✔ one mechanism's stale evidence names that mechanism, and --stale runs only it (LOOP-056, LOOP-094) (738.057344ms)
✔ attempts are counted within one mechanism's records, so the other's passes do not reset them (LOOP-100, DEC-016) (1360.893813ms)
✔ step 1: an in-progress record is reconciled before anything else (91.596619ms)
✔ step 2: an open escalation is presented and nothing else happens (76.101412ms)
✔ an answered escalation is not open (429.96124ms)
✔ step 3: a decision with no realized-by is built, first by name (DEC-007) (102.800005ms)
✔ a superseded decision with no realized-by is not work (132.115884ms)
✔ step 6: a mechanism that has never run is run, not implemented (LOOP-008) (117.362788ms)
✔ step 6: a requirement whose mechanism fails is implemented (515.857934ms)
✔ step 6 before step 7: failing evidence outranks a missing mechanism (355.060231ms)
✔ step 7: a requirement with no mechanism is declared (LOOP-106) (89.257762ms)
✔ every verdict names who acts: Resolvable is the agent's, Done needs nobody, Escalate waits for the developer (LOOP-004) (513.339659ms)
✔ malformed roadmap is Resolvable, not fatal (LOOP-005) (57.6329ms)
✔ a commitment naming no requirements is Resolvable (LOOP-018) (57.912019ms)
✔ the primary test: two wakes on the same checkout give the same action, before and after a persisted transition (LOOP-001, LOOP-003) (555.007196ms)
✔ outside a cairn repository wake cannot run (40.131317ms)
✔ the loop never waits on the review queue (DEC-015) (328.284165ms)
✔ twenty built records cost one git call to resolve, not twenty (DEC-023) (180.911894ms)
✔ an ambiguous Realized by identifier is the repair that says lengthen it, not a build (LOOP-113, DEC-023) (196.74568ms)
✔ the linked walkthrough runs from agreement through the next commitment (PKG-016) (1334.041187ms)
ℹ tests 502
ℹ suites 0
ℹ pass 502
ℹ fail 0
ℹ cancelled 0
ℹ skipped 0
ℹ todo 0
ℹ duration_ms 23534.786405
