✔ a Draft block overrides an Agreed file for both wake and check (SPEC-018) (258.605905ms)
✔ an Agreed block overrides a Draft file in the kernel and lint (SPEC-018, SPEC-002) (612.844508ms)
✔ a block Status does not become the file default, including inside examples (SPEC-018) (405.61178ms)
✔ block status without a value does not inherit Agreed by accident (SPEC-018) (96.10831ms)
✔ inheritance needs a file Scope and includes only Agreed blocks, regardless of prefix (PKG-015) (1983.955468ms)
✔ Scope inside a requirement or fenced example does not declare inheritance (PKG-015) (878.273566ms)
✔ a falsifier wrapped onto a line beginning with Status: does not become the block's status (SPEC-018) (1.050368ms)
✔ LOOP-063: reject input mutation during a check and retain diagnostics (430.879009ms)
✔ LOOP-063: reject deletion mutation during a check and retain diagnostics (472.58475ms)
✔ LOOP-063: reject addition mutation during a check and retain diagnostics (432.018488ms)
✔ LOOP-063: reject mode mutation during a check and retain diagnostics (424.832722ms)
✔ LOOP-063: reject specification mutation during a check and retain diagnostics (444.08289ms)
✔ LOOP-063: reject declaration mutation during a check and retain diagnostics (455.073358ms)
✔ LOOP-063: reject commit mutation during a check and retain diagnostics (386.129192ms)
✔ LOOP-063: committed input mutation during execution cannot certify the replacement (395.547384ms)
✔ LOOP-064: removing executable permission makes passing evidence stale (613.793059ms)
✔ LOOP-064: a mode-only change also invalidates the previous review after new evidence (898.447391ms)
✔ LOOP-064: changing a regular file into a link with identical identity bytes is stale (859.247928ms)
✔ LOOP-063: an unchanged candidate still records a pass despite unrelated working-tree edits (217.232576ms)
✔ LOOP-064: current and historical input ordering agrees for Unicode filenames (298.355291ms)
✔ LOOP-063: Git status hiding content changes cannot certify an uncommitted candidate (122.061867ms)
✔ LOOP-066: one check owns execution with a kernel action record (497.230224ms)
✔ LOOP-066: one check owns execution with an agent action record (480.516312ms)
✔ LOOP-066: a live lock is named and never silently overwritten (163.214662ms)
✔ LOOP-066: a dead lock is named and never silently overwritten (156.362052ms)
✔ LOOP-066: a incomplete lock is named and never silently overwritten (145.050926ms)
✔ LOOP-066: an execution error releases the check lock for a corrected rerun (554.657172ms)
✔ LOOP-066: a live kernel action from an older Cairn also blocks execution (108.750838ms)
✔ LOOP-066: separate Git worktrees can run checks independently (525.454799ms)
✔ after a green check --stale runs nothing; after one input changes it runs only that mechanism (LOOP-094) (1051.836857ms)
✔ a mechanism speaking for two stale requirements runs once and refreshes both (LOOP-094, LOOP-040) (737.150796ms)
✔ a fresh failure and an unverified result are skipped with implement named (LOOP-094) (694.565256ms)
✔ --stale with a requirement identifier is refused (LOOP-094) (91.249021ms)
✔ check --stale holds back a mechanism whose requirement has three attempts and no escalation, names it, and records nothing (LOOP-094, DEC-016) (2035.862269ms)
✔ check refuses a dirty declared input and names it; a dirty undeclared file does not block (LOOP-030) (495.418365ms)
✔ check writes one receipt per run carrying the full record and a result line per requirement (LOOP-097) (406.510143ms)
✔ a nonzero exit records fail, and the receipt keeps the exit code (LOOP-034) (365.314348ms)
✔ a pass after a fail keeps the failing record; nothing is overwritten or deleted (LOOP-025) (739.923456ms)
✔ a commit changing a declared input makes evidence stale; an undeclared one does not (LOOP-007) (884.973159ms)
✔ a regression is named before a requirement that never passed (LOOP-031) (1067.751358ms)
✔ three attempts with no escalation since: wake says escalate, not a fourth (DEC-016, DEC-017, DEC-018) (2238.817849ms)
✔ the review gate: no review, stale review, open finding, then Done (LOOP-020, LOOP-033) (989.780756ms)
✔ Done is refused while any requirement lacks current passing evidence (LOOP-017) (85.462077ms)
✔ check names a requested requirement that no mechanism claims (91.711275ms)
✔ check writes the in-progress record before the run and clears it after (LOOP-021) (176.741294ms)
✔ a linked declared input digests the same at a commit and in the tree (LOOP-023, LOOP-024) (392.253567ms)
✔ a result line is the mechanism's statement about one requirement; what it did not mention is unverified (LOOP-037, LOOP-052) (191.6649ms)
✔ a mechanism that says nothing is read by its exit code for every requirement (LOOP-039) (182.382407ms)
✔ unverified is not an attempt, and a return to an earlier failed digest counts once (DEC-017, DEC-018) (1588.393665ms)
✔ a result line for a requirement the mechanism does not speak for is named and writes nothing (LOOP-038) (180.974541ms)
✔ a result line inside ordinary output, or without the marker, does not count (176.85042ms)
✔ a targeted check runs the named requirements' mechanisms and records every requirement they speak for (LOOP-040) (172.450079ms)
✔ two result lines for one requirement: a fail on any line wins (184.489294ms)
✔ three runs at one digest with no attempt since: the verdict stays implement and names DEC-019; an escalation naming it among others clears the hint (DEC-019, LOOP-053) (976.701095ms)
✔ a receipt names its commit in full, and an older receipt with the short form is still read (LOOP-136) (262.099303ms)
✔ a complete commitment with an unpromoted backlog item names promote, and a stamped item lets it reach Done (LOOP-087) (980.091517ms)
✔ an empty backlog with waiting next-iteration items is Done, with the count as information and no action on them (LOOP-091) (805.027801ms)
✔ a promotion marker must resolve to a decision record (LOOP-088) (288.176864ms)
✔ a commitment promoted from an item needs a decision record naming the item (LOOP-088) (302.228582ms)
✔ the spec lint reports a promotion marker with no decision record (LOOP-088) (76.574791ms)
✔ a promoted commitment that changes an Agreed requirement or the working agreement is an escalation; an unpromoted one is not (LOOP-089, LOOP-090) (1757.098693ms)
✔ a capture from one of the commitment's own requirements needs Outside because: or an escalation (LOOP-092) (1692.064392ms)
✔ a next-iteration item names what it would change, and the capture refuses one that does not (LOOP-093) (430.965315ms)
✔ a commitment specified from a next-iteration item needs the item stamped before anything else (SPEC-027) (502.312965ms)
✔ a by deference marker resolves to a decision record like a promotion marker (SPEC-002, LOOP-088) (190.38851ms)
✔ the LOOP-090 gate reads the Concerns line, not the slug as a substring (LOOP-114) (530.991769ms)
✔ the LOOP-088 check reads the Promotes line, and decide --promotes writes it (LOOP-115) (230.196643ms)
✔ the activation commit of a promoted commitment is inside the LOOP-089 comparison (LOOP-116) (144.019539ms)
✔ the LOOP-090 route needs one escalation: its Concerns line covers the moved item too (LOOP-119, LOOP-092, LOOP-114) (614.785527ms)
✔ an escalation raised before the promoted commitment began does not silence the LOOP-090 gate (LOOP-114) (311.730324ms)
✔ an escalation raised before the commitment began does not silence the capture gate (LOOP-119) (326.144592ms)
✔ the activation commit is inside the scope footprint (LOOP-120) (105.798488ms)
✔ a requirement Agreed at activation that is demoted or removed is a contract change (LOOP-121) (562.497215ms)
✔ the include files are the root files that hold @AGENTS.md: exempt from the footprint, compared by the gate (LOOP-122) (1046.14934ms)
✔ a superseded promotion no longer satisfies the LOOP-088 check, and the repair says the promotion was reversed (LOOP-123) (599.659103ms)
✔ the restore route measures from the tree before activation, so a path the activation commit added must go (LOOP-120, LOOP-035) (162.048126ms)
✔ the loop works against exactly one commitment: the current one (LOOP-019) (357.070977ms)
✔ a promotion recorded below Consequential is a repair naming the level, since the developer never sees it in the queue (LOOP-088) (80.307832ms)
✔ every requirement the node-test declaration speaks for is named in a test title (PKG-025) (3.264096ms)
✔ every repository path the tests read is a declared input of node-test (PKG-026) (1.228794ms)
✔ writes a record with every required field and an empty realized-by (DEC-001, DEC-005) (89.504563ms)
✔ a Consequential decision is queued for review (DEC-013) (81.927974ms)
✔ a Consequential decision is queued even when .cairn/queue does not exist yet (91.738593ms)
✔ Routine is refused: routine decisions produce no record (117.04942ms)
✔ a missing field is a usage error and nothing is written (99.484871ms)
✔ supersedes requires a classified cause, and the old record must exist (187.676753ms)
✔ an existing record is not overwritten (131.162614ms)
✔ a queued decision stays queued; nothing but the developer removes it (DEC-014) (248.094983ms)
✔ each accepted decider is stored lowercase, whatever case it was typed in (DEC-020) (593.737529ms)
✔ a decider outside the vocabulary is a usage error naming all three, and nothing is written (DEC-020) (497.299149ms)
✔ an empty --decided-by is the missing-field error, not the vocabulary one (67.829461ms)
✔ LOOP-006, LOOP-067: missing inputs names a declaration repair before execution (166.537053ms)
✔ LOOP-006, LOOP-067: empty inputs names a declaration repair before execution (169.999394ms)
✔ LOOP-006, LOOP-067: missing command names a declaration repair before execution (164.424809ms)
✔ LOOP-006, LOOP-067: list command names a declaration repair before execution (180.580081ms)
✔ LOOP-006, LOOP-067: empty command names a declaration repair before execution (170.69146ms)
✔ LOOP-006, LOOP-067: missing requirements names a declaration repair before execution (189.962394ms)
✔ LOOP-006, LOOP-067: bad identifier names a declaration repair before execution (173.763505ms)
✔ LOOP-067: scalar one-item lists retain their existing meaning (360.009634ms)
✔ LOOP-068: a unpopulated gitlink is refused by name (211.936231ms)
✔ LOOP-068: a populated gitlink is refused by name (220.656115ms)
✔ LOOP-069: identical selections across 100 mechanisms use at most 20 Git processes (180.22506ms)
✔ escalate writes the six-line format followed by its facts, and wake presents it (LOOP-010, LOOP-026) (159.396984ms)
✔ a missing or multi-line field is refused with the field named, and nothing is written (LOOP-012) (126.664268ms)
✔ a Blocking escalation that fails the format is written anyway, naming the malformed field (LOOP-013) (167.325374ms)
✔ the loop stops for the developer only at Blocking: a recorded decision below it never yields Escalate, and the Blocking bypass must be spelled exactly (DEC-002) (308.984793ms)
✔ a second escalation while one is open is refused (LOOP-011) (160.208575ms)
✔ answer records the reply; wake no longer presents it; a second answer is refused (303.064212ms)
✔ answer to an unknown escalation is refused (78.448273ms)
✔ a stranger resumes from the file alone: question and answer are both in it (LOOP-014) (132.260833ms)
✔ a developer-shaped answer during the agent's turn is refused and writes nothing; the explanation is still accepted (LOOP-135) (749.809594ms)
✔ after an answer, the same concern can be escalated again under a new name (193.528977ms)
✔ an escalation exists when its file does, committed or not (LOOP-009) (96.853349ms)
✔ developer answers require one of the three forms and cannot inject fields (LOOP-048) (657.139745ms)
✔ ask, agent explanation, another ask, and ok stay ordered in one file (LOOP-049, LOOP-050, LOOP-014) (788.702005ms)
✔ fresh closed answers accompany only concerned requirements until new evidence (LOOP-051) (735.810375ms)
✔ a raised escalation carries no derivable status line, and an old record with one still parses (LOOP-028) (193.81429ms)
✔ LOOP-065: delete of output refuses Done and a new run recovers (1299.472908ms)
✔ LOOP-065: corrupt of output refuses Done and a new run recovers (1375.472732ms)
✔ LOOP-065: delete of stderr_output refuses Done and a new run recovers (1110.527212ms)
✔ LOOP-065: corrupt of stderr_output refuses Done and a new run recovers (1020.571475ms)
✔ LOOP-065: a receipt without output needs a new check (482.347984ms)
✔ LOOP-065: a receipt without output_digest needs a new check (462.896621ms)
✔ LOOP-065: a receipt without stderr_output needs a new check (455.562045ms)
✔ LOOP-065: a receipt without stderr_digest needs a new check (381.390636ms)
✔ LOOP-065: legacy unverifiable output is rerun without rewriting history (683.323381ms)
✔ a fresh record names the kernel that wrote it (LOOP-023) (290.190861ms)
✔ LOOP-095: a record from another kernel is stale with the kernel named, and a new check restores Done (720.267685ms)
✔ LOOP-095: a record from no kernel is stale with the kernel named, and a new check restores Done (673.254921ms)
✔ LOOP-070: a later failure is latest even when the clock moves backward (1061.81161ms)
✔ LOOP-070: receipt collisions at one clock instant retain execution order beyond nine suffixes (3705.507187ms)
✔ LOOP-070: imported branch receipts stale a later sequence until a new check incorporates them (1240.54936ms)
✔ LOOP-070, LOOP-098: legacy receipts need one ordered check, remain byte-for-byte unchanged, and precede the run receipt in the history (501.47764ms)
✔ LOOP-070: edit of a prior receipt requires fresh evidence (486.182378ms)
✔ LOOP-070: remove of a prior receipt requires fresh evidence (439.75262ms)
✔ LOOP-075: supporting evidence file README.md does not become a receipt (478.07366ms)
✔ LOOP-075: supporting evidence file notes.txt does not become a receipt (484.270658ms)
✔ LOOP-075: supporting evidence file support does not become a receipt (482.597373ms)
✔ LOOP-075: supporting evidence file .DS_Store does not become a receipt (471.824092ms)
✔ LOOP-075: a malformed result line (result=success) names a repair before execution (331.183608ms)
✔ LOOP-075: a malformed result line (sequence=NaN) names a repair before execution (350.4388ms)
✔ LOOP-075: a malformed result line (sequence=9007199254740992) names a repair before execution (348.855475ms)
✔ LOOP-075: a malformed result line (history_digest=wrong) names a repair before execution (347.033148ms)
✔ LOOP-075: a malformed result line (tokens) names a repair before execution (377.507205ms)
✔ LOOP-075: a receipt-shaped directory is a named repair instead of an EISDIR crash (392.06835ms)
✔ LOOP-070: an earlier escalation cannot cover three new attempts after clock rollback (954.069304ms)
✔ LOOP-070: an answer becomes old after a later check even if that check's timestamp is earlier (600.299615ms)
✔ LOOP-070: the newest answer wins between checks even when its clock timestamp is older (382.205774ms)
✔ LOOP-070: legacy escalation dates cover old receipts but not three newer sequenced runs (1325.463718ms)
✔ a PKG requirement the commitment does not name is declared, run, and gates Done (PKG-011) (1955.862973ms)
✔ a PKG requirement in a Draft spec is not folded in (509.203384ms)
✔ LOOP-076, LOOP-079: stale inputs identify the receipt and the check to run (741.616862ms)
✔ LOOP-077: names a content change using checked input identity (681.319106ms)
✔ LOOP-077: names a mode change using checked input identity (770.593531ms)
✔ LOOP-077: names a kind change using checked input identity (705.115477ms)
✔ LOOP-077: names a added change using checked input identity (640.778501ms)
✔ LOOP-077: names a removed change using checked input identity (565.085086ms)
✔ LOOP-077: names a link-target change using checked input identity (839.973362ms)
✔ LOOP-077: changed selection compares the old and new input sets (488.018973ms)
✔ LOOP-077: raw CRLF changes remain visible when Git-clean content agrees (463.879155ms)
✔ LOOP-077: detail output is sorted, bounded, and reports the omitted count (439.439468ms)
✔ LOOP-077: filenames cannot inject lines or terminal controls into explanations (406.549555ms)
✔ LOOP-077: receipts from one run share details and do not store source contents (285.924104ms)
✔ LOOP-078, LOOP-080: legacy optional detail limits explanation without changing standing (484.054477ms)
✔ LOOP-078, LOOP-080: invalid-field optional detail limits explanation without changing standing (455.148632ms)
✔ LOOP-078, LOOP-080: missing optional detail limits explanation without changing standing (465.988867ms)
✔ LOOP-078, LOOP-080: invalid-json optional detail limits explanation without changing standing (465.984268ms)
✔ LOOP-078, LOOP-080: mismatched optional detail limits explanation without changing standing (456.540458ms)
✔ LOOP-078, LOOP-080: duplicate optional detail limits explanation without changing standing (491.503683ms)
✔ LOOP-078, LOOP-080: unsafe-path optional detail limits explanation without changing standing (457.82395ms)
✔ LOOP-078, LOOP-080: directory optional detail limits explanation without changing standing (466.639254ms)
✔ LOOP-078, LOOP-080: symlink optional detail limits explanation without changing standing (541.725876ms)
✔ LOOP-078: unavailable old requirement text is not claimed as a proven change (378.547221ms)
✔ LOOP-076, LOOP-079: changed requirements identify evidence and retain review-before-check guidance (378.146263ms)
✔ LOOP-078: simultaneous input and output damage keep both reasons (368.581153ms)
✔ LOOP-080: deterministic freshness sequence seed=7 (9079.035164ms)
✔ LOOP-080: deterministic freshness sequence seed=42 (5873.673478ms)
✔ LOOP-080: deterministic freshness sequence seed=913 (5084.411793ms)
✔ LOOP-080: agreement changes, mechanism review, checks, and completion review retain priority (1263.367122ms)
✔ LOOP-080: imported receipt history demands a rerun without a false input explanation (1283.985838ms)
✔ LOOP-073: clean CRLF input completes under attributes (567.418762ms)
✔ LOOP-073: clean CRLF input completes under autocrlf (540.118552ms)
✔ LOOP-073: raw line-ending mutation during a run is rejected even when Git still sees the same content (306.631758ms)
✔ LOOP-073: execution evidence changes when clean conversion preserves committed identity (1156.917527ms)
✔ LOOP-073: Git clean filters use Git's conversion while retaining raw evidence identity (577.914395ms)
✔ LOOP-073: failure of a required Git filter cannot record evidence (134.392597ms)
✔ LOOP-073: a clean filter moving HEAD during ending validation prevents evidence (686.924884ms)
✔ LOOP-073: canonical Git identities handle links without reading their targets (453.497517ms)
✔ LOOP-073: Git conversion keeps raw Unicode and control-character input paths (430.708631ms)
✔ LOOP-073: conversion and links work in a SHA-256 Git repository (401.914494ms)
✔ LOOP-074: historical specification filename "café.md" remains reviewable (403.098387ms)
✔ LOOP-074: historical specification filename "spec\ttab.md" remains reviewable (356.29998ms)
✔ LOOP-074: historical specification filename "spec\nline.md" remains reviewable (350.08986ms)
✔ help works outside a repository without running a command (PKG-017) (968.871271ms)
✔ help does not hide invalid options or consume literal arguments (222.767771ms)
✔ help lists the lint command (PKG-017) (58.11431ms)
✔ a working directory that no longer exists is named as the failure, and git is not blamed (PKG-041, PKG-022) (189.688989ms)
✔ the stop hook refuses a stop while wake says Resolvable, with the verdict as the reason (PKG-018) (217.879128ms)
✔ the stop hook allows a stop at Done, at Escalate, and outside a Cairn repository (PKG-018) (1124.88304ms)
✔ the session-start hook links the command once and prints the verdict in a Cairn repository (PKG-019, PKG-014, PKG-005) (505.240829ms)
✔ the session-start hook prints no verdict outside a Cairn repository and leaves an existing link that resolves alone (PKG-019) (57.844813ms)
✔ a checkout under a path with a space links a command that resolves, and its stop hook still blocks (PKG-019, PKG-021) (393.197856ms)
✔ the hooks run the kernel the command link resolves to, so hook and agent share one referee (PKG-021) (1112.328638ms)
✔ a dangling link is replaced and reported (PKG-019) (157.898841ms)
✔ errors exit 0 with one line on standard error and no stack trace (PKG-022) (205.937161ms)
✔ the hooks judge with the cairn on PATH, a wrapper included, and session-start names it (PKG-033) (1019.386131ms)
✔ a link to a wrapper or file is kept; a dangling link or one to a directory is replaced (PKG-034) (387.71702ms)
✔ a project below the Git toplevel gets the verdict and the stop refusal (PKG-035) (276.551965ms)
✔ a kernel that prints no verdict is one stderr line: the stop is allowed and session-start prints no trace (PKG-036) (138.732144ms)
✔ a link that cannot be created is one stderr line, and the verdict still prints (PKG-019, PKG-022) (128.295513ms)
✔ with git absent the hooks say so in one line and block nothing (PKG-022) (83.696742ms)
✔ the stop hook gives way once it has refused: stop_hook_active true prints the verdict and returns no block decision (PKG-018) (116.065836ms)
✔ cairn lint runs the checker over docs/spec by default and over a named directory (PKG-028) (236.927747ms)
✔ cairn lint names a missing directory in one line, takes one argument, and reports a bad root (PKG-028) (223.714749ms)
✔ three megabytes are retained exactly once with matching digests (LOOP-041, LOOP-042) (379.959929ms)
✔ split stdout result lines survive a long non-result line; stderr is never a verdict (413.988198ms)
✔ signal termination is recorded and logs survive a clone (LOOP-043) (392.267304ms)
✔ working agreements and ignore changes are Cairn records inside the footprint (397.345188ms)
✔ a clean package passes (75.421091ms)
✔ PKG-001: a dependency, or a service manifest (153.573685ms)
✔ PKG-002: ignoring evidence or other durable state, by directory or by extension (175.055504ms)
✔ PKG-003: a command, a directory, or a record kind no decision names (301.970524ms)
✔ PKG-004: a kernel over 1600 lines, counting every file under bin/ as wc -l does; exactly 1600 passes (352.738471ms)
✔ PKG-006: a skill step naming a vendor's product, in either order, across a wrapped list item (PKG-027) (336.95479ms)
✔ PKG-008: a non-ASCII character in a tracked text file (80.782289ms)
✔ PKG-009: the kernel importing from tests (83.869026ms)
✔ PKG-012: a network call or a model vendor in the kernel (178.497355ms)
✔ PKG-013: deferral language, but not in code, quotes, or a rule (695.274537ms)
✔ a tracked path deleted from the working tree is skipped, not a crash (100.942589ms)
✔ a sentence in a Formats section is not a record kind (87.5604ms)
✔ a record kind named by its path alone is checked (91.509434ms)
✔ PKG-002: a tracked in-progress record (75.991983ms)
✔ PKG-002: ignoring evidence alone is a finding (73.134781ms)
✔ PKG-003 reads the kernel's commands from its help output (PKG-023) (130.450857ms)
✔ the ASCII scan covers shipped files, not records under .cairn/ (PKG-024) (90.32894ms)
✔ a vendor-naming step wrapped across lines is matched (PKG-006, PKG-027) (79.00336ms)
✔ PKG-013 scans the README, the manual, and the walkthrough (PKG-032) (218.213651ms)
✔ the manifests, the listing and package.json agree on the name and version, and name paths the repository holds (PKG-037) (3.341819ms)
✔ the hooks file registers session-start and stop against the plugin's own hook.mjs through the plugin root variable (PKG-038) (0.215767ms)
✔ a Muse hook entry whose shared hook is missing prints one line and exits 0 (PKG-041, PKG-022) (79.214609ms)
✔ the registered commands print the verdict at session start, link the command into the plugin, and refuse a stop while wake says Resolvable (PKG-038, PKG-021) (406.980765ms)
✔ LOOP-071: decision body metadata does not resolve unbuilt work: "Superseded by: example" (750.394688ms)
✔ LOOP-071: decision body metadata does not resolve unbuilt work: "```text\nSuperseded by: example\n```" (691.573325ms)
✔ LOOP-071: decision body metadata does not resolve unbuilt work: "~~~text\nSuperseded by: example\n~~~" (743.452928ms)
✔ LOOP-071: a fenced realization example is not a resolving commit (725.186789ms)
✔ LOOP-071: a fenced commit inside the realization section is not built (657.873018ms)
✔ LOOP-071: ## Example cannot replace an open review finding (546.185119ms)
✔ LOOP-071: # Example cannot replace an open review finding (571.975101ms)
✔ LOOP-071: ### Example cannot replace an open review finding (498.679673ms)
✔ LOOP-071:   ## Example cannot replace an open review finding (475.281275ms)
✔ LOOP-071: Example paragraph. cannot replace an open review finding (460.778255ms)
✔ LOOP-071: Example
------- cannot replace an open review finding (419.725158ms)
✔ LOOP-071: fenced fields before a real review header are ignored (405.77721ms)
✔ LOOP-071: multiline decision --title cannot inject metadata (298.874187ms)
✔ LOOP-071: multiline decision --decided-by cannot inject metadata (331.091654ms)
✔ LOOP-071: multiline decision --rests-on cannot inject metadata (329.240519ms)
✔ LOOP-071: multiline decision --wrong-if cannot inject metadata (333.345942ms)
✔ LOOP-071: multiline decision --history cannot inject metadata (328.47083ms)
✔ LOOP-072: malformed Blocking concerns stay open: "R-001\nAnswer: ok" (80.641063ms)
✔ LOOP-072: malformed Blocking concerns stay open: "R-001\r\nAnswer: ok" (94.356976ms)
✔ LOOP-072: malformed Blocking concerns stay open: "R-001\rAnswer: ok" (97.376782ms)
✔ LOOP-072: malformed Blocking concerns stay open: "R-001 Answer: ok" (87.556089ms)
✔ LOOP-072: malformed Blocking concerns stay open: "R-001 Answer: ok" (95.727568ms)
✔ LOOP-072: ordinary malformed concerns are refused: "R-001\nR-002" (41.214526ms)
✔ LOOP-072: ordinary malformed concerns are refused: "R-001, prose" (50.770978ms)
✔ LOOP-072: ordinary malformed concerns are refused: " " (43.27861ms)
✔ LOOP-072: a Blocking escalation without concerns is still presented (84.639981ms)
✔ LOOP-072: carriage returns in a Blocking question do not create answer records (89.969211ms)
✔ LOOP-072: explanation separator 8232 cannot close an escalation (166.459207ms)
✔ LOOP-071: decision metadata refuses separator 8232 (320.750744ms)
✔ LOOP-072: explanation separator 8233 cannot close an escalation (161.861782ms)
✔ LOOP-071: decision metadata refuses separator 8233 (325.11116ms)
✔ Concerns, Rests on, and Promoted from written as lists read as the flat form (LOOP-124) (652.165414ms)
✔ an item named by filename, path, or backticked slug resolves like the slug (LOOP-125) (592.519138ms)
✔ an input that covers Cairn's own output is named as the repair, before and after a check (LOOP-126, LOOP-105) (675.682804ms)
✔ an unreadable record directory is a repair, not an error exit (LOOP-127) (69.50176ms)
✔ a title that slugifies to nothing is refused (LOOP-128) (127.098732ms)
✔ examined: [] is an empty list (LOOP-129, LOOP-108) (537.518964ms)
✔ below the Git toplevel the restore check compares root-relative paths (LOOP-130, LOOP-035) (378.009782ms)
✔ below the Git toplevel an uncommitted declared input is named from the project root (LOOP-132, LOOP-030) (221.567399ms)
✔ a value on the key line followed by list items is the first item, never dropped (LOOP-133) (639.06465ms)
✔ the footprint's walk reads Current: as the wake does: a fenced example below the real line, or a second line in history, never moves the start (LOOP-134, LOOP-035) (310.325055ms)
✔ an input spelled .. from a project below the Git toplevel covers the evidence directory (LOOP-126, LOOP-105) (101.330694ms)
✔ a Consequential record this commitment added needs its queue entry committed (LOOP-131, DEC-004) (534.463611ms)
✔ a mechanism that removes the check lock still gets its evidence, with no repair for the lock (LOOP-107) (245.616148ms)
✔ a staged rename reads as its two paths, never as a bare origin token (LOOP-030, LOOP-110) (111.969232ms)
✔ a Current: line inside a fenced example is neither a second Current: line nor the commitment, before or after the real line (LOOP-104) (204.205305ms)
✔ a Status: word is taken only from a line that carries one, never from wrapped prose after it (SPEC-018) (0.784773ms)
✔ the placeholder left above a resolving entry is a repair naming the file (DEC-021) (240.749603ms)
✔ the placeholder alone is a decision recorded and not yet built, unchanged (DEC-007) (59.166374ms)
✔ resolving entries with no placeholder are unchanged (DEC-006) (128.257826ms)
✔ a shallow clone that cannot resolve its entries is still told to fetch, not to edit (LOOP-113 keeps precedence) (150.59669ms)
✔ the placeholder quoted in a fenced example does not make a built record a repair (DEC-021) (104.233579ms)
✔ supersede takes the same decider vocabulary as decide (DEC-020) (93.132642ms)
✔ a superseded record is held to the same line: its placeholder above a resolving entry is a repair (DEC-021, DEC-010) (167.177246ms)
✔ realize() touches only the Realized by section; a body that quotes the placeholder keeps it (101.544118ms)
✔ an untracked file under a declared input is not a change under way; check still refuses beside it and names .gitignore (LOOP-110, LOOP-030) (219.58815ms)
✔ an unmatched input is refused before execution (LOOP-044) (201.892322ms)
✔ an indexed input deleted on disk asks for a commit (LOOP-045) (170.229746ms)
✔ wake and check require a Git working tree (LOOP-046) (133.442379ms)
✔ recovery removes only dead kernel run records and identifies a live owner (LOOP-054, LOOP-055) (357.023766ms)
✔ an agent action based behind a clean HEAD appears committed (LOOP-027) (209.277588ms)
✔ realization needs a real commit and a subject (DEC-006) (317.438197ms)
✔ 1500 binary inputs digest identically at the review commit in under a second (LOOP-024) (1609.075056ms)
✔ merged work is excluded but a later own commit is a breach (LOOP-047) (285.68861ms)
✔ exact Current tenure ignores prefix matches and earlier visits to the same slug (LOOP-035) (299.310999ms)
✔ a kernel run records its supervising PID (LOOP-054) (266.57684ms)
✔ a merged declared input still stales evidence (LOOP-047) (414.012353ms)
✔ wildcard and magic pathspecs select the same historical inputs (LOOP-024, LOOP-032) (2141.414159ms)
✔ historical selection retains deleted files and excludes new ones (LOOP-024, LOOP-035) (1204.844902ms)
✔ cairn --version prints the package.json version outside a repository, and help lists it (PKG-039) (156.406936ms)
✔ a release is one commit setting one version in the five files, with the changelog entry, tagged v<version> (PKG-040) (1202.883672ms)
✔ the release script refuses a bad version, no increase, a dirty tree, a missing entry, a taken tag, a disagreeing file, and a loop not at Done, each in one line with nothing written (PKG-040) (2309.619217ms)
✔ a version file written as compact JSON is released, and nothing else in any version file changes (PKG-042) (1285.093538ms)
✔ explicit reporting with no lines and exit 0 establishes no requirement verdicts (LOOP-061) (498.41293ms)
✔ explicit reporting with no lines and exit 1 establishes no requirement verdicts (LOOP-061) (496.077613ms)
✔ a reporter that cannot start keeps execution diagnostics without blaming requirements (LOOP-062) (319.066923ms)
✔ large output cannot kill a reporter or invent a requirement verdict (356.246526ms)
✔ explicit mode ignores cairn: R-999: pass (340.804041ms)
✔ explicit mode ignores cairn: R-001: unverified (332.945734ms)
✔ explicit mode ignores cairn: R-001: passed (348.006351ms)
✔ explicit results survive nonzero exit and contradictory duplicates still fail (609.178015ms)
✔ unverified results across changed inputs never become failed attempts (1554.150428ms)
✔ legacy exit 0 retains its interpretation (228.401891ms)
✔ legacy exit 1 retains its interpretation (229.191976ms)
✔ a misspelled reporting mode is refused before execution (124.297396ms)
✔ changed requirement blocks unchecked reruns and makes the completion review stale (LOOP-058, LOOP-059) (1978.953757ms)
✔ falsifier changes need review; separate rationale and other requirements do not change a receipt (1339.491995ms)
✔ legacy receipts recover requirement identity from their commit; unavailable history requires review (965.412505ms)
✔ check refuses uncommitted requirement text and mechanism review markers (852.51471ms)
✔ tightened response limit cannot reuse the old passing check (1324.990698ms)
✔ a declared input over 1 MiB agrees at a commit and in the tree (LOOP-060) (433.188395ms)
✔ a failed Git blob read cannot be hashed as an empty blob (351.590391ms)
✔ Git listings over 1 MiB include the last declared input (2296.45643ms)
✔ requirement identity excludes fenced examples and status dates (449.626406ms)
✔ DemonCoder REM-002 and Status in progress cannot silently satisfy the review gate (LOOP-086) (936.889094ms)
✔ valid open findings retain their behavior (560.39836ms)
✔ valid resolved findings retain their behavior (577.23074ms)
✔ valid empty findings retain their behavior (573.17185ms)
✔ valid mixed valid findings retain their behavior (507.649857ms)
✔ malformed finding "open:" requires repair (458.806855ms)
✔ malformed finding "resolved:   " requires repair (389.038601ms)
✔ malformed finding "Open: incorrect case" requires repair (419.924871ms)
✔ malformed finding "unknown: issue" requires repair (410.873546ms)
✔ malformed finding "\u001b[31mBAD: issue" requires repair (366.076193ms)
✔ the established explicit empty findings list remains valid (385.905227ms)
✔ a scalar findings value requires the supported list format (344.7148ms)
✔ a Requirements: line written as a list is read like the flat form (LOOP-102) (132.542587ms)
✔ a subdirectory or a README in a record directory changes nothing (LOOP-103) (565.763778ms)
✔ two Current: lines are a roadmap repair (LOOP-104) (92.317716ms)
✔ a repeated identifier, an input under the evidence directory, and a missing cwd are refused by name (LOOP-105) (485.704631ms)
✔ a requirement whose evidence outlives its mechanism is named declare, not a regression or an escalation (LOOP-106) (1241.951638ms)
✔ an unreadable record is a repair, not an error exit (LOOP-107) (123.611876ms)
✔ a review needs commit, a nonempty examined list, and a findings list, each named when missing (LOOP-108) (1072.529213ms)
✔ a decision record missing a header field or naming a missing predecessor is a repair (LOOP-109) (334.910009ms)
✔ a dirty declared input with no in-progress record is named record ahead of run (LOOP-022, LOOP-110) (274.560004ms)
✔ with core.filemode false the index mode is the identity, so a mode-only difference does not refuse the check (LOOP-111) (287.758153ms)
✔ a project below the Git toplevel can run check (LOOP-112) (282.042572ms)
✔ a shallow clone names history to fetch, not a decision to build (LOOP-113) (219.921202ms)
✔ record-writing commands refuse to run outside a Cairn repository and write nothing (LOOP-118) (243.239029ms)
✔ a git that cannot start is one line and exit 3 from wake and from check, with nothing recorded (LOOP-137) (107.355099ms)
✔ empty footprint names declaration before scope and records no evidence (LOOP-081) (625.962987ms)
✔ first declaration still checks the full earlier history (LOOP-081) (396.786189ms)
✔ an empty current footprint does not block an explicitly requested existing mechanism (LOOP-081) (337.686014ms)
✔ an inherited mechanism provides a footprint even before local mechanisms exist (254.100633ms)
✔ scope reports every path, escapes line breaks, and gives identical remedies (LOOP-082) (302.399819ms)
✔ scope verdict reuses the answered-escalation annotation (LOOP-048, LOOP-051, LOOP-083) (700.607631ms)
✔ a committed scope acknowledgment lets restored history proceed (LOOP-083) (838.24316ms)
✔ scope acknowledgment must be committed before it can clear a breach (756.321563ms)
✔ ordinary ok does not acknowledge scope history (360.084331ms)
✔ scope escalation refuses unrestored paths and names the restoration remedy (273.021481ms)
✔ an invalid scope request still records an explicitly Blocking decision (155.332894ms)
✔ ask and explanation stay open; only the final committed ok acknowledges scope (778.587498ms)
✔ instead is visible but does not silently authorize a scope exception (386.507719ms)
✔ later changes to an acknowledged path still block, including later reverts (1111.807145ms)
✔ approval cannot hide another path changed after the snapshot (384.275313ms)
✔ acknowledged history remains conditional on the paths staying restored (539.861201ms)
✔ editing the scope snapshot after answer invalidates its acknowledgment (278.783257ms)
✔ malformed scope metadata cannot suppress a breach (1405.455881ms)
✔ damaged acknowledgment fields cannot suppress a breach (545.458474ms)
✔ scope path matching is literal, including wildcard filenames and control characters (505.29955ms)
✔ scope acknowledgment does not carry into another activation of the same slug (488.447005ms)
✔ restoration checks additions, deletions, executable modes, and symlink kinds (1443.431064ms)
✔ explicit committed retention keeps correct work and requires new evidence and review (LOOP-084, LOOP-085) (2298.017392ms)
✔ a missing declaration covers correct earlier work without retention or revert (615.692727ms)
✔ keep requires scope and an unchanged committed candidate (185.608894ms)
✔ uncommitted retention and instead answers cannot clear the incident (1281.399242ms)
✔ retention does not grant future edits, even when reverted to the approved tree (1456.900726ms)
✔ retention cannot cover another path or another activation (599.803878ms)
✔ imported changes must still match the retained tree (598.494027ms)
✔ retention handles additions, deletions, modes, symlinks, and literal filenames (1936.912788ms)
✔ retention cannot convert an existing restoration answer or accept an unknown mode (410.116386ms)
✔ a check failure after retention remains a failure (700.780151ms)
✔ retained paths stay part of the stable checked candidate without extending its footprint (575.542396ms)
✔ retention ask needs an explanation and final committed approval (738.136423ms)
✔ an unknown scope mode remains invalid even with a matching approval digest (281.342762ms)
✔ backlog writes the item; a second with the same title is refused, never overwritten (LOOP-016) (153.425273ms)
✔ a commit inside the footprint: check runs; outside it: check names the path and does not run (LOOP-015, LOOP-035) (619.007521ms)
✔ Cairn's records are never a breach; another file under docs/ is (LOOP-117) (747.743336ms)
✔ declaring the path as an input clears the breach (315.699195ms)
✔ a revert preserves the record of an out-of-scope commit (LOOP-047) (348.308233ms)
✔ a commitment naming a requirement the spec set does not hold as Agreed is repaired (LOOP-029) (88.16155ms)
✔ a requirement in a Draft spec file is not Agreed (81.882712ms)
✔ working agreements and the ignore file are Cairn records (LOOP-035, LOOP-036) (512.259415ms)
✔ the over-asking rule is gone from both skills (SPEC-005, SPEC-006, SPEC-007) (3.714397ms)
✔ a decision during the phase is recorded (DEC-003) (0.223288ms)
✔ understanding is restated before writing (SPEC-003) (0.152072ms)
✔ falsifiers are proposed as one set and confirmed by exception (SPEC-004) (0.222886ms)
✔ depth is inferred and domains derived, never asked or imposed (SPEC-008, SPEC-009) (0.142951ms)
✔ a term enters the glossary at first occurrence (SPEC-010) (0.09888ms)
✔ the phase ends at the first commitment, and later ones are specified during the loop (SPEC-011, SPEC-012) (0.114358ms)
✔ a requirement goes Agreed only with a nameable mechanism (SPEC-013) (0.139062ms)
✔ review before agreement, recording what it attacked (SPEC-014, SPEC-015) (0.156093ms)
✔ no spec file without requirements; nothing Agreed without a falsifier (SPEC-001, SPEC-002) (0.193966ms)
✔ Observed is marked, and is not contract (SPEC-016, SPEC-017) (0.172767ms)
✔ the skills exclude artifacts outside Cairn's workflow (0.162369ms)
✔ the working agreement names the agent's move for each verdict and the write-ahead record (LOOP-036) (0.246219ms)
✔ the working agreement names the developer's moves (LOOP-036, DEC-014) (0.107796ms)
✔ this repository runs by the file it ships (0.37859ms)
✔ both skills write the working agreement without naming a vendor's file (LOOP-002, LOOP-036, PKG-006) (0.122218ms)
✔ the working agreement says what an attempt is (LOOP-036, DEC-017, DEC-018) (0.080947ms)
✔ the working agreement says a failure no footprint change can address is an escalation, and where an inherited requirement is repaired (DEC-019, LOOP-057) (0.095949ms)
✔ the working agreement states the promote, next-iteration, and no-deferral moves (LOOP-029, LOOP-087, LOOP-091, LOOP-092) (0.089398ms)
✔ both skills sort captures into the backlog or next-iteration and forbid deferral (LOOP-029, LOOP-092, LOOP-093) (0.076244ms)
✔ the skill requires a falsifier on every requirement, a MAY included (SPEC-025) (0.073149ms)
✔ the working agreement names the hooks as optional and the install skill registers them for two harnesses (PKG-006, PKG-018, PKG-019) (0.218305ms)
✔ the working agreement says the kernel is upgraded at Done, never inside a commitment (LOOP-096) (0.068638ms)
✔ the next-iteration skill starts from the specification and ends by naming the next commitment (SPEC-026, SPEC-027) (0.231688ms)
✔ every document that names the project skills names next-iteration beside them (SPEC-026, PKG-014) (2.697169ms)
✔ the working agreement states a move for every action the kernel can name (LOOP-101) (1.904302ms)
✔ the working agreement states both record formats and the two flags the moves need (LOOP-036) (0.160097ms)
✔ the skills demonstrate a safe violating example and preserve recon findings (SPEC-022, SPEC-023) (0.092497ms)
✔ the specification skills run the checker through the cairn command (PKG-029) (0.256817ms)
✔ the README invokes the phase skills by name and states versions and platforms (PKG-030, PKG-031) (0.38076ms)
✔ the manual and the walkthrough say the loop promotes backlog items at Done (0.745241ms)
✔ the working agreement says a report is not work under way, its findings are captured, and it is committed with them (LOOP-138) (0.085789ms)
✔ a two-obligation sentence is named (PKG-007) (53.269378ms)
✔ an obligation with no actor is named (PKG-010) (47.269144ms)
✔ a leading condition clause is not the actor, and the actor after it counts (52.956351ms)
✔ an Agreed requirement with no falsifier is named (SPEC-002); a Draft one is not (94.240254ms)
✔ prose after a Draft requirement with no falsifier is not scanned as requirement text (48.2682ms)
✔ a spec declaring a prefix with no requirement is named (SPEC-001) (56.483453ms)
✔ a keyword in backticks or quotes is a mention, not an obligation (55.317966ms)
✔ duplicate identifiers are rejected within a file and across files (SPEC-020) (99.616627ms)
✔ references resolve across files; missing references name their source (SPEC-021) (89.988494ms)
✔ code examples and quoted mentions are neither definitions nor references (48.774439ms)
✔ machine-local paths are findings in prose, links, quotes, and examples (SPEC-019) (475.911458ms)
✔ relative paths, URLs, slash commands, and character mentions are not absolute path findings (46.930487ms)
✔ a slash after a placeholder continues the template (SPEC-019) (85.687212ms)
✔ a host path is a finding until the file declares it (SPEC-019, SPEC-024) (91.292336ms)
✔ declared host paths cover children with a slash boundary and stay file-local (151.375322ms)
✔ a host-path declaration inside a requirement or example grants no exception (169.376508ms)
✔ host-path declarations require absolute or home-relative entries (226.019682ms)
✔ an Agreed block whose only keyword is MAY needs a falsifier like any other (SPEC-025, SPEC-002) (99.434794ms)
✔ a regex literal is not a path, a drive path and a file URL are, and a skill's slash name is allowed (SPEC-028, SPEC-029) (71.268246ms)
✔ a backticked or quoted actor still counts as one (PKG-010) (39.252697ms)
✔ supersede writes both lines, and the old record keeps every word it had (DEC-008, DEC-010) (95.032471ms)
✔ supersede without a cause, or with one outside the four, is refused (DEC-009) (132.424416ms)
✔ supersede of a record that does not exist is refused (93.942764ms)
✔ a predecessor with no title line cannot be stamped, so nothing is written (91.81759ms)
✔ a --supersedes argument outside the slug alphabet is refused, and a path never reaches the filesystem (DEC-022) (251.474239ms)
✔ a record already superseded cannot be superseded again: one Superseded by line per record (DEC-022, DEC-010) (224.687305ms)
✔ reversals reports counts by decider, cause, and domain (DEC-011) (193.267592ms)
✔ decide in a domain with a reversal is refused without --history, naming the reversal; with it, the record carries History (DEC-012) (221.24836ms)
✔ decide in a domain with no reversals needs no --history (184.962453ms)
✔ a record resting on prose alone is in the domain unspecified, and so is the next one (150.383229ms)
✔ the decider tally normalizes case and whitespace, and names a value outside the vocabulary (DEC-020, DEC-011) (74.710446ms)
✔ a record with no Decided by line is tallied as unrecorded, not as a vocabulary value (77.320524ms)
✔ Decided by written as a list tallies like the flat form, and does not crash the report (LOOP-124, DEC-020) (70.685112ms)
✔ a second declaration for one requirement is accepted, a named check runs every mechanism, and Done needs each to pass (LOOP-056, LOOP-099) (2191.728195ms)
✔ one mechanism's stale evidence names that mechanism, and --stale runs only it (LOOP-056, LOOP-094) (885.864287ms)
✔ attempts are counted within one mechanism's records, so the other's passes do not reset them (LOOP-100, DEC-016) (1457.346692ms)
✔ step 1: an in-progress record is reconciled before anything else (103.606885ms)
✔ step 2: an open escalation is presented and nothing else happens (88.450457ms)
✔ an answered escalation is not open (523.919231ms)
✔ step 3: a decision with no realized-by is built, first by name (DEC-007) (89.109359ms)
✔ a superseded decision with no realized-by is not work (119.29257ms)
✔ step 6: a mechanism that has never run is run, not implemented (LOOP-008) (105.950535ms)
✔ step 6: a requirement whose mechanism fails is implemented (545.891585ms)
✔ step 6 before step 7: failing evidence outranks a missing mechanism (350.912271ms)
✔ step 7: a requirement with no mechanism is declared (LOOP-106) (90.615734ms)
✔ every verdict names who acts: Resolvable is the agent's, Done needs nobody, Escalate waits for the developer (LOOP-004) (596.630483ms)
✔ malformed roadmap is Resolvable, not fatal (LOOP-005) (78.955629ms)
✔ a commitment naming no requirements is Resolvable (LOOP-018) (68.658166ms)
✔ the primary test: two wakes on the same checkout give the same action, before and after a persisted transition (LOOP-001, LOOP-003) (550.741461ms)
✔ outside a cairn repository wake cannot run (42.725567ms)
✔ the loop never waits on the review queue (DEC-015) (301.679877ms)
✔ twenty built records cost one git call to resolve, not twenty (DEC-023) (190.07747ms)
✔ an ambiguous Realized by identifier is the repair that says lengthen it, not a build (LOOP-113, DEC-023) (175.797483ms)
✔ the linked walkthrough runs from agreement through the next commitment (PKG-016) (1408.717997ms)
ℹ tests 490
ℹ suites 0
ℹ pass 490
ℹ fail 0
ℹ cancelled 0
ℹ skipped 0
ℹ todo 0
ℹ duration_ms 22683.602049
