✔ a Draft block overrides an Agreed file for both wake and check (SPEC-018) (194.057238ms)
✔ an Agreed block overrides a Draft file in the kernel and lint (SPEC-018, SPEC-002) (642.76358ms)
✔ a block Status does not become the file default, including inside examples (SPEC-018) (396.860028ms)
✔ block status without a value does not inherit Agreed by accident (SPEC-018) (107.123421ms)
✔ inheritance needs a file Scope and includes only Agreed blocks, regardless of prefix (PKG-015) (2109.188858ms)
✔ Scope inside a requirement or fenced example does not declare inheritance (PKG-015) (1059.239065ms)
✔ a falsifier wrapped onto a line beginning with Status: does not become the block's status (SPEC-018) (1.031237ms)
✔ with attribution forbidden, an unpushed commit carrying an AI attribution line is named reword before any work; without the policy, or once pushed, it is not (PKG-045) (429.720344ms)
✔ each attribution form is caught, a prose mention is not, and the oldest attributed commit is named first (PKG-045) (590.693577ms)
✔ LOOP-063: reject input mutation during a check and retain diagnostics (386.747917ms)
✔ LOOP-063: reject deletion mutation during a check and retain diagnostics (410.76126ms)
✔ LOOP-063: reject addition mutation during a check and retain diagnostics (413.6687ms)
✔ LOOP-063: reject mode mutation during a check and retain diagnostics (431.634658ms)
✔ LOOP-063: reject specification mutation during a check and retain diagnostics (464.612435ms)
✔ LOOP-063: reject declaration mutation during a check and retain diagnostics (496.2972ms)
✔ LOOP-063: reject commit mutation during a check and retain diagnostics (416.215852ms)
✔ LOOP-063: committed input mutation during execution cannot certify the replacement (428.702703ms)
✔ LOOP-064: removing executable permission makes passing evidence stale (690.421924ms)
✔ LOOP-064: a mode-only change also invalidates the previous review after new evidence (904.391913ms)
✔ LOOP-064: changing a regular file into a link with identical identity bytes is stale (910.596264ms)
✔ LOOP-063: an unchanged candidate still records a pass despite unrelated working-tree edits (214.299833ms)
✔ LOOP-064: current and historical input ordering agrees for Unicode filenames (347.288795ms)
✔ LOOP-063: Git status hiding content changes cannot certify an uncommitted candidate (138.557224ms)
✔ LOOP-066: one check owns execution with a kernel action record (477.042097ms)
✔ LOOP-066: one check owns execution with an agent action record (430.00918ms)
✔ LOOP-066: a live lock is named and never silently overwritten (163.78525ms)
✔ LOOP-066: a dead lock is named and never silently overwritten (161.430901ms)
✔ LOOP-066: a incomplete lock is named and never silently overwritten (171.645746ms)
✔ LOOP-066: an execution error releases the check lock for a corrected rerun (503.283536ms)
✔ LOOP-066: a live kernel action from an older Cairn also blocks execution (98.947604ms)
✔ LOOP-066: separate Git worktrees can run checks independently (582.312537ms)
✔ after a green check --stale runs nothing; after one input changes it runs only that mechanism (LOOP-094) (910.963908ms)
✔ a mechanism speaking for two stale requirements runs once and refreshes both (LOOP-094, LOOP-040) (668.124372ms)
✔ a fresh failure and an unverified result are skipped with implement named (LOOP-094) (673.514167ms)
✔ --stale with a requirement identifier is refused (LOOP-094) (103.477583ms)
✔ check --stale holds back a mechanism whose requirement has three attempts and no escalation, names it, and records nothing (LOOP-094, DEC-016) (2143.082783ms)
✔ check refuses a dirty declared input and names it; a dirty undeclared file does not block (LOOP-030) (462.233259ms)
✔ check writes one receipt per run carrying the full record and a result line per requirement (LOOP-097) (285.478667ms)
✔ a nonzero exit records fail, and the receipt keeps the exit code (LOOP-034) (340.208749ms)
✔ a pass after a fail keeps the failing record; nothing is overwritten or deleted (LOOP-025) (700.730688ms)
✔ a commit changing a declared input makes evidence stale; an undeclared one does not (LOOP-007) (1027.81638ms)
✔ a regression is named before a requirement that never passed (LOOP-031) (1086.599871ms)
✔ three attempts with no escalation since: wake says escalate, not a fourth (DEC-016, DEC-017, DEC-018) (2313.607425ms)
✔ the review gate: no review, stale review, open finding, then Done (LOOP-020, LOOP-033) (1135.805665ms)
✔ Done is refused while any requirement lacks current passing evidence (LOOP-017) (92.272063ms)
✔ check names a requested requirement that no mechanism claims (85.738499ms)
✔ check writes the in-progress record before the run and clears it after (LOOP-021) (184.259705ms)
✔ a linked declared input digests the same at a commit and in the tree (LOOP-023, LOOP-024) (420.885439ms)
✔ a result line is the mechanism's statement about one requirement; what it did not mention is unverified (LOOP-037, LOOP-052) (175.169151ms)
✔ a mechanism that says nothing is read by its exit code for every requirement (LOOP-039) (203.273458ms)
✔ unverified is not an attempt, and a return to an earlier failed digest counts once (DEC-017, DEC-018) (1634.953676ms)
✔ a result line for a requirement the mechanism does not speak for is named and writes nothing (LOOP-038) (189.623201ms)
✔ a result line inside ordinary output, or without the marker, does not count (200.117404ms)
✔ a targeted check runs the named requirements' mechanisms and records every requirement they speak for (LOOP-040) (182.785599ms)
✔ two result lines for one requirement: a fail on any line wins (196.640902ms)
✔ three runs at one digest with no attempt since: the verdict stays implement and names DEC-019; an escalation naming it among others clears the hint (DEC-019, LOOP-053) (900.994516ms)
✔ a receipt names its commit in full, and an older receipt with the short form is still read (LOOP-136) (272.399872ms)
✔ a change only to a document its declaration lists leaves the review fresh and the evidence stale; a change to another input makes the review stale (LOOP-141) (1139.622291ms)
✔ a complete commitment with an unpromoted backlog item names promote, and a stamped item lets it reach Done (LOOP-087) (1010.049157ms)
✔ an empty backlog with waiting next-iteration items is Done, with the count as information and no action on them (LOOP-091) (905.608454ms)
✔ a promotion marker must resolve to a decision record (LOOP-088) (287.770405ms)
✔ a commitment promoted from an item needs a decision record naming the item (LOOP-088) (340.103677ms)
✔ the spec lint reports a promotion marker with no decision record (LOOP-088) (85.667462ms)
✔ a promoted commitment that changes an Agreed requirement or the working agreement is an escalation; an unpromoted one is not (LOOP-089, LOOP-090) (1787.680344ms)
✔ a capture from one of the commitment's own requirements needs Outside because: or an escalation (LOOP-092) (1747.300281ms)
✔ a next-iteration item names what it would change, and the capture refuses one that does not (LOOP-093) (410.337668ms)
✔ a commitment specified from a next-iteration item needs the item stamped before anything else (SPEC-027) (499.820273ms)
✔ a by deference marker resolves to a decision record like a promotion marker (SPEC-002, LOOP-088) (190.367436ms)
✔ the LOOP-090 gate reads the Concerns line, not the slug as a substring (LOOP-114) (543.837103ms)
✔ the LOOP-088 check reads the Promotes line, and decide --promotes writes it (LOOP-115) (239.483674ms)
✔ the activation commit of a promoted commitment is inside the LOOP-089 comparison (LOOP-116) (134.45367ms)
✔ the LOOP-090 route needs one escalation: its Concerns line covers the moved item too (LOOP-119, LOOP-092, LOOP-114) (650.617252ms)
✔ an escalation raised before the promoted commitment began does not silence the LOOP-090 gate (LOOP-114) (333.370042ms)
✔ an escalation raised before the commitment began does not silence the capture gate (LOOP-119) (334.689438ms)
✔ the activation commit is inside the scope footprint (LOOP-120) (101.67825ms)
✔ a requirement Agreed at activation that is demoted or removed is a contract change (LOOP-121) (643.380706ms)
✔ the include files are the root files that hold @AGENTS.md: exempt from the footprint, compared by the gate (LOOP-122) (1188.63966ms)
✔ a superseded promotion no longer satisfies the LOOP-088 check, and the repair says the promotion was reversed (LOOP-123) (472.741923ms)
✔ the restore route measures from the tree before activation, so a path the activation commit added must go (LOOP-120, LOOP-035) (163.430924ms)
✔ the loop works against exactly one commitment: the current one (LOOP-019) (396.252427ms)
✔ a promotion recorded below Consequential is a repair naming the level, since the developer never sees it in the queue (LOOP-088) (69.431361ms)
✔ every requirement the node-test declaration speaks for is named in a test title (PKG-025) (3.427128ms)
✔ every repository path the tests read is a declared input of node-test (PKG-026) (1.295229ms)
✔ writes a record with every required field and an empty realized-by (DEC-001, DEC-005) (80.837828ms)
✔ a Consequential decision is queued for review (DEC-013) (72.723392ms)
✔ a Consequential decision is queued even when .cairn/queue does not exist yet (80.840666ms)
✔ Routine is refused: routine decisions produce no record (86.985819ms)
✔ a missing field is a usage error and nothing is written (68.520981ms)
✔ supersedes requires a classified cause, and the old record must exist (195.700697ms)
✔ an existing record is not overwritten (111.773675ms)
✔ a queued decision stays queued; nothing but the developer removes it (DEC-014) (195.322726ms)
✔ each accepted decider is stored lowercase, whatever case it was typed in (DEC-020) (568.723629ms)
✔ a decider outside the vocabulary is a usage error naming all three, and nothing is written (DEC-020) (481.875471ms)
✔ an empty --decided-by is the missing-field error, not the vocabulary one (82.27658ms)
✔ LOOP-006, LOOP-067: missing inputs names a declaration repair before execution (139.770315ms)
✔ LOOP-006, LOOP-067: empty inputs names a declaration repair before execution (158.916139ms)
✔ LOOP-006, LOOP-067: missing command names a declaration repair before execution (166.633638ms)
✔ LOOP-006, LOOP-067: list command names a declaration repair before execution (139.09271ms)
✔ LOOP-006, LOOP-067: empty command names a declaration repair before execution (168.428808ms)
✔ LOOP-006, LOOP-067: missing requirements names a declaration repair before execution (159.534678ms)
✔ LOOP-006, LOOP-067: bad identifier names a declaration repair before execution (196.466852ms)
✔ LOOP-067: scalar one-item lists retain their existing meaning (303.39847ms)
✔ LOOP-068: a unpopulated gitlink is refused by name (169.720585ms)
✔ LOOP-068: a populated gitlink is refused by name (168.745598ms)
✔ LOOP-069: identical selections across 100 mechanisms use at most 20 Git processes (163.888792ms)
✔ --defect needs --from naming an Agreed requirement, and writes Defect: yes (LOOP-140) (262.977642ms)
✔ an unfixed defect is named fix before a promotable item, and counts as fixed only with passing evidence at or after its commit and no Agreed text changed (LOOP-087, LOOP-140) (2164.276996ms)
✔ escalate writes the six-line format followed by its facts, and wake presents it (LOOP-010, LOOP-026) (119.276371ms)
✔ a missing or multi-line field is refused with the field named, and nothing is written (LOOP-012) (137.650292ms)
✔ a Blocking escalation that fails the format is written anyway, naming the malformed field (LOOP-013) (155.650131ms)
✔ the loop stops for the developer only at Blocking: a recorded decision below it never yields Escalate, and the Blocking bypass must be spelled exactly (DEC-002) (298.581142ms)
✔ a second escalation while one is open is refused (LOOP-011) (131.978587ms)
✔ answer records the reply; wake no longer presents it; a second answer is refused (282.455826ms)
✔ answer to an unknown escalation is refused (80.039262ms)
✔ a stranger resumes from the file alone: question and answer are both in it (LOOP-014) (159.551227ms)
✔ a developer-shaped answer during the agent's turn is refused and writes nothing; the explanation is still accepted (LOOP-135) (653.617375ms)
✔ after an answer, the same concern can be escalated again under a new name (237.668613ms)
✔ an escalation exists when its file does, committed or not (LOOP-009) (99.922569ms)
✔ developer answers require one of the three forms and cannot inject fields (LOOP-048) (607.645404ms)
✔ ask, agent explanation, another ask, and ok stay ordered in one file (LOOP-049, LOOP-050, LOOP-014) (873.003214ms)
✔ fresh closed answers accompany only concerned requirements until new evidence (LOOP-051) (809.126377ms)
✔ a raised escalation carries no derivable status line, and an old record with one still parses (LOOP-028) (194.535559ms)
✔ LOOP-065: delete of output refuses Done and a new run recovers (1228.33132ms)
✔ LOOP-065: corrupt of output refuses Done and a new run recovers (1352.308918ms)
✔ LOOP-065: delete of stderr_output refuses Done and a new run recovers (1238.226927ms)
✔ LOOP-065: corrupt of stderr_output refuses Done and a new run recovers (1071.914796ms)
✔ LOOP-065: a receipt without output needs a new check (519.392035ms)
✔ LOOP-065: a receipt without output_digest needs a new check (504.471979ms)
✔ LOOP-065: a receipt without stderr_output needs a new check (518.230413ms)
✔ LOOP-065: a receipt without stderr_digest needs a new check (443.108446ms)
✔ LOOP-065: legacy unverifiable output is rerun without rewriting history (779.452367ms)
✔ a fresh record names the kernel that wrote it (LOOP-023) (338.385065ms)
✔ LOOP-095: a record from another kernel is stale with the kernel named, and a new check restores Done (777.082153ms)
✔ LOOP-095: a record from no kernel is stale with the kernel named, and a new check restores Done (761.312515ms)
✔ LOOP-070: a later failure is latest even when the clock moves backward (991.586257ms)
✔ LOOP-070: receipt collisions at one clock instant retain execution order beyond nine suffixes (3950.719498ms)
✔ LOOP-070: imported branch receipts stale a later sequence until a new check incorporates them (1296.976724ms)
✔ LOOP-070, LOOP-098: legacy receipts need one ordered check, remain byte-for-byte unchanged, and precede the run receipt in the history (543.785058ms)
✔ LOOP-070: edit of a prior receipt requires fresh evidence (513.681317ms)
✔ LOOP-070: remove of a prior receipt requires fresh evidence (488.663238ms)
✔ LOOP-075: supporting evidence file README.md does not become a receipt (545.067069ms)
✔ LOOP-075: supporting evidence file notes.txt does not become a receipt (554.111303ms)
✔ LOOP-075: supporting evidence file support does not become a receipt (546.600224ms)
✔ LOOP-075: supporting evidence file .DS_Store does not become a receipt (557.077826ms)
✔ LOOP-075: a malformed result line (result=success) names a repair before execution (335.636235ms)
✔ LOOP-075: a malformed result line (sequence=NaN) names a repair before execution (340.715061ms)
✔ LOOP-075: a malformed result line (sequence=9007199254740992) names a repair before execution (352.839369ms)
✔ LOOP-075: a malformed result line (history_digest=wrong) names a repair before execution (365.270147ms)
✔ LOOP-075: a malformed result line (tokens) names a repair before execution (352.379792ms)
✔ LOOP-075: a receipt-shaped directory is a named repair instead of an EISDIR crash (296.824626ms)
✔ LOOP-070: an earlier escalation cannot cover three new attempts after clock rollback (950.800881ms)
✔ LOOP-070: an answer becomes old after a later check even if that check's timestamp is earlier (582.253971ms)
✔ LOOP-070: the newest answer wins between checks even when its clock timestamp is older (387.305033ms)
✔ LOOP-070: legacy escalation dates cover old receipts but not three newer sequenced runs (1283.669434ms)
✔ a PKG requirement the commitment does not name is declared, run, and gates Done (PKG-011) (1924.846481ms)
✔ a PKG requirement in a Draft spec is not folded in (642.317534ms)
✔ LOOP-076, LOOP-079: stale inputs identify the receipt and the check to run (688.068739ms)
✔ LOOP-077: names a content change using checked input identity (702.221731ms)
✔ LOOP-077: names a mode change using checked input identity (747.611039ms)
✔ LOOP-077: names a kind change using checked input identity (693.895025ms)
✔ LOOP-077: names a added change using checked input identity (681.60796ms)
✔ LOOP-077: names a removed change using checked input identity (685.613527ms)
✔ LOOP-077: names a link-target change using checked input identity (881.072637ms)
✔ LOOP-077: changed selection compares the old and new input sets (506.934807ms)
✔ LOOP-077: raw CRLF changes remain visible when Git-clean content agrees (485.589306ms)
✔ LOOP-077: detail output is sorted, bounded, and reports the omitted count (502.359812ms)
✔ LOOP-077: filenames cannot inject lines or terminal controls into explanations (435.240061ms)
✔ LOOP-077: receipts from one run share details and do not store source contents (350.447964ms)
✔ LOOP-078, LOOP-080: legacy optional detail limits explanation without changing standing (561.966084ms)
✔ LOOP-078, LOOP-080: invalid-field optional detail limits explanation without changing standing (528.593385ms)
✔ LOOP-078, LOOP-080: missing optional detail limits explanation without changing standing (569.545035ms)
✔ LOOP-078, LOOP-080: invalid-json optional detail limits explanation without changing standing (579.338006ms)
✔ LOOP-078, LOOP-080: mismatched optional detail limits explanation without changing standing (556.71418ms)
✔ LOOP-078, LOOP-080: duplicate optional detail limits explanation without changing standing (535.732418ms)
✔ LOOP-078, LOOP-080: unsafe-path optional detail limits explanation without changing standing (572.566862ms)
✔ LOOP-078, LOOP-080: directory optional detail limits explanation without changing standing (503.203908ms)
✔ LOOP-078, LOOP-080: symlink optional detail limits explanation without changing standing (525.592725ms)
✔ LOOP-078: unavailable old requirement text is not claimed as a proven change (429.657189ms)
✔ LOOP-076, LOOP-079: changed requirements identify evidence and retain review-before-check guidance (410.395111ms)
✔ LOOP-078: simultaneous input and output damage keep both reasons (391.694473ms)
✔ LOOP-080: deterministic freshness sequence seed=7 (9871.633128ms)
✔ LOOP-080: deterministic freshness sequence seed=42 (6168.801324ms)
✔ LOOP-080: deterministic freshness sequence seed=913 (4751.700673ms)
✔ LOOP-080: agreement changes, mechanism review, checks, and completion review retain priority (1260.14546ms)
✔ LOOP-080: imported receipt history demands a rerun without a false input explanation (1342.204323ms)
✔ LOOP-073: clean CRLF input completes under attributes (553.311842ms)
✔ LOOP-073: clean CRLF input completes under autocrlf (559.785415ms)
✔ LOOP-073: raw line-ending mutation during a run is rejected even when Git still sees the same content (269.461271ms)
✔ LOOP-073: execution evidence changes when clean conversion preserves committed identity (1142.72759ms)
✔ LOOP-073: Git clean filters use Git's conversion while retaining raw evidence identity (613.909699ms)
✔ LOOP-073: failure of a required Git filter cannot record evidence (129.805606ms)
✔ LOOP-073: a clean filter moving HEAD during ending validation prevents evidence (735.210949ms)
✔ LOOP-073: canonical Git identities handle links without reading their targets (519.647811ms)
✔ LOOP-073: Git conversion keeps raw Unicode and control-character input paths (423.64948ms)
✔ LOOP-073: conversion and links work in a SHA-256 Git repository (441.108324ms)
✔ LOOP-074: historical specification filename "café.md" remains reviewable (431.157461ms)
✔ LOOP-074: historical specification filename "spec\ttab.md" remains reviewable (385.924842ms)
✔ LOOP-074: historical specification filename "spec\nline.md" remains reviewable (397.548514ms)
✔ help works outside a repository without running a command (PKG-017) (931.039293ms)
✔ help does not hide invalid options or consume literal arguments (196.628649ms)
✔ help lists the lint command (PKG-017) (47.939309ms)
✔ a working directory that no longer exists is named as the failure, and git is not blamed (PKG-041, PKG-022) (165.652854ms)
✔ the stop hook refuses a stop while wake says Resolvable, with the verdict as the reason (PKG-018) (173.106235ms)
✔ the stop hook allows a stop at Done, at Escalate, and outside a Cairn repository (PKG-018) (1094.456969ms)
✔ the session-start hook links the command once and prints the verdict in a Cairn repository (PKG-019, PKG-014, PKG-005) (470.118491ms)
✔ the session-start hook prints no verdict outside a Cairn repository and leaves an existing link that resolves alone (PKG-019) (78.638992ms)
✔ a checkout under a path with a space links a command that resolves, and its stop hook still blocks (PKG-019, PKG-021) (397.538706ms)
✔ the hooks run the kernel the command link resolves to, so hook and agent share one referee (PKG-021) (1162.263408ms)
✔ a dangling link is replaced and reported (PKG-019) (191.649596ms)
✔ errors exit 0 with one line on standard error and no stack trace (PKG-022) (213.641861ms)
✔ the hooks judge with the cairn on PATH, a wrapper included, and session-start names it (PKG-033) (1094.919807ms)
✔ a link to a wrapper or file is kept; a dangling link or one to a directory is replaced (PKG-034) (405.111513ms)
✔ a project below the Git toplevel gets the verdict and the stop refusal (PKG-035) (318.973414ms)
✔ a kernel that prints no verdict is one stderr line: the stop is allowed and session-start prints no trace (PKG-036) (160.31783ms)
✔ a link that cannot be created is one stderr line, and the verdict still prints (PKG-019, PKG-022) (117.984806ms)
✔ with git absent the hooks say so in one line and block nothing (PKG-022) (92.874509ms)
✔ stop_hook_active true no longer lets a Resolvable stop through: the hook still refuses (PKG-018) (133.197846ms)
✔ receipts written by the project's own kernel are judged with it, not with a different cairn on PATH (PKG-033, PKG-021) (410.525464ms)
✔ the fourth stop on an unchanged verdict, commit and tree goes through with a message and a stop record; each refusal names cairn escalate (PKG-043, PKG-044) (441.255074ms)
✔ progress resets the count, a commit or an edited file alike, and each session counts on its own (PKG-043) (1256.829732ms)
✔ no report, one for another commitment, at another commit, or at a value that is not a commit names a new reviewer; an uncommitted review is committed first (LOOP-020) (1553.667104ms)
✔ an old report re-dated, however it is edited, does not name the new commit and names a new reviewer; a new report with the same words does not (LOOP-020) (1476.246969ms)
✔ each finding is carried by the one line citing its number and beginning with its words; malformed reports are repairs (LOOP-020) (4184.10226ms)
✔ citations name their report's commit, so rounds never collide and an old line never carries a new finding; a wrapped review line is its own repair (LOOP-020) (923.334927ms)
✔ a finding that quotes a citation in its own words is carried by copying it, and an uncited wrapped line is no repair when there is nothing to carry (LOOP-020) (628.42697ms)
✔ a citation that is not last on its line is refused as such, and a finding ending with a citation is carried in the short form (LOOP-020) (877.585268ms)
✔ a report written or changed on disk but not committed is named commit, never judged as the committed one (LOOP-020) (603.514112ms)
✔ the findings list is read from the record's text: blank lines between entries, a wrapped entry, any bullet, and a blank line inside examined: lose nothing; a list after a heading stays unread (LOOP-020, LOOP-086, LOOP-071) (1441.870513ms)
✔ the reader reads a numbered or nested list and a blank line in examined:, and names a line it cannot read rather than reading nothing (LOOP-086, LOOP-020) (1111.088306ms)
✔ a line the reader cannot read is named whenever an entry follows it, in the review and in the report, and a finding under a heading is named (LOOP-086, LOOP-020) (1569.710314ms)
✔ a margin line that only looks like a field never ends a list in silence (LOOP-086, LOOP-020) (1049.958668ms)
✔ a field name repeated inside a list is named, the report's findings under a heading are named beside a list, and the repair offers the fix that keeps the finding (LOOP-020, LOOP-086) (853.170112ms)
✔ a Reviewer: line inside a list is named, and an honest record with a findings-titled heading is read (LOOP-020, LOOP-086) (771.859486ms)
✔ a record that declares findings: [] keeps a bulleted body as prose, as this repository's own reviews are written (LOOP-086, LOOP-020) (378.787875ms)
✔ a field name in another case never ends a list in silence, a record with its fields out of order is told to reorder them, and a citation names only a finding the report made (LOOP-086, LOOP-020, LOOP-108) (781.730639ms)
✔ a citation of zero is a citation, a field ends a list however it is spaced, a heading may be underlined, a blank line before a continuation is nothing, and a doubled commit: line does not name the commit (LOOP-020, LOOP-086, LOOP-108) (983.319052ms)
✔ a rule under a field line is not a heading, the hint names a heading of either form, and an earlier report's citation on a carrying line is history (LOOP-020, LOOP-108) (1169.780591ms)
✔ a title that ends with a colon is still a heading, a report whose fields sit below a heading or prose is repaired rather than discarded, and the repair names the form the kernel reads (LOOP-020, LOOP-086, LOOP-108) (1065.09271ms)
✔ a report for another commitment or commit is replaced even when its fields sit below a heading, a quoted field line does not replace the real one, a rule under any field is a rule, and the review is told what the report is told (LOOP-020, LOOP-108) (1123.131794ms)
✔ an underline makes a heading of the line above it unless that line is an entry or the record's own field, an unread field is named where it sits, a field spelled another way is named, and the findings-titled repair names retitling (LOOP-020, LOOP-086, LOOP-108) (1432.986237ms)
✔ an underlined heading that names findings holds no list either, an unterminated fence hides nothing, a spelling is judged at the margin, and a report short of one header line is repaired (LOOP-020, LOOP-086, LOOP-108) (929.672374ms)
✔ a heading that names findings holds no content of any shape, its own section decides, and a report the wrong commit wrote is replaced before any repair (LOOP-020, LOOP-086) (890.445993ms)
✔ a findings-naming heading holds nothing at all, however deep, and a report with no record is replaced rather than repaired (LOOP-020, LOOP-086) (2077.643508ms)
✔ a recognisable finding under a heading is named wherever it sits, a findings-titled section is prose beside a list that holds entries, and a record may open with a title (LOOP-020, LOOP-086, LOOP-108) (1926.245977ms)
✔ a line that says open: is a finding however it is marked up, and one leading title of any form is the record's own (LOOP-020, LOOP-086, LOOP-108) (3530.090365ms)
✔ every line outside the findings list is read for the prefix, and a findings-naming section is judged over its subsections (LOOP-020, LOOP-086) (2872.620077ms)
✔ markup is whatever precedes the first letter, a row is a row wherever its pipes sit, and each message names the move (LOOP-020, LOOP-086) (2272.150253ms)
✔ a marker that contains a letter is still a marker, and a fence opens only on its own line (LOOP-020, LOOP-086) (2510.65732ms)
✔ a label before the prefix is markup too, and a divider hides no finding (LOOP-020, LOOP-071, LOOP-086) (2176.375438ms)
✔ only the findings list itself is exempt from the sweep, and a label of any shape is markup (LOOP-020, LOOP-071, LOOP-086) (2336.032632ms)
✔ the prefix belongs to the findings list alone: anywhere else in a record it is a finding (LOOP-020, LOOP-086) (2280.25371ms)
✔ the prefix is what a line says however it is punctuated, and no fence or second field hides an entry (LOOP-020, LOOP-071, LOOP-086) (2932.596623ms)
✔ a numbered prefix is still the prefix, and each message names the action it means (LOOP-020, LOOP-086) (1716.26861ms)
✔ a comment or an entity is not a gap, a field belongs at the margin, and a bullet belongs to a list (LOOP-020, LOOP-086, LOOP-108) (1530.874761ms)
✔ cairn lint runs the checker over docs/spec by default and over a named directory (PKG-028) (221.081133ms)
✔ cairn lint names a missing directory in one line, takes one argument, and reports a bad root (PKG-028) (208.773653ms)
✔ three megabytes are retained exactly once with matching digests (LOOP-041, LOOP-042) (346.134432ms)
✔ split stdout result lines survive a long non-result line; stderr is never a verdict (330.954077ms)
✔ signal termination is recorded and logs survive a clone (LOOP-043) (352.203744ms)
✔ working agreements and ignore changes are Cairn records inside the footprint (352.905457ms)
✔ a clean package passes (85.958485ms)
✔ PKG-001: a dependency, or a service manifest (166.491452ms)
✔ PKG-002: ignoring evidence or other durable state, by directory or by extension (131.441208ms)
✔ PKG-003: a command, a directory, or a record kind no decision names (228.348926ms)
✔ PKG-004: a kernel over 1900 lines, counting every file under bin/ as wc -l does; exactly 1900 passes (333.471856ms)
✔ PKG-006: a skill step naming a vendor's product, in either order, across a wrapped list item (PKG-027) (354.123923ms)
✔ PKG-008: a non-ASCII character in a tracked text file (89.454635ms)
✔ PKG-009: the kernel importing from tests (89.857475ms)
✔ PKG-012: a network call or a model client in the kernel, but not a vendor's name in text (364.269136ms)
✔ PKG-013: deferral language, but not in code, quotes, or a rule (586.653638ms)
✔ a tracked path deleted from the working tree is skipped, not a crash (103.580572ms)
✔ a sentence in a Formats section is not a record kind (75.43571ms)
✔ a record kind named by its path alone is checked (89.517889ms)
✔ PKG-002: a tracked in-progress record (84.516952ms)
✔ PKG-002: ignoring evidence alone is a finding (79.467819ms)
✔ PKG-003 reads the kernel's commands from its help output (PKG-023) (110.218865ms)
✔ the ASCII scan covers shipped files, not records under .cairn/ (PKG-024) (73.592919ms)
✔ a vendor-naming step wrapped across lines is matched (PKG-006, PKG-027) (71.812972ms)
✔ PKG-013 scans the README, the manual, and the walkthrough (PKG-032) (238.024616ms)
✔ the manifests, the listing and package.json agree on the name and version, and name paths the repository holds (PKG-037) (1.40273ms)
✔ the hooks file registers session-start and stop against the plugin's own hook.mjs through the plugin root variable (PKG-038) (0.187195ms)
✔ a Muse hook entry whose shared hook is missing prints one line and exits 0 (PKG-041, PKG-022) (86.360257ms)
✔ the registered commands print the verdict at session start, link the command into the plugin, and refuse a stop while wake says Resolvable (PKG-038, PKG-021) (359.116159ms)
✔ LOOP-071: decision body metadata does not resolve unbuilt work: "Superseded by: example" (683.193679ms)
✔ LOOP-071: decision body metadata does not resolve unbuilt work: "```text\nSuperseded by: example\n```" (717.979419ms)
✔ LOOP-071: decision body metadata does not resolve unbuilt work: "~~~text\nSuperseded by: example\n~~~" (700.735285ms)
✔ LOOP-071: a fenced realization example is not a resolving commit (714.088516ms)
✔ LOOP-071: a fenced commit inside the realization section is not built (671.433209ms)
✔ LOOP-071: ## Example cannot replace an open review finding (707.560946ms)
✔ LOOP-071: # Example cannot replace an open review finding (586.713821ms)
✔ LOOP-071: ### Example cannot replace an open review finding (586.907093ms)
✔ LOOP-071:   ## Example cannot replace an open review finding (525.488216ms)
✔ LOOP-071: Example paragraph. cannot replace an open review finding (523.501074ms)
✔ LOOP-071: Example
------- cannot replace an open review finding (457.372869ms)
✔ LOOP-071: fenced fields before a real review header are ignored (453.992869ms)
✔ LOOP-071: multiline decision --title cannot inject metadata (375.883028ms)
✔ LOOP-071: multiline decision --decided-by cannot inject metadata (386.684419ms)
✔ LOOP-071: multiline decision --rests-on cannot inject metadata (364.699171ms)
✔ LOOP-071: multiline decision --wrong-if cannot inject metadata (376.053187ms)
✔ LOOP-071: multiline decision --history cannot inject metadata (382.532112ms)
✔ LOOP-072: malformed Blocking concerns stay open: "R-001\nAnswer: ok" (102.417818ms)
✔ LOOP-072: malformed Blocking concerns stay open: "R-001\r\nAnswer: ok" (79.745124ms)
✔ LOOP-072: malformed Blocking concerns stay open: "R-001\rAnswer: ok" (92.233684ms)
✔ LOOP-072: malformed Blocking concerns stay open: "R-001 Answer: ok" (96.751737ms)
✔ LOOP-072: malformed Blocking concerns stay open: "R-001 Answer: ok" (101.132487ms)
✔ LOOP-072: ordinary malformed concerns are refused: "R-001\nR-002" (53.516112ms)
✔ LOOP-072: ordinary malformed concerns are refused: "R-001, prose" (52.026958ms)
✔ LOOP-072: ordinary malformed concerns are refused: " " (45.299011ms)
✔ LOOP-072: a Blocking escalation without concerns is still presented (86.587408ms)
✔ LOOP-072: carriage returns in a Blocking question do not create answer records (103.961251ms)
✔ LOOP-072: explanation separator 8232 cannot close an escalation (176.229982ms)
✔ LOOP-071: decision metadata refuses separator 8232 (361.97118ms)
✔ LOOP-072: explanation separator 8233 cannot close an escalation (167.336413ms)
✔ LOOP-071: decision metadata refuses separator 8233 (394.395417ms)
✔ Concerns, Rests on, and Promoted from written as lists read as the flat form (LOOP-124) (575.188662ms)
✔ an item named by filename, path, or backticked slug resolves like the slug (LOOP-125) (525.406907ms)
✔ an input that covers Cairn's own output is named as the repair, before and after a check (LOOP-126, LOOP-105) (664.352593ms)
✔ an unreadable record directory is a repair, not an error exit (LOOP-127) (90.621446ms)
✔ a title that slugifies to nothing is refused (LOOP-128) (156.456625ms)
✔ examined: [] is an empty list (LOOP-129, LOOP-108) (522.331486ms)
✔ below the Git toplevel the restore check compares root-relative paths (LOOP-130, LOOP-035) (374.00977ms)
✔ below the Git toplevel an uncommitted declared input is named from the project root (LOOP-132, LOOP-030) (235.859094ms)
✔ a value on the key line followed by list items is the first item, never dropped (LOOP-133) (714.13012ms)
✔ the footprint's walk reads Current: as the wake does: a fenced example below the real line, or a second line in history, never moves the start (LOOP-134, LOOP-035) (365.950569ms)
✔ an input spelled .. from a project below the Git toplevel covers the evidence directory (LOOP-126, LOOP-105) (94.098353ms)
✔ a Consequential record this commitment added needs its queue entry committed (LOOP-131, DEC-004) (513.261458ms)
✔ a mechanism that removes the check lock still gets its evidence, with no repair for the lock (LOOP-107) (231.768333ms)
✔ a staged rename reads as its two paths, never as a bare origin token (LOOP-030, LOOP-110) (117.605817ms)
✔ a Current: line inside a fenced example is neither a second Current: line nor the commitment, before or after the real line (LOOP-104) (193.358345ms)
✔ a Status: word is taken only from a line that carries one, never from wrapped prose after it (SPEC-018) (0.881537ms)
✔ the placeholder left above a resolving entry is a repair naming the file (DEC-021) (230.187311ms)
✔ the placeholder alone is a decision recorded and not yet built, unchanged (DEC-007) (77.27634ms)
✔ resolving entries with no placeholder are unchanged (DEC-006) (132.921144ms)
✔ a shallow clone that cannot resolve its entries is still told to fetch, not to edit (LOOP-113 keeps precedence) (120.834309ms)
✔ the placeholder quoted in a fenced example does not make a built record a repair (DEC-021) (130.708029ms)
✔ supersede takes the same decider vocabulary as decide (DEC-020) (105.287058ms)
✔ a superseded record is held to the same line: its placeholder above a resolving entry is a repair (DEC-021, DEC-010) (161.930806ms)
✔ realize() touches only the Realized by section; a body that quotes the placeholder keeps it (115.396673ms)
✔ an untracked file under a declared input is not a change under way; check still refuses beside it and names .gitignore (LOOP-110, LOOP-030) (211.849919ms)
✔ an unmatched input is refused before execution (LOOP-044) (204.062437ms)
✔ an indexed input deleted on disk asks for a commit (LOOP-045) (146.980664ms)
✔ wake and check require a Git working tree (LOOP-046) (131.048056ms)
✔ recovery removes only dead kernel run records and identifies a live owner (LOOP-054, LOOP-055) (332.299635ms)
✔ an agent action based behind a clean HEAD appears committed (LOOP-027) (231.961292ms)
✔ realization needs a real commit and a subject (DEC-006) (308.231111ms)
✔ 1500 binary inputs digest identically at the review commit in under a second (LOOP-024) (1641.010833ms)
✔ merged work is excluded but a later own commit is a breach (LOOP-047) (285.217759ms)
✔ exact Current tenure ignores prefix matches and earlier visits to the same slug (LOOP-035) (305.950823ms)
✔ a kernel run records its supervising PID (LOOP-054) (312.929994ms)
✔ a merged declared input still stales evidence (LOOP-047) (476.731955ms)
✔ wildcard and magic pathspecs select the same historical inputs (LOOP-024, LOOP-032) (2290.226551ms)
✔ historical selection retains deleted files and excludes new ones (LOOP-024, LOOP-035) (1369.852393ms)
✔ cairn --version prints the package.json version outside a repository, and help lists it (PKG-039) (146.920027ms)
✔ a release is one commit setting one version in the five files, with the changelog entry, tagged v<version> (PKG-040) (1164.405183ms)
✔ the release script refuses a bad version, no increase, a dirty tree, a missing entry, a taken tag, a disagreeing file, and a loop not at Done, each in one line with nothing written (PKG-040) (2057.478787ms)
✔ a version file written as compact JSON is released, and nothing else in any version file changes (PKG-042) (1436.997479ms)
✔ with attribution forbidden, the release script refuses an unpushed commit carrying an AI attribution line (PKG-045) (583.756392ms)
✔ explicit reporting with no lines and exit 0 establishes no requirement verdicts (LOOP-061) (435.393101ms)
✔ explicit reporting with no lines and exit 1 establishes no requirement verdicts (LOOP-061) (463.688474ms)
✔ a reporter that cannot start keeps execution diagnostics without blaming requirements (LOOP-062) (285.56176ms)
✔ large output cannot kill a reporter or invent a requirement verdict (326.61526ms)
✔ explicit mode ignores cairn: R-999: pass (328.440857ms)
✔ explicit mode ignores cairn: R-001: unverified (357.299997ms)
✔ explicit mode ignores cairn: R-001: passed (341.646409ms)
✔ explicit results survive nonzero exit and contradictory duplicates still fail (598.247314ms)
✔ unverified results across changed inputs never become failed attempts (1598.406898ms)
✔ legacy exit 0 retains its interpretation (250.110454ms)
✔ legacy exit 1 retains its interpretation (233.708271ms)
✔ a misspelled reporting mode is refused before execution (131.030635ms)
✔ changed requirement blocks unchecked reruns and makes the completion review stale (LOOP-058, LOOP-059) (1886.870195ms)
✔ falsifier changes need review; separate rationale and other requirements do not change a receipt (1432.307545ms)
✔ legacy receipts recover requirement identity from their commit; unavailable history requires review (1154.15411ms)
✔ check refuses uncommitted requirement text and mechanism review markers (853.897281ms)
✔ tightened response limit cannot reuse the old passing check (1433.482941ms)
✔ a declared input over 1 MiB agrees at a commit and in the tree (LOOP-060) (495.928413ms)
✔ a failed Git blob read cannot be hashed as an empty blob (443.518968ms)
✔ Git listings over 1 MiB include the last declared input (2327.251722ms)
✔ requirement identity excludes fenced examples and status dates (569.781951ms)
✔ DemonCoder REM-002 and Status in progress cannot silently satisfy the review gate (LOOP-086) (796.34138ms)
✔ valid open findings retain their behavior (544.781447ms)
✔ valid resolved findings retain their behavior (587.785805ms)
✔ valid empty findings retain their behavior (600.356408ms)
✔ valid mixed valid findings retain their behavior (494.223568ms)
✔ malformed finding "open:" requires repair (460.859634ms)
✔ malformed finding "resolved:   " requires repair (479.412261ms)
✔ malformed finding "Open: incorrect case" requires repair (430.029947ms)
✔ malformed finding "unknown: issue" requires repair (398.115993ms)
✔ malformed finding "\u001b[31mBAD: issue" requires repair (384.958186ms)
✔ the established explicit empty findings list remains valid (414.229716ms)
✔ a scalar findings value requires the supported list format (347.620386ms)
✔ check runs a mechanism when a requirement outside the commitment was revised, and asks for the review once a commitment includes it (LOOP-059) (942.523746ms)
✔ a Requirements: line written as a list is read like the flat form (LOOP-102) (129.883125ms)
✔ a subdirectory or a README in a record directory changes nothing (LOOP-103) (570.345601ms)
✔ two Current: lines are a roadmap repair (LOOP-104) (90.694535ms)
✔ a repeated identifier, an input under the evidence directory, and a missing cwd are refused by name (LOOP-105) (434.730221ms)
✔ a requirement whose evidence outlives its mechanism is named declare, not a regression or an escalation (LOOP-106) (1144.687378ms)
✔ an unreadable record is a repair, not an error exit (LOOP-107) (104.768741ms)
✔ a review needs commit, a nonempty examined list, and a findings list, each named when missing (LOOP-108) (1145.987493ms)
✔ a decision record missing a header field or naming a missing predecessor is a repair (LOOP-109) (348.722818ms)
✔ a dirty declared input with no in-progress record is named record ahead of run (LOOP-022, LOOP-110) (265.868392ms)
✔ with core.filemode false the index mode is the identity, so a mode-only difference does not refuse the check (LOOP-111) (238.98259ms)
✔ a project below the Git toplevel can run check (LOOP-112) (271.958373ms)
✔ a shallow clone names history to fetch, not a decision to build (LOOP-113) (171.484659ms)
✔ record-writing commands refuse to run outside a Cairn repository and write nothing (LOOP-118) (232.140557ms)
✔ a git that cannot start is one line and exit 3 from wake and from check, with nothing recorded (LOOP-137) (89.900361ms)
✔ an unexplained or uncommitted stop record is named explain before any other action; explained and committed, the wake moves on (LOOP-139) (273.474606ms)
✔ empty footprint names declaration before scope and records no evidence (LOOP-081) (615.033822ms)
✔ first declaration still checks the full earlier history (LOOP-081) (379.484129ms)
✔ an empty current footprint does not block an explicitly requested existing mechanism (LOOP-081) (403.076414ms)
✔ an inherited mechanism provides a footprint even before local mechanisms exist (276.166057ms)
✔ scope reports every path, escapes line breaks, and gives identical remedies (LOOP-082) (247.930093ms)
✔ scope verdict reuses the answered-escalation annotation (LOOP-048, LOOP-051, LOOP-083) (637.183313ms)
✔ a committed scope acknowledgment lets restored history proceed (LOOP-083) (802.718801ms)
✔ scope acknowledgment must be committed before it can clear a breach (672.016819ms)
✔ ordinary ok does not acknowledge scope history (302.012988ms)
✔ scope escalation refuses unrestored paths and names the restoration remedy (270.630845ms)
✔ an invalid scope request still records an explicitly Blocking decision (145.548677ms)
✔ ask and explanation stay open; only the final committed ok acknowledges scope (726.397909ms)
✔ instead is visible but does not silently authorize a scope exception (366.814132ms)
✔ later changes to an acknowledged path still block, including later reverts (1144.972182ms)
✔ approval cannot hide another path changed after the snapshot (393.873321ms)
✔ acknowledged history remains conditional on the paths staying restored (603.560401ms)
✔ editing the scope snapshot after answer invalidates its acknowledgment (300.38128ms)
✔ malformed scope metadata cannot suppress a breach (1493.893461ms)
✔ damaged acknowledgment fields cannot suppress a breach (618.311313ms)
✔ scope path matching is literal, including wildcard filenames and control characters (541.548831ms)
✔ scope acknowledgment does not carry into another activation of the same slug (346.668702ms)
✔ restoration checks additions, deletions, executable modes, and symlink kinds (1443.798694ms)
✔ explicit committed retention keeps correct work and requires new evidence and review (LOOP-084, LOOP-085) (2299.39728ms)
✔ a missing declaration covers correct earlier work without retention or revert (596.125537ms)
✔ keep requires scope and an unchanged committed candidate (175.760372ms)
✔ uncommitted retention and instead answers cannot clear the incident (1118.877703ms)
✔ retention does not grant future edits, even when reverted to the approved tree (1340.693849ms)
✔ retention cannot cover another path or another activation (605.056731ms)
✔ imported changes must still match the retained tree (631.417928ms)
✔ retention handles additions, deletions, modes, symlinks, and literal filenames (2040.340673ms)
✔ retention cannot convert an existing restoration answer or accept an unknown mode (476.153764ms)
✔ a check failure after retention remains a failure (720.660766ms)
✔ retained paths stay part of the stable checked candidate without extending its footprint (593.668008ms)
✔ retention ask needs an explanation and final committed approval (585.052627ms)
✔ an unknown scope mode remains invalid even with a matching approval digest (325.638433ms)
✔ backlog writes the item; a second with the same title is refused, never overwritten (LOOP-016) (150.26105ms)
✔ a commit inside the footprint: check runs; outside it: check names the path and does not run (LOOP-015, LOOP-035) (621.857012ms)
✔ Cairn's records are never a breach; another file under docs/ is (LOOP-117) (745.368812ms)
✔ declaring the path as an input clears the breach (284.224052ms)
✔ a revert preserves the record of an out-of-scope commit (LOOP-047) (290.959842ms)
✔ a commitment naming a requirement the spec set does not hold as Agreed is repaired (LOOP-029) (84.741075ms)
✔ a requirement in a Draft spec file is not Agreed (83.727784ms)
✔ working agreements and the ignore file are Cairn records (LOOP-035, LOOP-036) (576.889656ms)
✔ the over-asking rule is gone from both skills (SPEC-005, SPEC-006, SPEC-007) (1.418787ms)
✔ a decision during the phase is recorded (DEC-003) (0.119844ms)
✔ understanding is restated before writing (SPEC-003) (0.125167ms)
✔ falsifiers are proposed as one set and confirmed by exception (SPEC-004) (0.182548ms)
✔ depth is inferred and domains derived, never asked or imposed (SPEC-008, SPEC-009) (0.133517ms)
✔ a term enters the glossary at first occurrence (SPEC-010) (0.095523ms)
✔ the phase ends at the first commitment, and later ones are specified during the loop (SPEC-011, SPEC-012) (0.103576ms)
✔ a requirement goes Agreed only with a nameable mechanism (SPEC-013) (0.129916ms)
✔ review before agreement, recording what it attacked (SPEC-014, SPEC-015) (0.143709ms)
✔ no spec file without requirements; nothing Agreed without a falsifier (SPEC-001, SPEC-002) (3.474556ms)
✔ Observed is marked, and is not contract (SPEC-016, SPEC-017) (0.247552ms)
✔ the skills exclude artifacts outside Cairn's workflow (0.19598ms)
✔ the working agreement names the agent's move for each verdict and the write-ahead record (LOOP-036) (0.221875ms)
✔ the working agreement names the developer's moves (LOOP-036, DEC-014) (0.08928ms)
✔ this repository runs by the file it ships (0.415621ms)
✔ both skills write the working agreement without naming a vendor's file (LOOP-002, LOOP-036, PKG-006) (0.125689ms)
✔ the working agreement says what an attempt is (LOOP-036, DEC-017, DEC-018) (0.091469ms)
✔ the working agreement says a failure no footprint change can address is an escalation, and where an inherited requirement is repaired (DEC-019, LOOP-057) (0.097768ms)
✔ the working agreement states the promote, next-iteration, and no-deferral moves (LOOP-029, LOOP-087, LOOP-091, LOOP-092) (0.088773ms)
✔ both skills sort captures into the backlog or next-iteration and forbid deferral (LOOP-029, LOOP-092, LOOP-093) (0.078243ms)
✔ the skill requires a falsifier on every requirement, a MAY included (SPEC-025) (0.074571ms)
✔ the working agreement names the hooks as optional and the install skill registers them for two harnesses (PKG-006, PKG-018, PKG-019) (0.19931ms)
✔ the working agreement says the kernel is upgraded at Done, never inside a commitment (LOOP-096) (0.067649ms)
✔ the next-iteration skill starts from the specification and ends by naming the next commitment (SPEC-026, SPEC-027) (0.234554ms)
✔ every document that names the project skills names next-iteration beside them (SPEC-026, PKG-014) (2.448194ms)
✔ the working agreement states a move for every action the kernel can name (LOOP-101) (4.256341ms)
✔ the working agreement states both record formats and the two flags the moves need (LOOP-036) (0.161017ms)
✔ the skills demonstrate a safe violating example and preserve recon findings (SPEC-022, SPEC-023) (0.07455ms)
✔ the specification skills run the checker through the cairn command (PKG-029) (0.223641ms)
✔ the README invokes the phase skills by name and states versions and platforms (PKG-030, PKG-031) (0.360828ms)
✔ the manual and the walkthrough say the loop promotes backlog items at Done (0.83487ms)
✔ the working agreement says a report is not work under way, its findings are captured, and it is committed with them (LOOP-138) (0.084401ms)
✔ a two-obligation sentence is named (PKG-007) (53.439997ms)
✔ an obligation with no actor is named (PKG-010) (45.707402ms)
✔ a leading condition clause is not the actor, and the actor after it counts (41.611986ms)
✔ an Agreed requirement with no falsifier is named (SPEC-002); a Draft one is not (88.22452ms)
✔ prose after a Draft requirement with no falsifier is not scanned as requirement text (45.547497ms)
✔ a spec declaring a prefix with no requirement is named (SPEC-001) (41.964336ms)
✔ a keyword in backticks or quotes is a mention, not an obligation (40.417198ms)
✔ duplicate identifiers are rejected within a file and across files (SPEC-020) (106.260715ms)
✔ references resolve across files; missing references name their source (SPEC-021) (96.85779ms)
✔ code examples and quoted mentions are neither definitions nor references (48.304815ms)
✔ machine-local paths are findings in prose, links, quotes, and examples (SPEC-019) (429.112584ms)
✔ relative paths, URLs, slash commands, and character mentions are not absolute path findings (47.394902ms)
✔ a slash after a placeholder continues the template (SPEC-019) (90.347959ms)
✔ a host path is a finding until the file declares it (SPEC-019, SPEC-024) (86.049098ms)
✔ declared host paths cover children with a slash boundary and stay file-local (131.996698ms)
✔ a host-path declaration inside a requirement or example grants no exception (110.79116ms)
✔ host-path declarations require absolute or home-relative entries (204.815189ms)
✔ an Agreed block whose only keyword is MAY needs a falsifier like any other (SPEC-025, SPEC-002) (92.46605ms)
✔ a regex literal is not a path, a drive path and a file URL are, and a skill's slash name is allowed (SPEC-028, SPEC-029) (92.99204ms)
✔ a backticked or quoted actor still counts as one (PKG-010) (35.501045ms)
✔ a fence the file never closes is named, since the parser then reads its example as specification (76.386049ms)
✔ supersede writes both lines, and the old record keeps every word it had (DEC-008, DEC-010) (112.717896ms)
✔ supersede without a cause, or with one outside the four, is refused (DEC-009) (142.572553ms)
✔ supersede of a record that does not exist is refused (85.065736ms)
✔ a predecessor with no title line cannot be stamped, so nothing is written (99.88648ms)
✔ a --supersedes argument outside the slug alphabet is refused, and a path never reaches the filesystem (DEC-022) (224.661761ms)
✔ a record already superseded cannot be superseded again: one Superseded by line per record (DEC-022, DEC-010) (179.453062ms)
✔ reversals reports counts by decider, cause, and domain (DEC-011) (181.34097ms)
✔ decide in a domain with a reversal is refused without --history, naming the reversal; with it, the record carries History (DEC-012) (179.392477ms)
✔ decide in a domain with no reversals needs no --history (130.717009ms)
✔ a record resting on prose alone is in the domain unspecified, and so is the next one (110.938058ms)
✔ the decider tally normalizes case and whitespace, and names a value outside the vocabulary (DEC-020, DEC-011) (85.448761ms)
✔ a record with no Decided by line is tallied as unrecorded, not as a vocabulary value (69.828996ms)
✔ Decided by written as a list tallies like the flat form, and does not crash the report (LOOP-124, DEC-020) (69.125589ms)
✔ a second declaration for one requirement is accepted, a named check runs every mechanism, and Done needs each to pass (LOOP-056, LOOP-099) (2284.180851ms)
✔ one mechanism's stale evidence names that mechanism, and --stale runs only it (LOOP-056, LOOP-094) (806.752017ms)
✔ attempts are counted within one mechanism's records, so the other's passes do not reset them (LOOP-100, DEC-016) (1428.658493ms)
✔ step 1: an in-progress record is reconciled before anything else (110.09425ms)
✔ step 2: an open escalation is presented and nothing else happens (77.380301ms)
✔ an answered escalation is not open (539.159375ms)
✔ step 3: a decision with no realized-by is built, first by name (DEC-007) (101.566132ms)
✔ a superseded decision with no realized-by is not work (118.902601ms)
✔ step 6: a mechanism that has never run is run, not implemented (LOOP-008) (130.709748ms)
✔ step 6: a requirement whose mechanism fails is implemented (549.82759ms)
✔ step 6 before step 7: failing evidence outranks a missing mechanism (351.165899ms)
✔ step 7: a requirement with no mechanism is declared (LOOP-106) (86.225139ms)
✔ every verdict names who acts: Resolvable is the agent's, Done needs nobody, Escalate waits for the developer (LOOP-004) (606.751673ms)
✔ malformed roadmap is Resolvable, not fatal (LOOP-005) (62.234381ms)
✔ a commitment naming no requirements is Resolvable (LOOP-018) (61.96934ms)
✔ the primary test: two wakes on the same checkout give the same action, before and after a persisted transition (LOOP-001, LOOP-003) (562.752972ms)
✔ outside a cairn repository wake cannot run (39.889898ms)
✔ the loop never waits on the review queue (DEC-015) (354.577354ms)
✔ twenty built records cost one git call to resolve, not twenty (DEC-023) (200.190844ms)
✔ an ambiguous Realized by identifier is the repair that says lengthen it, not a build (LOOP-113, DEC-023) (200.837692ms)
✔ the linked walkthrough runs from agreement through the next commitment (PKG-016) (1437.860746ms)
ℹ tests 536
ℹ suites 0
ℹ pass 536
ℹ fail 0
ℹ cancelled 0
ℹ skipped 0
ℹ todo 0
ℹ duration_ms 54076.571371
