✔ a Draft block overrides an Agreed file for both wake and check (SPEC-018) (287.795588ms)
✔ an Agreed block overrides a Draft file in the kernel and lint (SPEC-018, SPEC-002) (759.196631ms)
✔ a block Status does not become the file default, including inside examples (SPEC-018) (420.786463ms)
✔ block status without a value does not inherit Agreed by accident (SPEC-018) (97.055688ms)
✔ inheritance needs a file Scope and includes only Agreed blocks, regardless of prefix (PKG-015) (2083.193585ms)
✔ Scope inside a requirement or fenced example does not declare inheritance (PKG-015) (1182.970397ms)
✔ a falsifier wrapped onto a line beginning with Status: does not become the block's status (SPEC-018) (1.398501ms)
✔ with attribution forbidden, an unpushed commit carrying an AI attribution line is named reword before any work; without the policy, or once pushed, it is not (PKG-045) (642.951969ms)
✔ each attribution form is caught, a prose mention is not, and the oldest attributed commit is named first (PKG-045) (629.747005ms)
✔ LOOP-063: reject input mutation during a check and retain diagnostics (545.985173ms)
✔ LOOP-063: reject deletion mutation during a check and retain diagnostics (505.918351ms)
✔ LOOP-063: reject addition mutation during a check and retain diagnostics (457.319853ms)
✔ LOOP-063: reject mode mutation during a check and retain diagnostics (455.894529ms)
✔ LOOP-063: reject specification mutation during a check and retain diagnostics (443.7324ms)
✔ LOOP-063: reject declaration mutation during a check and retain diagnostics (455.469959ms)
✔ LOOP-063: reject commit mutation during a check and retain diagnostics (451.1699ms)
✔ LOOP-063: committed input mutation during execution cannot certify the replacement (544.12073ms)
✔ LOOP-064: removing executable permission makes passing evidence stale (818.448553ms)
✔ LOOP-064: a mode-only change also invalidates the previous review after new evidence (930.497583ms)
✔ LOOP-064: changing a regular file into a link with identical identity bytes is stale (1058.702015ms)
✔ LOOP-063: an unchanged candidate still records a pass despite unrelated working-tree edits (352.324268ms)
✔ LOOP-064: current and historical input ordering agrees for Unicode filenames (482.707937ms)
✔ LOOP-063: Git status hiding content changes cannot certify an uncommitted candidate (144.649224ms)
✔ LOOP-066: one check owns execution with a kernel action record (660.139704ms)
✔ LOOP-066: one check owns execution with an agent action record (432.496057ms)
✔ LOOP-066: a live lock is named and never silently overwritten (156.340351ms)
✔ LOOP-066: a dead lock is named and never silently overwritten (150.162ms)
✔ LOOP-066: a incomplete lock is named and never silently overwritten (152.754061ms)
✔ LOOP-066: an execution error releases the check lock for a corrected rerun (520.057969ms)
✔ LOOP-066: a live kernel action from an older Cairn also blocks execution (91.046379ms)
✔ LOOP-066: separate Git worktrees can run checks independently (517.236353ms)
✔ after a green check --stale runs nothing; after one input changes it runs only that mechanism (LOOP-094) (1156.46116ms)
✔ a mechanism speaking for two stale requirements runs once and refreshes both (LOOP-094, LOOP-040) (711.627373ms)
✔ a fresh failure and an unverified result are skipped with implement named (LOOP-094) (661.304352ms)
✔ --stale with a requirement identifier is refused (LOOP-094) (78.921221ms)
✔ check --stale holds back a mechanism whose requirement has three attempts and no escalation, names it, and records nothing (LOOP-094, DEC-016) (2541.597184ms)
✔ check refuses a dirty declared input and names it; a dirty undeclared file does not block (LOOP-030) (625.058963ms)
✔ check writes one receipt per run carrying the full record and a result line per requirement (LOOP-097) (324.058151ms)
✔ a nonzero exit records fail, and the receipt keeps the exit code (LOOP-034) (328.627662ms)
✔ a pass after a fail keeps the failing record; nothing is overwritten or deleted (LOOP-025) (737.695581ms)
✔ a commit changing a declared input makes evidence stale; an undeclared one does not (LOOP-007) (1072.409926ms)
✔ a regression is named before a requirement that never passed (LOOP-031) (1335.126893ms)
✔ three attempts with no escalation since: wake says escalate, not a fourth (DEC-016, DEC-017, DEC-018) (2760.742505ms)
✔ the review gate: no review, stale review, open finding, then Done (LOOP-020, LOOP-033) (1287.073047ms)
✔ Done is refused while any requirement lacks current passing evidence (LOOP-017) (115.292024ms)
✔ check names a requested requirement that no mechanism claims (103.103113ms)
✔ check writes the in-progress record before the run and clears it after (LOOP-021) (223.241397ms)
✔ a linked declared input digests the same at a commit and in the tree (LOOP-023, LOOP-024) (505.791667ms)
✔ a result line is the mechanism's statement about one requirement; what it did not mention is unverified (LOOP-037, LOOP-052) (195.243287ms)
✔ a mechanism that says nothing is read by its exit code for every requirement (LOOP-039) (193.013943ms)
✔ unverified is not an attempt, and a return to an earlier failed digest counts once (DEC-017, DEC-018) (1741.595918ms)
✔ a result line for a requirement the mechanism does not speak for is named and writes nothing (LOOP-038) (191.698681ms)
✔ a result line inside ordinary output, or without the marker, does not count (215.500878ms)
✔ a targeted check runs the named requirements' mechanisms and records every requirement they speak for (LOOP-040) (217.839229ms)
✔ two result lines for one requirement: a fail on any line wins (230.556705ms)
✔ three runs at one digest with no attempt since: the verdict stays implement and names DEC-019; an escalation naming it among others clears the hint (DEC-019, LOOP-053) (910.574497ms)
✔ a receipt names its commit in full, and an older receipt with the short form is still read (LOOP-136) (250.419211ms)
✔ a change only to a document its declaration lists leaves the review fresh and the evidence stale; a change to another input makes the review stale (LOOP-141) (1202.716863ms)
✔ a complete commitment with an unpromoted backlog item names promote, and a stamped item lets it reach Done (LOOP-087) (1189.211609ms)
✔ an empty backlog with waiting next-iteration items is Done, with the count as information and no action on them (LOOP-091) (964.641964ms)
✔ a promotion marker must resolve to a decision record (LOOP-088) (285.860835ms)
✔ a commitment promoted from an item needs a decision record naming the item (LOOP-088) (273.430927ms)
✔ the spec lint reports a promotion marker with no decision record (LOOP-088) (94.818945ms)
✔ a promoted commitment that changes an Agreed requirement or the working agreement is an escalation; an unpromoted one is not (LOOP-089, LOOP-090) (2082.935409ms)
✔ a capture from one of the commitment's own requirements needs Outside because: or an escalation (LOOP-092) (2155.36863ms)
✔ a next-iteration item names what it would change, and the capture refuses one that does not (LOOP-093) (539.378631ms)
✔ a commitment specified from a next-iteration item needs the item stamped before anything else (SPEC-027) (630.610143ms)
✔ a by deference marker resolves to a decision record like a promotion marker (SPEC-002, LOOP-088) (231.786208ms)
✔ the LOOP-090 gate reads the Concerns line, not the slug as a substring (LOOP-114) (675.984391ms)
✔ the LOOP-088 check reads the Promotes line, and decide --promotes writes it (LOOP-115) (273.320752ms)
✔ the activation commit of a promoted commitment is inside the LOOP-089 comparison (LOOP-116) (149.315264ms)
✔ the LOOP-090 route needs one escalation: its Concerns line covers the moved item too (LOOP-119, LOOP-092, LOOP-114) (645.531479ms)
✔ an escalation raised before the promoted commitment began does not silence the LOOP-090 gate (LOOP-114) (367.425862ms)
✔ an escalation raised before the commitment began does not silence the capture gate (LOOP-119) (345.985517ms)
✔ the activation commit is inside the scope footprint (LOOP-120) (119.285848ms)
✔ a requirement Agreed at activation that is demoted or removed is a contract change (LOOP-121) (669.991473ms)
✔ the include files are the root files that hold @AGENTS.md: exempt from the footprint, compared by the gate (LOOP-122) (1261.491644ms)
✔ a superseded promotion no longer satisfies the LOOP-088 check, and the repair says the promotion was reversed (LOOP-123) (514.51974ms)
✔ the restore route measures from the tree before activation, so a path the activation commit added must go (LOOP-120, LOOP-035) (182.593798ms)
✔ the loop works against exactly one commitment: the current one (LOOP-019) (415.666728ms)
✔ a promotion recorded below Consequential is a repair naming the level, since the developer never sees it in the queue (LOOP-088) (77.478393ms)
✔ every requirement the node-test declaration speaks for is named in a test title (PKG-025) (2.44651ms)
✔ every repository path the tests read is a declared input of node-test (PKG-026) (0.980984ms)
✔ writes a record with every required field and an empty realized-by (DEC-001, DEC-005) (64.597504ms)
✔ a Consequential decision is queued for review (DEC-013) (145.583488ms)
✔ a Consequential decision is queued even when .cairn/queue does not exist yet (115.512042ms)
✔ Routine is refused: routine decisions produce no record (105.155561ms)
✔ a missing field is a usage error and nothing is written (95.829196ms)
✔ supersedes requires a classified cause, and the old record must exist (188.006822ms)
✔ an existing record is not overwritten (196.154189ms)
✔ a queued decision stays queued; nothing but the developer removes it (DEC-014) (238.454896ms)
✔ each accepted decider is stored lowercase, whatever case it was typed in (DEC-020) (590.506388ms)
✔ a decider outside the vocabulary is a usage error naming all three, and nothing is written (DEC-020) (493.477316ms)
✔ an empty --decided-by is the missing-field error, not the vocabulary one (112.163461ms)
✔ LOOP-006, LOOP-067: missing inputs names a declaration repair before execution (279.564254ms)
✔ LOOP-006, LOOP-067: empty inputs names a declaration repair before execution (183.908362ms)
✔ LOOP-006, LOOP-067: missing command names a declaration repair before execution (189.030328ms)
✔ LOOP-006, LOOP-067: list command names a declaration repair before execution (149.847667ms)
✔ LOOP-006, LOOP-067: empty command names a declaration repair before execution (142.515438ms)
✔ LOOP-006, LOOP-067: missing requirements names a declaration repair before execution (137.290967ms)
✔ LOOP-006, LOOP-067: bad identifier names a declaration repair before execution (143.779511ms)
✔ LOOP-067: scalar one-item lists retain their existing meaning (361.265064ms)
✔ LOOP-068: a unpopulated gitlink is refused by name (185.995629ms)
✔ LOOP-068: a populated gitlink is refused by name (204.873757ms)
✔ LOOP-069: identical selections across 100 mechanisms use at most 20 Git processes (156.710859ms)
✔ --defect needs --from naming an Agreed requirement, and writes Defect: yes (LOOP-140) (464.97224ms)
✔ an unfixed defect is named fix before a promotable item, and counts as fixed only with passing evidence at or after its commit and no Agreed text changed (LOOP-087, LOOP-140) (2129.429304ms)
✔ escalate writes the six-line format followed by its facts, and wake presents it (LOOP-010, LOOP-026) (199.14459ms)
✔ a missing or multi-line field is refused with the field named, and nothing is written (LOOP-012) (186.976387ms)
✔ a Blocking escalation that fails the format is written anyway, naming the malformed field (LOOP-013) (166.568916ms)
✔ the loop stops for the developer only at Blocking: a recorded decision below it never yields Escalate, and the Blocking bypass must be spelled exactly (DEC-002) (337.539452ms)
✔ a second escalation while one is open is refused (LOOP-011) (137.267911ms)
✔ answer records the reply; wake no longer presents it; a second answer is refused (301.350114ms)
✔ answer to an unknown escalation is refused (77.090527ms)
✔ a stranger resumes from the file alone: question and answer are both in it (LOOP-014) (134.572958ms)
✔ a developer-shaped answer during the agent's turn is refused and writes nothing; the explanation is still accepted (LOOP-135) (722.005106ms)
✔ after an answer, the same concern can be escalated again under a new name (214.692578ms)
✔ an escalation exists when its file does, committed or not (LOOP-009) (79.060578ms)
✔ developer answers require one of the three forms and cannot inject fields (LOOP-048) (654.341498ms)
✔ ask, agent explanation, another ask, and ok stay ordered in one file (LOOP-049, LOOP-050, LOOP-014) (1020.49837ms)
✔ fresh closed answers accompany only concerned requirements until new evidence (LOOP-051) (841.197546ms)
✔ a raised escalation carries no derivable status line, and an old record with one still parses (LOOP-028) (189.001786ms)
✔ LOOP-065: delete of output refuses Done and a new run recovers (1497.425415ms)
✔ LOOP-065: corrupt of output refuses Done and a new run recovers (1361.31551ms)
✔ LOOP-065: delete of stderr_output refuses Done and a new run recovers (1584.181843ms)
✔ LOOP-065: corrupt of stderr_output refuses Done and a new run recovers (1080.480877ms)
✔ LOOP-065: a receipt without output needs a new check (625.759013ms)
✔ LOOP-065: a receipt without output_digest needs a new check (700.894487ms)
✔ LOOP-065: a receipt without stderr_output needs a new check (620.874507ms)
✔ LOOP-065: a receipt without stderr_digest needs a new check (524.967236ms)
✔ LOOP-065: legacy unverifiable output is rerun without rewriting history (925.070204ms)
✔ a fresh record names the kernel that wrote it (LOOP-023) (428.300787ms)
✔ LOOP-095: a record from another kernel is stale with the kernel named, and a new check restores Done (781.744896ms)
✔ LOOP-095: a record from no kernel is stale with the kernel named, and a new check restores Done (854.832788ms)
✔ LOOP-070: a later failure is latest even when the clock moves backward (1217.23791ms)
✔ LOOP-070: receipt collisions at one clock instant retain execution order beyond nine suffixes (4240.541218ms)
✔ LOOP-070: imported branch receipts stale a later sequence until a new check incorporates them (1639.421771ms)
✔ LOOP-070, LOOP-098: legacy receipts need one ordered check, remain byte-for-byte unchanged, and precede the run receipt in the history (679.202458ms)
✔ LOOP-070: edit of a prior receipt requires fresh evidence (555.13321ms)
✔ LOOP-070: remove of a prior receipt requires fresh evidence (551.931912ms)
✔ LOOP-075: supporting evidence file README.md does not become a receipt (655.386865ms)
✔ LOOP-075: supporting evidence file notes.txt does not become a receipt (553.371086ms)
✔ LOOP-075: supporting evidence file support does not become a receipt (587.726845ms)
✔ LOOP-075: supporting evidence file .DS_Store does not become a receipt (591.621037ms)
✔ LOOP-075: a malformed result line (result=success) names a repair before execution (373.364165ms)
✔ LOOP-075: a malformed result line (sequence=NaN) names a repair before execution (377.404758ms)
✔ LOOP-075: a malformed result line (sequence=9007199254740992) names a repair before execution (423.146819ms)
✔ LOOP-075: a malformed result line (history_digest=wrong) names a repair before execution (376.036301ms)
✔ LOOP-075: a malformed result line (tokens) names a repair before execution (342.609943ms)
✔ LOOP-075: a receipt-shaped directory is a named repair instead of an EISDIR crash (298.93664ms)
✔ LOOP-070: an earlier escalation cannot cover three new attempts after clock rollback (1039.911516ms)
✔ LOOP-070: an answer becomes old after a later check even if that check's timestamp is earlier (613.444094ms)
✔ LOOP-070: the newest answer wins between checks even when its clock timestamp is older (454.250591ms)
✔ LOOP-070: legacy escalation dates cover old receipts but not three newer sequenced runs (1405.08043ms)
✔ a PKG requirement the commitment does not name is declared, run, and gates Done (PKG-011) (2028.850724ms)
✔ a PKG requirement in a Draft spec is not folded in (610.129219ms)
✔ LOOP-076, LOOP-079: stale inputs identify the receipt and the check to run (882.095738ms)
✔ LOOP-077: names a content change using checked input identity (755.809246ms)
✔ LOOP-077: names a mode change using checked input identity (778.95185ms)
✔ LOOP-077: names a kind change using checked input identity (795.600661ms)
✔ LOOP-077: names a added change using checked input identity (898.177131ms)
✔ LOOP-077: names a removed change using checked input identity (698.367979ms)
✔ LOOP-077: names a link-target change using checked input identity (977.615471ms)
✔ LOOP-077: changed selection compares the old and new input sets (646.322569ms)
✔ LOOP-077: raw CRLF changes remain visible when Git-clean content agrees (649.972222ms)
✔ LOOP-077: detail output is sorted, bounded, and reports the omitted count (606.632724ms)
✔ LOOP-077: filenames cannot inject lines or terminal controls into explanations (550.281925ms)
✔ LOOP-077: receipts from one run share details and do not store source contents (388.673791ms)
✔ LOOP-078, LOOP-080: legacy optional detail limits explanation without changing standing (694.523761ms)
✔ LOOP-078, LOOP-080: invalid-field optional detail limits explanation without changing standing (547.393893ms)
✔ LOOP-078, LOOP-080: missing optional detail limits explanation without changing standing (567.651944ms)
✔ LOOP-078, LOOP-080: invalid-json optional detail limits explanation without changing standing (627.424426ms)
✔ LOOP-078, LOOP-080: mismatched optional detail limits explanation without changing standing (578.886394ms)
✔ LOOP-078, LOOP-080: duplicate optional detail limits explanation without changing standing (570.297622ms)
✔ LOOP-078, LOOP-080: unsafe-path optional detail limits explanation without changing standing (575.222716ms)
✔ LOOP-078, LOOP-080: directory optional detail limits explanation without changing standing (518.130629ms)
✔ LOOP-078, LOOP-080: symlink optional detail limits explanation without changing standing (533.483068ms)
✔ LOOP-078: unavailable old requirement text is not claimed as a proven change (410.731303ms)
✔ LOOP-076, LOOP-079: changed requirements identify evidence and retain review-before-check guidance (465.826878ms)
✔ LOOP-078: simultaneous input and output damage keep both reasons (439.042565ms)
✔ LOOP-080: deterministic freshness sequence seed=7 (10954.625561ms)
✔ LOOP-080: deterministic freshness sequence seed=42 (6547.429232ms)
✔ LOOP-080: deterministic freshness sequence seed=913 (5386.071821ms)
✔ LOOP-080: agreement changes, mechanism review, checks, and completion review retain priority (1538.22177ms)
✔ LOOP-080: imported receipt history demands a rerun without a false input explanation (1505.581917ms)
✔ LOOP-073: clean CRLF input completes under attributes (707.963674ms)
✔ LOOP-073: clean CRLF input completes under autocrlf (594.009475ms)
✔ LOOP-073: raw line-ending mutation during a run is rejected even when Git still sees the same content (252.211845ms)
✔ LOOP-073: execution evidence changes when clean conversion preserves committed identity (1148.020198ms)
✔ LOOP-073: Git clean filters use Git's conversion while retaining raw evidence identity (726.57589ms)
✔ LOOP-073: failure of a required Git filter cannot record evidence (152.375778ms)
✔ LOOP-073: a clean filter moving HEAD during ending validation prevents evidence (936.380245ms)
✔ LOOP-073: canonical Git identities handle links without reading their targets (496.035482ms)
✔ LOOP-073: Git conversion keeps raw Unicode and control-character input paths (480.982927ms)
✔ LOOP-073: conversion and links work in a SHA-256 Git repository (597.252405ms)
✔ LOOP-074: historical specification filename "café.md" remains reviewable (493.420802ms)
✔ LOOP-074: historical specification filename "spec\ttab.md" remains reviewable (583.720932ms)
✔ LOOP-074: historical specification filename "spec\nline.md" remains reviewable (466.295672ms)
✔ help works outside a repository without running a command (PKG-017) (1100.110211ms)
✔ help does not hide invalid options or consume literal arguments (224.688254ms)
✔ help lists the lint command (PKG-017) (56.569708ms)
✔ a working directory that no longer exists is named as the failure, and git is not blamed (PKG-041, PKG-022) (240.153406ms)
✔ the stop hook refuses a stop while wake says Resolvable, with the verdict as the reason (PKG-018) (247.597224ms)
✔ the stop hook allows a stop at Done, at Escalate, and outside a Cairn repository (PKG-018) (1210.213655ms)
✔ the session-start hook links the command once and prints the verdict in a Cairn repository (PKG-019, PKG-014, PKG-005) (461.165424ms)
✔ the session-start hook prints no verdict outside a Cairn repository and leaves an existing link that resolves alone (PKG-019) (73.115419ms)
✔ a checkout under a path with a space links a command that resolves, and its stop hook still blocks (PKG-019, PKG-021) (384.817836ms)
✔ the hooks run the kernel the command link resolves to, so hook and agent share one referee (PKG-021) (1404.693099ms)
✔ a dangling link is replaced and reported (PKG-019) (251.05833ms)
✔ errors exit 0 with one line on standard error and no stack trace (PKG-022) (249.456412ms)
✔ the hooks judge with the cairn on PATH, a wrapper included, and session-start names it (PKG-033) (1162.708619ms)
✔ a link to a wrapper or file is kept; a dangling link or one to a directory is replaced (PKG-034) (516.565487ms)
✔ a project below the Git toplevel gets the verdict and the stop refusal (PKG-035) (334.959237ms)
✔ a kernel that prints no verdict is one stderr line: the stop is allowed and session-start prints no trace (PKG-036) (190.829209ms)
✔ a link that cannot be created is one stderr line, and the verdict still prints (PKG-019, PKG-022) (193.147448ms)
✔ with git absent the hooks say so in one line and block nothing (PKG-022) (107.529765ms)
✔ stop_hook_active true no longer lets a Resolvable stop through: the hook still refuses (PKG-018) (182.625633ms)
✔ receipts written by the project's own kernel are judged with it, not with a different cairn on PATH (PKG-033, PKG-021) (476.142817ms)
✔ the fourth stop on an unchanged verdict, commit and tree goes through with a message and a stop record; each refusal names cairn escalate (PKG-043, PKG-044) (570.981856ms)
✔ progress resets the count, a commit or an edited file alike, and each session counts on its own (PKG-043) (1424.056534ms)
✔ no report, one for another commitment, at another commit, or at a value that is not a commit names a new reviewer; an uncommitted review is committed first (LOOP-020) (1923.970757ms)
✔ an old report re-dated, however it is edited, does not name the new commit and names a new reviewer; a new report with the same words does not (LOOP-020) (1570.233638ms)
✔ each finding is carried by the one line citing its number and beginning with its words; malformed reports are repairs (LOOP-020) (4869.719014ms)
✔ citations name their report's commit, so rounds never collide and an old line never carries a new finding; a wrapped review line is its own repair (LOOP-020) (1045.193416ms)
✔ a finding that quotes a citation in its own words is carried by copying it, and an uncited wrapped line is no repair when there is nothing to carry (LOOP-020) (613.275559ms)
✔ a citation that is not last on its line is refused as such, and a finding ending with a citation is carried in the short form (LOOP-020) (951.013012ms)
✔ a report written or changed on disk but not committed is named commit, never judged as the committed one (LOOP-020) (595.678943ms)
✔ the findings list is read from the record's text: blank lines between entries, a wrapped entry, any bullet, and a blank line inside examined: lose nothing; a list after a heading stays unread (LOOP-020, LOOP-086, LOOP-071) (1495.952516ms)
✔ the reader reads a numbered or nested list and a blank line in examined:, and names a line it cannot read rather than reading nothing (LOOP-086, LOOP-020) (1135.718157ms)
✔ a line the reader cannot read is named whenever an entry follows it, in the review and in the report, and a finding under a heading is named (LOOP-086, LOOP-020) (1665.57131ms)
✔ a margin line that only looks like a field never ends a list in silence (LOOP-086, LOOP-020) (1115.281269ms)
✔ a field name repeated inside a list is named, the report's findings under a heading are named beside a list, and the repair offers the fix that keeps the finding (LOOP-020, LOOP-086) (968.12201ms)
✔ a Reviewer: line inside a list is named, and an honest record with a findings-titled heading is read (LOOP-020, LOOP-086) (786.931322ms)
✔ a record that declares findings: [] keeps a bulleted body as prose, as this repository's own reviews are written (LOOP-086, LOOP-020) (377.983297ms)
✔ a field name in another case never ends a list in silence, a record with its fields out of order is told to reorder them, and a citation names only a finding the report made (LOOP-086, LOOP-020, LOOP-108) (882.22756ms)
✔ a citation of zero is a citation, a field ends a list however it is spaced, a heading may be underlined, a blank line before a continuation is nothing, and a doubled commit: line does not name the commit (LOOP-020, LOOP-086, LOOP-108) (1166.110732ms)
✔ a rule under a field line is not a heading, the hint names a heading of either form, and an earlier report's citation on a carrying line is history (LOOP-020, LOOP-108) (1407.628789ms)
✔ a title that ends with a colon is still a heading, a report whose fields sit below a heading or prose is repaired rather than discarded, and the repair names the form the kernel reads (LOOP-020, LOOP-086, LOOP-108) (1151.814269ms)
✔ a report for another commitment or commit is replaced even when its fields sit below a heading, a quoted field line does not replace the real one, a rule under any field is a rule, and the review is told what the report is told (LOOP-020, LOOP-108) (1184.379269ms)
✔ an underline makes a heading of the line above it unless that line is an entry or the record's own field, an unread field is named where it sits, a field spelled another way is named, and the findings-titled repair names retitling (LOOP-020, LOOP-086, LOOP-108) (1585.008832ms)
✔ an underlined heading that names findings holds no list either, an unterminated fence hides nothing, a spelling is judged at the margin, and a report short of one header line is repaired (LOOP-020, LOOP-086, LOOP-108) (988.998447ms)
✔ a heading that names findings holds no content of any shape, its own section decides, and a report the wrong commit wrote is replaced before any repair (LOOP-020, LOOP-086) (905.886167ms)
✔ cairn lint runs the checker over docs/spec by default and over a named directory (PKG-028) (227.475567ms)
✔ cairn lint names a missing directory in one line, takes one argument, and reports a bad root (PKG-028) (243.750213ms)
✔ three megabytes are retained exactly once with matching digests (LOOP-041, LOOP-042) (444.364588ms)
✔ split stdout result lines survive a long non-result line; stderr is never a verdict (345.076908ms)
✔ signal termination is recorded and logs survive a clone (LOOP-043) (345.313276ms)
✔ working agreements and ignore changes are Cairn records inside the footprint (377.501339ms)
✔ a clean package passes (151.674155ms)
✔ PKG-001: a dependency, or a service manifest (213.808227ms)
✔ PKG-002: ignoring evidence or other durable state, by directory or by extension (142.407174ms)
✔ PKG-003: a command, a directory, or a record kind no decision names (250.054298ms)
✔ PKG-004: a kernel over 1900 lines, counting every file under bin/ as wc -l does; exactly 1900 passes (327.91997ms)
✔ PKG-006: a skill step naming a vendor's product, in either order, across a wrapped list item (PKG-027) (332.101768ms)
✔ PKG-008: a non-ASCII character in a tracked text file (79.734022ms)
✔ PKG-009: the kernel importing from tests (75.586582ms)
✔ PKG-012: a network call or a model client in the kernel, but not a vendor's name in text (365.570736ms)
✔ PKG-013: deferral language, but not in code, quotes, or a rule (566.975606ms)
✔ a tracked path deleted from the working tree is skipped, not a crash (85.473428ms)
✔ a sentence in a Formats section is not a record kind (107.636642ms)
✔ a record kind named by its path alone is checked (90.163738ms)
✔ PKG-002: a tracked in-progress record (82.785265ms)
✔ PKG-002: ignoring evidence alone is a finding (90.518099ms)
✔ PKG-003 reads the kernel's commands from its help output (PKG-023) (123.588314ms)
✔ the ASCII scan covers shipped files, not records under .cairn/ (PKG-024) (83.964257ms)
✔ a vendor-naming step wrapped across lines is matched (PKG-006, PKG-027) (84.827744ms)
✔ PKG-013 scans the README, the manual, and the walkthrough (PKG-032) (265.082685ms)
✔ the manifests, the listing and package.json agree on the name and version, and name paths the repository holds (PKG-037) (2.213024ms)
✔ the hooks file registers session-start and stop against the plugin's own hook.mjs through the plugin root variable (PKG-038) (0.221079ms)
✔ a Muse hook entry whose shared hook is missing prints one line and exits 0 (PKG-041, PKG-022) (131.397715ms)
✔ the registered commands print the verdict at session start, link the command into the plugin, and refuse a stop while wake says Resolvable (PKG-038, PKG-021) (437.160221ms)
✔ LOOP-071: decision body metadata does not resolve unbuilt work: "Superseded by: example" (790.96653ms)
✔ LOOP-071: decision body metadata does not resolve unbuilt work: "```text\nSuperseded by: example\n```" (805.611097ms)
✔ LOOP-071: decision body metadata does not resolve unbuilt work: "~~~text\nSuperseded by: example\n~~~" (696.863469ms)
✔ LOOP-071: a fenced realization example is not a resolving commit (737.087028ms)
✔ LOOP-071: a fenced commit inside the realization section is not built (791.620684ms)
✔ LOOP-071: ## Example cannot replace an open review finding (868.105171ms)
✔ LOOP-071: # Example cannot replace an open review finding (581.794922ms)
✔ LOOP-071: ### Example cannot replace an open review finding (647.165525ms)
✔ LOOP-071:   ## Example cannot replace an open review finding (623.375194ms)
✔ LOOP-071: Example paragraph. cannot replace an open review finding (729.71347ms)
✔ LOOP-071: Example
------- cannot replace an open review finding (588.766498ms)
✔ LOOP-071: fenced fields before a real review header are ignored (510.366843ms)
✔ LOOP-071: multiline decision --title cannot inject metadata (449.2295ms)
✔ LOOP-071: multiline decision --decided-by cannot inject metadata (452.034286ms)
✔ LOOP-071: multiline decision --rests-on cannot inject metadata (388.198374ms)
✔ LOOP-071: multiline decision --wrong-if cannot inject metadata (373.843684ms)
✔ LOOP-071: multiline decision --history cannot inject metadata (358.127568ms)
✔ LOOP-072: malformed Blocking concerns stay open: "R-001\nAnswer: ok" (114.63648ms)
✔ LOOP-072: malformed Blocking concerns stay open: "R-001\r\nAnswer: ok" (91.079595ms)
✔ LOOP-072: malformed Blocking concerns stay open: "R-001\rAnswer: ok" (91.848141ms)
✔ LOOP-072: malformed Blocking concerns stay open: "R-001 Answer: ok" (92.877603ms)
✔ LOOP-072: malformed Blocking concerns stay open: "R-001 Answer: ok" (89.343734ms)
✔ LOOP-072: ordinary malformed concerns are refused: "R-001\nR-002" (48.481796ms)
✔ LOOP-072: ordinary malformed concerns are refused: "R-001, prose" (44.964406ms)
✔ LOOP-072: ordinary malformed concerns are refused: " " (49.75178ms)
✔ LOOP-072: a Blocking escalation without concerns is still presented (113.417103ms)
✔ LOOP-072: carriage returns in a Blocking question do not create answer records (102.353323ms)
✔ LOOP-072: explanation separator 8232 cannot close an escalation (172.84133ms)
✔ LOOP-071: decision metadata refuses separator 8232 (393.406112ms)
✔ LOOP-072: explanation separator 8233 cannot close an escalation (194.74413ms)
✔ LOOP-071: decision metadata refuses separator 8233 (434.059759ms)
✔ Concerns, Rests on, and Promoted from written as lists read as the flat form (LOOP-124) (720.343382ms)
✔ an item named by filename, path, or backticked slug resolves like the slug (LOOP-125) (540.547634ms)
✔ an input that covers Cairn's own output is named as the repair, before and after a check (LOOP-126, LOOP-105) (749.556052ms)
✔ an unreadable record directory is a repair, not an error exit (LOOP-127) (87.333484ms)
✔ a title that slugifies to nothing is refused (LOOP-128) (186.429276ms)
✔ examined: [] is an empty list (LOOP-129, LOOP-108) (459.969911ms)
✔ below the Git toplevel the restore check compares root-relative paths (LOOP-130, LOOP-035) (463.451431ms)
✔ below the Git toplevel an uncommitted declared input is named from the project root (LOOP-132, LOOP-030) (294.337706ms)
✔ a value on the key line followed by list items is the first item, never dropped (LOOP-133) (942.704593ms)
✔ the footprint's walk reads Current: as the wake does: a fenced example below the real line, or a second line in history, never moves the start (LOOP-134, LOOP-035) (318.720145ms)
✔ an input spelled .. from a project below the Git toplevel covers the evidence directory (LOOP-126, LOOP-105) (86.844244ms)
✔ a Consequential record this commitment added needs its queue entry committed (LOOP-131, DEC-004) (535.714703ms)
✔ a mechanism that removes the check lock still gets its evidence, with no repair for the lock (LOOP-107) (269.468392ms)
✔ a staged rename reads as its two paths, never as a bare origin token (LOOP-030, LOOP-110) (136.000904ms)
✔ a Current: line inside a fenced example is neither a second Current: line nor the commitment, before or after the real line (LOOP-104) (250.233155ms)
✔ a Status: word is taken only from a line that carries one, never from wrapped prose after it (SPEC-018) (0.892027ms)
✔ the placeholder left above a resolving entry is a repair naming the file (DEC-021) (297.689185ms)
✔ the placeholder alone is a decision recorded and not yet built, unchanged (DEC-007) (87.25251ms)
✔ resolving entries with no placeholder are unchanged (DEC-006) (140.221747ms)
✔ a shallow clone that cannot resolve its entries is still told to fetch, not to edit (LOOP-113 keeps precedence) (179.963708ms)
✔ the placeholder quoted in a fenced example does not make a built record a repair (DEC-021) (211.066573ms)
✔ supersede takes the same decider vocabulary as decide (DEC-020) (143.305653ms)
✔ a superseded record is held to the same line: its placeholder above a resolving entry is a repair (DEC-021, DEC-010) (225.292997ms)
✔ realize() touches only the Realized by section; a body that quotes the placeholder keeps it (145.922108ms)
✔ an untracked file under a declared input is not a change under way; check still refuses beside it and names .gitignore (LOOP-110, LOOP-030) (234.223899ms)
✔ an unmatched input is refused before execution (LOOP-044) (229.387644ms)
✔ an indexed input deleted on disk asks for a commit (LOOP-045) (232.649319ms)
✔ wake and check require a Git working tree (LOOP-046) (131.77997ms)
✔ recovery removes only dead kernel run records and identifies a live owner (LOOP-054, LOOP-055) (335.791018ms)
✔ an agent action based behind a clean HEAD appears committed (LOOP-027) (232.891382ms)
✔ realization needs a real commit and a subject (DEC-006) (324.456979ms)
✔ 1500 binary inputs digest identically at the review commit in under a second (LOOP-024) (1638.61228ms)
✔ merged work is excluded but a later own commit is a breach (LOOP-047) (297.369669ms)
✔ exact Current tenure ignores prefix matches and earlier visits to the same slug (LOOP-035) (414.87239ms)
✔ a kernel run records its supervising PID (LOOP-054) (472.906261ms)
✔ a merged declared input still stales evidence (LOOP-047) (464.763914ms)
✔ wildcard and magic pathspecs select the same historical inputs (LOOP-024, LOOP-032) (2830.419197ms)
✔ historical selection retains deleted files and excludes new ones (LOOP-024, LOOP-035) (1625.46544ms)
✔ cairn --version prints the package.json version outside a repository, and help lists it (PKG-039) (208.731393ms)
✔ a release is one commit setting one version in the five files, with the changelog entry, tagged v<version> (PKG-040) (1274.227755ms)
✔ the release script refuses a bad version, no increase, a dirty tree, a missing entry, a taken tag, a disagreeing file, and a loop not at Done, each in one line with nothing written (PKG-040) (2063.477504ms)
✔ a version file written as compact JSON is released, and nothing else in any version file changes (PKG-042) (1720.713757ms)
✔ with attribution forbidden, the release script refuses an unpushed commit carrying an AI attribution line (PKG-045) (718.947953ms)
✔ explicit reporting with no lines and exit 0 establishes no requirement verdicts (LOOP-061) (562.468852ms)
✔ explicit reporting with no lines and exit 1 establishes no requirement verdicts (LOOP-061) (470.847713ms)
✔ a reporter that cannot start keeps execution diagnostics without blaming requirements (LOOP-062) (305.588384ms)
✔ large output cannot kill a reporter or invent a requirement verdict (318.815015ms)
✔ explicit mode ignores cairn: R-999: pass (336.943753ms)
✔ explicit mode ignores cairn: R-001: unverified (357.475775ms)
✔ explicit mode ignores cairn: R-001: passed (337.432651ms)
✔ explicit results survive nonzero exit and contradictory duplicates still fail (706.695101ms)
✔ unverified results across changed inputs never become failed attempts (1789.528404ms)
✔ legacy exit 0 retains its interpretation (289.293801ms)
✔ legacy exit 1 retains its interpretation (266.083644ms)
✔ a misspelled reporting mode is refused before execution (159.956444ms)
✔ changed requirement blocks unchecked reruns and makes the completion review stale (LOOP-058, LOOP-059) (2047.964354ms)
✔ falsifier changes need review; separate rationale and other requirements do not change a receipt (1528.479076ms)
✔ legacy receipts recover requirement identity from their commit; unavailable history requires review (1272.731176ms)
✔ check refuses uncommitted requirement text and mechanism review markers (957.286936ms)
✔ tightened response limit cannot reuse the old passing check (1969.899463ms)
✔ a declared input over 1 MiB agrees at a commit and in the tree (LOOP-060) (549.569111ms)
✔ a failed Git blob read cannot be hashed as an empty blob (486.946457ms)
✔ Git listings over 1 MiB include the last declared input (2481.697434ms)
✔ requirement identity excludes fenced examples and status dates (560.850792ms)
✔ DemonCoder REM-002 and Status in progress cannot silently satisfy the review gate (LOOP-086) (956.885739ms)
✔ valid open findings retain their behavior (545.014697ms)
✔ valid resolved findings retain their behavior (589.849139ms)
✔ valid empty findings retain their behavior (541.980984ms)
✔ valid mixed valid findings retain their behavior (601.640505ms)
✔ malformed finding "open:" requires repair (615.470597ms)
✔ malformed finding "resolved:   " requires repair (608.4516ms)
✔ malformed finding "Open: incorrect case" requires repair (453.167779ms)
✔ malformed finding "unknown: issue" requires repair (408.079895ms)
✔ malformed finding "\u001b[31mBAD: issue" requires repair (420.698363ms)
✔ the established explicit empty findings list remains valid (547.67434ms)
✔ a scalar findings value requires the supported list format (415.437631ms)
✔ check runs a mechanism when a requirement outside the commitment was revised, and asks for the review once a commitment includes it (LOOP-059) (1044.252282ms)
✔ a Requirements: line written as a list is read like the flat form (LOOP-102) (139.312671ms)
✔ a subdirectory or a README in a record directory changes nothing (LOOP-103) (587.702396ms)
✔ two Current: lines are a roadmap repair (LOOP-104) (88.62476ms)
✔ a repeated identifier, an input under the evidence directory, and a missing cwd are refused by name (LOOP-105) (491.765239ms)
✔ a requirement whose evidence outlives its mechanism is named declare, not a regression or an escalation (LOOP-106) (1175.862727ms)
✔ an unreadable record is a repair, not an error exit (LOOP-107) (125.138976ms)
✔ a review needs commit, a nonempty examined list, and a findings list, each named when missing (LOOP-108) (1400.854639ms)
✔ a decision record missing a header field or naming a missing predecessor is a repair (LOOP-109) (297.165567ms)
✔ a dirty declared input with no in-progress record is named record ahead of run (LOOP-022, LOOP-110) (252.683223ms)
✔ with core.filemode false the index mode is the identity, so a mode-only difference does not refuse the check (LOOP-111) (272.302611ms)
✔ a project below the Git toplevel can run check (LOOP-112) (278.075366ms)
✔ a shallow clone names history to fetch, not a decision to build (LOOP-113) (199.874094ms)
✔ record-writing commands refuse to run outside a Cairn repository and write nothing (LOOP-118) (319.477729ms)
✔ a git that cannot start is one line and exit 3 from wake and from check, with nothing recorded (LOOP-137) (114.68363ms)
✔ an unexplained or uncommitted stop record is named explain before any other action; explained and committed, the wake moves on (LOOP-139) (332.538884ms)
✔ empty footprint names declaration before scope and records no evidence (LOOP-081) (677.510165ms)
✔ first declaration still checks the full earlier history (LOOP-081) (398.640822ms)
✔ an empty current footprint does not block an explicitly requested existing mechanism (LOOP-081) (322.309125ms)
✔ an inherited mechanism provides a footprint even before local mechanisms exist (267.867761ms)
✔ scope reports every path, escapes line breaks, and gives identical remedies (LOOP-082) (272.812395ms)
✔ scope verdict reuses the answered-escalation annotation (LOOP-048, LOOP-051, LOOP-083) (806.658969ms)
✔ a committed scope acknowledgment lets restored history proceed (LOOP-083) (868.017735ms)
✔ scope acknowledgment must be committed before it can clear a breach (712.116547ms)
✔ ordinary ok does not acknowledge scope history (350.827489ms)
✔ scope escalation refuses unrestored paths and names the restoration remedy (363.627633ms)
✔ an invalid scope request still records an explicitly Blocking decision (186.66031ms)
✔ ask and explanation stay open; only the final committed ok acknowledges scope (1002.246623ms)
✔ instead is visible but does not silently authorize a scope exception (460.775519ms)
✔ later changes to an acknowledged path still block, including later reverts (1353.811055ms)
✔ approval cannot hide another path changed after the snapshot (398.214567ms)
✔ acknowledged history remains conditional on the paths staying restored (621.15845ms)
✔ editing the scope snapshot after answer invalidates its acknowledgment (327.861764ms)
✔ malformed scope metadata cannot suppress a breach (1662.509404ms)
✔ damaged acknowledgment fields cannot suppress a breach (610.261188ms)
✔ scope path matching is literal, including wildcard filenames and control characters (563.079322ms)
✔ scope acknowledgment does not carry into another activation of the same slug (323.68122ms)
✔ restoration checks additions, deletions, executable modes, and symlink kinds (1612.087689ms)
✔ explicit committed retention keeps correct work and requires new evidence and review (LOOP-084, LOOP-085) (2398.959048ms)
✔ a missing declaration covers correct earlier work without retention or revert (740.875762ms)
✔ keep requires scope and an unchanged committed candidate (183.597302ms)
✔ uncommitted retention and instead answers cannot clear the incident (1194.738985ms)
✔ retention does not grant future edits, even when reverted to the approved tree (1744.84422ms)
✔ retention cannot cover another path or another activation (689.312164ms)
✔ imported changes must still match the retained tree (707.356649ms)
✔ retention handles additions, deletions, modes, symlinks, and literal filenames (2221.984228ms)
✔ retention cannot convert an existing restoration answer or accept an unknown mode (474.653964ms)
✔ a check failure after retention remains a failure (802.776779ms)
✔ retained paths stay part of the stable checked candidate without extending its footprint (621.578745ms)
✔ retention ask needs an explanation and final committed approval (541.652793ms)
✔ an unknown scope mode remains invalid even with a matching approval digest (312.069693ms)
✔ backlog writes the item; a second with the same title is refused, never overwritten (LOOP-016) (150.291316ms)
✔ a commit inside the footprint: check runs; outside it: check names the path and does not run (LOOP-015, LOOP-035) (579.680363ms)
✔ Cairn's records are never a breach; another file under docs/ is (LOOP-117) (784.493839ms)
✔ declaring the path as an input clears the breach (303.683394ms)
✔ a revert preserves the record of an out-of-scope commit (LOOP-047) (387.841649ms)
✔ a commitment naming a requirement the spec set does not hold as Agreed is repaired (LOOP-029) (200.496389ms)
✔ a requirement in a Draft spec file is not Agreed (124.23663ms)
✔ working agreements and the ignore file are Cairn records (LOOP-035, LOOP-036) (570.541822ms)
✔ the over-asking rule is gone from both skills (SPEC-005, SPEC-006, SPEC-007) (1.064358ms)
✔ a decision during the phase is recorded (DEC-003) (0.158875ms)
✔ understanding is restated before writing (SPEC-003) (0.108743ms)
✔ falsifiers are proposed as one set and confirmed by exception (SPEC-004) (0.155794ms)
✔ depth is inferred and domains derived, never asked or imposed (SPEC-008, SPEC-009) (0.124369ms)
✔ a term enters the glossary at first occurrence (SPEC-010) (0.074691ms)
✔ the phase ends at the first commitment, and later ones are specified during the loop (SPEC-011, SPEC-012) (0.157301ms)
✔ a requirement goes Agreed only with a nameable mechanism (SPEC-013) (0.092058ms)
✔ review before agreement, recording what it attacked (SPEC-014, SPEC-015) (0.10243ms)
✔ no spec file without requirements; nothing Agreed without a falsifier (SPEC-001, SPEC-002) (0.469409ms)
✔ Observed is marked, and is not contract (SPEC-016, SPEC-017) (0.105527ms)
✔ the skills exclude artifacts outside Cairn's workflow (0.470914ms)
✔ the working agreement names the agent's move for each verdict and the write-ahead record (LOOP-036) (0.19842ms)
✔ the working agreement names the developer's moves (LOOP-036, DEC-014) (0.060533ms)
✔ this repository runs by the file it ships (0.297406ms)
✔ both skills write the working agreement without naming a vendor's file (LOOP-002, LOOP-036, PKG-006) (0.099088ms)
✔ the working agreement says what an attempt is (LOOP-036, DEC-017, DEC-018) (0.059769ms)
✔ the working agreement says a failure no footprint change can address is an escalation, and where an inherited requirement is repaired (DEC-019, LOOP-057) (2.365734ms)
✔ the working agreement states the promote, next-iteration, and no-deferral moves (LOOP-029, LOOP-087, LOOP-091, LOOP-092) (0.149315ms)
✔ both skills sort captures into the backlog or next-iteration and forbid deferral (LOOP-029, LOOP-092, LOOP-093) (0.059447ms)
✔ the skill requires a falsifier on every requirement, a MAY included (SPEC-025) (0.044407ms)
✔ the working agreement names the hooks as optional and the install skill registers them for two harnesses (PKG-006, PKG-018, PKG-019) (0.213643ms)
✔ the working agreement says the kernel is upgraded at Done, never inside a commitment (LOOP-096) (0.044818ms)
✔ the next-iteration skill starts from the specification and ends by naming the next commitment (SPEC-026, SPEC-027) (7.207611ms)
✔ every document that names the project skills names next-iteration beside them (SPEC-026, PKG-014) (4.980933ms)
✔ the working agreement states a move for every action the kernel can name (LOOP-101) (2.035337ms)
✔ the working agreement states both record formats and the two flags the moves need (LOOP-036) (0.165014ms)
✔ the skills demonstrate a safe violating example and preserve recon findings (SPEC-022, SPEC-023) (0.057454ms)
✔ the specification skills run the checker through the cairn command (PKG-029) (0.209236ms)
✔ the README invokes the phase skills by name and states versions and platforms (PKG-030, PKG-031) (1.625083ms)
✔ the manual and the walkthrough say the loop promotes backlog items at Done (0.694382ms)
✔ the working agreement says a report is not work under way, its findings are captured, and it is committed with them (LOOP-138) (0.083242ms)
✔ a two-obligation sentence is named (PKG-007) (41.267898ms)
✔ an obligation with no actor is named (PKG-010) (72.840119ms)
✔ a leading condition clause is not the actor, and the actor after it counts (46.546197ms)
✔ an Agreed requirement with no falsifier is named (SPEC-002); a Draft one is not (91.12185ms)
✔ prose after a Draft requirement with no falsifier is not scanned as requirement text (52.566228ms)
✔ a spec declaring a prefix with no requirement is named (SPEC-001) (43.556061ms)
✔ a keyword in backticks or quotes is a mention, not an obligation (34.138363ms)
✔ duplicate identifiers are rejected within a file and across files (SPEC-020) (137.969283ms)
✔ references resolve across files; missing references name their source (SPEC-021) (95.580869ms)
✔ code examples and quoted mentions are neither definitions nor references (44.883754ms)
✔ machine-local paths are findings in prose, links, quotes, and examples (SPEC-019) (468.939282ms)
✔ relative paths, URLs, slash commands, and character mentions are not absolute path findings (66.354483ms)
✔ a slash after a placeholder continues the template (SPEC-019) (99.022994ms)
✔ a host path is a finding until the file declares it (SPEC-019, SPEC-024) (80.535765ms)
✔ declared host paths cover children with a slash boundary and stay file-local (137.835492ms)
✔ a host-path declaration inside a requirement or example grants no exception (131.380034ms)
✔ host-path declarations require absolute or home-relative entries (228.357733ms)
✔ an Agreed block whose only keyword is MAY needs a falsifier like any other (SPEC-025, SPEC-002) (94.653981ms)
✔ a regex literal is not a path, a drive path and a file URL are, and a skill's slash name is allowed (SPEC-028, SPEC-029) (91.917461ms)
✔ a backticked or quoted actor still counts as one (PKG-010) (55.258597ms)
✔ a fence the file never closes is named, since the parser then reads its example as specification (239.713648ms)
✔ supersede writes both lines, and the old record keeps every word it had (DEC-008, DEC-010) (81.507402ms)
✔ supersede without a cause, or with one outside the four, is refused (DEC-009) (143.972889ms)
✔ supersede of a record that does not exist is refused (75.135196ms)
✔ a predecessor with no title line cannot be stamped, so nothing is written (78.525719ms)
✔ a --supersedes argument outside the slug alphabet is refused, and a path never reaches the filesystem (DEC-022) (244.641893ms)
✔ a record already superseded cannot be superseded again: one Superseded by line per record (DEC-022, DEC-010) (235.124059ms)
✔ reversals reports counts by decider, cause, and domain (DEC-011) (216.939242ms)
✔ decide in a domain with a reversal is refused without --history, naming the reversal; with it, the record carries History (DEC-012) (195.033131ms)
✔ decide in a domain with no reversals needs no --history (192.56482ms)
✔ a record resting on prose alone is in the domain unspecified, and so is the next one (206.655998ms)
✔ the decider tally normalizes case and whitespace, and names a value outside the vocabulary (DEC-020, DEC-011) (94.868993ms)
✔ a record with no Decided by line is tallied as unrecorded, not as a vocabulary value (111.054715ms)
✔ Decided by written as a list tallies like the flat form, and does not crash the report (LOOP-124, DEC-020) (86.775977ms)
✔ a second declaration for one requirement is accepted, a named check runs every mechanism, and Done needs each to pass (LOOP-056, LOOP-099) (2523.440318ms)
✔ one mechanism's stale evidence names that mechanism, and --stale runs only it (LOOP-056, LOOP-094) (878.415982ms)
✔ attempts are counted within one mechanism's records, so the other's passes do not reset them (LOOP-100, DEC-016) (1868.670417ms)
✔ step 1: an in-progress record is reconciled before anything else (106.654676ms)
✔ step 2: an open escalation is presented and nothing else happens (81.224208ms)
✔ an answered escalation is not open (613.062669ms)
✔ step 3: a decision with no realized-by is built, first by name (DEC-007) (145.961685ms)
✔ a superseded decision with no realized-by is not work (125.18145ms)
✔ step 6: a mechanism that has never run is run, not implemented (LOOP-008) (336.076004ms)
✔ step 6: a requirement whose mechanism fails is implemented (639.925044ms)
✔ step 6 before step 7: failing evidence outranks a missing mechanism (341.433455ms)
✔ step 7: a requirement with no mechanism is declared (LOOP-106) (92.785276ms)
✔ every verdict names who acts: Resolvable is the agent's, Done needs nobody, Escalate waits for the developer (LOOP-004) (693.98369ms)
✔ malformed roadmap is Resolvable, not fatal (LOOP-005) (68.901592ms)
✔ a commitment naming no requirements is Resolvable (LOOP-018) (84.572796ms)
✔ the primary test: two wakes on the same checkout give the same action, before and after a persisted transition (LOOP-001, LOOP-003) (665.477995ms)
✔ outside a cairn repository wake cannot run (40.296717ms)
✔ the loop never waits on the review queue (DEC-015) (523.765ms)
✔ twenty built records cost one git call to resolve, not twenty (DEC-023) (255.171214ms)
✔ an ambiguous Realized by identifier is the repair that says lengthen it, not a build (LOOP-113, DEC-023) (219.829265ms)
✔ the linked walkthrough runs from agreement through the next commitment (PKG-016) (1833.955986ms)
ℹ tests 524
ℹ suites 0
ℹ pass 524
ℹ fail 0
ℹ cancelled 0
ℹ skipped 0
ℹ todo 0
ℹ duration_ms 28526.235391
