✔ a Draft block overrides an Agreed file for both wake and check (SPEC-018) (345.887346ms)
✔ an Agreed block overrides a Draft file in the kernel and lint (SPEC-018, SPEC-002) (1202.589383ms)
✔ a block Status does not become the file default, including inside examples (SPEC-018) (845.987042ms)
✔ block status without a value does not inherit Agreed by accident (SPEC-018) (226.888ms)
✔ inheritance needs a file Scope and includes only Agreed blocks, regardless of prefix (PKG-015) (2628.460201ms)
✔ Scope inside a requirement or fenced example does not declare inheritance (PKG-015) (1042.887844ms)
✔ a falsifier wrapped onto a line beginning with Status: does not become the block's status (SPEC-018) (1.369979ms)
✔ LOOP-063: reject input mutation during a check and retain diagnostics (514.904235ms)
✔ LOOP-063: reject deletion mutation during a check and retain diagnostics (628.475973ms)
✔ LOOP-063: reject addition mutation during a check and retain diagnostics (715.817646ms)
✔ LOOP-063: reject mode mutation during a check and retain diagnostics (644.421261ms)
✔ LOOP-063: reject specification mutation during a check and retain diagnostics (752.004409ms)
✔ LOOP-063: reject declaration mutation during a check and retain diagnostics (608.291496ms)
✔ LOOP-063: reject commit mutation during a check and retain diagnostics (610.662694ms)
✔ LOOP-063: committed input mutation during execution cannot certify the replacement (586.047382ms)
✔ LOOP-064: removing executable permission makes passing evidence stale (752.334329ms)
✔ LOOP-064: a mode-only change also invalidates the previous review after new evidence (1157.300577ms)
✔ LOOP-064: changing a regular file into a link with identical identity bytes is stale (1256.515011ms)
✔ LOOP-063: an unchanged candidate still records a pass despite unrelated working-tree edits (286.682416ms)
✔ LOOP-064: current and historical input ordering agrees for Unicode filenames (494.253616ms)
✔ LOOP-063: Git status hiding content changes cannot certify an uncommitted candidate (179.378161ms)
✔ LOOP-066: one check owns execution with a kernel action record (814.747855ms)
✔ LOOP-066: one check owns execution with an agent action record (716.473138ms)
✔ LOOP-066: a live lock is named and never silently overwritten (253.107106ms)
✔ LOOP-066: a dead lock is named and never silently overwritten (219.473326ms)
✔ LOOP-066: a incomplete lock is named and never silently overwritten (184.196454ms)
✔ LOOP-066: an execution error releases the check lock for a corrected rerun (855.212644ms)
✔ LOOP-066: a live kernel action from an older Cairn also blocks execution (128.282643ms)
✔ LOOP-066: separate Git worktrees can run checks independently (808.67957ms)
✔ after a green check --stale runs nothing; after one input changes it runs only that mechanism (LOOP-094) (1715.862393ms)
✔ a mechanism speaking for two stale requirements runs once and refreshes both (LOOP-094, LOOP-040) (1250.67782ms)
✔ a fresh failure and an unverified result are skipped with implement named (LOOP-094) (997.125288ms)
✔ --stale with a requirement identifier is refused (LOOP-094) (100.317942ms)
✔ check refuses a dirty declared input and names it; a dirty undeclared file does not block (LOOP-030) (845.490402ms)
✔ check writes one receipt per run carrying the full record and a result line per requirement (LOOP-097) (620.948276ms)
✔ a nonzero exit records fail, and the receipt keeps the exit code (LOOP-034) (771.142846ms)
✔ a pass after a fail keeps the failing record; nothing is overwritten or deleted (LOOP-025) (1088.141955ms)
✔ a commit changing a declared input makes evidence stale; an undeclared one does not (LOOP-007) (1332.025096ms)
✔ a regression is named before a requirement that never passed (LOOP-031) (1229.420702ms)
✔ three attempts with no escalation since: wake says escalate, not a fourth (DEC-016, DEC-017, DEC-018) (3261.171194ms)
✔ the review gate: no review, stale review, open finding, then Done (LOOP-020, LOOP-033) (1249.76762ms)
✔ Done is refused while any requirement lacks current passing evidence (LOOP-017) (124.040275ms)
✔ check names a requested requirement that no mechanism claims (129.300536ms)
✔ check writes the in-progress record before the run and clears it after (LOOP-021) (266.15971ms)
✔ a linked declared input digests the same at a commit and in the tree (LOOP-023, LOOP-024) (509.196416ms)
✔ a result line is the mechanism's statement about one requirement; what it did not mention is unverified (LOOP-037, LOOP-052) (242.186403ms)
✔ a mechanism that says nothing is read by its exit code for every requirement (LOOP-039) (256.125921ms)
✔ unverified is not an attempt, and a return to an earlier failed digest counts once (DEC-017, DEC-018) (2255.234565ms)
✔ a result line for a requirement the mechanism does not speak for is named and writes nothing (LOOP-038) (290.223627ms)
✔ a result line inside ordinary output, or without the marker, does not count (238.471568ms)
✔ a targeted check runs the named requirements' mechanisms and records every requirement they speak for (LOOP-040) (231.434173ms)
✔ two result lines for one requirement: a fail on any line wins (260.439957ms)
✔ three runs at one digest with no attempt since: the verdict stays implement and names DEC-019; an escalation naming it among others clears the hint (DEC-019, LOOP-053) (1218.312697ms)
✔ a complete commitment with an unpromoted backlog item names promote, and a stamped item lets it reach Done (LOOP-087) (1581.846495ms)
✔ an empty backlog with waiting next-iteration items is Done, with the count as information and no action on them (LOOP-091) (1615.096533ms)
✔ a promotion marker must resolve to a decision record (LOOP-088) (415.322767ms)
✔ a commitment promoted from an item needs a decision record naming the item (LOOP-088) (463.271406ms)
✔ the spec lint reports a promotion marker with no decision record (LOOP-088) (133.9082ms)
✔ a promoted commitment that changes an Agreed requirement or the working agreement is an escalation; an unpromoted one is not (LOOP-089, LOOP-090) (2232.609955ms)
✔ a capture from one of the commitment's own requirements needs Outside because: or an escalation (LOOP-092) (2243.997705ms)
✔ a next-iteration item names what it would change, and the capture refuses one that does not (LOOP-093) (557.718602ms)
✔ a commitment specified from a next-iteration item needs the item stamped before anything else (SPEC-027) (661.867243ms)
✔ a by deference marker resolves to a decision record like a promotion marker (SPEC-002, LOOP-088) (237.159006ms)
✔ the LOOP-090 gate reads the Concerns line, not the slug as a substring (LOOP-114) (724.542238ms)
✔ the LOOP-088 check reads the Promotes line, and decide --promotes writes it (LOOP-115) (318.064116ms)
✔ the activation commit of a promoted commitment is inside the LOOP-089 comparison (LOOP-116) (179.842059ms)
✔ the LOOP-090 route needs one escalation: its Concerns line covers the moved item too (LOOP-119, LOOP-092, LOOP-114) (814.104671ms)
✔ an escalation raised before the promoted commitment began does not silence the LOOP-090 gate (LOOP-114) (444.555563ms)
✔ an escalation raised before the commitment began does not silence the capture gate (LOOP-119) (476.487752ms)
✔ the activation commit is inside the scope footprint (LOOP-120) (152.633412ms)
✔ a requirement Agreed at activation that is demoted or removed is a contract change (LOOP-121) (798.262806ms)
✔ the include files are the root files that hold @AGENTS.md: exempt from the footprint, compared by the gate (LOOP-122) (1572.070974ms)
✔ a superseded promotion no longer satisfies the LOOP-088 check, and the repair says the promotion was reversed (LOOP-123) (616.304247ms)
✔ the restore route measures from the tree before activation, so a path the activation commit added must go (LOOP-120, LOOP-035) (234.147249ms)
✔ the loop works against exactly one commitment: the current one (LOOP-019) (551.889045ms)
✔ a promotion recorded below Consequential is a repair naming the level, since the developer never sees it in the queue (LOOP-088) (94.012637ms)
✔ every requirement the node-test declaration speaks for is named in a test title (PKG-025) (3.81378ms)
✔ every repository path the tests read is a declared input of node-test (PKG-026) (1.085372ms)
✔ writes a record with every required field and an empty realized-by (DEC-001, DEC-005) (159.283826ms)
✔ a Consequential decision is queued for review (DEC-013) (90.934368ms)
✔ a Consequential decision is queued even when .cairn/queue does not exist yet (108.545932ms)
✔ Routine is refused: routine decisions produce no record (103.56434ms)
✔ a missing field is a usage error and nothing is written (167.561865ms)
✔ supersedes requires a classified cause, and the old record must exist (407.614302ms)
✔ an existing record is not overwritten (220.051909ms)
✔ a queued decision stays queued; nothing but the developer removes it (DEC-014) (358.983786ms)
✔ each accepted decider is stored lowercase, whatever case it was typed in (DEC-020) (838.52747ms)
✔ a decider outside the vocabulary is a usage error naming all three, and nothing is written (DEC-020) (1024.56839ms)
✔ an empty --decided-by is the missing-field error, not the vocabulary one (100.464548ms)
✔ LOOP-006, LOOP-067: missing inputs names a declaration repair before execution (214.091367ms)
✔ LOOP-006, LOOP-067: empty inputs names a declaration repair before execution (336.869421ms)
✔ LOOP-006, LOOP-067: missing command names a declaration repair before execution (216.764662ms)
✔ LOOP-006, LOOP-067: list command names a declaration repair before execution (273.292891ms)
✔ LOOP-006, LOOP-067: empty command names a declaration repair before execution (214.190401ms)
✔ LOOP-006, LOOP-067: missing requirements names a declaration repair before execution (242.711104ms)
✔ LOOP-006, LOOP-067: bad identifier names a declaration repair before execution (270.326332ms)
✔ LOOP-067: scalar one-item lists retain their existing meaning (660.881354ms)
✔ LOOP-068: a unpopulated gitlink is refused by name (355.966253ms)
✔ LOOP-068: a populated gitlink is refused by name (360.372773ms)
✔ LOOP-069: identical selections across 100 mechanisms use at most 20 Git processes (295.02528ms)
✔ escalate writes the six-line format followed by its facts, and wake presents it (LOOP-010, LOOP-026) (138.626891ms)
✔ a missing or multi-line field is refused with the field named, and nothing is written (LOOP-012) (339.76899ms)
✔ a Blocking escalation that fails the format is written anyway, naming the malformed field (LOOP-013) (221.842855ms)
✔ the loop stops for the developer only at Blocking: a recorded decision below it never yields Escalate, and the Blocking bypass must be spelled exactly (DEC-002) (554.000192ms)
✔ a second escalation while one is open is refused (LOOP-011) (294.768302ms)
✔ answer records the reply; wake no longer presents it; a second answer is refused (493.611442ms)
✔ answer to an unknown escalation is refused (149.689751ms)
✔ a stranger resumes from the file alone: question and answer are both in it (LOOP-014) (152.911175ms)
✔ after an answer, the same concern can be escalated again under a new name (338.346929ms)
✔ an escalation exists when its file does, committed or not (LOOP-009) (175.203029ms)
✔ developer answers require one of the three forms and cannot inject fields (LOOP-048) (1114.343516ms)
✔ ask, agent explanation, another ask, and ok stay ordered in one file (LOOP-049, LOOP-050, LOOP-014) (1129.940733ms)
✔ fresh closed answers accompany only concerned requirements until new evidence (LOOP-051) (1005.256336ms)
✔ a raised escalation carries no derivable status line, and an old record with one still parses (LOOP-028) (219.533661ms)
✔ LOOP-065: delete of output refuses Done and a new run recovers (2103.995232ms)
✔ LOOP-065: corrupt of output refuses Done and a new run recovers (2086.746162ms)
✔ LOOP-065: delete of stderr_output refuses Done and a new run recovers (1475.368033ms)
✔ LOOP-065: corrupt of stderr_output refuses Done and a new run recovers (1340.516305ms)
✔ LOOP-065: a receipt without output needs a new check (728.722629ms)
✔ LOOP-065: a receipt without output_digest needs a new check (684.550643ms)
✔ LOOP-065: a receipt without stderr_output needs a new check (638.018882ms)
✔ LOOP-065: a receipt without stderr_digest needs a new check (518.002651ms)
✔ LOOP-065: legacy unverifiable output is rerun without rewriting history (911.677291ms)
✔ a fresh record names the kernel that wrote it (LOOP-023) (401.81255ms)
✔ LOOP-095: a record from another kernel is stale with the kernel named, and a new check restores Done (905.071689ms)
✔ LOOP-095: a record from no kernel is stale with the kernel named, and a new check restores Done (967.137884ms)
✔ LOOP-070: a later failure is latest even when the clock moves backward (1585.084587ms)
✔ LOOP-070: receipt collisions at one clock instant retain execution order beyond nine suffixes (5495.71771ms)
✔ LOOP-070: imported branch receipts stale a later sequence until a new check incorporates them (1789.011919ms)
✔ LOOP-070, LOOP-098: legacy receipts need one ordered check, remain byte-for-byte unchanged, and precede the run receipt in the history (667.164566ms)
✔ LOOP-070: edit of a prior receipt requires fresh evidence (613.51023ms)
✔ LOOP-070: remove of a prior receipt requires fresh evidence (639.575268ms)
✔ LOOP-075: supporting evidence file README.md does not become a receipt (652.640989ms)
✔ LOOP-075: supporting evidence file notes.txt does not become a receipt (681.832424ms)
✔ LOOP-075: supporting evidence file support does not become a receipt (740.002659ms)
✔ LOOP-075: supporting evidence file .DS_Store does not become a receipt (689.355557ms)
✔ LOOP-075: a malformed result line (result=success) names a repair before execution (496.719154ms)
✔ LOOP-075: a malformed result line (sequence=NaN) names a repair before execution (507.805211ms)
✔ LOOP-075: a malformed result line (sequence=9007199254740992) names a repair before execution (447.031265ms)
✔ LOOP-075: a malformed result line (history_digest=wrong) names a repair before execution (528.865593ms)
✔ LOOP-075: a malformed result line (tokens) names a repair before execution (462.318411ms)
✔ LOOP-075: a receipt-shaped directory is a named repair instead of an EISDIR crash (358.640284ms)
✔ LOOP-070: an earlier escalation cannot cover three new attempts after clock rollback (1435.573141ms)
✔ LOOP-070: an answer becomes old after a later check even if that check's timestamp is earlier (921.372774ms)
✔ LOOP-070: the newest answer wins between checks even when its clock timestamp is older (738.106614ms)
✔ LOOP-070: legacy escalation dates cover old receipts but not three newer sequenced runs (2038.592108ms)
✔ a PKG requirement the commitment does not name is declared, run, and gates Done (PKG-011) (2589.937115ms)
✔ a PKG requirement in a Draft spec is not folded in (683.871423ms)
✔ LOOP-076, LOOP-079: stale inputs identify the receipt and the check to run (1099.52882ms)
✔ LOOP-077: names a content change using checked input identity (972.732843ms)
✔ LOOP-077: names a mode change using checked input identity (1159.354572ms)
✔ LOOP-077: names a kind change using checked input identity (1108.535243ms)
✔ LOOP-077: names a added change using checked input identity (861.95432ms)
✔ LOOP-077: names a removed change using checked input identity (709.052966ms)
✔ LOOP-077: names a link-target change using checked input identity (1271.369911ms)
✔ LOOP-077: changed selection compares the old and new input sets (838.319067ms)
✔ LOOP-077: raw CRLF changes remain visible when Git-clean content agrees (649.028674ms)
✔ LOOP-077: detail output is sorted, bounded, and reports the omitted count (615.500799ms)
✔ LOOP-077: filenames cannot inject lines or terminal controls into explanations (508.88986ms)
✔ LOOP-077: receipts from one run share details and do not store source contents (384.392693ms)
✔ LOOP-078, LOOP-080: legacy optional detail limits explanation without changing standing (672.120104ms)
✔ LOOP-078, LOOP-080: invalid-field optional detail limits explanation without changing standing (632.619395ms)
✔ LOOP-078, LOOP-080: missing optional detail limits explanation without changing standing (644.797479ms)
✔ LOOP-078, LOOP-080: invalid-json optional detail limits explanation without changing standing (705.089856ms)
✔ LOOP-078, LOOP-080: mismatched optional detail limits explanation without changing standing (671.606836ms)
✔ LOOP-078, LOOP-080: duplicate optional detail limits explanation without changing standing (731.372903ms)
✔ LOOP-078, LOOP-080: unsafe-path optional detail limits explanation without changing standing (690.211684ms)
✔ LOOP-078, LOOP-080: directory optional detail limits explanation without changing standing (685.817779ms)
✔ LOOP-078, LOOP-080: symlink optional detail limits explanation without changing standing (658.106644ms)
✔ LOOP-078: unavailable old requirement text is not claimed as a proven change (555.168897ms)
✔ LOOP-076, LOOP-079: changed requirements identify evidence and retain review-before-check guidance (525.944345ms)
✔ LOOP-078: simultaneous input and output damage keep both reasons (573.555661ms)
✔ LOOP-080: deterministic freshness sequence seed=7 (13019.369062ms)
✔ LOOP-080: deterministic freshness sequence seed=42 (8833.952733ms)
✔ LOOP-080: deterministic freshness sequence seed=913 (8182.256287ms)
✔ LOOP-080: agreement changes, mechanism review, checks, and completion review retain priority (2040.168383ms)
✔ LOOP-080: imported receipt history demands a rerun without a false input explanation (1992.856926ms)
✔ LOOP-073: clean CRLF input completes under attributes (994.986428ms)
✔ LOOP-073: clean CRLF input completes under autocrlf (883.463432ms)
✔ LOOP-073: raw line-ending mutation during a run is rejected even when Git still sees the same content (525.160101ms)
✔ LOOP-073: execution evidence changes when clean conversion preserves committed identity (1807.800667ms)
✔ LOOP-073: Git clean filters use Git's conversion while retaining raw evidence identity (794.06384ms)
✔ LOOP-073: failure of a required Git filter cannot record evidence (192.303856ms)
✔ LOOP-073: a clean filter moving HEAD during ending validation prevents evidence (765.766381ms)
✔ LOOP-073: canonical Git identities handle links without reading their targets (634.172071ms)
✔ LOOP-073: Git conversion keeps raw Unicode and control-character input paths (699.787685ms)
✔ LOOP-073: conversion and links work in a SHA-256 Git repository (630.376566ms)
✔ LOOP-074: historical specification filename "café.md" remains reviewable (499.343948ms)
✔ LOOP-074: historical specification filename "spec\ttab.md" remains reviewable (527.309124ms)
✔ LOOP-074: historical specification filename "spec\nline.md" remains reviewable (448.601098ms)
✔ help works outside a repository without running a command (PKG-017) (1489.241683ms)
✔ help does not hide invalid options or consume literal arguments (302.747797ms)
✔ help lists the lint command (PKG-017) (66.754377ms)
✔ the stop hook refuses a stop while wake says Resolvable, with the verdict as the reason (PKG-018) (291.914152ms)
✔ the stop hook allows a stop at Done, at Escalate, and outside a Cairn repository (PKG-018) (1590.878653ms)
✔ the session-start hook links the command once and prints the verdict in a Cairn repository (PKG-019, PKG-014, PKG-005) (758.023365ms)
✔ the session-start hook prints no verdict outside a Cairn repository and leaves an existing link that resolves alone (PKG-019) (120.078906ms)
✔ a checkout under a path with a space links a command that resolves, and its stop hook still blocks (PKG-019, PKG-021) (607.645282ms)
✔ the hooks run the kernel the command link resolves to, so hook and agent share one referee (PKG-021) (1581.809348ms)
✔ a dangling link is replaced and reported (PKG-019) (228.802015ms)
✔ errors exit 0 with one line on standard error and no stack trace (PKG-022) (233.391071ms)
✔ the hooks judge with the cairn on PATH, a wrapper included, and session-start names it (PKG-033) (1597.332759ms)
✔ a link to a wrapper or file is kept; a dangling link or one to a directory is replaced (PKG-034) (662.033628ms)
✔ a project below the Git toplevel gets the verdict and the stop refusal (PKG-035) (389.999827ms)
✔ a kernel that prints no verdict is one stderr line: the stop is allowed and session-start prints no trace (PKG-036) (175.134805ms)
✔ a link that cannot be created is one stderr line, and the verdict still prints (PKG-019, PKG-022) (165.475976ms)
✔ with git absent the hooks say so in one line and block nothing (PKG-022) (118.927833ms)
✔ cairn lint runs the checker over docs/spec by default and over a named directory (PKG-028) (242.031734ms)
✔ cairn lint names a missing directory in one line, takes one argument, and reports a bad root (PKG-028) (212.101187ms)
✔ three megabytes are retained exactly once with matching digests (LOOP-041, LOOP-042) (493.386157ms)
✔ split stdout result lines survive a long non-result line; stderr is never a verdict (664.942006ms)
✔ signal termination is recorded and logs survive a clone (LOOP-043) (657.476224ms)
✔ working agreements and ignore changes are Cairn records inside the footprint (714.201359ms)
✔ a clean package passes (152.174049ms)
✔ PKG-001: a dependency, or a service manifest (227.282757ms)
✔ PKG-002: ignoring evidence or other durable state, by directory or by extension (183.794698ms)
✔ PKG-003: a command, a directory, or a record kind no decision names (401.391364ms)
✔ PKG-004: a kernel over 1600 lines, counting every file under bin/ as wc -l does; exactly 1600 passes (716.411675ms)
✔ PKG-006: a skill step naming a vendor's product, in either order, across a wrapped list item (PKG-027) (689.117385ms)
✔ PKG-008: a non-ASCII character in a tracked text file (101.727435ms)
✔ PKG-009: the kernel importing from tests (162.801459ms)
✔ PKG-012: a network call or a model vendor in the kernel (228.22574ms)
✔ PKG-013: deferral language, but not in code, quotes, or a rule (954.694224ms)
✔ a tracked path deleted from the working tree is skipped, not a crash (124.373274ms)
✔ a sentence in a Formats section is not a record kind (119.123974ms)
✔ a record kind named by its path alone is checked (104.394894ms)
✔ PKG-002: a tracked in-progress record (105.469946ms)
✔ PKG-002: ignoring evidence alone is a finding (105.233342ms)
✔ PKG-003 reads the kernel's commands from its help output (PKG-023) (163.527056ms)
✔ the ASCII scan covers shipped files, not records under .cairn/ (PKG-024) (101.303843ms)
✔ a vendor-naming step wrapped across lines is matched (PKG-006, PKG-027) (106.323351ms)
✔ PKG-013 scans the README, the manual, and the walkthrough (PKG-032) (336.251848ms)
✔ the manifests, the listing and package.json agree on the name and version, and name paths the repository holds (PKG-037) (2.115424ms)
✔ the hooks file registers session-start and stop against the plugin's own hook.mjs through the plugin root variable (PKG-038) (0.199869ms)
✔ the registered commands print the verdict at session start, link the command into the plugin, and refuse a stop while wake says Resolvable (PKG-038, PKG-021) (503.052413ms)
✔ LOOP-071: decision body metadata does not resolve unbuilt work: "Superseded by: example" (1045.758596ms)
✔ LOOP-071: decision body metadata does not resolve unbuilt work: "```text\nSuperseded by: example\n```" (1077.677577ms)
✔ LOOP-071: decision body metadata does not resolve unbuilt work: "~~~text\nSuperseded by: example\n~~~" (1206.848707ms)
✔ LOOP-071: a fenced realization example is not a resolving commit (916.012583ms)
✔ LOOP-071: a fenced commit inside the realization section is not built (841.079214ms)
✔ LOOP-071: ## Example cannot replace an open review finding (691.227306ms)
✔ LOOP-071: # Example cannot replace an open review finding (782.606605ms)
✔ LOOP-071: ### Example cannot replace an open review finding (782.822289ms)
✔ LOOP-071:   ## Example cannot replace an open review finding (678.518193ms)
✔ LOOP-071: Example paragraph. cannot replace an open review finding (609.357551ms)
✔ LOOP-071: Example
------- cannot replace an open review finding (615.465251ms)
✔ LOOP-071: fenced fields before a real review header are ignored (524.746108ms)
✔ LOOP-071: multiline decision --title cannot inject metadata (415.471255ms)
✔ LOOP-071: multiline decision --decided-by cannot inject metadata (440.728141ms)
✔ LOOP-071: multiline decision --rests-on cannot inject metadata (456.324762ms)
✔ LOOP-071: multiline decision --wrong-if cannot inject metadata (422.751693ms)
✔ LOOP-071: multiline decision --history cannot inject metadata (437.553432ms)
✔ LOOP-072: malformed Blocking concerns stay open: "R-001\nAnswer: ok" (123.579571ms)
✔ LOOP-072: malformed Blocking concerns stay open: "R-001\r\nAnswer: ok" (111.206974ms)
✔ LOOP-072: malformed Blocking concerns stay open: "R-001\rAnswer: ok" (117.069049ms)
✔ LOOP-072: malformed Blocking concerns stay open: "R-001 Answer: ok" (123.449722ms)
✔ LOOP-072: malformed Blocking concerns stay open: "R-001 Answer: ok" (122.089968ms)
✔ LOOP-072: ordinary malformed concerns are refused: "R-001\nR-002" (88.064369ms)
✔ LOOP-072: ordinary malformed concerns are refused: "R-001, prose" (70.975051ms)
✔ LOOP-072: ordinary malformed concerns are refused: " " (59.373186ms)
✔ LOOP-072: a Blocking escalation without concerns is still presented (122.032054ms)
✔ LOOP-072: carriage returns in a Blocking question do not create answer records (133.556908ms)
✔ LOOP-072: explanation separator 8232 cannot close an escalation (227.04995ms)
✔ LOOP-071: decision metadata refuses separator 8232 (460.374323ms)
✔ LOOP-072: explanation separator 8233 cannot close an escalation (229.749079ms)
✔ LOOP-071: decision metadata refuses separator 8233 (506.923031ms)
✔ Concerns, Rests on, and Promoted from written as lists read as the flat form (LOOP-124) (1184.909718ms)
✔ an item named by filename, path, or backticked slug resolves like the slug (LOOP-125) (996.574597ms)
✔ an input that covers Cairn's own output is named as the repair, before and after a check (LOOP-126, LOOP-105) (1300.909897ms)
✔ an unreadable record directory is a repair, not an error exit (LOOP-127) (170.616524ms)
✔ a title that slugifies to nothing is refused (LOOP-128) (172.637398ms)
✔ examined: [] is an empty list (LOOP-129, LOOP-108) (659.673551ms)
✔ below the Git toplevel the restore check compares root-relative paths (LOOP-130, LOOP-035) (494.041146ms)
✔ below the Git toplevel an uncommitted declared input is named from the project root (LOOP-132, LOOP-030) (255.741653ms)
✔ a value on the key line followed by list items is the first item, never dropped (LOOP-133) (837.644687ms)
✔ an input spelled .. from a project below the Git toplevel covers the evidence directory (LOOP-126, LOOP-105) (101.993895ms)
✔ a Consequential record this commitment added needs its queue entry committed (LOOP-131, DEC-004) (872.800039ms)
✔ a mechanism that removes the check lock still gets its evidence, with no repair for the lock (LOOP-107) (391.833882ms)
✔ a staged rename reads as its two paths, never as a bare origin token (LOOP-030, LOOP-110) (152.427128ms)
✔ a Current: line inside a fenced example is neither a second Current: line nor the commitment, before or after the real line (LOOP-104) (314.372003ms)
✔ a Status: word is taken only from a line that carries one, never from wrapped prose after it (SPEC-018) (1.810832ms)
✔ the placeholder left above a resolving entry is a repair naming the file (DEC-021) (339.065304ms)
✔ the placeholder alone is a decision recorded and not yet built, unchanged (DEC-007) (128.436042ms)
✔ resolving entries with no placeholder are unchanged (DEC-006) (159.695433ms)
✔ a shallow clone that cannot resolve its entries is still told to fetch, not to edit (LOOP-113 keeps precedence) (162.543692ms)
✔ the placeholder quoted in a fenced example does not make a built record a repair (DEC-021) (192.09109ms)
✔ supersede takes the same decider vocabulary as decide (DEC-020) (121.876602ms)
✔ a superseded record is held to the same line: its placeholder above a resolving entry is a repair (DEC-021, DEC-010) (206.509071ms)
✔ realize() touches only the Realized by section; a body that quotes the placeholder keeps it (139.665728ms)
✔ an unmatched input is refused before execution (LOOP-044) (312.235386ms)
✔ an indexed input deleted on disk asks for a commit (LOOP-045) (278.724273ms)
✔ wake and check require a Git working tree (LOOP-046) (152.917678ms)
✔ recovery removes only dead kernel run records and identifies a live owner (LOOP-054, LOOP-055) (640.934749ms)
✔ an agent action based behind a clean HEAD appears committed (LOOP-027) (324.799484ms)
✔ realization needs a real commit and a subject (DEC-006) (458.249023ms)
✔ 1500 binary inputs digest identically at the review commit in under a second (LOOP-024) (2088.038077ms)
✔ merged work is excluded but a later own commit is a breach (LOOP-047) (405.499201ms)
✔ exact Current tenure ignores prefix matches and earlier visits to the same slug (LOOP-035) (476.054845ms)
✔ a kernel run records its supervising PID (LOOP-054) (371.408924ms)
✔ a merged declared input still stales evidence (LOOP-047) (537.830554ms)
✔ wildcard and magic pathspecs select the same historical inputs (LOOP-024, LOOP-032) (3190.997656ms)
✔ historical selection retains deleted files and excludes new ones (LOOP-024, LOOP-035) (1692.26726ms)
✔ cairn --version prints the package.json version outside a repository, and help lists it (PKG-039) (326.394688ms)
✔ a release is one commit setting one version in the five files, with the changelog entry, tagged v<version> (PKG-040) (1597.095673ms)
✔ the release script refuses a bad version, no increase, a dirty tree, a missing entry, a taken tag, a disagreeing file, and a loop not at Done, each in one line with nothing written (PKG-040) (3583.939637ms)
✔ explicit reporting with no lines and exit 0 establishes no requirement verdicts (LOOP-061) (678.350903ms)
✔ explicit reporting with no lines and exit 1 establishes no requirement verdicts (LOOP-061) (1040.294256ms)
✔ a reporter that cannot start keeps execution diagnostics without blaming requirements (LOOP-062) (446.891506ms)
✔ large output cannot kill a reporter or invent a requirement verdict (562.810813ms)
✔ explicit mode ignores cairn: R-999: pass (581.0483ms)
✔ explicit mode ignores cairn: R-001: unverified (513.101066ms)
✔ explicit mode ignores cairn: R-001: passed (447.645627ms)
✔ explicit results survive nonzero exit and contradictory duplicates still fail (956.147633ms)
✔ unverified results across changed inputs never become failed attempts (2044.70504ms)
✔ legacy exit 0 retains its interpretation (393.13109ms)
✔ legacy exit 1 retains its interpretation (307.730747ms)
✔ a misspelled reporting mode is refused before execution (157.456434ms)
✔ changed requirement blocks unchecked reruns and makes the completion review stale (LOOP-058, LOOP-059) (2934.940166ms)
✔ falsifier changes need review; separate rationale and other requirements do not change a receipt (2060.028758ms)
✔ legacy receipts recover requirement identity from their commit; unavailable history requires review (1294.784964ms)
✔ check refuses uncommitted requirement text and mechanism review markers (1204.801096ms)
✔ tightened response limit cannot reuse the old passing check (1922.606785ms)
✔ a declared input over 1 MiB agrees at a commit and in the tree (LOOP-060) (572.273035ms)
✔ a failed Git blob read cannot be hashed as an empty blob (495.923336ms)
✔ Git listings over 1 MiB include the last declared input (3154.152461ms)
✔ requirement identity excludes fenced examples and status dates (716.404369ms)
✔ DemonCoder REM-002 and Status in progress cannot silently satisfy the review gate (LOOP-086) (1295.337468ms)
✔ valid open findings retain their behavior (1319.03939ms)
✔ valid resolved findings retain their behavior (919.953284ms)
✔ valid empty findings retain their behavior (767.52294ms)
✔ valid mixed valid findings retain their behavior (702.768632ms)
✔ malformed finding "open:" requires repair (590.507254ms)
✔ malformed finding "resolved:   " requires repair (523.624676ms)
✔ malformed finding "Open: incorrect case" requires repair (687.516482ms)
✔ malformed finding "unknown: issue" requires repair (505.861481ms)
✔ malformed finding "\u001b[31mBAD: issue" requires repair (540.791113ms)
✔ the established explicit empty findings list remains valid (525.833056ms)
✔ a scalar findings value requires the supported list format (500.899817ms)
✔ a Requirements: line written as a list is read like the flat form (LOOP-102) (151.786328ms)
✔ a subdirectory or a README in a record directory changes nothing (LOOP-103) (895.549551ms)
✔ two Current: lines are a roadmap repair (LOOP-104) (106.950824ms)
✔ a repeated identifier, an input under the evidence directory, and a missing cwd are refused by name (LOOP-105) (732.519047ms)
✔ a requirement whose evidence outlives its mechanism is named declare, not a regression or an escalation (LOOP-106) (1895.558538ms)
✔ an unreadable record is a repair, not an error exit (LOOP-107) (122.266212ms)
✔ a review needs commit, a nonempty examined list, and a findings list, each named when missing (LOOP-108) (1492.335839ms)
✔ a decision record missing a header field or naming a missing predecessor is a repair (LOOP-109) (405.671169ms)
✔ a dirty declared input with no in-progress record is named record ahead of run (LOOP-022, LOOP-110) (375.394287ms)
✔ with core.filemode false the index mode is the identity, so a mode-only difference does not refuse the check (LOOP-111) (368.062783ms)
✔ a project below the Git toplevel can run check (LOOP-112) (509.587715ms)
✔ a shallow clone names history to fetch, not a decision to build (LOOP-113) (212.068704ms)
✔ record-writing commands refuse to run outside a Cairn repository and write nothing (LOOP-118) (391.046927ms)
✔ empty footprint names declaration before scope and records no evidence (LOOP-081) (1037.199309ms)
✔ first declaration still checks the full earlier history (LOOP-081) (684.976497ms)
✔ an empty current footprint does not block an explicitly requested existing mechanism (LOOP-081) (494.173903ms)
✔ an inherited mechanism provides a footprint even before local mechanisms exist (409.55524ms)
✔ scope reports every path, escapes line breaks, and gives identical remedies (LOOP-082) (493.057592ms)
✔ scope verdict reuses the answered-escalation annotation (LOOP-048, LOOP-051, LOOP-083) (1085.136613ms)
✔ a committed scope acknowledgment lets restored history proceed (LOOP-083) (1098.388336ms)
✔ scope acknowledgment must be committed before it can clear a breach (1144.385131ms)
✔ ordinary ok does not acknowledge scope history (490.633333ms)
✔ scope escalation refuses unrestored paths and names the restoration remedy (421.107947ms)
✔ an invalid scope request still records an explicitly Blocking decision (260.435366ms)
✔ ask and explanation stay open; only the final committed ok acknowledges scope (1108.431732ms)
✔ instead is visible but does not silently authorize a scope exception (500.925106ms)
✔ later changes to an acknowledged path still block, including later reverts (1530.67798ms)
✔ approval cannot hide another path changed after the snapshot (494.453023ms)
✔ acknowledged history remains conditional on the paths staying restored (721.591355ms)
✔ editing the scope snapshot after answer invalidates its acknowledgment (403.100094ms)
✔ malformed scope metadata cannot suppress a breach (2167.786263ms)
✔ damaged acknowledgment fields cannot suppress a breach (832.615979ms)
✔ scope path matching is literal, including wildcard filenames and control characters (726.565066ms)
✔ scope acknowledgment does not carry into another activation of the same slug (419.135863ms)
✔ restoration checks additions, deletions, executable modes, and symlink kinds (2231.123157ms)
✔ explicit committed retention keeps correct work and requires new evidence and review (LOOP-084, LOOP-085) (3922.096196ms)
✔ a missing declaration covers correct earlier work without retention or revert (742.505744ms)
✔ keep requires scope and an unchanged committed candidate (231.234771ms)
✔ uncommitted retention and instead answers cannot clear the incident (1730.296082ms)
✔ retention does not grant future edits, even when reverted to the approved tree (2155.786263ms)
✔ retention cannot cover another path or another activation (752.081547ms)
✔ imported changes must still match the retained tree (767.009237ms)
✔ retention handles additions, deletions, modes, symlinks, and literal filenames (2752.899689ms)
✔ retention cannot convert an existing restoration answer or accept an unknown mode (600.665332ms)
✔ a check failure after retention remains a failure (1012.066772ms)
✔ retained paths stay part of the stable checked candidate without extending its footprint (927.224574ms)
✔ retention ask needs an explanation and final committed approval (767.489276ms)
✔ an unknown scope mode remains invalid even with a matching approval digest (470.895191ms)
✔ backlog writes the item; a second with the same title is refused, never overwritten (LOOP-016) (239.001726ms)
✔ a commit inside the footprint: check runs; outside it: check names the path and does not run (LOOP-015, LOOP-035) (908.302423ms)
✔ Cairn's records are never a breach; another file under docs/ is (LOOP-117) (1277.870071ms)
✔ declaring the path as an input clears the breach (501.972293ms)
✔ a revert preserves the record of an out-of-scope commit (LOOP-047) (499.609269ms)
✔ a commitment naming a requirement the spec set does not hold as Agreed is repaired (LOOP-029) (130.586568ms)
✔ a requirement in a Draft spec file is not Agreed (117.855019ms)
✔ working agreements and the ignore file are Cairn records (LOOP-035, LOOP-036) (695.311995ms)
✔ the over-asking rule is gone from both skills (SPEC-005, SPEC-006, SPEC-007) (1.655076ms)
✔ a decision during the phase is recorded (DEC-003) (0.146527ms)
✔ understanding is restated before writing (SPEC-003) (0.120681ms)
✔ falsifiers are proposed as one set and confirmed by exception (SPEC-004) (1.245088ms)
✔ depth is inferred and domains derived, never asked or imposed (SPEC-008, SPEC-009) (0.177159ms)
✔ a term enters the glossary at first occurrence (SPEC-010) (0.113263ms)
✔ the phase ends at the first commitment, and later ones are specified during the loop (SPEC-011, SPEC-012) (0.125692ms)
✔ a requirement goes Agreed only with a nameable mechanism (SPEC-013) (0.108687ms)
✔ review before agreement, recording what it attacked (SPEC-014, SPEC-015) (0.194048ms)
✔ no spec file without requirements; nothing Agreed without a falsifier (SPEC-001, SPEC-002) (0.206504ms)
✔ Observed is marked, and is not contract (SPEC-016, SPEC-017) (0.162379ms)
✔ the skills exclude artifacts outside Cairn's workflow (0.186612ms)
✔ the working agreement names the agent's move for each verdict and the write-ahead record (LOOP-036) (0.263626ms)
✔ the working agreement names the developer's moves (LOOP-036, DEC-014) (0.106325ms)
✔ this repository runs by the file it ships (0.447248ms)
✔ both skills write the working agreement without naming a vendor's file (LOOP-002, LOOP-036, PKG-006) (0.131632ms)
✔ the working agreement says what an attempt is (LOOP-036, DEC-017, DEC-018) (0.083707ms)
✔ the working agreement says a failure no footprint change can address is an escalation, and where an inherited requirement is repaired (DEC-019, LOOP-057) (1.247789ms)
✔ the working agreement states the promote, next-iteration, and no-deferral moves (LOOP-029, LOOP-087, LOOP-091, LOOP-092) (0.105979ms)
✔ both skills sort captures into the backlog or next-iteration and forbid deferral (LOOP-029, LOOP-092, LOOP-093) (0.087868ms)
✔ the skill requires a falsifier on every requirement, a MAY included (SPEC-025) (0.082036ms)
✔ the working agreement names the hooks as optional and the install skill registers them for two harnesses (PKG-006, PKG-018, PKG-019) (0.280268ms)
✔ the working agreement says the kernel is upgraded at Done, never inside a commitment (LOOP-096) (1.109493ms)
✔ the next-iteration skill starts from the specification and ends by naming the next commitment (SPEC-026, SPEC-027) (0.951904ms)
✔ every document that names the project skills names next-iteration beside them (SPEC-026, PKG-014) (2.625193ms)
✔ the working agreement states a move for every action the kernel can name (LOOP-101) (2.442299ms)
✔ the working agreement states both record formats and the two flags the moves need (LOOP-036) (0.172358ms)
✔ the skills demonstrate a safe violating example and preserve recon findings (SPEC-022, SPEC-023) (0.075976ms)
✔ the specification skills run the checker through the cairn command (PKG-029) (0.234544ms)
✔ the README invokes the phase skills by name and states versions and platforms (PKG-030, PKG-031) (0.315974ms)
✔ the manual and the walkthrough say the loop promotes backlog items at Done (0.702713ms)
✔ a two-obligation sentence is named (PKG-007) (42.910807ms)
✔ an obligation with no actor is named (PKG-010) (68.784169ms)
✔ a leading condition clause is not the actor, and the actor after it counts (125.723977ms)
✔ an Agreed requirement with no falsifier is named (SPEC-002); a Draft one is not (99.309162ms)
✔ prose after a Draft requirement with no falsifier is not scanned as requirement text (42.874866ms)
✔ a spec declaring a prefix with no requirement is named (SPEC-001) (90.373983ms)
✔ a keyword in backticks or quotes is a mention, not an obligation (80.397789ms)
✔ duplicate identifiers are rejected within a file and across files (SPEC-020) (161.968891ms)
✔ references resolve across files; missing references name their source (SPEC-021) (151.159229ms)
✔ code examples and quoted mentions are neither definitions nor references (83.804975ms)
✔ machine-local paths are findings in prose, links, quotes, and examples (SPEC-019) (757.658858ms)
✔ relative paths, URLs, slash commands, and character mentions are not absolute path findings (57.907818ms)
✔ a slash after a placeholder continues the template (SPEC-019) (143.163598ms)
✔ a host path is a finding until the file declares it (SPEC-019, SPEC-024) (171.510699ms)
✔ declared host paths cover children with a slash boundary and stay file-local (206.564715ms)
✔ a host-path declaration inside a requirement or example grants no exception (192.786264ms)
✔ host-path declarations require absolute or home-relative entries (312.577482ms)
✔ an Agreed block whose only keyword is MAY needs a falsifier like any other (SPEC-025, SPEC-002) (148.688986ms)
✔ a regex literal is not a path, a drive path and a file URL are, and a skill's slash name is allowed (SPEC-028, SPEC-029) (129.3025ms)
✔ a backticked or quoted actor still counts as one (PKG-010) (54.334314ms)
✔ supersede writes both lines, and the old record keeps every word it had (DEC-008, DEC-010) (115.261648ms)
✔ supersede without a cause, or with one outside the four, is refused (DEC-009) (248.047294ms)
✔ supersede of a record that does not exist is refused (179.622698ms)
✔ a predecessor with no title line cannot be stamped, so nothing is written (139.594251ms)
✔ reversals reports counts by decider, cause, and domain (DEC-011) (354.739543ms)
✔ decide in a domain with a reversal is refused without --history, naming the reversal; with it, the record carries History (DEC-012) (324.174109ms)
✔ decide in a domain with no reversals needs no --history (205.924827ms)
✔ a record resting on prose alone is in the domain unspecified, and so is the next one (184.43809ms)
✔ the decider tally normalizes case and whitespace, and names a value outside the vocabulary (DEC-020, DEC-011) (94.434016ms)
✔ a record with no Decided by line is tallied as unrecorded, not as a vocabulary value (98.916661ms)
✔ Decided by written as a list tallies like the flat form, and does not crash the report (LOOP-124, DEC-020) (109.005522ms)
✔ a second declaration for one requirement is accepted, a named check runs every mechanism, and Done needs each to pass (LOOP-056, LOOP-099) (3034.111097ms)
✔ one mechanism's stale evidence names that mechanism, and --stale runs only it (LOOP-056, LOOP-094) (1119.316917ms)
✔ attempts are counted within one mechanism's records, so the other's passes do not reset them (LOOP-100, DEC-016) (2218.225016ms)
✔ step 1: an in-progress record is reconciled before anything else (165.854755ms)
✔ step 2: an open escalation is presented and nothing else happens (179.101595ms)
✔ an answered escalation is not open (779.889824ms)
✔ step 3: a decision with no realized-by is built, first by name (DEC-007) (139.465082ms)
✔ a superseded decision with no realized-by is not work (195.669793ms)
✔ step 6: a mechanism that has never run is run, not implemented (LOOP-008) (167.347793ms)
✔ step 6: a requirement whose mechanism fails is implemented (681.826597ms)
✔ step 6 before step 7: failing evidence outranks a missing mechanism (499.073902ms)
✔ step 7: a requirement with no mechanism is declared (LOOP-106) (155.613602ms)
✔ every verdict names who acts: Resolvable is the agent's, Done needs nobody, Escalate waits for the developer (LOOP-004) (921.406686ms)
✔ malformed roadmap is Resolvable, not fatal (LOOP-005) (101.129934ms)
✔ a commitment naming no requirements is Resolvable (LOOP-018) (88.844537ms)
✔ the primary test: two wakes on the same checkout give the same action, before and after a persisted transition (LOOP-001, LOOP-003) (803.145968ms)
✔ outside a cairn repository wake cannot run (44.55137ms)
✔ the loop never waits on the review queue (DEC-015) (442.593098ms)
✔ the linked walkthrough runs from agreement through the next commitment (PKG-016) (2106.647923ms)
ℹ tests 475
ℹ suites 0
ℹ pass 475
ℹ fail 0
ℹ cancelled 0
ℹ skipped 0
ℹ todo 0
ℹ duration_ms 34209.456695
