✔ a Draft block overrides an Agreed file for both wake and check (SPEC-018) (200.523524ms)
✔ an Agreed block overrides a Draft file in the kernel and lint (SPEC-018, SPEC-002) (624.652855ms)
✔ a block Status does not become the file default, including inside examples (SPEC-018) (363.685537ms)
✔ block status without a value does not inherit Agreed by accident (SPEC-018) (83.531423ms)
✔ inheritance needs a file Scope and includes only Agreed blocks, regardless of prefix (PKG-015) (1880.603155ms)
✔ Scope inside a requirement or fenced example does not declare inheritance (PKG-015) (946.819764ms)
✔ a falsifier wrapped onto a line beginning with Status: does not become the block's status (SPEC-018) (1.187642ms)
✔ with attribution forbidden, an unpushed commit carrying an AI attribution line is named reword before any work; without the policy, or once pushed, it is not (PKG-045) (423.254018ms)
✔ each attribution form is caught, a prose mention is not, and the oldest attributed commit is named first (PKG-045) (597.06959ms)
✔ LOOP-063: reject input mutation during a check and retain diagnostics (461.105883ms)
✔ LOOP-063: reject deletion mutation during a check and retain diagnostics (420.168732ms)
✔ LOOP-063: reject addition mutation during a check and retain diagnostics (385.442089ms)
✔ LOOP-063: reject mode mutation during a check and retain diagnostics (388.159034ms)
✔ LOOP-063: reject specification mutation during a check and retain diagnostics (428.083563ms)
✔ LOOP-063: reject declaration mutation during a check and retain diagnostics (381.97576ms)
✔ LOOP-063: reject commit mutation during a check and retain diagnostics (397.123408ms)
✔ LOOP-063: committed input mutation during execution cannot certify the replacement (391.661376ms)
✔ LOOP-064: removing executable permission makes passing evidence stale (646.905374ms)
✔ LOOP-064: a mode-only change also invalidates the previous review after new evidence (865.559308ms)
✔ LOOP-064: changing a regular file into a link with identical identity bytes is stale (919.462652ms)
✔ LOOP-063: an unchanged candidate still records a pass despite unrelated working-tree edits (222.16994ms)
✔ LOOP-064: current and historical input ordering agrees for Unicode filenames (357.502765ms)
✔ LOOP-063: Git status hiding content changes cannot certify an uncommitted candidate (131.792638ms)
✔ LOOP-066: one check owns execution with a kernel action record (469.63205ms)
✔ LOOP-066: one check owns execution with an agent action record (391.81838ms)
✔ LOOP-066: a live lock is named and never silently overwritten (143.465914ms)
✔ LOOP-066: a dead lock is named and never silently overwritten (153.873557ms)
✔ LOOP-066: a incomplete lock is named and never silently overwritten (143.343408ms)
✔ LOOP-066: an execution error releases the check lock for a corrected rerun (504.518362ms)
✔ LOOP-066: a live kernel action from an older Cairn also blocks execution (75.16285ms)
✔ LOOP-066: separate Git worktrees can run checks independently (487.2388ms)
✔ after a green check --stale runs nothing; after one input changes it runs only that mechanism (LOOP-094) (985.728221ms)
✔ a mechanism speaking for two stale requirements runs once and refreshes both (LOOP-094, LOOP-040) (624.613051ms)
✔ a fresh failure and an unverified result are skipped with implement named (LOOP-094) (651.212879ms)
✔ --stale with a requirement identifier is refused (LOOP-094) (78.787662ms)
✔ check --stale holds back a mechanism whose requirement has three attempts and no escalation, names it, and records nothing (LOOP-094, DEC-016) (2003.797133ms)
✔ check refuses a dirty declared input and names it; a dirty undeclared file does not block (LOOP-030) (438.601212ms)
✔ check writes one receipt per run carrying the full record and a result line per requirement (LOOP-097) (306.538741ms)
✔ a nonzero exit records fail, and the receipt keeps the exit code (LOOP-034) (334.289118ms)
✔ a pass after a fail keeps the failing record; nothing is overwritten or deleted (LOOP-025) (644.716163ms)
✔ a commit changing a declared input makes evidence stale; an undeclared one does not (LOOP-007) (973.777738ms)
✔ a regression is named before a requirement that never passed (LOOP-031) (1029.918213ms)
✔ three attempts with no escalation since: wake says escalate, not a fourth (DEC-016, DEC-017, DEC-018) (2283.573228ms)
✔ the review gate: no review, stale review, open finding, then Done (LOOP-020, LOOP-033) (1079.38967ms)
✔ Done is refused while any requirement lacks current passing evidence (LOOP-017) (112.619696ms)
✔ check names a requested requirement that no mechanism claims (83.779355ms)
✔ check writes the in-progress record before the run and clears it after (LOOP-021) (182.074799ms)
✔ a linked declared input digests the same at a commit and in the tree (LOOP-023, LOOP-024) (419.524952ms)
✔ a result line is the mechanism's statement about one requirement; what it did not mention is unverified (LOOP-037, LOOP-052) (191.934748ms)
✔ a mechanism that says nothing is read by its exit code for every requirement (LOOP-039) (184.841352ms)
✔ unverified is not an attempt, and a return to an earlier failed digest counts once (DEC-017, DEC-018) (1668.163221ms)
✔ a result line for a requirement the mechanism does not speak for is named and writes nothing (LOOP-038) (293.905489ms)
✔ a result line inside ordinary output, or without the marker, does not count (206.535713ms)
✔ a targeted check runs the named requirements' mechanisms and records every requirement they speak for (LOOP-040) (160.005241ms)
✔ two result lines for one requirement: a fail on any line wins (177.53388ms)
✔ three runs at one digest with no attempt since: the verdict stays implement and names DEC-019; an escalation naming it among others clears the hint (DEC-019, LOOP-053) (829.305845ms)
✔ a receipt names its commit in full, and an older receipt with the short form is still read (LOOP-136) (260.937223ms)
✔ a change only to a document its declaration lists leaves the review fresh and the evidence stale; a change to another input makes the review stale (LOOP-141) (1001.97799ms)
✔ a complete commitment with an unpromoted backlog item names promote, and a stamped item lets it reach Done (LOOP-087) (975.373818ms)
✔ an empty backlog with waiting next-iteration items is Done, with the count as information and no action on them (LOOP-091) (854.580986ms)
✔ a promotion marker must resolve to a decision record (LOOP-088) (278.439478ms)
✔ a commitment promoted from an item needs a decision record naming the item (LOOP-088) (251.6354ms)
✔ the spec lint reports a promotion marker with no decision record (LOOP-088) (88.235704ms)
✔ a promoted commitment that changes an Agreed requirement or the working agreement is an escalation; an unpromoted one is not (LOOP-089, LOOP-090) (1736.44033ms)
✔ a capture from one of the commitment's own requirements needs Outside because: or an escalation (LOOP-092) (1737.654548ms)
✔ a next-iteration item names what it would change, and the capture refuses one that does not (LOOP-093) (451.690754ms)
✔ a commitment specified from a next-iteration item needs the item stamped before anything else (SPEC-027) (522.677945ms)
✔ a by deference marker resolves to a decision record like a promotion marker (SPEC-002, LOOP-088) (198.011034ms)
✔ the LOOP-090 gate reads the Concerns line, not the slug as a substring (LOOP-114) (545.113928ms)
✔ the LOOP-088 check reads the Promotes line, and decide --promotes writes it (LOOP-115) (232.645489ms)
✔ the activation commit of a promoted commitment is inside the LOOP-089 comparison (LOOP-116) (138.760416ms)
✔ the LOOP-090 route needs one escalation: its Concerns line covers the moved item too (LOOP-119, LOOP-092, LOOP-114) (584.546703ms)
✔ an escalation raised before the promoted commitment began does not silence the LOOP-090 gate (LOOP-114) (330.334096ms)
✔ an escalation raised before the commitment began does not silence the capture gate (LOOP-119) (321.048378ms)
✔ the activation commit is inside the scope footprint (LOOP-120) (113.021176ms)
✔ a requirement Agreed at activation that is demoted or removed is a contract change (LOOP-121) (724.801077ms)
✔ the include files are the root files that hold @AGENTS.md: exempt from the footprint, compared by the gate (LOOP-122) (1223.837891ms)
✔ a superseded promotion no longer satisfies the LOOP-088 check, and the repair says the promotion was reversed (LOOP-123) (441.27216ms)
✔ the restore route measures from the tree before activation, so a path the activation commit added must go (LOOP-120, LOOP-035) (157.660448ms)
✔ the loop works against exactly one commitment: the current one (LOOP-019) (372.17135ms)
✔ a promotion recorded below Consequential is a repair naming the level, since the developer never sees it in the queue (LOOP-088) (61.754591ms)
✔ every requirement the node-test declaration speaks for is named in a test title (PKG-025) (3.93127ms)
✔ every repository path the tests read is a declared input of node-test (PKG-026) (1.154693ms)
✔ writes a record with every required field and an empty realized-by (DEC-001, DEC-005) (71.2824ms)
✔ a Consequential decision is queued for review (DEC-013) (91.756153ms)
✔ a Consequential decision is queued even when .cairn/queue does not exist yet (76.988963ms)
✔ Routine is refused: routine decisions produce no record (80.679976ms)
✔ a missing field is a usage error and nothing is written (79.681489ms)
✔ supersedes requires a classified cause, and the old record must exist (191.157964ms)
✔ an existing record is not overwritten (132.380819ms)
✔ a queued decision stays queued; nothing but the developer removes it (DEC-014) (197.379422ms)
✔ each accepted decider is stored lowercase, whatever case it was typed in (DEC-020) (507.774115ms)
✔ a decider outside the vocabulary is a usage error naming all three, and nothing is written (DEC-020) (446.998058ms)
✔ an empty --decided-by is the missing-field error, not the vocabulary one (74.57742ms)
✔ LOOP-006, LOOP-067: missing inputs names a declaration repair before execution (142.517205ms)
✔ LOOP-006, LOOP-067: empty inputs names a declaration repair before execution (158.08118ms)
✔ LOOP-006, LOOP-067: missing command names a declaration repair before execution (176.334602ms)
✔ LOOP-006, LOOP-067: list command names a declaration repair before execution (141.639237ms)
✔ LOOP-006, LOOP-067: empty command names a declaration repair before execution (148.702564ms)
✔ LOOP-006, LOOP-067: missing requirements names a declaration repair before execution (145.296689ms)
✔ LOOP-006, LOOP-067: bad identifier names a declaration repair before execution (145.517006ms)
✔ LOOP-067: scalar one-item lists retain their existing meaning (299.878516ms)
✔ LOOP-068: a unpopulated gitlink is refused by name (186.413047ms)
✔ LOOP-068: a populated gitlink is refused by name (186.756613ms)
✔ LOOP-069: identical selections across 100 mechanisms use at most 20 Git processes (172.552793ms)
✔ --defect needs --from naming an Agreed requirement, and writes Defect: yes (LOOP-140) (259.134753ms)
✔ an unfixed defect is named fix before a promotable item, and counts as fixed only with passing evidence at or after its commit and no Agreed text changed (LOOP-087, LOOP-140) (2027.974586ms)
✔ escalate writes the six-line format followed by its facts, and wake presents it (LOOP-010, LOOP-026) (111.558763ms)
✔ a missing or multi-line field is refused with the field named, and nothing is written (LOOP-012) (138.723221ms)
✔ a Blocking escalation that fails the format is written anyway, naming the malformed field (LOOP-013) (153.624401ms)
✔ the loop stops for the developer only at Blocking: a recorded decision below it never yields Escalate, and the Blocking bypass must be spelled exactly (DEC-002) (325.827545ms)
✔ a second escalation while one is open is refused (LOOP-011) (119.927281ms)
✔ answer records the reply; wake no longer presents it; a second answer is refused (254.747656ms)
✔ answer to an unknown escalation is refused (77.779392ms)
✔ a stranger resumes from the file alone: question and answer are both in it (LOOP-014) (116.960875ms)
✔ a developer-shaped answer during the agent's turn is refused and writes nothing; the explanation is still accepted (LOOP-135) (683.952387ms)
✔ after an answer, the same concern can be escalated again under a new name (191.957175ms)
✔ an escalation exists when its file does, committed or not (LOOP-009) (79.914672ms)
✔ developer answers require one of the three forms and cannot inject fields (LOOP-048) (615.996273ms)
✔ ask, agent explanation, another ask, and ok stay ordered in one file (LOOP-049, LOOP-050, LOOP-014) (835.790636ms)
✔ fresh closed answers accompany only concerned requirements until new evidence (LOOP-051) (721.045086ms)
✔ a raised escalation carries no derivable status line, and an old record with one still parses (LOOP-028) (167.965175ms)
✔ LOOP-065: delete of output refuses Done and a new run recovers (1200.002844ms)
✔ LOOP-065: corrupt of output refuses Done and a new run recovers (1298.517342ms)
✔ LOOP-065: delete of stderr_output refuses Done and a new run recovers (1211.766459ms)
✔ LOOP-065: corrupt of stderr_output refuses Done and a new run recovers (977.164909ms)
✔ LOOP-065: a receipt without output needs a new check (493.735666ms)
✔ LOOP-065: a receipt without output_digest needs a new check (547.706022ms)
✔ LOOP-065: a receipt without stderr_output needs a new check (508.347039ms)
✔ LOOP-065: a receipt without stderr_digest needs a new check (435.29614ms)
✔ LOOP-065: legacy unverifiable output is rerun without rewriting history (751.179828ms)
✔ a fresh record names the kernel that wrote it (LOOP-023) (319.573216ms)
✔ LOOP-095: a record from another kernel is stale with the kernel named, and a new check restores Done (757.53345ms)
✔ LOOP-095: a record from no kernel is stale with the kernel named, and a new check restores Done (710.229567ms)
✔ LOOP-070: a later failure is latest even when the clock moves backward (946.02222ms)
✔ LOOP-070: receipt collisions at one clock instant retain execution order beyond nine suffixes (3699.942995ms)
✔ LOOP-070: imported branch receipts stale a later sequence until a new check incorporates them (1253.500893ms)
✔ LOOP-070, LOOP-098: legacy receipts need one ordered check, remain byte-for-byte unchanged, and precede the run receipt in the history (573.561763ms)
✔ LOOP-070: edit of a prior receipt requires fresh evidence (470.722906ms)
✔ LOOP-070: remove of a prior receipt requires fresh evidence (485.305121ms)
✔ LOOP-075: supporting evidence file README.md does not become a receipt (538.139214ms)
✔ LOOP-075: supporting evidence file notes.txt does not become a receipt (507.210741ms)
✔ LOOP-075: supporting evidence file support does not become a receipt (497.641787ms)
✔ LOOP-075: supporting evidence file .DS_Store does not become a receipt (523.422736ms)
✔ LOOP-075: a malformed result line (result=success) names a repair before execution (396.75156ms)
✔ LOOP-075: a malformed result line (sequence=NaN) names a repair before execution (492.822869ms)
✔ LOOP-075: a malformed result line (sequence=9007199254740992) names a repair before execution (336.527093ms)
✔ LOOP-075: a malformed result line (history_digest=wrong) names a repair before execution (303.630407ms)
✔ LOOP-075: a malformed result line (tokens) names a repair before execution (286.903121ms)
✔ LOOP-075: a receipt-shaped directory is a named repair instead of an EISDIR crash (262.990973ms)
✔ LOOP-070: an earlier escalation cannot cover three new attempts after clock rollback (894.085867ms)
✔ LOOP-070: an answer becomes old after a later check even if that check's timestamp is earlier (570.136016ms)
✔ LOOP-070: the newest answer wins between checks even when its clock timestamp is older (412.607651ms)
✔ LOOP-070: legacy escalation dates cover old receipts but not three newer sequenced runs (1398.279341ms)
✔ a PKG requirement the commitment does not name is declared, run, and gates Done (PKG-011) (1822.642976ms)
✔ a PKG requirement in a Draft spec is not folded in (548.152145ms)
✔ LOOP-076, LOOP-079: stale inputs identify the receipt and the check to run (706.98759ms)
✔ LOOP-077: names a content change using checked input identity (659.153523ms)
✔ LOOP-077: names a mode change using checked input identity (657.685227ms)
✔ LOOP-077: names a kind change using checked input identity (703.798731ms)
✔ LOOP-077: names a added change using checked input identity (659.620497ms)
✔ LOOP-077: names a removed change using checked input identity (585.251695ms)
✔ LOOP-077: names a link-target change using checked input identity (828.657377ms)
✔ LOOP-077: changed selection compares the old and new input sets (497.109825ms)
✔ LOOP-077: raw CRLF changes remain visible when Git-clean content agrees (544.546151ms)
✔ LOOP-077: detail output is sorted, bounded, and reports the omitted count (513.431029ms)
✔ LOOP-077: filenames cannot inject lines or terminal controls into explanations (400.224358ms)
✔ LOOP-077: receipts from one run share details and do not store source contents (343.216961ms)
✔ LOOP-078, LOOP-080: legacy optional detail limits explanation without changing standing (545.773762ms)
✔ LOOP-078, LOOP-080: invalid-field optional detail limits explanation without changing standing (515.677518ms)
✔ LOOP-078, LOOP-080: missing optional detail limits explanation without changing standing (499.508439ms)
✔ LOOP-078, LOOP-080: invalid-json optional detail limits explanation without changing standing (522.724484ms)
✔ LOOP-078, LOOP-080: mismatched optional detail limits explanation without changing standing (527.876765ms)
✔ LOOP-078, LOOP-080: duplicate optional detail limits explanation without changing standing (706.061194ms)
✔ LOOP-078, LOOP-080: unsafe-path optional detail limits explanation without changing standing (515.914768ms)
✔ LOOP-078, LOOP-080: directory optional detail limits explanation without changing standing (456.016484ms)
✔ LOOP-078, LOOP-080: symlink optional detail limits explanation without changing standing (483.082894ms)
✔ LOOP-078: unavailable old requirement text is not claimed as a proven change (377.647904ms)
✔ LOOP-076, LOOP-079: changed requirements identify evidence and retain review-before-check guidance (352.598975ms)
✔ LOOP-078: simultaneous input and output damage keep both reasons (370.111216ms)
✔ LOOP-080: deterministic freshness sequence seed=7 (9318.635716ms)
✔ LOOP-080: deterministic freshness sequence seed=42 (6272.434662ms)
✔ LOOP-080: deterministic freshness sequence seed=913 (5323.02669ms)
✔ LOOP-080: agreement changes, mechanism review, checks, and completion review retain priority (1298.080031ms)
✔ LOOP-080: imported receipt history demands a rerun without a false input explanation (1370.19496ms)
✔ LOOP-073: clean CRLF input completes under attributes (594.455331ms)
✔ LOOP-073: clean CRLF input completes under autocrlf (529.418835ms)
✔ LOOP-073: raw line-ending mutation during a run is rejected even when Git still sees the same content (244.155609ms)
✔ LOOP-073: execution evidence changes when clean conversion preserves committed identity (1025.448018ms)
✔ LOOP-073: Git clean filters use Git's conversion while retaining raw evidence identity (595.77267ms)
✔ LOOP-073: failure of a required Git filter cannot record evidence (134.971087ms)
✔ LOOP-073: a clean filter moving HEAD during ending validation prevents evidence (662.372261ms)
✔ LOOP-073: canonical Git identities handle links without reading their targets (471.471344ms)
✔ LOOP-073: Git conversion keeps raw Unicode and control-character input paths (424.924666ms)
✔ LOOP-073: conversion and links work in a SHA-256 Git repository (393.616549ms)
✔ LOOP-074: historical specification filename "café.md" remains reviewable (415.141705ms)
✔ LOOP-074: historical specification filename "spec\ttab.md" remains reviewable (430.078517ms)
✔ LOOP-074: historical specification filename "spec\nline.md" remains reviewable (399.09513ms)
✔ help works outside a repository without running a command (PKG-017) (926.829823ms)
✔ help does not hide invalid options or consume literal arguments (204.423421ms)
✔ help lists the lint command (PKG-017) (50.092312ms)
✔ a working directory that no longer exists is named as the failure, and git is not blamed (PKG-041, PKG-022) (165.307662ms)
✔ the stop hook refuses a stop while wake says Resolvable, with the verdict as the reason (PKG-018) (188.853719ms)
✔ the stop hook allows a stop at Done, at Escalate, and outside a Cairn repository (PKG-018) (1006.884241ms)
✔ the session-start hook links the command once and prints the verdict in a Cairn repository (PKG-019, PKG-014, PKG-005) (416.4312ms)
✔ the session-start hook prints no verdict outside a Cairn repository and leaves an existing link that resolves alone (PKG-019) (59.488302ms)
✔ a checkout under a path with a space links a command that resolves, and its stop hook still blocks (PKG-019, PKG-021) (366.096263ms)
✔ the hooks run the kernel the command link resolves to, so hook and agent share one referee (PKG-021) (1061.617721ms)
✔ a dangling link is replaced and reported (PKG-019) (191.013191ms)
✔ errors exit 0 with one line on standard error and no stack trace (PKG-022) (206.951128ms)
✔ the hooks judge with the cairn on PATH, a wrapper included, and session-start names it (PKG-033) (1046.862462ms)
✔ a link to a wrapper or file is kept; a dangling link or one to a directory is replaced (PKG-034) (377.907887ms)
✔ a project below the Git toplevel gets the verdict and the stop refusal (PKG-035) (299.053514ms)
✔ a kernel that prints no verdict is one stderr line: the stop is allowed and session-start prints no trace (PKG-036) (165.425081ms)
✔ a link that cannot be created is one stderr line, and the verdict still prints (PKG-019, PKG-022) (143.829325ms)
✔ with git absent the hooks say so in one line and block nothing (PKG-022) (87.960541ms)
✔ stop_hook_active true no longer lets a Resolvable stop through: the hook still refuses (PKG-018) (140.576133ms)
✔ receipts written by the project's own kernel are judged with it, not with a different cairn on PATH (PKG-033, PKG-021) (427.40687ms)
✔ the fourth stop on an unchanged verdict, commit and tree goes through with a message and a stop record; each refusal names cairn escalate (PKG-043, PKG-044) (442.924982ms)
✔ progress resets the count, a commit or an edited file alike, and each session counts on its own (PKG-043) (1207.278931ms)
✔ no report, one for another commitment, at another commit, or at a value that is not a commit names a new reviewer; an uncommitted review is committed first (LOOP-020) (1584.292585ms)
✔ an old report re-dated, however it is edited, does not name the new commit and names a new reviewer; a new report with the same words does not (LOOP-020) (1359.751501ms)
✔ each finding is carried by the one line citing its number and beginning with its words; malformed reports are repairs (LOOP-020) (3945.900661ms)
✔ citations name their report's commit, so rounds never collide and an old line never carries a new finding; a wrapped review line is its own repair (LOOP-020) (886.0672ms)
✔ a finding that quotes a citation in its own words is carried by copying it, and an uncited wrapped line is no repair when there is nothing to carry (LOOP-020) (595.370467ms)
✔ a citation that is not last on its line is refused as such, and a finding ending with a citation is carried in the short form (LOOP-020) (837.667674ms)
✔ a report written or changed on disk but not committed is named commit, never judged as the committed one (LOOP-020) (606.226685ms)
✔ the findings list is read from the record's text: blank lines between entries, a wrapped entry, any bullet, and a blank line inside examined: lose nothing; a list after a heading stays unread (LOOP-020, LOOP-086, LOOP-071) (1499.764964ms)
✔ the reader reads a numbered or nested list and a blank line in examined:, and names a line it cannot read rather than reading nothing (LOOP-086, LOOP-020) (1042.340796ms)
✔ a line the reader cannot read is named whenever an entry follows it, in the review and in the report, and a finding under a heading is named (LOOP-086, LOOP-020) (1484.905806ms)
✔ a margin line that only looks like a field never ends a list in silence (LOOP-086, LOOP-020) (1106.959997ms)
✔ a field name repeated inside a list is named, the report's findings under a heading are named beside a list, and the repair offers the fix that keeps the finding (LOOP-020, LOOP-086) (920.068848ms)
✔ a Reviewer: line inside a list is named, and an honest record with a findings-titled heading is read (LOOP-020, LOOP-086) (811.054248ms)
✔ a record that declares findings: [] keeps a bulleted body as prose, as this repository's own reviews are written (LOOP-086, LOOP-020) (415.957275ms)
✔ a field name in another case never ends a list in silence, a record with its fields out of order is told to reorder them, and a citation names only a finding the report made (LOOP-086, LOOP-020, LOOP-108) (916.158719ms)
✔ a citation of zero is a citation, a field ends a list however it is spaced, a heading may be underlined, a blank line before a continuation is nothing, and a doubled commit: line does not name the commit (LOOP-020, LOOP-086, LOOP-108) (1136.98429ms)
✔ a rule under a field line is not a heading, the hint names a heading of either form, and an earlier report's citation on a carrying line is history (LOOP-020, LOOP-108) (1302.174365ms)
✔ a title that ends with a colon is still a heading, a report whose fields sit below a heading or prose is repaired rather than discarded, and the repair names the form the kernel reads (LOOP-020, LOOP-086, LOOP-108) (950.018477ms)
✔ a report for another commitment or commit is replaced even when its fields sit below a heading, a quoted field line does not replace the real one, a rule under any field is a rule, and the review is told what the report is told (LOOP-020, LOOP-108) (988.653214ms)
✔ an underline makes a heading of the line above it unless that line is an entry or the record's own field, an unread field is named where it sits, a field spelled another way is named, and the findings-titled repair names retitling (LOOP-020, LOOP-086, LOOP-108) (1545.687425ms)
✔ cairn lint runs the checker over docs/spec by default and over a named directory (PKG-028) (197.614239ms)
✔ cairn lint names a missing directory in one line, takes one argument, and reports a bad root (PKG-028) (209.386922ms)
✔ three megabytes are retained exactly once with matching digests (LOOP-041, LOOP-042) (437.660747ms)
✔ split stdout result lines survive a long non-result line; stderr is never a verdict (320.417526ms)
✔ signal termination is recorded and logs survive a clone (LOOP-043) (311.45239ms)
✔ working agreements and ignore changes are Cairn records inside the footprint (349.766832ms)
✔ a clean package passes (109.432504ms)
✔ PKG-001: a dependency, or a service manifest (192.093378ms)
✔ PKG-002: ignoring evidence or other durable state, by directory or by extension (153.534214ms)
✔ PKG-003: a command, a directory, or a record kind no decision names (266.929982ms)
✔ PKG-004: a kernel over 1900 lines, counting every file under bin/ as wc -l does; exactly 1900 passes (301.597696ms)
✔ PKG-006: a skill step naming a vendor's product, in either order, across a wrapped list item (PKG-027) (326.645324ms)
✔ PKG-008: a non-ASCII character in a tracked text file (77.995795ms)
✔ PKG-009: the kernel importing from tests (74.957903ms)
✔ PKG-012: a network call or a model client in the kernel, but not a vendor's name in text (293.375674ms)
✔ PKG-013: deferral language, but not in code, quotes, or a rule (570.74414ms)
✔ a tracked path deleted from the working tree is skipped, not a crash (74.264692ms)
✔ a sentence in a Formats section is not a record kind (81.213089ms)
✔ a record kind named by its path alone is checked (92.651696ms)
✔ PKG-002: a tracked in-progress record (75.957633ms)
✔ PKG-002: ignoring evidence alone is a finding (59.243586ms)
✔ PKG-003 reads the kernel's commands from its help output (PKG-023) (118.858137ms)
✔ the ASCII scan covers shipped files, not records under .cairn/ (PKG-024) (78.155924ms)
✔ a vendor-naming step wrapped across lines is matched (PKG-006, PKG-027) (80.214512ms)
✔ PKG-013 scans the README, the manual, and the walkthrough (PKG-032) (206.685763ms)
✔ the manifests, the listing and package.json agree on the name and version, and name paths the repository holds (PKG-037) (1.636471ms)
✔ the hooks file registers session-start and stop against the plugin's own hook.mjs through the plugin root variable (PKG-038) (0.203074ms)
✔ a Muse hook entry whose shared hook is missing prints one line and exits 0 (PKG-041, PKG-022) (73.216777ms)
✔ the registered commands print the verdict at session start, link the command into the plugin, and refuse a stop while wake says Resolvable (PKG-038, PKG-021) (390.896777ms)
✔ LOOP-071: decision body metadata does not resolve unbuilt work: "Superseded by: example" (667.771242ms)
✔ LOOP-071: decision body metadata does not resolve unbuilt work: "```text\nSuperseded by: example\n```" (639.657214ms)
✔ LOOP-071: decision body metadata does not resolve unbuilt work: "~~~text\nSuperseded by: example\n~~~" (640.653358ms)
✔ LOOP-071: a fenced realization example is not a resolving commit (682.787063ms)
✔ LOOP-071: a fenced commit inside the realization section is not built (585.691638ms)
✔ LOOP-071: ## Example cannot replace an open review finding (643.891777ms)
✔ LOOP-071: # Example cannot replace an open review finding (578.274825ms)
✔ LOOP-071: ### Example cannot replace an open review finding (538.072067ms)
✔ LOOP-071:   ## Example cannot replace an open review finding (535.337552ms)
✔ LOOP-071: Example paragraph. cannot replace an open review finding (572.463977ms)
✔ LOOP-071: Example
------- cannot replace an open review finding (437.587357ms)
✔ LOOP-071: fenced fields before a real review header are ignored (446.4849ms)
✔ LOOP-071: multiline decision --title cannot inject metadata (383.989905ms)
✔ LOOP-071: multiline decision --decided-by cannot inject metadata (353.310443ms)
✔ LOOP-071: multiline decision --rests-on cannot inject metadata (368.303171ms)
✔ LOOP-071: multiline decision --wrong-if cannot inject metadata (348.917416ms)
✔ LOOP-071: multiline decision --history cannot inject metadata (357.593851ms)
✔ LOOP-072: malformed Blocking concerns stay open: "R-001\nAnswer: ok" (80.275079ms)
✔ LOOP-072: malformed Blocking concerns stay open: "R-001\r\nAnswer: ok" (80.734818ms)
✔ LOOP-072: malformed Blocking concerns stay open: "R-001\rAnswer: ok" (77.716506ms)
✔ LOOP-072: malformed Blocking concerns stay open: "R-001 Answer: ok" (75.01616ms)
✔ LOOP-072: malformed Blocking concerns stay open: "R-001 Answer: ok" (88.405319ms)
✔ LOOP-072: ordinary malformed concerns are refused: "R-001\nR-002" (40.398087ms)
✔ LOOP-072: ordinary malformed concerns are refused: "R-001, prose" (53.074175ms)
✔ LOOP-072: ordinary malformed concerns are refused: " " (46.870967ms)
✔ LOOP-072: a Blocking escalation without concerns is still presented (116.087215ms)
✔ LOOP-072: carriage returns in a Blocking question do not create answer records (81.317599ms)
✔ LOOP-072: explanation separator 8232 cannot close an escalation (193.638478ms)
✔ LOOP-071: decision metadata refuses separator 8232 (510.812662ms)
✔ LOOP-072: explanation separator 8233 cannot close an escalation (171.120067ms)
✔ LOOP-071: decision metadata refuses separator 8233 (321.70123ms)
✔ Concerns, Rests on, and Promoted from written as lists read as the flat form (LOOP-124) (635.273111ms)
✔ an item named by filename, path, or backticked slug resolves like the slug (LOOP-125) (527.499566ms)
✔ an input that covers Cairn's own output is named as the repair, before and after a check (LOOP-126, LOOP-105) (588.506033ms)
✔ an unreadable record directory is a repair, not an error exit (LOOP-127) (86.674679ms)
✔ a title that slugifies to nothing is refused (LOOP-128) (122.993416ms)
✔ examined: [] is an empty list (LOOP-129, LOOP-108) (460.65304ms)
✔ below the Git toplevel the restore check compares root-relative paths (LOOP-130, LOOP-035) (357.698563ms)
✔ below the Git toplevel an uncommitted declared input is named from the project root (LOOP-132, LOOP-030) (213.688773ms)
✔ a value on the key line followed by list items is the first item, never dropped (LOOP-133) (672.172585ms)
✔ the footprint's walk reads Current: as the wake does: a fenced example below the real line, or a second line in history, never moves the start (LOOP-134, LOOP-035) (315.873932ms)
✔ an input spelled .. from a project below the Git toplevel covers the evidence directory (LOOP-126, LOOP-105) (91.93523ms)
✔ a Consequential record this commitment added needs its queue entry committed (LOOP-131, DEC-004) (484.935675ms)
✔ a mechanism that removes the check lock still gets its evidence, with no repair for the lock (LOOP-107) (232.271501ms)
✔ a staged rename reads as its two paths, never as a bare origin token (LOOP-030, LOOP-110) (113.149184ms)
✔ a Current: line inside a fenced example is neither a second Current: line nor the commitment, before or after the real line (LOOP-104) (190.986978ms)
✔ a Status: word is taken only from a line that carries one, never from wrapped prose after it (SPEC-018) (1.008159ms)
✔ the placeholder left above a resolving entry is a repair naming the file (DEC-021) (220.870089ms)
✔ the placeholder alone is a decision recorded and not yet built, unchanged (DEC-007) (77.435722ms)
✔ resolving entries with no placeholder are unchanged (DEC-006) (150.809413ms)
✔ a shallow clone that cannot resolve its entries is still told to fetch, not to edit (LOOP-113 keeps precedence) (121.366011ms)
✔ the placeholder quoted in a fenced example does not make a built record a repair (DEC-021) (125.870554ms)
✔ supersede takes the same decider vocabulary as decide (DEC-020) (107.310319ms)
✔ a superseded record is held to the same line: its placeholder above a resolving entry is a repair (DEC-021, DEC-010) (195.050813ms)
✔ realize() touches only the Realized by section; a body that quotes the placeholder keeps it (118.310551ms)
✔ an untracked file under a declared input is not a change under way; check still refuses beside it and names .gitignore (LOOP-110, LOOP-030) (200.539149ms)
✔ an unmatched input is refused before execution (LOOP-044) (198.307632ms)
✔ an indexed input deleted on disk asks for a commit (LOOP-045) (143.485328ms)
✔ wake and check require a Git working tree (LOOP-046) (135.408896ms)
✔ recovery removes only dead kernel run records and identifies a live owner (LOOP-054, LOOP-055) (300.045305ms)
✔ an agent action based behind a clean HEAD appears committed (LOOP-027) (193.474505ms)
✔ realization needs a real commit and a subject (DEC-006) (269.516883ms)
✔ 1500 binary inputs digest identically at the review commit in under a second (LOOP-024) (1516.882789ms)
✔ merged work is excluded but a later own commit is a breach (LOOP-047) (269.730374ms)
✔ exact Current tenure ignores prefix matches and earlier visits to the same slug (LOOP-035) (302.092242ms)
✔ a kernel run records its supervising PID (LOOP-054) (281.177253ms)
✔ a merged declared input still stales evidence (LOOP-047) (444.585384ms)
✔ wildcard and magic pathspecs select the same historical inputs (LOOP-024, LOOP-032) (2332.650321ms)
✔ historical selection retains deleted files and excludes new ones (LOOP-024, LOOP-035) (1318.700447ms)
✔ cairn --version prints the package.json version outside a repository, and help lists it (PKG-039) (155.266659ms)
✔ a release is one commit setting one version in the five files, with the changelog entry, tagged v<version> (PKG-040) (1047.037962ms)
✔ the release script refuses a bad version, no increase, a dirty tree, a missing entry, a taken tag, a disagreeing file, and a loop not at Done, each in one line with nothing written (PKG-040) (1868.69227ms)
✔ a version file written as compact JSON is released, and nothing else in any version file changes (PKG-042) (1363.952541ms)
✔ with attribution forbidden, the release script refuses an unpushed commit carrying an AI attribution line (PKG-045) (576.931719ms)
✔ explicit reporting with no lines and exit 0 establishes no requirement verdicts (LOOP-061) (463.139359ms)
✔ explicit reporting with no lines and exit 1 establishes no requirement verdicts (LOOP-061) (404.914181ms)
✔ a reporter that cannot start keeps execution diagnostics without blaming requirements (LOOP-062) (281.232584ms)
✔ large output cannot kill a reporter or invent a requirement verdict (345.553639ms)
✔ explicit mode ignores cairn: R-999: pass (290.839217ms)
✔ explicit mode ignores cairn: R-001: unverified (317.220967ms)
✔ explicit mode ignores cairn: R-001: passed (323.950492ms)
✔ explicit results survive nonzero exit and contradictory duplicates still fail (613.069716ms)
✔ unverified results across changed inputs never become failed attempts (1489.472712ms)
✔ legacy exit 0 retains its interpretation (221.844964ms)
✔ legacy exit 1 retains its interpretation (224.040208ms)
✔ a misspelled reporting mode is refused before execution (120.575341ms)
✔ changed requirement blocks unchecked reruns and makes the completion review stale (LOOP-058, LOOP-059) (1860.554899ms)
✔ falsifier changes need review; separate rationale and other requirements do not change a receipt (1334.336684ms)
✔ legacy receipts recover requirement identity from their commit; unavailable history requires review (1029.725329ms)
✔ check refuses uncommitted requirement text and mechanism review markers (816.552797ms)
✔ tightened response limit cannot reuse the old passing check (1482.956126ms)
✔ a declared input over 1 MiB agrees at a commit and in the tree (LOOP-060) (483.923851ms)
✔ a failed Git blob read cannot be hashed as an empty blob (422.455096ms)
✔ Git listings over 1 MiB include the last declared input (2164.999885ms)
✔ requirement identity excludes fenced examples and status dates (775.500141ms)
✔ DemonCoder REM-002 and Status in progress cannot silently satisfy the review gate (LOOP-086) (785.472402ms)
✔ valid open findings retain their behavior (508.896213ms)
✔ valid resolved findings retain their behavior (576.566925ms)
✔ valid empty findings retain their behavior (566.239242ms)
✔ valid mixed valid findings retain their behavior (479.591727ms)
✔ malformed finding "open:" requires repair (445.844411ms)
✔ malformed finding "resolved:   " requires repair (450.333101ms)
✔ malformed finding "Open: incorrect case" requires repair (398.037024ms)
✔ malformed finding "unknown: issue" requires repair (365.078428ms)
✔ malformed finding "\u001b[31mBAD: issue" requires repair (363.834115ms)
✔ the established explicit empty findings list remains valid (394.415923ms)
✔ a scalar findings value requires the supported list format (401.187583ms)
✔ check runs a mechanism when a requirement outside the commitment was revised, and asks for the review once a commitment includes it (LOOP-059) (904.678281ms)
✔ a Requirements: line written as a list is read like the flat form (LOOP-102) (131.690082ms)
✔ a subdirectory or a README in a record directory changes nothing (LOOP-103) (581.786852ms)
✔ two Current: lines are a roadmap repair (LOOP-104) (76.534659ms)
✔ a repeated identifier, an input under the evidence directory, and a missing cwd are refused by name (LOOP-105) (437.876824ms)
✔ a requirement whose evidence outlives its mechanism is named declare, not a regression or an escalation (LOOP-106) (1073.530688ms)
✔ an unreadable record is a repair, not an error exit (LOOP-107) (84.057955ms)
✔ a review needs commit, a nonempty examined list, and a findings list, each named when missing (LOOP-108) (1029.640946ms)
✔ a decision record missing a header field or naming a missing predecessor is a repair (LOOP-109) (312.843138ms)
✔ a dirty declared input with no in-progress record is named record ahead of run (LOOP-022, LOOP-110) (234.857402ms)
✔ with core.filemode false the index mode is the identity, so a mode-only difference does not refuse the check (LOOP-111) (237.423621ms)
✔ a project below the Git toplevel can run check (LOOP-112) (248.756701ms)
✔ a shallow clone names history to fetch, not a decision to build (LOOP-113) (149.464663ms)
✔ record-writing commands refuse to run outside a Cairn repository and write nothing (LOOP-118) (226.900979ms)
✔ a git that cannot start is one line and exit 3 from wake and from check, with nothing recorded (LOOP-137) (83.857086ms)
✔ an unexplained or uncommitted stop record is named explain before any other action; explained and committed, the wake moves on (LOOP-139) (325.512943ms)
✔ empty footprint names declaration before scope and records no evidence (LOOP-081) (588.701442ms)
✔ first declaration still checks the full earlier history (LOOP-081) (363.028023ms)
✔ an empty current footprint does not block an explicitly requested existing mechanism (LOOP-081) (331.311825ms)
✔ an inherited mechanism provides a footprint even before local mechanisms exist (226.846035ms)
✔ scope reports every path, escapes line breaks, and gives identical remedies (LOOP-082) (238.042317ms)
✔ scope verdict reuses the answered-escalation annotation (LOOP-048, LOOP-051, LOOP-083) (550.562618ms)
✔ a committed scope acknowledgment lets restored history proceed (LOOP-083) (739.214544ms)
✔ scope acknowledgment must be committed before it can clear a breach (655.67104ms)
✔ ordinary ok does not acknowledge scope history (308.743531ms)
✔ scope escalation refuses unrestored paths and names the restoration remedy (253.220581ms)
✔ an invalid scope request still records an explicitly Blocking decision (145.622414ms)
✔ ask and explanation stay open; only the final committed ok acknowledges scope (778.12407ms)
✔ instead is visible but does not silently authorize a scope exception (375.738009ms)
✔ later changes to an acknowledged path still block, including later reverts (1117.466449ms)
✔ approval cannot hide another path changed after the snapshot (393.771178ms)
✔ acknowledged history remains conditional on the paths staying restored (564.884572ms)
✔ editing the scope snapshot after answer invalidates its acknowledgment (260.695103ms)
✔ malformed scope metadata cannot suppress a breach (1701.99104ms)
✔ damaged acknowledgment fields cannot suppress a breach (524.815947ms)
✔ scope path matching is literal, including wildcard filenames and control characters (492.348188ms)
✔ scope acknowledgment does not carry into another activation of the same slug (277.878575ms)
✔ restoration checks additions, deletions, executable modes, and symlink kinds (1389.572557ms)
✔ explicit committed retention keeps correct work and requires new evidence and review (LOOP-084, LOOP-085) (2080.944139ms)
✔ a missing declaration covers correct earlier work without retention or revert (512.126797ms)
✔ keep requires scope and an unchanged committed candidate (168.325154ms)
✔ uncommitted retention and instead answers cannot clear the incident (1097.179494ms)
✔ retention does not grant future edits, even when reverted to the approved tree (1396.428248ms)
✔ retention cannot cover another path or another activation (575.714827ms)
✔ imported changes must still match the retained tree (581.470991ms)
✔ retention handles additions, deletions, modes, symlinks, and literal filenames (1914.852175ms)
✔ retention cannot convert an existing restoration answer or accept an unknown mode (575.195938ms)
✔ a check failure after retention remains a failure (754.288381ms)
✔ retained paths stay part of the stable checked candidate without extending its footprint (546.450488ms)
✔ retention ask needs an explanation and final committed approval (527.126206ms)
✔ an unknown scope mode remains invalid even with a matching approval digest (289.583223ms)
✔ backlog writes the item; a second with the same title is refused, never overwritten (LOOP-016) (140.04183ms)
✔ a commit inside the footprint: check runs; outside it: check names the path and does not run (LOOP-015, LOOP-035) (535.203971ms)
✔ Cairn's records are never a breach; another file under docs/ is (LOOP-117) (683.730632ms)
✔ declaring the path as an input clears the breach (277.274561ms)
✔ a revert preserves the record of an out-of-scope commit (LOOP-047) (309.767107ms)
✔ a commitment naming a requirement the spec set does not hold as Agreed is repaired (LOOP-029) (76.398064ms)
✔ a requirement in a Draft spec file is not Agreed (74.917503ms)
✔ working agreements and the ignore file are Cairn records (LOOP-035, LOOP-036) (488.245019ms)
✔ the over-asking rule is gone from both skills (SPEC-005, SPEC-006, SPEC-007) (1.682757ms)
✔ a decision during the phase is recorded (DEC-003) (0.124336ms)
✔ understanding is restated before writing (SPEC-003) (0.11825ms)
✔ falsifiers are proposed as one set and confirmed by exception (SPEC-004) (0.222062ms)
✔ depth is inferred and domains derived, never asked or imposed (SPEC-008, SPEC-009) (0.135436ms)
✔ a term enters the glossary at first occurrence (SPEC-010) (0.093403ms)
✔ the phase ends at the first commitment, and later ones are specified during the loop (SPEC-011, SPEC-012) (0.107489ms)
✔ a requirement goes Agreed only with a nameable mechanism (SPEC-013) (1.260082ms)
✔ review before agreement, recording what it attacked (SPEC-014, SPEC-015) (1.204205ms)
✔ no spec file without requirements; nothing Agreed without a falsifier (SPEC-001, SPEC-002) (0.259376ms)
✔ Observed is marked, and is not contract (SPEC-016, SPEC-017) (0.349622ms)
✔ the skills exclude artifacts outside Cairn's workflow (0.144118ms)
✔ the working agreement names the agent's move for each verdict and the write-ahead record (LOOP-036) (0.204282ms)
✔ the working agreement names the developer's moves (LOOP-036, DEC-014) (0.083143ms)
✔ this repository runs by the file it ships (0.391593ms)
✔ both skills write the working agreement without naming a vendor's file (LOOP-002, LOOP-036, PKG-006) (0.214878ms)
✔ the working agreement says what an attempt is (LOOP-036, DEC-017, DEC-018) (0.083412ms)
✔ the working agreement says a failure no footprint change can address is an escalation, and where an inherited requirement is repaired (DEC-019, LOOP-057) (0.090361ms)
✔ the working agreement states the promote, next-iteration, and no-deferral moves (LOOP-029, LOOP-087, LOOP-091, LOOP-092) (0.199405ms)
✔ both skills sort captures into the backlog or next-iteration and forbid deferral (LOOP-029, LOOP-092, LOOP-093) (0.086309ms)
✔ the skill requires a falsifier on every requirement, a MAY included (SPEC-025) (0.072105ms)
✔ the working agreement names the hooks as optional and the install skill registers them for two harnesses (PKG-006, PKG-018, PKG-019) (0.207094ms)
✔ the working agreement says the kernel is upgraded at Done, never inside a commitment (LOOP-096) (0.072134ms)
✔ the next-iteration skill starts from the specification and ends by naming the next commitment (SPEC-026, SPEC-027) (0.213399ms)
✔ every document that names the project skills names next-iteration beside them (SPEC-026, PKG-014) (2.771719ms)
✔ the working agreement states a move for every action the kernel can name (LOOP-101) (1.945018ms)
✔ the working agreement states both record formats and the two flags the moves need (LOOP-036) (0.14694ms)
✔ the skills demonstrate a safe violating example and preserve recon findings (SPEC-022, SPEC-023) (0.071683ms)
✔ the specification skills run the checker through the cairn command (PKG-029) (0.222627ms)
✔ the README invokes the phase skills by name and states versions and platforms (PKG-030, PKG-031) (0.400324ms)
✔ the manual and the walkthrough say the loop promotes backlog items at Done (0.788217ms)
✔ the working agreement says a report is not work under way, its findings are captured, and it is committed with them (LOOP-138) (0.093495ms)
✔ a two-obligation sentence is named (PKG-007) (40.560725ms)
✔ an obligation with no actor is named (PKG-010) (48.686397ms)
✔ a leading condition clause is not the actor, and the actor after it counts (45.74983ms)
✔ an Agreed requirement with no falsifier is named (SPEC-002); a Draft one is not (90.595995ms)
✔ prose after a Draft requirement with no falsifier is not scanned as requirement text (44.593582ms)
✔ a spec declaring a prefix with no requirement is named (SPEC-001) (56.614189ms)
✔ a keyword in backticks or quotes is a mention, not an obligation (43.466935ms)
✔ duplicate identifiers are rejected within a file and across files (SPEC-020) (83.025924ms)
✔ references resolve across files; missing references name their source (SPEC-021) (88.986762ms)
✔ code examples and quoted mentions are neither definitions nor references (42.789004ms)
✔ machine-local paths are findings in prose, links, quotes, and examples (SPEC-019) (428.083842ms)
✔ relative paths, URLs, slash commands, and character mentions are not absolute path findings (35.507388ms)
✔ a slash after a placeholder continues the template (SPEC-019) (76.704104ms)
✔ a host path is a finding until the file declares it (SPEC-019, SPEC-024) (79.335766ms)
✔ declared host paths cover children with a slash boundary and stay file-local (119.364787ms)
✔ a host-path declaration inside a requirement or example grants no exception (117.23033ms)
✔ host-path declarations require absolute or home-relative entries (195.023902ms)
✔ an Agreed block whose only keyword is MAY needs a falsifier like any other (SPEC-025, SPEC-002) (88.740385ms)
✔ a regex literal is not a path, a drive path and a file URL are, and a skill's slash name is allowed (SPEC-028, SPEC-029) (81.254035ms)
✔ a backticked or quoted actor still counts as one (PKG-010) (42.309979ms)
✔ supersede writes both lines, and the old record keeps every word it had (DEC-008, DEC-010) (81.530559ms)
✔ supersede without a cause, or with one outside the four, is refused (DEC-009) (123.496773ms)
✔ supersede of a record that does not exist is refused (61.73135ms)
✔ a predecessor with no title line cannot be stamped, so nothing is written (81.286223ms)
✔ a --supersedes argument outside the slug alphabet is refused, and a path never reaches the filesystem (DEC-022) (232.277027ms)
✔ a record already superseded cannot be superseded again: one Superseded by line per record (DEC-022, DEC-010) (175.964216ms)
✔ reversals reports counts by decider, cause, and domain (DEC-011) (184.897471ms)
✔ decide in a domain with a reversal is refused without --history, naming the reversal; with it, the record carries History (DEC-012) (176.59666ms)
✔ decide in a domain with no reversals needs no --history (125.604989ms)
✔ a record resting on prose alone is in the domain unspecified, and so is the next one (129.514729ms)
✔ the decider tally normalizes case and whitespace, and names a value outside the vocabulary (DEC-020, DEC-011) (80.709318ms)
✔ a record with no Decided by line is tallied as unrecorded, not as a vocabulary value (72.111064ms)
✔ Decided by written as a list tallies like the flat form, and does not crash the report (LOOP-124, DEC-020) (66.027433ms)
✔ a second declaration for one requirement is accepted, a named check runs every mechanism, and Done needs each to pass (LOOP-056, LOOP-099) (2129.330003ms)
✔ one mechanism's stale evidence names that mechanism, and --stale runs only it (LOOP-056, LOOP-094) (767.942145ms)
✔ attempts are counted within one mechanism's records, so the other's passes do not reset them (LOOP-100, DEC-016) (1457.960003ms)
✔ step 1: an in-progress record is reconciled before anything else (115.410267ms)
✔ step 2: an open escalation is presented and nothing else happens (89.175553ms)
✔ an answered escalation is not open (529.490445ms)
✔ step 3: a decision with no realized-by is built, first by name (DEC-007) (94.220503ms)
✔ a superseded decision with no realized-by is not work (132.629105ms)
✔ step 6: a mechanism that has never run is run, not implemented (LOOP-008) (123.526135ms)
✔ step 6: a requirement whose mechanism fails is implemented (498.15568ms)
✔ step 6 before step 7: failing evidence outranks a missing mechanism (369.051908ms)
✔ step 7: a requirement with no mechanism is declared (LOOP-106) (82.721826ms)
✔ every verdict names who acts: Resolvable is the agent's, Done needs nobody, Escalate waits for the developer (LOOP-004) (596.067873ms)
✔ malformed roadmap is Resolvable, not fatal (LOOP-005) (61.250164ms)
✔ a commitment naming no requirements is Resolvable (LOOP-018) (57.230071ms)
✔ the primary test: two wakes on the same checkout give the same action, before and after a persisted transition (LOOP-001, LOOP-003) (569.019725ms)
✔ outside a cairn repository wake cannot run (47.507851ms)
✔ the loop never waits on the review queue (DEC-015) (386.48335ms)
✔ twenty built records cost one git call to resolve, not twenty (DEC-023) (185.055192ms)
✔ an ambiguous Realized by identifier is the repair that says lengthen it, not a build (LOOP-113, DEC-023) (166.739828ms)
✔ the linked walkthrough runs from agreement through the next commitment (PKG-016) (1367.646578ms)
ℹ tests 521
ℹ suites 0
ℹ pass 521
ℹ fail 0
ℹ cancelled 0
ℹ skipped 0
ℹ todo 0
ℹ duration_ms 24061.806667
