✔ a Draft block overrides an Agreed file for both wake and check (SPEC-018) (177.384275ms)
✔ an Agreed block overrides a Draft file in the kernel and lint (SPEC-018, SPEC-002) (610.405777ms)
✔ a block Status does not become the file default, including inside examples (SPEC-018) (367.870612ms)
✔ block status without a value does not inherit Agreed by accident (SPEC-018) (93.040749ms)
✔ inheritance needs a file Scope and includes only Agreed blocks, regardless of prefix (PKG-015) (1935.198729ms)
✔ Scope inside a requirement or fenced example does not declare inheritance (PKG-015) (927.277157ms)
✔ a falsifier wrapped onto a line beginning with Status: does not become the block's status (SPEC-018) (0.995883ms)
✔ with attribution forbidden, an unpushed commit carrying an AI attribution line is named reword before any work; without the policy, or once pushed, it is not (PKG-045) (414.685076ms)
✔ each attribution form is caught, a prose mention is not, and the oldest attributed commit is named first (PKG-045) (573.128521ms)
✔ LOOP-063: reject input mutation during a check and retain diagnostics (426.69644ms)
✔ LOOP-063: reject deletion mutation during a check and retain diagnostics (390.921505ms)
✔ LOOP-063: reject addition mutation during a check and retain diagnostics (391.193727ms)
✔ LOOP-063: reject mode mutation during a check and retain diagnostics (387.447735ms)
✔ LOOP-063: reject specification mutation during a check and retain diagnostics (401.268785ms)
✔ LOOP-063: reject declaration mutation during a check and retain diagnostics (425.283444ms)
✔ LOOP-063: reject commit mutation during a check and retain diagnostics (362.038834ms)
✔ LOOP-063: committed input mutation during execution cannot certify the replacement (398.698616ms)
✔ LOOP-064: removing executable permission makes passing evidence stale (636.090236ms)
✔ LOOP-064: a mode-only change also invalidates the previous review after new evidence (863.295699ms)
✔ LOOP-064: changing a regular file into a link with identical identity bytes is stale (865.491045ms)
✔ LOOP-063: an unchanged candidate still records a pass despite unrelated working-tree edits (233.71215ms)
✔ LOOP-064: current and historical input ordering agrees for Unicode filenames (351.965623ms)
✔ LOOP-063: Git status hiding content changes cannot certify an uncommitted candidate (133.799935ms)
✔ LOOP-066: one check owns execution with a kernel action record (461.90262ms)
✔ LOOP-066: one check owns execution with an agent action record (401.826822ms)
✔ LOOP-066: a live lock is named and never silently overwritten (119.891343ms)
✔ LOOP-066: a dead lock is named and never silently overwritten (150.490659ms)
✔ LOOP-066: a incomplete lock is named and never silently overwritten (149.618048ms)
✔ LOOP-066: an execution error releases the check lock for a corrected rerun (486.354191ms)
✔ LOOP-066: a live kernel action from an older Cairn also blocks execution (79.644197ms)
✔ LOOP-066: separate Git worktrees can run checks independently (478.069627ms)
✔ after a green check --stale runs nothing; after one input changes it runs only that mechanism (LOOP-094) (955.252472ms)
✔ a mechanism speaking for two stale requirements runs once and refreshes both (LOOP-094, LOOP-040) (603.403414ms)
✔ a fresh failure and an unverified result are skipped with implement named (LOOP-094) (609.771837ms)
✔ --stale with a requirement identifier is refused (LOOP-094) (71.853692ms)
✔ check --stale holds back a mechanism whose requirement has three attempts and no escalation, names it, and records nothing (LOOP-094, DEC-016) (1992.422644ms)
✔ check refuses a dirty declared input and names it; a dirty undeclared file does not block (LOOP-030) (455.325736ms)
✔ check writes one receipt per run carrying the full record and a result line per requirement (LOOP-097) (304.129969ms)
✔ a nonzero exit records fail, and the receipt keeps the exit code (LOOP-034) (311.205751ms)
✔ a pass after a fail keeps the failing record; nothing is overwritten or deleted (LOOP-025) (638.733ms)
✔ a commit changing a declared input makes evidence stale; an undeclared one does not (LOOP-007) (896.626225ms)
✔ a regression is named before a requirement that never passed (LOOP-031) (989.015339ms)
✔ three attempts with no escalation since: wake says escalate, not a fourth (DEC-016, DEC-017, DEC-018) (2191.367228ms)
✔ the review gate: no review, stale review, open finding, then Done (LOOP-020, LOOP-033) (1046.100277ms)
✔ Done is refused while any requirement lacks current passing evidence (LOOP-017) (107.437242ms)
✔ check names a requested requirement that no mechanism claims (96.187046ms)
✔ check writes the in-progress record before the run and clears it after (LOOP-021) (176.780497ms)
✔ a linked declared input digests the same at a commit and in the tree (LOOP-023, LOOP-024) (388.906116ms)
✔ a result line is the mechanism's statement about one requirement; what it did not mention is unverified (LOOP-037, LOOP-052) (195.24517ms)
✔ a mechanism that says nothing is read by its exit code for every requirement (LOOP-039) (184.640603ms)
✔ unverified is not an attempt, and a return to an earlier failed digest counts once (DEC-017, DEC-018) (1539.319423ms)
✔ a result line for a requirement the mechanism does not speak for is named and writes nothing (LOOP-038) (175.976889ms)
✔ a result line inside ordinary output, or without the marker, does not count (159.673229ms)
✔ a targeted check runs the named requirements' mechanisms and records every requirement they speak for (LOOP-040) (179.481203ms)
✔ two result lines for one requirement: a fail on any line wins (171.462765ms)
✔ three runs at one digest with no attempt since: the verdict stays implement and names DEC-019; an escalation naming it among others clears the hint (DEC-019, LOOP-053) (854.725081ms)
✔ a receipt names its commit in full, and an older receipt with the short form is still read (LOOP-136) (241.449002ms)
✔ a change only to a document its declaration lists leaves the review fresh and the evidence stale; a change to another input makes the review stale (LOOP-141) (1057.577629ms)
✔ a complete commitment with an unpromoted backlog item names promote, and a stamped item lets it reach Done (LOOP-087) (1036.206054ms)
✔ an empty backlog with waiting next-iteration items is Done, with the count as information and no action on them (LOOP-091) (850.513816ms)
✔ a promotion marker must resolve to a decision record (LOOP-088) (272.083742ms)
✔ a commitment promoted from an item needs a decision record naming the item (LOOP-088) (265.526027ms)
✔ the spec lint reports a promotion marker with no decision record (LOOP-088) (74.919352ms)
✔ a promoted commitment that changes an Agreed requirement or the working agreement is an escalation; an unpromoted one is not (LOOP-089, LOOP-090) (1646.421722ms)
✔ a capture from one of the commitment's own requirements needs Outside because: or an escalation (LOOP-092) (1641.425312ms)
✔ a next-iteration item names what it would change, and the capture refuses one that does not (LOOP-093) (427.894005ms)
✔ a commitment specified from a next-iteration item needs the item stamped before anything else (SPEC-027) (494.841085ms)
✔ a by deference marker resolves to a decision record like a promotion marker (SPEC-002, LOOP-088) (170.787656ms)
✔ the LOOP-090 gate reads the Concerns line, not the slug as a substring (LOOP-114) (520.987583ms)
✔ the LOOP-088 check reads the Promotes line, and decide --promotes writes it (LOOP-115) (226.529855ms)
✔ the activation commit of a promoted commitment is inside the LOOP-089 comparison (LOOP-116) (142.930046ms)
✔ the LOOP-090 route needs one escalation: its Concerns line covers the moved item too (LOOP-119, LOOP-092, LOOP-114) (606.68838ms)
✔ an escalation raised before the promoted commitment began does not silence the LOOP-090 gate (LOOP-114) (308.64576ms)
✔ an escalation raised before the commitment began does not silence the capture gate (LOOP-119) (291.811931ms)
✔ the activation commit is inside the scope footprint (LOOP-120) (100.5135ms)
✔ a requirement Agreed at activation that is demoted or removed is a contract change (LOOP-121) (614.426501ms)
✔ the include files are the root files that hold @AGENTS.md: exempt from the footprint, compared by the gate (LOOP-122) (1061.863757ms)
✔ a superseded promotion no longer satisfies the LOOP-088 check, and the repair says the promotion was reversed (LOOP-123) (446.185199ms)
✔ the restore route measures from the tree before activation, so a path the activation commit added must go (LOOP-120, LOOP-035) (154.544159ms)
✔ the loop works against exactly one commitment: the current one (LOOP-019) (391.444913ms)
✔ a promotion recorded below Consequential is a repair naming the level, since the developer never sees it in the queue (LOOP-088) (64.112545ms)
✔ every requirement the node-test declaration speaks for is named in a test title (PKG-025) (1.914068ms)
✔ every repository path the tests read is a declared input of node-test (PKG-026) (0.755209ms)
✔ writes a record with every required field and an empty realized-by (DEC-001, DEC-005) (89.117893ms)
✔ a Consequential decision is queued for review (DEC-013) (78.464976ms)
✔ a Consequential decision is queued even when .cairn/queue does not exist yet (106.373958ms)
✔ Routine is refused: routine decisions produce no record (59.848913ms)
✔ a missing field is a usage error and nothing is written (81.481952ms)
✔ supersedes requires a classified cause, and the old record must exist (180.015638ms)
✔ an existing record is not overwritten (155.966004ms)
✔ a queued decision stays queued; nothing but the developer removes it (DEC-014) (214.496935ms)
✔ each accepted decider is stored lowercase, whatever case it was typed in (DEC-020) (517.441205ms)
✔ a decider outside the vocabulary is a usage error naming all three, and nothing is written (DEC-020) (432.042383ms)
✔ an empty --decided-by is the missing-field error, not the vocabulary one (82.790119ms)
✔ LOOP-006, LOOP-067: missing inputs names a declaration repair before execution (137.711537ms)
✔ LOOP-006, LOOP-067: empty inputs names a declaration repair before execution (147.445788ms)
✔ LOOP-006, LOOP-067: missing command names a declaration repair before execution (134.256093ms)
✔ LOOP-006, LOOP-067: list command names a declaration repair before execution (130.676356ms)
✔ LOOP-006, LOOP-067: empty command names a declaration repair before execution (141.219227ms)
✔ LOOP-006, LOOP-067: missing requirements names a declaration repair before execution (161.750026ms)
✔ LOOP-006, LOOP-067: bad identifier names a declaration repair before execution (157.318416ms)
✔ LOOP-067: scalar one-item lists retain their existing meaning (286.993718ms)
✔ LOOP-068: a unpopulated gitlink is refused by name (182.049829ms)
✔ LOOP-068: a populated gitlink is refused by name (183.449345ms)
✔ LOOP-069: identical selections across 100 mechanisms use at most 20 Git processes (160.443032ms)
✔ --defect needs --from naming an Agreed requirement, and writes Defect: yes (LOOP-140) (250.710088ms)
✔ an unfixed defect is named fix before a promotable item, and counts as fixed only with passing evidence at or after its commit and no Agreed text changed (LOOP-087, LOOP-140) (2012.148694ms)
✔ escalate writes the six-line format followed by its facts, and wake presents it (LOOP-010, LOOP-026) (140.648056ms)
✔ a missing or multi-line field is refused with the field named, and nothing is written (LOOP-012) (106.772796ms)
✔ a Blocking escalation that fails the format is written anyway, naming the malformed field (LOOP-013) (161.392545ms)
✔ the loop stops for the developer only at Blocking: a recorded decision below it never yields Escalate, and the Blocking bypass must be spelled exactly (DEC-002) (318.364401ms)
✔ a second escalation while one is open is refused (LOOP-011) (137.340944ms)
✔ answer records the reply; wake no longer presents it; a second answer is refused (272.107465ms)
✔ answer to an unknown escalation is refused (72.44422ms)
✔ a stranger resumes from the file alone: question and answer are both in it (LOOP-014) (119.710559ms)
✔ a developer-shaped answer during the agent's turn is refused and writes nothing; the explanation is still accepted (LOOP-135) (620.551943ms)
✔ after an answer, the same concern can be escalated again under a new name (182.728649ms)
✔ an escalation exists when its file does, committed or not (LOOP-009) (92.826952ms)
✔ developer answers require one of the three forms and cannot inject fields (LOOP-048) (598.716789ms)
✔ ask, agent explanation, another ask, and ok stay ordered in one file (LOOP-049, LOOP-050, LOOP-014) (831.160003ms)
✔ fresh closed answers accompany only concerned requirements until new evidence (LOOP-051) (683.664222ms)
✔ a raised escalation carries no derivable status line, and an old record with one still parses (LOOP-028) (176.747282ms)
✔ LOOP-065: delete of output refuses Done and a new run recovers (1183.818592ms)
✔ LOOP-065: corrupt of output refuses Done and a new run recovers (1197.862678ms)
✔ LOOP-065: delete of stderr_output refuses Done and a new run recovers (1201.338207ms)
✔ LOOP-065: corrupt of stderr_output refuses Done and a new run recovers (991.699537ms)
✔ LOOP-065: a receipt without output needs a new check (493.391046ms)
✔ LOOP-065: a receipt without output_digest needs a new check (469.429695ms)
✔ LOOP-065: a receipt without stderr_output needs a new check (459.800972ms)
✔ LOOP-065: a receipt without stderr_digest needs a new check (417.988908ms)
✔ LOOP-065: legacy unverifiable output is rerun without rewriting history (727.363919ms)
✔ a fresh record names the kernel that wrote it (LOOP-023) (305.416302ms)
✔ LOOP-095: a record from another kernel is stale with the kernel named, and a new check restores Done (751.578777ms)
✔ LOOP-095: a record from no kernel is stale with the kernel named, and a new check restores Done (749.003361ms)
✔ LOOP-070: a later failure is latest even when the clock moves backward (949.41834ms)
✔ LOOP-070: receipt collisions at one clock instant retain execution order beyond nine suffixes (3615.791267ms)
✔ LOOP-070: imported branch receipts stale a later sequence until a new check incorporates them (1190.093617ms)
✔ LOOP-070, LOOP-098: legacy receipts need one ordered check, remain byte-for-byte unchanged, and precede the run receipt in the history (569.861065ms)
✔ LOOP-070: edit of a prior receipt requires fresh evidence (443.431877ms)
✔ LOOP-070: remove of a prior receipt requires fresh evidence (458.257296ms)
✔ LOOP-075: supporting evidence file README.md does not become a receipt (543.54691ms)
✔ LOOP-075: supporting evidence file notes.txt does not become a receipt (526.826454ms)
✔ LOOP-075: supporting evidence file support does not become a receipt (561.927195ms)
✔ LOOP-075: supporting evidence file .DS_Store does not become a receipt (514.617887ms)
✔ LOOP-075: a malformed result line (result=success) names a repair before execution (342.210861ms)
✔ LOOP-075: a malformed result line (sequence=NaN) names a repair before execution (343.53722ms)
✔ LOOP-075: a malformed result line (sequence=9007199254740992) names a repair before execution (311.361289ms)
✔ LOOP-075: a malformed result line (history_digest=wrong) names a repair before execution (299.961878ms)
✔ LOOP-075: a malformed result line (tokens) names a repair before execution (342.717949ms)
✔ LOOP-075: a receipt-shaped directory is a named repair instead of an EISDIR crash (269.620756ms)
✔ LOOP-070: an earlier escalation cannot cover three new attempts after clock rollback (900.936625ms)
✔ LOOP-070: an answer becomes old after a later check even if that check's timestamp is earlier (559.077239ms)
✔ LOOP-070: the newest answer wins between checks even when its clock timestamp is older (369.626826ms)
✔ LOOP-070: legacy escalation dates cover old receipts but not three newer sequenced runs (1216.196694ms)
✔ a PKG requirement the commitment does not name is declared, run, and gates Done (PKG-011) (1873.035212ms)
✔ a PKG requirement in a Draft spec is not folded in (507.663623ms)
✔ LOOP-076, LOOP-079: stale inputs identify the receipt and the check to run (693.253136ms)
✔ LOOP-077: names a content change using checked input identity (626.820876ms)
✔ LOOP-077: names a mode change using checked input identity (666.764731ms)
✔ LOOP-077: names a kind change using checked input identity (678.363288ms)
✔ LOOP-077: names a added change using checked input identity (659.85481ms)
✔ LOOP-077: names a removed change using checked input identity (593.98506ms)
✔ LOOP-077: names a link-target change using checked input identity (803.414653ms)
✔ LOOP-077: changed selection compares the old and new input sets (488.316334ms)
✔ LOOP-077: raw CRLF changes remain visible when Git-clean content agrees (501.540071ms)
✔ LOOP-077: detail output is sorted, bounded, and reports the omitted count (466.080263ms)
✔ LOOP-077: filenames cannot inject lines or terminal controls into explanations (412.658744ms)
✔ LOOP-077: receipts from one run share details and do not store source contents (290.967018ms)
✔ LOOP-078, LOOP-080: legacy optional detail limits explanation without changing standing (523.511833ms)
✔ LOOP-078, LOOP-080: invalid-field optional detail limits explanation without changing standing (531.734575ms)
✔ LOOP-078, LOOP-080: missing optional detail limits explanation without changing standing (511.61933ms)
✔ LOOP-078, LOOP-080: invalid-json optional detail limits explanation without changing standing (509.599363ms)
✔ LOOP-078, LOOP-080: mismatched optional detail limits explanation without changing standing (534.504815ms)
✔ LOOP-078, LOOP-080: duplicate optional detail limits explanation without changing standing (501.038969ms)
✔ LOOP-078, LOOP-080: unsafe-path optional detail limits explanation without changing standing (483.032091ms)
✔ LOOP-078, LOOP-080: directory optional detail limits explanation without changing standing (497.331324ms)
✔ LOOP-078, LOOP-080: symlink optional detail limits explanation without changing standing (497.82894ms)
✔ LOOP-078: unavailable old requirement text is not claimed as a proven change (376.606774ms)
✔ LOOP-076, LOOP-079: changed requirements identify evidence and retain review-before-check guidance (382.471605ms)
✔ LOOP-078: simultaneous input and output damage keep both reasons (387.364534ms)
✔ LOOP-080: deterministic freshness sequence seed=7 (9191.047885ms)
✔ LOOP-080: deterministic freshness sequence seed=42 (5788.078804ms)
✔ LOOP-080: deterministic freshness sequence seed=913 (4812.400468ms)
✔ LOOP-080: agreement changes, mechanism review, checks, and completion review retain priority (1282.017344ms)
✔ LOOP-080: imported receipt history demands a rerun without a false input explanation (1316.412594ms)
✔ LOOP-073: clean CRLF input completes under attributes (538.355326ms)
✔ LOOP-073: clean CRLF input completes under autocrlf (531.415792ms)
✔ LOOP-073: raw line-ending mutation during a run is rejected even when Git still sees the same content (236.723977ms)
✔ LOOP-073: execution evidence changes when clean conversion preserves committed identity (1022.87964ms)
✔ LOOP-073: Git clean filters use Git's conversion while retaining raw evidence identity (571.52521ms)
✔ LOOP-073: failure of a required Git filter cannot record evidence (135.834202ms)
✔ LOOP-073: a clean filter moving HEAD during ending validation prevents evidence (534.978658ms)
✔ LOOP-073: canonical Git identities handle links without reading their targets (474.707457ms)
✔ LOOP-073: Git conversion keeps raw Unicode and control-character input paths (409.904453ms)
✔ LOOP-073: conversion and links work in a SHA-256 Git repository (409.890984ms)
✔ LOOP-074: historical specification filename "café.md" remains reviewable (412.066595ms)
✔ LOOP-074: historical specification filename "spec\ttab.md" remains reviewable (400.172401ms)
✔ LOOP-074: historical specification filename "spec\nline.md" remains reviewable (379.325722ms)
✔ help works outside a repository without running a command (PKG-017) (924.075332ms)
✔ help does not hide invalid options or consume literal arguments (231.005508ms)
✔ help lists the lint command (PKG-017) (48.034343ms)
✔ a working directory that no longer exists is named as the failure, and git is not blamed (PKG-041, PKG-022) (192.740481ms)
✔ the stop hook refuses a stop while wake says Resolvable, with the verdict as the reason (PKG-018) (182.092955ms)
✔ the stop hook allows a stop at Done, at Escalate, and outside a Cairn repository (PKG-018) (1086.137621ms)
✔ the session-start hook links the command once and prints the verdict in a Cairn repository (PKG-019, PKG-014, PKG-005) (412.82602ms)
✔ the session-start hook prints no verdict outside a Cairn repository and leaves an existing link that resolves alone (PKG-019) (58.459335ms)
✔ a checkout under a path with a space links a command that resolves, and its stop hook still blocks (PKG-019, PKG-021) (325.761346ms)
✔ the hooks run the kernel the command link resolves to, so hook and agent share one referee (PKG-021) (1103.899145ms)
✔ a dangling link is replaced and reported (PKG-019) (176.65179ms)
✔ errors exit 0 with one line on standard error and no stack trace (PKG-022) (188.701031ms)
✔ the hooks judge with the cairn on PATH, a wrapper included, and session-start names it (PKG-033) (1059.391707ms)
✔ a link to a wrapper or file is kept; a dangling link or one to a directory is replaced (PKG-034) (375.534482ms)
✔ a project below the Git toplevel gets the verdict and the stop refusal (PKG-035) (301.995169ms)
✔ a kernel that prints no verdict is one stderr line: the stop is allowed and session-start prints no trace (PKG-036) (159.994447ms)
✔ a link that cannot be created is one stderr line, and the verdict still prints (PKG-019, PKG-022) (133.005439ms)
✔ with git absent the hooks say so in one line and block nothing (PKG-022) (85.761919ms)
✔ stop_hook_active true no longer lets a Resolvable stop through: the hook still refuses (PKG-018) (143.60439ms)
✔ receipts written by the project's own kernel are judged with it, not with a different cairn on PATH (PKG-033, PKG-021) (395.838886ms)
✔ the fourth stop on an unchanged verdict, commit and tree goes through with a message and a stop record; each refusal names cairn escalate (PKG-043, PKG-044) (425.670591ms)
✔ progress resets the count, a commit or an edited file alike, and each session counts on its own (PKG-043) (1172.918143ms)
✔ no report, one for another commitment, at another commit, or at a value that is not a commit names a new reviewer; an uncommitted review is committed first (LOOP-020) (1473.662202ms)
✔ an old report re-dated, however it is edited, does not name the new commit and names a new reviewer; a new report with the same words does not (LOOP-020) (1401.237719ms)
✔ each finding is carried by the one line citing its number and beginning with its words; malformed reports are repairs (LOOP-020) (3933.04312ms)
✔ citations name their report's commit, so rounds never collide and an old line never carries a new finding; a wrapped review line is its own repair (LOOP-020) (850.335058ms)
✔ a finding that quotes a citation in its own words is carried by copying it, and an uncited wrapped line is no repair when there is nothing to carry (LOOP-020) (558.357471ms)
✔ a citation that is not last on its line is refused as such, and a finding ending with a citation is carried in the short form (LOOP-020) (862.371948ms)
✔ a report written or changed on disk but not committed is named commit, never judged as the committed one (LOOP-020) (554.553225ms)
✔ the findings list is read from the record's text: blank lines between entries, a wrapped entry, any bullet, and a blank line inside examined: lose nothing; a list after a heading stays unread (LOOP-020, LOOP-086, LOOP-071) (1370.402408ms)
✔ the reader reads a numbered or nested list and a blank line in examined:, and names a line it cannot read rather than reading nothing (LOOP-086, LOOP-020) (1077.427717ms)
✔ a line the reader cannot read is named whenever an entry follows it, in the review and in the report, and a finding under a heading is named (LOOP-086, LOOP-020) (1462.847418ms)
✔ a margin line that only looks like a field never ends a list in silence (LOOP-086, LOOP-020) (1011.447361ms)
✔ a field name repeated inside a list is named, the report's findings under a heading are named beside a list, and the repair offers the fix that keeps the finding (LOOP-020, LOOP-086) (869.875454ms)
✔ a Reviewer: line inside a list is named, and an honest record with a findings-titled heading is read (LOOP-020, LOOP-086) (753.339049ms)
✔ a record that declares findings: [] keeps a bulleted body as prose, as this repository's own reviews are written (LOOP-086, LOOP-020) (394.179697ms)
✔ a field name in another case never ends a list in silence, a record with its fields out of order is told to reorder them, and a citation names only a finding the report made (LOOP-086, LOOP-020, LOOP-108) (855.283435ms)
✔ a citation of zero is a citation, a field ends a list however it is spaced, a heading may be underlined, a blank line before a continuation is nothing, and a doubled commit: line does not name the commit (LOOP-020, LOOP-086, LOOP-108) (1025.618359ms)
✔ a rule under a field line is not a heading, the hint names a heading of either form, and an earlier report's citation on a carrying line is history (LOOP-020, LOOP-108) (1233.680628ms)
✔ a title that ends with a colon is still a heading, a report whose fields sit below a heading or prose is repaired rather than discarded, and the repair names the form the kernel reads (LOOP-020, LOOP-086, LOOP-108) (1067.455976ms)
✔ a report for another commitment or commit is replaced even when its fields sit below a heading, a quoted field line does not replace the real one, a rule under any field is a rule, and the review is told what the report is told (LOOP-020, LOOP-108) (1103.974641ms)
✔ an underline makes a heading of the line above it unless that line is an entry or the record's own field, an unread field is named where it sits, a field spelled another way is named, and the findings-titled repair names retitling (LOOP-020, LOOP-086, LOOP-108) (1440.751439ms)
✔ an underlined heading that names findings holds no list either, an unterminated fence hides nothing, a spelling is judged at the margin, and a report short of one header line is repaired (LOOP-020, LOOP-086, LOOP-108) (915.943934ms)
✔ a heading that names findings holds no content of any shape, its own section decides, and a report the wrong commit wrote is replaced before any repair (LOOP-020, LOOP-086) (833.160915ms)
✔ a findings-naming heading holds nothing at all, however deep, and a report with no record is replaced rather than repaired (LOOP-020, LOOP-086) (1941.477198ms)
✔ a recognisable finding under a heading is named wherever it sits, a findings-titled section is prose beside a list that holds entries, and a record may open with a title (LOOP-020, LOOP-086, LOOP-108) (1765.813096ms)
✔ a line that says open: is a finding however it is marked up, and one leading title of any form is the record's own (LOOP-020, LOOP-086, LOOP-108) (3631.385291ms)
✔ every line outside the findings list is read for the prefix, and a findings-naming section is judged over its subsections (LOOP-020, LOOP-086) (2995.624891ms)
✔ markup is whatever precedes the first letter, a row is a row wherever its pipes sit, and each message names the move (LOOP-020, LOOP-086) (2346.646429ms)
✔ a marker that contains a letter is still a marker, and a fence opens only on its own line (LOOP-020, LOOP-086) (2657.56145ms)
✔ a label before the prefix is markup too, and a divider hides no finding (LOOP-020, LOOP-071, LOOP-086) (2297.0263ms)
✔ only the findings list itself is exempt from the sweep, and a label of any shape is markup (LOOP-020, LOOP-071, LOOP-086) (2373.607153ms)
✔ the prefix belongs to the findings list alone: anywhere else in a record it is a finding (LOOP-020, LOOP-086) (2295.984364ms)
✔ the prefix is what a line says however it is punctuated, and no fence or second field hides an entry (LOOP-020, LOOP-071, LOOP-086) (3154.844546ms)
✔ a numbered prefix is still the prefix, and each message names the action it means (LOOP-020, LOOP-086) (1716.919565ms)
✔ a comment or an entity is not a gap, a field belongs at the margin, and a bullet belongs to a list (LOOP-020, LOOP-086, LOOP-108) (1624.297842ms)
✔ an element round the word and markup in the gap is still the prefix, and no repair asks for what the record already does (LOOP-020, LOOP-086) (1606.910361ms)
✔ cairn lint runs the checker over docs/spec by default and over a named directory (PKG-028) (230.255957ms)
✔ cairn lint names a missing directory in one line, takes one argument, and reports a bad root (PKG-028) (226.416925ms)
✔ three megabytes are retained exactly once with matching digests (LOOP-041, LOOP-042) (348.074339ms)
✔ split stdout result lines survive a long non-result line; stderr is never a verdict (317.729169ms)
✔ signal termination is recorded and logs survive a clone (LOOP-043) (324.829032ms)
✔ working agreements and ignore changes are Cairn records inside the footprint (332.717235ms)
✔ a clean package passes (85.675792ms)
✔ PKG-001: a dependency, or a service manifest (160.271802ms)
✔ PKG-002: ignoring evidence or other durable state, by directory or by extension (140.256271ms)
✔ PKG-003: a command, a directory, or a record kind no decision names (246.660237ms)
✔ PKG-004: a kernel over 2000 lines, counting every file under bin/ as wc -l does; exactly 2000 passes (455.282131ms)
✔ PKG-006: a skill step naming a vendor's product, in either order, across a wrapped list item (PKG-027) (306.706141ms)
✔ PKG-008: a non-ASCII character in a tracked text file (106.040632ms)
✔ PKG-009: the kernel importing from tests (78.338503ms)
✔ PKG-012: a network call or a model client in the kernel, but not a vendor's name in text (409.026165ms)
✔ PKG-013: deferral language, but not in code, quotes, or a rule (542.211449ms)
✔ a tracked path deleted from the working tree is skipped, not a crash (76.134836ms)
✔ a sentence in a Formats section is not a record kind (82.469114ms)
✔ a record kind named by its path alone is checked (71.19461ms)
✔ PKG-002: a tracked in-progress record (64.400588ms)
✔ PKG-002: ignoring evidence alone is a finding (65.48483ms)
✔ PKG-003 reads the kernel's commands from its help output (PKG-023) (112.204475ms)
✔ the ASCII scan covers shipped files, not records under .cairn/ (PKG-024) (75.270048ms)
✔ a vendor-naming step wrapped across lines is matched (PKG-006, PKG-027) (78.403624ms)
✔ PKG-013 scans the README, the manual, and the walkthrough (PKG-032) (230.702606ms)
✔ the manifests, the listing and package.json agree on the name and version, and name paths the repository holds (PKG-037) (1.631475ms)
✔ the hooks file registers session-start and stop against the plugin's own hook.mjs through the plugin root variable (PKG-038) (0.187849ms)
✔ a Muse hook entry whose shared hook is missing prints one line and exits 0 (PKG-041, PKG-022) (75.170939ms)
✔ the registered commands print the verdict at session start, link the command into the plugin, and refuse a stop while wake says Resolvable (PKG-038, PKG-021) (343.739463ms)
✔ LOOP-071: decision body metadata does not resolve unbuilt work: "Superseded by: example" (645.423378ms)
✔ LOOP-071: decision body metadata does not resolve unbuilt work: "```text\nSuperseded by: example\n```" (629.952639ms)
✔ LOOP-071: decision body metadata does not resolve unbuilt work: "~~~text\nSuperseded by: example\n~~~" (653.087957ms)
✔ LOOP-071: a fenced realization example is not a resolving commit (643.339223ms)
✔ LOOP-071: a fenced commit inside the realization section is not built (606.335037ms)
✔ LOOP-071: ## Example cannot replace an open review finding (651.997986ms)
✔ LOOP-071: # Example cannot replace an open review finding (551.1012ms)
✔ LOOP-071: ### Example cannot replace an open review finding (550.18137ms)
✔ LOOP-071:   ## Example cannot replace an open review finding (520.167369ms)
✔ LOOP-071: Example paragraph. cannot replace an open review finding (502.401139ms)
✔ LOOP-071: Example
------- cannot replace an open review finding (437.167748ms)
✔ LOOP-071: fenced fields before a real review header are ignored (428.516666ms)
✔ LOOP-071: multiline decision --title cannot inject metadata (344.003807ms)
✔ LOOP-071: multiline decision --decided-by cannot inject metadata (312.893935ms)
✔ LOOP-071: multiline decision --rests-on cannot inject metadata (357.048353ms)
✔ LOOP-071: multiline decision --wrong-if cannot inject metadata (367.979834ms)
✔ LOOP-071: multiline decision --history cannot inject metadata (338.236967ms)
✔ LOOP-072: malformed Blocking concerns stay open: "R-001\nAnswer: ok" (77.772904ms)
✔ LOOP-072: malformed Blocking concerns stay open: "R-001\r\nAnswer: ok" (97.976073ms)
✔ LOOP-072: malformed Blocking concerns stay open: "R-001\rAnswer: ok" (99.807397ms)
✔ LOOP-072: malformed Blocking concerns stay open: "R-001 Answer: ok" (104.589118ms)
✔ LOOP-072: malformed Blocking concerns stay open: "R-001 Answer: ok" (79.295623ms)
✔ LOOP-072: ordinary malformed concerns are refused: "R-001\nR-002" (56.669594ms)
✔ LOOP-072: ordinary malformed concerns are refused: "R-001, prose" (36.606572ms)
✔ LOOP-072: ordinary malformed concerns are refused: " " (40.621582ms)
✔ LOOP-072: a Blocking escalation without concerns is still presented (83.71456ms)
✔ LOOP-072: carriage returns in a Blocking question do not create answer records (94.181258ms)
✔ LOOP-072: explanation separator 8232 cannot close an escalation (175.615423ms)
✔ LOOP-071: decision metadata refuses separator 8232 (341.649493ms)
✔ LOOP-072: explanation separator 8233 cannot close an escalation (164.171667ms)
✔ LOOP-071: decision metadata refuses separator 8233 (334.53546ms)
✔ Concerns, Rests on, and Promoted from written as lists read as the flat form (LOOP-124) (595.42268ms)
✔ an item named by filename, path, or backticked slug resolves like the slug (LOOP-125) (535.722789ms)
✔ an input that covers Cairn's own output is named as the repair, before and after a check (LOOP-126, LOOP-105) (599.284578ms)
✔ an unreadable record directory is a repair, not an error exit (LOOP-127) (71.138851ms)
✔ a title that slugifies to nothing is refused (LOOP-128) (130.301697ms)
✔ examined: [] is an empty list (LOOP-129, LOOP-108) (467.927451ms)
✔ below the Git toplevel the restore check compares root-relative paths (LOOP-130, LOOP-035) (337.889508ms)
✔ below the Git toplevel an uncommitted declared input is named from the project root (LOOP-132, LOOP-030) (206.532499ms)
✔ a value on the key line followed by list items is the first item, never dropped (LOOP-133) (637.862768ms)
✔ the footprint's walk reads Current: as the wake does: a fenced example below the real line, or a second line in history, never moves the start (LOOP-134, LOOP-035) (285.193135ms)
✔ an input spelled .. from a project below the Git toplevel covers the evidence directory (LOOP-126, LOOP-105) (95.424856ms)
✔ a Consequential record this commitment added needs its queue entry committed (LOOP-131, DEC-004) (470.476622ms)
✔ a mechanism that removes the check lock still gets its evidence, with no repair for the lock (LOOP-107) (237.065328ms)
✔ a staged rename reads as its two paths, never as a bare origin token (LOOP-030, LOOP-110) (103.917381ms)
✔ a Current: line inside a fenced example is neither a second Current: line nor the commitment, before or after the real line (LOOP-104) (191.73341ms)
✔ a Status: word is taken only from a line that carries one, never from wrapped prose after it (SPEC-018) (0.716353ms)
✔ the placeholder left above a resolving entry is a repair naming the file (DEC-021) (222.379043ms)
✔ the placeholder alone is a decision recorded and not yet built, unchanged (DEC-007) (59.566107ms)
✔ resolving entries with no placeholder are unchanged (DEC-006) (113.111157ms)
✔ a shallow clone that cannot resolve its entries is still told to fetch, not to edit (LOOP-113 keeps precedence) (114.642609ms)
✔ the placeholder quoted in a fenced example does not make a built record a repair (DEC-021) (111.293154ms)
✔ supersede takes the same decider vocabulary as decide (DEC-020) (110.403182ms)
✔ a superseded record is held to the same line: its placeholder above a resolving entry is a repair (DEC-021, DEC-010) (190.040407ms)
✔ realize() touches only the Realized by section; a body that quotes the placeholder keeps it (108.520464ms)
✔ an untracked file under a declared input is not a change under way; check still refuses beside it and names .gitignore (LOOP-110, LOOP-030) (210.291009ms)
✔ an unmatched input is refused before execution (LOOP-044) (189.801107ms)
✔ an indexed input deleted on disk asks for a commit (LOOP-045) (146.449342ms)
✔ wake and check require a Git working tree (LOOP-046) (124.665783ms)
✔ recovery removes only dead kernel run records and identifies a live owner (LOOP-054, LOOP-055) (299.347269ms)
✔ an agent action based behind a clean HEAD appears committed (LOOP-027) (198.776493ms)
✔ realization needs a real commit and a subject (DEC-006) (266.58359ms)
✔ 1500 binary inputs digest identically at the review commit in under a second (LOOP-024) (1447.543352ms)
✔ merged work is excluded but a later own commit is a breach (LOOP-047) (246.263958ms)
✔ exact Current tenure ignores prefix matches and earlier visits to the same slug (LOOP-035) (316.258159ms)
✔ a kernel run records its supervising PID (LOOP-054) (301.135156ms)
✔ a merged declared input still stales evidence (LOOP-047) (409.491345ms)
✔ wildcard and magic pathspecs select the same historical inputs (LOOP-024, LOOP-032) (2207.50308ms)
✔ historical selection retains deleted files and excludes new ones (LOOP-024, LOOP-035) (1245.838515ms)
✔ cairn --version prints the package.json version outside a repository, and help lists it (PKG-039) (145.765743ms)
✔ a release is one commit setting one version in the five files, with the changelog entry, tagged v<version> (PKG-040) (1038.273748ms)
✔ the release script refuses a bad version, no increase, a dirty tree, a missing entry, a taken tag, a disagreeing file, and a loop not at Done, each in one line with nothing written (PKG-040) (1779.102946ms)
✔ a version file written as compact JSON is released, and nothing else in any version file changes (PKG-042) (1353.129576ms)
✔ with attribution forbidden, the release script refuses an unpushed commit carrying an AI attribution line (PKG-045) (570.941423ms)
✔ explicit reporting with no lines and exit 0 establishes no requirement verdicts (LOOP-061) (432.705414ms)
✔ explicit reporting with no lines and exit 1 establishes no requirement verdicts (LOOP-061) (438.562139ms)
✔ a reporter that cannot start keeps execution diagnostics without blaming requirements (LOOP-062) (270.435586ms)
✔ large output cannot kill a reporter or invent a requirement verdict (320.37258ms)
✔ explicit mode ignores cairn: R-999: pass (288.683231ms)
✔ explicit mode ignores cairn: R-001: unverified (318.611919ms)
✔ explicit mode ignores cairn: R-001: passed (289.773064ms)
✔ explicit results survive nonzero exit and contradictory duplicates still fail (584.07766ms)
✔ unverified results across changed inputs never become failed attempts (1452.999679ms)
✔ legacy exit 0 retains its interpretation (227.782562ms)
✔ legacy exit 1 retains its interpretation (212.944561ms)
✔ a misspelled reporting mode is refused before execution (102.657267ms)
✔ changed requirement blocks unchecked reruns and makes the completion review stale (LOOP-058, LOOP-059) (1852.163712ms)
✔ falsifier changes need review; separate rationale and other requirements do not change a receipt (1278.885101ms)
✔ legacy receipts recover requirement identity from their commit; unavailable history requires review (1049.037344ms)
✔ check refuses uncommitted requirement text and mechanism review markers (825.646911ms)
✔ tightened response limit cannot reuse the old passing check (1354.208591ms)
✔ a declared input over 1 MiB agrees at a commit and in the tree (LOOP-060) (437.39697ms)
✔ a failed Git blob read cannot be hashed as an empty blob (402.853421ms)
✔ Git listings over 1 MiB include the last declared input (2253.001333ms)
✔ requirement identity excludes fenced examples and status dates (514.915997ms)
✔ DemonCoder REM-002 and Status in progress cannot silently satisfy the review gate (LOOP-086) (846.744344ms)
✔ valid open findings retain their behavior (503.38503ms)
✔ valid resolved findings retain their behavior (556.874265ms)
✔ valid empty findings retain their behavior (521.030831ms)
✔ valid mixed valid findings retain their behavior (453.566217ms)
✔ malformed finding "open:" requires repair (458.202991ms)
✔ malformed finding "resolved:   " requires repair (419.267934ms)
✔ malformed finding "Open: incorrect case" requires repair (371.893192ms)
✔ malformed finding "unknown: issue" requires repair (358.23914ms)
✔ malformed finding "\u001b[31mBAD: issue" requires repair (354.14001ms)
✔ the established explicit empty findings list remains valid (393.038316ms)
✔ a scalar findings value requires the supported list format (326.921792ms)
✔ check runs a mechanism when a requirement outside the commitment was revised, and asks for the review once a commitment includes it (LOOP-059) (872.226202ms)
✔ a Requirements: line written as a list is read like the flat form (LOOP-102) (135.023488ms)
✔ a subdirectory or a README in a record directory changes nothing (LOOP-103) (549.020861ms)
✔ two Current: lines are a roadmap repair (LOOP-104) (85.340339ms)
✔ a repeated identifier, an input under the evidence directory, and a missing cwd are refused by name (LOOP-105) (455.000148ms)
✔ a requirement whose evidence outlives its mechanism is named declare, not a regression or an escalation (LOOP-106) (1031.494268ms)
✔ an unreadable record is a repair, not an error exit (LOOP-107) (73.66887ms)
✔ a review needs commit, a nonempty examined list, and a findings list, each named when missing (LOOP-108) (1035.406734ms)
✔ a decision record missing a header field or naming a missing predecessor is a repair (LOOP-109) (297.232616ms)
✔ a dirty declared input with no in-progress record is named record ahead of run (LOOP-022, LOOP-110) (250.286711ms)
✔ with core.filemode false the index mode is the identity, so a mode-only difference does not refuse the check (LOOP-111) (235.636561ms)
✔ a project below the Git toplevel can run check (LOOP-112) (229.452559ms)
✔ a shallow clone names history to fetch, not a decision to build (LOOP-113) (184.017627ms)
✔ record-writing commands refuse to run outside a Cairn repository and write nothing (LOOP-118) (244.242637ms)
✔ a git that cannot start is one line and exit 3 from wake and from check, with nothing recorded (LOOP-137) (99.609968ms)
✔ an unexplained or uncommitted stop record is named explain before any other action; explained and committed, the wake moves on (LOOP-139) (277.573286ms)
✔ empty footprint names declaration before scope and records no evidence (LOOP-081) (527.654243ms)
✔ first declaration still checks the full earlier history (LOOP-081) (352.365036ms)
✔ an empty current footprint does not block an explicitly requested existing mechanism (LOOP-081) (327.354037ms)
✔ an inherited mechanism provides a footprint even before local mechanisms exist (240.814504ms)
✔ scope reports every path, escapes line breaks, and gives identical remedies (LOOP-082) (243.338199ms)
✔ scope verdict reuses the answered-escalation annotation (LOOP-048, LOOP-051, LOOP-083) (557.723476ms)
✔ a committed scope acknowledgment lets restored history proceed (LOOP-083) (747.408777ms)
✔ scope acknowledgment must be committed before it can clear a breach (660.628281ms)
✔ ordinary ok does not acknowledge scope history (287.739ms)
✔ scope escalation refuses unrestored paths and names the restoration remedy (237.587546ms)
✔ an invalid scope request still records an explicitly Blocking decision (149.935932ms)
✔ ask and explanation stay open; only the final committed ok acknowledges scope (719.118206ms)
✔ instead is visible but does not silently authorize a scope exception (342.971892ms)
✔ later changes to an acknowledged path still block, including later reverts (1042.754811ms)
✔ approval cannot hide another path changed after the snapshot (370.588932ms)
✔ acknowledged history remains conditional on the paths staying restored (545.86335ms)
✔ editing the scope snapshot after answer invalidates its acknowledgment (296.684194ms)
✔ malformed scope metadata cannot suppress a breach (1435.613903ms)
✔ damaged acknowledgment fields cannot suppress a breach (552.20277ms)
✔ scope path matching is literal, including wildcard filenames and control characters (504.543914ms)
✔ scope acknowledgment does not carry into another activation of the same slug (289.042814ms)
✔ restoration checks additions, deletions, executable modes, and symlink kinds (1374.571274ms)
✔ explicit committed retention keeps correct work and requires new evidence and review (LOOP-084, LOOP-085) (2085.229361ms)
✔ a missing declaration covers correct earlier work without retention or revert (528.452285ms)
✔ keep requires scope and an unchanged committed candidate (164.906305ms)
✔ uncommitted retention and instead answers cannot clear the incident (1014.367887ms)
✔ retention does not grant future edits, even when reverted to the approved tree (1305.966216ms)
✔ retention cannot cover another path or another activation (516.071093ms)
✔ imported changes must still match the retained tree (556.66303ms)
✔ retention handles additions, deletions, modes, symlinks, and literal filenames (1943.675539ms)
✔ retention cannot convert an existing restoration answer or accept an unknown mode (406.831347ms)
✔ a check failure after retention remains a failure (665.24595ms)
✔ retained paths stay part of the stable checked candidate without extending its footprint (582.970057ms)
✔ retention ask needs an explanation and final committed approval (559.906568ms)
✔ an unknown scope mode remains invalid even with a matching approval digest (288.686954ms)
✔ backlog writes the item; a second with the same title is refused, never overwritten (LOOP-016) (128.633804ms)
✔ a commit inside the footprint: check runs; outside it: check names the path and does not run (LOOP-015, LOOP-035) (573.996636ms)
✔ Cairn's records are never a breach; another file under docs/ is (LOOP-117) (652.975106ms)
✔ declaring the path as an input clears the breach (263.346782ms)
✔ a revert preserves the record of an out-of-scope commit (LOOP-047) (308.822227ms)
✔ a commitment naming a requirement the spec set does not hold as Agreed is repaired (LOOP-029) (90.911412ms)
✔ a requirement in a Draft spec file is not Agreed (89.491153ms)
✔ working agreements and the ignore file are Cairn records (LOOP-035, LOOP-036) (462.043113ms)
✔ the over-asking rule is gone from both skills (SPEC-005, SPEC-006, SPEC-007) (1.919015ms)
✔ a decision during the phase is recorded (DEC-003) (0.168503ms)
✔ understanding is restated before writing (SPEC-003) (0.116961ms)
✔ falsifiers are proposed as one set and confirmed by exception (SPEC-004) (0.192961ms)
✔ depth is inferred and domains derived, never asked or imposed (SPEC-008, SPEC-009) (0.135146ms)
✔ a term enters the glossary at first occurrence (SPEC-010) (0.093577ms)
✔ the phase ends at the first commitment, and later ones are specified during the loop (SPEC-011, SPEC-012) (0.106631ms)
✔ a requirement goes Agreed only with a nameable mechanism (SPEC-013) (0.126403ms)
✔ review before agreement, recording what it attacked (SPEC-014, SPEC-015) (0.200592ms)
✔ no spec file without requirements; nothing Agreed without a falsifier (SPEC-001, SPEC-002) (0.19502ms)
✔ Observed is marked, and is not contract (SPEC-016, SPEC-017) (0.288677ms)
✔ the skills exclude artifacts outside Cairn's workflow (0.15119ms)
✔ the working agreement names the agent's move for each verdict and the write-ahead record (LOOP-036) (0.199644ms)
✔ the working agreement names the developer's moves (LOOP-036, DEC-014) (0.082149ms)
✔ this repository runs by the file it ships (0.364435ms)
✔ both skills write the working agreement without naming a vendor's file (LOOP-002, LOOP-036, PKG-006) (0.107217ms)
✔ the working agreement says what an attempt is (LOOP-036, DEC-017, DEC-018) (0.075582ms)
✔ the working agreement says a failure no footprint change can address is an escalation, and where an inherited requirement is repaired (DEC-019, LOOP-057) (0.074828ms)
✔ the working agreement states the promote, next-iteration, and no-deferral moves (LOOP-029, LOOP-087, LOOP-091, LOOP-092) (0.093621ms)
✔ both skills sort captures into the backlog or next-iteration and forbid deferral (LOOP-029, LOOP-092, LOOP-093) (0.083172ms)
✔ the skill requires a falsifier on every requirement, a MAY included (SPEC-025) (0.165815ms)
✔ the working agreement names the hooks as optional and the install skill registers them for two harnesses (PKG-006, PKG-018, PKG-019) (0.227842ms)
✔ the working agreement says the kernel is upgraded at Done, never inside a commitment (LOOP-096) (0.071348ms)
✔ the next-iteration skill starts from the specification and ends by naming the next commitment (SPEC-026, SPEC-027) (0.258355ms)
✔ every document that names the project skills names next-iteration beside them (SPEC-026, PKG-014) (2.589675ms)
✔ the working agreement states a move for every action the kernel can name (LOOP-101) (2.072497ms)
✔ the working agreement states both record formats and the two flags the moves need (LOOP-036) (0.177246ms)
✔ the skills demonstrate a safe violating example and preserve recon findings (SPEC-022, SPEC-023) (0.07349ms)
✔ the specification skills run the checker through the cairn command (PKG-029) (0.226503ms)
✔ the README invokes the phase skills by name and states versions and platforms (PKG-030, PKG-031) (0.304028ms)
✔ the manual and the walkthrough say the loop promotes backlog items at Done (0.820045ms)
✔ the working agreement says a report is not work under way, its findings are captured, and it is committed with them (LOOP-138) (0.087207ms)
✔ a two-obligation sentence is named (PKG-007) (45.769871ms)
✔ an obligation with no actor is named (PKG-010) (46.657998ms)
✔ a leading condition clause is not the actor, and the actor after it counts (49.89077ms)
✔ an Agreed requirement with no falsifier is named (SPEC-002); a Draft one is not (76.442575ms)
✔ prose after a Draft requirement with no falsifier is not scanned as requirement text (47.327203ms)
✔ a spec declaring a prefix with no requirement is named (SPEC-001) (46.069158ms)
✔ a keyword in backticks or quotes is a mention, not an obligation (41.075111ms)
✔ duplicate identifiers are rejected within a file and across files (SPEC-020) (85.005803ms)
✔ references resolve across files; missing references name their source (SPEC-021) (87.478501ms)
✔ code examples and quoted mentions are neither definitions nor references (52.106703ms)
✔ machine-local paths are findings in prose, links, quotes, and examples (SPEC-019) (401.333372ms)
✔ relative paths, URLs, slash commands, and character mentions are not absolute path findings (37.265574ms)
✔ a slash after a placeholder continues the template (SPEC-019) (90.096022ms)
✔ a host path is a finding until the file declares it (SPEC-019, SPEC-024) (76.081737ms)
✔ declared host paths cover children with a slash boundary and stay file-local (118.499691ms)
✔ a host-path declaration inside a requirement or example grants no exception (123.249474ms)
✔ host-path declarations require absolute or home-relative entries (201.468813ms)
✔ an Agreed block whose only keyword is MAY needs a falsifier like any other (SPEC-025, SPEC-002) (77.197153ms)
✔ a regex literal is not a path, a drive path and a file URL are, and a skill's slash name is allowed (SPEC-028, SPEC-029) (91.052276ms)
✔ a backticked or quoted actor still counts as one (PKG-010) (53.192901ms)
✔ a fence the file never closes is named, since the parser then reads its example as specification (83.709843ms)
✔ supersede writes both lines, and the old record keeps every word it had (DEC-008, DEC-010) (73.086769ms)
✔ supersede without a cause, or with one outside the four, is refused (DEC-009) (117.834257ms)
✔ supersede of a record that does not exist is refused (77.168307ms)
✔ a predecessor with no title line cannot be stamped, so nothing is written (76.153263ms)
✔ a --supersedes argument outside the slug alphabet is refused, and a path never reaches the filesystem (DEC-022) (228.397755ms)
✔ a record already superseded cannot be superseded again: one Superseded by line per record (DEC-022, DEC-010) (171.092077ms)
✔ reversals reports counts by decider, cause, and domain (DEC-011) (182.873794ms)
✔ decide in a domain with a reversal is refused without --history, naming the reversal; with it, the record carries History (DEC-012) (187.609952ms)
✔ decide in a domain with no reversals needs no --history (134.404821ms)
✔ a record resting on prose alone is in the domain unspecified, and so is the next one (134.254726ms)
✔ the decider tally normalizes case and whitespace, and names a value outside the vocabulary (DEC-020, DEC-011) (105.436921ms)
✔ a record with no Decided by line is tallied as unrecorded, not as a vocabulary value (70.562843ms)
✔ Decided by written as a list tallies like the flat form, and does not crash the report (LOOP-124, DEC-020) (80.544556ms)
✔ a second declaration for one requirement is accepted, a named check runs every mechanism, and Done needs each to pass (LOOP-056, LOOP-099) (2013.882552ms)
✔ one mechanism's stale evidence names that mechanism, and --stale runs only it (LOOP-056, LOOP-094) (736.801693ms)
✔ attempts are counted within one mechanism's records, so the other's passes do not reset them (LOOP-100, DEC-016) (1370.166223ms)
✔ step 1: an in-progress record is reconciled before anything else (93.013904ms)
✔ step 2: an open escalation is presented and nothing else happens (75.709402ms)
✔ an answered escalation is not open (477.409858ms)
✔ step 3: a decision with no realized-by is built, first by name (DEC-007) (70.893986ms)
✔ a superseded decision with no realized-by is not work (116.949017ms)
✔ step 6: a mechanism that has never run is run, not implemented (LOOP-008) (122.075051ms)
✔ step 6: a requirement whose mechanism fails is implemented (494.250853ms)
✔ step 6 before step 7: failing evidence outranks a missing mechanism (322.447487ms)
✔ step 7: a requirement with no mechanism is declared (LOOP-106) (80.96247ms)
✔ every verdict names who acts: Resolvable is the agent's, Done needs nobody, Escalate waits for the developer (LOOP-004) (575.951177ms)
✔ malformed roadmap is Resolvable, not fatal (LOOP-005) (51.670265ms)
✔ a commitment naming no requirements is Resolvable (LOOP-018) (66.07308ms)
✔ the primary test: two wakes on the same checkout give the same action, before and after a persisted transition (LOOP-001, LOOP-003) (546.179044ms)
✔ outside a cairn repository wake cannot run (30.769419ms)
✔ the loop never waits on the review queue (DEC-015) (357.732038ms)
✔ twenty built records cost one git call to resolve, not twenty (DEC-023) (178.630549ms)
✔ an ambiguous Realized by identifier is the repair that says lengthen it, not a build (LOOP-113, DEC-023) (175.057279ms)
✔ the linked walkthrough runs from agreement through the next commitment (PKG-016) (1358.299802ms)
ℹ tests 537
ℹ suites 0
ℹ pass 537
ℹ fail 0
ℹ cancelled 0
ℹ skipped 0
ℹ todo 0
ℹ duration_ms 55569.734905
