✔ a Draft block overrides an Agreed file for both wake and check (SPEC-018) (169.715866ms)
✔ an Agreed block overrides a Draft file in the kernel and lint (SPEC-018, SPEC-002) (669.462748ms)
✔ a block Status does not become the file default, including inside examples (SPEC-018) (371.151049ms)
✔ block status without a value does not inherit Agreed by accident (SPEC-018) (88.981209ms)
✔ inheritance needs a file Scope and includes only Agreed blocks, regardless of prefix (PKG-015) (2079.095149ms)
✔ Scope inside a requirement or fenced example does not declare inheritance (PKG-015) (1038.338063ms)
✔ a falsifier wrapped onto a line beginning with Status: does not become the block's status (SPEC-018) (1.252872ms)
✔ with attribution forbidden, an unpushed commit carrying an AI attribution line is named reword before any work; without the policy, or once pushed, it is not (PKG-045) (391.292728ms)
✔ each attribution form is caught, a prose mention is not, and the oldest attributed commit is named first (PKG-045) (575.625566ms)
✔ LOOP-063: reject input mutation during a check and retain diagnostics (454.864346ms)
✔ LOOP-063: reject deletion mutation during a check and retain diagnostics (381.269591ms)
✔ LOOP-063: reject addition mutation during a check and retain diagnostics (434.545111ms)
✔ LOOP-063: reject mode mutation during a check and retain diagnostics (437.041033ms)
✔ LOOP-063: reject specification mutation during a check and retain diagnostics (426.36666ms)
✔ LOOP-063: reject declaration mutation during a check and retain diagnostics (451.187047ms)
✔ LOOP-063: reject commit mutation during a check and retain diagnostics (410.138293ms)
✔ LOOP-063: committed input mutation during execution cannot certify the replacement (439.519605ms)
✔ LOOP-064: removing executable permission makes passing evidence stale (648.372603ms)
✔ LOOP-064: a mode-only change also invalidates the previous review after new evidence (871.528275ms)
✔ LOOP-064: changing a regular file into a link with identical identity bytes is stale (903.528821ms)
✔ LOOP-063: an unchanged candidate still records a pass despite unrelated working-tree edits (230.784507ms)
✔ LOOP-064: current and historical input ordering agrees for Unicode filenames (380.422882ms)
✔ LOOP-063: Git status hiding content changes cannot certify an uncommitted candidate (120.23373ms)
✔ LOOP-066: one check owns execution with a kernel action record (440.875418ms)
✔ LOOP-066: one check owns execution with an agent action record (425.007408ms)
✔ LOOP-066: a live lock is named and never silently overwritten (133.906262ms)
✔ LOOP-066: a dead lock is named and never silently overwritten (137.835489ms)
✔ LOOP-066: a incomplete lock is named and never silently overwritten (137.092828ms)
✔ LOOP-066: an execution error releases the check lock for a corrected rerun (496.65795ms)
✔ LOOP-066: a live kernel action from an older Cairn also blocks execution (89.151762ms)
✔ LOOP-066: separate Git worktrees can run checks independently (594.179058ms)
✔ after a green check --stale runs nothing; after one input changes it runs only that mechanism (LOOP-094) (972.728726ms)
✔ a mechanism speaking for two stale requirements runs once and refreshes both (LOOP-094, LOOP-040) (717.642697ms)
✔ a fresh failure and an unverified result are skipped with implement named (LOOP-094) (677.290309ms)
✔ --stale with a requirement identifier is refused (LOOP-094) (86.258973ms)
✔ check --stale holds back a mechanism whose requirement has three attempts and no escalation, names it, and records nothing (LOOP-094, DEC-016) (2109.508901ms)
✔ check refuses a dirty declared input and names it; a dirty undeclared file does not block (LOOP-030) (439.153936ms)
✔ check writes one receipt per run carrying the full record and a result line per requirement (LOOP-097) (275.93363ms)
✔ a nonzero exit records fail, and the receipt keeps the exit code (LOOP-034) (363.403668ms)
✔ a pass after a fail keeps the failing record; nothing is overwritten or deleted (LOOP-025) (709.291144ms)
✔ a commit changing a declared input makes evidence stale; an undeclared one does not (LOOP-007) (1058.925874ms)
✔ a regression is named before a requirement that never passed (LOOP-031) (1084.392401ms)
✔ three attempts with no escalation since: wake says escalate, not a fourth (DEC-016, DEC-017, DEC-018) (2228.745642ms)
✔ the review gate: no review, stale review, open finding, then Done (LOOP-020, LOOP-033) (1068.708106ms)
✔ Done is refused while any requirement lacks current passing evidence (LOOP-017) (89.415006ms)
✔ check names a requested requirement that no mechanism claims (110.318175ms)
✔ check writes the in-progress record before the run and clears it after (LOOP-021) (202.145594ms)
✔ a linked declared input digests the same at a commit and in the tree (LOOP-023, LOOP-024) (412.337759ms)
✔ a result line is the mechanism's statement about one requirement; what it did not mention is unverified (LOOP-037, LOOP-052) (186.675488ms)
✔ a mechanism that says nothing is read by its exit code for every requirement (LOOP-039) (209.265604ms)
✔ unverified is not an attempt, and a return to an earlier failed digest counts once (DEC-017, DEC-018) (1689.628189ms)
✔ a result line for a requirement the mechanism does not speak for is named and writes nothing (LOOP-038) (170.637166ms)
✔ a result line inside ordinary output, or without the marker, does not count (183.630392ms)
✔ a targeted check runs the named requirements' mechanisms and records every requirement they speak for (LOOP-040) (170.780718ms)
✔ two result lines for one requirement: a fail on any line wins (172.053991ms)
✔ three runs at one digest with no attempt since: the verdict stays implement and names DEC-019; an escalation naming it among others clears the hint (DEC-019, LOOP-053) (877.357495ms)
✔ a receipt names its commit in full, and an older receipt with the short form is still read (LOOP-136) (264.3314ms)
✔ a change only to a document its declaration lists leaves the review fresh and the evidence stale; a change to another input makes the review stale (LOOP-141) (1089.383565ms)
✔ a complete commitment with an unpromoted backlog item names promote, and a stamped item lets it reach Done (LOOP-087) (1015.869449ms)
✔ an empty backlog with waiting next-iteration items is Done, with the count as information and no action on them (LOOP-091) (922.650325ms)
✔ a promotion marker must resolve to a decision record (LOOP-088) (277.993752ms)
✔ a commitment promoted from an item needs a decision record naming the item (LOOP-088) (316.652705ms)
✔ the spec lint reports a promotion marker with no decision record (LOOP-088) (78.257749ms)
✔ a promoted commitment that changes an Agreed requirement or the working agreement is an escalation; an unpromoted one is not (LOOP-089, LOOP-090) (1767.326797ms)
✔ a capture from one of the commitment's own requirements needs Outside because: or an escalation (LOOP-092) (1691.873046ms)
✔ a next-iteration item names what it would change, and the capture refuses one that does not (LOOP-093) (460.512627ms)
✔ a commitment specified from a next-iteration item needs the item stamped before anything else (SPEC-027) (514.59536ms)
✔ a by deference marker resolves to a decision record like a promotion marker (SPEC-002, LOOP-088) (203.249644ms)
✔ the LOOP-090 gate reads the Concerns line, not the slug as a substring (LOOP-114) (534.345704ms)
✔ the LOOP-088 check reads the Promotes line, and decide --promotes writes it (LOOP-115) (237.504133ms)
✔ the activation commit of a promoted commitment is inside the LOOP-089 comparison (LOOP-116) (145.037826ms)
✔ the LOOP-090 route needs one escalation: its Concerns line covers the moved item too (LOOP-119, LOOP-092, LOOP-114) (596.543864ms)
✔ an escalation raised before the promoted commitment began does not silence the LOOP-090 gate (LOOP-114) (313.24145ms)
✔ an escalation raised before the commitment began does not silence the capture gate (LOOP-119) (336.029384ms)
✔ the activation commit is inside the scope footprint (LOOP-120) (103.292867ms)
✔ a requirement Agreed at activation that is demoted or removed is a contract change (LOOP-121) (654.745012ms)
✔ the include files are the root files that hold @AGENTS.md: exempt from the footprint, compared by the gate (LOOP-122) (1105.680277ms)
✔ a superseded promotion no longer satisfies the LOOP-088 check, and the repair says the promotion was reversed (LOOP-123) (492.011807ms)
✔ the restore route measures from the tree before activation, so a path the activation commit added must go (LOOP-120, LOOP-035) (178.728238ms)
✔ the loop works against exactly one commitment: the current one (LOOP-019) (416.495967ms)
✔ a promotion recorded below Consequential is a repair naming the level, since the developer never sees it in the queue (LOOP-088) (67.870349ms)
✔ every requirement the node-test declaration speaks for is named in a test title (PKG-025) (1.797217ms)
✔ every repository path the tests read is a declared input of node-test (PKG-026) (0.747448ms)
✔ writes a record with every required field and an empty realized-by (DEC-001, DEC-005) (64.335878ms)
✔ a Consequential decision is queued for review (DEC-013) (76.430398ms)
✔ a Consequential decision is queued even when .cairn/queue does not exist yet (86.696327ms)
✔ Routine is refused: routine decisions produce no record (86.30772ms)
✔ a missing field is a usage error and nothing is written (77.488142ms)
✔ supersedes requires a classified cause, and the old record must exist (190.22848ms)
✔ an existing record is not overwritten (121.726763ms)
✔ a queued decision stays queued; nothing but the developer removes it (DEC-014) (217.82269ms)
✔ each accepted decider is stored lowercase, whatever case it was typed in (DEC-020) (568.75576ms)
✔ a decider outside the vocabulary is a usage error naming all three, and nothing is written (DEC-020) (460.266597ms)
✔ an empty --decided-by is the missing-field error, not the vocabulary one (88.29566ms)
✔ LOOP-006, LOOP-067: missing inputs names a declaration repair before execution (153.151732ms)
✔ LOOP-006, LOOP-067: empty inputs names a declaration repair before execution (172.622304ms)
✔ LOOP-006, LOOP-067: missing command names a declaration repair before execution (160.439543ms)
✔ LOOP-006, LOOP-067: list command names a declaration repair before execution (139.310956ms)
✔ LOOP-006, LOOP-067: empty command names a declaration repair before execution (158.657261ms)
✔ LOOP-006, LOOP-067: missing requirements names a declaration repair before execution (175.458424ms)
✔ LOOP-006, LOOP-067: bad identifier names a declaration repair before execution (142.128448ms)
✔ LOOP-067: scalar one-item lists retain their existing meaning (310.801138ms)
✔ LOOP-068: a unpopulated gitlink is refused by name (184.096764ms)
✔ LOOP-068: a populated gitlink is refused by name (204.875455ms)
✔ LOOP-069: identical selections across 100 mechanisms use at most 20 Git processes (158.408394ms)
✔ --defect needs --from naming an Agreed requirement, and writes Defect: yes (LOOP-140) (265.004197ms)
✔ an unfixed defect is named fix before a promotable item, and counts as fixed only with passing evidence at or after its commit and no Agreed text changed (LOOP-087, LOOP-140) (2176.657692ms)
✔ escalate writes the six-line format followed by its facts, and wake presents it (LOOP-010, LOOP-026) (114.178156ms)
✔ a missing or multi-line field is refused with the field named, and nothing is written (LOOP-012) (161.809035ms)
✔ a Blocking escalation that fails the format is written anyway, naming the malformed field (LOOP-013) (141.832257ms)
✔ the loop stops for the developer only at Blocking: a recorded decision below it never yields Escalate, and the Blocking bypass must be spelled exactly (DEC-002) (338.880718ms)
✔ a second escalation while one is open is refused (LOOP-011) (146.442007ms)
✔ answer records the reply; wake no longer presents it; a second answer is refused (301.50872ms)
✔ answer to an unknown escalation is refused (64.688467ms)
✔ a stranger resumes from the file alone: question and answer are both in it (LOOP-014) (133.763938ms)
✔ a developer-shaped answer during the agent's turn is refused and writes nothing; the explanation is still accepted (LOOP-135) (682.766572ms)
✔ after an answer, the same concern can be escalated again under a new name (210.113637ms)
✔ an escalation exists when its file does, committed or not (LOOP-009) (94.644613ms)
✔ developer answers require one of the three forms and cannot inject fields (LOOP-048) (657.571088ms)
✔ ask, agent explanation, another ask, and ok stay ordered in one file (LOOP-049, LOOP-050, LOOP-014) (866.398324ms)
✔ fresh closed answers accompany only concerned requirements until new evidence (LOOP-051) (724.247972ms)
✔ a raised escalation carries no derivable status line, and an old record with one still parses (LOOP-028) (155.253874ms)
✔ LOOP-065: delete of output refuses Done and a new run recovers (1344.120988ms)
✔ LOOP-065: corrupt of output refuses Done and a new run recovers (1366.516071ms)
✔ LOOP-065: delete of stderr_output refuses Done and a new run recovers (1252.050135ms)
✔ LOOP-065: corrupt of stderr_output refuses Done and a new run recovers (1000.536263ms)
✔ LOOP-065: a receipt without output needs a new check (515.944286ms)
✔ LOOP-065: a receipt without output_digest needs a new check (493.745205ms)
✔ LOOP-065: a receipt without stderr_output needs a new check (502.901939ms)
✔ LOOP-065: a receipt without stderr_digest needs a new check (413.14721ms)
✔ LOOP-065: legacy unverifiable output is rerun without rewriting history (779.774223ms)
✔ a fresh record names the kernel that wrote it (LOOP-023) (342.660904ms)
✔ LOOP-095: a record from another kernel is stale with the kernel named, and a new check restores Done (771.488915ms)
✔ LOOP-095: a record from no kernel is stale with the kernel named, and a new check restores Done (802.166325ms)
✔ LOOP-070: a later failure is latest even when the clock moves backward (1057.891591ms)
✔ LOOP-070: receipt collisions at one clock instant retain execution order beyond nine suffixes (3871.975697ms)
✔ LOOP-070: imported branch receipts stale a later sequence until a new check incorporates them (1232.672442ms)
✔ LOOP-070, LOOP-098: legacy receipts need one ordered check, remain byte-for-byte unchanged, and precede the run receipt in the history (558.061649ms)
✔ LOOP-070: edit of a prior receipt requires fresh evidence (473.670027ms)
✔ LOOP-070: remove of a prior receipt requires fresh evidence (493.755344ms)
✔ LOOP-075: supporting evidence file README.md does not become a receipt (547.389277ms)
✔ LOOP-075: supporting evidence file notes.txt does not become a receipt (590.51487ms)
✔ LOOP-075: supporting evidence file support does not become a receipt (544.87514ms)
✔ LOOP-075: supporting evidence file .DS_Store does not become a receipt (601.775976ms)
✔ LOOP-075: a malformed result line (result=success) names a repair before execution (341.124042ms)
✔ LOOP-075: a malformed result line (sequence=NaN) names a repair before execution (319.394255ms)
✔ LOOP-075: a malformed result line (sequence=9007199254740992) names a repair before execution (348.098551ms)
✔ LOOP-075: a malformed result line (history_digest=wrong) names a repair before execution (340.592186ms)
✔ LOOP-075: a malformed result line (tokens) names a repair before execution (360.073868ms)
✔ LOOP-075: a receipt-shaped directory is a named repair instead of an EISDIR crash (277.683807ms)
✔ LOOP-070: an earlier escalation cannot cover three new attempts after clock rollback (958.44046ms)
✔ LOOP-070: an answer becomes old after a later check even if that check's timestamp is earlier (581.91218ms)
✔ LOOP-070: the newest answer wins between checks even when its clock timestamp is older (379.816963ms)
✔ LOOP-070: legacy escalation dates cover old receipts but not three newer sequenced runs (1260.249772ms)
✔ a PKG requirement the commitment does not name is declared, run, and gates Done (PKG-011) (1974.247943ms)
✔ a PKG requirement in a Draft spec is not folded in (575.388399ms)
✔ LOOP-076, LOOP-079: stale inputs identify the receipt and the check to run (745.874789ms)
✔ LOOP-077: names a content change using checked input identity (733.766587ms)
✔ LOOP-077: names a mode change using checked input identity (748.075527ms)
✔ LOOP-077: names a kind change using checked input identity (723.754585ms)
✔ LOOP-077: names a added change using checked input identity (756.010174ms)
✔ LOOP-077: names a removed change using checked input identity (581.642716ms)
✔ LOOP-077: names a link-target change using checked input identity (833.438253ms)
✔ LOOP-077: changed selection compares the old and new input sets (503.471893ms)
✔ LOOP-077: raw CRLF changes remain visible when Git-clean content agrees (480.961657ms)
✔ LOOP-077: detail output is sorted, bounded, and reports the omitted count (502.663044ms)
✔ LOOP-077: filenames cannot inject lines or terminal controls into explanations (430.086865ms)
✔ LOOP-077: receipts from one run share details and do not store source contents (301.89255ms)
✔ LOOP-078, LOOP-080: legacy optional detail limits explanation without changing standing (530.335142ms)
✔ LOOP-078, LOOP-080: invalid-field optional detail limits explanation without changing standing (569.512078ms)
✔ LOOP-078, LOOP-080: missing optional detail limits explanation without changing standing (523.204495ms)
✔ LOOP-078, LOOP-080: invalid-json optional detail limits explanation without changing standing (527.612776ms)
✔ LOOP-078, LOOP-080: mismatched optional detail limits explanation without changing standing (559.745229ms)
✔ LOOP-078, LOOP-080: duplicate optional detail limits explanation without changing standing (516.545336ms)
✔ LOOP-078, LOOP-080: unsafe-path optional detail limits explanation without changing standing (493.820326ms)
✔ LOOP-078, LOOP-080: directory optional detail limits explanation without changing standing (525.737157ms)
✔ LOOP-078, LOOP-080: symlink optional detail limits explanation without changing standing (552.109501ms)
✔ LOOP-078: unavailable old requirement text is not claimed as a proven change (379.923401ms)
✔ LOOP-076, LOOP-079: changed requirements identify evidence and retain review-before-check guidance (371.3854ms)
✔ LOOP-078: simultaneous input and output damage keep both reasons (386.04687ms)
✔ LOOP-080: deterministic freshness sequence seed=7 (9780.088664ms)
✔ LOOP-080: deterministic freshness sequence seed=42 (5953.850065ms)
✔ LOOP-080: deterministic freshness sequence seed=913 (4821.792325ms)
✔ LOOP-080: agreement changes, mechanism review, checks, and completion review retain priority (1185.288059ms)
✔ LOOP-080: imported receipt history demands a rerun without a false input explanation (1344.092909ms)
✔ LOOP-073: clean CRLF input completes under attributes (566.984339ms)
✔ LOOP-073: clean CRLF input completes under autocrlf (605.598268ms)
✔ LOOP-073: raw line-ending mutation during a run is rejected even when Git still sees the same content (247.360786ms)
✔ LOOP-073: execution evidence changes when clean conversion preserves committed identity (1120.819303ms)
✔ LOOP-073: Git clean filters use Git's conversion while retaining raw evidence identity (590.643073ms)
✔ LOOP-073: failure of a required Git filter cannot record evidence (164.699832ms)
✔ LOOP-073: a clean filter moving HEAD during ending validation prevents evidence (679.726998ms)
✔ LOOP-073: canonical Git identities handle links without reading their targets (456.884541ms)
✔ LOOP-073: Git conversion keeps raw Unicode and control-character input paths (416.811512ms)
✔ LOOP-073: conversion and links work in a SHA-256 Git repository (427.586416ms)
✔ LOOP-074: historical specification filename "café.md" remains reviewable (439.194897ms)
✔ LOOP-074: historical specification filename "spec\ttab.md" remains reviewable (401.861134ms)
✔ LOOP-074: historical specification filename "spec\nline.md" remains reviewable (405.909882ms)
✔ help works outside a repository without running a command (PKG-017) (1019.696914ms)
✔ help does not hide invalid options or consume literal arguments (193.221711ms)
✔ help lists the lint command (PKG-017) (56.937208ms)
✔ a working directory that no longer exists is named as the failure, and git is not blamed (PKG-041, PKG-022) (157.309101ms)
✔ the stop hook refuses a stop while wake says Resolvable, with the verdict as the reason (PKG-018) (203.458167ms)
✔ the stop hook allows a stop at Done, at Escalate, and outside a Cairn repository (PKG-018) (1114.1196ms)
✔ the session-start hook links the command once and prints the verdict in a Cairn repository (PKG-019, PKG-014, PKG-005) (456.137366ms)
✔ the session-start hook prints no verdict outside a Cairn repository and leaves an existing link that resolves alone (PKG-019) (60.618256ms)
✔ a checkout under a path with a space links a command that resolves, and its stop hook still blocks (PKG-019, PKG-021) (407.835509ms)
✔ the hooks run the kernel the command link resolves to, so hook and agent share one referee (PKG-021) (1187.447617ms)
✔ a dangling link is replaced and reported (PKG-019) (177.839166ms)
✔ errors exit 0 with one line on standard error and no stack trace (PKG-022) (185.860607ms)
✔ the hooks judge with the cairn on PATH, a wrapper included, and session-start names it (PKG-033) (1050.32633ms)
✔ a link to a wrapper or file is kept; a dangling link or one to a directory is replaced (PKG-034) (396.418831ms)
✔ a project below the Git toplevel gets the verdict and the stop refusal (PKG-035) (288.195608ms)
✔ a kernel that prints no verdict is one stderr line: the stop is allowed and session-start prints no trace (PKG-036) (167.479654ms)
✔ a link that cannot be created is one stderr line, and the verdict still prints (PKG-019, PKG-022) (117.424651ms)
✔ with git absent the hooks say so in one line and block nothing (PKG-022) (94.603956ms)
✔ stop_hook_active true no longer lets a Resolvable stop through: the hook still refuses (PKG-018) (135.254153ms)
✔ receipts written by the project's own kernel are judged with it, not with a different cairn on PATH (PKG-033, PKG-021) (407.267115ms)
✔ the fourth stop on an unchanged verdict, commit and tree goes through with a message and a stop record; each refusal names cairn escalate (PKG-043, PKG-044) (468.644746ms)
✔ progress resets the count, a commit or an edited file alike, and each session counts on its own (PKG-043) (1246.769389ms)
✔ no report, one for another commitment, at another commit, or at a value that is not a commit names a new reviewer; an uncommitted review is committed first (LOOP-020) (1668.354826ms)
✔ an old report re-dated, however it is edited, does not name the new commit and names a new reviewer; a new report with the same words does not (LOOP-020) (1491.99906ms)
✔ each finding is carried by the one line citing its number and beginning with its words; malformed reports are repairs (LOOP-020) (4038.740183ms)
✔ citations name their report's commit, so rounds never collide and an old line never carries a new finding; a wrapped review line is its own repair (LOOP-020) (874.078828ms)
✔ a finding that quotes a citation in its own words is carried by copying it, and an uncited wrapped line is no repair when there is nothing to carry (LOOP-020) (595.521065ms)
✔ a citation that is not last on its line is refused as such, and a finding ending with a citation is carried in the short form (LOOP-020) (904.137926ms)
✔ a report written or changed on disk but not committed is named commit, never judged as the committed one (LOOP-020) (565.799878ms)
✔ the findings list is read from the record's text: blank lines between entries, a wrapped entry, any bullet, and a blank line inside examined: lose nothing; a list after a heading stays unread (LOOP-020, LOOP-086, LOOP-071) (1378.672613ms)
✔ the reader reads a numbered or nested list and a blank line in examined:, and names a line it cannot read rather than reading nothing (LOOP-086, LOOP-020) (1144.538619ms)
✔ a line the reader cannot read is named whenever an entry follows it, in the review and in the report, and a finding under a heading is named (LOOP-086, LOOP-020) (1475.745766ms)
✔ a margin line that only looks like a field never ends a list in silence (LOOP-086, LOOP-020) (1031.542123ms)
✔ a field name repeated inside a list is named, the report's findings under a heading are named beside a list, and the repair offers the fix that keeps the finding (LOOP-020, LOOP-086) (855.798604ms)
✔ a Reviewer: line inside a list is named, and an honest record with a findings-titled heading is read (LOOP-020, LOOP-086) (784.627264ms)
✔ a record that declares findings: [] keeps a bulleted body as prose, as this repository's own reviews are written (LOOP-086, LOOP-020) (379.807729ms)
✔ a field name in another case never ends a list in silence, a record with its fields out of order is told to reorder them, and a citation names only a finding the report made (LOOP-086, LOOP-020, LOOP-108) (834.451242ms)
✔ a citation of zero is a citation, a field ends a list however it is spaced, a heading may be underlined, a blank line before a continuation is nothing, and a doubled commit: line does not name the commit (LOOP-020, LOOP-086, LOOP-108) (1024.712491ms)
✔ a rule under a field line is not a heading, the hint names a heading of either form, and an earlier report's citation on a carrying line is history (LOOP-020, LOOP-108) (1166.843847ms)
✔ a title that ends with a colon is still a heading, a report whose fields sit below a heading or prose is repaired rather than discarded, and the repair names the form the kernel reads (LOOP-020, LOOP-086, LOOP-108) (984.837144ms)
✔ a report for another commitment or commit is replaced even when its fields sit below a heading, a quoted field line does not replace the real one, a rule under any field is a rule, and the review is told what the report is told (LOOP-020, LOOP-108) (1090.652823ms)
✔ an underline makes a heading of the line above it unless that line is an entry or the record's own field, an unread field is named where it sits, a field spelled another way is named, and the findings-titled repair names retitling (LOOP-020, LOOP-086, LOOP-108) (1438.081613ms)
✔ an underlined heading that names findings holds no list either, an unterminated fence hides nothing, a spelling is judged at the margin, and a report short of one header line is repaired (LOOP-020, LOOP-086, LOOP-108) (901.701078ms)
✔ a heading that names findings holds no content of any shape, its own section decides, and a report the wrong commit wrote is replaced before any repair (LOOP-020, LOOP-086) (795.055754ms)
✔ a findings-naming heading holds nothing at all, however deep, and a report with no record is replaced rather than repaired (LOOP-020, LOOP-086) (1986.877189ms)
✔ a recognisable finding under a heading is named wherever it sits, a findings-titled section is prose beside a list that holds entries, and a record may open with a title (LOOP-020, LOOP-086, LOOP-108) (1805.567052ms)
✔ a line that says open: is a finding however it is marked up, and one leading title of any form is the record's own (LOOP-020, LOOP-086, LOOP-108) (3438.739094ms)
✔ every line outside the findings list is read for the prefix, and a findings-naming section is judged over its subsections (LOOP-020, LOOP-086) (2761.475287ms)
✔ markup is whatever precedes the first letter, a row is a row wherever its pipes sit, and each message names the move (LOOP-020, LOOP-086) (2125.899437ms)
✔ a marker that contains a letter is still a marker, and a fence opens only on its own line (LOOP-020, LOOP-086) (2410.795486ms)
✔ a label before the prefix is markup too, and a divider hides no finding (LOOP-020, LOOP-071, LOOP-086) (2150.749979ms)
✔ only the findings list itself is exempt from the sweep, and a label of any shape is markup (LOOP-020, LOOP-071, LOOP-086) (2254.555692ms)
✔ the prefix belongs to the findings list alone: anywhere else in a record it is a finding (LOOP-020, LOOP-086) (2216.096044ms)
✔ the prefix is what a line says however it is punctuated, and no fence or second field hides an entry (LOOP-020, LOOP-071, LOOP-086) (2974.134905ms)
✔ a numbered prefix is still the prefix, and each message names the action it means (LOOP-020, LOOP-086) (1754.494976ms)
✔ a comment or an entity is not a gap, a field belongs at the margin, and a bullet belongs to a list (LOOP-020, LOOP-086, LOOP-108) (1632.34581ms)
✔ an element round the word and markup in the gap is still the prefix, and no repair asks for what the record already does (LOOP-020, LOOP-086) (1483.483436ms)
✔ cairn lint runs the checker over docs/spec by default and over a named directory (PKG-028) (263.673118ms)
✔ cairn lint names a missing directory in one line, takes one argument, and reports a bad root (PKG-028) (198.796524ms)
✔ three megabytes are retained exactly once with matching digests (LOOP-041, LOOP-042) (368.038557ms)
✔ split stdout result lines survive a long non-result line; stderr is never a verdict (350.314008ms)
✔ signal termination is recorded and logs survive a clone (LOOP-043) (342.537255ms)
✔ working agreements and ignore changes are Cairn records inside the footprint (357.356299ms)
✔ a clean package passes (88.318678ms)
✔ PKG-001: a dependency, or a service manifest (201.428966ms)
✔ PKG-002: ignoring evidence or other durable state, by directory or by extension (164.51805ms)
✔ PKG-003: a command, a directory, or a record kind no decision names (236.536369ms)
✔ PKG-004: a kernel over 2000 lines, counting every file under bin/ as wc -l does; exactly 2000 passes (353.702372ms)
✔ PKG-006: a skill step naming a vendor's product, in either order, across a wrapped list item (PKG-027) (367.056855ms)
✔ PKG-008: a non-ASCII character in a tracked text file (79.945838ms)
✔ PKG-009: the kernel importing from tests (95.948922ms)
✔ PKG-012: a network call or a model client in the kernel, but not a vendor's name in text (346.877416ms)
✔ PKG-013: deferral language, but not in code, quotes, or a rule (614.590986ms)
✔ a tracked path deleted from the working tree is skipped, not a crash (84.441909ms)
✔ a sentence in a Formats section is not a record kind (78.180314ms)
✔ a record kind named by its path alone is checked (85.047279ms)
✔ PKG-002: a tracked in-progress record (69.028018ms)
✔ PKG-002: ignoring evidence alone is a finding (68.149189ms)
✔ PKG-003 reads the kernel's commands from its help output (PKG-023) (115.695051ms)
✔ the ASCII scan covers shipped files, not records under .cairn/ (PKG-024) (65.50411ms)
✔ a vendor-naming step wrapped across lines is matched (PKG-006, PKG-027) (95.850483ms)
✔ PKG-013 scans the README, the manual, and the walkthrough (PKG-032) (244.637548ms)
✔ the manifests, the listing and package.json agree on the name and version, and name paths the repository holds (PKG-037) (3.101974ms)
✔ the hooks file registers session-start and stop against the plugin's own hook.mjs through the plugin root variable (PKG-038) (0.233626ms)
✔ a Muse hook entry whose shared hook is missing prints one line and exits 0 (PKG-041, PKG-022) (114.754708ms)
✔ the registered commands print the verdict at session start, link the command into the plugin, and refuse a stop while wake says Resolvable (PKG-038, PKG-021) (359.080195ms)
✔ LOOP-071: decision body metadata does not resolve unbuilt work: "Superseded by: example" (720.118696ms)
✔ LOOP-071: decision body metadata does not resolve unbuilt work: "```text\nSuperseded by: example\n```" (672.512712ms)
✔ LOOP-071: decision body metadata does not resolve unbuilt work: "~~~text\nSuperseded by: example\n~~~" (743.505954ms)
✔ LOOP-071: a fenced realization example is not a resolving commit (704.972478ms)
✔ LOOP-071: a fenced commit inside the realization section is not built (634.683457ms)
✔ LOOP-071: ## Example cannot replace an open review finding (672.541496ms)
✔ LOOP-071: # Example cannot replace an open review finding (559.059221ms)
✔ LOOP-071: ### Example cannot replace an open review finding (539.462223ms)
✔ LOOP-071:   ## Example cannot replace an open review finding (522.881354ms)
✔ LOOP-071: Example paragraph. cannot replace an open review finding (542.563288ms)
✔ LOOP-071: Example
------- cannot replace an open review finding (450.567866ms)
✔ LOOP-071: fenced fields before a real review header are ignored (442.948676ms)
✔ LOOP-071: multiline decision --title cannot inject metadata (381.872051ms)
✔ LOOP-071: multiline decision --decided-by cannot inject metadata (339.240391ms)
✔ LOOP-071: multiline decision --rests-on cannot inject metadata (330.294503ms)
✔ LOOP-071: multiline decision --wrong-if cannot inject metadata (385.649215ms)
✔ LOOP-071: multiline decision --history cannot inject metadata (368.604689ms)
✔ LOOP-072: malformed Blocking concerns stay open: "R-001\nAnswer: ok" (87.840108ms)
✔ LOOP-072: malformed Blocking concerns stay open: "R-001\r\nAnswer: ok" (90.589145ms)
✔ LOOP-072: malformed Blocking concerns stay open: "R-001\rAnswer: ok" (102.663783ms)
✔ LOOP-072: malformed Blocking concerns stay open: "R-001 Answer: ok" (93.481657ms)
✔ LOOP-072: malformed Blocking concerns stay open: "R-001 Answer: ok" (83.451847ms)
✔ LOOP-072: ordinary malformed concerns are refused: "R-001\nR-002" (47.642274ms)
✔ LOOP-072: ordinary malformed concerns are refused: "R-001, prose" (41.283824ms)
✔ LOOP-072: ordinary malformed concerns are refused: " " (50.12423ms)
✔ LOOP-072: a Blocking escalation without concerns is still presented (77.370753ms)
✔ LOOP-072: carriage returns in a Blocking question do not create answer records (84.798354ms)
✔ LOOP-072: explanation separator 8232 cannot close an escalation (163.483462ms)
✔ LOOP-071: decision metadata refuses separator 8232 (351.167055ms)
✔ LOOP-072: explanation separator 8233 cannot close an escalation (155.748147ms)
✔ LOOP-071: decision metadata refuses separator 8233 (352.599128ms)
✔ Concerns, Rests on, and Promoted from written as lists read as the flat form (LOOP-124) (618.997405ms)
✔ an item named by filename, path, or backticked slug resolves like the slug (LOOP-125) (577.749389ms)
✔ an input that covers Cairn's own output is named as the repair, before and after a check (LOOP-126, LOOP-105) (639.664305ms)
✔ an unreadable record directory is a repair, not an error exit (LOOP-127) (80.246326ms)
✔ a title that slugifies to nothing is refused (LOOP-128) (142.016978ms)
✔ examined: [] is an empty list (LOOP-129, LOOP-108) (528.007608ms)
✔ below the Git toplevel the restore check compares root-relative paths (LOOP-130, LOOP-035) (349.366356ms)
✔ below the Git toplevel an uncommitted declared input is named from the project root (LOOP-132, LOOP-030) (257.255747ms)
✔ a value on the key line followed by list items is the first item, never dropped (LOOP-133) (674.808823ms)
✔ the footprint's walk reads Current: as the wake does: a fenced example below the real line, or a second line in history, never moves the start (LOOP-134, LOOP-035) (293.603592ms)
✔ an input spelled .. from a project below the Git toplevel covers the evidence directory (LOOP-126, LOOP-105) (91.39265ms)
✔ a Consequential record this commitment added needs its queue entry committed (LOOP-131, DEC-004) (484.848374ms)
✔ a mechanism that removes the check lock still gets its evidence, with no repair for the lock (LOOP-107) (232.179838ms)
✔ a staged rename reads as its two paths, never as a bare origin token (LOOP-030, LOOP-110) (122.557717ms)
✔ a Current: line inside a fenced example is neither a second Current: line nor the commitment, before or after the real line (LOOP-104) (193.158314ms)
✔ a Status: word is taken only from a line that carries one, never from wrapped prose after it (SPEC-018) (0.642382ms)
✔ the placeholder left above a resolving entry is a repair naming the file (DEC-021) (235.570492ms)
✔ the placeholder alone is a decision recorded and not yet built, unchanged (DEC-007) (79.763853ms)
✔ resolving entries with no placeholder are unchanged (DEC-006) (113.796543ms)
✔ a shallow clone that cannot resolve its entries is still told to fetch, not to edit (LOOP-113 keeps precedence) (100.931483ms)
✔ the placeholder quoted in a fenced example does not make a built record a repair (DEC-021) (114.830791ms)
✔ supersede takes the same decider vocabulary as decide (DEC-020) (98.100005ms)
✔ a superseded record is held to the same line: its placeholder above a resolving entry is a repair (DEC-021, DEC-010) (163.102462ms)
✔ realize() touches only the Realized by section; a body that quotes the placeholder keeps it (127.650609ms)
✔ an untracked file under a declared input is not a change under way; check still refuses beside it and names .gitignore (LOOP-110, LOOP-030) (199.506114ms)
✔ an unmatched input is refused before execution (LOOP-044) (178.859211ms)
✔ an indexed input deleted on disk asks for a commit (LOOP-045) (169.184522ms)
✔ wake and check require a Git working tree (LOOP-046) (137.348081ms)
✔ recovery removes only dead kernel run records and identifies a live owner (LOOP-054, LOOP-055) (345.694764ms)
✔ an agent action based behind a clean HEAD appears committed (LOOP-027) (190.243702ms)
✔ realization needs a real commit and a subject (DEC-006) (299.97107ms)
✔ 1500 binary inputs digest identically at the review commit in under a second (LOOP-024) (1579.153983ms)
✔ merged work is excluded but a later own commit is a breach (LOOP-047) (294.281932ms)
✔ exact Current tenure ignores prefix matches and earlier visits to the same slug (LOOP-035) (315.39449ms)
✔ a kernel run records its supervising PID (LOOP-054) (298.107203ms)
✔ a merged declared input still stales evidence (LOOP-047) (436.027259ms)
✔ wildcard and magic pathspecs select the same historical inputs (LOOP-024, LOOP-032) (2303.160269ms)
✔ historical selection retains deleted files and excludes new ones (LOOP-024, LOOP-035) (1292.901118ms)
✔ cairn --version prints the package.json version outside a repository, and help lists it (PKG-039) (149.111713ms)
✔ a release is one commit setting one version in the five files, with the changelog entry, tagged v<version> (PKG-040) (1121.902662ms)
✔ the release script refuses a bad version, no increase, a dirty tree, a missing entry, a taken tag, a disagreeing file, and a loop not at Done, each in one line with nothing written (PKG-040) (2083.817861ms)
✔ a version file written as compact JSON is released, and nothing else in any version file changes (PKG-042) (1340.884777ms)
✔ with attribution forbidden, the release script refuses an unpushed commit carrying an AI attribution line (PKG-045) (592.384807ms)
✔ explicit reporting with no lines and exit 0 establishes no requirement verdicts (LOOP-061) (473.056448ms)
✔ explicit reporting with no lines and exit 1 establishes no requirement verdicts (LOOP-061) (443.809724ms)
✔ a reporter that cannot start keeps execution diagnostics without blaming requirements (LOOP-062) (278.18487ms)
✔ large output cannot kill a reporter or invent a requirement verdict (336.337547ms)
✔ explicit mode ignores cairn: R-999: pass (311.570232ms)
✔ explicit mode ignores cairn: R-001: unverified (331.085246ms)
✔ explicit mode ignores cairn: R-001: passed (376.351281ms)
✔ explicit results survive nonzero exit and contradictory duplicates still fail (665.977869ms)
✔ unverified results across changed inputs never become failed attempts (1491.672218ms)
✔ legacy exit 0 retains its interpretation (249.2159ms)
✔ legacy exit 1 retains its interpretation (224.932134ms)
✔ a misspelled reporting mode is refused before execution (110.31864ms)
✔ changed requirement blocks unchecked reruns and makes the completion review stale (LOOP-058, LOOP-059) (1932.999576ms)
✔ falsifier changes need review; separate rationale and other requirements do not change a receipt (1475.858933ms)
✔ legacy receipts recover requirement identity from their commit; unavailable history requires review (1049.534068ms)
✔ check refuses uncommitted requirement text and mechanism review markers (806.381259ms)
✔ tightened response limit cannot reuse the old passing check (1384.522028ms)
✔ a declared input over 1 MiB agrees at a commit and in the tree (LOOP-060) (478.518736ms)
✔ a failed Git blob read cannot be hashed as an empty blob (421.121412ms)
✔ Git listings over 1 MiB include the last declared input (2327.19272ms)
✔ requirement identity excludes fenced examples and status dates (555.958788ms)
✔ DemonCoder REM-002 and Status in progress cannot silently satisfy the review gate (LOOP-086) (854.170545ms)
✔ valid open findings retain their behavior (479.89563ms)
✔ valid resolved findings retain their behavior (568.545855ms)
✔ valid empty findings retain their behavior (623.466457ms)
✔ valid mixed valid findings retain their behavior (497.755956ms)
✔ malformed finding "open:" requires repair (473.098734ms)
✔ malformed finding "resolved:   " requires repair (446.615146ms)
✔ malformed finding "Open: incorrect case" requires repair (396.767911ms)
✔ malformed finding "unknown: issue" requires repair (381.919255ms)
✔ malformed finding "\u001b[31mBAD: issue" requires repair (360.171277ms)
✔ the established explicit empty findings list remains valid (398.869649ms)
✔ a scalar findings value requires the supported list format (359.901486ms)
✔ check runs a mechanism when a requirement outside the commitment was revised, and asks for the review once a commitment includes it (LOOP-059) (1006.463864ms)
✔ a Requirements: line written as a list is read like the flat form (LOOP-102) (159.367093ms)
✔ a subdirectory or a README in a record directory changes nothing (LOOP-103) (569.812789ms)
✔ two Current: lines are a roadmap repair (LOOP-104) (76.028417ms)
✔ a repeated identifier, an input under the evidence directory, and a missing cwd are refused by name (LOOP-105) (442.849058ms)
✔ a requirement whose evidence outlives its mechanism is named declare, not a regression or an escalation (LOOP-106) (1144.310392ms)
✔ an unreadable record is a repair, not an error exit (LOOP-107) (102.926905ms)
✔ a review needs commit, a nonempty examined list, and a findings list, each named when missing (LOOP-108) (1060.351556ms)
✔ a decision record missing a header field or naming a missing predecessor is a repair (LOOP-109) (323.418844ms)
✔ a dirty declared input with no in-progress record is named record ahead of run (LOOP-022, LOOP-110) (233.326728ms)
✔ with core.filemode false the index mode is the identity, so a mode-only difference does not refuse the check (LOOP-111) (246.975683ms)
✔ a project below the Git toplevel can run check (LOOP-112) (248.0108ms)
✔ a shallow clone names history to fetch, not a decision to build (LOOP-113) (164.240504ms)
✔ record-writing commands refuse to run outside a Cairn repository and write nothing (LOOP-118) (258.730258ms)
✔ a git that cannot start is one line and exit 3 from wake and from check, with nothing recorded (LOOP-137) (106.961873ms)
✔ an unexplained or uncommitted stop record is named explain before any other action; explained and committed, the wake moves on (LOOP-139) (269.281103ms)
✔ empty footprint names declaration before scope and records no evidence (LOOP-081) (616.908633ms)
✔ first declaration still checks the full earlier history (LOOP-081) (395.962351ms)
✔ an empty current footprint does not block an explicitly requested existing mechanism (LOOP-081) (399.258624ms)
✔ an inherited mechanism provides a footprint even before local mechanisms exist (255.834944ms)
✔ scope reports every path, escapes line breaks, and gives identical remedies (LOOP-082) (260.096644ms)
✔ scope verdict reuses the answered-escalation annotation (LOOP-048, LOOP-051, LOOP-083) (580.671532ms)
✔ a committed scope acknowledgment lets restored history proceed (LOOP-083) (788.585849ms)
✔ scope acknowledgment must be committed before it can clear a breach (645.86094ms)
✔ ordinary ok does not acknowledge scope history (292.344468ms)
✔ scope escalation refuses unrestored paths and names the restoration remedy (266.602434ms)
✔ an invalid scope request still records an explicitly Blocking decision (146.975226ms)
✔ ask and explanation stay open; only the final committed ok acknowledges scope (712.70272ms)
✔ instead is visible but does not silently authorize a scope exception (368.338769ms)
✔ later changes to an acknowledged path still block, including later reverts (1127.507355ms)
✔ approval cannot hide another path changed after the snapshot (384.50092ms)
✔ acknowledged history remains conditional on the paths staying restored (604.135495ms)
✔ editing the scope snapshot after answer invalidates its acknowledgment (284.262362ms)
✔ malformed scope metadata cannot suppress a breach (1442.704601ms)
✔ damaged acknowledgment fields cannot suppress a breach (573.496013ms)
✔ scope path matching is literal, including wildcard filenames and control characters (517.495604ms)
✔ scope acknowledgment does not carry into another activation of the same slug (310.32873ms)
✔ restoration checks additions, deletions, executable modes, and symlink kinds (1462.170464ms)
✔ explicit committed retention keeps correct work and requires new evidence and review (LOOP-084, LOOP-085) (2339.173346ms)
✔ a missing declaration covers correct earlier work without retention or revert (523.732488ms)
✔ keep requires scope and an unchanged committed candidate (159.853552ms)
✔ uncommitted retention and instead answers cannot clear the incident (1016.90021ms)
✔ retention does not grant future edits, even when reverted to the approved tree (1332.337158ms)
✔ retention cannot cover another path or another activation (545.094362ms)
✔ imported changes must still match the retained tree (588.644788ms)
✔ retention handles additions, deletions, modes, symlinks, and literal filenames (2005.404525ms)
✔ retention cannot convert an existing restoration answer or accept an unknown mode (427.24406ms)
✔ a check failure after retention remains a failure (676.682473ms)
✔ retained paths stay part of the stable checked candidate without extending its footprint (610.686131ms)
✔ retention ask needs an explanation and final committed approval (564.179606ms)
✔ an unknown scope mode remains invalid even with a matching approval digest (316.351004ms)
✔ backlog writes the item; a second with the same title is refused, never overwritten (LOOP-016) (136.539077ms)
✔ a commit inside the footprint: check runs; outside it: check names the path and does not run (LOOP-015, LOOP-035) (647.771794ms)
✔ Cairn's records are never a breach; another file under docs/ is (LOOP-117) (728.870362ms)
✔ declaring the path as an input clears the breach (295.706839ms)
✔ a revert preserves the record of an out-of-scope commit (LOOP-047) (295.686364ms)
✔ a commitment naming a requirement the spec set does not hold as Agreed is repaired (LOOP-029) (99.343676ms)
✔ a requirement in a Draft spec file is not Agreed (77.773953ms)
✔ working agreements and the ignore file are Cairn records (LOOP-035, LOOP-036) (472.724168ms)
✔ the over-asking rule is gone from both skills (SPEC-005, SPEC-006, SPEC-007) (1.332146ms)
✔ a decision during the phase is recorded (DEC-003) (0.127883ms)
✔ understanding is restated before writing (SPEC-003) (0.119444ms)
✔ falsifiers are proposed as one set and confirmed by exception (SPEC-004) (0.40821ms)
✔ depth is inferred and domains derived, never asked or imposed (SPEC-008, SPEC-009) (0.153104ms)
✔ a term enters the glossary at first occurrence (SPEC-010) (0.101008ms)
✔ the phase ends at the first commitment, and later ones are specified during the loop (SPEC-011, SPEC-012) (0.128785ms)
✔ a requirement goes Agreed only with a nameable mechanism (SPEC-013) (0.227085ms)
✔ review before agreement, recording what it attacked (SPEC-014, SPEC-015) (0.153654ms)
✔ no spec file without requirements; nothing Agreed without a falsifier (SPEC-001, SPEC-002) (0.233357ms)
✔ Observed is marked, and is not contract (SPEC-016, SPEC-017) (0.148732ms)
✔ the skills exclude artifacts outside Cairn's workflow (0.387576ms)
✔ the working agreement names the agent's move for each verdict and the write-ahead record (LOOP-036) (0.262049ms)
✔ the working agreement names the developer's moves (LOOP-036, DEC-014) (0.086357ms)
✔ this repository runs by the file it ships (0.434078ms)
✔ both skills write the working agreement without naming a vendor's file (LOOP-002, LOOP-036, PKG-006) (0.125906ms)
✔ the working agreement says what an attempt is (LOOP-036, DEC-017, DEC-018) (0.091575ms)
✔ the working agreement says a failure no footprint change can address is an escalation, and where an inherited requirement is repaired (DEC-019, LOOP-057) (0.106047ms)
✔ the working agreement states the promote, next-iteration, and no-deferral moves (LOOP-029, LOOP-087, LOOP-091, LOOP-092) (0.09453ms)
✔ both skills sort captures into the backlog or next-iteration and forbid deferral (LOOP-029, LOOP-092, LOOP-093) (0.079785ms)
✔ the skill requires a falsifier on every requirement, a MAY included (SPEC-025) (0.097645ms)
✔ the working agreement names the hooks as optional and the install skill registers them for two harnesses (PKG-006, PKG-018, PKG-019) (0.232329ms)
✔ the working agreement says the kernel is upgraded at Done, never inside a commitment (LOOP-096) (0.076778ms)
✔ the next-iteration skill starts from the specification and ends by naming the next commitment (SPEC-026, SPEC-027) (0.44127ms)
✔ every document that names the project skills names next-iteration beside them (SPEC-026, PKG-014) (2.792819ms)
✔ the working agreement states a move for every action the kernel can name (LOOP-101) (3.74938ms)
✔ the working agreement states both record formats and the two flags the moves need (LOOP-036) (0.14473ms)
✔ the skills demonstrate a safe violating example and preserve recon findings (SPEC-022, SPEC-023) (0.072516ms)
✔ the specification skills run the checker through the cairn command (PKG-029) (0.229654ms)
✔ the README invokes the phase skills by name and states versions and platforms (PKG-030, PKG-031) (0.441981ms)
✔ the manual and the walkthrough say the loop promotes backlog items at Done (0.776467ms)
✔ the working agreement says a report is not work under way, its findings are captured, and it is committed with them (LOOP-138) (0.085517ms)
✔ a two-obligation sentence is named (PKG-007) (60.710109ms)
✔ an obligation with no actor is named (PKG-010) (42.928122ms)
✔ a leading condition clause is not the actor, and the actor after it counts (46.547334ms)
✔ an Agreed requirement with no falsifier is named (SPEC-002); a Draft one is not (82.612213ms)
✔ prose after a Draft requirement with no falsifier is not scanned as requirement text (44.613337ms)
✔ a spec declaring a prefix with no requirement is named (SPEC-001) (57.727283ms)
✔ a keyword in backticks or quotes is a mention, not an obligation (55.025655ms)
✔ duplicate identifiers are rejected within a file and across files (SPEC-020) (96.049775ms)
✔ references resolve across files; missing references name their source (SPEC-021) (107.818984ms)
✔ code examples and quoted mentions are neither definitions nor references (43.182057ms)
✔ machine-local paths are findings in prose, links, quotes, and examples (SPEC-019) (441.67186ms)
✔ relative paths, URLs, slash commands, and character mentions are not absolute path findings (49.92727ms)
✔ a slash after a placeholder continues the template (SPEC-019) (68.578186ms)
✔ a host path is a finding until the file declares it (SPEC-019, SPEC-024) (81.830006ms)
✔ declared host paths cover children with a slash boundary and stay file-local (126.147544ms)
✔ a host-path declaration inside a requirement or example grants no exception (113.692654ms)
✔ host-path declarations require absolute or home-relative entries (215.732433ms)
✔ an Agreed block whose only keyword is MAY needs a falsifier like any other (SPEC-025, SPEC-002) (89.953018ms)
✔ a regex literal is not a path, a drive path and a file URL are, and a skill's slash name is allowed (SPEC-028, SPEC-029) (84.102814ms)
✔ a backticked or quoted actor still counts as one (PKG-010) (50.647875ms)
✔ a fence the file never closes is named, since the parser then reads its example as specification (74.708361ms)
✔ supersede writes both lines, and the old record keeps every word it had (DEC-008, DEC-010) (91.940812ms)
✔ supersede without a cause, or with one outside the four, is refused (DEC-009) (149.750303ms)
✔ supersede of a record that does not exist is refused (85.080184ms)
✔ a predecessor with no title line cannot be stamped, so nothing is written (89.785426ms)
✔ a --supersedes argument outside the slug alphabet is refused, and a path never reaches the filesystem (DEC-022) (242.068188ms)
✔ a record already superseded cannot be superseded again: one Superseded by line per record (DEC-022, DEC-010) (212.906776ms)
✔ reversals reports counts by decider, cause, and domain (DEC-011) (184.101855ms)
✔ decide in a domain with a reversal is refused without --history, naming the reversal; with it, the record carries History (DEC-012) (212.688694ms)
✔ decide in a domain with no reversals needs no --history (151.982428ms)
✔ a record resting on prose alone is in the domain unspecified, and so is the next one (138.766534ms)
✔ the decider tally normalizes case and whitespace, and names a value outside the vocabulary (DEC-020, DEC-011) (81.085914ms)
✔ a record with no Decided by line is tallied as unrecorded, not as a vocabulary value (74.677711ms)
✔ Decided by written as a list tallies like the flat form, and does not crash the report (LOOP-124, DEC-020) (67.588072ms)
✔ a second declaration for one requirement is accepted, a named check runs every mechanism, and Done needs each to pass (LOOP-056, LOOP-099) (2260.663439ms)
✔ one mechanism's stale evidence names that mechanism, and --stale runs only it (LOOP-056, LOOP-094) (773.13582ms)
✔ attempts are counted within one mechanism's records, so the other's passes do not reset them (LOOP-100, DEC-016) (1426.77918ms)
✔ step 1: an in-progress record is reconciled before anything else (102.227611ms)
✔ step 2: an open escalation is presented and nothing else happens (83.824715ms)
✔ an answered escalation is not open (516.665574ms)
✔ step 3: a decision with no realized-by is built, first by name (DEC-007) (101.574389ms)
✔ a superseded decision with no realized-by is not work (131.628396ms)
✔ step 6: a mechanism that has never run is run, not implemented (LOOP-008) (118.639338ms)
✔ step 6: a requirement whose mechanism fails is implemented (536.228431ms)
✔ step 6 before step 7: failing evidence outranks a missing mechanism (357.825214ms)
✔ step 7: a requirement with no mechanism is declared (LOOP-106) (89.143513ms)
✔ every verdict names who acts: Resolvable is the agent's, Done needs nobody, Escalate waits for the developer (LOOP-004) (588.8273ms)
✔ malformed roadmap is Resolvable, not fatal (LOOP-005) (73.276748ms)
✔ a commitment naming no requirements is Resolvable (LOOP-018) (62.356784ms)
✔ the primary test: two wakes on the same checkout give the same action, before and after a persisted transition (LOOP-001, LOOP-003) (574.658657ms)
✔ outside a cairn repository wake cannot run (41.576276ms)
✔ the loop never waits on the review queue (DEC-015) (366.209384ms)
✔ twenty built records cost one git call to resolve, not twenty (DEC-023) (198.954837ms)
✔ an ambiguous Realized by identifier is the repair that says lengthen it, not a build (LOOP-113, DEC-023) (180.147846ms)
✔ the linked walkthrough runs from agreement through the next commitment (PKG-016) (1418.898515ms)
ℹ tests 537
ℹ suites 0
ℹ pass 537
ℹ fail 0
ℹ cancelled 0
ℹ skipped 0
ℹ todo 0
ℹ duration_ms 54552.597922
