✔ a Draft block overrides an Agreed file for both wake and check (SPEC-018) (181.948213ms)
✔ an Agreed block overrides a Draft file in the kernel and lint (SPEC-018, SPEC-002) (582.825352ms)
✔ a block Status does not become the file default, including inside examples (SPEC-018) (351.453424ms)
✔ block status without a value does not inherit Agreed by accident (SPEC-018) (71.181233ms)
✔ inheritance needs a file Scope and includes only Agreed blocks, regardless of prefix (PKG-015) (1450.801805ms)
✔ Scope inside a requirement or fenced example does not declare inheritance (PKG-015) (662.126967ms)
✔ LOOP-063: reject input mutation during a check and retain diagnostics (382.082973ms)
✔ LOOP-063: reject deletion mutation during a check and retain diagnostics (397.041713ms)
✔ LOOP-063: reject addition mutation during a check and retain diagnostics (378.497486ms)
✔ LOOP-063: reject mode mutation during a check and retain diagnostics (350.422594ms)
✔ LOOP-063: reject specification mutation during a check and retain diagnostics (326.900575ms)
✔ LOOP-063: reject declaration mutation during a check and retain diagnostics (300.32169ms)
✔ LOOP-063: reject commit mutation during a check and retain diagnostics (284.569261ms)
✔ LOOP-063: committed input mutation during execution cannot certify the replacement (275.999698ms)
✔ LOOP-064: removing executable permission makes passing evidence stale (435.553227ms)
✔ LOOP-064: a mode-only change also invalidates the previous review after new evidence (649.140464ms)
✔ LOOP-064: changing a regular file into a link with identical identity bytes is stale (727.894368ms)
✔ LOOP-063: an unchanged candidate still records a pass despite unrelated working-tree edits (210.262855ms)
✔ LOOP-064: current and historical input ordering agrees for Unicode filenames (313.501354ms)
✔ LOOP-063: Git status hiding content changes cannot certify an uncommitted candidate (111.882463ms)
✔ LOOP-063: Git status hiding mode changes cannot certify an uncommitted candidate (96.240823ms)
✔ LOOP-066: one check owns execution with a kernel action record (473.61167ms)
✔ LOOP-066: one check owns execution with an agent action record (371.162244ms)
✔ LOOP-066: a live lock is named and never silently overwritten (145.799572ms)
✔ LOOP-066: a dead lock is named and never silently overwritten (134.320166ms)
✔ LOOP-066: a incomplete lock is named and never silently overwritten (123.464178ms)
✔ LOOP-066: an execution error releases the check lock for a corrected rerun (419.258282ms)
✔ LOOP-066: a live kernel action from an older Cairn also blocks execution (61.240178ms)
✔ LOOP-066: separate Git worktrees can run checks independently (386.46506ms)
✔ after a green check --stale runs nothing; after one input changes it runs only that mechanism (LOOP-094) (1088.350521ms)
✔ a mechanism speaking for two stale requirements runs once and refreshes both (LOOP-094, LOOP-040) (596.405143ms)
✔ a fresh failure and an unverified result are skipped with implement named (LOOP-094) (536.603947ms)
✔ --stale with a requirement identifier is refused (LOOP-094) (49.006907ms)
✔ check refuses a dirty declared input and names it; a dirty undeclared file does not block (470.395655ms)
✔ check writes one receipt per run carrying the full record and a result line per requirement (LOOP-097) (328.612978ms)
✔ a nonzero exit records fail, and the receipt keeps the exit code (321.119679ms)
✔ two checks write two records; nothing is overwritten or deleted (556.440693ms)
✔ a commit changing a declared input makes evidence stale; an undeclared one does not (608.165464ms)
✔ a regression is named before a requirement that never passed (712.636932ms)
✔ three attempts with no escalation since: wake says escalate, not a fourth (DEC-016, DEC-017, DEC-018) (1923.115607ms)
✔ the review gate: no review, stale review, open finding, then Done (907.811677ms)
✔ Done is refused while any requirement lacks current passing evidence (82.988018ms)
✔ check names a requested requirement that no mechanism claims (103.288103ms)
✔ check writes and clears an in-progress record around the run (191.994514ms)
✔ a linked declared input digests the same at a commit and in the tree (LOOP-023, LOOP-024) (377.015098ms)
✔ a result line is the mechanism's statement about one requirement; what it did not mention is unverified (LOOP-037, LOOP-052) (179.99453ms)
✔ a mechanism that says nothing is read by its exit code for every requirement (LOOP-039) (185.549907ms)
✔ unverified is not an attempt, and a return to an earlier failed digest counts once (DEC-017, DEC-018) (1574.88903ms)
✔ a result line for a requirement the mechanism does not speak for is named and writes nothing (LOOP-038) (194.079606ms)
✔ a result line inside ordinary output, or without the marker, does not count (196.268039ms)
✔ a targeted check runs the named requirements' mechanisms and records every requirement they speak for (LOOP-040) (196.248866ms)
✔ two result lines for one requirement: a fail on any line wins (200.391272ms)
✔ three runs at one digest with no attempt since: the verdict stays implement and names DEC-019; an escalation naming it among others clears the hint (DEC-019, LOOP-053) (891.134801ms)
✔ a complete commitment with an unpromoted backlog item names promote, and a stamped item lets it reach Done (LOOP-087) (887.633696ms)
✔ an empty backlog with waiting next-iteration items is Done, with the count as information and no action on them (LOOP-091) (723.30477ms)
✔ a promotion marker must resolve to a decision record (LOOP-088) (207.919287ms)
✔ a commitment promoted from an item needs a decision record naming the item (LOOP-088) (208.092457ms)
✔ the spec lint reports a promotion marker with no decision record (LOOP-088) (65.837967ms)
✔ a promoted commitment that changes an Agreed requirement or the working agreement is an escalation; an unpromoted one is not (LOOP-089, LOOP-090) (1214.226363ms)
✔ a capture from one of the commitment's own requirements needs Outside because: or an escalation (LOOP-092) (1356.342197ms)
✔ a next-iteration item names what it would change, and the capture refuses one that does not (LOOP-093) (382.913501ms)
✔ writes a record with every required field and an empty realized-by (37.405173ms)
✔ a Consequential decision is queued for review (50.985678ms)
✔ a Consequential decision is queued even when .cairn/queue does not exist yet (50.302107ms)
✔ Routine is refused: routine decisions produce no record (61.739956ms)
✔ a missing field is a usage error and nothing is written (39.426907ms)
✔ supersedes requires a classified cause, and the old record must exist (132.943002ms)
✔ an existing record is not overwritten (85.722868ms)
✔ a queued decision stays queued; nothing but the developer removes it (DEC-014) (104.041582ms)
✔ LOOP-067: missing inputs names a declaration repair before execution (131.580131ms)
✔ LOOP-067: empty inputs names a declaration repair before execution (153.473563ms)
✔ LOOP-067: missing command names a declaration repair before execution (135.693611ms)
✔ LOOP-067: list command names a declaration repair before execution (149.980467ms)
✔ LOOP-067: empty command names a declaration repair before execution (132.845977ms)
✔ LOOP-067: missing requirements names a declaration repair before execution (165.315874ms)
✔ LOOP-067: bad identifier names a declaration repair before execution (144.33234ms)
✔ LOOP-067: scalar one-item lists retain their existing meaning (296.494264ms)
✔ LOOP-068: a unpopulated gitlink is refused by name (150.219785ms)
✔ LOOP-068: a populated gitlink is refused by name (154.05237ms)
✔ LOOP-069: identical selections across 100 mechanisms use at most 20 Git processes (141.687033ms)
✔ escalate writes the six-line format followed by its facts, and wake presents it (137.031678ms)
✔ a missing or multi-line field is refused with the field named, and nothing is written (122.530568ms)
✔ a Blocking escalation that fails the format is written anyway, naming the malformed field (LOOP-014) (144.246951ms)
✔ a --level other than Blocking is refused rather than silently losing the bypass (73.288345ms)
✔ a second escalation while one is open is refused (LOOP-011) (108.712991ms)
✔ answer records the reply; wake no longer presents it; a second answer is refused (245.715676ms)
✔ answer to an unknown escalation is refused (67.221385ms)
✔ a stranger resumes from the file alone: question and answer are both in it (LOOP-013) (102.778429ms)
✔ after an answer, the same concern can be escalated again under a new name (175.66193ms)
✔ an escalation exists when its file does, committed or not (LOOP-009) (81.455391ms)
✔ developer answers require one of the three forms and cannot inject fields (LOOP-048) (457.90223ms)
✔ ask, agent explanation, another ask, and ok stay ordered in one file (LOOP-049, LOOP-050, LOOP-014) (643.915562ms)
✔ fresh closed answers accompany only concerned requirements until new evidence (LOOP-051) (620.457571ms)
✔ LOOP-065: delete of output refuses Done and a new run recovers (1165.397733ms)
✔ LOOP-065: corrupt of output refuses Done and a new run recovers (945.443632ms)
✔ LOOP-065: delete of stderr_output refuses Done and a new run recovers (798.922111ms)
✔ LOOP-065: corrupt of stderr_output refuses Done and a new run recovers (735.555245ms)
✔ LOOP-065: a receipt without output needs a new check (412.482904ms)
✔ LOOP-065: a receipt without output_digest needs a new check (420.043218ms)
✔ LOOP-065: a receipt without stderr_output needs a new check (393.185632ms)
✔ LOOP-065: a receipt without stderr_digest needs a new check (401.782767ms)
✔ LOOP-065: legacy unverifiable output is rerun without rewriting history (665.947894ms)
✔ a fresh record names the kernel that wrote it (LOOP-023) (304.842815ms)
✔ LOOP-095: a record from another kernel is stale with the kernel named, and a new check restores Done (679.468477ms)
✔ LOOP-095: a record from no kernel is stale with the kernel named, and a new check restores Done (663.247466ms)
✔ LOOP-070: a later failure is latest even when the clock moves backward (963.694121ms)
✔ LOOP-070: receipt collisions at one clock instant retain execution order beyond nine suffixes (2693.450826ms)
✔ LOOP-070: imported branch receipts stale a later sequence until a new check incorporates them (1039.743898ms)
✔ LOOP-070: legacy receipts need one ordered check and remain byte-for-byte unchanged (468.230702ms)
✔ LOOP-070: edit of a prior receipt requires fresh evidence (453.012003ms)
✔ LOOP-070: remove of a prior receipt requires fresh evidence (467.111759ms)
✔ LOOP-075: supporting evidence file README.md does not become a receipt (479.26865ms)
✔ LOOP-075: supporting evidence file notes.txt does not become a receipt (459.096297ms)
✔ LOOP-075: supporting evidence file support does not become a receipt (497.550939ms)
✔ LOOP-075: supporting evidence file .DS_Store does not become a receipt (489.470887ms)
✔ LOOP-075: a malformed result line (result=success) names a repair before execution (368.451804ms)
✔ LOOP-075: a malformed result line (sequence=NaN) names a repair before execution (348.707672ms)
✔ LOOP-075: a malformed result line (sequence=9007199254740992) names a repair before execution (348.243809ms)
✔ LOOP-075: a malformed result line (history_digest=wrong) names a repair before execution (352.33624ms)
✔ LOOP-075: a malformed result line (tokens) names a repair before execution (365.325953ms)
✔ LOOP-075: a receipt-shaped directory is a named repair instead of an EISDIR crash (267.762864ms)
✔ LOOP-070: an earlier escalation cannot cover three new attempts after clock rollback (987.855189ms)
✔ LOOP-070: an answer becomes old after a later check even if that check's timestamp is earlier (650.437807ms)
✔ LOOP-070: the newest answer wins between checks even when its clock timestamp is older (399.025706ms)
✔ LOOP-070: legacy escalation dates cover old receipts but not three newer sequenced runs (1404.237452ms)
✔ a PKG requirement the commitment does not name is declared, run, and gates Done (PKG-011) (1639.015785ms)
✔ a PKG requirement in a Draft spec is not folded in (392.759816ms)
✔ LOOP-076/079: stale inputs identify the receipt and the check to run (689.166131ms)
✔ LOOP-077: names a content change using checked input identity (639.742315ms)
✔ LOOP-077: names a mode change using checked input identity (530.200799ms)
✔ LOOP-077: names a kind change using checked input identity (480.645966ms)
✔ LOOP-077: names a added change using checked input identity (441.872948ms)
✔ LOOP-077: names a removed change using checked input identity (426.790448ms)
✔ LOOP-077: names a link-target change using checked input identity (635.679481ms)
✔ LOOP-077: changed selection compares the old and new input sets (397.143803ms)
✔ LOOP-077: raw CRLF changes remain visible when Git-clean content agrees (398.333245ms)
✔ LOOP-077: detail output is sorted, bounded, and reports the omitted count (416.534703ms)
✔ LOOP-077: filenames cannot inject lines or terminal controls into explanations (383.375946ms)
✔ LOOP-077: receipts from one run share details and do not store source contents (295.080735ms)
✔ LOOP-078/080: legacy optional detail limits explanation without changing standing (460.945702ms)
✔ LOOP-078/080: invalid-field optional detail limits explanation without changing standing (470.849582ms)
✔ LOOP-078/080: missing optional detail limits explanation without changing standing (487.551245ms)
✔ LOOP-078/080: invalid-json optional detail limits explanation without changing standing (496.095547ms)
✔ LOOP-078/080: mismatched optional detail limits explanation without changing standing (482.069017ms)
✔ LOOP-078/080: duplicate optional detail limits explanation without changing standing (486.580244ms)
✔ LOOP-078/080: unsafe-path optional detail limits explanation without changing standing (492.945561ms)
✔ LOOP-078/080: directory optional detail limits explanation without changing standing (466.37141ms)
✔ LOOP-078/080: symlink optional detail limits explanation without changing standing (471.527223ms)
✔ LOOP-078: unavailable old requirement text is not claimed as a proven change (374.682843ms)
✔ LOOP-076/079: changed requirements identify evidence and retain review-before-check guidance (381.065433ms)
✔ LOOP-078: simultaneous input and output damage keep both reasons (383.046274ms)
✔ LOOP-080: deterministic freshness sequence seed=7 (7603.480274ms)
✔ LOOP-080: deterministic freshness sequence seed=42 (5963.933735ms)
✔ LOOP-080: deterministic freshness sequence seed=913 (5388.482155ms)
✔ LOOP-080: agreement changes, mechanism review, checks, and completion review retain priority (1166.958823ms)
✔ LOOP-080: imported receipt history demands a rerun without a false input explanation (1330.096898ms)
✔ LOOP-073: clean CRLF input completes under attributes (521.831288ms)
✔ LOOP-073: clean CRLF input completes under autocrlf (496.023825ms)
✔ LOOP-073: raw line-ending mutation during a run is rejected even when Git still sees the same content (212.2525ms)
✔ LOOP-073: execution evidence changes when clean conversion preserves committed identity (823.348189ms)
✔ LOOP-073: Git clean filters use Git's conversion while retaining raw evidence identity (394.449384ms)
✔ LOOP-073: failure of a required Git filter cannot record evidence (110.309066ms)
✔ LOOP-073: a clean filter moving HEAD during ending validation prevents evidence (486.245002ms)
✔ LOOP-073: canonical Git identities handle links without reading their targets (347.397061ms)
✔ LOOP-073: Git conversion keeps raw Unicode and control-character input paths (329.850497ms)
✔ LOOP-073: conversion and links work in a SHA-256 Git repository (330.968181ms)
✔ LOOP-074: historical specification filename "café.md" remains reviewable (317.92098ms)
✔ LOOP-074: historical specification filename "spec\ttab.md" remains reviewable (308.114149ms)
✔ LOOP-074: historical specification filename "spec\nline.md" remains reviewable (325.227491ms)
✔ help works outside a repository without running a command (PKG-017) (907.911388ms)
✔ help does not hide invalid options or consume literal arguments (163.457177ms)
✔ the stop hook refuses a stop while wake says Resolvable, with the verdict as the reason (PKG-018) (205.665678ms)
✔ the stop hook allows a stop at Done, at Escalate, and outside a Cairn repository (PKG-018) (967.848459ms)
✔ the session-start hook links the command once and prints the verdict in a Cairn repository (PKG-019, PKG-014, PKG-005) (420.094148ms)
✔ the session-start hook prints no verdict outside a Cairn repository and leaves an existing link alone (PKG-019) (40.690182ms)
✔ three megabytes are retained exactly once with matching digests (LOOP-041, LOOP-042) (379.477036ms)
✔ split stdout result lines survive a long non-result line; stderr is never a verdict (384.384881ms)
✔ signal termination is recorded and logs survive a clone (LOOP-043) (351.45633ms)
✔ working agreements and ignore changes are Cairn records inside the footprint (341.039175ms)
✔ a clean package passes (76.720469ms)
✔ PKG-001: a dependency, or a service manifest (131.210232ms)
✔ PKG-002: ignoring evidence or other durable state (78.247386ms)
✔ PKG-003: a command, a directory, or a record kind no decision names (193.49661ms)
✔ PKG-004: a kernel over 1500 lines (63.949131ms)
✔ PKG-006: a skill step naming a vendor's product (57.605706ms)
✔ PKG-008: a non-ASCII character in a tracked text file (65.068464ms)
✔ PKG-009: the kernel importing from tests (63.618015ms)
✔ PKG-012: a network call or a model vendor in the kernel (123.881224ms)
✔ PKG-013: deferral language, but not in code, quotes, or a rule (126.013245ms)
✔ this repository passes the package lint (172.287733ms)
✔ a tracked path deleted from the working tree is skipped, not a crash (76.831801ms)
✔ a sentence in a Formats section is not a record kind (66.038251ms)
✔ a record kind named by its path alone is checked (65.597006ms)
✔ PKG-002: a tracked in-progress record (62.510481ms)
✔ PKG-002: ignoring evidence alone is a finding (54.840794ms)
✔ LOOP-071: decision body metadata does not resolve unbuilt work: "Superseded by: example" (639.632994ms)
✔ LOOP-071: decision body metadata does not resolve unbuilt work: "```text\nSuperseded by: example\n```" (594.627104ms)
✔ LOOP-071: decision body metadata does not resolve unbuilt work: "~~~text\nSuperseded by: example\n~~~" (540.858275ms)
✔ LOOP-071: a fenced realization example is not a resolving commit (459.88479ms)
✔ LOOP-071: a fenced commit inside the realization section is not built (424.362975ms)
✔ LOOP-071: ## Example cannot replace an open review finding (442.260928ms)
✔ LOOP-071: # Example cannot replace an open review finding (401.717012ms)
✔ LOOP-071: ### Example cannot replace an open review finding (422.452372ms)
✔ LOOP-071:   ## Example cannot replace an open review finding (413.044019ms)
✔ LOOP-071: Example paragraph. cannot replace an open review finding (414.750228ms)
✔ LOOP-071: Example
------- cannot replace an open review finding (401.388874ms)
✔ LOOP-071: fenced fields before a real review header are ignored (375.364379ms)
✔ LOOP-071: multiline decision --title cannot inject metadata (311.546663ms)
✔ LOOP-071: multiline decision --decided-by cannot inject metadata (304.594044ms)
✔ LOOP-071: multiline decision --rests-on cannot inject metadata (339.276322ms)
✔ LOOP-071: multiline decision --wrong-if cannot inject metadata (305.612326ms)
✔ LOOP-071: multiline decision --history cannot inject metadata (315.917706ms)
✔ LOOP-072: malformed Blocking concerns stay open: "R-001\nAnswer: ok" (92.57983ms)
✔ LOOP-072: malformed Blocking concerns stay open: "R-001\r\nAnswer: ok" (65.334855ms)
✔ LOOP-072: malformed Blocking concerns stay open: "R-001\rAnswer: ok" (92.876988ms)
✔ LOOP-072: malformed Blocking concerns stay open: "R-001 Answer: ok" (74.730066ms)
✔ LOOP-072: malformed Blocking concerns stay open: "R-001 Answer: ok" (86.494768ms)
✔ LOOP-072: ordinary malformed concerns are refused: "R-001\nR-002" (33.929942ms)
✔ LOOP-072: ordinary malformed concerns are refused: "R-001, prose" (35.737135ms)
✔ LOOP-072: ordinary malformed concerns are refused: " " (40.18305ms)
✔ LOOP-072: a Blocking escalation without concerns is still presented (68.743538ms)
✔ LOOP-072: carriage returns in a Blocking question do not create answer records (81.11321ms)
✔ LOOP-072: explanation separator 8232 cannot close an escalation (119.078629ms)
✔ LOOP-071: decision metadata refuses separator 8232 (318.934279ms)
✔ LOOP-072: explanation separator 8233 cannot close an escalation (125.465374ms)
✔ LOOP-071: decision metadata refuses separator 8233 (315.128777ms)
✔ each unmatched input and each duplicate owner is refused before execution (LOOP-044, LOOP-056) (334.922168ms)
✔ an indexed input deleted on disk asks for a commit (LOOP-045) (151.139064ms)
✔ wake and check require a Git working tree (LOOP-046) (145.603655ms)
✔ recovery removes only dead kernel run records and identifies a live owner (LOOP-054, LOOP-055) (295.316778ms)
✔ an agent action based behind a clean HEAD appears committed (LOOP-027) (192.752008ms)
✔ realization needs a real commit and a subject (DEC-006) (243.113756ms)
✔ 1500 binary inputs digest identically at the review commit in under a second (LOOP-024, LOOP-032) (1244.672752ms)
✔ merged work is excluded but a later own commit is a breach (LOOP-047) (185.566535ms)
✔ exact Current tenure ignores prefix matches and earlier visits to the same slug (LOOP-035) (207.587376ms)
✔ a kernel run records its supervising PID (LOOP-054) (202.539274ms)
✔ a merged declared input still stales evidence (LOOP-047) (301.79129ms)
✔ wildcard and magic pathspecs select the same historical inputs (LOOP-024, LOOP-032) (1813.922914ms)
✔ historical selection retains deleted files and excludes new ones (LOOP-024, LOOP-035) (1174.429917ms)
✔ explicit reporting with no lines and exit 0 establishes no requirement verdicts (468.214323ms)
✔ explicit reporting with no lines and exit 1 establishes no requirement verdicts (412.134655ms)
✔ a reporter that cannot start keeps execution diagnostics without blaming requirements (302.526093ms)
✔ large output cannot kill a reporter or invent a requirement verdict (319.967445ms)
✔ explicit mode ignores cairn: R-999: pass (263.461968ms)
✔ explicit mode ignores cairn: R-001: unverified (261.222491ms)
✔ explicit mode ignores cairn: R-001: passed (232.548839ms)
✔ explicit results survive nonzero exit and contradictory duplicates still fail (443.477966ms)
✔ unverified results across changed inputs never become failed attempts (1152.107492ms)
✔ legacy exit 0 retains its interpretation (195.737528ms)
✔ legacy exit 1 retains its interpretation (189.101213ms)
✔ a misspelled reporting mode is refused before execution (103.774726ms)
✔ changed requirement blocks unchecked reruns and makes the completion review stale (LOOP-058, LOOP-059) (1664.985821ms)
✔ falsifier changes need review; separate rationale and other requirements do not change a receipt (914.2837ms)
✔ legacy receipts recover requirement identity from their commit; unavailable history requires review (698.84697ms)
✔ check refuses uncommitted requirement text and mechanism review markers (644.135526ms)
✔ tightened response limit cannot reuse the old passing check (1206.216961ms)
✔ a declared input over 1 MiB agrees at a commit and in the tree (LOOP-060) (424.002169ms)
✔ a failed Git blob read cannot be hashed as an empty blob (352.401263ms)
✔ Git listings over 1 MiB include the last declared input (2175.755203ms)
✔ requirement identity excludes fenced examples and status dates (482.504399ms)
✔ DemonCoder REM-002 and Status in progress cannot silently satisfy the review gate (LOOP-086) (817.843223ms)
✔ valid open findings retain their behavior (508.702287ms)
✔ valid resolved findings retain their behavior (432.233059ms)
✔ valid empty findings retain their behavior (385.534319ms)
✔ valid mixed valid findings retain their behavior (348.041244ms)
✔ malformed finding "open:" requires repair (331.823837ms)
✔ malformed finding "resolved:   " requires repair (307.108423ms)
✔ malformed finding "Open: incorrect case" requires repair (316.162452ms)
✔ malformed finding "unknown: issue" requires repair (329.080581ms)
✔ malformed finding "\u001b[31mBAD: issue" requires repair (306.370035ms)
✔ the established explicit empty findings list remains valid (304.61586ms)
✔ a scalar findings value requires the supported list format (309.071259ms)
✔ empty footprint names declaration before scope and records no evidence (LOOP-081) (551.838055ms)
✔ first declaration still checks the full earlier history (LOOP-081) (337.587336ms)
✔ an empty current footprint does not block an explicitly requested existing mechanism (LOOP-081) (281.741955ms)
✔ an inherited mechanism provides a footprint even before local mechanisms exist (212.900677ms)
✔ scope reports every path, escapes line breaks, and gives identical remedies (LOOP-082) (186.055137ms)
✔ scope verdict reuses the answered-escalation annotation (LOOP-048, LOOP-051, LOOP-083) (448.711951ms)
✔ a committed scope acknowledgment lets restored history proceed (LOOP-083) (521.985587ms)
✔ scope acknowledgment must be committed before it can clear a breach (536.577556ms)
✔ ordinary ok does not acknowledge scope history (253.998353ms)
✔ scope escalation refuses unrestored paths and names the restoration remedy (207.185243ms)
✔ an invalid scope request still records an explicitly Blocking decision (125.807346ms)
✔ ask and explanation stay open; only the final committed ok acknowledges scope (596.051985ms)
✔ instead is visible but does not silently authorize a scope exception (348.521558ms)
✔ later changes to an acknowledged path still block, including later reverts (974.137119ms)
✔ approval cannot hide another path changed after the snapshot (326.461614ms)
✔ acknowledged history remains conditional on the paths staying restored (472.086504ms)
✔ editing the scope snapshot after answer invalidates its acknowledgment (247.512358ms)
✔ malformed scope metadata cannot suppress a breach (1289.605784ms)
✔ damaged acknowledgment fields cannot suppress a breach (508.170822ms)
✔ scope path matching is literal, including wildcard filenames and control characters (474.470608ms)
✔ scope acknowledgment does not carry into another activation of the same slug (276.216653ms)
✔ restoration checks additions, deletions, executable modes, and symlink kinds (1381.643349ms)
✔ explicit committed retention keeps correct work and requires new evidence and review (LOOP-084, LOOP-085) (1840.440329ms)
✔ a missing declaration covers correct earlier work without retention or revert (407.101597ms)
✔ keep requires scope and an unchanged committed candidate (134.582221ms)
✔ uncommitted retention and instead answers cannot clear the incident (861.334461ms)
✔ retention does not grant future edits, even when reverted to the approved tree (1152.339374ms)
✔ retention cannot cover another path or another activation (503.762534ms)
✔ imported changes must still match the retained tree (548.135187ms)
✔ retention handles additions, deletions, modes, symlinks, and literal filenames (1793.780815ms)
✔ retention cannot convert an existing restoration answer or accept an unknown mode (381.729112ms)
✔ a check failure after retention remains a failure (683.06957ms)
✔ retained paths stay part of the stable checked candidate without extending its footprint (530.179154ms)
✔ retention ask needs an explanation and final committed approval (513.504208ms)
✔ an unknown scope mode remains invalid even with a matching approval digest (265.072668ms)
✔ backlog writes the item; a second with the same title is refused, never overwritten (LOOP-016) (130.959389ms)
✔ a commit inside the footprint: check runs; outside it: check names the path and does not run (LOOP-035) (536.116215ms)
✔ a file under .cairn/ or docs/ is never a breach (480.110404ms)
✔ declaring the path as an input clears the breach (254.059572ms)
✔ a revert preserves the record of an out-of-scope commit (LOOP-047) (251.422726ms)
✔ a commitment naming a requirement the spec set does not hold as Agreed is repaired (LOOP-029) (82.729456ms)
✔ a requirement in a Draft spec file is not Agreed (72.107084ms)
✔ working agreements and the ignore file are Cairn records (LOOP-035, LOOP-036) (379.307051ms)
✔ the over-asking rule is gone from both skills (SPEC-005, SPEC-006) (1.026889ms)
✔ a decision during the phase is recorded (DEC-003) (0.256277ms)
✔ understanding is restated before writing (SPEC-003) (0.104217ms)
✔ falsifiers are proposed as one set and confirmed by exception (SPEC-004) (0.234424ms)
✔ depth is inferred and domains derived, never asked or imposed (SPEC-008, SPEC-009) (0.097412ms)
✔ a term enters the glossary at first occurrence (SPEC-010) (0.067878ms)
✔ the phase ends at the first commitment, and later ones are specified during the loop (SPEC-011, SPEC-012) (0.118349ms)
✔ a requirement goes Agreed only with a nameable mechanism (SPEC-013) (0.073862ms)
✔ review before agreement, recording what it attacked (SPEC-014, SPEC-015) (0.3156ms)
✔ no spec file without requirements; nothing Agreed without a falsifier (SPEC-001, SPEC-002) (0.247308ms)
✔ Observed is marked, and is not contract (SPEC-016, SPEC-017) (0.928405ms)
✔ the skills exclude artifacts outside Cairn's workflow (0.144538ms)
✔ the working agreement names the agent's move for each verdict and the write-ahead record (LOOP-036) (0.133933ms)
✔ the working agreement names the developer's moves (LOOP-036, DEC-014) (0.214779ms)
✔ this repository runs by the file it ships (0.515228ms)
✔ both skills write the working agreement without naming a vendor's file (LOOP-036, PKG-006) (0.084927ms)
✔ the working agreement says what an attempt is (LOOP-036, DEC-017, DEC-018) (0.041929ms)
✔ the working agreement says a failure no footprint change can address is an escalation, and where an inherited requirement is repaired (DEC-019, LOOP-057) (0.044599ms)
✔ the working agreement states the promote, next-iteration, and no-deferral moves (LOOP-029, LOOP-087, LOOP-091, LOOP-092) (0.162237ms)
✔ both skills sort captures into the backlog or next-iteration and forbid deferral (LOOP-029, LOOP-092, LOOP-093) (0.049186ms)
✔ the skill requires a falsifier on every requirement, a MAY included (SPEC-025) (0.065824ms)
✔ the working agreement names the hooks as optional and the install skill registers them for two harnesses (PKG-006, PKG-018, PKG-019) (0.142986ms)
✔ the working agreement says the kernel is upgraded at Done, never inside a commitment (LOOP-096) (0.0354ms)
✔ a two-obligation sentence is named (PKG-007) (37.313075ms)
✔ an obligation with no actor is named (PKG-010) (47.278412ms)
✔ a leading condition clause is not the actor, and the actor after it counts (38.739932ms)
✔ an Agreed requirement with no falsifier is named (SPEC-002); a Draft one is not (84.291343ms)
✔ prose after a Draft requirement with no falsifier is not scanned as requirement text (36.293845ms)
✔ a spec declaring a prefix with no requirement is named (SPEC-001) (37.147653ms)
✔ a keyword in backticks or quotes is a mention, not an obligation (40.794107ms)
✔ this repository's own specification passes the lint (50.946343ms)
✔ duplicate identifiers are rejected within a file and across files (SPEC-020) (77.953368ms)
✔ references resolve across files; missing references name their source (SPEC-021) (77.314627ms)
✔ code examples and quoted mentions are neither definitions nor references (35.392573ms)
✔ machine-local paths are findings in prose, links, quotes, and examples (SPEC-019) (380.869425ms)
✔ relative paths, URLs, slash commands, and character mentions are not absolute path findings (39.227042ms)
✔ a slash after a placeholder continues the template (SPEC-019) (73.183444ms)
✔ a host path is a finding until the file declares it (SPEC-019, SPEC-024) (91.603026ms)
✔ declared host paths cover children with a slash boundary and stay file-local (109.525373ms)
✔ a host-path declaration inside a requirement or example grants no exception (99.304368ms)
✔ host-path declarations require absolute or home-relative entries (162.058283ms)
✔ an Agreed block whose only keyword is MAY needs a falsifier like any other (SPEC-025, SPEC-002) (66.680122ms)
✔ supersede writes both lines, and the old record keeps every word it had (DEC-008, DEC-010) (87.490108ms)
✔ supersede without a cause, or with one outside the four, is refused (DEC-009) (123.117125ms)
✔ supersede of a record that does not exist is refused (71.720036ms)
✔ a predecessor with no title line cannot be stamped, so nothing is written (66.244489ms)
✔ reversals reports counts by decider, cause, and domain (DEC-011) (162.689693ms)
✔ decide in a domain with a reversal is refused without --history, naming the reversal; with it, the record carries History (DEC-012) (154.461492ms)
✔ decide in a domain with no reversals needs no --history (104.792527ms)
✔ a record resting on prose alone is in the domain unspecified, and so is the next one (109.716497ms)
✔ step 1: an in-progress record is reconciled before anything else (91.099841ms)
✔ step 2: an open escalation is presented and nothing else happens (76.163182ms)
✔ an answered escalation is not open (533.219349ms)
✔ step 3: a decision with no realized-by is built, first by name (88.361727ms)
✔ a superseded decision with no realized-by is not work (131.668307ms)
✔ step 6: a mechanism that has never run is run, not implemented (126.84481ms)
✔ step 6: a requirement whose mechanism fails is implemented (519.206368ms)
✔ step 6 before step 7: failing evidence outranks a missing mechanism (344.950276ms)
✔ step 7: a requirement with no mechanism is declared (91.698677ms)
✔ step 10: every requirement current and passing, review clean, is Done (334.835339ms)
✔ malformed roadmap is Resolvable, not fatal (48.739595ms)
✔ a commitment naming no requirements is Resolvable (57.513104ms)
✔ the primary test: two wakes on the same checkout give the same action (93.921859ms)
✔ outside a cairn repository wake cannot run (38.220372ms)
✔ the loop never waits on the review queue (DEC-015) (327.70227ms)
✔ the linked walkthrough runs from agreement through the next commitment (PKG-016) (1330.264959ms)
ℹ tests 381
ℹ suites 0
ℹ pass 381
ℹ fail 0
ℹ cancelled 0
ℹ skipped 0
ℹ todo 0
ℹ duration_ms 21538.44305
