✔ a Draft block overrides an Agreed file for both wake and check (SPEC-018) (205.743663ms)
✔ an Agreed block overrides a Draft file in the kernel and lint (SPEC-018, SPEC-002) (559.307819ms)
✔ a block Status does not become the file default, including inside examples (SPEC-018) (348.013675ms)
✔ block status without a value does not inherit Agreed by accident (SPEC-018) (81.751925ms)
✔ inheritance needs a file Scope and includes only Agreed blocks, regardless of prefix (PKG-015) (1512.41963ms)
✔ Scope inside a requirement or fenced example does not declare inheritance (PKG-015) (659.886109ms)
✔ a falsifier wrapped onto a line beginning with Status: does not become the block's status (SPEC-018) (0.93794ms)
✔ LOOP-063: reject input mutation during a check and retain diagnostics (360.926289ms)
✔ LOOP-063: reject deletion mutation during a check and retain diagnostics (439.639326ms)
✔ LOOP-063: reject addition mutation during a check and retain diagnostics (365.392647ms)
✔ LOOP-063: reject mode mutation during a check and retain diagnostics (358.570551ms)
✔ LOOP-063: reject specification mutation during a check and retain diagnostics (340.184529ms)
✔ LOOP-063: reject declaration mutation during a check and retain diagnostics (341.455702ms)
✔ LOOP-063: reject commit mutation during a check and retain diagnostics (332.59361ms)
✔ LOOP-063: committed input mutation during execution cannot certify the replacement (301.795499ms)
✔ LOOP-064: removing executable permission makes passing evidence stale (473.386771ms)
✔ LOOP-064: a mode-only change also invalidates the previous review after new evidence (655.626427ms)
✔ LOOP-064: changing a regular file into a link with identical identity bytes is stale (746.637454ms)
✔ LOOP-063: an unchanged candidate still records a pass despite unrelated working-tree edits (185.016673ms)
✔ LOOP-064: current and historical input ordering agrees for Unicode filenames (254.103843ms)
✔ LOOP-063: Git status hiding content changes cannot certify an uncommitted candidate (103.982188ms)
✔ LOOP-066: one check owns execution with a kernel action record (444.642753ms)
✔ LOOP-066: one check owns execution with an agent action record (421.850354ms)
✔ LOOP-066: a live lock is named and never silently overwritten (144.801596ms)
✔ LOOP-066: a dead lock is named and never silently overwritten (152.195724ms)
✔ LOOP-066: a incomplete lock is named and never silently overwritten (132.458558ms)
✔ LOOP-066: an execution error releases the check lock for a corrected rerun (438.525823ms)
✔ LOOP-066: a live kernel action from an older Cairn also blocks execution (84.521843ms)
✔ LOOP-066: separate Git worktrees can run checks independently (428.172155ms)
✔ after a green check --stale runs nothing; after one input changes it runs only that mechanism (LOOP-094) (966.520112ms)
✔ a mechanism speaking for two stale requirements runs once and refreshes both (LOOP-094, LOOP-040) (563.196071ms)
✔ a fresh failure and an unverified result are skipped with implement named (LOOP-094) (543.121299ms)
✔ --stale with a requirement identifier is refused (LOOP-094) (75.47279ms)
✔ check refuses a dirty declared input and names it; a dirty undeclared file does not block (LOOP-030) (396.582214ms)
✔ check writes one receipt per run carrying the full record and a result line per requirement (LOOP-097) (341.333036ms)
✔ a nonzero exit records fail, and the receipt keeps the exit code (LOOP-034) (318.628804ms)
✔ a pass after a fail keeps the failing record; nothing is overwritten or deleted (LOOP-025) (614.352197ms)
✔ a commit changing a declared input makes evidence stale; an undeclared one does not (LOOP-007) (671.619874ms)
✔ a regression is named before a requirement that never passed (LOOP-031) (805.372657ms)
✔ three attempts with no escalation since: wake says escalate, not a fourth (DEC-016, DEC-017, DEC-018) (1893.904736ms)
✔ the review gate: no review, stale review, open finding, then Done (LOOP-020, LOOP-033) (874.395034ms)
✔ Done is refused while any requirement lacks current passing evidence (LOOP-017) (74.377425ms)
✔ check names a requested requirement that no mechanism claims (90.697907ms)
✔ check writes the in-progress record before the run and clears it after (LOOP-021) (160.998481ms)
✔ a linked declared input digests the same at a commit and in the tree (LOOP-023, LOOP-024) (347.689697ms)
✔ a result line is the mechanism's statement about one requirement; what it did not mention is unverified (LOOP-037, LOOP-052) (175.935909ms)
✔ a mechanism that says nothing is read by its exit code for every requirement (LOOP-039) (177.63025ms)
✔ unverified is not an attempt, and a return to an earlier failed digest counts once (DEC-017, DEC-018) (1522.836537ms)
✔ a result line for a requirement the mechanism does not speak for is named and writes nothing (LOOP-038) (167.803389ms)
✔ a result line inside ordinary output, or without the marker, does not count (174.061407ms)
✔ a targeted check runs the named requirements' mechanisms and records every requirement they speak for (LOOP-040) (173.122106ms)
✔ two result lines for one requirement: a fail on any line wins (175.580119ms)
✔ three runs at one digest with no attempt since: the verdict stays implement and names DEC-019; an escalation naming it among others clears the hint (DEC-019, LOOP-053) (844.532058ms)
✔ a complete commitment with an unpromoted backlog item names promote, and a stamped item lets it reach Done (LOOP-087) (942.509343ms)
✔ an empty backlog with waiting next-iteration items is Done, with the count as information and no action on them (LOOP-091) (715.653086ms)
✔ a promotion marker must resolve to a decision record (LOOP-088) (229.033055ms)
✔ a commitment promoted from an item needs a decision record naming the item (LOOP-088) (243.240854ms)
✔ the spec lint reports a promotion marker with no decision record (LOOP-088) (79.231457ms)
✔ a promoted commitment that changes an Agreed requirement or the working agreement is an escalation; an unpromoted one is not (LOOP-089, LOOP-090) (1334.602045ms)
✔ a capture from one of the commitment's own requirements needs Outside because: or an escalation (LOOP-092) (1437.760368ms)
✔ a next-iteration item names what it would change, and the capture refuses one that does not (LOOP-093) (340.981301ms)
✔ a commitment specified from a next-iteration item needs the item stamped before anything else (SPEC-027) (457.325919ms)
✔ a by deference marker resolves to a decision record like a promotion marker (SPEC-002, LOOP-088) (156.622924ms)
✔ the LOOP-090 gate reads the Concerns line, not the slug as a substring (LOOP-114) (502.273224ms)
✔ the LOOP-088 check reads the Promotes line, and decide --promotes writes it (LOOP-115) (229.803463ms)
✔ the activation commit of a promoted commitment is inside the LOOP-089 comparison (LOOP-116) (134.927265ms)
✔ the LOOP-090 route needs one escalation: its Concerns line covers the moved item too (LOOP-119, LOOP-092, LOOP-114) (558.28725ms)
✔ an escalation raised before the promoted commitment began does not silence the LOOP-090 gate (LOOP-114) (303.330706ms)
✔ an escalation raised before the commitment began does not silence the capture gate (LOOP-119) (339.587257ms)
✔ the activation commit is inside the scope footprint (LOOP-120) (103.206033ms)
✔ a requirement Agreed at activation that is demoted or removed is a contract change (LOOP-121) (565.698838ms)
✔ the include files are the root files that hold @AGENTS.md: exempt from the footprint, compared by the gate (LOOP-122) (982.264371ms)
✔ a superseded promotion no longer satisfies the LOOP-088 check, and the repair says the promotion was reversed (LOOP-123) (433.558951ms)
✔ the restore route measures from the tree before activation, so a path the activation commit added must go (LOOP-120, LOOP-035) (167.248096ms)
✔ the loop works against exactly one commitment: the current one (LOOP-019) (386.272689ms)
✔ a promotion recorded below Consequential is a repair naming the level, since the developer never sees it in the queue (LOOP-088) (77.241725ms)
✔ every requirement the node-test declaration speaks for is named in a test title (PKG-025) (3.003614ms)
✔ every repository path the tests read is a declared input of node-test (PKG-026) (0.943949ms)
✔ writes a record with every required field and an empty realized-by (DEC-001, DEC-005) (61.035336ms)
✔ a Consequential decision is queued for review (DEC-013) (74.573132ms)
✔ a Consequential decision is queued even when .cairn/queue does not exist yet (91.200988ms)
✔ Routine is refused: routine decisions produce no record (67.920833ms)
✔ a missing field is a usage error and nothing is written (81.429437ms)
✔ supersedes requires a classified cause, and the old record must exist (187.117532ms)
✔ an existing record is not overwritten (135.703987ms)
✔ a queued decision stays queued; nothing but the developer removes it (DEC-014) (201.467301ms)
✔ LOOP-006, LOOP-067: missing inputs names a declaration repair before execution (167.321806ms)
✔ LOOP-006, LOOP-067: empty inputs names a declaration repair before execution (167.889283ms)
✔ LOOP-006, LOOP-067: missing command names a declaration repair before execution (155.009891ms)
✔ LOOP-006, LOOP-067: list command names a declaration repair before execution (147.125898ms)
✔ LOOP-006, LOOP-067: empty command names a declaration repair before execution (145.611179ms)
✔ LOOP-006, LOOP-067: missing requirements names a declaration repair before execution (178.975162ms)
✔ LOOP-006, LOOP-067: bad identifier names a declaration repair before execution (128.063493ms)
✔ LOOP-067: scalar one-item lists retain their existing meaning (278.482273ms)
✔ LOOP-068: a unpopulated gitlink is refused by name (161.97283ms)
✔ LOOP-068: a populated gitlink is refused by name (190.132757ms)
✔ LOOP-069: identical selections across 100 mechanisms use at most 20 Git processes (150.173359ms)
✔ escalate writes the six-line format followed by its facts, and wake presents it (LOOP-010, LOOP-026) (139.150693ms)
✔ a missing or multi-line field is refused with the field named, and nothing is written (LOOP-012) (147.369669ms)
✔ a Blocking escalation that fails the format is written anyway, naming the malformed field (LOOP-013) (145.462405ms)
✔ the loop stops for the developer only at Blocking: a recorded decision below it never yields Escalate, and the Blocking bypass must be spelled exactly (DEC-002) (307.711795ms)
✔ a second escalation while one is open is refused (LOOP-011) (131.639287ms)
✔ answer records the reply; wake no longer presents it; a second answer is refused (264.679466ms)
✔ answer to an unknown escalation is refused (72.883843ms)
✔ a stranger resumes from the file alone: question and answer are both in it (LOOP-014) (128.084609ms)
✔ after an answer, the same concern can be escalated again under a new name (192.661268ms)
✔ an escalation exists when its file does, committed or not (LOOP-009) (74.443451ms)
✔ developer answers require one of the three forms and cannot inject fields (LOOP-048) (584.026399ms)
✔ ask, agent explanation, another ask, and ok stay ordered in one file (LOOP-049, LOOP-050, LOOP-014) (701.297342ms)
✔ fresh closed answers accompany only concerned requirements until new evidence (LOOP-051) (621.921198ms)
✔ a raised escalation carries no derivable status line, and an old record with one still parses (LOOP-028) (147.861103ms)
✔ LOOP-065: delete of output refuses Done and a new run recovers (1194.575589ms)
✔ LOOP-065: corrupt of output refuses Done and a new run recovers (1037.802547ms)
✔ LOOP-065: delete of stderr_output refuses Done and a new run recovers (892.099162ms)
✔ LOOP-065: corrupt of stderr_output refuses Done and a new run recovers (791.215352ms)
✔ LOOP-065: a receipt without output needs a new check (415.345958ms)
✔ LOOP-065: a receipt without output_digest needs a new check (395.603531ms)
✔ LOOP-065: a receipt without stderr_output needs a new check (390.159048ms)
✔ LOOP-065: a receipt without stderr_digest needs a new check (352.105408ms)
✔ LOOP-065: legacy unverifiable output is rerun without rewriting history (611.782617ms)
✔ a fresh record names the kernel that wrote it (LOOP-023) (278.101467ms)
✔ LOOP-095: a record from another kernel is stale with the kernel named, and a new check restores Done (658.199083ms)
✔ LOOP-095: a record from no kernel is stale with the kernel named, and a new check restores Done (651.084205ms)
✔ LOOP-070: a later failure is latest even when the clock moves backward (956.810336ms)
✔ LOOP-070: receipt collisions at one clock instant retain execution order beyond nine suffixes (2889.482608ms)
✔ LOOP-070: imported branch receipts stale a later sequence until a new check incorporates them (1011.215932ms)
✔ LOOP-070, LOOP-098: legacy receipts need one ordered check, remain byte-for-byte unchanged, and precede the run receipt in the history (449.471651ms)
✔ LOOP-070: edit of a prior receipt requires fresh evidence (406.409975ms)
✔ LOOP-070: remove of a prior receipt requires fresh evidence (447.044765ms)
✔ LOOP-075: supporting evidence file README.md does not become a receipt (450.370901ms)
✔ LOOP-075: supporting evidence file notes.txt does not become a receipt (447.483872ms)
✔ LOOP-075: supporting evidence file support does not become a receipt (483.555932ms)
✔ LOOP-075: supporting evidence file .DS_Store does not become a receipt (470.864874ms)
✔ LOOP-075: a malformed result line (result=success) names a repair before execution (321.025665ms)
✔ LOOP-075: a malformed result line (sequence=NaN) names a repair before execution (327.335793ms)
✔ LOOP-075: a malformed result line (sequence=9007199254740992) names a repair before execution (318.331267ms)
✔ LOOP-075: a malformed result line (history_digest=wrong) names a repair before execution (327.606586ms)
✔ LOOP-075: a malformed result line (tokens) names a repair before execution (327.954763ms)
✔ LOOP-075: a receipt-shaped directory is a named repair instead of an EISDIR crash (261.766165ms)
✔ LOOP-070: an earlier escalation cannot cover three new attempts after clock rollback (926.540032ms)
✔ LOOP-070: an answer becomes old after a later check even if that check's timestamp is earlier (596.278368ms)
✔ LOOP-070: the newest answer wins between checks even when its clock timestamp is older (389.780796ms)
✔ LOOP-070: legacy escalation dates cover old receipts but not three newer sequenced runs (1365.012714ms)
✔ a PKG requirement the commitment does not name is declared, run, and gates Done (PKG-011) (1613.208207ms)
✔ a PKG requirement in a Draft spec is not folded in (417.106103ms)
✔ LOOP-076, LOOP-079: stale inputs identify the receipt and the check to run (699.114689ms)
✔ LOOP-077: names a content change using checked input identity (580.189286ms)
✔ LOOP-077: names a mode change using checked input identity (563.070491ms)
✔ LOOP-077: names a kind change using checked input identity (528.780868ms)
✔ LOOP-077: names a added change using checked input identity (512.767112ms)
✔ LOOP-077: names a removed change using checked input identity (453.670682ms)
✔ LOOP-077: names a link-target change using checked input identity (692.936858ms)
✔ LOOP-077: changed selection compares the old and new input sets (392.629391ms)
✔ LOOP-077: raw CRLF changes remain visible when Git-clean content agrees (410.646683ms)
✔ LOOP-077: detail output is sorted, bounded, and reports the omitted count (406.970327ms)
✔ LOOP-077: filenames cannot inject lines or terminal controls into explanations (361.749852ms)
✔ LOOP-077: receipts from one run share details and do not store source contents (246.710623ms)
✔ LOOP-078, LOOP-080: legacy optional detail limits explanation without changing standing (441.475236ms)
✔ LOOP-078, LOOP-080: invalid-field optional detail limits explanation without changing standing (436.066688ms)
✔ LOOP-078, LOOP-080: missing optional detail limits explanation without changing standing (432.074816ms)
✔ LOOP-078, LOOP-080: invalid-json optional detail limits explanation without changing standing (469.207948ms)
✔ LOOP-078, LOOP-080: mismatched optional detail limits explanation without changing standing (452.818016ms)
✔ LOOP-078, LOOP-080: duplicate optional detail limits explanation without changing standing (452.816765ms)
✔ LOOP-078, LOOP-080: unsafe-path optional detail limits explanation without changing standing (452.406986ms)
✔ LOOP-078, LOOP-080: directory optional detail limits explanation without changing standing (453.319269ms)
✔ LOOP-078, LOOP-080: symlink optional detail limits explanation without changing standing (458.387934ms)
✔ LOOP-078: unavailable old requirement text is not claimed as a proven change (339.876466ms)
✔ LOOP-076, LOOP-079: changed requirements identify evidence and retain review-before-check guidance (396.031714ms)
✔ LOOP-078: simultaneous input and output damage keep both reasons (378.350266ms)
✔ LOOP-080: deterministic freshness sequence seed=7 (7959.676769ms)
✔ LOOP-080: deterministic freshness sequence seed=42 (5896.307175ms)
✔ LOOP-080: deterministic freshness sequence seed=913 (5576.799751ms)
✔ LOOP-080: agreement changes, mechanism review, checks, and completion review retain priority (1192.297261ms)
✔ LOOP-080: imported receipt history demands a rerun without a false input explanation (1220.919888ms)
✔ LOOP-073: clean CRLF input completes under attributes (530.756134ms)
✔ LOOP-073: clean CRLF input completes under autocrlf (485.195766ms)
✔ LOOP-073: raw line-ending mutation during a run is rejected even when Git still sees the same content (219.331094ms)
✔ LOOP-073: execution evidence changes when clean conversion preserves committed identity (929.485765ms)
✔ LOOP-073: Git clean filters use Git's conversion while retaining raw evidence identity (432.72617ms)
✔ LOOP-073: failure of a required Git filter cannot record evidence (111.528773ms)
✔ LOOP-073: a clean filter moving HEAD during ending validation prevents evidence (515.499203ms)
✔ LOOP-073: canonical Git identities handle links without reading their targets (356.405583ms)
✔ LOOP-073: Git conversion keeps raw Unicode and control-character input paths (326.208544ms)
✔ LOOP-073: conversion and links work in a SHA-256 Git repository (325.705958ms)
✔ LOOP-074: historical specification filename "café.md" remains reviewable (336.560166ms)
✔ LOOP-074: historical specification filename "spec\ttab.md" remains reviewable (315.155811ms)
✔ LOOP-074: historical specification filename "spec\nline.md" remains reviewable (299.270075ms)
✔ help works outside a repository without running a command (PKG-017) (923.136605ms)
✔ help does not hide invalid options or consume literal arguments (191.170794ms)
✔ help lists the lint command (PKG-017) (35.46292ms)
✔ the stop hook refuses a stop while wake says Resolvable, with the verdict as the reason (PKG-018) (183.503442ms)
✔ the stop hook allows a stop at Done, at Escalate, and outside a Cairn repository (PKG-018) (972.918008ms)
✔ the session-start hook links the command once and prints the verdict in a Cairn repository (PKG-019, PKG-014, PKG-005) (419.241307ms)
✔ the session-start hook prints no verdict outside a Cairn repository and leaves an existing link that resolves alone (PKG-019) (46.480201ms)
✔ a checkout under a path with a space links a command that resolves, and its stop hook still blocks (PKG-019, PKG-021) (310.912058ms)
✔ the hooks run the kernel the command link resolves to, so hook and agent share one referee (PKG-021) (839.726202ms)
✔ a dangling link is replaced and reported (PKG-019) (134.303951ms)
✔ errors exit 0 with one line on standard error and no stack trace (PKG-022) (170.18296ms)
✔ the hooks judge with the cairn on PATH, a wrapper included, and session-start names it (PKG-033) (838.810354ms)
✔ a link to a wrapper or file is kept; a dangling link or one to a directory is replaced (PKG-034) (360.881658ms)
✔ a project below the Git toplevel gets the verdict and the stop refusal (PKG-035) (243.750169ms)
✔ a kernel that prints no verdict is one stderr line: the stop is allowed and session-start prints no trace (PKG-036) (136.275479ms)
✔ a link that cannot be created is one stderr line, and the verdict still prints (PKG-019, PKG-022) (118.763463ms)
✔ with git absent the hooks say so in one line and block nothing (PKG-022) (73.124509ms)
✔ cairn lint runs the checker over docs/spec by default and over a named directory (PKG-028) (242.407941ms)
✔ cairn lint names a missing directory in one line, takes one argument, and reports a bad root (PKG-028) (269.585762ms)
✔ three megabytes are retained exactly once with matching digests (LOOP-041, LOOP-042) (309.067718ms)
✔ split stdout result lines survive a long non-result line; stderr is never a verdict (403.616575ms)
✔ signal termination is recorded and logs survive a clone (LOOP-043) (335.901964ms)
✔ working agreements and ignore changes are Cairn records inside the footprint (326.730371ms)
✔ a clean package passes (114.448779ms)
✔ PKG-001: a dependency, or a service manifest (165.55653ms)
✔ PKG-002: ignoring evidence or other durable state, by directory or by extension (153.766245ms)
✔ PKG-003: a command, a directory, or a record kind no decision names (258.566291ms)
✔ PKG-004: a kernel over 1600 lines, counting every file under bin/ as wc -l does; exactly 1600 passes (342.496275ms)
✔ PKG-006: a skill step naming a vendor's product, in either order, across a wrapped list item (PKG-027) (309.380907ms)
✔ PKG-008: a non-ASCII character in a tracked text file (81.945212ms)
✔ PKG-009: the kernel importing from tests (68.64756ms)
✔ PKG-012: a network call or a model vendor in the kernel (156.536075ms)
✔ PKG-013: deferral language, but not in code, quotes, or a rule (492.896527ms)
✔ a tracked path deleted from the working tree is skipped, not a crash (76.602403ms)
✔ a sentence in a Formats section is not a record kind (69.037911ms)
✔ a record kind named by its path alone is checked (70.131911ms)
✔ PKG-002: a tracked in-progress record (72.400293ms)
✔ PKG-002: ignoring evidence alone is a finding (62.18974ms)
✔ PKG-003 reads the kernel's commands from its help output (PKG-023) (96.310928ms)
✔ the ASCII scan covers shipped files, not records under .cairn/ (PKG-024) (63.062292ms)
✔ a vendor-naming step wrapped across lines is matched (PKG-006, PKG-027) (63.589883ms)
✔ PKG-013 scans the README, the manual, and the walkthrough (PKG-032) (187.875654ms)
✔ the manifests, the listing and package.json agree on the name and version, and name paths the repository holds (PKG-037) (2.138077ms)
✔ the hooks file registers session-start and stop against the plugin's own hook.mjs through the plugin root variable (PKG-038) (0.839665ms)
✔ the registered commands print the verdict at session start, link the command into the plugin, and refuse a stop while wake says Resolvable (PKG-038, PKG-021) (334.64569ms)
✔ LOOP-071: decision body metadata does not resolve unbuilt work: "Superseded by: example" (695.607537ms)
✔ LOOP-071: decision body metadata does not resolve unbuilt work: "```text\nSuperseded by: example\n```" (623.710354ms)
✔ LOOP-071: decision body metadata does not resolve unbuilt work: "~~~text\nSuperseded by: example\n~~~" (566.333193ms)
✔ LOOP-071: a fenced realization example is not a resolving commit (526.558701ms)
✔ LOOP-071: a fenced commit inside the realization section is not built (469.437498ms)
✔ LOOP-071: ## Example cannot replace an open review finding (468.897906ms)
✔ LOOP-071: # Example cannot replace an open review finding (430.714768ms)
✔ LOOP-071: ### Example cannot replace an open review finding (427.795339ms)
✔ LOOP-071:   ## Example cannot replace an open review finding (426.149809ms)
✔ LOOP-071: Example paragraph. cannot replace an open review finding (392.721753ms)
✔ LOOP-071: Example
------- cannot replace an open review finding (365.360035ms)
✔ LOOP-071: fenced fields before a real review header are ignored (394.204301ms)
✔ LOOP-071: multiline decision --title cannot inject metadata (294.000071ms)
✔ LOOP-071: multiline decision --decided-by cannot inject metadata (304.306495ms)
✔ LOOP-071: multiline decision --rests-on cannot inject metadata (296.252686ms)
✔ LOOP-071: multiline decision --wrong-if cannot inject metadata (314.099786ms)
✔ LOOP-071: multiline decision --history cannot inject metadata (344.948591ms)
✔ LOOP-072: malformed Blocking concerns stay open: "R-001\nAnswer: ok" (87.917456ms)
✔ LOOP-072: malformed Blocking concerns stay open: "R-001\r\nAnswer: ok" (99.688854ms)
✔ LOOP-072: malformed Blocking concerns stay open: "R-001\rAnswer: ok" (77.90517ms)
✔ LOOP-072: malformed Blocking concerns stay open: "R-001 Answer: ok" (83.886773ms)
✔ LOOP-072: malformed Blocking concerns stay open: "R-001 Answer: ok" (97.264067ms)
✔ LOOP-072: ordinary malformed concerns are refused: "R-001\nR-002" (58.31953ms)
✔ LOOP-072: ordinary malformed concerns are refused: "R-001, prose" (51.279555ms)
✔ LOOP-072: ordinary malformed concerns are refused: " " (37.693137ms)
✔ LOOP-072: a Blocking escalation without concerns is still presented (85.690889ms)
✔ LOOP-072: carriage returns in a Blocking question do not create answer records (77.38776ms)
✔ LOOP-072: explanation separator 8232 cannot close an escalation (131.124536ms)
✔ LOOP-071: decision metadata refuses separator 8232 (305.036951ms)
✔ LOOP-072: explanation separator 8233 cannot close an escalation (164.707891ms)
✔ LOOP-071: decision metadata refuses separator 8233 (295.994807ms)
✔ Concerns, Rests on, and Promoted from written as lists read as the flat form (LOOP-124) (653.748699ms)
✔ an item named by filename, path, or backticked slug resolves like the slug (LOOP-125) (518.373889ms)
✔ an input that covers Cairn's own output is named as the repair, before and after a check (LOOP-126, LOOP-105) (565.498994ms)
✔ an unreadable record directory is a repair, not an error exit (LOOP-127) (74.51986ms)
✔ a title that slugifies to nothing is refused (LOOP-128) (108.456095ms)
✔ examined: [] is an empty list (LOOP-129, LOOP-108) (391.95029ms)
✔ below the Git toplevel the restore check compares root-relative paths (LOOP-130, LOOP-035) (315.807191ms)
✔ below the Git toplevel an uncommitted declared input is named from the project root (LOOP-132, LOOP-030) (187.08598ms)
✔ an input spelled .. from a project below the Git toplevel covers the evidence directory (LOOP-126, LOOP-105) (79.603639ms)
✔ a Consequential record this commitment added needs its queue entry committed (LOOP-131, DEC-004) (459.753412ms)
✔ a mechanism that removes the check lock still gets its evidence, with no repair for the lock (LOOP-107) (190.842198ms)
✔ a staged rename reads as its two paths, never as a bare origin token (LOOP-030, LOOP-110) (95.382808ms)
✔ a Current: line inside a fenced example is neither a second Current: line nor the commitment, before or after the real line (LOOP-104) (168.744738ms)
✔ a Status: word is taken only from a line that carries one, never from wrapped prose after it (SPEC-018) (0.876738ms)
✔ an unmatched input is refused before execution (LOOP-044) (164.768568ms)
✔ an indexed input deleted on disk asks for a commit (LOOP-045) (153.654181ms)
✔ wake and check require a Git working tree (LOOP-046) (140.442007ms)
✔ recovery removes only dead kernel run records and identifies a live owner (LOOP-054, LOOP-055) (309.390575ms)
✔ an agent action based behind a clean HEAD appears committed (LOOP-027) (203.919497ms)
✔ realization needs a real commit and a subject (DEC-006) (264.136352ms)
✔ 1500 binary inputs digest identically at the review commit in under a second (LOOP-024) (1354.558908ms)
✔ merged work is excluded but a later own commit is a breach (LOOP-047) (226.17092ms)
✔ exact Current tenure ignores prefix matches and earlier visits to the same slug (LOOP-035) (234.910877ms)
✔ a kernel run records its supervising PID (LOOP-054) (214.157522ms)
✔ a merged declared input still stales evidence (LOOP-047) (323.572453ms)
✔ wildcard and magic pathspecs select the same historical inputs (LOOP-024, LOOP-032) (1804.889513ms)
✔ historical selection retains deleted files and excludes new ones (LOOP-024, LOOP-035) (1153.246872ms)
✔ cairn --version prints the package.json version outside a repository, and help lists it (PKG-039) (147.044218ms)
✔ a release is one commit setting one version in the four files, with the changelog entry, tagged v<version> (PKG-040) (1003.024886ms)
✔ the release script refuses a bad version, no increase, a dirty tree, a missing entry, a taken tag, a disagreeing file, and a loop not at Done, each in one line with nothing written (PKG-040) (1772.252592ms)
✔ explicit reporting with no lines and exit 0 establishes no requirement verdicts (LOOP-061) (493.924432ms)
✔ explicit reporting with no lines and exit 1 establishes no requirement verdicts (LOOP-061) (419.186664ms)
✔ a reporter that cannot start keeps execution diagnostics without blaming requirements (LOOP-062) (287.350323ms)
✔ large output cannot kill a reporter or invent a requirement verdict (306.213299ms)
✔ explicit mode ignores cairn: R-999: pass (259.635332ms)
✔ explicit mode ignores cairn: R-001: unverified (291.30864ms)
✔ explicit mode ignores cairn: R-001: passed (260.794462ms)
✔ explicit results survive nonzero exit and contradictory duplicates still fail (483.458346ms)
✔ unverified results across changed inputs never become failed attempts (1163.812333ms)
✔ legacy exit 0 retains its interpretation (194.027959ms)
✔ legacy exit 1 retains its interpretation (191.715706ms)
✔ a misspelled reporting mode is refused before execution (91.111314ms)
✔ changed requirement blocks unchecked reruns and makes the completion review stale (LOOP-058, LOOP-059) (1673.972225ms)
✔ falsifier changes need review; separate rationale and other requirements do not change a receipt (1034.992968ms)
✔ legacy receipts recover requirement identity from their commit; unavailable history requires review (754.64562ms)
✔ check refuses uncommitted requirement text and mechanism review markers (670.376111ms)
✔ tightened response limit cannot reuse the old passing check (1181.933544ms)
✔ a declared input over 1 MiB agrees at a commit and in the tree (LOOP-060) (408.219528ms)
✔ a failed Git blob read cannot be hashed as an empty blob (355.878554ms)
✔ Git listings over 1 MiB include the last declared input (2420.385677ms)
✔ requirement identity excludes fenced examples and status dates (445.863381ms)
✔ DemonCoder REM-002 and Status in progress cannot silently satisfy the review gate (LOOP-086) (814.65143ms)
✔ valid open findings retain their behavior (468.904396ms)
✔ valid resolved findings retain their behavior (499.583823ms)
✔ valid empty findings retain their behavior (436.335607ms)
✔ valid mixed valid findings retain their behavior (402.118783ms)
✔ malformed finding "open:" requires repair (352.026557ms)
✔ malformed finding "resolved:   " requires repair (322.24441ms)
✔ malformed finding "Open: incorrect case" requires repair (306.353385ms)
✔ malformed finding "unknown: issue" requires repair (315.566096ms)
✔ malformed finding "\u001b[31mBAD: issue" requires repair (303.167436ms)
✔ the established explicit empty findings list remains valid (319.995134ms)
✔ a scalar findings value requires the supported list format (287.99999ms)
✔ a Requirements: line written as a list is read like the flat form (LOOP-102) (142.506175ms)
✔ a subdirectory or a README in a record directory changes nothing (LOOP-103) (545.759572ms)
✔ two Current: lines are a roadmap repair (LOOP-104) (76.197199ms)
✔ a repeated identifier, an input under the evidence directory, and a missing cwd are refused by name (LOOP-105) (413.336779ms)
✔ a requirement whose evidence outlives its mechanism is named declare, not a regression or an escalation (LOOP-106) (968.422926ms)
✔ an unreadable record is a repair, not an error exit (LOOP-107) (90.159151ms)
✔ a review needs commit, a nonempty examined list, and a findings list, each named when missing (LOOP-108) (830.941321ms)
✔ a decision record missing a header field or naming a missing predecessor is a repair (LOOP-109) (254.089158ms)
✔ a dirty declared input with no in-progress record is named record ahead of run (LOOP-022, LOOP-110) (211.929889ms)
✔ with core.filemode false the index mode is the identity, so a mode-only difference does not refuse the check (LOOP-111) (193.867295ms)
✔ a project below the Git toplevel can run check (LOOP-112) (220.605159ms)
✔ a shallow clone names history to fetch, not a decision to build (LOOP-113) (176.275514ms)
✔ record-writing commands refuse to run outside a Cairn repository and write nothing (LOOP-118) (220.778345ms)
✔ empty footprint names declaration before scope and records no evidence (LOOP-081) (605.054358ms)
✔ first declaration still checks the full earlier history (LOOP-081) (352.976816ms)
✔ an empty current footprint does not block an explicitly requested existing mechanism (LOOP-081) (284.491453ms)
✔ an inherited mechanism provides a footprint even before local mechanisms exist (264.424996ms)
✔ scope reports every path, escapes line breaks, and gives identical remedies (LOOP-082) (224.642485ms)
✔ scope verdict reuses the answered-escalation annotation (LOOP-048, LOOP-051, LOOP-083) (522.461023ms)
✔ a committed scope acknowledgment lets restored history proceed (LOOP-083) (654.330028ms)
✔ scope acknowledgment must be committed before it can clear a breach (593.765593ms)
✔ ordinary ok does not acknowledge scope history (275.440912ms)
✔ scope escalation refuses unrestored paths and names the restoration remedy (239.139005ms)
✔ an invalid scope request still records an explicitly Blocking decision (134.029432ms)
✔ ask and explanation stay open; only the final committed ok acknowledges scope (669.16159ms)
✔ instead is visible but does not silently authorize a scope exception (353.823611ms)
✔ later changes to an acknowledged path still block, including later reverts (1030.386393ms)
✔ approval cannot hide another path changed after the snapshot (340.700318ms)
✔ acknowledged history remains conditional on the paths staying restored (531.769573ms)
✔ editing the scope snapshot after answer invalidates its acknowledgment (296.395022ms)
✔ malformed scope metadata cannot suppress a breach (1485.352017ms)
✔ damaged acknowledgment fields cannot suppress a breach (526.465736ms)
✔ scope path matching is literal, including wildcard filenames and control characters (499.567358ms)
✔ scope acknowledgment does not carry into another activation of the same slug (301.500101ms)
✔ restoration checks additions, deletions, executable modes, and symlink kinds (1469.976053ms)
✔ explicit committed retention keeps correct work and requires new evidence and review (LOOP-084, LOOP-085) (2074.858941ms)
✔ a missing declaration covers correct earlier work without retention or revert (477.894455ms)
✔ keep requires scope and an unchanged committed candidate (156.936512ms)
✔ uncommitted retention and instead answers cannot clear the incident (952.834407ms)
✔ retention does not grant future edits, even when reverted to the approved tree (1227.174377ms)
✔ retention cannot cover another path or another activation (531.462657ms)
✔ imported changes must still match the retained tree (561.292365ms)
✔ retention handles additions, deletions, modes, symlinks, and literal filenames (1873.124528ms)
✔ retention cannot convert an existing restoration answer or accept an unknown mode (408.266616ms)
✔ a check failure after retention remains a failure (661.788693ms)
✔ retained paths stay part of the stable checked candidate without extending its footprint (546.758628ms)
✔ retention ask needs an explanation and final committed approval (531.183628ms)
✔ an unknown scope mode remains invalid even with a matching approval digest (282.322631ms)
✔ backlog writes the item; a second with the same title is refused, never overwritten (LOOP-016) (139.038548ms)
✔ a commit inside the footprint: check runs; outside it: check names the path and does not run (LOOP-015, LOOP-035) (585.873474ms)
✔ Cairn's records are never a breach; another file under docs/ is (LOOP-117) (556.855899ms)
✔ declaring the path as an input clears the breach (297.527694ms)
✔ a revert preserves the record of an out-of-scope commit (LOOP-047) (273.346691ms)
✔ a commitment naming a requirement the spec set does not hold as Agreed is repaired (LOOP-029) (76.721456ms)
✔ a requirement in a Draft spec file is not Agreed (73.281388ms)
✔ working agreements and the ignore file are Cairn records (LOOP-035, LOOP-036) (396.781468ms)
✔ the over-asking rule is gone from both skills (SPEC-005, SPEC-006, SPEC-007) (1.898064ms)
✔ a decision during the phase is recorded (DEC-003) (0.158557ms)
✔ understanding is restated before writing (SPEC-003) (0.123653ms)
✔ falsifiers are proposed as one set and confirmed by exception (SPEC-004) (0.305431ms)
✔ depth is inferred and domains derived, never asked or imposed (SPEC-008, SPEC-009) (0.144876ms)
✔ a term enters the glossary at first occurrence (SPEC-010) (0.116343ms)
✔ the phase ends at the first commitment, and later ones are specified during the loop (SPEC-011, SPEC-012) (0.660904ms)
✔ a requirement goes Agreed only with a nameable mechanism (SPEC-013) (0.111506ms)
✔ review before agreement, recording what it attacked (SPEC-014, SPEC-015) (1.07462ms)
✔ no spec file without requirements; nothing Agreed without a falsifier (SPEC-001, SPEC-002) (0.189532ms)
✔ Observed is marked, and is not contract (SPEC-016, SPEC-017) (0.542261ms)
✔ the skills exclude artifacts outside Cairn's workflow (0.157588ms)
✔ the working agreement names the agent's move for each verdict and the write-ahead record (LOOP-036) (0.624681ms)
✔ the working agreement names the developer's moves (LOOP-036, DEC-014) (0.090866ms)
✔ this repository runs by the file it ships (0.397419ms)
✔ both skills write the working agreement without naming a vendor's file (LOOP-002, LOOP-036, PKG-006) (0.259987ms)
✔ the working agreement says what an attempt is (LOOP-036, DEC-017, DEC-018) (0.082293ms)
✔ the working agreement says a failure no footprint change can address is an escalation, and where an inherited requirement is repaired (DEC-019, LOOP-057) (0.105368ms)
✔ the working agreement states the promote, next-iteration, and no-deferral moves (LOOP-029, LOOP-087, LOOP-091, LOOP-092) (0.096369ms)
✔ both skills sort captures into the backlog or next-iteration and forbid deferral (LOOP-029, LOOP-092, LOOP-093) (0.08512ms)
✔ the skill requires a falsifier on every requirement, a MAY included (SPEC-025) (0.091748ms)
✔ the working agreement names the hooks as optional and the install skill registers them for two harnesses (PKG-006, PKG-018, PKG-019) (0.228681ms)
✔ the working agreement says the kernel is upgraded at Done, never inside a commitment (LOOP-096) (0.072766ms)
✔ the next-iteration skill starts from the specification and ends by naming the next commitment (SPEC-026, SPEC-027) (0.243836ms)
✔ every document that names the project skills names next-iteration beside them (SPEC-026, PKG-014) (2.993723ms)
✔ the working agreement states a move for every action the kernel can name (LOOP-101) (1.357518ms)
✔ the working agreement states both record formats and the two flags the moves need (LOOP-036) (0.170069ms)
✔ the skills demonstrate a safe violating example and preserve recon findings (SPEC-022, SPEC-023) (0.084641ms)
✔ the specification skills run the checker through the cairn command (PKG-029) (0.28566ms)
✔ the README invokes the phase skills by name and states versions and platforms (PKG-030, PKG-031) (0.362148ms)
✔ the manual and the walkthrough say the loop promotes backlog items at Done (0.714794ms)
✔ a two-obligation sentence is named (PKG-007) (55.091179ms)
✔ an obligation with no actor is named (PKG-010) (38.601784ms)
✔ a leading condition clause is not the actor, and the actor after it counts (42.440103ms)
✔ an Agreed requirement with no falsifier is named (SPEC-002); a Draft one is not (101.929358ms)
✔ prose after a Draft requirement with no falsifier is not scanned as requirement text (33.702951ms)
✔ a spec declaring a prefix with no requirement is named (SPEC-001) (32.952321ms)
✔ a keyword in backticks or quotes is a mention, not an obligation (37.958433ms)
✔ duplicate identifiers are rejected within a file and across files (SPEC-020) (72.586418ms)
✔ references resolve across files; missing references name their source (SPEC-021) (81.818245ms)
✔ code examples and quoted mentions are neither definitions nor references (37.811817ms)
✔ machine-local paths are findings in prose, links, quotes, and examples (SPEC-019) (411.6852ms)
✔ relative paths, URLs, slash commands, and character mentions are not absolute path findings (41.277085ms)
✔ a slash after a placeholder continues the template (SPEC-019) (73.216467ms)
✔ a host path is a finding until the file declares it (SPEC-019, SPEC-024) (84.401743ms)
✔ declared host paths cover children with a slash boundary and stay file-local (101.05268ms)
✔ a host-path declaration inside a requirement or example grants no exception (121.115011ms)
✔ host-path declarations require absolute or home-relative entries (207.170215ms)
✔ an Agreed block whose only keyword is MAY needs a falsifier like any other (SPEC-025, SPEC-002) (71.783134ms)
✔ a regex literal is not a path, a drive path and a file URL are, and a skill's slash name is allowed (SPEC-028, SPEC-029) (73.547226ms)
✔ a backticked or quoted actor still counts as one (PKG-010) (39.186373ms)
✔ supersede writes both lines, and the old record keeps every word it had (DEC-008, DEC-010) (81.142724ms)
✔ supersede without a cause, or with one outside the four, is refused (DEC-009) (136.682467ms)
✔ supersede of a record that does not exist is refused (68.215083ms)
✔ a predecessor with no title line cannot be stamped, so nothing is written (69.662886ms)
✔ reversals reports counts by decider, cause, and domain (DEC-011) (190.399465ms)
✔ decide in a domain with a reversal is refused without --history, naming the reversal; with it, the record carries History (DEC-012) (181.375458ms)
✔ decide in a domain with no reversals needs no --history (114.69253ms)
✔ a record resting on prose alone is in the domain unspecified, and so is the next one (139.180865ms)
✔ a second declaration for one requirement is accepted, a named check runs every mechanism, and Done needs each to pass (LOOP-056, LOOP-099) (1762.366394ms)
✔ one mechanism's stale evidence names that mechanism, and --stale runs only it (LOOP-056, LOOP-094) (643.408481ms)
✔ attempts are counted within one mechanism's records, so the other's passes do not reset them (LOOP-100, DEC-016) (1225.989375ms)
✔ step 1: an in-progress record is reconciled before anything else (81.03929ms)
✔ step 2: an open escalation is presented and nothing else happens (80.007417ms)
✔ an answered escalation is not open (454.769692ms)
✔ step 3: a decision with no realized-by is built, first by name (DEC-007) (78.285449ms)
✔ a superseded decision with no realized-by is not work (112.030056ms)
✔ step 6: a mechanism that has never run is run, not implemented (LOOP-008) (101.285716ms)
✔ step 6: a requirement whose mechanism fails is implemented (433.249689ms)
✔ step 6 before step 7: failing evidence outranks a missing mechanism (311.338157ms)
✔ step 7: a requirement with no mechanism is declared (LOOP-106) (77.300821ms)
✔ every verdict names who acts: Resolvable is the agent's, Done needs nobody, Escalate waits for the developer (LOOP-004) (458.30523ms)
✔ malformed roadmap is Resolvable, not fatal (LOOP-005) (61.852619ms)
✔ a commitment naming no requirements is Resolvable (LOOP-018) (56.624213ms)
✔ the primary test: two wakes on the same checkout give the same action, before and after a persisted transition (LOOP-001, LOOP-003) (497.068292ms)
✔ outside a cairn repository wake cannot run (31.325136ms)
✔ the loop never waits on the review queue (DEC-015) (300.374585ms)
✔ the linked walkthrough runs from agreement through the next commitment (PKG-016) (1160.881461ms)
ℹ tests 460
ℹ suites 0
ℹ pass 460
ℹ fail 0
ℹ cancelled 0
ℹ skipped 0
ℹ todo 0
ℹ duration_ms 21947.988517
