✔ a Draft block overrides an Agreed file for both wake and check (SPEC-018) (205.928656ms)
✔ an Agreed block overrides a Draft file in the kernel and lint (SPEC-018, SPEC-002) (618.305206ms)
✔ a block Status does not become the file default, including inside examples (SPEC-018) (355.987259ms)
✔ block status without a value does not inherit Agreed by accident (SPEC-018) (71.519617ms)
✔ inheritance needs a file Scope and includes only Agreed blocks, regardless of prefix (PKG-015) (1949.535049ms)
✔ Scope inside a requirement or fenced example does not declare inheritance (PKG-015) (980.728352ms)
✔ a falsifier wrapped onto a line beginning with Status: does not become the block's status (SPEC-018) (0.887654ms)
✔ with attribution forbidden, an unpushed commit carrying an AI attribution line is named reword before any work; without the policy, or once pushed, it is not (PKG-045) (432.227991ms)
✔ each attribution form is caught, a prose mention is not, and the oldest attributed commit is named first (PKG-045) (535.439919ms)
✔ LOOP-063: reject input mutation during a check and retain diagnostics (430.593026ms)
✔ LOOP-063: reject deletion mutation during a check and retain diagnostics (401.107771ms)
✔ LOOP-063: reject addition mutation during a check and retain diagnostics (392.570694ms)
✔ LOOP-063: reject mode mutation during a check and retain diagnostics (374.605075ms)
✔ LOOP-063: reject specification mutation during a check and retain diagnostics (422.432776ms)
✔ LOOP-063: reject declaration mutation during a check and retain diagnostics (438.655167ms)
✔ LOOP-063: reject commit mutation during a check and retain diagnostics (392.067709ms)
✔ LOOP-063: committed input mutation during execution cannot certify the replacement (434.432107ms)
✔ LOOP-064: removing executable permission makes passing evidence stale (658.192458ms)
✔ LOOP-064: a mode-only change also invalidates the previous review after new evidence (850.528964ms)
✔ LOOP-064: changing a regular file into a link with identical identity bytes is stale (873.721174ms)
✔ LOOP-063: an unchanged candidate still records a pass despite unrelated working-tree edits (205.958445ms)
✔ LOOP-064: current and historical input ordering agrees for Unicode filenames (346.323902ms)
✔ LOOP-063: Git status hiding content changes cannot certify an uncommitted candidate (126.161751ms)
✔ LOOP-066: one check owns execution with a kernel action record (489.55197ms)
✔ LOOP-066: one check owns execution with an agent action record (427.8136ms)
✔ LOOP-066: a live lock is named and never silently overwritten (145.012228ms)
✔ LOOP-066: a dead lock is named and never silently overwritten (136.404486ms)
✔ LOOP-066: a incomplete lock is named and never silently overwritten (134.551403ms)
✔ LOOP-066: an execution error releases the check lock for a corrected rerun (477.978155ms)
✔ LOOP-066: a live kernel action from an older Cairn also blocks execution (100.502702ms)
✔ LOOP-066: separate Git worktrees can run checks independently (552.018207ms)
✔ after a green check --stale runs nothing; after one input changes it runs only that mechanism (LOOP-094) (929.226012ms)
✔ a mechanism speaking for two stale requirements runs once and refreshes both (LOOP-094, LOOP-040) (603.518952ms)
✔ a fresh failure and an unverified result are skipped with implement named (LOOP-094) (606.464387ms)
✔ --stale with a requirement identifier is refused (LOOP-094) (83.079193ms)
✔ check --stale holds back a mechanism whose requirement has three attempts and no escalation, names it, and records nothing (LOOP-094, DEC-016) (2028.793357ms)
✔ check refuses a dirty declared input and names it; a dirty undeclared file does not block (LOOP-030) (479.342833ms)
✔ check writes one receipt per run carrying the full record and a result line per requirement (LOOP-097) (297.086878ms)
✔ a nonzero exit records fail, and the receipt keeps the exit code (LOOP-034) (304.131605ms)
✔ a pass after a fail keeps the failing record; nothing is overwritten or deleted (LOOP-025) (676.505457ms)
✔ a commit changing a declared input makes evidence stale; an undeclared one does not (LOOP-007) (942.584086ms)
✔ a regression is named before a requirement that never passed (LOOP-031) (1014.939866ms)
✔ three attempts with no escalation since: wake says escalate, not a fourth (DEC-016, DEC-017, DEC-018) (2229.384161ms)
✔ the review gate: no review, stale review, open finding, then Done (LOOP-020, LOOP-033) (1023.374591ms)
✔ Done is refused while any requirement lacks current passing evidence (LOOP-017) (105.145946ms)
✔ check names a requested requirement that no mechanism claims (97.965152ms)
✔ check writes the in-progress record before the run and clears it after (LOOP-021) (191.709898ms)
✔ a linked declared input digests the same at a commit and in the tree (LOOP-023, LOOP-024) (404.553964ms)
✔ a result line is the mechanism's statement about one requirement; what it did not mention is unverified (LOOP-037, LOOP-052) (179.394635ms)
✔ a mechanism that says nothing is read by its exit code for every requirement (LOOP-039) (178.872314ms)
✔ unverified is not an attempt, and a return to an earlier failed digest counts once (DEC-017, DEC-018) (1569.706786ms)
✔ a result line for a requirement the mechanism does not speak for is named and writes nothing (LOOP-038) (183.442361ms)
✔ a result line inside ordinary output, or without the marker, does not count (172.767184ms)
✔ a targeted check runs the named requirements' mechanisms and records every requirement they speak for (LOOP-040) (189.489646ms)
✔ two result lines for one requirement: a fail on any line wins (196.952848ms)
✔ three runs at one digest with no attempt since: the verdict stays implement and names DEC-019; an escalation naming it among others clears the hint (DEC-019, LOOP-053) (874.478518ms)
✔ a receipt names its commit in full, and an older receipt with the short form is still read (LOOP-136) (257.632759ms)
✔ a change only to a document its declaration lists leaves the review fresh and the evidence stale; a change to another input makes the review stale (LOOP-141) (1033.33228ms)
✔ a complete commitment with an unpromoted backlog item names promote, and a stamped item lets it reach Done (LOOP-087) (1050.985876ms)
✔ an empty backlog with waiting next-iteration items is Done, with the count as information and no action on them (LOOP-091) (861.520088ms)
✔ a promotion marker must resolve to a decision record (LOOP-088) (284.71295ms)
✔ a commitment promoted from an item needs a decision record naming the item (LOOP-088) (276.899062ms)
✔ the spec lint reports a promotion marker with no decision record (LOOP-088) (74.011859ms)
✔ a promoted commitment that changes an Agreed requirement or the working agreement is an escalation; an unpromoted one is not (LOOP-089, LOOP-090) (1692.081105ms)
✔ a capture from one of the commitment's own requirements needs Outside because: or an escalation (LOOP-092) (1697.265438ms)
✔ a next-iteration item names what it would change, and the capture refuses one that does not (LOOP-093) (442.977884ms)
✔ a commitment specified from a next-iteration item needs the item stamped before anything else (SPEC-027) (519.510871ms)
✔ a by deference marker resolves to a decision record like a promotion marker (SPEC-002, LOOP-088) (170.379321ms)
✔ the LOOP-090 gate reads the Concerns line, not the slug as a substring (LOOP-114) (538.194434ms)
✔ the LOOP-088 check reads the Promotes line, and decide --promotes writes it (LOOP-115) (240.320085ms)
✔ the activation commit of a promoted commitment is inside the LOOP-089 comparison (LOOP-116) (145.202178ms)
✔ the LOOP-090 route needs one escalation: its Concerns line covers the moved item too (LOOP-119, LOOP-092, LOOP-114) (593.637026ms)
✔ an escalation raised before the promoted commitment began does not silence the LOOP-090 gate (LOOP-114) (296.888014ms)
✔ an escalation raised before the commitment began does not silence the capture gate (LOOP-119) (316.419299ms)
✔ the activation commit is inside the scope footprint (LOOP-120) (101.826107ms)
✔ a requirement Agreed at activation that is demoted or removed is a contract change (LOOP-121) (600.342316ms)
✔ the include files are the root files that hold @AGENTS.md: exempt from the footprint, compared by the gate (LOOP-122) (1076.164235ms)
✔ a superseded promotion no longer satisfies the LOOP-088 check, and the repair says the promotion was reversed (LOOP-123) (477.332532ms)
✔ the restore route measures from the tree before activation, so a path the activation commit added must go (LOOP-120, LOOP-035) (150.683287ms)
✔ the loop works against exactly one commitment: the current one (LOOP-019) (375.667867ms)
✔ a promotion recorded below Consequential is a repair naming the level, since the developer never sees it in the queue (LOOP-088) (64.433228ms)
✔ every requirement the node-test declaration speaks for is named in a test title (PKG-025) (3.010664ms)
✔ every repository path the tests read is a declared input of node-test (PKG-026) (0.849203ms)
✔ writes a record with every required field and an empty realized-by (DEC-001, DEC-005) (109.224978ms)
✔ a Consequential decision is queued for review (DEC-013) (81.136539ms)
✔ a Consequential decision is queued even when .cairn/queue does not exist yet (74.907086ms)
✔ Routine is refused: routine decisions produce no record (80.215289ms)
✔ a missing field is a usage error and nothing is written (64.582226ms)
✔ supersedes requires a classified cause, and the old record must exist (169.689355ms)
✔ an existing record is not overwritten (124.141201ms)
✔ a queued decision stays queued; nothing but the developer removes it (DEC-014) (192.156725ms)
✔ each accepted decider is stored lowercase, whatever case it was typed in (DEC-020) (515.002906ms)
✔ a decider outside the vocabulary is a usage error naming all three, and nothing is written (DEC-020) (436.168272ms)
✔ an empty --decided-by is the missing-field error, not the vocabulary one (73.98585ms)
✔ LOOP-006, LOOP-067: missing inputs names a declaration repair before execution (171.500969ms)
✔ LOOP-006, LOOP-067: empty inputs names a declaration repair before execution (133.00799ms)
✔ LOOP-006, LOOP-067: missing command names a declaration repair before execution (154.881776ms)
✔ LOOP-006, LOOP-067: list command names a declaration repair before execution (148.960529ms)
✔ LOOP-006, LOOP-067: empty command names a declaration repair before execution (138.143963ms)
✔ LOOP-006, LOOP-067: missing requirements names a declaration repair before execution (152.174074ms)
✔ LOOP-006, LOOP-067: bad identifier names a declaration repair before execution (119.814839ms)
✔ LOOP-067: scalar one-item lists retain their existing meaning (291.670103ms)
✔ LOOP-068: a unpopulated gitlink is refused by name (159.113851ms)
✔ LOOP-068: a populated gitlink is refused by name (188.000111ms)
✔ LOOP-069: identical selections across 100 mechanisms use at most 20 Git processes (138.014485ms)
✔ --defect needs --from naming an Agreed requirement, and writes Defect: yes (LOOP-140) (270.97793ms)
✔ an unfixed defect is named fix before a promotable item, and counts as fixed only with passing evidence at or after its commit and no Agreed text changed (LOOP-087, LOOP-140) (1975.734346ms)
✔ escalate writes the six-line format followed by its facts, and wake presents it (LOOP-010, LOOP-026) (167.447511ms)
✔ a missing or multi-line field is refused with the field named, and nothing is written (LOOP-012) (131.450781ms)
✔ a Blocking escalation that fails the format is written anyway, naming the malformed field (LOOP-013) (140.127318ms)
✔ the loop stops for the developer only at Blocking: a recorded decision below it never yields Escalate, and the Blocking bypass must be spelled exactly (DEC-002) (301.816265ms)
✔ a second escalation while one is open is refused (LOOP-011) (139.08631ms)
✔ answer records the reply; wake no longer presents it; a second answer is refused (252.466208ms)
✔ answer to an unknown escalation is refused (68.206771ms)
✔ a stranger resumes from the file alone: question and answer are both in it (LOOP-014) (120.184128ms)
✔ a developer-shaped answer during the agent's turn is refused and writes nothing; the explanation is still accepted (LOOP-135) (600.820224ms)
✔ after an answer, the same concern can be escalated again under a new name (225.908046ms)
✔ an escalation exists when its file does, committed or not (LOOP-009) (69.224842ms)
✔ developer answers require one of the three forms and cannot inject fields (LOOP-048) (643.937453ms)
✔ ask, agent explanation, another ask, and ok stay ordered in one file (LOOP-049, LOOP-050, LOOP-014) (834.53893ms)
✔ fresh closed answers accompany only concerned requirements until new evidence (LOOP-051) (733.317429ms)
✔ a raised escalation carries no derivable status line, and an old record with one still parses (LOOP-028) (162.280689ms)
✔ LOOP-065: delete of output refuses Done and a new run recovers (1233.276455ms)
✔ LOOP-065: corrupt of output refuses Done and a new run recovers (1252.041301ms)
✔ LOOP-065: delete of stderr_output refuses Done and a new run recovers (1241.918612ms)
✔ LOOP-065: corrupt of stderr_output refuses Done and a new run recovers (997.685354ms)
✔ LOOP-065: a receipt without output needs a new check (501.711112ms)
✔ LOOP-065: a receipt without output_digest needs a new check (500.926689ms)
✔ LOOP-065: a receipt without stderr_output needs a new check (466.828956ms)
✔ LOOP-065: a receipt without stderr_digest needs a new check (432.096389ms)
✔ LOOP-065: legacy unverifiable output is rerun without rewriting history (751.600801ms)
✔ a fresh record names the kernel that wrote it (LOOP-023) (333.931433ms)
✔ LOOP-095: a record from another kernel is stale with the kernel named, and a new check restores Done (720.00577ms)
✔ LOOP-095: a record from no kernel is stale with the kernel named, and a new check restores Done (711.261402ms)
✔ LOOP-070: a later failure is latest even when the clock moves backward (1022.210454ms)
✔ LOOP-070: receipt collisions at one clock instant retain execution order beyond nine suffixes (3731.380721ms)
✔ LOOP-070: imported branch receipts stale a later sequence until a new check incorporates them (1177.342405ms)
✔ LOOP-070, LOOP-098: legacy receipts need one ordered check, remain byte-for-byte unchanged, and precede the run receipt in the history (522.489591ms)
✔ LOOP-070: edit of a prior receipt requires fresh evidence (487.172722ms)
✔ LOOP-070: remove of a prior receipt requires fresh evidence (451.089441ms)
✔ LOOP-075: supporting evidence file README.md does not become a receipt (536.645986ms)
✔ LOOP-075: supporting evidence file notes.txt does not become a receipt (525.393373ms)
✔ LOOP-075: supporting evidence file support does not become a receipt (531.767644ms)
✔ LOOP-075: supporting evidence file .DS_Store does not become a receipt (519.271941ms)
✔ LOOP-075: a malformed result line (result=success) names a repair before execution (326.995317ms)
✔ LOOP-075: a malformed result line (sequence=NaN) names a repair before execution (336.340855ms)
✔ LOOP-075: a malformed result line (sequence=9007199254740992) names a repair before execution (365.218312ms)
✔ LOOP-075: a malformed result line (history_digest=wrong) names a repair before execution (345.06873ms)
✔ LOOP-075: a malformed result line (tokens) names a repair before execution (352.773088ms)
✔ LOOP-075: a receipt-shaped directory is a named repair instead of an EISDIR crash (266.374697ms)
✔ LOOP-070: an earlier escalation cannot cover three new attempts after clock rollback (902.516995ms)
✔ LOOP-070: an answer becomes old after a later check even if that check's timestamp is earlier (583.976982ms)
✔ LOOP-070: the newest answer wins between checks even when its clock timestamp is older (371.620968ms)
✔ LOOP-070: legacy escalation dates cover old receipts but not three newer sequenced runs (1247.365024ms)
✔ a PKG requirement the commitment does not name is declared, run, and gates Done (PKG-011) (1846.535692ms)
✔ a PKG requirement in a Draft spec is not folded in (536.99805ms)
✔ LOOP-076, LOOP-079: stale inputs identify the receipt and the check to run (671.080808ms)
✔ LOOP-077: names a content change using checked input identity (666.622098ms)
✔ LOOP-077: names a mode change using checked input identity (671.220061ms)
✔ LOOP-077: names a kind change using checked input identity (713.546804ms)
✔ LOOP-077: names a added change using checked input identity (699.450941ms)
✔ LOOP-077: names a removed change using checked input identity (549.521008ms)
✔ LOOP-077: names a link-target change using checked input identity (832.4997ms)
✔ LOOP-077: changed selection compares the old and new input sets (495.016201ms)
✔ LOOP-077: raw CRLF changes remain visible when Git-clean content agrees (507.699772ms)
✔ LOOP-077: detail output is sorted, bounded, and reports the omitted count (480.680111ms)
✔ LOOP-077: filenames cannot inject lines or terminal controls into explanations (395.49521ms)
✔ LOOP-077: receipts from one run share details and do not store source contents (319.545221ms)
✔ LOOP-078, LOOP-080: legacy optional detail limits explanation without changing standing (540.822256ms)
✔ LOOP-078, LOOP-080: invalid-field optional detail limits explanation without changing standing (542.870215ms)
✔ LOOP-078, LOOP-080: missing optional detail limits explanation without changing standing (509.984986ms)
✔ LOOP-078, LOOP-080: invalid-json optional detail limits explanation without changing standing (517.299501ms)
✔ LOOP-078, LOOP-080: mismatched optional detail limits explanation without changing standing (526.449598ms)
✔ LOOP-078, LOOP-080: duplicate optional detail limits explanation without changing standing (495.74716ms)
✔ LOOP-078, LOOP-080: unsafe-path optional detail limits explanation without changing standing (487.756896ms)
✔ LOOP-078, LOOP-080: directory optional detail limits explanation without changing standing (506.223668ms)
✔ LOOP-078, LOOP-080: symlink optional detail limits explanation without changing standing (520.562291ms)
✔ LOOP-078: unavailable old requirement text is not claimed as a proven change (389.679241ms)
✔ LOOP-076, LOOP-079: changed requirements identify evidence and retain review-before-check guidance (358.377392ms)
✔ LOOP-078: simultaneous input and output damage keep both reasons (382.646688ms)
✔ LOOP-080: deterministic freshness sequence seed=7 (9416.330909ms)
✔ LOOP-080: deterministic freshness sequence seed=42 (5919.895245ms)
✔ LOOP-080: deterministic freshness sequence seed=913 (5025.741743ms)
✔ LOOP-080: agreement changes, mechanism review, checks, and completion review retain priority (1300.915334ms)
✔ LOOP-080: imported receipt history demands a rerun without a false input explanation (1308.893331ms)
✔ LOOP-073: clean CRLF input completes under attributes (628.30142ms)
✔ LOOP-073: clean CRLF input completes under autocrlf (561.324361ms)
✔ LOOP-073: raw line-ending mutation during a run is rejected even when Git still sees the same content (216.515092ms)
✔ LOOP-073: execution evidence changes when clean conversion preserves committed identity (1074.076912ms)
✔ LOOP-073: Git clean filters use Git's conversion while retaining raw evidence identity (626.927229ms)
✔ LOOP-073: failure of a required Git filter cannot record evidence (146.288254ms)
✔ LOOP-073: a clean filter moving HEAD during ending validation prevents evidence (414.590786ms)
✔ LOOP-073: canonical Git identities handle links without reading their targets (488.116185ms)
✔ LOOP-073: Git conversion keeps raw Unicode and control-character input paths (402.535679ms)
✔ LOOP-073: conversion and links work in a SHA-256 Git repository (435.013964ms)
✔ LOOP-074: historical specification filename "café.md" remains reviewable (419.53696ms)
✔ LOOP-074: historical specification filename "spec\ttab.md" remains reviewable (399.780209ms)
✔ LOOP-074: historical specification filename "spec\nline.md" remains reviewable (379.111243ms)
✔ help works outside a repository without running a command (PKG-017) (992.285551ms)
✔ help does not hide invalid options or consume literal arguments (231.82775ms)
✔ help lists the lint command (PKG-017) (55.991637ms)
✔ a working directory that no longer exists is named as the failure, and git is not blamed (PKG-041, PKG-022) (185.248255ms)
✔ the stop hook refuses a stop while wake says Resolvable, with the verdict as the reason (PKG-018) (192.800107ms)
✔ the stop hook allows a stop at Done, at Escalate, and outside a Cairn repository (PKG-018) (1048.577927ms)
✔ the session-start hook links the command once and prints the verdict in a Cairn repository (PKG-019, PKG-014, PKG-005) (430.897755ms)
✔ the session-start hook prints no verdict outside a Cairn repository and leaves an existing link that resolves alone (PKG-019) (61.610786ms)
✔ a checkout under a path with a space links a command that resolves, and its stop hook still blocks (PKG-019, PKG-021) (377.57899ms)
✔ the hooks run the kernel the command link resolves to, so hook and agent share one referee (PKG-021) (1193.556947ms)
✔ a dangling link is replaced and reported (PKG-019) (151.868866ms)
✔ errors exit 0 with one line on standard error and no stack trace (PKG-022) (207.920852ms)
✔ the hooks judge with the cairn on PATH, a wrapper included, and session-start names it (PKG-033) (1039.328243ms)
✔ a link to a wrapper or file is kept; a dangling link or one to a directory is replaced (PKG-034) (382.20532ms)
✔ a project below the Git toplevel gets the verdict and the stop refusal (PKG-035) (305.217067ms)
✔ a kernel that prints no verdict is one stderr line: the stop is allowed and session-start prints no trace (PKG-036) (142.445105ms)
✔ a link that cannot be created is one stderr line, and the verdict still prints (PKG-019, PKG-022) (127.46372ms)
✔ with git absent the hooks say so in one line and block nothing (PKG-022) (91.116438ms)
✔ stop_hook_active true no longer lets a Resolvable stop through: the hook still refuses (PKG-018) (142.111304ms)
✔ receipts written by the project's own kernel are judged with it, not with a different cairn on PATH (PKG-033, PKG-021) (379.653182ms)
✔ the fourth stop on an unchanged verdict, commit and tree goes through with a message and a stop record; each refusal names cairn escalate (PKG-043, PKG-044) (468.576018ms)
✔ progress resets the count, a commit or an edited file alike, and each session counts on its own (PKG-043) (1232.095305ms)
✔ no report, one for another commitment, at another commit, or at a value that is not a commit names a new reviewer; an uncommitted review is committed first (LOOP-020) (1497.928506ms)
✔ an old report re-dated, however it is edited, does not name the new commit and names a new reviewer; a new report with the same words does not (LOOP-020) (1415.69095ms)
✔ each finding is carried by the one line citing its number and beginning with its words; malformed reports are repairs (LOOP-020) (3940.484518ms)
✔ citations name their report's commit, so rounds never collide and an old line never carries a new finding; a wrapped review line is its own repair (LOOP-020) (861.323635ms)
✔ a finding that quotes a citation in its own words is carried by copying it, and an uncited wrapped line is no repair when there is nothing to carry (LOOP-020) (566.02012ms)
✔ a citation that is not last on its line is refused as such, and a finding ending with a citation is carried in the short form (LOOP-020) (847.003059ms)
✔ a report written or changed on disk but not committed is named commit, never judged as the committed one (LOOP-020) (580.993737ms)
✔ the findings list is read from the record's text: blank lines between entries, a wrapped entry, any bullet, and a blank line inside examined: lose nothing; a list after a heading stays unread (LOOP-020, LOOP-086, LOOP-071) (1356.480426ms)
✔ the reader reads a numbered or nested list and a blank line in examined:, and names a line it cannot read rather than reading nothing (LOOP-086, LOOP-020) (1083.873468ms)
✔ a line the reader cannot read is named whenever an entry follows it, in the review and in the report, and a finding under a heading is named (LOOP-086, LOOP-020) (1489.319653ms)
✔ a margin line that only looks like a field never ends a list in silence (LOOP-086, LOOP-020) (1065.801071ms)
✔ a field name repeated inside a list is named, the report's findings under a heading are named beside a list, and the repair offers the fix that keeps the finding (LOOP-020, LOOP-086) (949.399136ms)
✔ a Reviewer: line inside a list is named, and an honest record with a findings-titled heading is read (LOOP-020, LOOP-086) (847.932869ms)
✔ a record that declares findings: [] keeps a bulleted body as prose, as this repository's own reviews are written (LOOP-086, LOOP-020) (374.891589ms)
✔ a field name in another case never ends a list in silence, a record with its fields out of order is told to reorder them, and a citation names only a finding the report made (LOOP-086, LOOP-020, LOOP-108) (860.779354ms)
✔ a citation of zero is a citation, a field ends a list however it is spaced, a heading may be underlined, a blank line before a continuation is nothing, and a doubled commit: line does not name the commit (LOOP-020, LOOP-086, LOOP-108) (1029.901025ms)
✔ a rule under a field line is not a heading, the hint names a heading of either form, and an earlier report's citation on a carrying line is history (LOOP-020, LOOP-108) (1201.320122ms)
✔ a title that ends with a colon is still a heading, a report whose fields sit below a heading or prose is repaired rather than discarded, and the repair names the form the kernel reads (LOOP-020, LOOP-086, LOOP-108) (1094.243965ms)
✔ a report for another commitment or commit is replaced even when its fields sit below a heading, a quoted field line does not replace the real one, a rule under any field is a rule, and the review is told what the report is told (LOOP-020, LOOP-108) (1070.774951ms)
✔ an underline makes a heading of the line above it unless that line is an entry or the record's own field, an unread field is named where it sits, a field spelled another way is named, and the findings-titled repair names retitling (LOOP-020, LOOP-086, LOOP-108) (1317.5122ms)
✔ an underlined heading that names findings holds no list either, an unterminated fence hides nothing, a spelling is judged at the margin, and a report short of one header line is repaired (LOOP-020, LOOP-086, LOOP-108) (827.253195ms)
✔ a heading that names findings holds no content of any shape, its own section decides, and a report the wrong commit wrote is replaced before any repair (LOOP-020, LOOP-086) (757.499485ms)
✔ a findings-naming heading holds nothing at all, however deep, and a report with no record is replaced rather than repaired (LOOP-020, LOOP-086) (2068.432917ms)
✔ a recognisable finding under a heading is named wherever it sits, a findings-titled section is prose beside a list that holds entries, and a record may open with a title (LOOP-020, LOOP-086, LOOP-108) (1851.828386ms)
✔ a line that says open: is a finding however it is marked up, and one leading title of any form is the record's own (LOOP-020, LOOP-086, LOOP-108) (3441.412876ms)
✔ every line outside the findings list is read for the prefix, and a findings-naming section is judged over its subsections (LOOP-020, LOOP-086) (2846.155753ms)
✔ markup is whatever precedes the first letter, a row is a row wherever its pipes sit, and each message names the move (LOOP-020, LOOP-086) (2305.168253ms)
✔ a marker that contains a letter is still a marker, and a fence opens only on its own line (LOOP-020, LOOP-086) (2697.677201ms)
✔ a label before the prefix is markup too, and a divider hides no finding (LOOP-020, LOOP-071, LOOP-086) (2339.778871ms)
✔ only the findings list itself is exempt from the sweep, and a label of any shape is markup (LOOP-020, LOOP-071, LOOP-086) (2301.688828ms)
✔ cairn lint runs the checker over docs/spec by default and over a named directory (PKG-028) (242.579622ms)
✔ cairn lint names a missing directory in one line, takes one argument, and reports a bad root (PKG-028) (190.878179ms)
✔ three megabytes are retained exactly once with matching digests (LOOP-041, LOOP-042) (387.914702ms)
✔ split stdout result lines survive a long non-result line; stderr is never a verdict (342.227634ms)
✔ signal termination is recorded and logs survive a clone (LOOP-043) (339.741557ms)
✔ working agreements and ignore changes are Cairn records inside the footprint (338.453982ms)
✔ a clean package passes (115.881093ms)
✔ PKG-001: a dependency, or a service manifest (163.186914ms)
✔ PKG-002: ignoring evidence or other durable state, by directory or by extension (164.490267ms)
✔ PKG-003: a command, a directory, or a record kind no decision names (245.567126ms)
✔ PKG-004: a kernel over 1900 lines, counting every file under bin/ as wc -l does; exactly 1900 passes (304.114694ms)
✔ PKG-006: a skill step naming a vendor's product, in either order, across a wrapped list item (PKG-027) (304.352962ms)
✔ PKG-008: a non-ASCII character in a tracked text file (102.039444ms)
✔ PKG-009: the kernel importing from tests (79.26416ms)
✔ PKG-012: a network call or a model client in the kernel, but not a vendor's name in text (306.249388ms)
✔ PKG-013: deferral language, but not in code, quotes, or a rule (588.074217ms)
✔ a tracked path deleted from the working tree is skipped, not a crash (86.193924ms)
✔ a sentence in a Formats section is not a record kind (91.979703ms)
✔ a record kind named by its path alone is checked (75.479595ms)
✔ PKG-002: a tracked in-progress record (72.772031ms)
✔ PKG-002: ignoring evidence alone is a finding (68.785434ms)
✔ PKG-003 reads the kernel's commands from its help output (PKG-023) (107.58916ms)
✔ the ASCII scan covers shipped files, not records under .cairn/ (PKG-024) (81.619486ms)
✔ a vendor-naming step wrapped across lines is matched (PKG-006, PKG-027) (74.160751ms)
✔ PKG-013 scans the README, the manual, and the walkthrough (PKG-032) (248.685532ms)
✔ the manifests, the listing and package.json agree on the name and version, and name paths the repository holds (PKG-037) (2.14904ms)
✔ the hooks file registers session-start and stop against the plugin's own hook.mjs through the plugin root variable (PKG-038) (3.621544ms)
✔ a Muse hook entry whose shared hook is missing prints one line and exits 0 (PKG-041, PKG-022) (88.111283ms)
✔ the registered commands print the verdict at session start, link the command into the plugin, and refuse a stop while wake says Resolvable (PKG-038, PKG-021) (366.877462ms)
✔ LOOP-071: decision body metadata does not resolve unbuilt work: "Superseded by: example" (667.855807ms)
✔ LOOP-071: decision body metadata does not resolve unbuilt work: "```text\nSuperseded by: example\n```" (647.797022ms)
✔ LOOP-071: decision body metadata does not resolve unbuilt work: "~~~text\nSuperseded by: example\n~~~" (702.197351ms)
✔ LOOP-071: a fenced realization example is not a resolving commit (712.827713ms)
✔ LOOP-071: a fenced commit inside the realization section is not built (635.662006ms)
✔ LOOP-071: ## Example cannot replace an open review finding (627.979589ms)
✔ LOOP-071: # Example cannot replace an open review finding (569.058234ms)
✔ LOOP-071: ### Example cannot replace an open review finding (532.18275ms)
✔ LOOP-071:   ## Example cannot replace an open review finding (525.193983ms)
✔ LOOP-071: Example paragraph. cannot replace an open review finding (483.685305ms)
✔ LOOP-071: Example
------- cannot replace an open review finding (455.56006ms)
✔ LOOP-071: fenced fields before a real review header are ignored (429.78127ms)
✔ LOOP-071: multiline decision --title cannot inject metadata (354.27382ms)
✔ LOOP-071: multiline decision --decided-by cannot inject metadata (366.393684ms)
✔ LOOP-071: multiline decision --rests-on cannot inject metadata (351.099468ms)
✔ LOOP-071: multiline decision --wrong-if cannot inject metadata (356.488068ms)
✔ LOOP-071: multiline decision --history cannot inject metadata (341.045495ms)
✔ LOOP-072: malformed Blocking concerns stay open: "R-001\nAnswer: ok" (82.508184ms)
✔ LOOP-072: malformed Blocking concerns stay open: "R-001\r\nAnswer: ok" (108.894747ms)
✔ LOOP-072: malformed Blocking concerns stay open: "R-001\rAnswer: ok" (85.013079ms)
✔ LOOP-072: malformed Blocking concerns stay open: "R-001 Answer: ok" (92.38233ms)
✔ LOOP-072: malformed Blocking concerns stay open: "R-001 Answer: ok" (85.006519ms)
✔ LOOP-072: ordinary malformed concerns are refused: "R-001\nR-002" (48.855546ms)
✔ LOOP-072: ordinary malformed concerns are refused: "R-001, prose" (53.782644ms)
✔ LOOP-072: ordinary malformed concerns are refused: " " (49.143231ms)
✔ LOOP-072: a Blocking escalation without concerns is still presented (88.793125ms)
✔ LOOP-072: carriage returns in a Blocking question do not create answer records (83.639652ms)
✔ LOOP-072: explanation separator 8232 cannot close an escalation (156.59626ms)
✔ LOOP-071: decision metadata refuses separator 8232 (336.378296ms)
✔ LOOP-072: explanation separator 8233 cannot close an escalation (150.351846ms)
✔ LOOP-071: decision metadata refuses separator 8233 (379.529318ms)
✔ Concerns, Rests on, and Promoted from written as lists read as the flat form (LOOP-124) (602.187583ms)
✔ an item named by filename, path, or backticked slug resolves like the slug (LOOP-125) (500.160111ms)
✔ an input that covers Cairn's own output is named as the repair, before and after a check (LOOP-126, LOOP-105) (587.435169ms)
✔ an unreadable record directory is a repair, not an error exit (LOOP-127) (87.859382ms)
✔ a title that slugifies to nothing is refused (LOOP-128) (145.920096ms)
✔ examined: [] is an empty list (LOOP-129, LOOP-108) (498.197175ms)
✔ below the Git toplevel the restore check compares root-relative paths (LOOP-130, LOOP-035) (372.638043ms)
✔ below the Git toplevel an uncommitted declared input is named from the project root (LOOP-132, LOOP-030) (211.65745ms)
✔ a value on the key line followed by list items is the first item, never dropped (LOOP-133) (678.663463ms)
✔ the footprint's walk reads Current: as the wake does: a fenced example below the real line, or a second line in history, never moves the start (LOOP-134, LOOP-035) (320.495641ms)
✔ an input spelled .. from a project below the Git toplevel covers the evidence directory (LOOP-126, LOOP-105) (92.596072ms)
✔ a Consequential record this commitment added needs its queue entry committed (LOOP-131, DEC-004) (468.007756ms)
✔ a mechanism that removes the check lock still gets its evidence, with no repair for the lock (LOOP-107) (227.851217ms)
✔ a staged rename reads as its two paths, never as a bare origin token (LOOP-030, LOOP-110) (119.011728ms)
✔ a Current: line inside a fenced example is neither a second Current: line nor the commitment, before or after the real line (LOOP-104) (196.166506ms)
✔ a Status: word is taken only from a line that carries one, never from wrapped prose after it (SPEC-018) (0.712172ms)
✔ the placeholder left above a resolving entry is a repair naming the file (DEC-021) (247.101369ms)
✔ the placeholder alone is a decision recorded and not yet built, unchanged (DEC-007) (63.820148ms)
✔ resolving entries with no placeholder are unchanged (DEC-006) (143.783238ms)
✔ a shallow clone that cannot resolve its entries is still told to fetch, not to edit (LOOP-113 keeps precedence) (102.533101ms)
✔ the placeholder quoted in a fenced example does not make a built record a repair (DEC-021) (131.096884ms)
✔ supersede takes the same decider vocabulary as decide (DEC-020) (93.626587ms)
✔ a superseded record is held to the same line: its placeholder above a resolving entry is a repair (DEC-021, DEC-010) (163.695548ms)
✔ realize() touches only the Realized by section; a body that quotes the placeholder keeps it (117.008745ms)
✔ an untracked file under a declared input is not a change under way; check still refuses beside it and names .gitignore (LOOP-110, LOOP-030) (217.843669ms)
✔ an unmatched input is refused before execution (LOOP-044) (182.135647ms)
✔ an indexed input deleted on disk asks for a commit (LOOP-045) (160.578647ms)
✔ wake and check require a Git working tree (LOOP-046) (139.868076ms)
✔ recovery removes only dead kernel run records and identifies a live owner (LOOP-054, LOOP-055) (315.906375ms)
✔ an agent action based behind a clean HEAD appears committed (LOOP-027) (180.589148ms)
✔ realization needs a real commit and a subject (DEC-006) (262.673049ms)
✔ 1500 binary inputs digest identically at the review commit in under a second (LOOP-024) (1550.855126ms)
✔ merged work is excluded but a later own commit is a breach (LOOP-047) (269.248961ms)
✔ exact Current tenure ignores prefix matches and earlier visits to the same slug (LOOP-035) (309.422577ms)
✔ a kernel run records its supervising PID (LOOP-054) (257.553285ms)
✔ a merged declared input still stales evidence (LOOP-047) (460.441841ms)
✔ wildcard and magic pathspecs select the same historical inputs (LOOP-024, LOOP-032) (2238.860787ms)
✔ historical selection retains deleted files and excludes new ones (LOOP-024, LOOP-035) (1318.724367ms)
✔ cairn --version prints the package.json version outside a repository, and help lists it (PKG-039) (179.2954ms)
✔ a release is one commit setting one version in the five files, with the changelog entry, tagged v<version> (PKG-040) (1030.8867ms)
✔ the release script refuses a bad version, no increase, a dirty tree, a missing entry, a taken tag, a disagreeing file, and a loop not at Done, each in one line with nothing written (PKG-040) (1916.337827ms)
✔ a version file written as compact JSON is released, and nothing else in any version file changes (PKG-042) (1358.918579ms)
✔ with attribution forbidden, the release script refuses an unpushed commit carrying an AI attribution line (PKG-045) (594.137906ms)
✔ explicit reporting with no lines and exit 0 establishes no requirement verdicts (LOOP-061) (462.370287ms)
✔ explicit reporting with no lines and exit 1 establishes no requirement verdicts (LOOP-061) (447.93137ms)
✔ a reporter that cannot start keeps execution diagnostics without blaming requirements (LOOP-062) (257.339632ms)
✔ large output cannot kill a reporter or invent a requirement verdict (315.8672ms)
✔ explicit mode ignores cairn: R-999: pass (297.159529ms)
✔ explicit mode ignores cairn: R-001: unverified (321.169039ms)
✔ explicit mode ignores cairn: R-001: passed (292.374598ms)
✔ explicit results survive nonzero exit and contradictory duplicates still fail (612.706701ms)
✔ unverified results across changed inputs never become failed attempts (1498.484101ms)
✔ legacy exit 0 retains its interpretation (227.089412ms)
✔ legacy exit 1 retains its interpretation (212.223775ms)
✔ a misspelled reporting mode is refused before execution (117.829001ms)
✔ changed requirement blocks unchecked reruns and makes the completion review stale (LOOP-058, LOOP-059) (1814.331626ms)
✔ falsifier changes need review; separate rationale and other requirements do not change a receipt (1359.691551ms)
✔ legacy receipts recover requirement identity from their commit; unavailable history requires review (1015.168794ms)
✔ check refuses uncommitted requirement text and mechanism review markers (828.911714ms)
✔ tightened response limit cannot reuse the old passing check (1369.407912ms)
✔ a declared input over 1 MiB agrees at a commit and in the tree (LOOP-060) (451.124829ms)
✔ a failed Git blob read cannot be hashed as an empty blob (399.641335ms)
✔ Git listings over 1 MiB include the last declared input (2297.606865ms)
✔ requirement identity excludes fenced examples and status dates (507.982553ms)
✔ DemonCoder REM-002 and Status in progress cannot silently satisfy the review gate (LOOP-086) (760.887867ms)
✔ valid open findings retain their behavior (473.371186ms)
✔ valid resolved findings retain their behavior (530.545582ms)
✔ valid empty findings retain their behavior (581.58273ms)
✔ valid mixed valid findings retain their behavior (532.948286ms)
✔ malformed finding "open:" requires repair (524.214842ms)
✔ malformed finding "resolved:   " requires repair (454.631312ms)
✔ malformed finding "Open: incorrect case" requires repair (378.706176ms)
✔ malformed finding "unknown: issue" requires repair (371.58014ms)
✔ malformed finding "\u001b[31mBAD: issue" requires repair (344.173918ms)
✔ the established explicit empty findings list remains valid (408.969562ms)
✔ a scalar findings value requires the supported list format (342.286252ms)
✔ check runs a mechanism when a requirement outside the commitment was revised, and asks for the review once a commitment includes it (LOOP-059) (909.078138ms)
✔ a Requirements: line written as a list is read like the flat form (LOOP-102) (126.217363ms)
✔ a subdirectory or a README in a record directory changes nothing (LOOP-103) (553.077198ms)
✔ two Current: lines are a roadmap repair (LOOP-104) (89.737124ms)
✔ a repeated identifier, an input under the evidence directory, and a missing cwd are refused by name (LOOP-105) (429.911386ms)
✔ a requirement whose evidence outlives its mechanism is named declare, not a regression or an escalation (LOOP-106) (1084.668233ms)
✔ an unreadable record is a repair, not an error exit (LOOP-107) (80.291189ms)
✔ a review needs commit, a nonempty examined list, and a findings list, each named when missing (LOOP-108) (1095.21087ms)
✔ a decision record missing a header field or naming a missing predecessor is a repair (LOOP-109) (314.671371ms)
✔ a dirty declared input with no in-progress record is named record ahead of run (LOOP-022, LOOP-110) (254.178685ms)
✔ with core.filemode false the index mode is the identity, so a mode-only difference does not refuse the check (LOOP-111) (230.836317ms)
✔ a project below the Git toplevel can run check (LOOP-112) (249.907823ms)
✔ a shallow clone names history to fetch, not a decision to build (LOOP-113) (157.114875ms)
✔ record-writing commands refuse to run outside a Cairn repository and write nothing (LOOP-118) (231.020685ms)
✔ a git that cannot start is one line and exit 3 from wake and from check, with nothing recorded (LOOP-137) (87.581492ms)
✔ an unexplained or uncommitted stop record is named explain before any other action; explained and committed, the wake moves on (LOOP-139) (279.055632ms)
✔ empty footprint names declaration before scope and records no evidence (LOOP-081) (522.393374ms)
✔ first declaration still checks the full earlier history (LOOP-081) (355.024411ms)
✔ an empty current footprint does not block an explicitly requested existing mechanism (LOOP-081) (310.015196ms)
✔ an inherited mechanism provides a footprint even before local mechanisms exist (256.749147ms)
✔ scope reports every path, escapes line breaks, and gives identical remedies (LOOP-082) (248.530597ms)
✔ scope verdict reuses the answered-escalation annotation (LOOP-048, LOOP-051, LOOP-083) (621.039331ms)
✔ a committed scope acknowledgment lets restored history proceed (LOOP-083) (747.256278ms)
✔ scope acknowledgment must be committed before it can clear a breach (632.67283ms)
✔ ordinary ok does not acknowledge scope history (295.496324ms)
✔ scope escalation refuses unrestored paths and names the restoration remedy (278.792729ms)
✔ an invalid scope request still records an explicitly Blocking decision (160.916418ms)
✔ ask and explanation stay open; only the final committed ok acknowledges scope (718.420343ms)
✔ instead is visible but does not silently authorize a scope exception (378.453508ms)
✔ later changes to an acknowledged path still block, including later reverts (1091.917069ms)
✔ approval cannot hide another path changed after the snapshot (391.189119ms)
✔ acknowledged history remains conditional on the paths staying restored (534.271274ms)
✔ editing the scope snapshot after answer invalidates its acknowledgment (297.225612ms)
✔ malformed scope metadata cannot suppress a breach (1396.389212ms)
✔ damaged acknowledgment fields cannot suppress a breach (554.443049ms)
✔ scope path matching is literal, including wildcard filenames and control characters (484.237904ms)
✔ scope acknowledgment does not carry into another activation of the same slug (320.404031ms)
✔ restoration checks additions, deletions, executable modes, and symlink kinds (1376.86441ms)
✔ explicit committed retention keeps correct work and requires new evidence and review (LOOP-084, LOOP-085) (2225.84237ms)
✔ a missing declaration covers correct earlier work without retention or revert (530.213297ms)
✔ keep requires scope and an unchanged committed candidate (155.026331ms)
✔ uncommitted retention and instead answers cannot clear the incident (1024.937427ms)
✔ retention does not grant future edits, even when reverted to the approved tree (1233.018716ms)
✔ retention cannot cover another path or another activation (562.712122ms)
✔ imported changes must still match the retained tree (569.284351ms)
✔ retention handles additions, deletions, modes, symlinks, and literal filenames (1928.24744ms)
✔ retention cannot convert an existing restoration answer or accept an unknown mode (412.768714ms)
✔ a check failure after retention remains a failure (667.651469ms)
✔ retained paths stay part of the stable checked candidate without extending its footprint (576.399466ms)
✔ retention ask needs an explanation and final committed approval (562.128264ms)
✔ an unknown scope mode remains invalid even with a matching approval digest (282.48566ms)
✔ backlog writes the item; a second with the same title is refused, never overwritten (LOOP-016) (134.888014ms)
✔ a commit inside the footprint: check runs; outside it: check names the path and does not run (LOOP-015, LOOP-035) (565.872588ms)
✔ Cairn's records are never a breach; another file under docs/ is (LOOP-117) (700.877024ms)
✔ declaring the path as an input clears the breach (337.771207ms)
✔ a revert preserves the record of an out-of-scope commit (LOOP-047) (295.383488ms)
✔ a commitment naming a requirement the spec set does not hold as Agreed is repaired (LOOP-029) (79.739348ms)
✔ a requirement in a Draft spec file is not Agreed (65.633927ms)
✔ working agreements and the ignore file are Cairn records (LOOP-035, LOOP-036) (497.279523ms)
✔ the over-asking rule is gone from both skills (SPEC-005, SPEC-006, SPEC-007) (1.452118ms)
✔ a decision during the phase is recorded (DEC-003) (0.14734ms)
✔ understanding is restated before writing (SPEC-003) (0.122051ms)
✔ falsifiers are proposed as one set and confirmed by exception (SPEC-004) (2.268013ms)
✔ depth is inferred and domains derived, never asked or imposed (SPEC-008, SPEC-009) (0.167427ms)
✔ a term enters the glossary at first occurrence (SPEC-010) (0.104701ms)
✔ the phase ends at the first commitment, and later ones are specified during the loop (SPEC-011, SPEC-012) (0.140532ms)
✔ a requirement goes Agreed only with a nameable mechanism (SPEC-013) (0.145318ms)
✔ review before agreement, recording what it attacked (SPEC-014, SPEC-015) (0.176268ms)
✔ no spec file without requirements; nothing Agreed without a falsifier (SPEC-001, SPEC-002) (0.215173ms)
✔ Observed is marked, and is not contract (SPEC-016, SPEC-017) (0.140378ms)
✔ the skills exclude artifacts outside Cairn's workflow (0.167927ms)
✔ the working agreement names the agent's move for each verdict and the write-ahead record (LOOP-036) (0.259859ms)
✔ the working agreement names the developer's moves (LOOP-036, DEC-014) (0.102433ms)
✔ this repository runs by the file it ships (0.428865ms)
✔ both skills write the working agreement without naming a vendor's file (LOOP-002, LOOP-036, PKG-006) (0.131687ms)
✔ the working agreement says what an attempt is (LOOP-036, DEC-017, DEC-018) (0.147207ms)
✔ the working agreement says a failure no footprint change can address is an escalation, and where an inherited requirement is repaired (DEC-019, LOOP-057) (0.103557ms)
✔ the working agreement states the promote, next-iteration, and no-deferral moves (LOOP-029, LOOP-087, LOOP-091, LOOP-092) (0.109965ms)
✔ both skills sort captures into the backlog or next-iteration and forbid deferral (LOOP-029, LOOP-092, LOOP-093) (0.107988ms)
✔ the skill requires a falsifier on every requirement, a MAY included (SPEC-025) (0.082772ms)
✔ the working agreement names the hooks as optional and the install skill registers them for two harnesses (PKG-006, PKG-018, PKG-019) (0.244097ms)
✔ the working agreement says the kernel is upgraded at Done, never inside a commitment (LOOP-096) (0.075564ms)
✔ the next-iteration skill starts from the specification and ends by naming the next commitment (SPEC-026, SPEC-027) (0.250613ms)
✔ every document that names the project skills names next-iteration beside them (SPEC-026, PKG-014) (2.74569ms)
✔ the working agreement states a move for every action the kernel can name (LOOP-101) (2.26563ms)
✔ the working agreement states both record formats and the two flags the moves need (LOOP-036) (0.159111ms)
✔ the skills demonstrate a safe violating example and preserve recon findings (SPEC-022, SPEC-023) (0.077787ms)
✔ the specification skills run the checker through the cairn command (PKG-029) (0.240231ms)
✔ the README invokes the phase skills by name and states versions and platforms (PKG-030, PKG-031) (0.306202ms)
✔ the manual and the walkthrough say the loop promotes backlog items at Done (0.805702ms)
✔ the working agreement says a report is not work under way, its findings are captured, and it is committed with them (LOOP-138) (0.091253ms)
✔ a two-obligation sentence is named (PKG-007) (44.516501ms)
✔ an obligation with no actor is named (PKG-010) (47.450132ms)
✔ a leading condition clause is not the actor, and the actor after it counts (37.056105ms)
✔ an Agreed requirement with no falsifier is named (SPEC-002); a Draft one is not (90.003773ms)
✔ prose after a Draft requirement with no falsifier is not scanned as requirement text (42.759035ms)
✔ a spec declaring a prefix with no requirement is named (SPEC-001) (42.982247ms)
✔ a keyword in backticks or quotes is a mention, not an obligation (41.647601ms)
✔ duplicate identifiers are rejected within a file and across files (SPEC-020) (81.149225ms)
✔ references resolve across files; missing references name their source (SPEC-021) (89.475619ms)
✔ code examples and quoted mentions are neither definitions nor references (45.382708ms)
✔ machine-local paths are findings in prose, links, quotes, and examples (SPEC-019) (411.614123ms)
✔ relative paths, URLs, slash commands, and character mentions are not absolute path findings (46.359823ms)
✔ a slash after a placeholder continues the template (SPEC-019) (80.761794ms)
✔ a host path is a finding until the file declares it (SPEC-019, SPEC-024) (88.171866ms)
✔ declared host paths cover children with a slash boundary and stay file-local (136.214799ms)
✔ a host-path declaration inside a requirement or example grants no exception (120.924321ms)
✔ host-path declarations require absolute or home-relative entries (214.07339ms)
✔ an Agreed block whose only keyword is MAY needs a falsifier like any other (SPEC-025, SPEC-002) (82.571497ms)
✔ a regex literal is not a path, a drive path and a file URL are, and a skill's slash name is allowed (SPEC-028, SPEC-029) (82.997244ms)
✔ a backticked or quoted actor still counts as one (PKG-010) (31.114911ms)
✔ a fence the file never closes is named, since the parser then reads its example as specification (66.673836ms)
✔ supersede writes both lines, and the old record keeps every word it had (DEC-008, DEC-010) (81.703258ms)
✔ supersede without a cause, or with one outside the four, is refused (DEC-009) (135.545938ms)
✔ supersede of a record that does not exist is refused (88.052107ms)
✔ a predecessor with no title line cannot be stamped, so nothing is written (90.627778ms)
✔ a --supersedes argument outside the slug alphabet is refused, and a path never reaches the filesystem (DEC-022) (250.887623ms)
✔ a record already superseded cannot be superseded again: one Superseded by line per record (DEC-022, DEC-010) (199.559978ms)
✔ reversals reports counts by decider, cause, and domain (DEC-011) (183.452115ms)
✔ decide in a domain with a reversal is refused without --history, naming the reversal; with it, the record carries History (DEC-012) (193.25949ms)
✔ decide in a domain with no reversals needs no --history (130.332815ms)
✔ a record resting on prose alone is in the domain unspecified, and so is the next one (134.915735ms)
✔ the decider tally normalizes case and whitespace, and names a value outside the vocabulary (DEC-020, DEC-011) (70.413548ms)
✔ a record with no Decided by line is tallied as unrecorded, not as a vocabulary value (72.609166ms)
✔ Decided by written as a list tallies like the flat form, and does not crash the report (LOOP-124, DEC-020) (72.648097ms)
✔ a second declaration for one requirement is accepted, a named check runs every mechanism, and Done needs each to pass (LOOP-056, LOOP-099) (2208.82426ms)
✔ one mechanism's stale evidence names that mechanism, and --stale runs only it (LOOP-056, LOOP-094) (771.328024ms)
✔ attempts are counted within one mechanism's records, so the other's passes do not reset them (LOOP-100, DEC-016) (1397.381694ms)
✔ step 1: an in-progress record is reconciled before anything else (109.589409ms)
✔ step 2: an open escalation is presented and nothing else happens (82.369734ms)
✔ an answered escalation is not open (562.167209ms)
✔ step 3: a decision with no realized-by is built, first by name (DEC-007) (88.519965ms)
✔ a superseded decision with no realized-by is not work (136.741586ms)
✔ step 6: a mechanism that has never run is run, not implemented (LOOP-008) (137.272282ms)
✔ step 6: a requirement whose mechanism fails is implemented (519.804229ms)
✔ step 6 before step 7: failing evidence outranks a missing mechanism (346.838334ms)
✔ step 7: a requirement with no mechanism is declared (LOOP-106) (87.452353ms)
✔ every verdict names who acts: Resolvable is the agent's, Done needs nobody, Escalate waits for the developer (LOOP-004) (569.42221ms)
✔ malformed roadmap is Resolvable, not fatal (LOOP-005) (64.326759ms)
✔ a commitment naming no requirements is Resolvable (LOOP-018) (62.527004ms)
✔ the primary test: two wakes on the same checkout give the same action, before and after a persisted transition (LOOP-001, LOOP-003) (549.935623ms)
✔ outside a cairn repository wake cannot run (36.994541ms)
✔ the loop never waits on the review queue (DEC-015) (360.385593ms)
✔ twenty built records cost one git call to resolve, not twenty (DEC-023) (177.680781ms)
✔ an ambiguous Realized by identifier is the repair that says lengthen it, not a build (LOOP-113, DEC-023) (176.667376ms)
✔ the linked walkthrough runs from agreement through the next commitment (PKG-016) (1386.6721ms)
ℹ tests 532
ℹ suites 0
ℹ pass 532
ℹ fail 0
ℹ cancelled 0
ℹ skipped 0
ℹ todo 0
ℹ duration_ms 45003.836949
