✔ a Draft block overrides an Agreed file for both wake and check (SPEC-018) (254.339781ms)
✔ an Agreed block overrides a Draft file in the kernel and lint (SPEC-018, SPEC-002) (991.802199ms)
✔ a block Status does not become the file default, including inside examples (SPEC-018) (586.254633ms)
✔ block status without a value does not inherit Agreed by accident (SPEC-018) (129.074956ms)
✔ inheritance needs a file Scope and includes only Agreed blocks, regardless of prefix (PKG-015) (3247.096872ms)
✔ Scope inside a requirement or fenced example does not declare inheritance (PKG-015) (1703.941673ms)
✔ a falsifier wrapped onto a line beginning with Status: does not become the block's status (SPEC-018) (1.106715ms)
✔ with attribution forbidden, an unpushed commit carrying an AI attribution line is named reword before any work; without the policy, or once pushed, it is not (PKG-045) (607.846956ms)
✔ each attribution form is caught, a prose mention is not, and the oldest attributed commit is named first (PKG-045) (1056.64773ms)
✔ LOOP-063: reject input mutation during a check and retain diagnostics (745.31691ms)
✔ LOOP-063: reject deletion mutation during a check and retain diagnostics (588.794833ms)
✔ LOOP-063: reject addition mutation during a check and retain diagnostics (668.147868ms)
✔ LOOP-063: reject mode mutation during a check and retain diagnostics (511.458151ms)
✔ LOOP-063: reject specification mutation during a check and retain diagnostics (619.801971ms)
✔ LOOP-063: reject declaration mutation during a check and retain diagnostics (793.658059ms)
✔ LOOP-063: reject commit mutation during a check and retain diagnostics (600.042952ms)
✔ LOOP-063: committed input mutation during execution cannot certify the replacement (619.025308ms)
✔ LOOP-064: removing executable permission makes passing evidence stale (1270.83921ms)
✔ LOOP-064: a mode-only change also invalidates the previous review after new evidence (1392.563028ms)
✔ LOOP-064: changing a regular file into a link with identical identity bytes is stale (1425.023903ms)
✔ LOOP-063: an unchanged candidate still records a pass despite unrelated working-tree edits (246.58574ms)
✔ LOOP-064: current and historical input ordering agrees for Unicode filenames (448.143108ms)
✔ LOOP-063: Git status hiding content changes cannot certify an uncommitted candidate (146.572243ms)
✔ LOOP-066: one check owns execution with a kernel action record (701.41336ms)
✔ LOOP-066: one check owns execution with an agent action record (838.150642ms)
✔ LOOP-066: a live lock is named and never silently overwritten (159.919432ms)
✔ LOOP-066: a dead lock is named and never silently overwritten (232.265596ms)
✔ LOOP-066: a incomplete lock is named and never silently overwritten (148.989909ms)
✔ LOOP-066: an execution error releases the check lock for a corrected rerun (821.716827ms)
✔ LOOP-066: a live kernel action from an older Cairn also blocks execution (238.550868ms)
✔ LOOP-066: separate Git worktrees can run checks independently (763.0445ms)
✔ after a green check --stale runs nothing; after one input changes it runs only that mechanism (LOOP-094) (2070.830869ms)
✔ a mechanism speaking for two stale requirements runs once and refreshes both (LOOP-094, LOOP-040) (997.82101ms)
✔ a fresh failure and an unverified result are skipped with implement named (LOOP-094) (1032.75467ms)
✔ --stale with a requirement identifier is refused (LOOP-094) (97.246593ms)
✔ check --stale holds back a mechanism whose requirement has three attempts and no escalation, names it, and records nothing (LOOP-094, DEC-016) (3191.722908ms)
✔ check refuses a dirty declared input and names it; a dirty undeclared file does not block (LOOP-030) (783.106315ms)
✔ check writes one receipt per run carrying the full record and a result line per requirement (LOOP-097) (445.187838ms)
✔ a nonzero exit records fail, and the receipt keeps the exit code (LOOP-034) (779.577867ms)
✔ a pass after a fail keeps the failing record; nothing is overwritten or deleted (LOOP-025) (1137.997907ms)
✔ a commit changing a declared input makes evidence stale; an undeclared one does not (LOOP-007) (1493.93981ms)
✔ a regression is named before a requirement that never passed (LOOP-031) (1789.614732ms)
✔ three attempts with no escalation since: wake says escalate, not a fourth (DEC-016, DEC-017, DEC-018) (3299.591154ms)
✔ the review gate: no review, stale review, open finding, then Done (LOOP-020, LOOP-033) (1228.831531ms)
✔ Done is refused while any requirement lacks current passing evidence (LOOP-017) (148.132152ms)
✔ check names a requested requirement that no mechanism claims (104.543778ms)
✔ check writes the in-progress record before the run and clears it after (LOOP-021) (222.533361ms)
✔ a linked declared input digests the same at a commit and in the tree (LOOP-023, LOOP-024) (467.955487ms)
✔ a result line is the mechanism's statement about one requirement; what it did not mention is unverified (LOOP-037, LOOP-052) (216.139626ms)
✔ a mechanism that says nothing is read by its exit code for every requirement (LOOP-039) (201.692969ms)
✔ unverified is not an attempt, and a return to an earlier failed digest counts once (DEC-017, DEC-018) (1933.428512ms)
✔ a result line for a requirement the mechanism does not speak for is named and writes nothing (LOOP-038) (209.586224ms)
✔ a result line inside ordinary output, or without the marker, does not count (202.470227ms)
✔ a targeted check runs the named requirements' mechanisms and records every requirement they speak for (LOOP-040) (202.043644ms)
✔ two result lines for one requirement: a fail on any line wins (187.58539ms)
✔ three runs at one digest with no attempt since: the verdict stays implement and names DEC-019; an escalation naming it among others clears the hint (DEC-019, LOOP-053) (984.5425ms)
✔ a receipt names its commit in full, and an older receipt with the short form is still read (LOOP-136) (320.776007ms)
✔ a change only to a document its declaration lists leaves the review fresh and the evidence stale; a change to another input makes the review stale (LOOP-141) (1438.565169ms)
✔ a complete commitment with an unpromoted backlog item names promote, and a stamped item lets it reach Done (LOOP-087) (1786.140799ms)
✔ an empty backlog with waiting next-iteration items is Done, with the count as information and no action on them (LOOP-091) (1581.424812ms)
✔ a promotion marker must resolve to a decision record (LOOP-088) (474.698599ms)
✔ a commitment promoted from an item needs a decision record naming the item (LOOP-088) (428.128974ms)
✔ the spec lint reports a promotion marker with no decision record (LOOP-088) (120.479289ms)
✔ a promoted commitment that changes an Agreed requirement or the working agreement is an escalation; an unpromoted one is not (LOOP-089, LOOP-090) (2844.170686ms)
✔ a capture from one of the commitment's own requirements needs Outside because: or an escalation (LOOP-092) (2487.487307ms)
✔ a next-iteration item names what it would change, and the capture refuses one that does not (LOOP-093) (470.793084ms)
✔ a commitment specified from a next-iteration item needs the item stamped before anything else (SPEC-027) (579.605863ms)
✔ a by deference marker resolves to a decision record like a promotion marker (SPEC-002, LOOP-088) (216.092275ms)
✔ the LOOP-090 gate reads the Concerns line, not the slug as a substring (LOOP-114) (656.651155ms)
✔ the LOOP-088 check reads the Promotes line, and decide --promotes writes it (LOOP-115) (247.344887ms)
✔ the activation commit of a promoted commitment is inside the LOOP-089 comparison (LOOP-116) (183.383086ms)
✔ the LOOP-090 route needs one escalation: its Concerns line covers the moved item too (LOOP-119, LOOP-092, LOOP-114) (709.786674ms)
✔ an escalation raised before the promoted commitment began does not silence the LOOP-090 gate (LOOP-114) (407.077338ms)
✔ an escalation raised before the commitment began does not silence the capture gate (LOOP-119) (389.574586ms)
✔ the activation commit is inside the scope footprint (LOOP-120) (134.973224ms)
✔ a requirement Agreed at activation that is demoted or removed is a contract change (LOOP-121) (699.011015ms)
✔ the include files are the root files that hold @AGENTS.md: exempt from the footprint, compared by the gate (LOOP-122) (1257.930573ms)
✔ a superseded promotion no longer satisfies the LOOP-088 check, and the repair says the promotion was reversed (LOOP-123) (552.581848ms)
✔ the restore route measures from the tree before activation, so a path the activation commit added must go (LOOP-120, LOOP-035) (218.203847ms)
✔ the loop works against exactly one commitment: the current one (LOOP-019) (560.317873ms)
✔ a promotion recorded below Consequential is a repair naming the level, since the developer never sees it in the queue (LOOP-088) (82.537283ms)
✔ every requirement the node-test declaration speaks for is named in a test title (PKG-025) (3.049407ms)
✔ every repository path the tests read is a declared input of node-test (PKG-026) (1.087959ms)
✔ writes a record with every required field and an empty realized-by (DEC-001, DEC-005) (91.648821ms)
✔ a Consequential decision is queued for review (DEC-013) (129.438629ms)
✔ a Consequential decision is queued even when .cairn/queue does not exist yet (119.576083ms)
✔ Routine is refused: routine decisions produce no record (133.25872ms)
✔ a missing field is a usage error and nothing is written (192.366021ms)
✔ supersedes requires a classified cause, and the old record must exist (327.723222ms)
✔ an existing record is not overwritten (150.411566ms)
✔ a queued decision stays queued; nothing but the developer removes it (DEC-014) (452.12925ms)
✔ each accepted decider is stored lowercase, whatever case it was typed in (DEC-020) (664.907496ms)
✔ a decider outside the vocabulary is a usage error naming all three, and nothing is written (DEC-020) (664.360207ms)
✔ an empty --decided-by is the missing-field error, not the vocabulary one (222.29094ms)
✔ LOOP-006, LOOP-067: missing inputs names a declaration repair before execution (187.742469ms)
✔ LOOP-006, LOOP-067: empty inputs names a declaration repair before execution (268.225409ms)
✔ LOOP-006, LOOP-067: missing command names a declaration repair before execution (226.337066ms)
✔ LOOP-006, LOOP-067: list command names a declaration repair before execution (278.976594ms)
✔ LOOP-006, LOOP-067: empty command names a declaration repair before execution (192.627269ms)
✔ LOOP-006, LOOP-067: missing requirements names a declaration repair before execution (212.966223ms)
✔ LOOP-006, LOOP-067: bad identifier names a declaration repair before execution (310.565309ms)
✔ LOOP-067: scalar one-item lists retain their existing meaning (386.173037ms)
✔ LOOP-068: a unpopulated gitlink is refused by name (226.996512ms)
✔ LOOP-068: a populated gitlink is refused by name (244.20797ms)
✔ LOOP-069: identical selections across 100 mechanisms use at most 20 Git processes (494.85372ms)
✔ --defect needs --from naming an Agreed requirement, and writes Defect: yes (LOOP-140) (393.281806ms)
✔ an unfixed defect is named fix before a promotable item, and counts as fixed only with passing evidence at or after its commit and no Agreed text changed (LOOP-087, LOOP-140) (3832.454288ms)
✔ escalate writes the six-line format followed by its facts, and wake presents it (LOOP-010, LOOP-026) (174.649332ms)
✔ a missing or multi-line field is refused with the field named, and nothing is written (LOOP-012) (183.597567ms)
✔ a Blocking escalation that fails the format is written anyway, naming the malformed field (LOOP-013) (182.94895ms)
✔ the loop stops for the developer only at Blocking: a recorded decision below it never yields Escalate, and the Blocking bypass must be spelled exactly (DEC-002) (535.145433ms)
✔ a second escalation while one is open is refused (LOOP-011) (193.837112ms)
✔ answer records the reply; wake no longer presents it; a second answer is refused (491.834912ms)
✔ answer to an unknown escalation is refused (71.916646ms)
✔ a stranger resumes from the file alone: question and answer are both in it (LOOP-014) (185.091384ms)
✔ a developer-shaped answer during the agent's turn is refused and writes nothing; the explanation is still accepted (LOOP-135) (1237.973239ms)
✔ after an answer, the same concern can be escalated again under a new name (403.211448ms)
✔ an escalation exists when its file does, committed or not (LOOP-009) (109.555272ms)
✔ developer answers require one of the three forms and cannot inject fields (LOOP-048) (848.806495ms)
✔ ask, agent explanation, another ask, and ok stay ordered in one file (LOOP-049, LOOP-050, LOOP-014) (1266.976161ms)
✔ fresh closed answers accompany only concerned requirements until new evidence (LOOP-051) (1109.356467ms)
✔ a raised escalation carries no derivable status line, and an old record with one still parses (LOOP-028) (230.741526ms)
✔ LOOP-065: delete of output refuses Done and a new run recovers (2523.426456ms)
✔ LOOP-065: corrupt of output refuses Done and a new run recovers (2026.213928ms)
✔ LOOP-065: delete of stderr_output refuses Done and a new run recovers (1890.936144ms)
✔ LOOP-065: corrupt of stderr_output refuses Done and a new run recovers (1628.375375ms)
✔ LOOP-065: a receipt without output needs a new check (787.642799ms)
✔ LOOP-065: a receipt without output_digest needs a new check (627.010791ms)
✔ LOOP-065: a receipt without stderr_output needs a new check (583.448619ms)
✔ LOOP-065: a receipt without stderr_digest needs a new check (470.436211ms)
✔ LOOP-065: legacy unverifiable output is rerun without rewriting history (920.203573ms)
✔ a fresh record names the kernel that wrote it (LOOP-023) (361.237892ms)
✔ LOOP-095: a record from another kernel is stale with the kernel named, and a new check restores Done (829.613549ms)
✔ LOOP-095: a record from no kernel is stale with the kernel named, and a new check restores Done (936.675924ms)
✔ LOOP-070: a later failure is latest even when the clock moves backward (1591.72224ms)
✔ LOOP-070: receipt collisions at one clock instant retain execution order beyond nine suffixes (5964.145408ms)
✔ LOOP-070: imported branch receipts stale a later sequence until a new check incorporates them (1853.586795ms)
✔ LOOP-070, LOOP-098: legacy receipts need one ordered check, remain byte-for-byte unchanged, and precede the run receipt in the history (677.419476ms)
✔ LOOP-070: edit of a prior receipt requires fresh evidence (555.819471ms)
✔ LOOP-070: remove of a prior receipt requires fresh evidence (571.283567ms)
✔ LOOP-075: supporting evidence file README.md does not become a receipt (611.517307ms)
✔ LOOP-075: supporting evidence file notes.txt does not become a receipt (589.70996ms)
✔ LOOP-075: supporting evidence file support does not become a receipt (645.979423ms)
✔ LOOP-075: supporting evidence file .DS_Store does not become a receipt (634.941718ms)
✔ LOOP-075: a malformed result line (result=success) names a repair before execution (394.206949ms)
✔ LOOP-075: a malformed result line (sequence=NaN) names a repair before execution (384.00374ms)
✔ LOOP-075: a malformed result line (sequence=9007199254740992) names a repair before execution (350.495742ms)
✔ LOOP-075: a malformed result line (history_digest=wrong) names a repair before execution (364.875441ms)
✔ LOOP-075: a malformed result line (tokens) names a repair before execution (375.658226ms)
✔ LOOP-075: a receipt-shaped directory is a named repair instead of an EISDIR crash (294.684953ms)
✔ LOOP-070: an earlier escalation cannot cover three new attempts after clock rollback (1265.81802ms)
✔ LOOP-070: an answer becomes old after a later check even if that check's timestamp is earlier (696.714407ms)
✔ LOOP-070: the newest answer wins between checks even when its clock timestamp is older (402.530464ms)
✔ LOOP-070: legacy escalation dates cover old receipts but not three newer sequenced runs (1453.22626ms)
✔ a PKG requirement the commitment does not name is declared, run, and gates Done (PKG-011) (3632.397983ms)
✔ a PKG requirement in a Draft spec is not folded in (956.804993ms)
✔ LOOP-076, LOOP-079: stale inputs identify the receipt and the check to run (1302.221763ms)
✔ LOOP-077: names a content change using checked input identity (1055.917401ms)
✔ LOOP-077: names a mode change using checked input identity (1314.556159ms)
✔ LOOP-077: names a kind change using checked input identity (942.802215ms)
✔ LOOP-077: names a added change using checked input identity (1186.333149ms)
✔ LOOP-077: names a removed change using checked input identity (1062.103828ms)
✔ LOOP-077: names a link-target change using checked input identity (1275.84308ms)
✔ LOOP-077: changed selection compares the old and new input sets (774.404896ms)
✔ LOOP-077: raw CRLF changes remain visible when Git-clean content agrees (619.531114ms)
✔ LOOP-077: detail output is sorted, bounded, and reports the omitted count (577.942036ms)
✔ LOOP-077: filenames cannot inject lines or terminal controls into explanations (452.507794ms)
✔ LOOP-077: receipts from one run share details and do not store source contents (378.17691ms)
✔ LOOP-078, LOOP-080: legacy optional detail limits explanation without changing standing (673.088563ms)
✔ LOOP-078, LOOP-080: invalid-field optional detail limits explanation without changing standing (556.964312ms)
✔ LOOP-078, LOOP-080: missing optional detail limits explanation without changing standing (611.343964ms)
✔ LOOP-078, LOOP-080: invalid-json optional detail limits explanation without changing standing (667.262578ms)
✔ LOOP-078, LOOP-080: mismatched optional detail limits explanation without changing standing (627.894181ms)
✔ LOOP-078, LOOP-080: duplicate optional detail limits explanation without changing standing (586.488668ms)
✔ LOOP-078, LOOP-080: unsafe-path optional detail limits explanation without changing standing (543.210834ms)
✔ LOOP-078, LOOP-080: directory optional detail limits explanation without changing standing (587.563275ms)
✔ LOOP-078, LOOP-080: symlink optional detail limits explanation without changing standing (626.852207ms)
✔ LOOP-078: unavailable old requirement text is not claimed as a proven change (533.695424ms)
✔ LOOP-076, LOOP-079: changed requirements identify evidence and retain review-before-check guidance (530.259831ms)
✔ LOOP-078: simultaneous input and output damage keep both reasons (424.408655ms)
✔ LOOP-080: deterministic freshness sequence seed=7 (13929.948313ms)
✔ LOOP-080: deterministic freshness sequence seed=42 (6936.658949ms)
✔ LOOP-080: deterministic freshness sequence seed=913 (6018.33432ms)
✔ LOOP-080: agreement changes, mechanism review, checks, and completion review retain priority (1387.274504ms)
✔ LOOP-080: imported receipt history demands a rerun without a false input explanation (1442.680484ms)
✔ LOOP-073: clean CRLF input completes under attributes (917.986291ms)
✔ LOOP-073: clean CRLF input completes under autocrlf (1214.134415ms)
✔ LOOP-073: raw line-ending mutation during a run is rejected even when Git still sees the same content (375.68116ms)
✔ LOOP-073: execution evidence changes when clean conversion preserves committed identity (1835.016388ms)
✔ LOOP-073: Git clean filters use Git's conversion while retaining raw evidence identity (995.563652ms)
✔ LOOP-073: failure of a required Git filter cannot record evidence (230.038119ms)
✔ LOOP-073: a clean filter moving HEAD during ending validation prevents evidence (809.911643ms)
✔ LOOP-073: canonical Git identities handle links without reading their targets (703.927156ms)
✔ LOOP-073: Git conversion keeps raw Unicode and control-character input paths (575.417758ms)
✔ LOOP-073: conversion and links work in a SHA-256 Git repository (674.906804ms)
✔ LOOP-074: historical specification filename "café.md" remains reviewable (743.450771ms)
✔ LOOP-074: historical specification filename "spec\ttab.md" remains reviewable (487.285256ms)
✔ LOOP-074: historical specification filename "spec\nline.md" remains reviewable (486.499959ms)
✔ help works outside a repository without running a command (PKG-017) (1292.949793ms)
✔ help does not hide invalid options or consume literal arguments (363.575959ms)
✔ help lists the lint command (PKG-017) (56.278341ms)
✔ a working directory that no longer exists is named as the failure, and git is not blamed (PKG-041, PKG-022) (186.225096ms)
✔ the stop hook refuses a stop while wake says Resolvable, with the verdict as the reason (PKG-018) (345.666671ms)
✔ the stop hook allows a stop at Done, at Escalate, and outside a Cairn repository (PKG-018) (1884.678682ms)
✔ the session-start hook links the command once and prints the verdict in a Cairn repository (PKG-019, PKG-014, PKG-005) (754.855578ms)
✔ the session-start hook prints no verdict outside a Cairn repository and leaves an existing link that resolves alone (PKG-019) (127.590151ms)
✔ a checkout under a path with a space links a command that resolves, and its stop hook still blocks (PKG-019, PKG-021) (475.319365ms)
✔ the hooks run the kernel the command link resolves to, so hook and agent share one referee (PKG-021) (1741.853058ms)
✔ a dangling link is replaced and reported (PKG-019) (259.32383ms)
✔ errors exit 0 with one line on standard error and no stack trace (PKG-022) (329.397544ms)
✔ the hooks judge with the cairn on PATH, a wrapper included, and session-start names it (PKG-033) (1659.287437ms)
✔ a link to a wrapper or file is kept; a dangling link or one to a directory is replaced (PKG-034) (613.72539ms)
✔ a project below the Git toplevel gets the verdict and the stop refusal (PKG-035) (490.314588ms)
✔ a kernel that prints no verdict is one stderr line: the stop is allowed and session-start prints no trace (PKG-036) (248.621699ms)
✔ a link that cannot be created is one stderr line, and the verdict still prints (PKG-019, PKG-022) (159.46299ms)
✔ with git absent the hooks say so in one line and block nothing (PKG-022) (97.928276ms)
✔ stop_hook_active true no longer lets a Resolvable stop through: the hook still refuses (PKG-018) (159.879447ms)
✔ receipts written by the project's own kernel are judged with it, not with a different cairn on PATH (PKG-033, PKG-021) (516.171356ms)
✔ the fourth stop on an unchanged verdict, commit and tree goes through with a message and a stop record; each refusal names cairn escalate (PKG-043, PKG-044) (498.861805ms)
✔ progress resets the count, a commit or an edited file alike, and each session counts on its own (PKG-043) (1430.195758ms)
✔ no report, one for another commitment, at another commit, or at a value that is not a commit names a new reviewer; an uncommitted review is committed first (LOOP-020) (2737.630793ms)
✔ an old report re-dated, however it is edited, does not name the new commit and names a new reviewer; a new report with the same words does not (LOOP-020) (2255.024657ms)
✔ each finding is carried by the one line citing its number and beginning with its words; malformed reports are repairs (LOOP-020) (5735.104115ms)
✔ citations name their report's commit, so rounds never collide and an old line never carries a new finding; a wrapped review line is its own repair (LOOP-020) (1013.234821ms)
✔ a finding that quotes a citation in its own words is carried by copying it, and an uncited wrapped line is no repair when there is nothing to carry (LOOP-020) (664.512507ms)
✔ a citation that is not last on its line is refused as such, and a finding ending with a citation is carried in the short form (LOOP-020) (1087.443207ms)
✔ a report written or changed on disk but not committed is named commit, never judged as the committed one (LOOP-020) (651.649064ms)
✔ the findings list is read from the record's text: blank lines between entries, a wrapped entry, any bullet, and a blank line inside examined: lose nothing; a list after a heading stays unread (LOOP-020, LOOP-086, LOOP-071) (1517.780928ms)
✔ the reader reads a numbered or nested list and a blank line in examined:, and names a line it cannot read rather than reading nothing (LOOP-086, LOOP-020) (1446.718833ms)
✔ a line the reader cannot read is named whenever an entry follows it, in the review and in the report, and a finding under a heading is named (LOOP-086, LOOP-020) (1724.435415ms)
✔ a margin line that only looks like a field never ends a list in silence (LOOP-086, LOOP-020) (1243.146835ms)
✔ a field name repeated inside a list is named, the report's findings under a heading are named beside a list, and the repair offers the fix that keeps the finding (LOOP-020, LOOP-086) (1150.757797ms)
✔ a Reviewer: line inside a list is named, and an honest record with a findings-titled heading is read (LOOP-020, LOOP-086) (894.765061ms)
✔ a record that declares findings: [] keeps a bulleted body as prose, as this repository's own reviews are written (LOOP-086, LOOP-020) (397.06797ms)
✔ a field name in another case never ends a list in silence, a record with its fields out of order is told to reorder them, and a citation names only a finding the report made (LOOP-086, LOOP-020, LOOP-108) (932.246082ms)
✔ a citation of zero is a citation, a field ends a list however it is spaced, a heading may be underlined, a blank line before a continuation is nothing, and a doubled commit: line does not name the commit (LOOP-020, LOOP-086, LOOP-108) (1245.042344ms)
✔ a rule under a field line is not a heading, the hint names a heading of either form, and an earlier report's citation on a carrying line is history (LOOP-020, LOOP-108) (1527.514505ms)
✔ a title that ends with a colon is still a heading, a report whose fields sit below a heading or prose is repaired rather than discarded, and the repair names the form the kernel reads (LOOP-020, LOOP-086, LOOP-108) (1253.991654ms)
✔ a report for another commitment or commit is replaced even when its fields sit below a heading, a quoted field line does not replace the real one, a rule under any field is a rule, and the review is told what the report is told (LOOP-020, LOOP-108) (1170.475183ms)
✔ an underline makes a heading of the line above it unless that line is an entry or the record's own field, an unread field is named where it sits, a field spelled another way is named, and the findings-titled repair names retitling (LOOP-020, LOOP-086, LOOP-108) (1528.789801ms)
✔ an underlined heading that names findings holds no list either, an unterminated fence hides nothing, a spelling is judged at the margin, and a report short of one header line is repaired (LOOP-020, LOOP-086, LOOP-108) (985.780062ms)
✔ a heading that names findings holds no content of any shape, its own section decides, and a report the wrong commit wrote is replaced before any repair (LOOP-020, LOOP-086) (889.963696ms)
✔ a findings-naming heading holds nothing at all, however deep, and a report with no record is replaced rather than repaired (LOOP-020, LOOP-086) (1986.317115ms)
✔ a recognisable finding under a heading is named wherever it sits, a findings-titled section is prose beside a list that holds entries, and a record may open with a title (LOOP-020, LOOP-086, LOOP-108) (2031.379497ms)
✔ a line that says open: is a finding however it is marked up, and one leading title of any form is the record's own (LOOP-020, LOOP-086, LOOP-108) (3968.986014ms)
✔ cairn lint runs the checker over docs/spec by default and over a named directory (PKG-028) (271.190008ms)
✔ cairn lint names a missing directory in one line, takes one argument, and reports a bad root (PKG-028) (297.947971ms)
✔ three megabytes are retained exactly once with matching digests (LOOP-041, LOOP-042) (573.220912ms)
✔ split stdout result lines survive a long non-result line; stderr is never a verdict (519.830322ms)
✔ signal termination is recorded and logs survive a clone (LOOP-043) (568.331765ms)
✔ working agreements and ignore changes are Cairn records inside the footprint (569.876791ms)
✔ a clean package passes (90.850193ms)
✔ PKG-001: a dependency, or a service manifest (207.478427ms)
✔ PKG-002: ignoring evidence or other durable state, by directory or by extension (245.914614ms)
✔ PKG-003: a command, a directory, or a record kind no decision names (428.345997ms)
✔ PKG-004: a kernel over 1900 lines, counting every file under bin/ as wc -l does; exactly 1900 passes (653.220115ms)
✔ PKG-006: a skill step naming a vendor's product, in either order, across a wrapped list item (PKG-027) (400.438434ms)
✔ PKG-008: a non-ASCII character in a tracked text file (108.661432ms)
✔ PKG-009: the kernel importing from tests (101.326549ms)
✔ PKG-012: a network call or a model client in the kernel, but not a vendor's name in text (882.263839ms)
✔ PKG-013: deferral language, but not in code, quotes, or a rule (897.084422ms)
✔ a tracked path deleted from the working tree is skipped, not a crash (139.442268ms)
✔ a sentence in a Formats section is not a record kind (93.23647ms)
✔ a record kind named by its path alone is checked (122.258488ms)
✔ PKG-002: a tracked in-progress record (93.921975ms)
✔ PKG-002: ignoring evidence alone is a finding (75.378455ms)
✔ PKG-003 reads the kernel's commands from its help output (PKG-023) (201.31812ms)
✔ the ASCII scan covers shipped files, not records under .cairn/ (PKG-024) (122.459809ms)
✔ a vendor-naming step wrapped across lines is matched (PKG-006, PKG-027) (137.017979ms)
✔ PKG-013 scans the README, the manual, and the walkthrough (PKG-032) (374.233564ms)
✔ the manifests, the listing and package.json agree on the name and version, and name paths the repository holds (PKG-037) (1.986038ms)
✔ the hooks file registers session-start and stop against the plugin's own hook.mjs through the plugin root variable (PKG-038) (0.276631ms)
✔ a Muse hook entry whose shared hook is missing prints one line and exits 0 (PKG-041, PKG-022) (87.600857ms)
✔ the registered commands print the verdict at session start, link the command into the plugin, and refuse a stop while wake says Resolvable (PKG-038, PKG-021) (626.950365ms)
✔ LOOP-071: decision body metadata does not resolve unbuilt work: "Superseded by: example" (1039.176726ms)
✔ LOOP-071: decision body metadata does not resolve unbuilt work: "```text\nSuperseded by: example\n```" (1231.493933ms)
✔ LOOP-071: decision body metadata does not resolve unbuilt work: "~~~text\nSuperseded by: example\n~~~" (1250.301055ms)
✔ LOOP-071: a fenced realization example is not a resolving commit (963.696039ms)
✔ LOOP-071: a fenced commit inside the realization section is not built (916.250372ms)
✔ LOOP-071: ## Example cannot replace an open review finding (1180.46702ms)
✔ LOOP-071: # Example cannot replace an open review finding (857.313137ms)
✔ LOOP-071: ### Example cannot replace an open review finding (805.041217ms)
✔ LOOP-071:   ## Example cannot replace an open review finding (842.382138ms)
✔ LOOP-071: Example paragraph. cannot replace an open review finding (607.980378ms)
✔ LOOP-071: Example
------- cannot replace an open review finding (541.355713ms)
✔ LOOP-071: fenced fields before a real review header are ignored (478.019893ms)
✔ LOOP-071: multiline decision --title cannot inject metadata (430.585035ms)
✔ LOOP-071: multiline decision --decided-by cannot inject metadata (394.480997ms)
✔ LOOP-071: multiline decision --rests-on cannot inject metadata (377.447166ms)
✔ LOOP-071: multiline decision --wrong-if cannot inject metadata (426.937567ms)
✔ LOOP-071: multiline decision --history cannot inject metadata (484.458914ms)
✔ LOOP-072: malformed Blocking concerns stay open: "R-001\nAnswer: ok" (88.814619ms)
✔ LOOP-072: malformed Blocking concerns stay open: "R-001\r\nAnswer: ok" (121.342799ms)
✔ LOOP-072: malformed Blocking concerns stay open: "R-001\rAnswer: ok" (112.253948ms)
✔ LOOP-072: malformed Blocking concerns stay open: "R-001 Answer: ok" (100.884252ms)
✔ LOOP-072: malformed Blocking concerns stay open: "R-001 Answer: ok" (108.46235ms)
✔ LOOP-072: ordinary malformed concerns are refused: "R-001\nR-002" (49.746338ms)
✔ LOOP-072: ordinary malformed concerns are refused: "R-001, prose" (51.777636ms)
✔ LOOP-072: ordinary malformed concerns are refused: " " (54.690861ms)
✔ LOOP-072: a Blocking escalation without concerns is still presented (118.814107ms)
✔ LOOP-072: carriage returns in a Blocking question do not create answer records (91.454035ms)
✔ LOOP-072: explanation separator 8232 cannot close an escalation (186.964356ms)
✔ LOOP-071: decision metadata refuses separator 8232 (403.008678ms)
✔ LOOP-072: explanation separator 8233 cannot close an escalation (164.746294ms)
✔ LOOP-071: decision metadata refuses separator 8233 (358.992125ms)
✔ Concerns, Rests on, and Promoted from written as lists read as the flat form (LOOP-124) (922.02465ms)
✔ an item named by filename, path, or backticked slug resolves like the slug (LOOP-125) (934.318773ms)
✔ an input that covers Cairn's own output is named as the repair, before and after a check (LOOP-126, LOOP-105) (990.12399ms)
✔ an unreadable record directory is a repair, not an error exit (LOOP-127) (169.723781ms)
✔ a title that slugifies to nothing is refused (LOOP-128) (270.52407ms)
✔ examined: [] is an empty list (LOOP-129, LOOP-108) (861.11535ms)
✔ below the Git toplevel the restore check compares root-relative paths (LOOP-130, LOOP-035) (560.317062ms)
✔ below the Git toplevel an uncommitted declared input is named from the project root (LOOP-132, LOOP-030) (336.186549ms)
✔ a value on the key line followed by list items is the first item, never dropped (LOOP-133) (1117.453444ms)
✔ the footprint's walk reads Current: as the wake does: a fenced example below the real line, or a second line in history, never moves the start (LOOP-134, LOOP-035) (551.804628ms)
✔ an input spelled .. from a project below the Git toplevel covers the evidence directory (LOOP-126, LOOP-105) (125.274161ms)
✔ a Consequential record this commitment added needs its queue entry committed (LOOP-131, DEC-004) (691.293024ms)
✔ a mechanism that removes the check lock still gets its evidence, with no repair for the lock (LOOP-107) (341.335043ms)
✔ a staged rename reads as its two paths, never as a bare origin token (LOOP-030, LOOP-110) (157.715753ms)
✔ a Current: line inside a fenced example is neither a second Current: line nor the commitment, before or after the real line (LOOP-104) (326.36028ms)
✔ a Status: word is taken only from a line that carries one, never from wrapped prose after it (SPEC-018) (1.071493ms)
✔ the placeholder left above a resolving entry is a repair naming the file (DEC-021) (428.401249ms)
✔ the placeholder alone is a decision recorded and not yet built, unchanged (DEC-007) (127.349113ms)
✔ resolving entries with no placeholder are unchanged (DEC-006) (164.470889ms)
✔ a shallow clone that cannot resolve its entries is still told to fetch, not to edit (LOOP-113 keeps precedence) (142.194248ms)
✔ the placeholder quoted in a fenced example does not make a built record a repair (DEC-021) (143.625898ms)
✔ supersede takes the same decider vocabulary as decide (DEC-020) (114.191282ms)
✔ a superseded record is held to the same line: its placeholder above a resolving entry is a repair (DEC-021, DEC-010) (229.966425ms)
✔ realize() touches only the Realized by section; a body that quotes the placeholder keeps it (149.868874ms)
✔ an untracked file under a declared input is not a change under way; check still refuses beside it and names .gitignore (LOOP-110, LOOP-030) (257.692582ms)
✔ an unmatched input is refused before execution (LOOP-044) (236.009015ms)
✔ an indexed input deleted on disk asks for a commit (LOOP-045) (265.775531ms)
✔ wake and check require a Git working tree (LOOP-046) (328.108547ms)
✔ recovery removes only dead kernel run records and identifies a live owner (LOOP-054, LOOP-055) (777.866464ms)
✔ an agent action based behind a clean HEAD appears committed (LOOP-027) (244.723759ms)
✔ realization needs a real commit and a subject (DEC-006) (418.566008ms)
✔ 1500 binary inputs digest identically at the review commit in under a second (LOOP-024) (2344.726884ms)
✔ merged work is excluded but a later own commit is a breach (LOOP-047) (398.138102ms)
✔ exact Current tenure ignores prefix matches and earlier visits to the same slug (LOOP-035) (474.823699ms)
✔ a kernel run records its supervising PID (LOOP-054) (488.387173ms)
✔ a merged declared input still stales evidence (LOOP-047) (769.548575ms)
✔ wildcard and magic pathspecs select the same historical inputs (LOOP-024, LOOP-032) (3337.579581ms)
✔ historical selection retains deleted files and excludes new ones (LOOP-024, LOOP-035) (1537.805417ms)
✔ cairn --version prints the package.json version outside a repository, and help lists it (PKG-039) (190.159723ms)
✔ a release is one commit setting one version in the five files, with the changelog entry, tagged v<version> (PKG-040) (1791.944193ms)
✔ the release script refuses a bad version, no increase, a dirty tree, a missing entry, a taken tag, a disagreeing file, and a loop not at Done, each in one line with nothing written (PKG-040) (2939.375504ms)
✔ a version file written as compact JSON is released, and nothing else in any version file changes (PKG-042) (2342.428608ms)
✔ with attribution forbidden, the release script refuses an unpushed commit carrying an AI attribution line (PKG-045) (852.805955ms)
✔ explicit reporting with no lines and exit 0 establishes no requirement verdicts (LOOP-061) (858.831064ms)
✔ explicit reporting with no lines and exit 1 establishes no requirement verdicts (LOOP-061) (878.799307ms)
✔ a reporter that cannot start keeps execution diagnostics without blaming requirements (LOOP-062) (396.377323ms)
✔ large output cannot kill a reporter or invent a requirement verdict (520.709782ms)
✔ explicit mode ignores cairn: R-999: pass (579.683637ms)
✔ explicit mode ignores cairn: R-001: unverified (462.138945ms)
✔ explicit mode ignores cairn: R-001: passed (506.738713ms)
✔ explicit results survive nonzero exit and contradictory duplicates still fail (942.475024ms)
✔ unverified results across changed inputs never become failed attempts (2296.06922ms)
✔ legacy exit 0 retains its interpretation (349.060157ms)
✔ legacy exit 1 retains its interpretation (339.938826ms)
✔ a misspelled reporting mode is refused before execution (187.526666ms)
✔ changed requirement blocks unchecked reruns and makes the completion review stale (LOOP-058, LOOP-059) (3284.465144ms)
✔ falsifier changes need review; separate rationale and other requirements do not change a receipt (2132.316903ms)
✔ legacy receipts recover requirement identity from their commit; unavailable history requires review (1701.582718ms)
✔ check refuses uncommitted requirement text and mechanism review markers (1284.636211ms)
✔ tightened response limit cannot reuse the old passing check (1856.945648ms)
✔ a declared input over 1 MiB agrees at a commit and in the tree (LOOP-060) (524.648784ms)
✔ a failed Git blob read cannot be hashed as an empty blob (542.978758ms)
✔ Git listings over 1 MiB include the last declared input (2472.356972ms)
✔ requirement identity excludes fenced examples and status dates (605.595521ms)
✔ DemonCoder REM-002 and Status in progress cannot silently satisfy the review gate (LOOP-086) (1227.331592ms)
✔ valid open findings retain their behavior (911.021836ms)
✔ valid resolved findings retain their behavior (919.775762ms)
✔ valid empty findings retain their behavior (1055.574274ms)
✔ valid mixed valid findings retain their behavior (822.190362ms)
✔ malformed finding "open:" requires repair (766.002595ms)
✔ malformed finding "resolved:   " requires repair (870.482663ms)
✔ malformed finding "Open: incorrect case" requires repair (626.954998ms)
✔ malformed finding "unknown: issue" requires repair (603.630977ms)
✔ malformed finding "\u001b[31mBAD: issue" requires repair (559.487158ms)
✔ the established explicit empty findings list remains valid (692.778546ms)
✔ a scalar findings value requires the supported list format (409.441379ms)
✔ check runs a mechanism when a requirement outside the commitment was revised, and asks for the review once a commitment includes it (LOOP-059) (1488.445091ms)
✔ a Requirements: line written as a list is read like the flat form (LOOP-102) (164.551328ms)
✔ a subdirectory or a README in a record directory changes nothing (LOOP-103) (846.646021ms)
✔ two Current: lines are a roadmap repair (LOOP-104) (142.082808ms)
✔ a repeated identifier, an input under the evidence directory, and a missing cwd are refused by name (LOOP-105) (630.141577ms)
✔ a requirement whose evidence outlives its mechanism is named declare, not a regression or an escalation (LOOP-106) (1822.710122ms)
✔ an unreadable record is a repair, not an error exit (LOOP-107) (165.703785ms)
✔ a review needs commit, a nonempty examined list, and a findings list, each named when missing (LOOP-108) (1783.927184ms)
✔ a decision record missing a header field or naming a missing predecessor is a repair (LOOP-109) (487.971556ms)
✔ a dirty declared input with no in-progress record is named record ahead of run (LOOP-022, LOOP-110) (350.196354ms)
✔ with core.filemode false the index mode is the identity, so a mode-only difference does not refuse the check (LOOP-111) (308.427953ms)
✔ a project below the Git toplevel can run check (LOOP-112) (355.225094ms)
✔ a shallow clone names history to fetch, not a decision to build (LOOP-113) (175.656775ms)
✔ record-writing commands refuse to run outside a Cairn repository and write nothing (LOOP-118) (339.86831ms)
✔ a git that cannot start is one line and exit 3 from wake and from check, with nothing recorded (LOOP-137) (146.04746ms)
✔ an unexplained or uncommitted stop record is named explain before any other action; explained and committed, the wake moves on (LOOP-139) (431.517161ms)
✔ empty footprint names declaration before scope and records no evidence (LOOP-081) (798.832229ms)
✔ first declaration still checks the full earlier history (LOOP-081) (626.018701ms)
✔ an empty current footprint does not block an explicitly requested existing mechanism (LOOP-081) (538.626817ms)
✔ an inherited mechanism provides a footprint even before local mechanisms exist (426.310972ms)
✔ scope reports every path, escapes line breaks, and gives identical remedies (LOOP-082) (366.135854ms)
✔ scope verdict reuses the answered-escalation annotation (LOOP-048, LOOP-051, LOOP-083) (902.475884ms)
✔ a committed scope acknowledgment lets restored history proceed (LOOP-083) (1344.61205ms)
✔ scope acknowledgment must be committed before it can clear a breach (1026.737407ms)
✔ ordinary ok does not acknowledge scope history (517.421362ms)
✔ scope escalation refuses unrestored paths and names the restoration remedy (424.898549ms)
✔ an invalid scope request still records an explicitly Blocking decision (230.053341ms)
✔ ask and explanation stay open; only the final committed ok acknowledges scope (896.416055ms)
✔ instead is visible but does not silently authorize a scope exception (424.255284ms)
✔ later changes to an acknowledged path still block, including later reverts (1327.652563ms)
✔ approval cannot hide another path changed after the snapshot (419.287861ms)
✔ acknowledged history remains conditional on the paths staying restored (634.077257ms)
✔ editing the scope snapshot after answer invalidates its acknowledgment (385.833817ms)
✔ malformed scope metadata cannot suppress a breach (1674.556174ms)
✔ damaged acknowledgment fields cannot suppress a breach (603.558602ms)
✔ scope path matching is literal, including wildcard filenames and control characters (603.676653ms)
✔ scope acknowledgment does not carry into another activation of the same slug (391.311646ms)
✔ restoration checks additions, deletions, executable modes, and symlink kinds (1840.256067ms)
✔ explicit committed retention keeps correct work and requires new evidence and review (LOOP-084, LOOP-085) (3373.20044ms)
✔ a missing declaration covers correct earlier work without retention or revert (971.949577ms)
✔ keep requires scope and an unchanged committed candidate (271.16478ms)
✔ uncommitted retention and instead answers cannot clear the incident (1494.781193ms)
✔ retention does not grant future edits, even when reverted to the approved tree (1990.998497ms)
✔ retention cannot cover another path or another activation (658.130301ms)
✔ imported changes must still match the retained tree (684.908473ms)
✔ retention handles additions, deletions, modes, symlinks, and literal filenames (2283.409598ms)
✔ retention cannot convert an existing restoration answer or accept an unknown mode (494.682243ms)
✔ a check failure after retention remains a failure (779.804561ms)
✔ retained paths stay part of the stable checked candidate without extending its footprint (661.685207ms)
✔ retention ask needs an explanation and final committed approval (659.605915ms)
✔ an unknown scope mode remains invalid even with a matching approval digest (387.154828ms)
✔ backlog writes the item; a second with the same title is refused, never overwritten (LOOP-016) (161.679474ms)
✔ a commit inside the footprint: check runs; outside it: check names the path and does not run (LOOP-015, LOOP-035) (996.264972ms)
✔ Cairn's records are never a breach; another file under docs/ is (LOOP-117) (1139.432163ms)
✔ declaring the path as an input clears the breach (473.486227ms)
✔ a revert preserves the record of an out-of-scope commit (LOOP-047) (455.5644ms)
✔ a commitment naming a requirement the spec set does not hold as Agreed is repaired (LOOP-029) (149.994161ms)
✔ a requirement in a Draft spec file is not Agreed (129.859898ms)
✔ working agreements and the ignore file are Cairn records (LOOP-035, LOOP-036) (902.54915ms)
✔ the over-asking rule is gone from both skills (SPEC-005, SPEC-006, SPEC-007) (1.482327ms)
✔ a decision during the phase is recorded (DEC-003) (0.144203ms)
✔ understanding is restated before writing (SPEC-003) (0.111724ms)
✔ falsifiers are proposed as one set and confirmed by exception (SPEC-004) (0.403399ms)
✔ depth is inferred and domains derived, never asked or imposed (SPEC-008, SPEC-009) (0.145657ms)
✔ a term enters the glossary at first occurrence (SPEC-010) (0.099383ms)
✔ the phase ends at the first commitment, and later ones are specified during the loop (SPEC-011, SPEC-012) (0.191954ms)
✔ a requirement goes Agreed only with a nameable mechanism (SPEC-013) (0.70204ms)
✔ review before agreement, recording what it attacked (SPEC-014, SPEC-015) (0.271248ms)
✔ no spec file without requirements; nothing Agreed without a falsifier (SPEC-001, SPEC-002) (0.592466ms)
✔ Observed is marked, and is not contract (SPEC-016, SPEC-017) (0.210442ms)
✔ the skills exclude artifacts outside Cairn's workflow (0.15603ms)
✔ the working agreement names the agent's move for each verdict and the write-ahead record (LOOP-036) (0.786146ms)
✔ the working agreement names the developer's moves (LOOP-036, DEC-014) (0.098152ms)
✔ this repository runs by the file it ships (0.404976ms)
✔ both skills write the working agreement without naming a vendor's file (LOOP-002, LOOP-036, PKG-006) (0.214952ms)
✔ the working agreement says what an attempt is (LOOP-036, DEC-017, DEC-018) (0.078315ms)
✔ the working agreement says a failure no footprint change can address is an escalation, and where an inherited requirement is repaired (DEC-019, LOOP-057) (0.100644ms)
✔ the working agreement states the promote, next-iteration, and no-deferral moves (LOOP-029, LOOP-087, LOOP-091, LOOP-092) (0.088883ms)
✔ both skills sort captures into the backlog or next-iteration and forbid deferral (LOOP-029, LOOP-092, LOOP-093) (0.076735ms)
✔ the skill requires a falsifier on every requirement, a MAY included (SPEC-025) (0.074531ms)
✔ the working agreement names the hooks as optional and the install skill registers them for two harnesses (PKG-006, PKG-018, PKG-019) (0.23523ms)
✔ the working agreement says the kernel is upgraded at Done, never inside a commitment (LOOP-096) (0.07469ms)
✔ the next-iteration skill starts from the specification and ends by naming the next commitment (SPEC-026, SPEC-027) (0.241776ms)
✔ every document that names the project skills names next-iteration beside them (SPEC-026, PKG-014) (3.101074ms)
✔ the working agreement states a move for every action the kernel can name (LOOP-101) (2.149913ms)
✔ the working agreement states both record formats and the two flags the moves need (LOOP-036) (0.142093ms)
✔ the skills demonstrate a safe violating example and preserve recon findings (SPEC-022, SPEC-023) (0.081843ms)
✔ the specification skills run the checker through the cairn command (PKG-029) (0.25913ms)
✔ the README invokes the phase skills by name and states versions and platforms (PKG-030, PKG-031) (0.411615ms)
✔ the manual and the walkthrough say the loop promotes backlog items at Done (0.790816ms)
✔ the working agreement says a report is not work under way, its findings are captured, and it is committed with them (LOOP-138) (0.083226ms)
✔ a two-obligation sentence is named (PKG-007) (66.031286ms)
✔ an obligation with no actor is named (PKG-010) (142.35036ms)
✔ a leading condition clause is not the actor, and the actor after it counts (90.43281ms)
✔ an Agreed requirement with no falsifier is named (SPEC-002); a Draft one is not (107.509902ms)
✔ prose after a Draft requirement with no falsifier is not scanned as requirement text (68.098974ms)
✔ a spec declaring a prefix with no requirement is named (SPEC-001) (49.786538ms)
✔ a keyword in backticks or quotes is a mention, not an obligation (64.273386ms)
✔ duplicate identifiers are rejected within a file and across files (SPEC-020) (183.189486ms)
✔ references resolve across files; missing references name their source (SPEC-021) (119.616481ms)
✔ code examples and quoted mentions are neither definitions nor references (50.031407ms)
✔ machine-local paths are findings in prose, links, quotes, and examples (SPEC-019) (585.990285ms)
✔ relative paths, URLs, slash commands, and character mentions are not absolute path findings (63.260751ms)
✔ a slash after a placeholder continues the template (SPEC-019) (112.917883ms)
✔ a host path is a finding until the file declares it (SPEC-019, SPEC-024) (117.200599ms)
✔ declared host paths cover children with a slash boundary and stay file-local (139.496717ms)
✔ a host-path declaration inside a requirement or example grants no exception (140.112605ms)
✔ host-path declarations require absolute or home-relative entries (270.542867ms)
✔ an Agreed block whose only keyword is MAY needs a falsifier like any other (SPEC-025, SPEC-002) (138.94131ms)
✔ a regex literal is not a path, a drive path and a file URL are, and a skill's slash name is allowed (SPEC-028, SPEC-029) (97.556023ms)
✔ a backticked or quoted actor still counts as one (PKG-010) (56.094797ms)
✔ a fence the file never closes is named, since the parser then reads its example as specification (102.708309ms)
✔ supersede writes both lines, and the old record keeps every word it had (DEC-008, DEC-010) (151.397015ms)
✔ supersede without a cause, or with one outside the four, is refused (DEC-009) (183.286017ms)
✔ supersede of a record that does not exist is refused (167.529061ms)
✔ a predecessor with no title line cannot be stamped, so nothing is written (116.215109ms)
✔ a --supersedes argument outside the slug alphabet is refused, and a path never reaches the filesystem (DEC-022) (310.54931ms)
✔ a record already superseded cannot be superseded again: one Superseded by line per record (DEC-022, DEC-010) (258.761172ms)
✔ reversals reports counts by decider, cause, and domain (DEC-011) (250.604768ms)
✔ decide in a domain with a reversal is refused without --history, naming the reversal; with it, the record carries History (DEC-012) (256.167635ms)
✔ decide in a domain with no reversals needs no --history (187.671853ms)
✔ a record resting on prose alone is in the domain unspecified, and so is the next one (183.595766ms)
✔ the decider tally normalizes case and whitespace, and names a value outside the vocabulary (DEC-020, DEC-011) (142.840262ms)
✔ a record with no Decided by line is tallied as unrecorded, not as a vocabulary value (92.517458ms)
✔ Decided by written as a list tallies like the flat form, and does not crash the report (LOOP-124, DEC-020) (122.092453ms)
✔ a second declaration for one requirement is accepted, a named check runs every mechanism, and Done needs each to pass (LOOP-056, LOOP-099) (3689.769195ms)
✔ one mechanism's stale evidence names that mechanism, and --stale runs only it (LOOP-056, LOOP-094) (1120.716713ms)
✔ attempts are counted within one mechanism's records, so the other's passes do not reset them (LOOP-100, DEC-016) (2026.535472ms)
✔ step 1: an in-progress record is reconciled before anything else (176.300024ms)
✔ step 2: an open escalation is presented and nothing else happens (109.917904ms)
✔ an answered escalation is not open (762.752684ms)
✔ step 3: a decision with no realized-by is built, first by name (DEC-007) (102.794361ms)
✔ a superseded decision with no realized-by is not work (207.036755ms)
✔ step 6: a mechanism that has never run is run, not implemented (LOOP-008) (244.888047ms)
✔ step 6: a requirement whose mechanism fails is implemented (888.364584ms)
✔ step 6 before step 7: failing evidence outranks a missing mechanism (547.821122ms)
✔ step 7: a requirement with no mechanism is declared (LOOP-106) (129.16875ms)
✔ every verdict names who acts: Resolvable is the agent's, Done needs nobody, Escalate waits for the developer (LOOP-004) (873.873038ms)
✔ malformed roadmap is Resolvable, not fatal (LOOP-005) (83.031421ms)
✔ a commitment naming no requirements is Resolvable (LOOP-018) (113.903165ms)
✔ the primary test: two wakes on the same checkout give the same action, before and after a persisted transition (LOOP-001, LOOP-003) (859.909497ms)
✔ outside a cairn repository wake cannot run (52.640059ms)
✔ the loop never waits on the review queue (DEC-015) (455.018453ms)
✔ twenty built records cost one git call to resolve, not twenty (DEC-023) (258.007396ms)
✔ an ambiguous Realized by identifier is the repair that says lengthen it, not a build (LOOP-113, DEC-023) (203.611315ms)
✔ the linked walkthrough runs from agreement through the next commitment (PKG-016) (2209.763691ms)
ℹ tests 527
ℹ suites 0
ℹ pass 527
ℹ fail 0
ℹ cancelled 0
ℹ skipped 0
ℹ todo 0
ℹ duration_ms 40287.442327
