✔ a Draft block overrides an Agreed file for both wake and check (SPEC-018) (191.407965ms)
✔ an Agreed block overrides a Draft file in the kernel and lint (SPEC-018, SPEC-002) (656.362822ms)
✔ a block Status does not become the file default, including inside examples (SPEC-018) (376.645517ms)
✔ block status without a value does not inherit Agreed by accident (SPEC-018) (85.061354ms)
✔ inheritance needs a file Scope and includes only Agreed blocks, regardless of prefix (PKG-015) (2050.513845ms)
✔ Scope inside a requirement or fenced example does not declare inheritance (PKG-015) (978.522ms)
✔ a falsifier wrapped onto a line beginning with Status: does not become the block's status (SPEC-018) (0.951391ms)
✔ with attribution forbidden, an unpushed commit carrying an AI attribution line is named reword before any work; without the policy, or once pushed, it is not (PKG-045) (418.027184ms)
✔ each attribution form is caught, a prose mention is not, and the oldest attributed commit is named first (PKG-045) (586.721819ms)
✔ LOOP-063: reject input mutation during a check and retain diagnostics (469.167985ms)
✔ LOOP-063: reject deletion mutation during a check and retain diagnostics (422.421548ms)
✔ LOOP-063: reject addition mutation during a check and retain diagnostics (419.596247ms)
✔ LOOP-063: reject mode mutation during a check and retain diagnostics (425.253689ms)
✔ LOOP-063: reject specification mutation during a check and retain diagnostics (444.098961ms)
✔ LOOP-063: reject declaration mutation during a check and retain diagnostics (445.73425ms)
✔ LOOP-063: reject commit mutation during a check and retain diagnostics (463.435771ms)
✔ LOOP-063: committed input mutation during execution cannot certify the replacement (425.787539ms)
✔ LOOP-064: removing executable permission makes passing evidence stale (647.74185ms)
✔ LOOP-064: a mode-only change also invalidates the previous review after new evidence (841.892524ms)
✔ LOOP-064: changing a regular file into a link with identical identity bytes is stale (884.595217ms)
✔ LOOP-063: an unchanged candidate still records a pass despite unrelated working-tree edits (217.767702ms)
✔ LOOP-064: current and historical input ordering agrees for Unicode filenames (366.850835ms)
✔ LOOP-063: Git status hiding content changes cannot certify an uncommitted candidate (120.011481ms)
✔ LOOP-066: one check owns execution with a kernel action record (460.769905ms)
✔ LOOP-066: one check owns execution with an agent action record (431.094439ms)
✔ LOOP-066: a live lock is named and never silently overwritten (137.840847ms)
✔ LOOP-066: a dead lock is named and never silently overwritten (165.809962ms)
✔ LOOP-066: a incomplete lock is named and never silently overwritten (143.013175ms)
✔ LOOP-066: an execution error releases the check lock for a corrected rerun (515.915076ms)
✔ LOOP-066: a live kernel action from an older Cairn also blocks execution (82.22035ms)
✔ LOOP-066: separate Git worktrees can run checks independently (454.685558ms)
✔ after a green check --stale runs nothing; after one input changes it runs only that mechanism (LOOP-094) (975.632079ms)
✔ a mechanism speaking for two stale requirements runs once and refreshes both (LOOP-094, LOOP-040) (640.054815ms)
✔ a fresh failure and an unverified result are skipped with implement named (LOOP-094) (634.824671ms)
✔ --stale with a requirement identifier is refused (LOOP-094) (63.395566ms)
✔ check --stale holds back a mechanism whose requirement has three attempts and no escalation, names it, and records nothing (LOOP-094, DEC-016) (2094.78353ms)
✔ check refuses a dirty declared input and names it; a dirty undeclared file does not block (LOOP-030) (505.70747ms)
✔ check writes one receipt per run carrying the full record and a result line per requirement (LOOP-097) (311.8445ms)
✔ a nonzero exit records fail, and the receipt keeps the exit code (LOOP-034) (342.715683ms)
✔ a pass after a fail keeps the failing record; nothing is overwritten or deleted (LOOP-025) (688.033306ms)
✔ a commit changing a declared input makes evidence stale; an undeclared one does not (LOOP-007) (900.422249ms)
✔ a regression is named before a requirement that never passed (LOOP-031) (1138.71829ms)
✔ three attempts with no escalation since: wake says escalate, not a fourth (DEC-016, DEC-017, DEC-018) (2324.256261ms)
✔ the review gate: no review, stale review, open finding, then Done (LOOP-020, LOOP-033) (1060.091079ms)
✔ Done is refused while any requirement lacks current passing evidence (LOOP-017) (94.662944ms)
✔ check names a requested requirement that no mechanism claims (95.034688ms)
✔ check writes the in-progress record before the run and clears it after (LOOP-021) (187.358277ms)
✔ a linked declared input digests the same at a commit and in the tree (LOOP-023, LOOP-024) (375.517642ms)
✔ a result line is the mechanism's statement about one requirement; what it did not mention is unverified (LOOP-037, LOOP-052) (202.404535ms)
✔ a mechanism that says nothing is read by its exit code for every requirement (LOOP-039) (189.048763ms)
✔ unverified is not an attempt, and a return to an earlier failed digest counts once (DEC-017, DEC-018) (1673.312946ms)
✔ a result line for a requirement the mechanism does not speak for is named and writes nothing (LOOP-038) (179.608976ms)
✔ a result line inside ordinary output, or without the marker, does not count (179.488159ms)
✔ a targeted check runs the named requirements' mechanisms and records every requirement they speak for (LOOP-040) (174.208067ms)
✔ two result lines for one requirement: a fail on any line wins (184.744912ms)
✔ three runs at one digest with no attempt since: the verdict stays implement and names DEC-019; an escalation naming it among others clears the hint (DEC-019, LOOP-053) (865.793976ms)
✔ a receipt names its commit in full, and an older receipt with the short form is still read (LOOP-136) (256.70376ms)
✔ a change only to a document its declaration lists leaves the review fresh and the evidence stale; a change to another input makes the review stale (LOOP-141) (1046.387878ms)
✔ a complete commitment with an unpromoted backlog item names promote, and a stamped item lets it reach Done (LOOP-087) (1064.073303ms)
✔ an empty backlog with waiting next-iteration items is Done, with the count as information and no action on them (LOOP-091) (900.506551ms)
✔ a promotion marker must resolve to a decision record (LOOP-088) (299.889261ms)
✔ a commitment promoted from an item needs a decision record naming the item (LOOP-088) (281.983958ms)
✔ the spec lint reports a promotion marker with no decision record (LOOP-088) (88.758657ms)
✔ a promoted commitment that changes an Agreed requirement or the working agreement is an escalation; an unpromoted one is not (LOOP-089, LOOP-090) (1757.078954ms)
✔ a capture from one of the commitment's own requirements needs Outside because: or an escalation (LOOP-092) (1705.431659ms)
✔ a next-iteration item names what it would change, and the capture refuses one that does not (LOOP-093) (480.224425ms)
✔ a commitment specified from a next-iteration item needs the item stamped before anything else (SPEC-027) (526.183328ms)
✔ a by deference marker resolves to a decision record like a promotion marker (SPEC-002, LOOP-088) (172.644139ms)
✔ the LOOP-090 gate reads the Concerns line, not the slug as a substring (LOOP-114) (543.594834ms)
✔ the LOOP-088 check reads the Promotes line, and decide --promotes writes it (LOOP-115) (238.139394ms)
✔ the activation commit of a promoted commitment is inside the LOOP-089 comparison (LOOP-116) (164.930372ms)
✔ the LOOP-090 route needs one escalation: its Concerns line covers the moved item too (LOOP-119, LOOP-092, LOOP-114) (627.04009ms)
✔ an escalation raised before the promoted commitment began does not silence the LOOP-090 gate (LOOP-114) (319.651562ms)
✔ an escalation raised before the commitment began does not silence the capture gate (LOOP-119) (356.382565ms)
✔ the activation commit is inside the scope footprint (LOOP-120) (113.041675ms)
✔ a requirement Agreed at activation that is demoted or removed is a contract change (LOOP-121) (609.268836ms)
✔ the include files are the root files that hold @AGENTS.md: exempt from the footprint, compared by the gate (LOOP-122) (1117.479808ms)
✔ a superseded promotion no longer satisfies the LOOP-088 check, and the repair says the promotion was reversed (LOOP-123) (499.987327ms)
✔ the restore route measures from the tree before activation, so a path the activation commit added must go (LOOP-120, LOOP-035) (163.1318ms)
✔ the loop works against exactly one commitment: the current one (LOOP-019) (387.973117ms)
✔ a promotion recorded below Consequential is a repair naming the level, since the developer never sees it in the queue (LOOP-088) (66.609997ms)
✔ every requirement the node-test declaration speaks for is named in a test title (PKG-025) (2.689927ms)
✔ every repository path the tests read is a declared input of node-test (PKG-026) (1.209368ms)
✔ writes a record with every required field and an empty realized-by (DEC-001, DEC-005) (76.700436ms)
✔ a Consequential decision is queued for review (DEC-013) (73.959183ms)
✔ a Consequential decision is queued even when .cairn/queue does not exist yet (88.132748ms)
✔ Routine is refused: routine decisions produce no record (88.247508ms)
✔ a missing field is a usage error and nothing is written (88.871183ms)
✔ supersedes requires a classified cause, and the old record must exist (173.695543ms)
✔ an existing record is not overwritten (131.100967ms)
✔ a queued decision stays queued; nothing but the developer removes it (DEC-014) (217.050076ms)
✔ each accepted decider is stored lowercase, whatever case it was typed in (DEC-020) (532.455789ms)
✔ a decider outside the vocabulary is a usage error naming all three, and nothing is written (DEC-020) (430.868011ms)
✔ an empty --decided-by is the missing-field error, not the vocabulary one (74.142965ms)
✔ LOOP-006, LOOP-067: missing inputs names a declaration repair before execution (139.330498ms)
✔ LOOP-006, LOOP-067: empty inputs names a declaration repair before execution (130.011433ms)
✔ LOOP-006, LOOP-067: missing command names a declaration repair before execution (164.129866ms)
✔ LOOP-006, LOOP-067: list command names a declaration repair before execution (147.540428ms)
✔ LOOP-006, LOOP-067: empty command names a declaration repair before execution (146.716073ms)
✔ LOOP-006, LOOP-067: missing requirements names a declaration repair before execution (140.172092ms)
✔ LOOP-006, LOOP-067: bad identifier names a declaration repair before execution (139.846736ms)
✔ LOOP-067: scalar one-item lists retain their existing meaning (315.982297ms)
✔ LOOP-068: a unpopulated gitlink is refused by name (179.909768ms)
✔ LOOP-068: a populated gitlink is refused by name (189.896597ms)
✔ LOOP-069: identical selections across 100 mechanisms use at most 20 Git processes (166.526852ms)
✔ --defect needs --from naming an Agreed requirement, and writes Defect: yes (LOOP-140) (240.861192ms)
✔ an unfixed defect is named fix before a promotable item, and counts as fixed only with passing evidence at or after its commit and no Agreed text changed (LOOP-087, LOOP-140) (2158.427556ms)
✔ escalate writes the six-line format followed by its facts, and wake presents it (LOOP-010, LOOP-026) (133.436742ms)
✔ a missing or multi-line field is refused with the field named, and nothing is written (LOOP-012) (136.085625ms)
✔ a Blocking escalation that fails the format is written anyway, naming the malformed field (LOOP-013) (152.790086ms)
✔ the loop stops for the developer only at Blocking: a recorded decision below it never yields Escalate, and the Blocking bypass must be spelled exactly (DEC-002) (304.313648ms)
✔ a second escalation while one is open is refused (LOOP-011) (119.42616ms)
✔ answer records the reply; wake no longer presents it; a second answer is refused (269.721223ms)
✔ answer to an unknown escalation is refused (72.230628ms)
✔ a stranger resumes from the file alone: question and answer are both in it (LOOP-014) (148.847409ms)
✔ a developer-shaped answer during the agent's turn is refused and writes nothing; the explanation is still accepted (LOOP-135) (683.370369ms)
✔ after an answer, the same concern can be escalated again under a new name (197.373718ms)
✔ an escalation exists when its file does, committed or not (LOOP-009) (85.808375ms)
✔ developer answers require one of the three forms and cannot inject fields (LOOP-048) (600.429479ms)
✔ ask, agent explanation, another ask, and ok stay ordered in one file (LOOP-049, LOOP-050, LOOP-014) (832.214547ms)
✔ fresh closed answers accompany only concerned requirements until new evidence (LOOP-051) (719.003195ms)
✔ a raised escalation carries no derivable status line, and an old record with one still parses (LOOP-028) (162.041295ms)
✔ LOOP-065: delete of output refuses Done and a new run recovers (1287.937418ms)
✔ LOOP-065: corrupt of output refuses Done and a new run recovers (1255.085689ms)
✔ LOOP-065: delete of stderr_output refuses Done and a new run recovers (1246.944019ms)
✔ LOOP-065: corrupt of stderr_output refuses Done and a new run recovers (1018.101141ms)
✔ LOOP-065: a receipt without output needs a new check (505.217672ms)
✔ LOOP-065: a receipt without output_digest needs a new check (524.671814ms)
✔ LOOP-065: a receipt without stderr_output needs a new check (461.824833ms)
✔ LOOP-065: a receipt without stderr_digest needs a new check (442.222135ms)
✔ LOOP-065: legacy unverifiable output is rerun without rewriting history (767.559317ms)
✔ a fresh record names the kernel that wrote it (LOOP-023) (332.492072ms)
✔ LOOP-095: a record from another kernel is stale with the kernel named, and a new check restores Done (779.259876ms)
✔ LOOP-095: a record from no kernel is stale with the kernel named, and a new check restores Done (786.700451ms)
✔ LOOP-070: a later failure is latest even when the clock moves backward (1028.098502ms)
✔ LOOP-070: receipt collisions at one clock instant retain execution order beyond nine suffixes (3858.514081ms)
✔ LOOP-070: imported branch receipts stale a later sequence until a new check incorporates them (1212.065722ms)
✔ LOOP-070, LOOP-098: legacy receipts need one ordered check, remain byte-for-byte unchanged, and precede the run receipt in the history (576.558543ms)
✔ LOOP-070: edit of a prior receipt requires fresh evidence (469.610798ms)
✔ LOOP-070: remove of a prior receipt requires fresh evidence (477.03645ms)
✔ LOOP-075: supporting evidence file README.md does not become a receipt (591.737039ms)
✔ LOOP-075: supporting evidence file notes.txt does not become a receipt (556.398966ms)
✔ LOOP-075: supporting evidence file support does not become a receipt (532.396142ms)
✔ LOOP-075: supporting evidence file .DS_Store does not become a receipt (544.582081ms)
✔ LOOP-075: a malformed result line (result=success) names a repair before execution (331.377659ms)
✔ LOOP-075: a malformed result line (sequence=NaN) names a repair before execution (341.758625ms)
✔ LOOP-075: a malformed result line (sequence=9007199254740992) names a repair before execution (346.673309ms)
✔ LOOP-075: a malformed result line (history_digest=wrong) names a repair before execution (323.320781ms)
✔ LOOP-075: a malformed result line (tokens) names a repair before execution (342.947522ms)
✔ LOOP-075: a receipt-shaped directory is a named repair instead of an EISDIR crash (266.56207ms)
✔ LOOP-070: an earlier escalation cannot cover three new attempts after clock rollback (938.364534ms)
✔ LOOP-070: an answer becomes old after a later check even if that check's timestamp is earlier (593.550772ms)
✔ LOOP-070: the newest answer wins between checks even when its clock timestamp is older (407.406283ms)
✔ LOOP-070: legacy escalation dates cover old receipts but not three newer sequenced runs (1282.177483ms)
✔ a PKG requirement the commitment does not name is declared, run, and gates Done (PKG-011) (1957.216702ms)
✔ a PKG requirement in a Draft spec is not folded in (586.274412ms)
✔ LOOP-076, LOOP-079: stale inputs identify the receipt and the check to run (712.738164ms)
✔ LOOP-077: names a content change using checked input identity (700.948546ms)
✔ LOOP-077: names a mode change using checked input identity (721.408414ms)
✔ LOOP-077: names a kind change using checked input identity (710.904731ms)
✔ LOOP-077: names a added change using checked input identity (712.797319ms)
✔ LOOP-077: names a removed change using checked input identity (608.030976ms)
✔ LOOP-077: names a link-target change using checked input identity (835.890245ms)
✔ LOOP-077: changed selection compares the old and new input sets (510.143484ms)
✔ LOOP-077: raw CRLF changes remain visible when Git-clean content agrees (495.586ms)
✔ LOOP-077: detail output is sorted, bounded, and reports the omitted count (500.972091ms)
✔ LOOP-077: filenames cannot inject lines or terminal controls into explanations (426.410304ms)
✔ LOOP-077: receipts from one run share details and do not store source contents (328.761502ms)
✔ LOOP-078, LOOP-080: legacy optional detail limits explanation without changing standing (542.876291ms)
✔ LOOP-078, LOOP-080: invalid-field optional detail limits explanation without changing standing (574.030307ms)
✔ LOOP-078, LOOP-080: missing optional detail limits explanation without changing standing (538.869802ms)
✔ LOOP-078, LOOP-080: invalid-json optional detail limits explanation without changing standing (559.745351ms)
✔ LOOP-078, LOOP-080: mismatched optional detail limits explanation without changing standing (537.485455ms)
✔ LOOP-078, LOOP-080: duplicate optional detail limits explanation without changing standing (558.375447ms)
✔ LOOP-078, LOOP-080: unsafe-path optional detail limits explanation without changing standing (502.97506ms)
✔ LOOP-078, LOOP-080: directory optional detail limits explanation without changing standing (535.971552ms)
✔ LOOP-078, LOOP-080: symlink optional detail limits explanation without changing standing (500.068901ms)
✔ LOOP-078: unavailable old requirement text is not claimed as a proven change (353.465909ms)
✔ LOOP-076, LOOP-079: changed requirements identify evidence and retain review-before-check guidance (375.154505ms)
✔ LOOP-078: simultaneous input and output damage keep both reasons (422.039909ms)
✔ LOOP-080: deterministic freshness sequence seed=7 (9752.429361ms)
✔ LOOP-080: deterministic freshness sequence seed=42 (6105.647467ms)
✔ LOOP-080: deterministic freshness sequence seed=913 (4966.844215ms)
✔ LOOP-080: agreement changes, mechanism review, checks, and completion review retain priority (1278.527852ms)
✔ LOOP-080: imported receipt history demands a rerun without a false input explanation (1294.346284ms)
✔ LOOP-073: clean CRLF input completes under attributes (626.998799ms)
✔ LOOP-073: clean CRLF input completes under autocrlf (581.140444ms)
✔ LOOP-073: raw line-ending mutation during a run is rejected even when Git still sees the same content (232.445876ms)
✔ LOOP-073: execution evidence changes when clean conversion preserves committed identity (1122.139017ms)
✔ LOOP-073: Git clean filters use Git's conversion while retaining raw evidence identity (578.302642ms)
✔ LOOP-073: failure of a required Git filter cannot record evidence (131.998311ms)
✔ LOOP-073: a clean filter moving HEAD during ending validation prevents evidence (682.187209ms)
✔ LOOP-073: canonical Git identities handle links without reading their targets (470.506945ms)
✔ LOOP-073: Git conversion keeps raw Unicode and control-character input paths (453.139005ms)
✔ LOOP-073: conversion and links work in a SHA-256 Git repository (402.229141ms)
✔ LOOP-074: historical specification filename "café.md" remains reviewable (440.017107ms)
✔ LOOP-074: historical specification filename "spec\ttab.md" remains reviewable (403.838744ms)
✔ LOOP-074: historical specification filename "spec\nline.md" remains reviewable (375.399156ms)
✔ help works outside a repository without running a command (PKG-017) (980.500612ms)
✔ help does not hide invalid options or consume literal arguments (197.820384ms)
✔ help lists the lint command (PKG-017) (43.739766ms)
✔ a working directory that no longer exists is named as the failure, and git is not blamed (PKG-041, PKG-022) (190.382746ms)
✔ the stop hook refuses a stop while wake says Resolvable, with the verdict as the reason (PKG-018) (188.999264ms)
✔ the stop hook allows a stop at Done, at Escalate, and outside a Cairn repository (PKG-018) (1047.337709ms)
✔ the session-start hook links the command once and prints the verdict in a Cairn repository (PKG-019, PKG-014, PKG-005) (476.547879ms)
✔ the session-start hook prints no verdict outside a Cairn repository and leaves an existing link that resolves alone (PKG-019) (60.555921ms)
✔ a checkout under a path with a space links a command that resolves, and its stop hook still blocks (PKG-019, PKG-021) (371.15037ms)
✔ the hooks run the kernel the command link resolves to, so hook and agent share one referee (PKG-021) (1178.75309ms)
✔ a dangling link is replaced and reported (PKG-019) (178.058032ms)
✔ errors exit 0 with one line on standard error and no stack trace (PKG-022) (194.307428ms)
✔ the hooks judge with the cairn on PATH, a wrapper included, and session-start names it (PKG-033) (1075.001336ms)
✔ a link to a wrapper or file is kept; a dangling link or one to a directory is replaced (PKG-034) (405.636028ms)
✔ a project below the Git toplevel gets the verdict and the stop refusal (PKG-035) (314.016013ms)
✔ a kernel that prints no verdict is one stderr line: the stop is allowed and session-start prints no trace (PKG-036) (155.092936ms)
✔ a link that cannot be created is one stderr line, and the verdict still prints (PKG-019, PKG-022) (135.479344ms)
✔ with git absent the hooks say so in one line and block nothing (PKG-022) (89.761446ms)
✔ stop_hook_active true no longer lets a Resolvable stop through: the hook still refuses (PKG-018) (147.844992ms)
✔ receipts written by the project's own kernel are judged with it, not with a different cairn on PATH (PKG-033, PKG-021) (402.711619ms)
✔ the fourth stop on an unchanged verdict, commit and tree goes through with a message and a stop record; each refusal names cairn escalate (PKG-043, PKG-044) (458.366617ms)
✔ progress resets the count, a commit or an edited file alike, and each session counts on its own (PKG-043) (1224.802202ms)
✔ no report, one for another commitment, at another commit, or at a value that is not a commit names a new reviewer; an uncommitted review is committed first (LOOP-020) (1602.432791ms)
✔ an old report re-dated, however it is edited, does not name the new commit and names a new reviewer; a new report with the same words does not (LOOP-020) (1504.764423ms)
✔ each finding is carried by the one line citing its number and beginning with its words; malformed reports are repairs (LOOP-020) (4019.762972ms)
✔ citations name their report's commit, so rounds never collide and an old line never carries a new finding; a wrapped review line is its own repair (LOOP-020) (893.891814ms)
✔ a finding that quotes a citation in its own words is carried by copying it, and an uncited wrapped line is no repair when there is nothing to carry (LOOP-020) (614.337603ms)
✔ a citation that is not last on its line is refused as such, and a finding ending with a citation is carried in the short form (LOOP-020) (915.57328ms)
✔ a report written or changed on disk but not committed is named commit, never judged as the committed one (LOOP-020) (548.742615ms)
✔ the findings list is read from the record's text: blank lines between entries, a wrapped entry, any bullet, and a blank line inside examined: lose nothing; a list after a heading stays unread (LOOP-020, LOOP-086, LOOP-071) (1372.002938ms)
✔ the reader reads a numbered or nested list and a blank line in examined:, and names a line it cannot read rather than reading nothing (LOOP-086, LOOP-020) (1072.1112ms)
✔ a line the reader cannot read is named whenever an entry follows it, in the review and in the report, and a finding under a heading is named (LOOP-086, LOOP-020) (1597.482462ms)
✔ a margin line that only looks like a field never ends a list in silence (LOOP-086, LOOP-020) (1024.037808ms)
✔ a field name repeated inside a list is named, the report's findings under a heading are named beside a list, and the repair offers the fix that keeps the finding (LOOP-020, LOOP-086) (840.562858ms)
✔ a Reviewer: line inside a list is named, and an honest record with a findings-titled heading is read (LOOP-020, LOOP-086) (782.74127ms)
✔ a record that declares findings: [] keeps a bulleted body as prose, as this repository's own reviews are written (LOOP-086, LOOP-020) (392.193216ms)
✔ a field name in another case never ends a list in silence, a record with its fields out of order is told to reorder them, and a citation names only a finding the report made (LOOP-086, LOOP-020, LOOP-108) (853.654933ms)
✔ a citation of zero is a citation, a field ends a list however it is spaced, a heading may be underlined, a blank line before a continuation is nothing, and a doubled commit: line does not name the commit (LOOP-020, LOOP-086, LOOP-108) (1046.115603ms)
✔ a rule under a field line is not a heading, the hint names a heading of either form, and an earlier report's citation on a carrying line is history (LOOP-020, LOOP-108) (1235.981816ms)
✔ a title that ends with a colon is still a heading, a report whose fields sit below a heading or prose is repaired rather than discarded, and the repair names the form the kernel reads (LOOP-020, LOOP-086, LOOP-108) (1027.023183ms)
✔ a report for another commitment or commit is replaced even when its fields sit below a heading, a quoted field line does not replace the real one, a rule under any field is a rule, and the review is told what the report is told (LOOP-020, LOOP-108) (1091.084416ms)
✔ an underline makes a heading of the line above it unless that line is an entry or the record's own field, an unread field is named where it sits, a field spelled another way is named, and the findings-titled repair names retitling (LOOP-020, LOOP-086, LOOP-108) (1408.986269ms)
✔ an underlined heading that names findings holds no list either, an unterminated fence hides nothing, a spelling is judged at the margin, and a report short of one header line is repaired (LOOP-020, LOOP-086, LOOP-108) (911.321588ms)
✔ a heading that names findings holds no content of any shape, its own section decides, and a report the wrong commit wrote is replaced before any repair (LOOP-020, LOOP-086) (794.481157ms)
✔ a findings-naming heading holds nothing at all, however deep, and a report with no record is replaced rather than repaired (LOOP-020, LOOP-086) (1923.192859ms)
✔ a recognisable finding under a heading is named wherever it sits, a findings-titled section is prose beside a list that holds entries, and a record may open with a title (LOOP-020, LOOP-086, LOOP-108) (1985.202037ms)
✔ a line that says open: is a finding however it is marked up, and one leading title of any form is the record's own (LOOP-020, LOOP-086, LOOP-108) (3660.561109ms)
✔ every line outside the findings list is read for the prefix, and a findings-naming section is judged over its subsections (LOOP-020, LOOP-086) (3195.411561ms)
✔ markup is whatever precedes the first letter, a row is a row wherever its pipes sit, and each message names the move (LOOP-020, LOOP-086) (2545.561246ms)
✔ a marker that contains a letter is still a marker, and a fence opens only on its own line (LOOP-020, LOOP-086) (2771.587556ms)
✔ a label before the prefix is markup too, and a divider hides no finding (LOOP-020, LOOP-071, LOOP-086) (2271.752999ms)
✔ only the findings list itself is exempt from the sweep, and a label of any shape is markup (LOOP-020, LOOP-071, LOOP-086) (2311.51468ms)
✔ the prefix belongs to the findings list alone: anywhere else in a record it is a finding (LOOP-020, LOOP-086) (2128.665651ms)
✔ the prefix is what a line says however it is punctuated, and no fence or second field hides an entry (LOOP-020, LOOP-071, LOOP-086) (2983.634877ms)
✔ cairn lint runs the checker over docs/spec by default and over a named directory (PKG-028) (230.011836ms)
✔ cairn lint names a missing directory in one line, takes one argument, and reports a bad root (PKG-028) (248.161054ms)
✔ three megabytes are retained exactly once with matching digests (LOOP-041, LOOP-042) (368.148456ms)
✔ split stdout result lines survive a long non-result line; stderr is never a verdict (377.454001ms)
✔ signal termination is recorded and logs survive a clone (LOOP-043) (349.894914ms)
✔ working agreements and ignore changes are Cairn records inside the footprint (359.040457ms)
✔ a clean package passes (84.357522ms)
✔ PKG-001: a dependency, or a service manifest (203.176866ms)
✔ PKG-002: ignoring evidence or other durable state, by directory or by extension (154.155177ms)
✔ PKG-003: a command, a directory, or a record kind no decision names (234.689962ms)
✔ PKG-004: a kernel over 1900 lines, counting every file under bin/ as wc -l does; exactly 1900 passes (318.287326ms)
✔ PKG-006: a skill step naming a vendor's product, in either order, across a wrapped list item (PKG-027) (327.236621ms)
✔ PKG-008: a non-ASCII character in a tracked text file (79.863631ms)
✔ PKG-009: the kernel importing from tests (73.694655ms)
✔ PKG-012: a network call or a model client in the kernel, but not a vendor's name in text (344.679392ms)
✔ PKG-013: deferral language, but not in code, quotes, or a rule (621.643109ms)
✔ a tracked path deleted from the working tree is skipped, not a crash (94.928116ms)
✔ a sentence in a Formats section is not a record kind (70.516938ms)
✔ a record kind named by its path alone is checked (86.479892ms)
✔ PKG-002: a tracked in-progress record (71.541169ms)
✔ PKG-002: ignoring evidence alone is a finding (66.187119ms)
✔ PKG-003 reads the kernel's commands from its help output (PKG-023) (132.225578ms)
✔ the ASCII scan covers shipped files, not records under .cairn/ (PKG-024) (69.109991ms)
✔ a vendor-naming step wrapped across lines is matched (PKG-006, PKG-027) (83.665437ms)
✔ PKG-013 scans the README, the manual, and the walkthrough (PKG-032) (235.683886ms)
✔ the manifests, the listing and package.json agree on the name and version, and name paths the repository holds (PKG-037) (1.716724ms)
✔ the hooks file registers session-start and stop against the plugin's own hook.mjs through the plugin root variable (PKG-038) (0.165487ms)
✔ a Muse hook entry whose shared hook is missing prints one line and exits 0 (PKG-041, PKG-022) (89.065368ms)
✔ the registered commands print the verdict at session start, link the command into the plugin, and refuse a stop while wake says Resolvable (PKG-038, PKG-021) (416.902042ms)
✔ LOOP-071: decision body metadata does not resolve unbuilt work: "Superseded by: example" (717.134794ms)
✔ LOOP-071: decision body metadata does not resolve unbuilt work: "```text\nSuperseded by: example\n```" (668.061214ms)
✔ LOOP-071: decision body metadata does not resolve unbuilt work: "~~~text\nSuperseded by: example\n~~~" (699.913297ms)
✔ LOOP-071: a fenced realization example is not a resolving commit (688.336223ms)
✔ LOOP-071: a fenced commit inside the realization section is not built (677.199505ms)
✔ LOOP-071: ## Example cannot replace an open review finding (648.032404ms)
✔ LOOP-071: # Example cannot replace an open review finding (578.778822ms)
✔ LOOP-071: ### Example cannot replace an open review finding (541.614482ms)
✔ LOOP-071:   ## Example cannot replace an open review finding (518.023349ms)
✔ LOOP-071: Example paragraph. cannot replace an open review finding (513.911158ms)
✔ LOOP-071: Example
------- cannot replace an open review finding (469.912043ms)
✔ LOOP-071: fenced fields before a real review header are ignored (427.314422ms)
✔ LOOP-071: multiline decision --title cannot inject metadata (368.444836ms)
✔ LOOP-071: multiline decision --decided-by cannot inject metadata (370.234476ms)
✔ LOOP-071: multiline decision --rests-on cannot inject metadata (389.60785ms)
✔ LOOP-071: multiline decision --wrong-if cannot inject metadata (362.765189ms)
✔ LOOP-071: multiline decision --history cannot inject metadata (372.631097ms)
✔ LOOP-072: malformed Blocking concerns stay open: "R-001\nAnswer: ok" (106.035948ms)
✔ LOOP-072: malformed Blocking concerns stay open: "R-001\r\nAnswer: ok" (82.480296ms)
✔ LOOP-072: malformed Blocking concerns stay open: "R-001\rAnswer: ok" (98.530467ms)
✔ LOOP-072: malformed Blocking concerns stay open: "R-001 Answer: ok" (92.241395ms)
✔ LOOP-072: malformed Blocking concerns stay open: "R-001 Answer: ok" (94.578354ms)
✔ LOOP-072: ordinary malformed concerns are refused: "R-001\nR-002" (46.826287ms)
✔ LOOP-072: ordinary malformed concerns are refused: "R-001, prose" (54.544128ms)
✔ LOOP-072: ordinary malformed concerns are refused: " " (49.515964ms)
✔ LOOP-072: a Blocking escalation without concerns is still presented (81.305836ms)
✔ LOOP-072: carriage returns in a Blocking question do not create answer records (100.723148ms)
✔ LOOP-072: explanation separator 8232 cannot close an escalation (139.653139ms)
✔ LOOP-071: decision metadata refuses separator 8232 (341.374493ms)
✔ LOOP-072: explanation separator 8233 cannot close an escalation (173.498498ms)
✔ LOOP-071: decision metadata refuses separator 8233 (350.435288ms)
✔ Concerns, Rests on, and Promoted from written as lists read as the flat form (LOOP-124) (595.993467ms)
✔ an item named by filename, path, or backticked slug resolves like the slug (LOOP-125) (512.327587ms)
✔ an input that covers Cairn's own output is named as the repair, before and after a check (LOOP-126, LOOP-105) (649.356902ms)
✔ an unreadable record directory is a repair, not an error exit (LOOP-127) (83.84888ms)
✔ a title that slugifies to nothing is refused (LOOP-128) (134.772285ms)
✔ examined: [] is an empty list (LOOP-129, LOOP-108) (486.478262ms)
✔ below the Git toplevel the restore check compares root-relative paths (LOOP-130, LOOP-035) (359.00076ms)
✔ below the Git toplevel an uncommitted declared input is named from the project root (LOOP-132, LOOP-030) (281.727677ms)
✔ a value on the key line followed by list items is the first item, never dropped (LOOP-133) (648.763585ms)
✔ the footprint's walk reads Current: as the wake does: a fenced example below the real line, or a second line in history, never moves the start (LOOP-134, LOOP-035) (304.911632ms)
✔ an input spelled .. from a project below the Git toplevel covers the evidence directory (LOOP-126, LOOP-105) (83.114153ms)
✔ a Consequential record this commitment added needs its queue entry committed (LOOP-131, DEC-004) (475.152049ms)
✔ a mechanism that removes the check lock still gets its evidence, with no repair for the lock (LOOP-107) (230.297678ms)
✔ a staged rename reads as its two paths, never as a bare origin token (LOOP-030, LOOP-110) (114.70418ms)
✔ a Current: line inside a fenced example is neither a second Current: line nor the commitment, before or after the real line (LOOP-104) (186.769289ms)
✔ a Status: word is taken only from a line that carries one, never from wrapped prose after it (SPEC-018) (0.876808ms)
✔ the placeholder left above a resolving entry is a repair naming the file (DEC-021) (225.397418ms)
✔ the placeholder alone is a decision recorded and not yet built, unchanged (DEC-007) (74.217173ms)
✔ resolving entries with no placeholder are unchanged (DEC-006) (126.544919ms)
✔ a shallow clone that cannot resolve its entries is still told to fetch, not to edit (LOOP-113 keeps precedence) (104.343631ms)
✔ the placeholder quoted in a fenced example does not make a built record a repair (DEC-021) (121.471454ms)
✔ supersede takes the same decider vocabulary as decide (DEC-020) (114.148271ms)
✔ a superseded record is held to the same line: its placeholder above a resolving entry is a repair (DEC-021, DEC-010) (188.472478ms)
✔ realize() touches only the Realized by section; a body that quotes the placeholder keeps it (124.809369ms)
✔ an untracked file under a declared input is not a change under way; check still refuses beside it and names .gitignore (LOOP-110, LOOP-030) (240.430118ms)
✔ an unmatched input is refused before execution (LOOP-044) (227.61329ms)
✔ an indexed input deleted on disk asks for a commit (LOOP-045) (164.765497ms)
✔ wake and check require a Git working tree (LOOP-046) (133.308044ms)
✔ recovery removes only dead kernel run records and identifies a live owner (LOOP-054, LOOP-055) (325.254835ms)
✔ an agent action based behind a clean HEAD appears committed (LOOP-027) (203.032849ms)
✔ realization needs a real commit and a subject (DEC-006) (268.595878ms)
✔ 1500 binary inputs digest identically at the review commit in under a second (LOOP-024) (1518.470157ms)
✔ merged work is excluded but a later own commit is a breach (LOOP-047) (329.074501ms)
✔ exact Current tenure ignores prefix matches and earlier visits to the same slug (LOOP-035) (333.987104ms)
✔ a kernel run records its supervising PID (LOOP-054) (279.78651ms)
✔ a merged declared input still stales evidence (LOOP-047) (440.241579ms)
✔ wildcard and magic pathspecs select the same historical inputs (LOOP-024, LOOP-032) (2301.019319ms)
✔ historical selection retains deleted files and excludes new ones (LOOP-024, LOOP-035) (1281.257658ms)
✔ cairn --version prints the package.json version outside a repository, and help lists it (PKG-039) (191.013066ms)
✔ a release is one commit setting one version in the five files, with the changelog entry, tagged v<version> (PKG-040) (1153.281986ms)
✔ the release script refuses a bad version, no increase, a dirty tree, a missing entry, a taken tag, a disagreeing file, and a loop not at Done, each in one line with nothing written (PKG-040) (1984.312623ms)
✔ a version file written as compact JSON is released, and nothing else in any version file changes (PKG-042) (1299.954273ms)
✔ with attribution forbidden, the release script refuses an unpushed commit carrying an AI attribution line (PKG-045) (586.316997ms)
✔ explicit reporting with no lines and exit 0 establishes no requirement verdicts (LOOP-061) (460.197807ms)
✔ explicit reporting with no lines and exit 1 establishes no requirement verdicts (LOOP-061) (434.253082ms)
✔ a reporter that cannot start keeps execution diagnostics without blaming requirements (LOOP-062) (286.181394ms)
✔ large output cannot kill a reporter or invent a requirement verdict (323.901684ms)
✔ explicit mode ignores cairn: R-999: pass (325.686986ms)
✔ explicit mode ignores cairn: R-001: unverified (330.431693ms)
✔ explicit mode ignores cairn: R-001: passed (323.862137ms)
✔ explicit results survive nonzero exit and contradictory duplicates still fail (631.557875ms)
✔ unverified results across changed inputs never become failed attempts (1507.033457ms)
✔ legacy exit 0 retains its interpretation (227.085489ms)
✔ legacy exit 1 retains its interpretation (227.090408ms)
✔ a misspelled reporting mode is refused before execution (115.493273ms)
✔ changed requirement blocks unchecked reruns and makes the completion review stale (LOOP-058, LOOP-059) (1854.729006ms)
✔ falsifier changes need review; separate rationale and other requirements do not change a receipt (1447.571621ms)
✔ legacy receipts recover requirement identity from their commit; unavailable history requires review (1029.516472ms)
✔ check refuses uncommitted requirement text and mechanism review markers (810.435941ms)
✔ tightened response limit cannot reuse the old passing check (1465.814663ms)
✔ a declared input over 1 MiB agrees at a commit and in the tree (LOOP-060) (469.014866ms)
✔ a failed Git blob read cannot be hashed as an empty blob (441.891265ms)
✔ Git listings over 1 MiB include the last declared input (2312.706759ms)
✔ requirement identity excludes fenced examples and status dates (558.538346ms)
✔ DemonCoder REM-002 and Status in progress cannot silently satisfy the review gate (LOOP-086) (830.210305ms)
✔ valid open findings retain their behavior (485.948442ms)
✔ valid resolved findings retain their behavior (573.676904ms)
✔ valid empty findings retain their behavior (570.596624ms)
✔ valid mixed valid findings retain their behavior (523.967468ms)
✔ malformed finding "open:" requires repair (471.26877ms)
✔ malformed finding "resolved:   " requires repair (449.98227ms)
✔ malformed finding "Open: incorrect case" requires repair (398.956033ms)
✔ malformed finding "unknown: issue" requires repair (376.174168ms)
✔ malformed finding "\u001b[31mBAD: issue" requires repair (384.005925ms)
✔ the established explicit empty findings list remains valid (431.286503ms)
✔ a scalar findings value requires the supported list format (354.886982ms)
✔ check runs a mechanism when a requirement outside the commitment was revised, and asks for the review once a commitment includes it (LOOP-059) (897.828695ms)
✔ a Requirements: line written as a list is read like the flat form (LOOP-102) (136.484027ms)
✔ a subdirectory or a README in a record directory changes nothing (LOOP-103) (546.41043ms)
✔ two Current: lines are a roadmap repair (LOOP-104) (83.44459ms)
✔ a repeated identifier, an input under the evidence directory, and a missing cwd are refused by name (LOOP-105) (485.636529ms)
✔ a requirement whose evidence outlives its mechanism is named declare, not a regression or an escalation (LOOP-106) (1155.026423ms)
✔ an unreadable record is a repair, not an error exit (LOOP-107) (107.644893ms)
✔ a review needs commit, a nonempty examined list, and a findings list, each named when missing (LOOP-108) (1032.516768ms)
✔ a decision record missing a header field or naming a missing predecessor is a repair (LOOP-109) (305.880661ms)
✔ a dirty declared input with no in-progress record is named record ahead of run (LOOP-022, LOOP-110) (244.214432ms)
✔ with core.filemode false the index mode is the identity, so a mode-only difference does not refuse the check (LOOP-111) (226.595011ms)
✔ a project below the Git toplevel can run check (LOOP-112) (246.747849ms)
✔ a shallow clone names history to fetch, not a decision to build (LOOP-113) (127.235721ms)
✔ record-writing commands refuse to run outside a Cairn repository and write nothing (LOOP-118) (252.380468ms)
✔ a git that cannot start is one line and exit 3 from wake and from check, with nothing recorded (LOOP-137) (102.743454ms)
✔ an unexplained or uncommitted stop record is named explain before any other action; explained and committed, the wake moves on (LOOP-139) (282.806659ms)
✔ empty footprint names declaration before scope and records no evidence (LOOP-081) (559.137385ms)
✔ first declaration still checks the full earlier history (LOOP-081) (413.927923ms)
✔ an empty current footprint does not block an explicitly requested existing mechanism (LOOP-081) (365.410096ms)
✔ an inherited mechanism provides a footprint even before local mechanisms exist (248.423006ms)
✔ scope reports every path, escapes line breaks, and gives identical remedies (LOOP-082) (246.319689ms)
✔ scope verdict reuses the answered-escalation annotation (LOOP-048, LOOP-051, LOOP-083) (647.144069ms)
✔ a committed scope acknowledgment lets restored history proceed (LOOP-083) (765.908647ms)
✔ scope acknowledgment must be committed before it can clear a breach (648.194658ms)
✔ ordinary ok does not acknowledge scope history (293.670946ms)
✔ scope escalation refuses unrestored paths and names the restoration remedy (269.097239ms)
✔ an invalid scope request still records an explicitly Blocking decision (174.042807ms)
✔ ask and explanation stay open; only the final committed ok acknowledges scope (747.766033ms)
✔ instead is visible but does not silently authorize a scope exception (348.283374ms)
✔ later changes to an acknowledged path still block, including later reverts (1147.904091ms)
✔ approval cannot hide another path changed after the snapshot (394.634719ms)
✔ acknowledged history remains conditional on the paths staying restored (610.052031ms)
✔ editing the scope snapshot after answer invalidates its acknowledgment (307.404291ms)
✔ malformed scope metadata cannot suppress a breach (1496.171838ms)
✔ damaged acknowledgment fields cannot suppress a breach (564.810069ms)
✔ scope path matching is literal, including wildcard filenames and control characters (537.684985ms)
✔ scope acknowledgment does not carry into another activation of the same slug (314.651731ms)
✔ restoration checks additions, deletions, executable modes, and symlink kinds (1421.363922ms)
✔ explicit committed retention keeps correct work and requires new evidence and review (LOOP-084, LOOP-085) (2208.940858ms)
✔ a missing declaration covers correct earlier work without retention or revert (526.235871ms)
✔ keep requires scope and an unchanged committed candidate (164.999992ms)
✔ uncommitted retention and instead answers cannot clear the incident (1056.175902ms)
✔ retention does not grant future edits, even when reverted to the approved tree (1356.167955ms)
✔ retention cannot cover another path or another activation (571.15354ms)
✔ imported changes must still match the retained tree (605.005025ms)
✔ retention handles additions, deletions, modes, symlinks, and literal filenames (1965.69917ms)
✔ retention cannot convert an existing restoration answer or accept an unknown mode (442.860627ms)
✔ a check failure after retention remains a failure (654.859323ms)
✔ retained paths stay part of the stable checked candidate without extending its footprint (568.125206ms)
✔ retention ask needs an explanation and final committed approval (585.286703ms)
✔ an unknown scope mode remains invalid even with a matching approval digest (289.594368ms)
✔ backlog writes the item; a second with the same title is refused, never overwritten (LOOP-016) (121.225401ms)
✔ a commit inside the footprint: check runs; outside it: check names the path and does not run (LOOP-015, LOOP-035) (599.614347ms)
✔ Cairn's records are never a breach; another file under docs/ is (LOOP-117) (751.190575ms)
✔ declaring the path as an input clears the breach (321.919379ms)
✔ a revert preserves the record of an out-of-scope commit (LOOP-047) (297.936184ms)
✔ a commitment naming a requirement the spec set does not hold as Agreed is repaired (LOOP-029) (89.107318ms)
✔ a requirement in a Draft spec file is not Agreed (71.877024ms)
✔ working agreements and the ignore file are Cairn records (LOOP-035, LOOP-036) (480.09963ms)
✔ the over-asking rule is gone from both skills (SPEC-005, SPEC-006, SPEC-007) (0.909757ms)
✔ a decision during the phase is recorded (DEC-003) (0.102058ms)
✔ understanding is restated before writing (SPEC-003) (0.070921ms)
✔ falsifiers are proposed as one set and confirmed by exception (SPEC-004) (0.107925ms)
✔ depth is inferred and domains derived, never asked or imposed (SPEC-008, SPEC-009) (0.079609ms)
✔ a term enters the glossary at first occurrence (SPEC-010) (0.043522ms)
✔ the phase ends at the first commitment, and later ones are specified during the loop (SPEC-011, SPEC-012) (0.058327ms)
✔ a requirement goes Agreed only with a nameable mechanism (SPEC-013) (0.068687ms)
✔ review before agreement, recording what it attacked (SPEC-014, SPEC-015) (0.082505ms)
✔ no spec file without requirements; nothing Agreed without a falsifier (SPEC-001, SPEC-002) (0.139285ms)
✔ Observed is marked, and is not contract (SPEC-016, SPEC-017) (0.316418ms)
✔ the skills exclude artifacts outside Cairn's workflow (0.15286ms)
✔ the working agreement names the agent's move for each verdict and the write-ahead record (LOOP-036) (0.260545ms)
✔ the working agreement names the developer's moves (LOOP-036, DEC-014) (0.082035ms)
✔ this repository runs by the file it ships (0.373448ms)
✔ both skills write the working agreement without naming a vendor's file (LOOP-002, LOOP-036, PKG-006) (0.103198ms)
✔ the working agreement says what an attempt is (LOOP-036, DEC-017, DEC-018) (0.051102ms)
✔ the working agreement says a failure no footprint change can address is an escalation, and where an inherited requirement is repaired (DEC-019, LOOP-057) (0.062689ms)
✔ the working agreement states the promote, next-iteration, and no-deferral moves (LOOP-029, LOOP-087, LOOP-091, LOOP-092) (0.067604ms)
✔ both skills sort captures into the backlog or next-iteration and forbid deferral (LOOP-029, LOOP-092, LOOP-093) (0.053641ms)
✔ the skill requires a falsifier on every requirement, a MAY included (SPEC-025) (0.042351ms)
✔ the working agreement names the hooks as optional and the install skill registers them for two harnesses (PKG-006, PKG-018, PKG-019) (0.323645ms)
✔ the working agreement says the kernel is upgraded at Done, never inside a commitment (LOOP-096) (0.081868ms)
✔ the next-iteration skill starts from the specification and ends by naming the next commitment (SPEC-026, SPEC-027) (0.208548ms)
✔ every document that names the project skills names next-iteration beside them (SPEC-026, PKG-014) (1.951233ms)
✔ the working agreement states a move for every action the kernel can name (LOOP-101) (1.268072ms)
✔ the working agreement states both record formats and the two flags the moves need (LOOP-036) (0.135099ms)
✔ the skills demonstrate a safe violating example and preserve recon findings (SPEC-022, SPEC-023) (0.057951ms)
✔ the specification skills run the checker through the cairn command (PKG-029) (0.182356ms)
✔ the README invokes the phase skills by name and states versions and platforms (PKG-030, PKG-031) (0.242211ms)
✔ the manual and the walkthrough say the loop promotes backlog items at Done (0.656417ms)
✔ the working agreement says a report is not work under way, its findings are captured, and it is committed with them (LOOP-138) (0.078625ms)
✔ a two-obligation sentence is named (PKG-007) (64.637105ms)
✔ an obligation with no actor is named (PKG-010) (42.034426ms)
✔ a leading condition clause is not the actor, and the actor after it counts (38.929141ms)
✔ an Agreed requirement with no falsifier is named (SPEC-002); a Draft one is not (79.21512ms)
✔ prose after a Draft requirement with no falsifier is not scanned as requirement text (48.890438ms)
✔ a spec declaring a prefix with no requirement is named (SPEC-001) (37.274998ms)
✔ a keyword in backticks or quotes is a mention, not an obligation (40.914919ms)
✔ duplicate identifiers are rejected within a file and across files (SPEC-020) (86.955604ms)
✔ references resolve across files; missing references name their source (SPEC-021) (98.97695ms)
✔ code examples and quoted mentions are neither definitions nor references (41.46122ms)
✔ machine-local paths are findings in prose, links, quotes, and examples (SPEC-019) (425.933682ms)
✔ relative paths, URLs, slash commands, and character mentions are not absolute path findings (49.548115ms)
✔ a slash after a placeholder continues the template (SPEC-019) (73.830319ms)
✔ a host path is a finding until the file declares it (SPEC-019, SPEC-024) (84.739416ms)
✔ declared host paths cover children with a slash boundary and stay file-local (144.503ms)
✔ a host-path declaration inside a requirement or example grants no exception (126.548656ms)
✔ host-path declarations require absolute or home-relative entries (199.470038ms)
✔ an Agreed block whose only keyword is MAY needs a falsifier like any other (SPEC-025, SPEC-002) (89.075542ms)
✔ a regex literal is not a path, a drive path and a file URL are, and a skill's slash name is allowed (SPEC-028, SPEC-029) (77.814056ms)
✔ a backticked or quoted actor still counts as one (PKG-010) (38.712934ms)
✔ a fence the file never closes is named, since the parser then reads its example as specification (92.582606ms)
✔ supersede writes both lines, and the old record keeps every word it had (DEC-008, DEC-010) (69.423096ms)
✔ supersede without a cause, or with one outside the four, is refused (DEC-009) (139.130106ms)
✔ supersede of a record that does not exist is refused (86.669075ms)
✔ a predecessor with no title line cannot be stamped, so nothing is written (78.920975ms)
✔ a --supersedes argument outside the slug alphabet is refused, and a path never reaches the filesystem (DEC-022) (227.820027ms)
✔ a record already superseded cannot be superseded again: one Superseded by line per record (DEC-022, DEC-010) (183.477852ms)
✔ reversals reports counts by decider, cause, and domain (DEC-011) (191.503173ms)
✔ decide in a domain with a reversal is refused without --history, naming the reversal; with it, the record carries History (DEC-012) (209.667559ms)
✔ decide in a domain with no reversals needs no --history (141.127286ms)
✔ a record resting on prose alone is in the domain unspecified, and so is the next one (132.014802ms)
✔ the decider tally normalizes case and whitespace, and names a value outside the vocabulary (DEC-020, DEC-011) (79.082463ms)
✔ a record with no Decided by line is tallied as unrecorded, not as a vocabulary value (67.227294ms)
✔ Decided by written as a list tallies like the flat form, and does not crash the report (LOOP-124, DEC-020) (81.312588ms)
✔ a second declaration for one requirement is accepted, a named check runs every mechanism, and Done needs each to pass (LOOP-056, LOOP-099) (2222.150085ms)
✔ one mechanism's stale evidence names that mechanism, and --stale runs only it (LOOP-056, LOOP-094) (782.285867ms)
✔ attempts are counted within one mechanism's records, so the other's passes do not reset them (LOOP-100, DEC-016) (1436.76578ms)
✔ step 1: an in-progress record is reconciled before anything else (101.717991ms)
✔ step 2: an open escalation is presented and nothing else happens (72.217643ms)
✔ an answered escalation is not open (548.47138ms)
✔ step 3: a decision with no realized-by is built, first by name (DEC-007) (84.271573ms)
✔ a superseded decision with no realized-by is not work (127.855107ms)
✔ step 6: a mechanism that has never run is run, not implemented (LOOP-008) (128.131824ms)
✔ step 6: a requirement whose mechanism fails is implemented (494.832011ms)
✔ step 6 before step 7: failing evidence outranks a missing mechanism (337.545521ms)
✔ step 7: a requirement with no mechanism is declared (LOOP-106) (85.781712ms)
✔ every verdict names who acts: Resolvable is the agent's, Done needs nobody, Escalate waits for the developer (LOOP-004) (541.268587ms)
✔ malformed roadmap is Resolvable, not fatal (LOOP-005) (61.026666ms)
✔ a commitment naming no requirements is Resolvable (LOOP-018) (74.99936ms)
✔ the primary test: two wakes on the same checkout give the same action, before and after a persisted transition (LOOP-001, LOOP-003) (550.039757ms)
✔ outside a cairn repository wake cannot run (38.881046ms)
✔ the loop never waits on the review queue (DEC-015) (369.793804ms)
✔ twenty built records cost one git call to resolve, not twenty (DEC-023) (196.391768ms)
✔ an ambiguous Realized by identifier is the repair that says lengthen it, not a build (LOOP-113, DEC-023) (189.843097ms)
✔ the linked walkthrough runs from agreement through the next commitment (PKG-016) (1437.196153ms)
ℹ tests 534
ℹ suites 0
ℹ pass 534
ℹ fail 0
ℹ cancelled 0
ℹ skipped 0
ℹ todo 0
ℹ duration_ms 51448.667403
