✔ a Draft block overrides an Agreed file for both wake and check (SPEC-018) (209.825142ms)
✔ an Agreed block overrides a Draft file in the kernel and lint (SPEC-018, SPEC-002) (615.875759ms)
✔ a block Status does not become the file default, including inside examples (SPEC-018) (352.690867ms)
✔ block status without a value does not inherit Agreed by accident (SPEC-018) (92.580501ms)
✔ inheritance needs a file Scope and includes only Agreed blocks, regardless of prefix (PKG-015) (1989.433124ms)
✔ Scope inside a requirement or fenced example does not declare inheritance (PKG-015) (916.881302ms)
✔ a falsifier wrapped onto a line beginning with Status: does not become the block's status (SPEC-018) (1.13513ms)
✔ with attribution forbidden, an unpushed commit carrying an AI attribution line is named reword before any work; without the policy, or once pushed, it is not (PKG-045) (402.132164ms)
✔ each attribution form is caught, a prose mention is not, and the oldest attributed commit is named first (PKG-045) (554.611932ms)
✔ LOOP-063: reject input mutation during a check and retain diagnostics (395.986472ms)
✔ LOOP-063: reject deletion mutation during a check and retain diagnostics (384.285867ms)
✔ LOOP-063: reject addition mutation during a check and retain diagnostics (402.597179ms)
✔ LOOP-063: reject mode mutation during a check and retain diagnostics (420.359081ms)
✔ LOOP-063: reject specification mutation during a check and retain diagnostics (402.480871ms)
✔ LOOP-063: reject declaration mutation during a check and retain diagnostics (429.045901ms)
✔ LOOP-063: reject commit mutation during a check and retain diagnostics (410.934642ms)
✔ LOOP-063: committed input mutation during execution cannot certify the replacement (399.246462ms)
✔ LOOP-064: removing executable permission makes passing evidence stale (592.539315ms)
✔ LOOP-064: a mode-only change also invalidates the previous review after new evidence (826.736748ms)
✔ LOOP-064: changing a regular file into a link with identical identity bytes is stale (871.782801ms)
✔ LOOP-063: an unchanged candidate still records a pass despite unrelated working-tree edits (203.335559ms)
✔ LOOP-064: current and historical input ordering agrees for Unicode filenames (350.632176ms)
✔ LOOP-063: Git status hiding content changes cannot certify an uncommitted candidate (117.046274ms)
✔ LOOP-066: one check owns execution with a kernel action record (431.732737ms)
✔ LOOP-066: one check owns execution with an agent action record (393.654084ms)
✔ LOOP-066: a live lock is named and never silently overwritten (150.639043ms)
✔ LOOP-066: a dead lock is named and never silently overwritten (120.751885ms)
✔ LOOP-066: a incomplete lock is named and never silently overwritten (145.077996ms)
✔ LOOP-066: an execution error releases the check lock for a corrected rerun (456.106756ms)
✔ LOOP-066: a live kernel action from an older Cairn also blocks execution (77.789792ms)
✔ LOOP-066: separate Git worktrees can run checks independently (484.584999ms)
✔ after a green check --stale runs nothing; after one input changes it runs only that mechanism (LOOP-094) (946.343219ms)
✔ a mechanism speaking for two stale requirements runs once and refreshes both (LOOP-094, LOOP-040) (613.187828ms)
✔ a fresh failure and an unverified result are skipped with implement named (LOOP-094) (566.125054ms)
✔ --stale with a requirement identifier is refused (LOOP-094) (86.94157ms)
✔ check --stale holds back a mechanism whose requirement has three attempts and no escalation, names it, and records nothing (LOOP-094, DEC-016) (2045.892203ms)
✔ check refuses a dirty declared input and names it; a dirty undeclared file does not block (LOOP-030) (426.280905ms)
✔ check writes one receipt per run carrying the full record and a result line per requirement (LOOP-097) (296.758109ms)
✔ a nonzero exit records fail, and the receipt keeps the exit code (LOOP-034) (329.657407ms)
✔ a pass after a fail keeps the failing record; nothing is overwritten or deleted (LOOP-025) (609.685062ms)
✔ a commit changing a declared input makes evidence stale; an undeclared one does not (LOOP-007) (931.902142ms)
✔ a regression is named before a requirement that never passed (LOOP-031) (1060.353382ms)
✔ three attempts with no escalation since: wake says escalate, not a fourth (DEC-016, DEC-017, DEC-018) (2180.593977ms)
✔ the review gate: no review, stale review, open finding, then Done (LOOP-020, LOOP-033) (1021.672484ms)
✔ Done is refused while any requirement lacks current passing evidence (LOOP-017) (99.279826ms)
✔ check names a requested requirement that no mechanism claims (85.362557ms)
✔ check writes the in-progress record before the run and clears it after (LOOP-021) (177.414928ms)
✔ a linked declared input digests the same at a commit and in the tree (LOOP-023, LOOP-024) (375.106962ms)
✔ a result line is the mechanism's statement about one requirement; what it did not mention is unverified (LOOP-037, LOOP-052) (199.928752ms)
✔ a mechanism that says nothing is read by its exit code for every requirement (LOOP-039) (190.748974ms)
✔ unverified is not an attempt, and a return to an earlier failed digest counts once (DEC-017, DEC-018) (1490.590658ms)
✔ a result line for a requirement the mechanism does not speak for is named and writes nothing (LOOP-038) (170.693508ms)
✔ a result line inside ordinary output, or without the marker, does not count (170.15955ms)
✔ a targeted check runs the named requirements' mechanisms and records every requirement they speak for (LOOP-040) (171.425163ms)
✔ two result lines for one requirement: a fail on any line wins (179.403528ms)
✔ three runs at one digest with no attempt since: the verdict stays implement and names DEC-019; an escalation naming it among others clears the hint (DEC-019, LOOP-053) (854.749193ms)
✔ a receipt names its commit in full, and an older receipt with the short form is still read (LOOP-136) (257.748487ms)
✔ a change only to a document its declaration lists leaves the review fresh and the evidence stale; a change to another input makes the review stale (LOOP-141) (1117.541056ms)
✔ a complete commitment with an unpromoted backlog item names promote, and a stamped item lets it reach Done (LOOP-087) (977.094682ms)
✔ an empty backlog with waiting next-iteration items is Done, with the count as information and no action on them (LOOP-091) (835.372615ms)
✔ a promotion marker must resolve to a decision record (LOOP-088) (243.165228ms)
✔ a commitment promoted from an item needs a decision record naming the item (LOOP-088) (280.835182ms)
✔ the spec lint reports a promotion marker with no decision record (LOOP-088) (70.573281ms)
✔ a promoted commitment that changes an Agreed requirement or the working agreement is an escalation; an unpromoted one is not (LOOP-089, LOOP-090) (1712.976923ms)
✔ a capture from one of the commitment's own requirements needs Outside because: or an escalation (LOOP-092) (1603.717585ms)
✔ a next-iteration item names what it would change, and the capture refuses one that does not (LOOP-093) (437.139234ms)
✔ a commitment specified from a next-iteration item needs the item stamped before anything else (SPEC-027) (487.331418ms)
✔ a by deference marker resolves to a decision record like a promotion marker (SPEC-002, LOOP-088) (168.376953ms)
✔ the LOOP-090 gate reads the Concerns line, not the slug as a substring (LOOP-114) (491.027795ms)
✔ the LOOP-088 check reads the Promotes line, and decide --promotes writes it (LOOP-115) (224.262718ms)
✔ the activation commit of a promoted commitment is inside the LOOP-089 comparison (LOOP-116) (134.049417ms)
✔ the LOOP-090 route needs one escalation: its Concerns line covers the moved item too (LOOP-119, LOOP-092, LOOP-114) (642.923874ms)
✔ an escalation raised before the promoted commitment began does not silence the LOOP-090 gate (LOOP-114) (312.191859ms)
✔ an escalation raised before the commitment began does not silence the capture gate (LOOP-119) (329.276138ms)
✔ the activation commit is inside the scope footprint (LOOP-120) (113.890211ms)
✔ a requirement Agreed at activation that is demoted or removed is a contract change (LOOP-121) (599.975508ms)
✔ the include files are the root files that hold @AGENTS.md: exempt from the footprint, compared by the gate (LOOP-122) (1055.517945ms)
✔ a superseded promotion no longer satisfies the LOOP-088 check, and the repair says the promotion was reversed (LOOP-123) (445.855835ms)
✔ the restore route measures from the tree before activation, so a path the activation commit added must go (LOOP-120, LOOP-035) (168.83112ms)
✔ the loop works against exactly one commitment: the current one (LOOP-019) (371.18128ms)
✔ a promotion recorded below Consequential is a repair naming the level, since the developer never sees it in the queue (LOOP-088) (67.801081ms)
✔ every requirement the node-test declaration speaks for is named in a test title (PKG-025) (3.134912ms)
✔ every repository path the tests read is a declared input of node-test (PKG-026) (1.221601ms)
✔ writes a record with every required field and an empty realized-by (DEC-001, DEC-005) (87.644724ms)
✔ a Consequential decision is queued for review (DEC-013) (72.148814ms)
✔ a Consequential decision is queued even when .cairn/queue does not exist yet (71.684556ms)
✔ Routine is refused: routine decisions produce no record (80.863952ms)
✔ a missing field is a usage error and nothing is written (57.508915ms)
✔ supersedes requires a classified cause, and the old record must exist (188.412128ms)
✔ an existing record is not overwritten (121.824363ms)
✔ a queued decision stays queued; nothing but the developer removes it (DEC-014) (192.345819ms)
✔ each accepted decider is stored lowercase, whatever case it was typed in (DEC-020) (515.909764ms)
✔ a decider outside the vocabulary is a usage error naming all three, and nothing is written (DEC-020) (461.615871ms)
✔ an empty --decided-by is the missing-field error, not the vocabulary one (71.972465ms)
✔ LOOP-006, LOOP-067: missing inputs names a declaration repair before execution (122.08676ms)
✔ LOOP-006, LOOP-067: empty inputs names a declaration repair before execution (160.270912ms)
✔ LOOP-006, LOOP-067: missing command names a declaration repair before execution (134.631496ms)
✔ LOOP-006, LOOP-067: list command names a declaration repair before execution (153.167357ms)
✔ LOOP-006, LOOP-067: empty command names a declaration repair before execution (132.449151ms)
✔ LOOP-006, LOOP-067: missing requirements names a declaration repair before execution (159.118068ms)
✔ LOOP-006, LOOP-067: bad identifier names a declaration repair before execution (142.506984ms)
✔ LOOP-067: scalar one-item lists retain their existing meaning (279.509238ms)
✔ LOOP-068: a unpopulated gitlink is refused by name (149.07091ms)
✔ LOOP-068: a populated gitlink is refused by name (208.481631ms)
✔ LOOP-069: identical selections across 100 mechanisms use at most 20 Git processes (139.151111ms)
✔ --defect needs --from naming an Agreed requirement, and writes Defect: yes (LOOP-140) (224.224733ms)
✔ an unfixed defect is named fix before a promotable item, and counts as fixed only with passing evidence at or after its commit and no Agreed text changed (LOOP-087, LOOP-140) (1962.629865ms)
✔ escalate writes the six-line format followed by its facts, and wake presents it (LOOP-010, LOOP-026) (119.409029ms)
✔ a missing or multi-line field is refused with the field named, and nothing is written (LOOP-012) (129.344752ms)
✔ a Blocking escalation that fails the format is written anyway, naming the malformed field (LOOP-013) (145.444941ms)
✔ the loop stops for the developer only at Blocking: a recorded decision below it never yields Escalate, and the Blocking bypass must be spelled exactly (DEC-002) (277.730109ms)
✔ a second escalation while one is open is refused (LOOP-011) (129.562336ms)
✔ answer records the reply; wake no longer presents it; a second answer is refused (265.853162ms)
✔ answer to an unknown escalation is refused (66.365378ms)
✔ a stranger resumes from the file alone: question and answer are both in it (LOOP-014) (127.740572ms)
✔ a developer-shaped answer during the agent's turn is refused and writes nothing; the explanation is still accepted (LOOP-135) (650.448179ms)
✔ after an answer, the same concern can be escalated again under a new name (164.861743ms)
✔ an escalation exists when its file does, committed or not (LOOP-009) (82.582011ms)
✔ developer answers require one of the three forms and cannot inject fields (LOOP-048) (619.281457ms)
✔ ask, agent explanation, another ask, and ok stay ordered in one file (LOOP-049, LOOP-050, LOOP-014) (822.223167ms)
✔ fresh closed answers accompany only concerned requirements until new evidence (LOOP-051) (712.078575ms)
✔ a raised escalation carries no derivable status line, and an old record with one still parses (LOOP-028) (159.483077ms)
✔ LOOP-065: delete of output refuses Done and a new run recovers (1232.112418ms)
✔ LOOP-065: corrupt of output refuses Done and a new run recovers (1227.318665ms)
✔ LOOP-065: delete of stderr_output refuses Done and a new run recovers (1226.279419ms)
✔ LOOP-065: corrupt of stderr_output refuses Done and a new run recovers (972.74341ms)
✔ LOOP-065: a receipt without output needs a new check (511.527278ms)
✔ LOOP-065: a receipt without output_digest needs a new check (491.043746ms)
✔ LOOP-065: a receipt without stderr_output needs a new check (437.353513ms)
✔ LOOP-065: a receipt without stderr_digest needs a new check (401.432353ms)
✔ LOOP-065: legacy unverifiable output is rerun without rewriting history (699.249486ms)
✔ a fresh record names the kernel that wrote it (LOOP-023) (303.076688ms)
✔ LOOP-095: a record from another kernel is stale with the kernel named, and a new check restores Done (704.789476ms)
✔ LOOP-095: a record from no kernel is stale with the kernel named, and a new check restores Done (740.358755ms)
✔ LOOP-070: a later failure is latest even when the clock moves backward (897.077096ms)
✔ LOOP-070: receipt collisions at one clock instant retain execution order beyond nine suffixes (3644.862364ms)
✔ LOOP-070: imported branch receipts stale a later sequence until a new check incorporates them (1205.036432ms)
✔ LOOP-070, LOOP-098: legacy receipts need one ordered check, remain byte-for-byte unchanged, and precede the run receipt in the history (549.559581ms)
✔ LOOP-070: edit of a prior receipt requires fresh evidence (457.254992ms)
✔ LOOP-070: remove of a prior receipt requires fresh evidence (462.412098ms)
✔ LOOP-075: supporting evidence file README.md does not become a receipt (522.679654ms)
✔ LOOP-075: supporting evidence file notes.txt does not become a receipt (541.121588ms)
✔ LOOP-075: supporting evidence file support does not become a receipt (537.773996ms)
✔ LOOP-075: supporting evidence file .DS_Store does not become a receipt (531.322998ms)
✔ LOOP-075: a malformed result line (result=success) names a repair before execution (337.456718ms)
✔ LOOP-075: a malformed result line (sequence=NaN) names a repair before execution (311.76159ms)
✔ LOOP-075: a malformed result line (sequence=9007199254740992) names a repair before execution (321.692704ms)
✔ LOOP-075: a malformed result line (history_digest=wrong) names a repair before execution (322.2054ms)
✔ LOOP-075: a malformed result line (tokens) names a repair before execution (340.232513ms)
✔ LOOP-075: a receipt-shaped directory is a named repair instead of an EISDIR crash (264.317802ms)
✔ LOOP-070: an earlier escalation cannot cover three new attempts after clock rollback (918.17076ms)
✔ LOOP-070: an answer becomes old after a later check even if that check's timestamp is earlier (616.427403ms)
✔ LOOP-070: the newest answer wins between checks even when its clock timestamp is older (392.11946ms)
✔ LOOP-070: legacy escalation dates cover old receipts but not three newer sequenced runs (1255.714091ms)
✔ a PKG requirement the commitment does not name is declared, run, and gates Done (PKG-011) (1818.84473ms)
✔ a PKG requirement in a Draft spec is not folded in (546.368118ms)
✔ LOOP-076, LOOP-079: stale inputs identify the receipt and the check to run (662.095536ms)
✔ LOOP-077: names a content change using checked input identity (677.600642ms)
✔ LOOP-077: names a mode change using checked input identity (650.460924ms)
✔ LOOP-077: names a kind change using checked input identity (696.02267ms)
✔ LOOP-077: names a added change using checked input identity (705.754535ms)
✔ LOOP-077: names a removed change using checked input identity (560.52331ms)
✔ LOOP-077: names a link-target change using checked input identity (804.996315ms)
✔ LOOP-077: changed selection compares the old and new input sets (473.720373ms)
✔ LOOP-077: raw CRLF changes remain visible when Git-clean content agrees (486.55532ms)
✔ LOOP-077: detail output is sorted, bounded, and reports the omitted count (489.908897ms)
✔ LOOP-077: filenames cannot inject lines or terminal controls into explanations (397.137439ms)
✔ LOOP-077: receipts from one run share details and do not store source contents (300.267957ms)
✔ LOOP-078, LOOP-080: legacy optional detail limits explanation without changing standing (526.933289ms)
✔ LOOP-078, LOOP-080: invalid-field optional detail limits explanation without changing standing (536.321234ms)
✔ LOOP-078, LOOP-080: missing optional detail limits explanation without changing standing (511.636457ms)
✔ LOOP-078, LOOP-080: invalid-json optional detail limits explanation without changing standing (526.212423ms)
✔ LOOP-078, LOOP-080: mismatched optional detail limits explanation without changing standing (497.615446ms)
✔ LOOP-078, LOOP-080: duplicate optional detail limits explanation without changing standing (492.738483ms)
✔ LOOP-078, LOOP-080: unsafe-path optional detail limits explanation without changing standing (483.297139ms)
✔ LOOP-078, LOOP-080: directory optional detail limits explanation without changing standing (508.363845ms)
✔ LOOP-078, LOOP-080: symlink optional detail limits explanation without changing standing (515.2747ms)
✔ LOOP-078: unavailable old requirement text is not claimed as a proven change (385.108849ms)
✔ LOOP-076, LOOP-079: changed requirements identify evidence and retain review-before-check guidance (394.704156ms)
✔ LOOP-078: simultaneous input and output damage keep both reasons (401.40787ms)
✔ LOOP-080: deterministic freshness sequence seed=7 (9211.353914ms)
✔ LOOP-080: deterministic freshness sequence seed=42 (5813.765818ms)
✔ LOOP-080: deterministic freshness sequence seed=913 (4838.998654ms)
✔ LOOP-080: agreement changes, mechanism review, checks, and completion review retain priority (1327.95845ms)
✔ LOOP-080: imported receipt history demands a rerun without a false input explanation (1376.832777ms)
✔ LOOP-073: clean CRLF input completes under attributes (540.752782ms)
✔ LOOP-073: clean CRLF input completes under autocrlf (535.84618ms)
✔ LOOP-073: raw line-ending mutation during a run is rejected even when Git still sees the same content (218.885541ms)
✔ LOOP-073: execution evidence changes when clean conversion preserves committed identity (1011.177564ms)
✔ LOOP-073: Git clean filters use Git's conversion while retaining raw evidence identity (599.387123ms)
✔ LOOP-073: failure of a required Git filter cannot record evidence (144.77557ms)
✔ LOOP-073: a clean filter moving HEAD during ending validation prevents evidence (499.665831ms)
✔ LOOP-073: canonical Git identities handle links without reading their targets (483.639406ms)
✔ LOOP-073: Git conversion keeps raw Unicode and control-character input paths (417.201321ms)
✔ LOOP-073: conversion and links work in a SHA-256 Git repository (417.464626ms)
✔ LOOP-074: historical specification filename "café.md" remains reviewable (392.306684ms)
✔ LOOP-074: historical specification filename "spec\ttab.md" remains reviewable (392.515667ms)
✔ LOOP-074: historical specification filename "spec\nline.md" remains reviewable (368.560463ms)
✔ help works outside a repository without running a command (PKG-017) (933.326566ms)
✔ help does not hide invalid options or consume literal arguments (180.777217ms)
✔ help lists the lint command (PKG-017) (50.322813ms)
✔ a working directory that no longer exists is named as the failure, and git is not blamed (PKG-041, PKG-022) (197.447348ms)
✔ the stop hook refuses a stop while wake says Resolvable, with the verdict as the reason (PKG-018) (189.278317ms)
✔ the stop hook allows a stop at Done, at Escalate, and outside a Cairn repository (PKG-018) (968.853044ms)
✔ the session-start hook links the command once and prints the verdict in a Cairn repository (PKG-019, PKG-014, PKG-005) (430.623357ms)
✔ the session-start hook prints no verdict outside a Cairn repository and leaves an existing link that resolves alone (PKG-019) (56.022057ms)
✔ a checkout under a path with a space links a command that resolves, and its stop hook still blocks (PKG-019, PKG-021) (348.774018ms)
✔ the hooks run the kernel the command link resolves to, so hook and agent share one referee (PKG-021) (1186.721437ms)
✔ a dangling link is replaced and reported (PKG-019) (176.750103ms)
✔ errors exit 0 with one line on standard error and no stack trace (PKG-022) (197.384083ms)
✔ the hooks judge with the cairn on PATH, a wrapper included, and session-start names it (PKG-033) (995.972187ms)
✔ a link to a wrapper or file is kept; a dangling link or one to a directory is replaced (PKG-034) (362.528827ms)
✔ a project below the Git toplevel gets the verdict and the stop refusal (PKG-035) (286.660781ms)
✔ a kernel that prints no verdict is one stderr line: the stop is allowed and session-start prints no trace (PKG-036) (149.756249ms)
✔ a link that cannot be created is one stderr line, and the verdict still prints (PKG-019, PKG-022) (129.968479ms)
✔ with git absent the hooks say so in one line and block nothing (PKG-022) (80.559954ms)
✔ stop_hook_active true no longer lets a Resolvable stop through: the hook still refuses (PKG-018) (132.4478ms)
✔ receipts written by the project's own kernel are judged with it, not with a different cairn on PATH (PKG-033, PKG-021) (393.6865ms)
✔ the fourth stop on an unchanged verdict, commit and tree goes through with a message and a stop record; each refusal names cairn escalate (PKG-043, PKG-044) (438.715567ms)
✔ progress resets the count, a commit or an edited file alike, and each session counts on its own (PKG-043) (1172.280329ms)
✔ no report, one for another commitment, at another commit, or at a value that is not a commit names a new reviewer; an uncommitted review is committed first (LOOP-020) (1535.794426ms)
✔ an old report re-dated, however it is edited, does not name the new commit and names a new reviewer; a new report with the same words does not (LOOP-020) (1375.32765ms)
✔ each finding is carried by the one line citing its number and beginning with its words; malformed reports are repairs (LOOP-020) (3885.117464ms)
✔ citations name their report's commit, so rounds never collide and an old line never carries a new finding; a wrapped review line is its own repair (LOOP-020) (822.94361ms)
✔ a finding that quotes a citation in its own words is carried by copying it, and an uncited wrapped line is no repair when there is nothing to carry (LOOP-020) (567.641732ms)
✔ a citation that is not last on its line is refused as such, and a finding ending with a citation is carried in the short form (LOOP-020) (847.628453ms)
✔ a report written or changed on disk but not committed is named commit, never judged as the committed one (LOOP-020) (524.47587ms)
✔ the findings list is read from the record's text: blank lines between entries, a wrapped entry, any bullet, and a blank line inside examined: lose nothing; a list after a heading stays unread (LOOP-020, LOOP-086, LOOP-071) (1289.807483ms)
✔ the reader reads a numbered or nested list and a blank line in examined:, and names a line it cannot read rather than reading nothing (LOOP-086, LOOP-020) (1106.865321ms)
✔ a line the reader cannot read is named whenever an entry follows it, in the review and in the report, and a finding under a heading is named (LOOP-086, LOOP-020) (1524.020737ms)
✔ a margin line that only looks like a field never ends a list in silence (LOOP-086, LOOP-020) (1004.205805ms)
✔ a field name repeated inside a list is named, the report's findings under a heading are named beside a list, and the repair offers the fix that keeps the finding (LOOP-020, LOOP-086) (778.098347ms)
✔ a Reviewer: line inside a list is named, and an honest record with a findings-titled heading is read (LOOP-020, LOOP-086) (716.953182ms)
✔ a record that declares findings: [] keeps a bulleted body as prose, as this repository's own reviews are written (LOOP-086, LOOP-020) (384.243199ms)
✔ a field name in another case never ends a list in silence, a record with its fields out of order is told to reorder them, and a citation names only a finding the report made (LOOP-086, LOOP-020, LOOP-108) (853.133297ms)
✔ a citation of zero is a citation, a field ends a list however it is spaced, a heading may be underlined, a blank line before a continuation is nothing, and a doubled commit: line does not name the commit (LOOP-020, LOOP-086, LOOP-108) (1056.36946ms)
✔ a rule under a field line is not a heading, the hint names a heading of either form, and an earlier report's citation on a carrying line is history (LOOP-020, LOOP-108) (1202.782009ms)
✔ a title that ends with a colon is still a heading, a report whose fields sit below a heading or prose is repaired rather than discarded, and the repair names the form the kernel reads (LOOP-020, LOOP-086, LOOP-108) (1139.966201ms)
✔ a report for another commitment or commit is replaced even when its fields sit below a heading, a quoted field line does not replace the real one, a rule under any field is a rule, and the review is told what the report is told (LOOP-020, LOOP-108) (1138.438964ms)
✔ an underline makes a heading of the line above it unless that line is an entry or the record's own field, an unread field is named where it sits, a field spelled another way is named, and the findings-titled repair names retitling (LOOP-020, LOOP-086, LOOP-108) (1483.755858ms)
✔ an underlined heading that names findings holds no list either, an unterminated fence hides nothing, a spelling is judged at the margin, and a report short of one header line is repaired (LOOP-020, LOOP-086, LOOP-108) (922.173921ms)
✔ a heading that names findings holds no content of any shape, its own section decides, and a report the wrong commit wrote is replaced before any repair (LOOP-020, LOOP-086) (883.559728ms)
✔ a findings-naming heading holds nothing at all, however deep, and a report with no record is replaced rather than repaired (LOOP-020, LOOP-086) (2033.389605ms)
✔ a recognisable finding under a heading is named wherever it sits, a findings-titled section is prose beside a list that holds entries, and a record may open with a title (LOOP-020, LOOP-086, LOOP-108) (1928.097947ms)
✔ a line that says open: is a finding however it is marked up, and one leading title of any form is the record's own (LOOP-020, LOOP-086, LOOP-108) (3773.755535ms)
✔ every line outside the findings list is read for the prefix, and a findings-naming section is judged over its subsections (LOOP-020, LOOP-086) (2965.372987ms)
✔ markup is whatever precedes the first letter, a row is a row wherever its pipes sit, and each message names the move (LOOP-020, LOOP-086) (2265.447087ms)
✔ a marker that contains a letter is still a marker, and a fence opens only on its own line (LOOP-020, LOOP-086) (2630.389955ms)
✔ a label before the prefix is markup too, and a divider hides no finding (LOOP-020, LOOP-071, LOOP-086) (2233.075567ms)
✔ only the findings list itself is exempt from the sweep, and a label of any shape is markup (LOOP-020, LOOP-071, LOOP-086) (2390.667005ms)
✔ the prefix belongs to the findings list alone: anywhere else in a record it is a finding (LOOP-020, LOOP-086) (2314.225176ms)
✔ cairn lint runs the checker over docs/spec by default and over a named directory (PKG-028) (200.303129ms)
✔ cairn lint names a missing directory in one line, takes one argument, and reports a bad root (PKG-028) (176.040912ms)
✔ three megabytes are retained exactly once with matching digests (LOOP-041, LOOP-042) (328.95537ms)
✔ split stdout result lines survive a long non-result line; stderr is never a verdict (355.843182ms)
✔ signal termination is recorded and logs survive a clone (LOOP-043) (322.631494ms)
✔ working agreements and ignore changes are Cairn records inside the footprint (329.606274ms)
✔ a clean package passes (96.931014ms)
✔ PKG-001: a dependency, or a service manifest (164.540439ms)
✔ PKG-002: ignoring evidence or other durable state, by directory or by extension (144.98725ms)
✔ PKG-003: a command, a directory, or a record kind no decision names (200.72954ms)
✔ PKG-004: a kernel over 1900 lines, counting every file under bin/ as wc -l does; exactly 1900 passes (336.27915ms)
✔ PKG-006: a skill step naming a vendor's product, in either order, across a wrapped list item (PKG-027) (290.982105ms)
✔ PKG-008: a non-ASCII character in a tracked text file (71.46101ms)
✔ PKG-009: the kernel importing from tests (74.917299ms)
✔ PKG-012: a network call or a model client in the kernel, but not a vendor's name in text (334.912039ms)
✔ PKG-013: deferral language, but not in code, quotes, or a rule (566.629299ms)
✔ a tracked path deleted from the working tree is skipped, not a crash (83.195688ms)
✔ a sentence in a Formats section is not a record kind (82.465596ms)
✔ a record kind named by its path alone is checked (73.616654ms)
✔ PKG-002: a tracked in-progress record (77.344146ms)
✔ PKG-002: ignoring evidence alone is a finding (71.405438ms)
✔ PKG-003 reads the kernel's commands from its help output (PKG-023) (106.873166ms)
✔ the ASCII scan covers shipped files, not records under .cairn/ (PKG-024) (85.58498ms)
✔ a vendor-naming step wrapped across lines is matched (PKG-006, PKG-027) (73.597766ms)
✔ PKG-013 scans the README, the manual, and the walkthrough (PKG-032) (227.310678ms)
✔ the manifests, the listing and package.json agree on the name and version, and name paths the repository holds (PKG-037) (1.865152ms)
✔ the hooks file registers session-start and stop against the plugin's own hook.mjs through the plugin root variable (PKG-038) (0.245169ms)
✔ a Muse hook entry whose shared hook is missing prints one line and exits 0 (PKG-041, PKG-022) (76.833791ms)
✔ the registered commands print the verdict at session start, link the command into the plugin, and refuse a stop while wake says Resolvable (PKG-038, PKG-021) (334.319788ms)
✔ LOOP-071: decision body metadata does not resolve unbuilt work: "Superseded by: example" (655.25887ms)
✔ LOOP-071: decision body metadata does not resolve unbuilt work: "```text\nSuperseded by: example\n```" (635.068772ms)
✔ LOOP-071: decision body metadata does not resolve unbuilt work: "~~~text\nSuperseded by: example\n~~~" (657.159063ms)
✔ LOOP-071: a fenced realization example is not a resolving commit (675.910933ms)
✔ LOOP-071: a fenced commit inside the realization section is not built (665.197631ms)
✔ LOOP-071: ## Example cannot replace an open review finding (626.053005ms)
✔ LOOP-071: # Example cannot replace an open review finding (569.266405ms)
✔ LOOP-071: ### Example cannot replace an open review finding (521.346832ms)
✔ LOOP-071:   ## Example cannot replace an open review finding (494.616263ms)
✔ LOOP-071: Example paragraph. cannot replace an open review finding (492.448825ms)
✔ LOOP-071: Example
------- cannot replace an open review finding (430.668217ms)
✔ LOOP-071: fenced fields before a real review header are ignored (397.303647ms)
✔ LOOP-071: multiline decision --title cannot inject metadata (348.175728ms)
✔ LOOP-071: multiline decision --decided-by cannot inject metadata (338.735045ms)
✔ LOOP-071: multiline decision --rests-on cannot inject metadata (345.345406ms)
✔ LOOP-071: multiline decision --wrong-if cannot inject metadata (345.666345ms)
✔ LOOP-071: multiline decision --history cannot inject metadata (320.812535ms)
✔ LOOP-072: malformed Blocking concerns stay open: "R-001\nAnswer: ok" (95.55371ms)
✔ LOOP-072: malformed Blocking concerns stay open: "R-001\r\nAnswer: ok" (91.578401ms)
✔ LOOP-072: malformed Blocking concerns stay open: "R-001\rAnswer: ok" (81.168446ms)
✔ LOOP-072: malformed Blocking concerns stay open: "R-001 Answer: ok" (86.293645ms)
✔ LOOP-072: malformed Blocking concerns stay open: "R-001 Answer: ok" (83.040832ms)
✔ LOOP-072: ordinary malformed concerns are refused: "R-001\nR-002" (40.22943ms)
✔ LOOP-072: ordinary malformed concerns are refused: "R-001, prose" (39.235ms)
✔ LOOP-072: ordinary malformed concerns are refused: " " (53.911839ms)
✔ LOOP-072: a Blocking escalation without concerns is still presented (85.689439ms)
✔ LOOP-072: carriage returns in a Blocking question do not create answer records (95.08491ms)
✔ LOOP-072: explanation separator 8232 cannot close an escalation (158.310364ms)
✔ LOOP-071: decision metadata refuses separator 8232 (334.601565ms)
✔ LOOP-072: explanation separator 8233 cannot close an escalation (148.146906ms)
✔ LOOP-071: decision metadata refuses separator 8233 (328.621009ms)
✔ Concerns, Rests on, and Promoted from written as lists read as the flat form (LOOP-124) (546.454584ms)
✔ an item named by filename, path, or backticked slug resolves like the slug (LOOP-125) (509.460207ms)
✔ an input that covers Cairn's own output is named as the repair, before and after a check (LOOP-126, LOOP-105) (595.734343ms)
✔ an unreadable record directory is a repair, not an error exit (LOOP-127) (75.477343ms)
✔ a title that slugifies to nothing is refused (LOOP-128) (111.791948ms)
✔ examined: [] is an empty list (LOOP-129, LOOP-108) (429.792828ms)
✔ below the Git toplevel the restore check compares root-relative paths (LOOP-130, LOOP-035) (382.401818ms)
✔ below the Git toplevel an uncommitted declared input is named from the project root (LOOP-132, LOOP-030) (240.713819ms)
✔ a value on the key line followed by list items is the first item, never dropped (LOOP-133) (673.635814ms)
✔ the footprint's walk reads Current: as the wake does: a fenced example below the real line, or a second line in history, never moves the start (LOOP-134, LOOP-035) (315.185251ms)
✔ an input spelled .. from a project below the Git toplevel covers the evidence directory (LOOP-126, LOOP-105) (85.093814ms)
✔ a Consequential record this commitment added needs its queue entry committed (LOOP-131, DEC-004) (468.569843ms)
✔ a mechanism that removes the check lock still gets its evidence, with no repair for the lock (LOOP-107) (218.465335ms)
✔ a staged rename reads as its two paths, never as a bare origin token (LOOP-030, LOOP-110) (118.503471ms)
✔ a Current: line inside a fenced example is neither a second Current: line nor the commitment, before or after the real line (LOOP-104) (188.434962ms)
✔ a Status: word is taken only from a line that carries one, never from wrapped prose after it (SPEC-018) (0.849458ms)
✔ the placeholder left above a resolving entry is a repair naming the file (DEC-021) (231.594376ms)
✔ the placeholder alone is a decision recorded and not yet built, unchanged (DEC-007) (70.989494ms)
✔ resolving entries with no placeholder are unchanged (DEC-006) (124.377793ms)
✔ a shallow clone that cannot resolve its entries is still told to fetch, not to edit (LOOP-113 keeps precedence) (104.92403ms)
✔ the placeholder quoted in a fenced example does not make a built record a repair (DEC-021) (123.158098ms)
✔ supersede takes the same decider vocabulary as decide (DEC-020) (106.718551ms)
✔ a superseded record is held to the same line: its placeholder above a resolving entry is a repair (DEC-021, DEC-010) (172.011447ms)
✔ realize() touches only the Realized by section; a body that quotes the placeholder keeps it (109.851781ms)
✔ an untracked file under a declared input is not a change under way; check still refuses beside it and names .gitignore (LOOP-110, LOOP-030) (214.783882ms)
✔ an unmatched input is refused before execution (LOOP-044) (178.212024ms)
✔ an indexed input deleted on disk asks for a commit (LOOP-045) (135.014582ms)
✔ wake and check require a Git working tree (LOOP-046) (137.962861ms)
✔ recovery removes only dead kernel run records and identifies a live owner (LOOP-054, LOOP-055) (316.016339ms)
✔ an agent action based behind a clean HEAD appears committed (LOOP-027) (179.515712ms)
✔ realization needs a real commit and a subject (DEC-006) (240.482509ms)
✔ 1500 binary inputs digest identically at the review commit in under a second (LOOP-024) (1435.570052ms)
✔ merged work is excluded but a later own commit is a breach (LOOP-047) (280.141728ms)
✔ exact Current tenure ignores prefix matches and earlier visits to the same slug (LOOP-035) (330.00785ms)
✔ a kernel run records its supervising PID (LOOP-054) (277.226859ms)
✔ a merged declared input still stales evidence (LOOP-047) (436.436281ms)
✔ wildcard and magic pathspecs select the same historical inputs (LOOP-024, LOOP-032) (2180.948856ms)
✔ historical selection retains deleted files and excludes new ones (LOOP-024, LOOP-035) (1265.722394ms)
✔ cairn --version prints the package.json version outside a repository, and help lists it (PKG-039) (138.805701ms)
✔ a release is one commit setting one version in the five files, with the changelog entry, tagged v<version> (PKG-040) (1034.45179ms)
✔ the release script refuses a bad version, no increase, a dirty tree, a missing entry, a taken tag, a disagreeing file, and a loop not at Done, each in one line with nothing written (PKG-040) (1847.711576ms)
✔ a version file written as compact JSON is released, and nothing else in any version file changes (PKG-042) (1332.933283ms)
✔ with attribution forbidden, the release script refuses an unpushed commit carrying an AI attribution line (PKG-045) (557.003175ms)
✔ explicit reporting with no lines and exit 0 establishes no requirement verdicts (LOOP-061) (467.718015ms)
✔ explicit reporting with no lines and exit 1 establishes no requirement verdicts (LOOP-061) (394.961928ms)
✔ a reporter that cannot start keeps execution diagnostics without blaming requirements (LOOP-062) (250.433152ms)
✔ large output cannot kill a reporter or invent a requirement verdict (308.435488ms)
✔ explicit mode ignores cairn: R-999: pass (270.330694ms)
✔ explicit mode ignores cairn: R-001: unverified (304.076113ms)
✔ explicit mode ignores cairn: R-001: passed (349.906085ms)
✔ explicit results survive nonzero exit and contradictory duplicates still fail (633.717001ms)
✔ unverified results across changed inputs never become failed attempts (1463.942117ms)
✔ legacy exit 0 retains its interpretation (223.861047ms)
✔ legacy exit 1 retains its interpretation (226.662519ms)
✔ a misspelled reporting mode is refused before execution (119.146608ms)
✔ changed requirement blocks unchecked reruns and makes the completion review stale (LOOP-058, LOOP-059) (1760.967694ms)
✔ falsifier changes need review; separate rationale and other requirements do not change a receipt (1358.516462ms)
✔ legacy receipts recover requirement identity from their commit; unavailable history requires review (1015.286869ms)
✔ check refuses uncommitted requirement text and mechanism review markers (811.377223ms)
✔ tightened response limit cannot reuse the old passing check (1350.632181ms)
✔ a declared input over 1 MiB agrees at a commit and in the tree (LOOP-060) (429.716445ms)
✔ a failed Git blob read cannot be hashed as an empty blob (390.886386ms)
✔ Git listings over 1 MiB include the last declared input (2217.725542ms)
✔ requirement identity excludes fenced examples and status dates (537.060642ms)
✔ DemonCoder REM-002 and Status in progress cannot silently satisfy the review gate (LOOP-086) (803.329127ms)
✔ valid open findings retain their behavior (476.698427ms)
✔ valid resolved findings retain their behavior (537.200701ms)
✔ valid empty findings retain their behavior (568.983568ms)
✔ valid mixed valid findings retain their behavior (523.820381ms)
✔ malformed finding "open:" requires repair (488.467072ms)
✔ malformed finding "resolved:   " requires repair (415.050686ms)
✔ malformed finding "Open: incorrect case" requires repair (380.778552ms)
✔ malformed finding "unknown: issue" requires repair (346.676483ms)
✔ malformed finding "\u001b[31mBAD: issue" requires repair (339.755868ms)
✔ the established explicit empty findings list remains valid (402.987789ms)
✔ a scalar findings value requires the supported list format (337.666125ms)
✔ check runs a mechanism when a requirement outside the commitment was revised, and asks for the review once a commitment includes it (LOOP-059) (878.847916ms)
✔ a Requirements: line written as a list is read like the flat form (LOOP-102) (122.573663ms)
✔ a subdirectory or a README in a record directory changes nothing (LOOP-103) (553.528342ms)
✔ two Current: lines are a roadmap repair (LOOP-104) (78.08597ms)
✔ a repeated identifier, an input under the evidence directory, and a missing cwd are refused by name (LOOP-105) (437.605086ms)
✔ a requirement whose evidence outlives its mechanism is named declare, not a regression or an escalation (LOOP-106) (1039.872199ms)
✔ an unreadable record is a repair, not an error exit (LOOP-107) (86.006128ms)
✔ a review needs commit, a nonempty examined list, and a findings list, each named when missing (LOOP-108) (1083.167567ms)
✔ a decision record missing a header field or naming a missing predecessor is a repair (LOOP-109) (307.145213ms)
✔ a dirty declared input with no in-progress record is named record ahead of run (LOOP-022, LOOP-110) (252.991482ms)
✔ with core.filemode false the index mode is the identity, so a mode-only difference does not refuse the check (LOOP-111) (218.236983ms)
✔ a project below the Git toplevel can run check (LOOP-112) (250.38013ms)
✔ a shallow clone names history to fetch, not a decision to build (LOOP-113) (153.857205ms)
✔ record-writing commands refuse to run outside a Cairn repository and write nothing (LOOP-118) (224.396867ms)
✔ a git that cannot start is one line and exit 3 from wake and from check, with nothing recorded (LOOP-137) (83.637903ms)
✔ an unexplained or uncommitted stop record is named explain before any other action; explained and committed, the wake moves on (LOOP-139) (262.088231ms)
✔ empty footprint names declaration before scope and records no evidence (LOOP-081) (569.690429ms)
✔ first declaration still checks the full earlier history (LOOP-081) (341.549126ms)
✔ an empty current footprint does not block an explicitly requested existing mechanism (LOOP-081) (333.11041ms)
✔ an inherited mechanism provides a footprint even before local mechanisms exist (255.047982ms)
✔ scope reports every path, escapes line breaks, and gives identical remedies (LOOP-082) (239.771984ms)
✔ scope verdict reuses the answered-escalation annotation (LOOP-048, LOOP-051, LOOP-083) (612.024432ms)
✔ a committed scope acknowledgment lets restored history proceed (LOOP-083) (684.996766ms)
✔ scope acknowledgment must be committed before it can clear a breach (629.815181ms)
✔ ordinary ok does not acknowledge scope history (307.550826ms)
✔ scope escalation refuses unrestored paths and names the restoration remedy (260.573183ms)
✔ an invalid scope request still records an explicitly Blocking decision (134.529814ms)
✔ ask and explanation stay open; only the final committed ok acknowledges scope (684.7646ms)
✔ instead is visible but does not silently authorize a scope exception (347.310195ms)
✔ later changes to an acknowledged path still block, including later reverts (1049.766764ms)
✔ approval cannot hide another path changed after the snapshot (367.09796ms)
✔ acknowledged history remains conditional on the paths staying restored (566.883107ms)
✔ editing the scope snapshot after answer invalidates its acknowledgment (285.329136ms)
✔ malformed scope metadata cannot suppress a breach (1476.35893ms)
✔ damaged acknowledgment fields cannot suppress a breach (563.933491ms)
✔ scope path matching is literal, including wildcard filenames and control characters (528.161859ms)
✔ scope acknowledgment does not carry into another activation of the same slug (281.720471ms)
✔ restoration checks additions, deletions, executable modes, and symlink kinds (1417.06959ms)
✔ explicit committed retention keeps correct work and requires new evidence and review (LOOP-084, LOOP-085) (2084.602754ms)
✔ a missing declaration covers correct earlier work without retention or revert (515.201082ms)
✔ keep requires scope and an unchanged committed candidate (156.475328ms)
✔ uncommitted retention and instead answers cannot clear the incident (1031.930644ms)
✔ retention does not grant future edits, even when reverted to the approved tree (1249.012372ms)
✔ retention cannot cover another path or another activation (529.107677ms)
✔ imported changes must still match the retained tree (571.454408ms)
✔ retention handles additions, deletions, modes, symlinks, and literal filenames (1952.54597ms)
✔ retention cannot convert an existing restoration answer or accept an unknown mode (430.53311ms)
✔ a check failure after retention remains a failure (670.671163ms)
✔ retained paths stay part of the stable checked candidate without extending its footprint (608.705326ms)
✔ retention ask needs an explanation and final committed approval (541.019448ms)
✔ an unknown scope mode remains invalid even with a matching approval digest (310.145799ms)
✔ backlog writes the item; a second with the same title is refused, never overwritten (LOOP-016) (139.578755ms)
✔ a commit inside the footprint: check runs; outside it: check names the path and does not run (LOOP-015, LOOP-035) (524.786045ms)
✔ Cairn's records are never a breach; another file under docs/ is (LOOP-117) (717.657298ms)
✔ declaring the path as an input clears the breach (310.898275ms)
✔ a revert preserves the record of an out-of-scope commit (LOOP-047) (291.337627ms)
✔ a commitment naming a requirement the spec set does not hold as Agreed is repaired (LOOP-029) (78.765255ms)
✔ a requirement in a Draft spec file is not Agreed (77.866641ms)
✔ working agreements and the ignore file are Cairn records (LOOP-035, LOOP-036) (468.102196ms)
✔ the over-asking rule is gone from both skills (SPEC-005, SPEC-006, SPEC-007) (1.58705ms)
✔ a decision during the phase is recorded (DEC-003) (0.145829ms)
✔ understanding is restated before writing (SPEC-003) (0.120122ms)
✔ falsifiers are proposed as one set and confirmed by exception (SPEC-004) (0.351284ms)
✔ depth is inferred and domains derived, never asked or imposed (SPEC-008, SPEC-009) (0.149346ms)
✔ a term enters the glossary at first occurrence (SPEC-010) (0.101417ms)
✔ the phase ends at the first commitment, and later ones are specified during the loop (SPEC-011, SPEC-012) (0.219043ms)
✔ a requirement goes Agreed only with a nameable mechanism (SPEC-013) (0.664343ms)
✔ review before agreement, recording what it attacked (SPEC-014, SPEC-015) (0.261179ms)
✔ no spec file without requirements; nothing Agreed without a falsifier (SPEC-001, SPEC-002) (0.171403ms)
✔ Observed is marked, and is not contract (SPEC-016, SPEC-017) (0.628907ms)
✔ the skills exclude artifacts outside Cairn's workflow (0.175705ms)
✔ the working agreement names the agent's move for each verdict and the write-ahead record (LOOP-036) (0.241606ms)
✔ the working agreement names the developer's moves (LOOP-036, DEC-014) (0.103058ms)
✔ this repository runs by the file it ships (0.431263ms)
✔ both skills write the working agreement without naming a vendor's file (LOOP-002, LOOP-036, PKG-006) (0.155711ms)
✔ the working agreement says what an attempt is (LOOP-036, DEC-017, DEC-018) (0.165122ms)
✔ the working agreement says a failure no footprint change can address is an escalation, and where an inherited requirement is repaired (DEC-019, LOOP-057) (0.114442ms)
✔ the working agreement states the promote, next-iteration, and no-deferral moves (LOOP-029, LOOP-087, LOOP-091, LOOP-092) (0.095441ms)
✔ both skills sort captures into the backlog or next-iteration and forbid deferral (LOOP-029, LOOP-092, LOOP-093) (0.081564ms)
✔ the skill requires a falsifier on every requirement, a MAY included (SPEC-025) (0.09171ms)
✔ the working agreement names the hooks as optional and the install skill registers them for two harnesses (PKG-006, PKG-018, PKG-019) (0.255325ms)
✔ the working agreement says the kernel is upgraded at Done, never inside a commitment (LOOP-096) (0.08256ms)
✔ the next-iteration skill starts from the specification and ends by naming the next commitment (SPEC-026, SPEC-027) (0.274801ms)
✔ every document that names the project skills names next-iteration beside them (SPEC-026, PKG-014) (2.884926ms)
✔ the working agreement states a move for every action the kernel can name (LOOP-101) (2.123505ms)
✔ the working agreement states both record formats and the two flags the moves need (LOOP-036) (0.128951ms)
✔ the skills demonstrate a safe violating example and preserve recon findings (SPEC-022, SPEC-023) (0.067859ms)
✔ the specification skills run the checker through the cairn command (PKG-029) (0.21329ms)
✔ the README invokes the phase skills by name and states versions and platforms (PKG-030, PKG-031) (0.275928ms)
✔ the manual and the walkthrough say the loop promotes backlog items at Done (1.185763ms)
✔ the working agreement says a report is not work under way, its findings are captured, and it is committed with them (LOOP-138) (0.089588ms)
✔ a two-obligation sentence is named (PKG-007) (41.816536ms)
✔ an obligation with no actor is named (PKG-010) (35.060959ms)
✔ a leading condition clause is not the actor, and the actor after it counts (52.266835ms)
✔ an Agreed requirement with no falsifier is named (SPEC-002); a Draft one is not (83.287249ms)
✔ prose after a Draft requirement with no falsifier is not scanned as requirement text (36.123014ms)
✔ a spec declaring a prefix with no requirement is named (SPEC-001) (34.147184ms)
✔ a keyword in backticks or quotes is a mention, not an obligation (39.361005ms)
✔ duplicate identifiers are rejected within a file and across files (SPEC-020) (73.610131ms)
✔ references resolve across files; missing references name their source (SPEC-021) (73.94993ms)
✔ code examples and quoted mentions are neither definitions nor references (48.600906ms)
✔ machine-local paths are findings in prose, links, quotes, and examples (SPEC-019) (435.174167ms)
✔ relative paths, URLs, slash commands, and character mentions are not absolute path findings (43.967785ms)
✔ a slash after a placeholder continues the template (SPEC-019) (87.393471ms)
✔ a host path is a finding until the file declares it (SPEC-019, SPEC-024) (90.880676ms)
✔ declared host paths cover children with a slash boundary and stay file-local (116.99916ms)
✔ a host-path declaration inside a requirement or example grants no exception (114.477447ms)
✔ host-path declarations require absolute or home-relative entries (197.226868ms)
✔ an Agreed block whose only keyword is MAY needs a falsifier like any other (SPEC-025, SPEC-002) (84.987984ms)
✔ a regex literal is not a path, a drive path and a file URL are, and a skill's slash name is allowed (SPEC-028, SPEC-029) (88.513056ms)
✔ a backticked or quoted actor still counts as one (PKG-010) (48.294254ms)
✔ a fence the file never closes is named, since the parser then reads its example as specification (78.460704ms)
✔ supersede writes both lines, and the old record keeps every word it had (DEC-008, DEC-010) (71.570538ms)
✔ supersede without a cause, or with one outside the four, is refused (DEC-009) (119.932919ms)
✔ supersede of a record that does not exist is refused (71.358598ms)
✔ a predecessor with no title line cannot be stamped, so nothing is written (67.698785ms)
✔ a --supersedes argument outside the slug alphabet is refused, and a path never reaches the filesystem (DEC-022) (235.232733ms)
✔ a record already superseded cannot be superseded again: one Superseded by line per record (DEC-022, DEC-010) (195.171077ms)
✔ reversals reports counts by decider, cause, and domain (DEC-011) (203.552633ms)
✔ decide in a domain with a reversal is refused without --history, naming the reversal; with it, the record carries History (DEC-012) (190.558056ms)
✔ decide in a domain with no reversals needs no --history (121.146115ms)
✔ a record resting on prose alone is in the domain unspecified, and so is the next one (121.220568ms)
✔ the decider tally normalizes case and whitespace, and names a value outside the vocabulary (DEC-020, DEC-011) (77.789958ms)
✔ a record with no Decided by line is tallied as unrecorded, not as a vocabulary value (72.979541ms)
✔ Decided by written as a list tallies like the flat form, and does not crash the report (LOOP-124, DEC-020) (76.642954ms)
✔ a second declaration for one requirement is accepted, a named check runs every mechanism, and Done needs each to pass (LOOP-056, LOOP-099) (2110.734115ms)
✔ one mechanism's stale evidence names that mechanism, and --stale runs only it (LOOP-056, LOOP-094) (774.268954ms)
✔ attempts are counted within one mechanism's records, so the other's passes do not reset them (LOOP-100, DEC-016) (1334.395318ms)
✔ step 1: an in-progress record is reconciled before anything else (115.307495ms)
✔ step 2: an open escalation is presented and nothing else happens (83.710808ms)
✔ an answered escalation is not open (532.369954ms)
✔ step 3: a decision with no realized-by is built, first by name (DEC-007) (99.892912ms)
✔ a superseded decision with no realized-by is not work (122.428051ms)
✔ step 6: a mechanism that has never run is run, not implemented (LOOP-008) (153.080203ms)
✔ step 6: a requirement whose mechanism fails is implemented (482.888394ms)
✔ step 6 before step 7: failing evidence outranks a missing mechanism (313.293236ms)
✔ step 7: a requirement with no mechanism is declared (LOOP-106) (87.694669ms)
✔ every verdict names who acts: Resolvable is the agent's, Done needs nobody, Escalate waits for the developer (LOOP-004) (571.300902ms)
✔ malformed roadmap is Resolvable, not fatal (LOOP-005) (53.177204ms)
✔ a commitment naming no requirements is Resolvable (LOOP-018) (53.539409ms)
✔ the primary test: two wakes on the same checkout give the same action, before and after a persisted transition (LOOP-001, LOOP-003) (547.729302ms)
✔ outside a cairn repository wake cannot run (38.623131ms)
✔ the loop never waits on the review queue (DEC-015) (339.671558ms)
✔ twenty built records cost one git call to resolve, not twenty (DEC-023) (175.522109ms)
✔ an ambiguous Realized by identifier is the repair that says lengthen it, not a build (LOOP-113, DEC-023) (180.332116ms)
✔ the linked walkthrough runs from agreement through the next commitment (PKG-016) (1390.890374ms)
ℹ tests 533
ℹ suites 0
ℹ pass 533
ℹ fail 0
ℹ cancelled 0
ℹ skipped 0
ℹ todo 0
ℹ duration_ms 47691.933544
