✔ a Draft block overrides an Agreed file for both wake and check (SPEC-018) (213.013166ms)
✔ an Agreed block overrides a Draft file in the kernel and lint (SPEC-018, SPEC-002) (642.233762ms)
✔ a block Status does not become the file default, including inside examples (SPEC-018) (428.323567ms)
✔ block status without a value does not inherit Agreed by accident (SPEC-018) (114.668184ms)
✔ inheritance needs a file Scope and includes only Agreed blocks, regardless of prefix (PKG-015) (2007.575283ms)
✔ Scope inside a requirement or fenced example does not declare inheritance (PKG-015) (831.510343ms)
✔ a falsifier wrapped onto a line beginning with Status: does not become the block's status (SPEC-018) (2.739421ms)
✔ LOOP-063: reject input mutation during a check and retain diagnostics (503.625046ms)
✔ LOOP-063: reject deletion mutation during a check and retain diagnostics (414.532343ms)
✔ LOOP-063: reject addition mutation during a check and retain diagnostics (482.629719ms)
✔ LOOP-063: reject mode mutation during a check and retain diagnostics (484.915161ms)
✔ LOOP-063: reject specification mutation during a check and retain diagnostics (459.69136ms)
✔ LOOP-063: reject declaration mutation during a check and retain diagnostics (435.975032ms)
✔ LOOP-063: reject commit mutation during a check and retain diagnostics (461.067004ms)
✔ LOOP-063: committed input mutation during execution cannot certify the replacement (373.897033ms)
✔ LOOP-064: removing executable permission makes passing evidence stale (536.894242ms)
✔ LOOP-064: a mode-only change also invalidates the previous review after new evidence (730.222431ms)
✔ LOOP-064: changing a regular file into a link with identical identity bytes is stale (763.961642ms)
✔ LOOP-063: an unchanged candidate still records a pass despite unrelated working-tree edits (177.959099ms)
✔ LOOP-064: current and historical input ordering agrees for Unicode filenames (282.348661ms)
✔ LOOP-063: Git status hiding content changes cannot certify an uncommitted candidate (112.985723ms)
✔ LOOP-066: one check owns execution with a kernel action record (559.668775ms)
✔ LOOP-066: one check owns execution with an agent action record (497.556292ms)
✔ LOOP-066: a live lock is named and never silently overwritten (166.861375ms)
✔ LOOP-066: a dead lock is named and never silently overwritten (150.640276ms)
✔ LOOP-066: a incomplete lock is named and never silently overwritten (156.907019ms)
✔ LOOP-066: an execution error releases the check lock for a corrected rerun (635.525397ms)
✔ LOOP-066: a live kernel action from an older Cairn also blocks execution (93.227324ms)
✔ LOOP-066: separate Git worktrees can run checks independently (579.025149ms)
✔ after a green check --stale runs nothing; after one input changes it runs only that mechanism (LOOP-094) (1058.021787ms)
✔ a mechanism speaking for two stale requirements runs once and refreshes both (LOOP-094, LOOP-040) (718.344876ms)
✔ a fresh failure and an unverified result are skipped with implement named (LOOP-094) (770.479919ms)
✔ --stale with a requirement identifier is refused (LOOP-094) (81.932568ms)
✔ check refuses a dirty declared input and names it; a dirty undeclared file does not block (LOOP-030) (474.590021ms)
✔ check writes one receipt per run carrying the full record and a result line per requirement (LOOP-097) (300.102123ms)
✔ a nonzero exit records fail, and the receipt keeps the exit code (LOOP-034) (371.829487ms)
✔ two checks write two records; nothing is overwritten or deleted (LOOP-025) (773.594832ms)
✔ a commit changing a declared input makes evidence stale; an undeclared one does not (LOOP-007) (929.53015ms)
✔ a regression is named before a requirement that never passed (LOOP-031) (1039.861841ms)
✔ three attempts with no escalation since: wake says escalate, not a fourth (DEC-016, DEC-017, DEC-018) (2019.935877ms)
✔ the review gate: no review, stale review, open finding, then Done (LOOP-020, LOOP-033) (865.927084ms)
✔ Done is refused while any requirement lacks current passing evidence (LOOP-017) (74.421231ms)
✔ check names a requested requirement that no mechanism claims (94.62093ms)
✔ check writes and clears an in-progress record around the run (LOOP-021) (162.557946ms)
✔ a linked declared input digests the same at a commit and in the tree (LOOP-023, LOOP-024) (367.251275ms)
✔ a result line is the mechanism's statement about one requirement; what it did not mention is unverified (LOOP-037, LOOP-052) (166.659736ms)
✔ a mechanism that says nothing is read by its exit code for every requirement (LOOP-039) (176.683244ms)
✔ unverified is not an attempt, and a return to an earlier failed digest counts once (DEC-017, DEC-018) (1534.080523ms)
✔ a result line for a requirement the mechanism does not speak for is named and writes nothing (LOOP-038) (180.824874ms)
✔ a result line inside ordinary output, or without the marker, does not count (172.381105ms)
✔ a targeted check runs the named requirements' mechanisms and records every requirement they speak for (LOOP-040) (174.832411ms)
✔ two result lines for one requirement: a fail on any line wins (162.477858ms)
✔ three runs at one digest with no attempt since: the verdict stays implement and names DEC-019; an escalation naming it among others clears the hint (DEC-019, LOOP-053) (861.966279ms)
✔ a complete commitment with an unpromoted backlog item names promote, and a stamped item lets it reach Done (LOOP-087) (1024.483887ms)
✔ an empty backlog with waiting next-iteration items is Done, with the count as information and no action on them (LOOP-091) (1001.456759ms)
✔ a promotion marker must resolve to a decision record (LOOP-088) (323.583839ms)
✔ a commitment promoted from an item needs a decision record naming the item (LOOP-088) (333.1341ms)
✔ the spec lint reports a promotion marker with no decision record (LOOP-088) (79.262972ms)
✔ a promoted commitment that changes an Agreed requirement or the working agreement is an escalation; an unpromoted one is not (LOOP-089, LOOP-090) (1639.530316ms)
✔ a capture from one of the commitment's own requirements needs Outside because: or an escalation (LOOP-092) (1453.281225ms)
✔ a next-iteration item names what it would change, and the capture refuses one that does not (LOOP-093) (370.68353ms)
✔ a commitment specified from a next-iteration item needs the item stamped before anything else (SPEC-027) (429.227014ms)
✔ a by deference marker resolves to a decision record like a promotion marker (SPEC-002, LOOP-088) (172.571394ms)
✔ the LOOP-090 gate reads the Concerns line, not the slug as a substring (LOOP-114) (520.839686ms)
✔ the LOOP-088 check reads the Promotes line, and decide --promotes writes it (LOOP-115) (203.921029ms)
✔ the activation commit of a promoted commitment is inside the LOOP-089 comparison (LOOP-116) (131.735117ms)
✔ the LOOP-090 route needs one escalation: its Concerns line covers the moved item too (LOOP-119, LOOP-092, LOOP-114) (602.876362ms)
✔ an escalation raised before the promoted commitment began does not silence the LOOP-090 gate (LOOP-114) (291.090481ms)
✔ an escalation raised before the commitment began does not silence the capture gate (LOOP-119) (308.487445ms)
✔ the activation commit is inside the scope footprint (LOOP-120) (98.886633ms)
✔ a requirement Agreed at activation that is demoted or removed is a contract change (LOOP-121) (544.219181ms)
✔ the include files are the root files that hold @AGENTS.md: exempt from the footprint, compared by the gate (LOOP-122) (1027.665271ms)
✔ a superseded promotion no longer satisfies the LOOP-088 check, and the repair says the promotion was reversed (LOOP-123) (443.212872ms)
✔ the restore route measures from the tree before activation, so a path the activation commit added must go (LOOP-120, LOOP-035) (167.731299ms)
✔ every requirement the node-test declaration speaks for is named in a test title (PKG-025) (3.002321ms)
✔ every repository path the tests read is a declared input of node-test (PKG-026) (0.943017ms)
✔ writes a record with every required field and an empty realized-by (DEC-001, DEC-005) (79.765635ms)
✔ a Consequential decision is queued for review (DEC-004, DEC-013) (83.578851ms)
✔ a Consequential decision is queued even when .cairn/queue does not exist yet (83.78713ms)
✔ Routine is refused: routine decisions produce no record (85.701939ms)
✔ a missing field is a usage error and nothing is written (89.530984ms)
✔ supersedes requires a classified cause, and the old record must exist (186.689373ms)
✔ an existing record is not overwritten (175.64163ms)
✔ a queued decision stays queued; nothing but the developer removes it (DEC-014) (221.759066ms)
✔ LOOP-006, LOOP-067: missing inputs names a declaration repair before execution (203.020496ms)
✔ LOOP-006, LOOP-067: empty inputs names a declaration repair before execution (206.368468ms)
✔ LOOP-006, LOOP-067: missing command names a declaration repair before execution (143.664016ms)
✔ LOOP-006, LOOP-067: list command names a declaration repair before execution (157.905686ms)
✔ LOOP-006, LOOP-067: empty command names a declaration repair before execution (162.077711ms)
✔ LOOP-006, LOOP-067: missing requirements names a declaration repair before execution (151.704933ms)
✔ LOOP-006, LOOP-067: bad identifier names a declaration repair before execution (176.647129ms)
✔ LOOP-067: scalar one-item lists retain their existing meaning (348.697235ms)
✔ LOOP-068: a unpopulated gitlink is refused by name (258.655217ms)
✔ LOOP-068: a populated gitlink is refused by name (278.552746ms)
✔ LOOP-069: identical selections across 100 mechanisms use at most 20 Git processes (163.337157ms)
✔ escalate writes the six-line format followed by its facts, and wake presents it (LOOP-010, LOOP-026) (157.238223ms)
✔ a missing or multi-line field is refused with the field named, and nothing is written (LOOP-012) (182.388604ms)
✔ a Blocking escalation that fails the format is written anyway, naming the malformed field (LOOP-013) (135.613363ms)
✔ a --level other than Blocking is refused rather than silently losing the bypass (DEC-002) (87.541468ms)
✔ a second escalation while one is open is refused (LOOP-011) (131.89137ms)
✔ answer records the reply; wake no longer presents it; a second answer is refused (297.102193ms)
✔ answer to an unknown escalation is refused (83.500463ms)
✔ a stranger resumes from the file alone: question and answer are both in it (LOOP-014) (158.37098ms)
✔ after an answer, the same concern can be escalated again under a new name (226.128145ms)
✔ an escalation exists when its file does, committed or not (LOOP-009) (103.169227ms)
✔ developer answers require one of the three forms and cannot inject fields (LOOP-048) (825.367942ms)
✔ ask, agent explanation, another ask, and ok stay ordered in one file (LOOP-049, LOOP-050, LOOP-014) (892.065905ms)
✔ fresh closed answers accompany only concerned requirements until new evidence (LOOP-051) (832.941167ms)
✔ a raised escalation carries no derivable status line, and an old record with one still parses (LOOP-028) (182.13521ms)
✔ LOOP-065: delete of output refuses Done and a new run recovers (1335.134977ms)
✔ LOOP-065: corrupt of output refuses Done and a new run recovers (1471.895427ms)
✔ LOOP-065: delete of stderr_output refuses Done and a new run recovers (1047.080487ms)
✔ LOOP-065: corrupt of stderr_output refuses Done and a new run recovers (882.484476ms)
✔ LOOP-065: a receipt without output needs a new check (467.142654ms)
✔ LOOP-065: a receipt without output_digest needs a new check (399.486893ms)
✔ LOOP-065: a receipt without stderr_output needs a new check (391.725026ms)
✔ LOOP-065: a receipt without stderr_digest needs a new check (366.047428ms)
✔ LOOP-065: legacy unverifiable output is rerun without rewriting history (635.759283ms)
✔ a fresh record names the kernel that wrote it (LOOP-023) (291.610684ms)
✔ LOOP-095: a record from another kernel is stale with the kernel named, and a new check restores Done (658.905252ms)
✔ LOOP-095: a record from no kernel is stale with the kernel named, and a new check restores Done (637.608913ms)
✔ LOOP-070: a later failure is latest even when the clock moves backward (1027.422813ms)
✔ LOOP-070: receipt collisions at one clock instant retain execution order beyond nine suffixes (3797.516777ms)
✔ LOOP-070: imported branch receipts stale a later sequence until a new check incorporates them (1046.335431ms)
✔ LOOP-070, LOOP-098: legacy receipts need one ordered check and remain byte-for-byte unchanged (443.173672ms)
✔ LOOP-070: edit of a prior receipt requires fresh evidence (434.585658ms)
✔ LOOP-070: remove of a prior receipt requires fresh evidence (429.921719ms)
✔ LOOP-075: supporting evidence file README.md does not become a receipt (472.931137ms)
✔ LOOP-075: supporting evidence file notes.txt does not become a receipt (484.775544ms)
✔ LOOP-075: supporting evidence file support does not become a receipt (483.232208ms)
✔ LOOP-075: supporting evidence file .DS_Store does not become a receipt (476.173854ms)
✔ LOOP-075: a malformed result line (result=success) names a repair before execution (316.46462ms)
✔ LOOP-075: a malformed result line (sequence=NaN) names a repair before execution (325.108087ms)
✔ LOOP-075: a malformed result line (sequence=9007199254740992) names a repair before execution (334.043171ms)
✔ LOOP-075: a malformed result line (history_digest=wrong) names a repair before execution (319.542588ms)
✔ LOOP-075: a malformed result line (tokens) names a repair before execution (326.132159ms)
✔ LOOP-075: a receipt-shaped directory is a named repair instead of an EISDIR crash (270.951051ms)
✔ LOOP-070: an earlier escalation cannot cover three new attempts after clock rollback (951.280384ms)
✔ LOOP-070: an answer becomes old after a later check even if that check's timestamp is earlier (773.643324ms)
✔ LOOP-070: the newest answer wins between checks even when its clock timestamp is older (375.96952ms)
✔ LOOP-070: legacy escalation dates cover old receipts but not three newer sequenced runs (1232.814172ms)
✔ a PKG requirement the commitment does not name is declared, run, and gates Done (PKG-011) (1951.717212ms)
✔ a PKG requirement in a Draft spec is not folded in (558.491675ms)
✔ LOOP-076, LOOP-079: stale inputs identify the receipt and the check to run (719.593485ms)
✔ LOOP-077: names a content change using checked input identity (758.931144ms)
✔ LOOP-077: names a mode change using checked input identity (815.016259ms)
✔ LOOP-077: names a kind change using checked input identity (705.749636ms)
✔ LOOP-077: names a added change using checked input identity (657.616186ms)
✔ LOOP-077: names a removed change using checked input identity (620.03076ms)
✔ LOOP-077: names a link-target change using checked input identity (709.844393ms)
✔ LOOP-077: changed selection compares the old and new input sets (442.034943ms)
✔ LOOP-077: raw CRLF changes remain visible when Git-clean content agrees (403.457388ms)
✔ LOOP-077: detail output is sorted, bounded, and reports the omitted count (387.736487ms)
✔ LOOP-077: filenames cannot inject lines or terminal controls into explanations (370.222645ms)
✔ LOOP-077: receipts from one run share details and do not store source contents (275.25581ms)
✔ LOOP-078, LOOP-080: legacy optional detail limits explanation without changing standing (476.69743ms)
✔ LOOP-078, LOOP-080: invalid-field optional detail limits explanation without changing standing (459.642233ms)
✔ LOOP-078, LOOP-080: missing optional detail limits explanation without changing standing (495.122821ms)
✔ LOOP-078, LOOP-080: invalid-json optional detail limits explanation without changing standing (447.78432ms)
✔ LOOP-078, LOOP-080: mismatched optional detail limits explanation without changing standing (461.228045ms)
✔ LOOP-078, LOOP-080: duplicate optional detail limits explanation without changing standing (463.173827ms)
✔ LOOP-078, LOOP-080: unsafe-path optional detail limits explanation without changing standing (445.55566ms)
✔ LOOP-078, LOOP-080: directory optional detail limits explanation without changing standing (459.575344ms)
✔ LOOP-078, LOOP-080: symlink optional detail limits explanation without changing standing (449.521329ms)
✔ LOOP-078: unavailable old requirement text is not claimed as a proven change (353.562572ms)
✔ LOOP-076, LOOP-079: changed requirements identify evidence and retain review-before-check guidance (370.666818ms)
✔ LOOP-078: simultaneous input and output damage keep both reasons (474.538344ms)
✔ LOOP-080: deterministic freshness sequence seed=7 (8802.800094ms)
✔ LOOP-080: deterministic freshness sequence seed=42 (5880.000084ms)
✔ LOOP-080: deterministic freshness sequence seed=913 (4768.801013ms)
✔ LOOP-080: agreement changes, mechanism review, checks, and completion review retain priority (1126.970727ms)
✔ LOOP-080: imported receipt history demands a rerun without a false input explanation (1123.644182ms)
✔ LOOP-073: clean CRLF input completes under attributes (602.364209ms)
✔ LOOP-073: clean CRLF input completes under autocrlf (641.589636ms)
✔ LOOP-073: raw line-ending mutation during a run is rejected even when Git still sees the same content (267.517437ms)
✔ LOOP-073: execution evidence changes when clean conversion preserves committed identity (1172.597016ms)
✔ LOOP-073: Git clean filters use Git's conversion while retaining raw evidence identity (597.743352ms)
✔ LOOP-073: failure of a required Git filter cannot record evidence (148.285509ms)
✔ LOOP-073: a clean filter moving HEAD during ending validation prevents evidence (344.945367ms)
✔ LOOP-073: canonical Git identities handle links without reading their targets (504.067353ms)
✔ LOOP-073: Git conversion keeps raw Unicode and control-character input paths (340.11901ms)
✔ LOOP-073: conversion and links work in a SHA-256 Git repository (392.655436ms)
✔ LOOP-074: historical specification filename "café.md" remains reviewable (364.763789ms)
✔ LOOP-074: historical specification filename "spec\ttab.md" remains reviewable (304.537685ms)
✔ LOOP-074: historical specification filename "spec\nline.md" remains reviewable (319.824271ms)
✔ help works outside a repository without running a command (PKG-017) (1041.274169ms)
✔ help does not hide invalid options or consume literal arguments (193.241258ms)
✔ help lists the lint command (PKG-028, PKG-017) (51.813396ms)
✔ the stop hook refuses a stop while wake says Resolvable, with the verdict as the reason (PKG-018) (191.711724ms)
✔ the stop hook allows a stop at Done, at Escalate, and outside a Cairn repository (PKG-018) (1084.730715ms)
✔ the session-start hook links the command once and prints the verdict in a Cairn repository (PKG-019, PKG-014, PKG-005) (546.283133ms)
✔ the session-start hook prints no verdict outside a Cairn repository and leaves an existing link that resolves alone (PKG-019) (70.248129ms)
✔ a checkout under a path with a space links a command that resolves, and its stop hook still blocks (PKG-019, PKG-021) (395.872388ms)
✔ the hooks run the kernel the command link resolves to, so hook and agent share one referee (PKG-021, LOOP-096) (1132.861216ms)
✔ a dangling link is replaced and reported (PKG-019) (148.798203ms)
✔ errors exit 0 with one line on standard error and no stack trace (PKG-022) (92.748007ms)
✔ cairn lint runs the checker over docs/spec by default and over a named directory (PKG-028) (230.819462ms)
✔ cairn lint names a missing directory in one line, takes one argument, and reports a bad root (PKG-028) (248.300529ms)
✔ three megabytes are retained exactly once with matching digests (LOOP-041, LOOP-042) (389.445686ms)
✔ split stdout result lines survive a long non-result line; stderr is never a verdict (355.612506ms)
✔ signal termination is recorded and logs survive a clone (LOOP-043) (401.554749ms)
✔ working agreements and ignore changes are Cairn records inside the footprint (440.370254ms)
✔ a clean package passes (103.812955ms)
✔ PKG-001: a dependency, or a service manifest (198.791172ms)
✔ PKG-002: ignoring evidence or other durable state (81.054228ms)
✔ PKG-003: a command, a directory, or a record kind no decision names (212.606067ms)
✔ PKG-004: a kernel over 1500 lines (100.149573ms)
✔ PKG-006: a skill step naming a vendor's product (90.552017ms)
✔ PKG-008: a non-ASCII character in a tracked text file (69.63384ms)
✔ PKG-009: the kernel importing from tests (90.349702ms)
✔ PKG-012: a network call or a model vendor in the kernel (162.719245ms)
✔ PKG-013: deferral language, but not in code, quotes, or a rule (196.162401ms)
✔ a tracked path deleted from the working tree is skipped, not a crash (99.48712ms)
✔ a sentence in a Formats section is not a record kind (93.761379ms)
✔ a record kind named by its path alone is checked (88.394622ms)
✔ PKG-002: a tracked in-progress record (102.276156ms)
✔ PKG-002: ignoring evidence alone is a finding (110.308434ms)
✔ PKG-003 reads the kernel's commands from its help output (PKG-023) (142.725267ms)
✔ the ASCII scan covers shipped files, not records under .cairn/ (PKG-024) (83.354632ms)
✔ a vendor-naming step wrapped across lines is matched (PKG-006, PKG-027) (83.623572ms)
✔ PKG-013 scans the README, the manual, and the walkthrough (PKG-032) (243.711205ms)
✔ LOOP-071: decision body metadata does not resolve unbuilt work: "Superseded by: example" (675.253234ms)
✔ LOOP-071: decision body metadata does not resolve unbuilt work: "```text\nSuperseded by: example\n```" (800.979844ms)
✔ LOOP-071: decision body metadata does not resolve unbuilt work: "~~~text\nSuperseded by: example\n~~~" (834.417866ms)
✔ LOOP-071: a fenced realization example is not a resolving commit (677.96788ms)
✔ LOOP-071: a fenced commit inside the realization section is not built (622.240616ms)
✔ LOOP-071: ## Example cannot replace an open review finding (570.115281ms)
✔ LOOP-071: # Example cannot replace an open review finding (461.514535ms)
✔ LOOP-071: ### Example cannot replace an open review finding (477.438377ms)
✔ LOOP-071:   ## Example cannot replace an open review finding (409.104677ms)
✔ LOOP-071: Example paragraph. cannot replace an open review finding (386.609487ms)
✔ LOOP-071: Example
------- cannot replace an open review finding (382.029497ms)
✔ LOOP-071: fenced fields before a real review header are ignored (376.321742ms)
✔ LOOP-071: multiline decision --title cannot inject metadata (290.930772ms)
✔ LOOP-071: multiline decision --decided-by cannot inject metadata (292.536026ms)
✔ LOOP-071: multiline decision --rests-on cannot inject metadata (334.693631ms)
✔ LOOP-071: multiline decision --wrong-if cannot inject metadata (311.039686ms)
✔ LOOP-071: multiline decision --history cannot inject metadata (304.662025ms)
✔ LOOP-072: malformed Blocking concerns stay open: "R-001\nAnswer: ok" (82.819078ms)
✔ LOOP-072: malformed Blocking concerns stay open: "R-001\r\nAnswer: ok" (73.9987ms)
✔ LOOP-072: malformed Blocking concerns stay open: "R-001\rAnswer: ok" (92.55808ms)
✔ LOOP-072: malformed Blocking concerns stay open: "R-001 Answer: ok" (90.295614ms)
✔ LOOP-072: malformed Blocking concerns stay open: "R-001 Answer: ok" (69.064106ms)
✔ LOOP-072: ordinary malformed concerns are refused: "R-001\nR-002" (36.022176ms)
✔ LOOP-072: ordinary malformed concerns are refused: "R-001, prose" (35.47861ms)
✔ LOOP-072: ordinary malformed concerns are refused: " " (50.721726ms)
✔ LOOP-072: a Blocking escalation without concerns is still presented (95.520688ms)
✔ LOOP-072: carriage returns in a Blocking question do not create answer records (80.446712ms)
✔ LOOP-072: explanation separator 8232 cannot close an escalation (144.452629ms)
✔ LOOP-071: decision metadata refuses separator 8232 (287.273332ms)
✔ LOOP-072: explanation separator 8233 cannot close an escalation (158.208645ms)
✔ LOOP-071: decision metadata refuses separator 8233 (300.238073ms)
✔ Concerns, Rests on, and Promoted from written as lists read as the flat form (LOOP-124) (685.372019ms)
✔ an item named by filename, path, or backticked slug resolves like the slug (LOOP-125) (642.252198ms)
✔ an input that covers Cairn's own output is named as the repair, before and after a check (LOOP-126, LOOP-105) (773.828953ms)
✔ an unreadable record directory is a repair, not an error exit (LOOP-127) (89.108647ms)
✔ a title that slugifies to nothing is refused (LOOP-128) (159.945482ms)
✔ examined: [] is an empty list (LOOP-129, LOOP-108) (548.065235ms)
✔ below the Git toplevel the restore check compares root-relative paths (LOOP-130, LOOP-035) (494.922782ms)
✔ a Consequential record this commitment added needs its queue entry committed (LOOP-131, DEC-004) (555.924277ms)
✔ a mechanism that removes the check lock still gets its evidence, with no repair for the lock (LOOP-107) (261.444097ms)
✔ a staged rename reads as its two paths, never as a bare origin token (LOOP-030, LOOP-110) (106.633919ms)
✔ a Current: line inside a fenced example is not a second Current: line (LOOP-104) (98.583289ms)
✔ a Status: word is taken only from a line that carries one, never from wrapped prose after it (SPEC-018) (0.924196ms)
✔ an unmatched input is refused before execution (LOOP-044) (189.082934ms)
✔ an indexed input deleted on disk asks for a commit (LOOP-045) (176.873998ms)
✔ wake and check require a Git working tree (LOOP-046) (116.486999ms)
✔ recovery removes only dead kernel run records and identifies a live owner (LOOP-054, LOOP-055) (387.46796ms)
✔ an agent action based behind a clean HEAD appears committed (LOOP-027) (242.642412ms)
✔ realization needs a real commit and a subject (DEC-006) (336.304301ms)
✔ 1500 binary inputs digest identically at the review commit in under a second (LOOP-024) (1761.780361ms)
✔ merged work is excluded but a later own commit is a breach (LOOP-047) (264.001143ms)
✔ exact Current tenure ignores prefix matches and earlier visits to the same slug (LOOP-035) (261.580396ms)
✔ a kernel run records its supervising PID (LOOP-054) (272.60845ms)
✔ a merged declared input still stales evidence (LOOP-047) (382.920718ms)
✔ wildcard and magic pathspecs select the same historical inputs (LOOP-024, LOOP-032) (1864.678766ms)
✔ historical selection retains deleted files and excludes new ones (LOOP-024, LOOP-035) (1136.731732ms)
✔ explicit reporting with no lines and exit 0 establishes no requirement verdicts (LOOP-061) (466.332078ms)
✔ explicit reporting with no lines and exit 1 establishes no requirement verdicts (LOOP-061) (442.031139ms)
✔ a reporter that cannot start keeps execution diagnostics without blaming requirements (LOOP-062) (339.307652ms)
✔ large output cannot kill a reporter or invent a requirement verdict (438.194755ms)
✔ explicit mode ignores cairn: R-999: pass (340.646211ms)
✔ explicit mode ignores cairn: R-001: unverified (407.853736ms)
✔ explicit mode ignores cairn: R-001: passed (342.278887ms)
✔ explicit results survive nonzero exit and contradictory duplicates still fail (618.292836ms)
✔ unverified results across changed inputs never become failed attempts (1375.35084ms)
✔ legacy exit 0 retains its interpretation (216.603969ms)
✔ legacy exit 1 retains its interpretation (219.04198ms)
✔ a misspelled reporting mode is refused before execution (94.576111ms)
✔ changed requirement blocks unchecked reruns and makes the completion review stale (LOOP-058, LOOP-059) (1942.375126ms)
✔ falsifier changes need review; separate rationale and other requirements do not change a receipt (1412.937616ms)
✔ legacy receipts recover requirement identity from their commit; unavailable history requires review (897.694837ms)
✔ check refuses uncommitted requirement text and mechanism review markers (707.066817ms)
✔ tightened response limit cannot reuse the old passing check (1196.694117ms)
✔ a declared input over 1 MiB agrees at a commit and in the tree (LOOP-060) (419.236971ms)
✔ a failed Git blob read cannot be hashed as an empty blob (349.037453ms)
✔ Git listings over 1 MiB include the last declared input (2329.058672ms)
✔ requirement identity excludes fenced examples and status dates (452.966842ms)
✔ DemonCoder REM-002 and Status in progress cannot silently satisfy the review gate (LOOP-086) (1025.667959ms)
✔ valid open findings retain their behavior (646.160241ms)
✔ valid resolved findings retain their behavior (648.674858ms)
✔ valid empty findings retain their behavior (561.366622ms)
✔ valid mixed valid findings retain their behavior (535.838181ms)
✔ malformed finding "open:" requires repair (399.039238ms)
✔ malformed finding "resolved:   " requires repair (430.52358ms)
✔ malformed finding "Open: incorrect case" requires repair (331.289021ms)
✔ malformed finding "unknown: issue" requires repair (334.057714ms)
✔ malformed finding "\u001b[31mBAD: issue" requires repair (315.665146ms)
✔ the established explicit empty findings list remains valid (296.779801ms)
✔ a scalar findings value requires the supported list format (287.937996ms)
✔ a Requirements: line written as a list is read like the flat form (LOOP-102) (142.471893ms)
✔ a subdirectory or a README in a record directory changes nothing (LOOP-103) (594.885013ms)
✔ two Current: lines are a roadmap repair (LOOP-019, LOOP-104) (91.021173ms)
✔ a repeated identifier, an input under the evidence directory, and a missing cwd are refused by name (LOOP-105) (549.113888ms)
✔ a requirement whose evidence outlives its mechanism is named declare, not a regression or an escalation (LOOP-106) (1273.390249ms)
✔ an unreadable record is a repair, not an error exit (LOOP-107) (108.046514ms)
✔ a review needs commit, a nonempty examined list, and a findings list, each named when missing (LOOP-108) (1026.274941ms)
✔ a decision record missing a header field or naming a missing predecessor is a repair (LOOP-109) (357.86216ms)
✔ a dirty declared input with no in-progress record is named record ahead of run (LOOP-022, LOOP-110) (251.42176ms)
✔ with core.filemode false the index mode is the identity, so a mode-only difference does not refuse the check (LOOP-111) (188.366292ms)
✔ a project below the Git toplevel can run check (LOOP-112) (243.826498ms)
✔ a shallow clone names history to fetch, not a decision to build (LOOP-113) (147.316413ms)
✔ record-writing commands refuse to run outside a Cairn repository and write nothing (LOOP-118, LOOP-046) (254.847764ms)
✔ empty footprint names declaration before scope and records no evidence (LOOP-081) (620.329198ms)
✔ first declaration still checks the full earlier history (LOOP-081) (422.889516ms)
✔ an empty current footprint does not block an explicitly requested existing mechanism (LOOP-081) (342.224508ms)
✔ an inherited mechanism provides a footprint even before local mechanisms exist (351.527137ms)
✔ scope reports every path, escapes line breaks, and gives identical remedies (LOOP-082) (338.85466ms)
✔ scope verdict reuses the answered-escalation annotation (LOOP-048, LOOP-051, LOOP-083) (806.565306ms)
✔ a committed scope acknowledgment lets restored history proceed (LOOP-083) (813.954177ms)
✔ scope acknowledgment must be committed before it can clear a breach (705.30147ms)
✔ ordinary ok does not acknowledge scope history (295.355423ms)
✔ scope escalation refuses unrestored paths and names the restoration remedy (285.868481ms)
✔ an invalid scope request still records an explicitly Blocking decision (153.963619ms)
✔ ask and explanation stay open; only the final committed ok acknowledges scope (662.862744ms)
✔ instead is visible but does not silently authorize a scope exception (342.78913ms)
✔ later changes to an acknowledged path still block, including later reverts (1074.079362ms)
✔ approval cannot hide another path changed after the snapshot (379.424968ms)
✔ acknowledged history remains conditional on the paths staying restored (523.400566ms)
✔ editing the scope snapshot after answer invalidates its acknowledgment (266.453239ms)
✔ malformed scope metadata cannot suppress a breach (1427.808104ms)
✔ damaged acknowledgment fields cannot suppress a breach (544.229079ms)
✔ scope path matching is literal, including wildcard filenames and control characters (516.058966ms)
✔ scope acknowledgment does not carry into another activation of the same slug (291.693404ms)
✔ restoration checks additions, deletions, executable modes, and symlink kinds (1625.006718ms)
✔ explicit committed retention keeps correct work and requires new evidence and review (LOOP-084, LOOP-085) (2522.525034ms)
✔ a missing declaration covers correct earlier work without retention or revert (628.235366ms)
✔ keep requires scope and an unchanged committed candidate (222.971748ms)
✔ uncommitted retention and instead answers cannot clear the incident (1134.464277ms)
✔ retention does not grant future edits, even when reverted to the approved tree (1271.744972ms)
✔ retention cannot cover another path or another activation (522.16336ms)
✔ imported changes must still match the retained tree (558.801673ms)
✔ retention handles additions, deletions, modes, symlinks, and literal filenames (1807.18472ms)
✔ retention cannot convert an existing restoration answer or accept an unknown mode (428.65216ms)
✔ a check failure after retention remains a failure (662.732995ms)
✔ retained paths stay part of the stable checked candidate without extending its footprint (584.477502ms)
✔ retention ask needs an explanation and final committed approval (556.204352ms)
✔ an unknown scope mode remains invalid even with a matching approval digest (280.943343ms)
✔ backlog writes the item; a second with the same title is refused, never overwritten (LOOP-016) (156.335513ms)
✔ a commit inside the footprint: check runs; outside it: check names the path and does not run (LOOP-015, LOOP-035) (623.577882ms)
✔ Cairn's records are never a breach; another file under docs/ is (LOOP-117) (751.22903ms)
✔ declaring the path as an input clears the breach (360.868301ms)
✔ a revert preserves the record of an out-of-scope commit (LOOP-047) (410.16578ms)
✔ a commitment naming a requirement the spec set does not hold as Agreed is repaired (LOOP-029) (120.819458ms)
✔ a requirement in a Draft spec file is not Agreed (105.306747ms)
✔ working agreements and the ignore file are Cairn records (LOOP-035, LOOP-036) (539.719647ms)
✔ the over-asking rule is gone from both skills (SPEC-005, SPEC-006, SPEC-007) (1.384237ms)
✔ a decision during the phase is recorded (DEC-003) (0.152609ms)
✔ understanding is restated before writing (SPEC-003) (0.104279ms)
✔ falsifiers are proposed as one set and confirmed by exception (SPEC-004) (0.267854ms)
✔ depth is inferred and domains derived, never asked or imposed (SPEC-008, SPEC-009) (0.142814ms)
✔ a term enters the glossary at first occurrence (SPEC-010) (0.078229ms)
✔ the phase ends at the first commitment, and later ones are specified during the loop (SPEC-011, SPEC-012) (0.166004ms)
✔ a requirement goes Agreed only with a nameable mechanism (SPEC-013) (0.078427ms)
✔ review before agreement, recording what it attacked (SPEC-014, SPEC-015) (0.974214ms)
✔ no spec file without requirements; nothing Agreed without a falsifier (SPEC-001, SPEC-002) (0.345933ms)
✔ Observed is marked, and is not contract (SPEC-016, SPEC-017) (0.348198ms)
✔ the skills exclude artifacts outside Cairn's workflow (0.146234ms)
✔ the working agreement names the agent's move for each verdict and the write-ahead record (LOOP-036) (0.44716ms)
✔ the working agreement names the developer's moves (LOOP-036, DEC-014) (0.097761ms)
✔ this repository runs by the file it ships (0.306588ms)
✔ both skills write the working agreement without naming a vendor's file (LOOP-002, LOOP-036, PKG-006) (0.205955ms)
✔ the working agreement says what an attempt is (LOOP-036, DEC-017, DEC-018) (0.075323ms)
✔ the working agreement says a failure no footprint change can address is an escalation, and where an inherited requirement is repaired (DEC-019, LOOP-057) (0.070272ms)
✔ the working agreement states the promote, next-iteration, and no-deferral moves (LOOP-029, LOOP-087, LOOP-091, LOOP-092) (0.086896ms)
✔ both skills sort captures into the backlog or next-iteration and forbid deferral (LOOP-029, LOOP-092, LOOP-093) (0.068807ms)
✔ the skill requires a falsifier on every requirement, a MAY included (SPEC-025) (0.048977ms)
✔ the working agreement names the hooks as optional and the install skill registers them for two harnesses (PKG-006, PKG-018, PKG-019) (0.181169ms)
✔ the working agreement says the kernel is upgraded at Done, never inside a commitment (LOOP-096) (0.052059ms)
✔ the next-iteration skill starts from the specification and ends by naming the next commitment (SPEC-026, SPEC-027) (0.210233ms)
✔ every document that names the project skills names next-iteration beside them (SPEC-026, PKG-014) (2.717862ms)
✔ the working agreement states a move for every action the kernel can name (LOOP-101) (0.922318ms)
✔ the working agreement states both record formats and the two flags the moves need (LOOP-036) (0.154889ms)
✔ the skills demonstrate a safe violating example and preserve recon findings (SPEC-022, SPEC-023) (0.071725ms)
✔ the specification skills run the checker through the cairn command (PKG-029) (0.778464ms)
✔ the README invokes the phase skills by name and states versions and platforms (PKG-030, PKG-031) (0.354856ms)
✔ the manual and the walkthrough say the loop promotes backlog items at Done (LOOP-087) (0.585262ms)
✔ a two-obligation sentence is named (PKG-007) (55.341992ms)
✔ an obligation with no actor is named (PKG-010) (64.674869ms)
✔ a leading condition clause is not the actor, and the actor after it counts (40.258704ms)
✔ an Agreed requirement with no falsifier is named (SPEC-002); a Draft one is not (82.846945ms)
✔ prose after a Draft requirement with no falsifier is not scanned as requirement text (47.623819ms)
✔ a spec declaring a prefix with no requirement is named (SPEC-001) (39.192779ms)
✔ a keyword in backticks or quotes is a mention, not an obligation (45.779771ms)
✔ duplicate identifiers are rejected within a file and across files (SPEC-020) (93.279345ms)
✔ references resolve across files; missing references name their source (SPEC-021) (84.338546ms)
✔ code examples and quoted mentions are neither definitions nor references (45.323265ms)
✔ machine-local paths are findings in prose, links, quotes, and examples (SPEC-019) (494.464039ms)
✔ relative paths, URLs, slash commands, and character mentions are not absolute path findings (55.611592ms)
✔ a slash after a placeholder continues the template (SPEC-019) (124.204291ms)
✔ a host path is a finding until the file declares it (SPEC-019, SPEC-024) (87.063996ms)
✔ declared host paths cover children with a slash boundary and stay file-local (178.909638ms)
✔ a host-path declaration inside a requirement or example grants no exception (144.171117ms)
✔ host-path declarations require absolute or home-relative entries (253.002818ms)
✔ an Agreed block whose only keyword is MAY needs a falsifier like any other (SPEC-025, SPEC-002) (84.389381ms)
✔ a regex literal is not a path, a drive path and a file URL are, and a skill's slash name is allowed (SPEC-028, SPEC-029) (54.304514ms)
✔ a backticked or quoted actor still counts as one (PKG-010) (43.961934ms)
✔ supersede writes both lines, and the old record keeps every word it had (DEC-008, DEC-010) (88.646149ms)
✔ supersede without a cause, or with one outside the four, is refused (DEC-009) (129.56588ms)
✔ supersede of a record that does not exist is refused (77.441181ms)
✔ a predecessor with no title line cannot be stamped, so nothing is written (93.242626ms)
✔ reversals reports counts by decider, cause, and domain (DEC-011) (209.6326ms)
✔ decide in a domain with a reversal is refused without --history, naming the reversal; with it, the record carries History (DEC-012) (216.949626ms)
✔ decide in a domain with no reversals needs no --history (186.485984ms)
✔ a record resting on prose alone is in the domain unspecified, and so is the next one (236.822047ms)
✔ a second declaration for one requirement is accepted, a named check runs every mechanism, and Done needs each to pass (LOOP-056, LOOP-099) (2449.998234ms)
✔ one mechanism's stale evidence names that mechanism, and --stale runs only it (LOOP-056, LOOP-094) (839.751105ms)
✔ attempts are counted within one mechanism's records, so the other's passes do not reset them (LOOP-100, DEC-016) (1320.217614ms)
✔ step 1: an in-progress record is reconciled before anything else (153.337901ms)
✔ step 2: an open escalation is presented and nothing else happens (107.18755ms)
✔ an answered escalation is not open (660.694907ms)
✔ step 3: a decision with no realized-by is built, first by name (DEC-007) (144.465585ms)
✔ a superseded decision with no realized-by is not work (145.541425ms)
✔ step 6: a mechanism that has never run is run, not implemented (LOOP-008) (148.122692ms)
✔ step 6: a requirement whose mechanism fails is implemented (589.249182ms)
✔ step 6 before step 7: failing evidence outranks a missing mechanism (362.593899ms)
✔ step 7: a requirement with no mechanism is declared (LOOP-006) (99.349974ms)
✔ step 10: every requirement current and passing, review clean, is Done (LOOP-004) (434.754066ms)
✔ malformed roadmap is Resolvable, not fatal (LOOP-005) (77.246752ms)
✔ a commitment naming no requirements is Resolvable (LOOP-018) (59.319154ms)
✔ the primary test: two wakes on the same checkout give the same action (LOOP-001, LOOP-003) (113.100868ms)
✔ outside a cairn repository wake cannot run (42.899466ms)
✔ the loop never waits on the review queue (DEC-015) (327.134391ms)
✔ the linked walkthrough runs from agreement through the next commitment (PKG-016) (1680.749317ms)
ℹ tests 444
ℹ suites 0
ℹ pass 444
ℹ fail 0
ℹ cancelled 0
ℹ skipped 0
ℹ todo 0
ℹ duration_ms 21807.251436
