✔ a Draft block overrides an Agreed file for both wake and check (SPEC-018) (227.365721ms)
✔ an Agreed block overrides a Draft file in the kernel and lint (SPEC-018, SPEC-002) (690.483198ms)
✔ a block Status does not become the file default, including inside examples (SPEC-018) (428.063838ms)
✔ block status without a value does not inherit Agreed by accident (SPEC-018) (132.468497ms)
✔ inheritance needs a file Scope and includes only Agreed blocks, regardless of prefix (PKG-015) (2087.449805ms)
✔ Scope inside a requirement or fenced example does not declare inheritance (PKG-015) (717.833461ms)
✔ a falsifier wrapped onto a line beginning with Status: does not become the block's status (SPEC-018) (0.962446ms)
✔ LOOP-063: reject input mutation during a check and retain diagnostics (480.931882ms)
✔ LOOP-063: reject deletion mutation during a check and retain diagnostics (496.926234ms)
✔ LOOP-063: reject addition mutation during a check and retain diagnostics (574.926898ms)
✔ LOOP-063: reject mode mutation during a check and retain diagnostics (550.128341ms)
✔ LOOP-063: reject specification mutation during a check and retain diagnostics (449.927436ms)
✔ LOOP-063: reject declaration mutation during a check and retain diagnostics (402.138219ms)
✔ LOOP-063: reject commit mutation during a check and retain diagnostics (369.166333ms)
✔ LOOP-063: committed input mutation during execution cannot certify the replacement (387.254082ms)
✔ LOOP-064: removing executable permission makes passing evidence stale (493.662947ms)
✔ LOOP-064: a mode-only change also invalidates the previous review after new evidence (748.325083ms)
✔ LOOP-064: changing a regular file into a link with identical identity bytes is stale (793.565477ms)
✔ LOOP-063: an unchanged candidate still records a pass despite unrelated working-tree edits (199.85164ms)
✔ LOOP-064: current and historical input ordering agrees for Unicode filenames (302.002546ms)
✔ LOOP-063: Git status hiding content changes cannot certify an uncommitted candidate (123.988727ms)
✔ LOOP-066: one check owns execution with a kernel action record (642.781763ms)
✔ LOOP-066: one check owns execution with an agent action record (516.048604ms)
✔ LOOP-066: a live lock is named and never silently overwritten (181.755815ms)
✔ LOOP-066: a dead lock is named and never silently overwritten (169.737659ms)
✔ LOOP-066: a incomplete lock is named and never silently overwritten (199.727205ms)
✔ LOOP-066: an execution error releases the check lock for a corrected rerun (655.202683ms)
✔ LOOP-066: a live kernel action from an older Cairn also blocks execution (128.501912ms)
✔ LOOP-066: separate Git worktrees can run checks independently (511.701508ms)
✔ after a green check --stale runs nothing; after one input changes it runs only that mechanism (LOOP-094) (1211.08063ms)
✔ a mechanism speaking for two stale requirements runs once and refreshes both (LOOP-094, LOOP-040) (838.088704ms)
✔ a fresh failure and an unverified result are skipped with implement named (LOOP-094) (747.673964ms)
✔ --stale with a requirement identifier is refused (LOOP-094) (81.810415ms)
✔ check --stale holds back a mechanism whose requirement has three attempts and no escalation, names it, and records nothing (LOOP-094, DEC-016) (1863.370778ms)
✔ check refuses a dirty declared input and names it; a dirty undeclared file does not block (LOOP-030) (601.176158ms)
✔ check writes one receipt per run carrying the full record and a result line per requirement (LOOP-097) (349.385551ms)
✔ a nonzero exit records fail, and the receipt keeps the exit code (LOOP-034) (445.370496ms)
✔ a pass after a fail keeps the failing record; nothing is overwritten or deleted (LOOP-025) (888.107446ms)
✔ a commit changing a declared input makes evidence stale; an undeclared one does not (LOOP-007) (865.370335ms)
✔ a regression is named before a requirement that never passed (LOOP-031) (942.104326ms)
✔ three attempts with no escalation since: wake says escalate, not a fourth (DEC-016, DEC-017, DEC-018) (2061.655256ms)
✔ the review gate: no review, stale review, open finding, then Done (LOOP-020, LOOP-033) (946.240915ms)
✔ Done is refused while any requirement lacks current passing evidence (LOOP-017) (71.907833ms)
✔ check names a requested requirement that no mechanism claims (89.545996ms)
✔ check writes the in-progress record before the run and clears it after (LOOP-021) (184.460039ms)
✔ a linked declared input digests the same at a commit and in the tree (LOOP-023, LOOP-024) (357.804225ms)
✔ a result line is the mechanism's statement about one requirement; what it did not mention is unverified (LOOP-037, LOOP-052) (172.463134ms)
✔ a mechanism that says nothing is read by its exit code for every requirement (LOOP-039) (187.753473ms)
✔ unverified is not an attempt, and a return to an earlier failed digest counts once (DEC-017, DEC-018) (1543.791523ms)
✔ a result line for a requirement the mechanism does not speak for is named and writes nothing (LOOP-038) (171.5917ms)
✔ a result line inside ordinary output, or without the marker, does not count (179.950268ms)
✔ a targeted check runs the named requirements' mechanisms and records every requirement they speak for (LOOP-040) (171.942166ms)
✔ two result lines for one requirement: a fail on any line wins (173.314944ms)
✔ three runs at one digest with no attempt since: the verdict stays implement and names DEC-019; an escalation naming it among others clears the hint (DEC-019, LOOP-053) (815.255183ms)
✔ a receipt names its commit in full, and an older receipt with the short form is still read (LOOP-136) (254.251676ms)
✔ a complete commitment with an unpromoted backlog item names promote, and a stamped item lets it reach Done (LOOP-087) (1146.103139ms)
✔ an empty backlog with waiting next-iteration items is Done, with the count as information and no action on them (LOOP-091) (1124.98454ms)
✔ a promotion marker must resolve to a decision record (LOOP-088) (323.064453ms)
✔ a commitment promoted from an item needs a decision record naming the item (LOOP-088) (263.761565ms)
✔ the spec lint reports a promotion marker with no decision record (LOOP-088) (85.761912ms)
✔ a promoted commitment that changes an Agreed requirement or the working agreement is an escalation; an unpromoted one is not (LOOP-089, LOOP-090) (1518.411084ms)
✔ a capture from one of the commitment's own requirements needs Outside because: or an escalation (LOOP-092) (1500.245809ms)
✔ a next-iteration item names what it would change, and the capture refuses one that does not (LOOP-093) (397.116806ms)
✔ a commitment specified from a next-iteration item needs the item stamped before anything else (SPEC-027) (504.299223ms)
✔ a by deference marker resolves to a decision record like a promotion marker (SPEC-002, LOOP-088) (173.545243ms)
✔ the LOOP-090 gate reads the Concerns line, not the slug as a substring (LOOP-114) (509.872065ms)
✔ the LOOP-088 check reads the Promotes line, and decide --promotes writes it (LOOP-115) (234.91451ms)
✔ the activation commit of a promoted commitment is inside the LOOP-089 comparison (LOOP-116) (119.681064ms)
✔ the LOOP-090 route needs one escalation: its Concerns line covers the moved item too (LOOP-119, LOOP-092, LOOP-114) (590.189287ms)
✔ an escalation raised before the promoted commitment began does not silence the LOOP-090 gate (LOOP-114) (327.387885ms)
✔ an escalation raised before the commitment began does not silence the capture gate (LOOP-119) (304.805356ms)
✔ the activation commit is inside the scope footprint (LOOP-120) (97.101092ms)
✔ a requirement Agreed at activation that is demoted or removed is a contract change (LOOP-121) (540.423419ms)
✔ the include files are the root files that hold @AGENTS.md: exempt from the footprint, compared by the gate (LOOP-122) (983.731163ms)
✔ a superseded promotion no longer satisfies the LOOP-088 check, and the repair says the promotion was reversed (LOOP-123) (436.453586ms)
✔ the restore route measures from the tree before activation, so a path the activation commit added must go (LOOP-120, LOOP-035) (164.58978ms)
✔ the loop works against exactly one commitment: the current one (LOOP-019) (364.944473ms)
✔ a promotion recorded below Consequential is a repair naming the level, since the developer never sees it in the queue (LOOP-088) (64.70307ms)
✔ every requirement the node-test declaration speaks for is named in a test title (PKG-025) (2.9962ms)
✔ every repository path the tests read is a declared input of node-test (PKG-026) (1.002007ms)
✔ writes a record with every required field and an empty realized-by (DEC-001, DEC-005) (121.798219ms)
✔ a Consequential decision is queued for review (DEC-013) (82.829518ms)
✔ a Consequential decision is queued even when .cairn/queue does not exist yet (133.587411ms)
✔ Routine is refused: routine decisions produce no record (109.759496ms)
✔ a missing field is a usage error and nothing is written (110.936529ms)
✔ supersedes requires a classified cause, and the old record must exist (259.050462ms)
✔ an existing record is not overwritten (149.191185ms)
✔ a queued decision stays queued; nothing but the developer removes it (DEC-014) (244.493872ms)
✔ each accepted decider is stored lowercase, whatever case it was typed in (DEC-020) (738.89895ms)
✔ a decider outside the vocabulary is a usage error naming all three, and nothing is written (DEC-020) (567.216349ms)
✔ an empty --decided-by is the missing-field error, not the vocabulary one (79.060273ms)
✔ LOOP-006, LOOP-067: missing inputs names a declaration repair before execution (154.25552ms)
✔ LOOP-006, LOOP-067: empty inputs names a declaration repair before execution (182.295683ms)
✔ LOOP-006, LOOP-067: missing command names a declaration repair before execution (203.954548ms)
✔ LOOP-006, LOOP-067: list command names a declaration repair before execution (150.28752ms)
✔ LOOP-006, LOOP-067: empty command names a declaration repair before execution (165.421018ms)
✔ LOOP-006, LOOP-067: missing requirements names a declaration repair before execution (199.892072ms)
✔ LOOP-006, LOOP-067: bad identifier names a declaration repair before execution (160.350544ms)
✔ LOOP-067: scalar one-item lists retain their existing meaning (365.195963ms)
✔ LOOP-068: a unpopulated gitlink is refused by name (254.68168ms)
✔ LOOP-068: a populated gitlink is refused by name (270.668612ms)
✔ LOOP-069: identical selections across 100 mechanisms use at most 20 Git processes (187.329653ms)
✔ escalate writes the six-line format followed by its facts, and wake presents it (LOOP-010, LOOP-026) (187.878708ms)
✔ a missing or multi-line field is refused with the field named, and nothing is written (LOOP-012) (178.211738ms)
✔ a Blocking escalation that fails the format is written anyway, naming the malformed field (LOOP-013) (203.967924ms)
✔ the loop stops for the developer only at Blocking: a recorded decision below it never yields Escalate, and the Blocking bypass must be spelled exactly (DEC-002) (412.175923ms)
✔ a second escalation while one is open is refused (LOOP-011) (170.692519ms)
✔ answer records the reply; wake no longer presents it; a second answer is refused (313.633823ms)
✔ answer to an unknown escalation is refused (97.651104ms)
✔ a stranger resumes from the file alone: question and answer are both in it (LOOP-014) (141.986513ms)
✔ a developer-shaped answer during the agent's turn is refused and writes nothing; the explanation is still accepted (LOOP-135) (795.107824ms)
✔ after an answer, the same concern can be escalated again under a new name (223.169745ms)
✔ an escalation exists when its file does, committed or not (LOOP-009) (74.419553ms)
✔ developer answers require one of the three forms and cannot inject fields (LOOP-048) (543.619352ms)
✔ ask, agent explanation, another ask, and ok stay ordered in one file (LOOP-049, LOOP-050, LOOP-014) (755.215263ms)
✔ fresh closed answers accompany only concerned requirements until new evidence (LOOP-051) (674.124922ms)
✔ a raised escalation carries no derivable status line, and an old record with one still parses (LOOP-028) (151.737227ms)
✔ LOOP-065: delete of output refuses Done and a new run recovers (1443.454528ms)
✔ LOOP-065: corrupt of output refuses Done and a new run recovers (1394.499348ms)
✔ LOOP-065: delete of stderr_output refuses Done and a new run recovers (1031.912166ms)
✔ LOOP-065: corrupt of stderr_output refuses Done and a new run recovers (874.78057ms)
✔ LOOP-065: a receipt without output needs a new check (462.40417ms)
✔ LOOP-065: a receipt without output_digest needs a new check (443.668097ms)
✔ LOOP-065: a receipt without stderr_output needs a new check (416.313238ms)
✔ LOOP-065: a receipt without stderr_digest needs a new check (387.123738ms)
✔ LOOP-065: legacy unverifiable output is rerun without rewriting history (650.437642ms)
✔ a fresh record names the kernel that wrote it (LOOP-023) (301.633973ms)
✔ LOOP-095: a record from another kernel is stale with the kernel named, and a new check restores Done (678.544591ms)
✔ LOOP-095: a record from no kernel is stale with the kernel named, and a new check restores Done (670.700659ms)
✔ LOOP-070: a later failure is latest even when the clock moves backward (1117.639048ms)
✔ LOOP-070: receipt collisions at one clock instant retain execution order beyond nine suffixes (3697.595487ms)
✔ LOOP-070: imported branch receipts stale a later sequence until a new check incorporates them (1111.941077ms)
✔ LOOP-070, LOOP-098: legacy receipts need one ordered check, remain byte-for-byte unchanged, and precede the run receipt in the history (492.102146ms)
✔ LOOP-070: edit of a prior receipt requires fresh evidence (464.000507ms)
✔ LOOP-070: remove of a prior receipt requires fresh evidence (453.377042ms)
✔ LOOP-075: supporting evidence file README.md does not become a receipt (480.022469ms)
✔ LOOP-075: supporting evidence file notes.txt does not become a receipt (474.102559ms)
✔ LOOP-075: supporting evidence file support does not become a receipt (485.105501ms)
✔ LOOP-075: supporting evidence file .DS_Store does not become a receipt (490.807316ms)
✔ LOOP-075: a malformed result line (result=success) names a repair before execution (330.75058ms)
✔ LOOP-075: a malformed result line (sequence=NaN) names a repair before execution (330.989647ms)
✔ LOOP-075: a malformed result line (sequence=9007199254740992) names a repair before execution (321.510176ms)
✔ LOOP-075: a malformed result line (history_digest=wrong) names a repair before execution (302.953825ms)
✔ LOOP-075: a malformed result line (tokens) names a repair before execution (336.913153ms)
✔ LOOP-075: a receipt-shaped directory is a named repair instead of an EISDIR crash (244.002677ms)
✔ LOOP-070: an earlier escalation cannot cover three new attempts after clock rollback (914.558984ms)
✔ LOOP-070: an answer becomes old after a later check even if that check's timestamp is earlier (610.182937ms)
✔ LOOP-070: the newest answer wins between checks even when its clock timestamp is older (395.922923ms)
✔ LOOP-070: legacy escalation dates cover old receipts but not three newer sequenced runs (1289.591416ms)
✔ a PKG requirement the commitment does not name is declared, run, and gates Done (PKG-011) (2238.570246ms)
✔ a PKG requirement in a Draft spec is not folded in (508.12624ms)
✔ LOOP-076, LOOP-079: stale inputs identify the receipt and the check to run (780.444422ms)
✔ LOOP-077: names a content change using checked input identity (824.437495ms)
✔ LOOP-077: names a mode change using checked input identity (836.425903ms)
✔ LOOP-077: names a kind change using checked input identity (648.678266ms)
✔ LOOP-077: names a added change using checked input identity (612.208289ms)
✔ LOOP-077: names a removed change using checked input identity (487.97862ms)
✔ LOOP-077: names a link-target change using checked input identity (735.932479ms)
✔ LOOP-077: changed selection compares the old and new input sets (445.225841ms)
✔ LOOP-077: raw CRLF changes remain visible when Git-clean content agrees (437.926621ms)
✔ LOOP-077: detail output is sorted, bounded, and reports the omitted count (445.024499ms)
✔ LOOP-077: filenames cannot inject lines or terminal controls into explanations (396.890942ms)
✔ LOOP-077: receipts from one run share details and do not store source contents (289.779891ms)
✔ LOOP-078, LOOP-080: legacy optional detail limits explanation without changing standing (477.011753ms)
✔ LOOP-078, LOOP-080: invalid-field optional detail limits explanation without changing standing (453.351545ms)
✔ LOOP-078, LOOP-080: missing optional detail limits explanation without changing standing (459.482945ms)
✔ LOOP-078, LOOP-080: invalid-json optional detail limits explanation without changing standing (463.810965ms)
✔ LOOP-078, LOOP-080: mismatched optional detail limits explanation without changing standing (447.316103ms)
✔ LOOP-078, LOOP-080: duplicate optional detail limits explanation without changing standing (470.178321ms)
✔ LOOP-078, LOOP-080: unsafe-path optional detail limits explanation without changing standing (453.448212ms)
✔ LOOP-078, LOOP-080: directory optional detail limits explanation without changing standing (414.637391ms)
✔ LOOP-078, LOOP-080: symlink optional detail limits explanation without changing standing (443.773961ms)
✔ LOOP-078: unavailable old requirement text is not claimed as a proven change (354.269624ms)
✔ LOOP-076, LOOP-079: changed requirements identify evidence and retain review-before-check guidance (373.205623ms)
✔ LOOP-078: simultaneous input and output damage keep both reasons (343.202517ms)
✔ LOOP-080: deterministic freshness sequence seed=7 (8889.599643ms)
✔ LOOP-080: deterministic freshness sequence seed=42 (5687.073254ms)
✔ LOOP-080: deterministic freshness sequence seed=913 (5871.289656ms)
✔ LOOP-080: agreement changes, mechanism review, checks, and completion review retain priority (1376.137185ms)
✔ LOOP-080: imported receipt history demands a rerun without a false input explanation (1298.694167ms)
✔ LOOP-073: clean CRLF input completes under attributes (625.261892ms)
✔ LOOP-073: clean CRLF input completes under autocrlf (719.25345ms)
✔ LOOP-073: raw line-ending mutation during a run is rejected even when Git still sees the same content (512.098871ms)
✔ LOOP-073: execution evidence changes when clean conversion preserves committed identity (1141.887454ms)
✔ LOOP-073: Git clean filters use Git's conversion while retaining raw evidence identity (529.917575ms)
✔ LOOP-073: failure of a required Git filter cannot record evidence (118.696597ms)
✔ LOOP-073: a clean filter moving HEAD during ending validation prevents evidence (560.379212ms)
✔ LOOP-073: canonical Git identities handle links without reading their targets (402.582792ms)
✔ LOOP-073: Git conversion keeps raw Unicode and control-character input paths (359.330294ms)
✔ LOOP-073: conversion and links work in a SHA-256 Git repository (365.692189ms)
✔ LOOP-074: historical specification filename "café.md" remains reviewable (356.531592ms)
✔ LOOP-074: historical specification filename "spec\ttab.md" remains reviewable (352.403609ms)
✔ LOOP-074: historical specification filename "spec\nline.md" remains reviewable (326.451833ms)
✔ help works outside a repository without running a command (PKG-017) (1118.605619ms)
✔ help does not hide invalid options or consume literal arguments (218.231597ms)
✔ help lists the lint command (PKG-017) (60.577434ms)
✔ a working directory that no longer exists is named as the failure, and git is not blamed (PKG-041, PKG-022) (249.826766ms)
✔ the stop hook refuses a stop while wake says Resolvable, with the verdict as the reason (PKG-018) (219.743264ms)
✔ the stop hook allows a stop at Done, at Escalate, and outside a Cairn repository (PKG-018) (1488.005281ms)
✔ the session-start hook links the command once and prints the verdict in a Cairn repository (PKG-019, PKG-014, PKG-005) (505.331666ms)
✔ the session-start hook prints no verdict outside a Cairn repository and leaves an existing link that resolves alone (PKG-019) (96.757599ms)
✔ a checkout under a path with a space links a command that resolves, and its stop hook still blocks (PKG-019, PKG-021) (351.412525ms)
✔ the hooks run the kernel the command link resolves to, so hook and agent share one referee (PKG-021) (936.371034ms)
✔ a dangling link is replaced and reported (PKG-019) (150.628367ms)
✔ errors exit 0 with one line on standard error and no stack trace (PKG-022) (170.421375ms)
✔ the hooks judge with the cairn on PATH, a wrapper included, and session-start names it (PKG-033) (911.07953ms)
✔ a link to a wrapper or file is kept; a dangling link or one to a directory is replaced (PKG-034) (360.790559ms)
✔ a project below the Git toplevel gets the verdict and the stop refusal (PKG-035) (285.163872ms)
✔ a kernel that prints no verdict is one stderr line: the stop is allowed and session-start prints no trace (PKG-036) (153.545429ms)
✔ a link that cannot be created is one stderr line, and the verdict still prints (PKG-019, PKG-022) (133.731649ms)
✔ with git absent the hooks say so in one line and block nothing (PKG-022) (73.008607ms)
✔ stop_hook_active true no longer lets a Resolvable stop through: the hook still refuses (PKG-018) (134.835167ms)
✔ receipts written by the project's own kernel are judged with it, not with a different cairn on PATH (PKG-033, PKG-021) (395.356607ms)
✔ the fourth stop on an unchanged verdict, commit and tree goes through with a message and a stop record; each refusal names cairn escalate (PKG-043, PKG-044) (462.423799ms)
✔ progress resets the count, a commit or an edited file alike, and each session counts on its own (PKG-043) (1135.542988ms)
✔ cairn lint runs the checker over docs/spec by default and over a named directory (PKG-028) (275.419346ms)
✔ cairn lint names a missing directory in one line, takes one argument, and reports a bad root (PKG-028) (276.802069ms)
✔ three megabytes are retained exactly once with matching digests (LOOP-041, LOOP-042) (399.458234ms)
✔ split stdout result lines survive a long non-result line; stderr is never a verdict (430.928181ms)
✔ signal termination is recorded and logs survive a clone (LOOP-043) (462.064464ms)
✔ working agreements and ignore changes are Cairn records inside the footprint (545.172072ms)
✔ a clean package passes (90.946323ms)
✔ PKG-001: a dependency, or a service manifest (200.605006ms)
✔ PKG-002: ignoring evidence or other durable state, by directory or by extension (193.646245ms)
✔ PKG-003: a command, a directory, or a record kind no decision names (321.627759ms)
✔ PKG-004: a kernel over 1900 lines, counting every file under bin/ as wc -l does; exactly 1900 passes (503.691902ms)
✔ PKG-006: a skill step naming a vendor's product, in either order, across a wrapped list item (PKG-027) (386.489537ms)
✔ PKG-008: a non-ASCII character in a tracked text file (98.25912ms)
✔ PKG-009: the kernel importing from tests (109.310357ms)
✔ PKG-012: a network call or a model vendor in the kernel (176.640897ms)
✔ PKG-013: deferral language, but not in code, quotes, or a rule (619.778685ms)
✔ a tracked path deleted from the working tree is skipped, not a crash (88.247923ms)
✔ a sentence in a Formats section is not a record kind (73.506225ms)
✔ a record kind named by its path alone is checked (68.981874ms)
✔ PKG-002: a tracked in-progress record (76.712278ms)
✔ PKG-002: ignoring evidence alone is a finding (65.220327ms)
✔ PKG-003 reads the kernel's commands from its help output (PKG-023) (111.729638ms)
✔ the ASCII scan covers shipped files, not records under .cairn/ (PKG-024) (63.217691ms)
✔ a vendor-naming step wrapped across lines is matched (PKG-006, PKG-027) (88.44994ms)
✔ PKG-013 scans the README, the manual, and the walkthrough (PKG-032) (274.694285ms)
✔ the manifests, the listing and package.json agree on the name and version, and name paths the repository holds (PKG-037) (1.970354ms)
✔ the hooks file registers session-start and stop against the plugin's own hook.mjs through the plugin root variable (PKG-038) (0.261645ms)
✔ a Muse hook entry whose shared hook is missing prints one line and exits 0 (PKG-041, PKG-022) (91.296423ms)
✔ the registered commands print the verdict at session start, link the command into the plugin, and refuse a stop while wake says Resolvable (PKG-038, PKG-021) (440.714418ms)
✔ LOOP-071: decision body metadata does not resolve unbuilt work: "Superseded by: example" (767.529736ms)
✔ LOOP-071: decision body metadata does not resolve unbuilt work: "```text\nSuperseded by: example\n```" (735.867364ms)
✔ LOOP-071: decision body metadata does not resolve unbuilt work: "~~~text\nSuperseded by: example\n~~~" (825.555705ms)
✔ LOOP-071: a fenced realization example is not a resolving commit (637.96944ms)
✔ LOOP-071: a fenced commit inside the realization section is not built (580.243562ms)
✔ LOOP-071: ## Example cannot replace an open review finding (514.871458ms)
✔ LOOP-071: # Example cannot replace an open review finding (493.319408ms)
✔ LOOP-071: ### Example cannot replace an open review finding (460.248927ms)
✔ LOOP-071:   ## Example cannot replace an open review finding (452.510332ms)
✔ LOOP-071: Example paragraph. cannot replace an open review finding (452.494423ms)
✔ LOOP-071: Example
------- cannot replace an open review finding (409.456567ms)
✔ LOOP-071: fenced fields before a real review header are ignored (411.332774ms)
✔ LOOP-071: multiline decision --title cannot inject metadata (317.799863ms)
✔ LOOP-071: multiline decision --decided-by cannot inject metadata (330.047764ms)
✔ LOOP-071: multiline decision --rests-on cannot inject metadata (318.837843ms)
✔ LOOP-071: multiline decision --wrong-if cannot inject metadata (325.413216ms)
✔ LOOP-071: multiline decision --history cannot inject metadata (314.543001ms)
✔ LOOP-072: malformed Blocking concerns stay open: "R-001\nAnswer: ok" (79.023691ms)
✔ LOOP-072: malformed Blocking concerns stay open: "R-001\r\nAnswer: ok" (92.573966ms)
✔ LOOP-072: malformed Blocking concerns stay open: "R-001\rAnswer: ok" (82.326027ms)
✔ LOOP-072: malformed Blocking concerns stay open: "R-001 Answer: ok" (72.809688ms)
✔ LOOP-072: malformed Blocking concerns stay open: "R-001 Answer: ok" (74.328246ms)
✔ LOOP-072: ordinary malformed concerns are refused: "R-001\nR-002" (50.653425ms)
✔ LOOP-072: ordinary malformed concerns are refused: "R-001, prose" (52.650059ms)
✔ LOOP-072: ordinary malformed concerns are refused: " " (47.277184ms)
✔ LOOP-072: a Blocking escalation without concerns is still presented (79.731289ms)
✔ LOOP-072: carriage returns in a Blocking question do not create answer records (72.287236ms)
✔ LOOP-072: explanation separator 8232 cannot close an escalation (164.260351ms)
✔ LOOP-071: decision metadata refuses separator 8232 (299.515479ms)
✔ LOOP-072: explanation separator 8233 cannot close an escalation (157.321243ms)
✔ LOOP-071: decision metadata refuses separator 8233 (313.707628ms)
✔ Concerns, Rests on, and Promoted from written as lists read as the flat form (LOOP-124) (695.154535ms)
✔ an item named by filename, path, or backticked slug resolves like the slug (LOOP-125) (684.708099ms)
✔ an input that covers Cairn's own output is named as the repair, before and after a check (LOOP-126, LOOP-105) (876.194448ms)
✔ an unreadable record directory is a repair, not an error exit (LOOP-127) (80.593461ms)
✔ a title that slugifies to nothing is refused (LOOP-128) (168.138905ms)
✔ examined: [] is an empty list (LOOP-129, LOOP-108) (455.823631ms)
✔ below the Git toplevel the restore check compares root-relative paths (LOOP-130, LOOP-035) (353.157963ms)
✔ below the Git toplevel an uncommitted declared input is named from the project root (LOOP-132, LOOP-030) (246.83838ms)
✔ a value on the key line followed by list items is the first item, never dropped (LOOP-133) (510.830291ms)
✔ the footprint's walk reads Current: as the wake does: a fenced example below the real line, or a second line in history, never moves the start (LOOP-134, LOOP-035) (281.178159ms)
✔ an input spelled .. from a project below the Git toplevel covers the evidence directory (LOOP-126, LOOP-105) (77.638451ms)
✔ a Consequential record this commitment added needs its queue entry committed (LOOP-131, DEC-004) (438.515417ms)
✔ a mechanism that removes the check lock still gets its evidence, with no repair for the lock (LOOP-107) (214.027819ms)
✔ a staged rename reads as its two paths, never as a bare origin token (LOOP-030, LOOP-110) (101.876746ms)
✔ a Current: line inside a fenced example is neither a second Current: line nor the commitment, before or after the real line (LOOP-104) (184.989701ms)
✔ a Status: word is taken only from a line that carries one, never from wrapped prose after it (SPEC-018) (0.709705ms)
✔ the placeholder left above a resolving entry is a repair naming the file (DEC-021) (225.102747ms)
✔ the placeholder alone is a decision recorded and not yet built, unchanged (DEC-007) (65.281593ms)
✔ resolving entries with no placeholder are unchanged (DEC-006) (103.148584ms)
✔ a shallow clone that cannot resolve its entries is still told to fetch, not to edit (LOOP-113 keeps precedence) (143.511086ms)
✔ the placeholder quoted in a fenced example does not make a built record a repair (DEC-021) (115.552353ms)
✔ supersede takes the same decider vocabulary as decide (DEC-020) (85.952434ms)
✔ a superseded record is held to the same line: its placeholder above a resolving entry is a repair (DEC-021, DEC-010) (154.463649ms)
✔ realize() touches only the Realized by section; a body that quotes the placeholder keeps it (108.68584ms)
✔ an untracked file under a declared input is not a change under way; check still refuses beside it and names .gitignore (LOOP-110, LOOP-030) (217.556204ms)
✔ an unmatched input is refused before execution (LOOP-044) (177.686456ms)
✔ an indexed input deleted on disk asks for a commit (LOOP-045) (281.863391ms)
✔ wake and check require a Git working tree (LOOP-046) (197.086954ms)
✔ recovery removes only dead kernel run records and identifies a live owner (LOOP-054, LOOP-055) (393.775631ms)
✔ an agent action based behind a clean HEAD appears committed (LOOP-027) (290.237807ms)
✔ realization needs a real commit and a subject (DEC-006) (349.194359ms)
✔ 1500 binary inputs digest identically at the review commit in under a second (LOOP-024) (1476.201145ms)
✔ merged work is excluded but a later own commit is a breach (LOOP-047) (309.10064ms)
✔ exact Current tenure ignores prefix matches and earlier visits to the same slug (LOOP-035) (245.493329ms)
✔ a kernel run records its supervising PID (LOOP-054) (250.473725ms)
✔ a merged declared input still stales evidence (LOOP-047) (372.622598ms)
✔ wildcard and magic pathspecs select the same historical inputs (LOOP-024, LOOP-032) (2017.075584ms)
✔ historical selection retains deleted files and excludes new ones (LOOP-024, LOOP-035) (1179.190929ms)
✔ cairn --version prints the package.json version outside a repository, and help lists it (PKG-039) (217.00855ms)
✔ a release is one commit setting one version in the five files, with the changelog entry, tagged v<version> (PKG-040) (1473.787734ms)
✔ the release script refuses a bad version, no increase, a dirty tree, a missing entry, a taken tag, a disagreeing file, and a loop not at Done, each in one line with nothing written (PKG-040) (2264.557284ms)
✔ a version file written as compact JSON is released, and nothing else in any version file changes (PKG-042) (1069.687688ms)
✔ explicit reporting with no lines and exit 0 establishes no requirement verdicts (LOOP-061) (493.117046ms)
✔ explicit reporting with no lines and exit 1 establishes no requirement verdicts (LOOP-061) (454.684071ms)
✔ a reporter that cannot start keeps execution diagnostics without blaming requirements (LOOP-062) (358.5838ms)
✔ large output cannot kill a reporter or invent a requirement verdict (484.796594ms)
✔ explicit mode ignores cairn: R-999: pass (425.759384ms)
✔ explicit mode ignores cairn: R-001: unverified (340.530764ms)
✔ explicit mode ignores cairn: R-001: passed (308.66753ms)
✔ explicit results survive nonzero exit and contradictory duplicates still fail (652.460493ms)
✔ unverified results across changed inputs never become failed attempts (1275.343569ms)
✔ legacy exit 0 retains its interpretation (224.915423ms)
✔ legacy exit 1 retains its interpretation (218.289059ms)
✔ a misspelled reporting mode is refused before execution (100.86252ms)
✔ changed requirement blocks unchecked reruns and makes the completion review stale (LOOP-058, LOOP-059) (2250.336545ms)
✔ falsifier changes need review; separate rationale and other requirements do not change a receipt (1297.294003ms)
✔ legacy receipts recover requirement identity from their commit; unavailable history requires review (820.881532ms)
✔ check refuses uncommitted requirement text and mechanism review markers (739.406022ms)
✔ tightened response limit cannot reuse the old passing check (1315.6768ms)
✔ a declared input over 1 MiB agrees at a commit and in the tree (LOOP-060) (418.130606ms)
✔ a failed Git blob read cannot be hashed as an empty blob (340.699784ms)
✔ Git listings over 1 MiB include the last declared input (2210.064512ms)
✔ requirement identity excludes fenced examples and status dates (449.00174ms)
✔ DemonCoder REM-002 and Status in progress cannot silently satisfy the review gate (LOOP-086) (1009.079957ms)
✔ valid open findings retain their behavior (643.9611ms)
✔ valid resolved findings retain their behavior (634.572926ms)
✔ valid empty findings retain their behavior (559.261349ms)
✔ valid mixed valid findings retain their behavior (459.061501ms)
✔ malformed finding "open:" requires repair (432.890495ms)
✔ malformed finding "resolved:   " requires repair (355.774098ms)
✔ malformed finding "Open: incorrect case" requires repair (357.393828ms)
✔ malformed finding "unknown: issue" requires repair (323.884096ms)
✔ malformed finding "\u001b[31mBAD: issue" requires repair (326.202359ms)
✔ the established explicit empty findings list remains valid (343.373473ms)
✔ a scalar findings value requires the supported list format (309.656181ms)
✔ a Requirements: line written as a list is read like the flat form (LOOP-102) (122.183404ms)
✔ a subdirectory or a README in a record directory changes nothing (LOOP-103) (610.048406ms)
✔ two Current: lines are a roadmap repair (LOOP-104) (127.002524ms)
✔ a repeated identifier, an input under the evidence directory, and a missing cwd are refused by name (LOOP-105) (590.08921ms)
✔ a requirement whose evidence outlives its mechanism is named declare, not a regression or an escalation (LOOP-106) (1249.162224ms)
✔ an unreadable record is a repair, not an error exit (LOOP-107) (88.527625ms)
✔ a review needs commit, a nonempty examined list, and a findings list, each named when missing (LOOP-108) (1020.18572ms)
✔ a decision record missing a header field or naming a missing predecessor is a repair (LOOP-109) (299.748732ms)
✔ a dirty declared input with no in-progress record is named record ahead of run (LOOP-022, LOOP-110) (241.614427ms)
✔ with core.filemode false the index mode is the identity, so a mode-only difference does not refuse the check (LOOP-111) (232.299982ms)
✔ a project below the Git toplevel can run check (LOOP-112) (252.961976ms)
✔ a shallow clone names history to fetch, not a decision to build (LOOP-113) (175.905099ms)
✔ record-writing commands refuse to run outside a Cairn repository and write nothing (LOOP-118) (233.795077ms)
✔ a git that cannot start is one line and exit 3 from wake and from check, with nothing recorded (LOOP-137) (99.931721ms)
✔ an unexplained or uncommitted stop record is named explain before any other action; explained and committed, the wake moves on (LOOP-139) (281.595256ms)
✔ empty footprint names declaration before scope and records no evidence (LOOP-081) (698.960878ms)
✔ first declaration still checks the full earlier history (LOOP-081) (417.269672ms)
✔ an empty current footprint does not block an explicitly requested existing mechanism (LOOP-081) (451.595003ms)
✔ an inherited mechanism provides a footprint even before local mechanisms exist (300.49085ms)
✔ scope reports every path, escapes line breaks, and gives identical remedies (LOOP-082) (330.535383ms)
✔ scope verdict reuses the answered-escalation annotation (LOOP-048, LOOP-051, LOOP-083) (663.660352ms)
✔ a committed scope acknowledgment lets restored history proceed (LOOP-083) (789.453895ms)
✔ scope acknowledgment must be committed before it can clear a breach (681.348119ms)
✔ ordinary ok does not acknowledge scope history (292.258178ms)
✔ scope escalation refuses unrestored paths and names the restoration remedy (245.683612ms)
✔ an invalid scope request still records an explicitly Blocking decision (141.761547ms)
✔ ask and explanation stay open; only the final committed ok acknowledges scope (694.773382ms)
✔ instead is visible but does not silently authorize a scope exception (387.407347ms)
✔ later changes to an acknowledged path still block, including later reverts (1118.058243ms)
✔ approval cannot hide another path changed after the snapshot (374.207243ms)
✔ acknowledged history remains conditional on the paths staying restored (560.887024ms)
✔ editing the scope snapshot after answer invalidates its acknowledgment (276.260212ms)
✔ malformed scope metadata cannot suppress a breach (1376.237707ms)
✔ damaged acknowledgment fields cannot suppress a breach (541.275059ms)
✔ scope path matching is literal, including wildcard filenames and control characters (486.21172ms)
✔ scope acknowledgment does not carry into another activation of the same slug (298.841107ms)
✔ restoration checks additions, deletions, executable modes, and symlink kinds (1407.83142ms)
✔ explicit committed retention keeps correct work and requires new evidence and review (LOOP-084, LOOP-085) (2654.42728ms)
✔ a missing declaration covers correct earlier work without retention or revert (531.572376ms)
✔ keep requires scope and an unchanged committed candidate (219.748339ms)
✔ uncommitted retention and instead answers cannot clear the incident (1082.28944ms)
✔ retention does not grant future edits, even when reverted to the approved tree (1300.056931ms)
✔ retention cannot cover another path or another activation (593.059965ms)
✔ imported changes must still match the retained tree (574.456014ms)
✔ retention handles additions, deletions, modes, symlinks, and literal filenames (1890.957562ms)
✔ retention cannot convert an existing restoration answer or accept an unknown mode (438.394057ms)
✔ a check failure after retention remains a failure (675.417078ms)
✔ retained paths stay part of the stable checked candidate without extending its footprint (543.689295ms)
✔ retention ask needs an explanation and final committed approval (544.513924ms)
✔ an unknown scope mode remains invalid even with a matching approval digest (248.533167ms)
✔ backlog writes the item; a second with the same title is refused, never overwritten (LOOP-016) (132.636166ms)
✔ a commit inside the footprint: check runs; outside it: check names the path and does not run (LOOP-015, LOOP-035) (759.602441ms)
✔ Cairn's records are never a breach; another file under docs/ is (LOOP-117) (771.456883ms)
✔ declaring the path as an input clears the breach (378.72656ms)
✔ a revert preserves the record of an out-of-scope commit (LOOP-047) (311.172965ms)
✔ a commitment naming a requirement the spec set does not hold as Agreed is repaired (LOOP-029) (83.898724ms)
✔ a requirement in a Draft spec file is not Agreed (82.824547ms)
✔ working agreements and the ignore file are Cairn records (LOOP-035, LOOP-036) (486.487396ms)
✔ the over-asking rule is gone from both skills (SPEC-005, SPEC-006, SPEC-007) (1.498876ms)
✔ a decision during the phase is recorded (DEC-003) (0.159824ms)
✔ understanding is restated before writing (SPEC-003) (0.097514ms)
✔ falsifiers are proposed as one set and confirmed by exception (SPEC-004) (0.221348ms)
✔ depth is inferred and domains derived, never asked or imposed (SPEC-008, SPEC-009) (0.128604ms)
✔ a term enters the glossary at first occurrence (SPEC-010) (0.078733ms)
✔ the phase ends at the first commitment, and later ones are specified during the loop (SPEC-011, SPEC-012) (0.0859ms)
✔ a requirement goes Agreed only with a nameable mechanism (SPEC-013) (0.101511ms)
✔ review before agreement, recording what it attacked (SPEC-014, SPEC-015) (0.106599ms)
✔ no spec file without requirements; nothing Agreed without a falsifier (SPEC-001, SPEC-002) (0.24639ms)
✔ Observed is marked, and is not contract (SPEC-016, SPEC-017) (0.571016ms)
✔ the skills exclude artifacts outside Cairn's workflow (0.143966ms)
✔ the working agreement names the agent's move for each verdict and the write-ahead record (LOOP-036) (0.559652ms)
✔ the working agreement names the developer's moves (LOOP-036, DEC-014) (0.086518ms)
✔ this repository runs by the file it ships (0.361493ms)
✔ both skills write the working agreement without naming a vendor's file (LOOP-002, LOOP-036, PKG-006) (0.124155ms)
✔ the working agreement says what an attempt is (LOOP-036, DEC-017, DEC-018) (0.086199ms)
✔ the working agreement says a failure no footprint change can address is an escalation, and where an inherited requirement is repaired (DEC-019, LOOP-057) (0.090801ms)
✔ the working agreement states the promote, next-iteration, and no-deferral moves (LOOP-029, LOOP-087, LOOP-091, LOOP-092) (0.070696ms)
✔ both skills sort captures into the backlog or next-iteration and forbid deferral (LOOP-029, LOOP-092, LOOP-093) (0.043516ms)
✔ the skill requires a falsifier on every requirement, a MAY included (SPEC-025) (0.050888ms)
✔ the working agreement names the hooks as optional and the install skill registers them for two harnesses (PKG-006, PKG-018, PKG-019) (0.215489ms)
✔ the working agreement says the kernel is upgraded at Done, never inside a commitment (LOOP-096) (0.053386ms)
✔ the next-iteration skill starts from the specification and ends by naming the next commitment (SPEC-026, SPEC-027) (0.21679ms)
✔ every document that names the project skills names next-iteration beside them (SPEC-026, PKG-014) (2.348301ms)
✔ the working agreement states a move for every action the kernel can name (LOOP-101) (1.50862ms)
✔ the working agreement states both record formats and the two flags the moves need (LOOP-036) (0.132926ms)
✔ the skills demonstrate a safe violating example and preserve recon findings (SPEC-022, SPEC-023) (0.052929ms)
✔ the specification skills run the checker through the cairn command (PKG-029) (0.201879ms)
✔ the README invokes the phase skills by name and states versions and platforms (PKG-030, PKG-031) (0.239759ms)
✔ the manual and the walkthrough say the loop promotes backlog items at Done (0.934062ms)
✔ the working agreement says a report is not work under way, its findings are captured, and it is committed with them (LOOP-138) (0.077272ms)
✔ a two-obligation sentence is named (PKG-007) (46.511942ms)
✔ an obligation with no actor is named (PKG-010) (41.810362ms)
✔ a leading condition clause is not the actor, and the actor after it counts (42.267764ms)
✔ an Agreed requirement with no falsifier is named (SPEC-002); a Draft one is not (111.281785ms)
✔ prose after a Draft requirement with no falsifier is not scanned as requirement text (45.187082ms)
✔ a spec declaring a prefix with no requirement is named (SPEC-001) (52.468349ms)
✔ a keyword in backticks or quotes is a mention, not an obligation (62.823971ms)
✔ duplicate identifiers are rejected within a file and across files (SPEC-020) (113.16473ms)
✔ references resolve across files; missing references name their source (SPEC-021) (97.863702ms)
✔ code examples and quoted mentions are neither definitions nor references (47.020903ms)
✔ machine-local paths are findings in prose, links, quotes, and examples (SPEC-019) (555.144437ms)
✔ relative paths, URLs, slash commands, and character mentions are not absolute path findings (46.064103ms)
✔ a slash after a placeholder continues the template (SPEC-019) (105.800695ms)
✔ a host path is a finding until the file declares it (SPEC-019, SPEC-024) (92.165098ms)
✔ declared host paths cover children with a slash boundary and stay file-local (148.31553ms)
✔ a host-path declaration inside a requirement or example grants no exception (148.858939ms)
✔ host-path declarations require absolute or home-relative entries (246.926678ms)
✔ an Agreed block whose only keyword is MAY needs a falsifier like any other (SPEC-025, SPEC-002) (79.141853ms)
✔ a regex literal is not a path, a drive path and a file URL are, and a skill's slash name is allowed (SPEC-028, SPEC-029) (80.273914ms)
✔ a backticked or quoted actor still counts as one (PKG-010) (47.790575ms)
✔ supersede writes both lines, and the old record keeps every word it had (DEC-008, DEC-010) (79.100587ms)
✔ supersede without a cause, or with one outside the four, is refused (DEC-009) (243.094835ms)
✔ supersede of a record that does not exist is refused (81.252742ms)
✔ a predecessor with no title line cannot be stamped, so nothing is written (92.161882ms)
✔ a --supersedes argument outside the slug alphabet is refused, and a path never reaches the filesystem (DEC-022) (280.697825ms)
✔ a record already superseded cannot be superseded again: one Superseded by line per record (DEC-022, DEC-010) (227.42502ms)
✔ reversals reports counts by decider, cause, and domain (DEC-011) (247.578011ms)
✔ decide in a domain with a reversal is refused without --history, naming the reversal; with it, the record carries History (DEC-012) (165.129532ms)
✔ decide in a domain with no reversals needs no --history (142.631495ms)
✔ a record resting on prose alone is in the domain unspecified, and so is the next one (123.466105ms)
✔ the decider tally normalizes case and whitespace, and names a value outside the vocabulary (DEC-020, DEC-011) (68.733059ms)
✔ a record with no Decided by line is tallied as unrecorded, not as a vocabulary value (70.053018ms)
✔ Decided by written as a list tallies like the flat form, and does not crash the report (LOOP-124, DEC-020) (68.006886ms)
✔ a second declaration for one requirement is accepted, a named check runs every mechanism, and Done needs each to pass (LOOP-056, LOOP-099) (2101.52891ms)
✔ one mechanism's stale evidence names that mechanism, and --stale runs only it (LOOP-056, LOOP-094) (746.48705ms)
✔ attempts are counted within one mechanism's records, so the other's passes do not reset them (LOOP-100, DEC-016) (1353.945443ms)
✔ step 1: an in-progress record is reconciled before anything else (144.895668ms)
✔ step 2: an open escalation is presented and nothing else happens (83.030266ms)
✔ an answered escalation is not open (462.861628ms)
✔ step 3: a decision with no realized-by is built, first by name (DEC-007) (78.860614ms)
✔ a superseded decision with no realized-by is not work (138.356554ms)
✔ step 6: a mechanism that has never run is run, not implemented (LOOP-008) (105.380926ms)
✔ step 6: a requirement whose mechanism fails is implemented (523.785568ms)
✔ step 6 before step 7: failing evidence outranks a missing mechanism (326.33631ms)
✔ step 7: a requirement with no mechanism is declared (LOOP-106) (90.126909ms)
✔ every verdict names who acts: Resolvable is the agent's, Done needs nobody, Escalate waits for the developer (LOOP-004) (503.499483ms)
✔ malformed roadmap is Resolvable, not fatal (LOOP-005) (57.772581ms)
✔ a commitment naming no requirements is Resolvable (LOOP-018) (64.116452ms)
✔ the primary test: two wakes on the same checkout give the same action, before and after a persisted transition (LOOP-001, LOOP-003) (518.381609ms)
✔ outside a cairn repository wake cannot run (38.638844ms)
✔ the loop never waits on the review queue (DEC-015) (315.008287ms)
✔ twenty built records cost one git call to resolve, not twenty (DEC-023) (179.927911ms)
✔ an ambiguous Realized by identifier is the repair that says lengthen it, not a build (LOOP-113, DEC-023) (155.723236ms)
✔ the linked walkthrough runs from agreement through the next commitment (PKG-016) (1316.844075ms)
ℹ tests 494
ℹ suites 0
ℹ pass 494
ℹ fail 0
ℹ cancelled 0
ℹ skipped 0
ℹ todo 0
ℹ duration_ms 23251.635621
