✔ a Draft block overrides an Agreed file for both wake and check (SPEC-018) (214.406719ms)
✔ an Agreed block overrides a Draft file in the kernel and lint (SPEC-018, SPEC-002) (757.946517ms)
✔ a block Status does not become the file default, including inside examples (SPEC-018) (415.771515ms)
✔ block status without a value does not inherit Agreed by accident (SPEC-018) (105.650985ms)
✔ inheritance needs a file Scope and includes only Agreed blocks, regardless of prefix (PKG-015) (2083.34661ms)
✔ Scope inside a requirement or fenced example does not declare inheritance (PKG-015) (927.16799ms)
✔ a falsifier wrapped onto a line beginning with Status: does not become the block's status (SPEC-018) (0.970945ms)
✔ with attribution forbidden, an unpushed commit carrying an AI attribution line is named reword before any work; without the policy, or once pushed, it is not (PKG-045) (503.719016ms)
✔ each attribution form is caught, a prose mention is not, and the oldest attributed commit is named first (PKG-045) (684.674798ms)
✔ LOOP-063: reject input mutation during a check and retain diagnostics (400.753474ms)
✔ LOOP-063: reject deletion mutation during a check and retain diagnostics (544.035971ms)
✔ LOOP-063: reject addition mutation during a check and retain diagnostics (460.742142ms)
✔ LOOP-063: reject mode mutation during a check and retain diagnostics (471.029964ms)
✔ LOOP-063: reject specification mutation during a check and retain diagnostics (429.846243ms)
✔ LOOP-063: reject declaration mutation during a check and retain diagnostics (429.301681ms)
✔ LOOP-063: reject commit mutation during a check and retain diagnostics (396.736488ms)
✔ LOOP-063: committed input mutation during execution cannot certify the replacement (421.284773ms)
✔ LOOP-064: removing executable permission makes passing evidence stale (659.962768ms)
✔ LOOP-064: a mode-only change also invalidates the previous review after new evidence (855.543262ms)
✔ LOOP-064: changing a regular file into a link with identical identity bytes is stale (911.509854ms)
✔ LOOP-063: an unchanged candidate still records a pass despite unrelated working-tree edits (215.907911ms)
✔ LOOP-064: current and historical input ordering agrees for Unicode filenames (381.81694ms)
✔ LOOP-063: Git status hiding content changes cannot certify an uncommitted candidate (131.944724ms)
✔ LOOP-066: one check owns execution with a kernel action record (460.474222ms)
✔ LOOP-066: one check owns execution with an agent action record (492.757693ms)
✔ LOOP-066: a live lock is named and never silently overwritten (152.332175ms)
✔ LOOP-066: a dead lock is named and never silently overwritten (132.810786ms)
✔ LOOP-066: a incomplete lock is named and never silently overwritten (161.622667ms)
✔ LOOP-066: an execution error releases the check lock for a corrected rerun (548.4028ms)
✔ LOOP-066: a live kernel action from an older Cairn also blocks execution (89.613839ms)
✔ LOOP-066: separate Git worktrees can run checks independently (468.7906ms)
✔ after a green check --stale runs nothing; after one input changes it runs only that mechanism (LOOP-094) (1103.427302ms)
✔ a mechanism speaking for two stale requirements runs once and refreshes both (LOOP-094, LOOP-040) (704.09998ms)
✔ a fresh failure and an unverified result are skipped with implement named (LOOP-094) (659.98528ms)
✔ --stale with a requirement identifier is refused (LOOP-094) (87.927059ms)
✔ check --stale holds back a mechanism whose requirement has three attempts and no escalation, names it, and records nothing (LOOP-094, DEC-016) (2122.67941ms)
✔ check refuses a dirty declared input and names it; a dirty undeclared file does not block (LOOP-030) (536.009411ms)
✔ check writes one receipt per run carrying the full record and a result line per requirement (LOOP-097) (386.227735ms)
✔ a nonzero exit records fail, and the receipt keeps the exit code (LOOP-034) (352.438987ms)
✔ a pass after a fail keeps the failing record; nothing is overwritten or deleted (LOOP-025) (731.14371ms)
✔ a commit changing a declared input makes evidence stale; an undeclared one does not (LOOP-007) (982.292813ms)
✔ a regression is named before a requirement that never passed (LOOP-031) (1037.388117ms)
✔ three attempts with no escalation since: wake says escalate, not a fourth (DEC-016, DEC-017, DEC-018) (2201.223854ms)
✔ the review gate: no review, stale review, open finding, then Done (LOOP-020, LOOP-033) (1097.708214ms)
✔ Done is refused while any requirement lacks current passing evidence (LOOP-017) (95.212655ms)
✔ check names a requested requirement that no mechanism claims (97.834536ms)
✔ check writes the in-progress record before the run and clears it after (LOOP-021) (202.194351ms)
✔ a linked declared input digests the same at a commit and in the tree (LOOP-023, LOOP-024) (444.792581ms)
✔ a result line is the mechanism's statement about one requirement; what it did not mention is unverified (LOOP-037, LOOP-052) (178.037344ms)
✔ a mechanism that says nothing is read by its exit code for every requirement (LOOP-039) (180.24119ms)
✔ unverified is not an attempt, and a return to an earlier failed digest counts once (DEC-017, DEC-018) (1599.452257ms)
✔ a result line for a requirement the mechanism does not speak for is named and writes nothing (LOOP-038) (174.351579ms)
✔ a result line inside ordinary output, or without the marker, does not count (178.768999ms)
✔ a targeted check runs the named requirements' mechanisms and records every requirement they speak for (LOOP-040) (186.765252ms)
✔ two result lines for one requirement: a fail on any line wins (166.731402ms)
✔ three runs at one digest with no attempt since: the verdict stays implement and names DEC-019; an escalation naming it among others clears the hint (DEC-019, LOOP-053) (842.731071ms)
✔ a receipt names its commit in full, and an older receipt with the short form is still read (LOOP-136) (273.768969ms)
✔ a change only to a document its declaration lists leaves the review fresh and the evidence stale; a change to another input makes the review stale (LOOP-141) (1043.025428ms)
✔ a complete commitment with an unpromoted backlog item names promote, and a stamped item lets it reach Done (LOOP-087) (1145.344044ms)
✔ an empty backlog with waiting next-iteration items is Done, with the count as information and no action on them (LOOP-091) (979.86662ms)
✔ a promotion marker must resolve to a decision record (LOOP-088) (250.406294ms)
✔ a commitment promoted from an item needs a decision record naming the item (LOOP-088) (288.997383ms)
✔ the spec lint reports a promotion marker with no decision record (LOOP-088) (88.246738ms)
✔ a promoted commitment that changes an Agreed requirement or the working agreement is an escalation; an unpromoted one is not (LOOP-089, LOOP-090) (1764.886188ms)
✔ a capture from one of the commitment's own requirements needs Outside because: or an escalation (LOOP-092) (1700.216326ms)
✔ a next-iteration item names what it would change, and the capture refuses one that does not (LOOP-093) (417.256964ms)
✔ a commitment specified from a next-iteration item needs the item stamped before anything else (SPEC-027) (532.646422ms)
✔ a by deference marker resolves to a decision record like a promotion marker (SPEC-002, LOOP-088) (195.398979ms)
✔ the LOOP-090 gate reads the Concerns line, not the slug as a substring (LOOP-114) (590.562921ms)
✔ the LOOP-088 check reads the Promotes line, and decide --promotes writes it (LOOP-115) (234.100715ms)
✔ the activation commit of a promoted commitment is inside the LOOP-089 comparison (LOOP-116) (130.377508ms)
✔ the LOOP-090 route needs one escalation: its Concerns line covers the moved item too (LOOP-119, LOOP-092, LOOP-114) (596.363468ms)
✔ an escalation raised before the promoted commitment began does not silence the LOOP-090 gate (LOOP-114) (297.565522ms)
✔ an escalation raised before the commitment began does not silence the capture gate (LOOP-119) (320.649822ms)
✔ the activation commit is inside the scope footprint (LOOP-120) (81.991773ms)
✔ a requirement Agreed at activation that is demoted or removed is a contract change (LOOP-121) (580.873787ms)
✔ the include files are the root files that hold @AGENTS.md: exempt from the footprint, compared by the gate (LOOP-122) (1079.92712ms)
✔ a superseded promotion no longer satisfies the LOOP-088 check, and the repair says the promotion was reversed (LOOP-123) (466.785125ms)
✔ the restore route measures from the tree before activation, so a path the activation commit added must go (LOOP-120, LOOP-035) (175.226221ms)
✔ the loop works against exactly one commitment: the current one (LOOP-019) (370.50779ms)
✔ a promotion recorded below Consequential is a repair naming the level, since the developer never sees it in the queue (LOOP-088) (60.032507ms)
✔ every requirement the node-test declaration speaks for is named in a test title (PKG-025) (3.012973ms)
✔ every repository path the tests read is a declared input of node-test (PKG-026) (1.089444ms)
✔ writes a record with every required field and an empty realized-by (DEC-001, DEC-005) (69.583344ms)
✔ a Consequential decision is queued for review (DEC-013) (84.014563ms)
✔ a Consequential decision is queued even when .cairn/queue does not exist yet (87.126383ms)
✔ Routine is refused: routine decisions produce no record (64.181385ms)
✔ a missing field is a usage error and nothing is written (77.720801ms)
✔ supersedes requires a classified cause, and the old record must exist (259.078234ms)
✔ an existing record is not overwritten (170.761658ms)
✔ a queued decision stays queued; nothing but the developer removes it (DEC-014) (248.754284ms)
✔ each accepted decider is stored lowercase, whatever case it was typed in (DEC-020) (579.923834ms)
✔ a decider outside the vocabulary is a usage error naming all three, and nothing is written (DEC-020) (547.520899ms)
✔ an empty --decided-by is the missing-field error, not the vocabulary one (81.704496ms)
✔ LOOP-006, LOOP-067: missing inputs names a declaration repair before execution (148.343307ms)
✔ LOOP-006, LOOP-067: empty inputs names a declaration repair before execution (164.82069ms)
✔ LOOP-006, LOOP-067: missing command names a declaration repair before execution (160.904545ms)
✔ LOOP-006, LOOP-067: list command names a declaration repair before execution (247.392847ms)
✔ LOOP-006, LOOP-067: empty command names a declaration repair before execution (182.009868ms)
✔ LOOP-006, LOOP-067: missing requirements names a declaration repair before execution (166.561544ms)
✔ LOOP-006, LOOP-067: bad identifier names a declaration repair before execution (138.98523ms)
✔ LOOP-067: scalar one-item lists retain their existing meaning (335.754568ms)
✔ LOOP-068: a unpopulated gitlink is refused by name (205.816464ms)
✔ LOOP-068: a populated gitlink is refused by name (204.429589ms)
✔ LOOP-069: identical selections across 100 mechanisms use at most 20 Git processes (190.783714ms)
✔ --defect needs --from naming an Agreed requirement, and writes Defect: yes (LOOP-140) (272.907639ms)
✔ an unfixed defect is named fix before a promotable item, and counts as fixed only with passing evidence at or after its commit and no Agreed text changed (LOOP-087, LOOP-140) (2287.328964ms)
✔ escalate writes the six-line format followed by its facts, and wake presents it (LOOP-010, LOOP-026) (127.588307ms)
✔ a missing or multi-line field is refused with the field named, and nothing is written (LOOP-012) (138.140101ms)
✔ a Blocking escalation that fails the format is written anyway, naming the malformed field (LOOP-013) (145.967794ms)
✔ the loop stops for the developer only at Blocking: a recorded decision below it never yields Escalate, and the Blocking bypass must be spelled exactly (DEC-002) (376.640151ms)
✔ a second escalation while one is open is refused (LOOP-011) (154.807749ms)
✔ answer records the reply; wake no longer presents it; a second answer is refused (307.076463ms)
✔ answer to an unknown escalation is refused (76.059394ms)
✔ a stranger resumes from the file alone: question and answer are both in it (LOOP-014) (171.775829ms)
✔ a developer-shaped answer during the agent's turn is refused and writes nothing; the explanation is still accepted (LOOP-135) (696.568518ms)
✔ after an answer, the same concern can be escalated again under a new name (211.050144ms)
✔ an escalation exists when its file does, committed or not (LOOP-009) (84.721539ms)
✔ developer answers require one of the three forms and cannot inject fields (LOOP-048) (607.188342ms)
✔ ask, agent explanation, another ask, and ok stay ordered in one file (LOOP-049, LOOP-050, LOOP-014) (841.054939ms)
✔ fresh closed answers accompany only concerned requirements until new evidence (LOOP-051) (719.277101ms)
✔ a raised escalation carries no derivable status line, and an old record with one still parses (LOOP-028) (151.18426ms)
✔ LOOP-065: delete of output refuses Done and a new run recovers (1426.321692ms)
✔ LOOP-065: corrupt of output refuses Done and a new run recovers (1297.882872ms)
✔ LOOP-065: delete of stderr_output refuses Done and a new run recovers (1267.341283ms)
✔ LOOP-065: corrupt of stderr_output refuses Done and a new run recovers (985.133964ms)
✔ LOOP-065: a receipt without output needs a new check (532.917784ms)
✔ LOOP-065: a receipt without output_digest needs a new check (506.075956ms)
✔ LOOP-065: a receipt without stderr_output needs a new check (467.852215ms)
✔ LOOP-065: a receipt without stderr_digest needs a new check (431.58835ms)
✔ LOOP-065: legacy unverifiable output is rerun without rewriting history (796.421774ms)
✔ a fresh record names the kernel that wrote it (LOOP-023) (337.527169ms)
✔ LOOP-095: a record from another kernel is stale with the kernel named, and a new check restores Done (754.093357ms)
✔ LOOP-095: a record from no kernel is stale with the kernel named, and a new check restores Done (672.812043ms)
✔ LOOP-070: a later failure is latest even when the clock moves backward (1112.434ms)
✔ LOOP-070: receipt collisions at one clock instant retain execution order beyond nine suffixes (3852.217791ms)
✔ LOOP-070: imported branch receipts stale a later sequence until a new check incorporates them (1223.545006ms)
✔ LOOP-070, LOOP-098: legacy receipts need one ordered check, remain byte-for-byte unchanged, and precede the run receipt in the history (576.465087ms)
✔ LOOP-070: edit of a prior receipt requires fresh evidence (483.432527ms)
✔ LOOP-070: remove of a prior receipt requires fresh evidence (486.633426ms)
✔ LOOP-075: supporting evidence file README.md does not become a receipt (567.644704ms)
✔ LOOP-075: supporting evidence file notes.txt does not become a receipt (534.939782ms)
✔ LOOP-075: supporting evidence file support does not become a receipt (480.075254ms)
✔ LOOP-075: supporting evidence file .DS_Store does not become a receipt (498.813743ms)
✔ LOOP-075: a malformed result line (result=success) names a repair before execution (362.254272ms)
✔ LOOP-075: a malformed result line (sequence=NaN) names a repair before execution (327.516742ms)
✔ LOOP-075: a malformed result line (sequence=9007199254740992) names a repair before execution (336.63137ms)
✔ LOOP-075: a malformed result line (history_digest=wrong) names a repair before execution (319.625022ms)
✔ LOOP-075: a malformed result line (tokens) names a repair before execution (322.766298ms)
✔ LOOP-075: a receipt-shaped directory is a named repair instead of an EISDIR crash (244.426221ms)
✔ LOOP-070: an earlier escalation cannot cover three new attempts after clock rollback (896.624436ms)
✔ LOOP-070: an answer becomes old after a later check even if that check's timestamp is earlier (607.475963ms)
✔ LOOP-070: the newest answer wins between checks even when its clock timestamp is older (427.127334ms)
✔ LOOP-070: legacy escalation dates cover old receipts but not three newer sequenced runs (1283.185966ms)
✔ a PKG requirement the commitment does not name is declared, run, and gates Done (PKG-011) (2119.847739ms)
✔ a PKG requirement in a Draft spec is not folded in (524.551903ms)
✔ LOOP-076, LOOP-079: stale inputs identify the receipt and the check to run (875.474872ms)
✔ LOOP-077: names a content change using checked input identity (735.061211ms)
✔ LOOP-077: names a mode change using checked input identity (734.491524ms)
✔ LOOP-077: names a kind change using checked input identity (680.463233ms)
✔ LOOP-077: names a added change using checked input identity (703.340836ms)
✔ LOOP-077: names a removed change using checked input identity (596.832829ms)
✔ LOOP-077: names a link-target change using checked input identity (849.371181ms)
✔ LOOP-077: changed selection compares the old and new input sets (512.257546ms)
✔ LOOP-077: raw CRLF changes remain visible when Git-clean content agrees (476.896973ms)
✔ LOOP-077: detail output is sorted, bounded, and reports the omitted count (504.73053ms)
✔ LOOP-077: filenames cannot inject lines or terminal controls into explanations (423.650378ms)
✔ LOOP-077: receipts from one run share details and do not store source contents (333.749199ms)
✔ LOOP-078, LOOP-080: legacy optional detail limits explanation without changing standing (560.127268ms)
✔ LOOP-078, LOOP-080: invalid-field optional detail limits explanation without changing standing (561.235319ms)
✔ LOOP-078, LOOP-080: missing optional detail limits explanation without changing standing (516.895115ms)
✔ LOOP-078, LOOP-080: invalid-json optional detail limits explanation without changing standing (494.102034ms)
✔ LOOP-078, LOOP-080: mismatched optional detail limits explanation without changing standing (507.809809ms)
✔ LOOP-078, LOOP-080: duplicate optional detail limits explanation without changing standing (532.056755ms)
✔ LOOP-078, LOOP-080: unsafe-path optional detail limits explanation without changing standing (481.300155ms)
✔ LOOP-078, LOOP-080: directory optional detail limits explanation without changing standing (497.28786ms)
✔ LOOP-078, LOOP-080: symlink optional detail limits explanation without changing standing (481.465985ms)
✔ LOOP-078: unavailable old requirement text is not claimed as a proven change (364.58152ms)
✔ LOOP-076, LOOP-079: changed requirements identify evidence and retain review-before-check guidance (374.424893ms)
✔ LOOP-078: simultaneous input and output damage keep both reasons (372.457605ms)
✔ LOOP-080: deterministic freshness sequence seed=7 (9645.826736ms)
✔ LOOP-080: deterministic freshness sequence seed=42 (5905.769987ms)
✔ LOOP-080: deterministic freshness sequence seed=913 (4825.702993ms)
✔ LOOP-080: agreement changes, mechanism review, checks, and completion review retain priority (1389.263804ms)
✔ LOOP-080: imported receipt history demands a rerun without a false input explanation (1405.078414ms)
✔ LOOP-073: clean CRLF input completes under attributes (678.509497ms)
✔ LOOP-073: clean CRLF input completes under autocrlf (602.877496ms)
✔ LOOP-073: raw line-ending mutation during a run is rejected even when Git still sees the same content (316.535607ms)
✔ LOOP-073: execution evidence changes when clean conversion preserves committed identity (1079.258747ms)
✔ LOOP-073: Git clean filters use Git's conversion while retaining raw evidence identity (591.334085ms)
✔ LOOP-073: failure of a required Git filter cannot record evidence (129.356139ms)
✔ LOOP-073: a clean filter moving HEAD during ending validation prevents evidence (687.855296ms)
✔ LOOP-073: canonical Git identities handle links without reading their targets (486.820301ms)
✔ LOOP-073: Git conversion keeps raw Unicode and control-character input paths (441.472414ms)
✔ LOOP-073: conversion and links work in a SHA-256 Git repository (447.747162ms)
✔ LOOP-074: historical specification filename "café.md" remains reviewable (432.680021ms)
✔ LOOP-074: historical specification filename "spec\ttab.md" remains reviewable (412.574141ms)
✔ LOOP-074: historical specification filename "spec\nline.md" remains reviewable (392.006445ms)
✔ help works outside a repository without running a command (PKG-017) (1065.449377ms)
✔ help does not hide invalid options or consume literal arguments (197.468166ms)
✔ help lists the lint command (PKG-017) (50.49782ms)
✔ a working directory that no longer exists is named as the failure, and git is not blamed (PKG-041, PKG-022) (186.090521ms)
✔ the stop hook refuses a stop while wake says Resolvable, with the verdict as the reason (PKG-018) (258.213535ms)
✔ the stop hook allows a stop at Done, at Escalate, and outside a Cairn repository (PKG-018) (1228.802941ms)
✔ the session-start hook links the command once and prints the verdict in a Cairn repository (PKG-019, PKG-014, PKG-005) (444.065558ms)
✔ the session-start hook prints no verdict outside a Cairn repository and leaves an existing link that resolves alone (PKG-019) (63.648989ms)
✔ a checkout under a path with a space links a command that resolves, and its stop hook still blocks (PKG-019, PKG-021) (401.055721ms)
✔ the hooks run the kernel the command link resolves to, so hook and agent share one referee (PKG-021) (1164.108083ms)
✔ a dangling link is replaced and reported (PKG-019) (151.245395ms)
✔ errors exit 0 with one line on standard error and no stack trace (PKG-022) (184.661638ms)
✔ the hooks judge with the cairn on PATH, a wrapper included, and session-start names it (PKG-033) (1049.089199ms)
✔ a link to a wrapper or file is kept; a dangling link or one to a directory is replaced (PKG-034) (374.6992ms)
✔ a project below the Git toplevel gets the verdict and the stop refusal (PKG-035) (298.580553ms)
✔ a kernel that prints no verdict is one stderr line: the stop is allowed and session-start prints no trace (PKG-036) (151.274899ms)
✔ a link that cannot be created is one stderr line, and the verdict still prints (PKG-019, PKG-022) (136.739562ms)
✔ with git absent the hooks say so in one line and block nothing (PKG-022) (99.861098ms)
✔ stop_hook_active true no longer lets a Resolvable stop through: the hook still refuses (PKG-018) (144.032115ms)
✔ receipts written by the project's own kernel are judged with it, not with a different cairn on PATH (PKG-033, PKG-021) (415.017811ms)
✔ the fourth stop on an unchanged verdict, commit and tree goes through with a message and a stop record; each refusal names cairn escalate (PKG-043, PKG-044) (463.719632ms)
✔ progress resets the count, a commit or an edited file alike, and each session counts on its own (PKG-043) (1267.853504ms)
✔ no report, one for another commitment, at another commit, or at a value that is not a commit names a new reviewer; an uncommitted review is committed first (LOOP-020) (1763.199756ms)
✔ an old report re-dated, however it is edited, does not name the new commit and names a new reviewer; a new report with the same words does not (LOOP-020) (1446.033565ms)
✔ each finding is carried by the one line citing its number and beginning with its words; malformed reports are repairs (LOOP-020) (3576.542882ms)
✔ citations name their report's commit, so rounds never collide and an old line never carries a new finding; a wrapped review line is its own repair (LOOP-020) (874.835367ms)
✔ a finding that quotes a citation in its own words is carried by copying it, and an uncited wrapped line is no repair when there is nothing to carry (LOOP-020) (606.579756ms)
✔ cairn lint runs the checker over docs/spec by default and over a named directory (PKG-028) (221.876696ms)
✔ cairn lint names a missing directory in one line, takes one argument, and reports a bad root (PKG-028) (243.570604ms)
✔ three megabytes are retained exactly once with matching digests (LOOP-041, LOOP-042) (394.635832ms)
✔ split stdout result lines survive a long non-result line; stderr is never a verdict (440.223671ms)
✔ signal termination is recorded and logs survive a clone (LOOP-043) (358.22335ms)
✔ working agreements and ignore changes are Cairn records inside the footprint (380.829334ms)
✔ a clean package passes (112.398818ms)
✔ PKG-001: a dependency, or a service manifest (178.922248ms)
✔ PKG-002: ignoring evidence or other durable state, by directory or by extension (182.567585ms)
✔ PKG-003: a command, a directory, or a record kind no decision names (337.022907ms)
✔ PKG-004: a kernel over 1900 lines, counting every file under bin/ as wc -l does; exactly 1900 passes (393.364669ms)
✔ PKG-006: a skill step naming a vendor's product, in either order, across a wrapped list item (PKG-027) (339.485072ms)
✔ PKG-008: a non-ASCII character in a tracked text file (101.160064ms)
✔ PKG-009: the kernel importing from tests (85.009131ms)
✔ PKG-012: a network call or a model client in the kernel, but not a vendor's name in text (340.955497ms)
✔ PKG-013: deferral language, but not in code, quotes, or a rule (560.058496ms)
✔ a tracked path deleted from the working tree is skipped, not a crash (87.153843ms)
✔ a sentence in a Formats section is not a record kind (73.393995ms)
✔ a record kind named by its path alone is checked (75.657168ms)
✔ PKG-002: a tracked in-progress record (83.96413ms)
✔ PKG-002: ignoring evidence alone is a finding (75.440383ms)
✔ PKG-003 reads the kernel's commands from its help output (PKG-023) (119.119351ms)
✔ the ASCII scan covers shipped files, not records under .cairn/ (PKG-024) (81.793959ms)
✔ a vendor-naming step wrapped across lines is matched (PKG-006, PKG-027) (90.834486ms)
✔ PKG-013 scans the README, the manual, and the walkthrough (PKG-032) (225.800881ms)
✔ the manifests, the listing and package.json agree on the name and version, and name paths the repository holds (PKG-037) (2.130636ms)
✔ the hooks file registers session-start and stop against the plugin's own hook.mjs through the plugin root variable (PKG-038) (0.200993ms)
✔ a Muse hook entry whose shared hook is missing prints one line and exits 0 (PKG-041, PKG-022) (81.809502ms)
✔ the registered commands print the verdict at session start, link the command into the plugin, and refuse a stop while wake says Resolvable (PKG-038, PKG-021) (477.053865ms)
✔ LOOP-071: decision body metadata does not resolve unbuilt work: "Superseded by: example" (818.092622ms)
✔ LOOP-071: decision body metadata does not resolve unbuilt work: "```text\nSuperseded by: example\n```" (727.386418ms)
✔ LOOP-071: decision body metadata does not resolve unbuilt work: "~~~text\nSuperseded by: example\n~~~" (719.743447ms)
✔ LOOP-071: a fenced realization example is not a resolving commit (665.103105ms)
✔ LOOP-071: a fenced commit inside the realization section is not built (656.269416ms)
✔ LOOP-071: ## Example cannot replace an open review finding (630.248689ms)
✔ LOOP-071: # Example cannot replace an open review finding (584.335878ms)
✔ LOOP-071: ### Example cannot replace an open review finding (583.143854ms)
✔ LOOP-071:   ## Example cannot replace an open review finding (520.463138ms)
✔ LOOP-071: Example paragraph. cannot replace an open review finding (506.857633ms)
✔ LOOP-071: Example
------- cannot replace an open review finding (478.501624ms)
✔ LOOP-071: fenced fields before a real review header are ignored (444.304187ms)
✔ LOOP-071: multiline decision --title cannot inject metadata (377.959988ms)
✔ LOOP-071: multiline decision --decided-by cannot inject metadata (381.940625ms)
✔ LOOP-071: multiline decision --rests-on cannot inject metadata (364.087234ms)
✔ LOOP-071: multiline decision --wrong-if cannot inject metadata (343.4611ms)
✔ LOOP-071: multiline decision --history cannot inject metadata (320.04347ms)
✔ LOOP-072: malformed Blocking concerns stay open: "R-001\nAnswer: ok" (76.457353ms)
✔ LOOP-072: malformed Blocking concerns stay open: "R-001\r\nAnswer: ok" (90.589691ms)
✔ LOOP-072: malformed Blocking concerns stay open: "R-001\rAnswer: ok" (83.92116ms)
✔ LOOP-072: malformed Blocking concerns stay open: "R-001 Answer: ok" (93.887232ms)
✔ LOOP-072: malformed Blocking concerns stay open: "R-001 Answer: ok" (81.294313ms)
✔ LOOP-072: ordinary malformed concerns are refused: "R-001\nR-002" (45.745607ms)
✔ LOOP-072: ordinary malformed concerns are refused: "R-001, prose" (46.437251ms)
✔ LOOP-072: ordinary malformed concerns are refused: " " (42.256275ms)
✔ LOOP-072: a Blocking escalation without concerns is still presented (96.802148ms)
✔ LOOP-072: carriage returns in a Blocking question do not create answer records (85.3387ms)
✔ LOOP-072: explanation separator 8232 cannot close an escalation (171.488531ms)
✔ LOOP-071: decision metadata refuses separator 8232 (343.248736ms)
✔ LOOP-072: explanation separator 8233 cannot close an escalation (165.383073ms)
✔ LOOP-071: decision metadata refuses separator 8233 (348.222373ms)
✔ Concerns, Rests on, and Promoted from written as lists read as the flat form (LOOP-124) (688.514364ms)
✔ an item named by filename, path, or backticked slug resolves like the slug (LOOP-125) (576.780457ms)
✔ an input that covers Cairn's own output is named as the repair, before and after a check (LOOP-126, LOOP-105) (830.447349ms)
✔ an unreadable record directory is a repair, not an error exit (LOOP-127) (79.797913ms)
✔ a title that slugifies to nothing is refused (LOOP-128) (140.500707ms)
✔ examined: [] is an empty list (LOOP-129, LOOP-108) (462.415519ms)
✔ below the Git toplevel the restore check compares root-relative paths (LOOP-130, LOOP-035) (369.027278ms)
✔ below the Git toplevel an uncommitted declared input is named from the project root (LOOP-132, LOOP-030) (237.630886ms)
✔ a value on the key line followed by list items is the first item, never dropped (LOOP-133) (690.734047ms)
✔ the footprint's walk reads Current: as the wake does: a fenced example below the real line, or a second line in history, never moves the start (LOOP-134, LOOP-035) (300.691952ms)
✔ an input spelled .. from a project below the Git toplevel covers the evidence directory (LOOP-126, LOOP-105) (80.207788ms)
✔ a Consequential record this commitment added needs its queue entry committed (LOOP-131, DEC-004) (481.998297ms)
✔ a mechanism that removes the check lock still gets its evidence, with no repair for the lock (LOOP-107) (228.680592ms)
✔ a staged rename reads as its two paths, never as a bare origin token (LOOP-030, LOOP-110) (115.404611ms)
✔ a Current: line inside a fenced example is neither a second Current: line nor the commitment, before or after the real line (LOOP-104) (193.975002ms)
✔ a Status: word is taken only from a line that carries one, never from wrapped prose after it (SPEC-018) (0.767274ms)
✔ the placeholder left above a resolving entry is a repair naming the file (DEC-021) (232.214028ms)
✔ the placeholder alone is a decision recorded and not yet built, unchanged (DEC-007) (81.226697ms)
✔ resolving entries with no placeholder are unchanged (DEC-006) (119.833776ms)
✔ a shallow clone that cannot resolve its entries is still told to fetch, not to edit (LOOP-113 keeps precedence) (128.083676ms)
✔ the placeholder quoted in a fenced example does not make a built record a repair (DEC-021) (120.023723ms)
✔ supersede takes the same decider vocabulary as decide (DEC-020) (95.246039ms)
✔ a superseded record is held to the same line: its placeholder above a resolving entry is a repair (DEC-021, DEC-010) (194.33516ms)
✔ realize() touches only the Realized by section; a body that quotes the placeholder keeps it (124.756018ms)
✔ an untracked file under a declared input is not a change under way; check still refuses beside it and names .gitignore (LOOP-110, LOOP-030) (220.825402ms)
✔ an unmatched input is refused before execution (LOOP-044) (163.296621ms)
✔ an indexed input deleted on disk asks for a commit (LOOP-045) (187.993479ms)
✔ wake and check require a Git working tree (LOOP-046) (131.960758ms)
✔ recovery removes only dead kernel run records and identifies a live owner (LOOP-054, LOOP-055) (432.634214ms)
✔ an agent action based behind a clean HEAD appears committed (LOOP-027) (228.955283ms)
✔ realization needs a real commit and a subject (DEC-006) (312.104629ms)
✔ 1500 binary inputs digest identically at the review commit in under a second (LOOP-024) (1566.500706ms)
✔ merged work is excluded but a later own commit is a breach (LOOP-047) (277.136279ms)
✔ exact Current tenure ignores prefix matches and earlier visits to the same slug (LOOP-035) (304.001866ms)
✔ a kernel run records its supervising PID (LOOP-054) (306.459187ms)
✔ a merged declared input still stales evidence (LOOP-047) (420.645266ms)
✔ wildcard and magic pathspecs select the same historical inputs (LOOP-024, LOOP-032) (2338.159565ms)
✔ historical selection retains deleted files and excludes new ones (LOOP-024, LOOP-035) (1384.629194ms)
✔ cairn --version prints the package.json version outside a repository, and help lists it (PKG-039) (142.411081ms)
✔ a release is one commit setting one version in the five files, with the changelog entry, tagged v<version> (PKG-040) (1221.254766ms)
✔ the release script refuses a bad version, no increase, a dirty tree, a missing entry, a taken tag, a disagreeing file, and a loop not at Done, each in one line with nothing written (PKG-040) (2042.533119ms)
✔ a version file written as compact JSON is released, and nothing else in any version file changes (PKG-042) (1332.889248ms)
✔ with attribution forbidden, the release script refuses an unpushed commit carrying an AI attribution line (PKG-045) (610.488732ms)
✔ explicit reporting with no lines and exit 0 establishes no requirement verdicts (LOOP-061) (487.024864ms)
✔ explicit reporting with no lines and exit 1 establishes no requirement verdicts (LOOP-061) (560.769375ms)
✔ a reporter that cannot start keeps execution diagnostics without blaming requirements (LOOP-062) (314.779476ms)
✔ large output cannot kill a reporter or invent a requirement verdict (399.062068ms)
✔ explicit mode ignores cairn: R-999: pass (349.641805ms)
✔ explicit mode ignores cairn: R-001: unverified (350.318986ms)
✔ explicit mode ignores cairn: R-001: passed (323.165238ms)
✔ explicit results survive nonzero exit and contradictory duplicates still fail (612.212478ms)
✔ unverified results across changed inputs never become failed attempts (1510.272808ms)
✔ legacy exit 0 retains its interpretation (234.33564ms)
✔ legacy exit 1 retains its interpretation (236.393266ms)
✔ a misspelled reporting mode is refused before execution (123.227358ms)
✔ changed requirement blocks unchecked reruns and makes the completion review stale (LOOP-058, LOOP-059) (2092.494088ms)
✔ falsifier changes need review; separate rationale and other requirements do not change a receipt (1378.429679ms)
✔ legacy receipts recover requirement identity from their commit; unavailable history requires review (1033.7973ms)
✔ check refuses uncommitted requirement text and mechanism review markers (850.674545ms)
✔ tightened response limit cannot reuse the old passing check (1427.930669ms)
✔ a declared input over 1 MiB agrees at a commit and in the tree (LOOP-060) (468.016978ms)
✔ a failed Git blob read cannot be hashed as an empty blob (452.03829ms)
✔ Git listings over 1 MiB include the last declared input (2166.902531ms)
✔ requirement identity excludes fenced examples and status dates (527.58206ms)
✔ DemonCoder REM-002 and Status in progress cannot silently satisfy the review gate (LOOP-086) (913.90451ms)
✔ valid open findings retain their behavior (536.373438ms)
✔ valid resolved findings retain their behavior (602.288004ms)
✔ valid empty findings retain their behavior (578.532612ms)
✔ valid mixed valid findings retain their behavior (535.704916ms)
✔ malformed finding "open:" requires repair (497.802912ms)
✔ malformed finding "resolved:   " requires repair (420.598604ms)
✔ malformed finding "Open: incorrect case" requires repair (394.215255ms)
✔ malformed finding "unknown: issue" requires repair (379.136193ms)
✔ malformed finding "\u001b[31mBAD: issue" requires repair (370.749785ms)
✔ the established explicit empty findings list remains valid (408.439327ms)
✔ a scalar findings value requires the supported list format (352.535277ms)
✔ check runs a mechanism when a requirement outside the commitment was revised, and asks for the review once a commitment includes it (LOOP-059) (1145.096263ms)
✔ a Requirements: line written as a list is read like the flat form (LOOP-102) (178.025774ms)
✔ a subdirectory or a README in a record directory changes nothing (LOOP-103) (623.997057ms)
✔ two Current: lines are a roadmap repair (LOOP-104) (90.638769ms)
✔ a repeated identifier, an input under the evidence directory, and a missing cwd are refused by name (LOOP-105) (485.64021ms)
✔ a requirement whose evidence outlives its mechanism is named declare, not a regression or an escalation (LOOP-106) (1117.133493ms)
✔ an unreadable record is a repair, not an error exit (LOOP-107) (103.718227ms)
✔ a review needs commit, a nonempty examined list, and a findings list, each named when missing (LOOP-108) (1052.571719ms)
✔ a decision record missing a header field or naming a missing predecessor is a repair (LOOP-109) (305.24837ms)
✔ a dirty declared input with no in-progress record is named record ahead of run (LOOP-022, LOOP-110) (226.005456ms)
✔ with core.filemode false the index mode is the identity, so a mode-only difference does not refuse the check (LOOP-111) (239.936311ms)
✔ a project below the Git toplevel can run check (LOOP-112) (262.542708ms)
✔ a shallow clone names history to fetch, not a decision to build (LOOP-113) (189.517226ms)
✔ record-writing commands refuse to run outside a Cairn repository and write nothing (LOOP-118) (246.257724ms)
✔ a git that cannot start is one line and exit 3 from wake and from check, with nothing recorded (LOOP-137) (99.812257ms)
✔ an unexplained or uncommitted stop record is named explain before any other action; explained and committed, the wake moves on (LOOP-139) (271.791032ms)
✔ empty footprint names declaration before scope and records no evidence (LOOP-081) (651.687869ms)
✔ first declaration still checks the full earlier history (LOOP-081) (364.824449ms)
✔ an empty current footprint does not block an explicitly requested existing mechanism (LOOP-081) (312.679969ms)
✔ an inherited mechanism provides a footprint even before local mechanisms exist (256.754255ms)
✔ scope reports every path, escapes line breaks, and gives identical remedies (LOOP-082) (227.893046ms)
✔ scope verdict reuses the answered-escalation annotation (LOOP-048, LOOP-051, LOOP-083) (598.343242ms)
✔ a committed scope acknowledgment lets restored history proceed (LOOP-083) (739.309477ms)
✔ scope acknowledgment must be committed before it can clear a breach (662.455886ms)
✔ ordinary ok does not acknowledge scope history (317.12106ms)
✔ scope escalation refuses unrestored paths and names the restoration remedy (258.89821ms)
✔ an invalid scope request still records an explicitly Blocking decision (157.304182ms)
✔ ask and explanation stay open; only the final committed ok acknowledges scope (749.312805ms)
✔ instead is visible but does not silently authorize a scope exception (382.029202ms)
✔ later changes to an acknowledged path still block, including later reverts (1161.318005ms)
✔ approval cannot hide another path changed after the snapshot (407.421324ms)
✔ acknowledged history remains conditional on the paths staying restored (538.119576ms)
✔ editing the scope snapshot after answer invalidates its acknowledgment (268.116083ms)
✔ malformed scope metadata cannot suppress a breach (1411.341349ms)
✔ damaged acknowledgment fields cannot suppress a breach (538.360458ms)
✔ scope path matching is literal, including wildcard filenames and control characters (511.030697ms)
✔ scope acknowledgment does not carry into another activation of the same slug (284.812954ms)
✔ restoration checks additions, deletions, executable modes, and symlink kinds (1434.53253ms)
✔ explicit committed retention keeps correct work and requires new evidence and review (LOOP-084, LOOP-085) (2253.099929ms)
✔ a missing declaration covers correct earlier work without retention or revert (535.138315ms)
✔ keep requires scope and an unchanged committed candidate (158.281399ms)
✔ uncommitted retention and instead answers cannot clear the incident (1077.339588ms)
✔ retention does not grant future edits, even when reverted to the approved tree (1342.626071ms)
✔ retention cannot cover another path or another activation (590.504327ms)
✔ imported changes must still match the retained tree (609.807977ms)
✔ retention handles additions, deletions, modes, symlinks, and literal filenames (1975.249869ms)
✔ retention cannot convert an existing restoration answer or accept an unknown mode (454.71995ms)
✔ a check failure after retention remains a failure (702.131955ms)
✔ retained paths stay part of the stable checked candidate without extending its footprint (567.724254ms)
✔ retention ask needs an explanation and final committed approval (521.092583ms)
✔ an unknown scope mode remains invalid even with a matching approval digest (272.940649ms)
✔ backlog writes the item; a second with the same title is refused, never overwritten (LOOP-016) (134.288854ms)
✔ a commit inside the footprint: check runs; outside it: check names the path and does not run (LOOP-015, LOOP-035) (573.622103ms)
✔ Cairn's records are never a breach; another file under docs/ is (LOOP-117) (710.699946ms)
✔ declaring the path as an input clears the breach (310.846666ms)
✔ a revert preserves the record of an out-of-scope commit (LOOP-047) (325.695095ms)
✔ a commitment naming a requirement the spec set does not hold as Agreed is repaired (LOOP-029) (87.311659ms)
✔ a requirement in a Draft spec file is not Agreed (72.9582ms)
✔ working agreements and the ignore file are Cairn records (LOOP-035, LOOP-036) (460.420928ms)
✔ the over-asking rule is gone from both skills (SPEC-005, SPEC-006, SPEC-007) (1.728065ms)
✔ a decision during the phase is recorded (DEC-003) (0.129487ms)
✔ understanding is restated before writing (SPEC-003) (0.107263ms)
✔ falsifiers are proposed as one set and confirmed by exception (SPEC-004) (0.258549ms)
✔ depth is inferred and domains derived, never asked or imposed (SPEC-008, SPEC-009) (0.148688ms)
✔ a term enters the glossary at first occurrence (SPEC-010) (0.101096ms)
✔ the phase ends at the first commitment, and later ones are specified during the loop (SPEC-011, SPEC-012) (0.194626ms)
✔ a requirement goes Agreed only with a nameable mechanism (SPEC-013) (0.119891ms)
✔ review before agreement, recording what it attacked (SPEC-014, SPEC-015) (0.134566ms)
✔ no spec file without requirements; nothing Agreed without a falsifier (SPEC-001, SPEC-002) (0.223449ms)
✔ Observed is marked, and is not contract (SPEC-016, SPEC-017) (0.157385ms)
✔ the skills exclude artifacts outside Cairn's workflow (0.277639ms)
✔ the working agreement names the agent's move for each verdict and the write-ahead record (LOOP-036) (0.284846ms)
✔ the working agreement names the developer's moves (LOOP-036, DEC-014) (0.526641ms)
✔ this repository runs by the file it ships (0.420658ms)
✔ both skills write the working agreement without naming a vendor's file (LOOP-002, LOOP-036, PKG-006) (0.175708ms)
✔ the working agreement says what an attempt is (LOOP-036, DEC-017, DEC-018) (0.09185ms)
✔ the working agreement says a failure no footprint change can address is an escalation, and where an inherited requirement is repaired (DEC-019, LOOP-057) (0.10503ms)
✔ the working agreement states the promote, next-iteration, and no-deferral moves (LOOP-029, LOOP-087, LOOP-091, LOOP-092) (0.091653ms)
✔ both skills sort captures into the backlog or next-iteration and forbid deferral (LOOP-029, LOOP-092, LOOP-093) (0.080308ms)
✔ the skill requires a falsifier on every requirement, a MAY included (SPEC-025) (0.076471ms)
✔ the working agreement names the hooks as optional and the install skill registers them for two harnesses (PKG-006, PKG-018, PKG-019) (0.23945ms)
✔ the working agreement says the kernel is upgraded at Done, never inside a commitment (LOOP-096) (0.114121ms)
✔ the next-iteration skill starts from the specification and ends by naming the next commitment (SPEC-026, SPEC-027) (0.257422ms)
✔ every document that names the project skills names next-iteration beside them (SPEC-026, PKG-014) (2.45118ms)
✔ the working agreement states a move for every action the kernel can name (LOOP-101) (1.957442ms)
✔ the working agreement states both record formats and the two flags the moves need (LOOP-036) (0.177157ms)
✔ the skills demonstrate a safe violating example and preserve recon findings (SPEC-022, SPEC-023) (0.077823ms)
✔ the specification skills run the checker through the cairn command (PKG-029) (0.228551ms)
✔ the README invokes the phase skills by name and states versions and platforms (PKG-030, PKG-031) (0.383545ms)
✔ the manual and the walkthrough say the loop promotes backlog items at Done (0.748569ms)
✔ the working agreement says a report is not work under way, its findings are captured, and it is committed with them (LOOP-138) (0.078464ms)
✔ a two-obligation sentence is named (PKG-007) (42.60747ms)
✔ an obligation with no actor is named (PKG-010) (45.522901ms)
✔ a leading condition clause is not the actor, and the actor after it counts (45.441594ms)
✔ an Agreed requirement with no falsifier is named (SPEC-002); a Draft one is not (84.329026ms)
✔ prose after a Draft requirement with no falsifier is not scanned as requirement text (54.674837ms)
✔ a spec declaring a prefix with no requirement is named (SPEC-001) (45.161233ms)
✔ a keyword in backticks or quotes is a mention, not an obligation (45.359159ms)
✔ duplicate identifiers are rejected within a file and across files (SPEC-020) (75.960573ms)
✔ references resolve across files; missing references name their source (SPEC-021) (82.085611ms)
✔ code examples and quoted mentions are neither definitions nor references (44.42587ms)
✔ machine-local paths are findings in prose, links, quotes, and examples (SPEC-019) (408.565451ms)
✔ relative paths, URLs, slash commands, and character mentions are not absolute path findings (55.619677ms)
✔ a slash after a placeholder continues the template (SPEC-019) (88.972321ms)
✔ a host path is a finding until the file declares it (SPEC-019, SPEC-024) (71.61216ms)
✔ declared host paths cover children with a slash boundary and stay file-local (134.768585ms)
✔ a host-path declaration inside a requirement or example grants no exception (125.88299ms)
✔ host-path declarations require absolute or home-relative entries (201.716723ms)
✔ an Agreed block whose only keyword is MAY needs a falsifier like any other (SPEC-025, SPEC-002) (100.07457ms)
✔ a regex literal is not a path, a drive path and a file URL are, and a skill's slash name is allowed (SPEC-028, SPEC-029) (83.606877ms)
✔ a backticked or quoted actor still counts as one (PKG-010) (43.222932ms)
✔ supersede writes both lines, and the old record keeps every word it had (DEC-008, DEC-010) (87.464362ms)
✔ supersede without a cause, or with one outside the four, is refused (DEC-009) (132.49075ms)
✔ supersede of a record that does not exist is refused (79.762922ms)
✔ a predecessor with no title line cannot be stamped, so nothing is written (86.416526ms)
✔ a --supersedes argument outside the slug alphabet is refused, and a path never reaches the filesystem (DEC-022) (229.94426ms)
✔ a record already superseded cannot be superseded again: one Superseded by line per record (DEC-022, DEC-010) (197.584335ms)
✔ reversals reports counts by decider, cause, and domain (DEC-011) (218.676472ms)
✔ decide in a domain with a reversal is refused without --history, naming the reversal; with it, the record carries History (DEC-012) (175.612439ms)
✔ decide in a domain with no reversals needs no --history (124.611828ms)
✔ a record resting on prose alone is in the domain unspecified, and so is the next one (166.535765ms)
✔ the decider tally normalizes case and whitespace, and names a value outside the vocabulary (DEC-020, DEC-011) (84.422869ms)
✔ a record with no Decided by line is tallied as unrecorded, not as a vocabulary value (71.768473ms)
✔ Decided by written as a list tallies like the flat form, and does not crash the report (LOOP-124, DEC-020) (81.583746ms)
✔ a second declaration for one requirement is accepted, a named check runs every mechanism, and Done needs each to pass (LOOP-056, LOOP-099) (2149.918569ms)
✔ one mechanism's stale evidence names that mechanism, and --stale runs only it (LOOP-056, LOOP-094) (778.108049ms)
✔ attempts are counted within one mechanism's records, so the other's passes do not reset them (LOOP-100, DEC-016) (1454.913909ms)
✔ step 1: an in-progress record is reconciled before anything else (92.148077ms)
✔ step 2: an open escalation is presented and nothing else happens (85.689722ms)
✔ an answered escalation is not open (528.919076ms)
✔ step 3: a decision with no realized-by is built, first by name (DEC-007) (90.218584ms)
✔ a superseded decision with no realized-by is not work (121.59979ms)
✔ step 6: a mechanism that has never run is run, not implemented (LOOP-008) (127.600913ms)
✔ step 6: a requirement whose mechanism fails is implemented (532.228716ms)
✔ step 6 before step 7: failing evidence outranks a missing mechanism (331.427123ms)
✔ step 7: a requirement with no mechanism is declared (LOOP-106) (92.939504ms)
✔ every verdict names who acts: Resolvable is the agent's, Done needs nobody, Escalate waits for the developer (LOOP-004) (581.119542ms)
✔ malformed roadmap is Resolvable, not fatal (LOOP-005) (66.532648ms)
✔ a commitment naming no requirements is Resolvable (LOOP-018) (76.828749ms)
✔ the primary test: two wakes on the same checkout give the same action, before and after a persisted transition (LOOP-001, LOOP-003) (564.551816ms)
✔ outside a cairn repository wake cannot run (37.896564ms)
✔ the loop never waits on the review queue (DEC-015) (369.458865ms)
✔ twenty built records cost one git call to resolve, not twenty (DEC-023) (172.129236ms)
✔ an ambiguous Realized by identifier is the repair that says lengthen it, not a build (LOOP-113, DEC-023) (182.722688ms)
✔ the linked walkthrough runs from agreement through the next commitment (PKG-016) (1429.598752ms)
ℹ tests 506
ℹ suites 0
ℹ pass 506
ℹ fail 0
ℹ cancelled 0
ℹ skipped 0
ℹ todo 0
ℹ duration_ms 23271.556735
