✔ a Draft block overrides an Agreed file for both wake and check (SPEC-018) (179.022228ms)
✔ an Agreed block overrides a Draft file in the kernel and lint (SPEC-018, SPEC-002) (526.892918ms)
✔ a block Status does not become the file default, including inside examples (SPEC-018) (317.187944ms)
✔ block status without a value does not inherit Agreed by accident (SPEC-018) (69.256334ms)
✔ inheritance needs a file Scope and includes only Agreed blocks, regardless of prefix (PKG-015) (1365.868713ms)
✔ Scope inside a requirement or fenced example does not declare inheritance (PKG-015) (633.227225ms)
✔ LOOP-063: reject input mutation during a check and retain diagnostics (389.431057ms)
✔ LOOP-063: reject deletion mutation during a check and retain diagnostics (355.969122ms)
✔ LOOP-063: reject addition mutation during a check and retain diagnostics (335.862711ms)
✔ LOOP-063: reject mode mutation during a check and retain diagnostics (330.327089ms)
✔ LOOP-063: reject specification mutation during a check and retain diagnostics (294.42791ms)
✔ LOOP-063: reject declaration mutation during a check and retain diagnostics (287.639238ms)
✔ LOOP-063: reject commit mutation during a check and retain diagnostics (249.409178ms)
✔ LOOP-063: committed input mutation during execution cannot certify the replacement (252.136029ms)
✔ LOOP-064: removing executable permission makes passing evidence stale (420.231228ms)
✔ LOOP-064: a mode-only change also invalidates the previous review after new evidence (624.340172ms)
✔ LOOP-064: changing a regular file into a link with identical identity bytes is stale (696.199453ms)
✔ LOOP-063: an unchanged candidate still records a pass despite unrelated working-tree edits (195.440989ms)
✔ LOOP-064: current and historical input ordering agrees for Unicode filenames (295.40547ms)
✔ LOOP-063: Git status hiding content changes cannot certify an uncommitted candidate (109.34878ms)
✔ LOOP-063: Git status hiding mode changes cannot certify an uncommitted candidate (113.809376ms)
✔ LOOP-066: one check owns execution with a kernel action record (443.531038ms)
✔ LOOP-066: one check owns execution with an agent action record (396.519273ms)
✔ LOOP-066: a live lock is named and never silently overwritten (111.118487ms)
✔ LOOP-066: a dead lock is named and never silently overwritten (111.489048ms)
✔ LOOP-066: a incomplete lock is named and never silently overwritten (117.19859ms)
✔ LOOP-066: an execution error releases the check lock for a corrected rerun (386.807321ms)
✔ LOOP-066: a live kernel action from an older Cairn also blocks execution (68.177777ms)
✔ LOOP-066: separate Git worktrees can run checks independently (355.32235ms)
✔ after a green check --stale runs nothing; after one input changes it runs only that mechanism (LOOP-094) (1006.360489ms)
✔ a mechanism speaking for two stale requirements runs once and refreshes both (LOOP-094, LOOP-040) (558.891794ms)
✔ a fresh failure and an unverified result are skipped with implement named (LOOP-094) (510.326423ms)
✔ --stale with a requirement identifier is refused (LOOP-094) (49.175923ms)
✔ check refuses a dirty declared input and names it; a dirty undeclared file does not block (429.334194ms)
✔ check writes one receipt per run carrying the full record and a result line per requirement (LOOP-097) (311.958204ms)
✔ a nonzero exit records fail, and the receipt keeps the exit code (294.454857ms)
✔ two checks write two records; nothing is overwritten or deleted (499.081711ms)
✔ a commit changing a declared input makes evidence stale; an undeclared one does not (598.343932ms)
✔ a regression is named before a requirement that never passed (687.987079ms)
✔ three attempts with no escalation since: wake says escalate, not a fourth (DEC-016, DEC-017, DEC-018) (1791.311348ms)
✔ the review gate: no review, stale review, open finding, then Done (916.687392ms)
✔ Done is refused while any requirement lacks current passing evidence (83.728313ms)
✔ check names a requested requirement that no mechanism claims (102.848467ms)
✔ check writes and clears an in-progress record around the run (178.529783ms)
✔ a linked declared input digests the same at a commit and in the tree (LOOP-023, LOOP-024) (389.514489ms)
✔ a result line is the mechanism's statement about one requirement; what it did not mention is unverified (LOOP-037, LOOP-052) (188.253803ms)
✔ a mechanism that says nothing is read by its exit code for every requirement (LOOP-039) (183.744656ms)
✔ unverified is not an attempt, and a return to an earlier failed digest counts once (DEC-017, DEC-018) (1588.879263ms)
✔ a result line for a requirement the mechanism does not speak for is named and writes nothing (LOOP-038) (194.890788ms)
✔ a result line inside ordinary output, or without the marker, does not count (179.555041ms)
✔ a targeted check runs the named requirements' mechanisms and records every requirement they speak for (LOOP-040) (175.453643ms)
✔ two result lines for one requirement: a fail on any line wins (177.190791ms)
✔ three runs at one digest with no attempt since: the verdict stays implement and names DEC-019; an escalation naming it among others clears the hint (DEC-019, LOOP-053) (842.248198ms)
✔ a complete commitment with an unpromoted backlog item names promote, and a stamped item lets it reach Done (LOOP-087) (828.443851ms)
✔ an empty backlog with a next-iteration item names an escalation recommending what to specify next; both empty is Done (LOOP-091) (572.680774ms)
✔ a promotion marker must resolve to a decision record (LOOP-088) (197.596184ms)
✔ a commitment promoted from an item needs a decision record naming the item (LOOP-088) (199.024498ms)
✔ the spec lint reports a promotion marker with no decision record (LOOP-088) (63.919594ms)
✔ a promoted commitment that changes an Agreed requirement or the working agreement is an escalation; an unpromoted one is not (LOOP-089, LOOP-090) (1146.97854ms)
✔ a capture from one of the commitment's own requirements needs Outside because: or an escalation (LOOP-092) (1280.305456ms)
✔ a next-iteration item names what it would change, and the capture refuses one that does not (LOOP-093) (366.239064ms)
✔ an answered next-iteration escalation makes wake name specify: the recommended item on ok, the named one on instead (LOOP-091) (1365.674694ms)
✔ writes a record with every required field and an empty realized-by (36.415314ms)
✔ a Consequential decision is queued for review (47.458543ms)
✔ a Consequential decision is queued even when .cairn/queue does not exist yet (51.449088ms)
✔ Routine is refused: routine decisions produce no record (40.112968ms)
✔ a missing field is a usage error and nothing is written (40.411376ms)
✔ supersedes requires a classified cause, and the old record must exist (133.297746ms)
✔ an existing record is not overwritten (98.44809ms)
✔ a queued decision stays queued; nothing but the developer removes it (DEC-014) (89.325509ms)
✔ LOOP-067: missing inputs names a declaration repair before execution (126.351506ms)
✔ LOOP-067: empty inputs names a declaration repair before execution (135.108697ms)
✔ LOOP-067: missing command names a declaration repair before execution (134.373098ms)
✔ LOOP-067: list command names a declaration repair before execution (130.979861ms)
✔ LOOP-067: empty command names a declaration repair before execution (125.70955ms)
✔ LOOP-067: missing requirements names a declaration repair before execution (124.044123ms)
✔ LOOP-067: bad identifier names a declaration repair before execution (139.775155ms)
✔ LOOP-067: scalar one-item lists retain their existing meaning (255.496981ms)
✔ LOOP-068: a unpopulated gitlink is refused by name (149.717474ms)
✔ LOOP-068: a populated gitlink is refused by name (147.234927ms)
✔ LOOP-069: identical selections across 100 mechanisms use at most 20 Git processes (138.917145ms)
✔ escalate writes the six-line format followed by its facts, and wake presents it (138.389775ms)
✔ a missing or multi-line field is refused with the field named, and nothing is written (96.323975ms)
✔ a Blocking escalation that fails the format is written anyway, naming the malformed field (LOOP-014) (108.154895ms)
✔ a --level other than Blocking is refused rather than silently losing the bypass (61.459866ms)
✔ a second escalation while one is open is refused (LOOP-011) (103.163945ms)
✔ answer records the reply; wake no longer presents it; a second answer is refused (235.365584ms)
✔ answer to an unknown escalation is refused (57.577365ms)
✔ a stranger resumes from the file alone: question and answer are both in it (LOOP-013) (115.21513ms)
✔ after an answer, the same concern can be escalated again under a new name (144.587516ms)
✔ an escalation exists when its file does, committed or not (LOOP-009) (64.350104ms)
✔ developer answers require one of the three forms and cannot inject fields (LOOP-048) (444.693567ms)
✔ ask, agent explanation, another ask, and ok stay ordered in one file (LOOP-049, LOOP-050, LOOP-014) (566.20625ms)
✔ fresh closed answers accompany only concerned requirements until new evidence (LOOP-051) (584.1737ms)
✔ LOOP-065: delete of output refuses Done and a new run recovers (1063.407549ms)
✔ LOOP-065: corrupt of output refuses Done and a new run recovers (888.933469ms)
✔ LOOP-065: delete of stderr_output refuses Done and a new run recovers (754.859257ms)
✔ LOOP-065: corrupt of stderr_output refuses Done and a new run recovers (732.564744ms)
✔ LOOP-065: a receipt without output needs a new check (392.966743ms)
✔ LOOP-065: a receipt without output_digest needs a new check (395.813991ms)
✔ LOOP-065: a receipt without stderr_output needs a new check (389.672559ms)
✔ LOOP-065: a receipt without stderr_digest needs a new check (344.700374ms)
✔ LOOP-065: legacy unverifiable output is rerun without rewriting history (637.514089ms)
✔ a fresh record names the kernel that wrote it (LOOP-023) (298.349015ms)
✔ LOOP-095: a record from another kernel is stale with the kernel named, and a new check restores Done (690.340403ms)
✔ LOOP-095: a record from no kernel is stale with the kernel named, and a new check restores Done (692.219512ms)
✔ LOOP-070: a later failure is latest even when the clock moves backward (864.375704ms)
✔ LOOP-070: receipt collisions at one clock instant retain execution order beyond nine suffixes (2546.26329ms)
✔ LOOP-070: imported branch receipts stale a later sequence until a new check incorporates them (1010.123754ms)
✔ LOOP-070: legacy receipts need one ordered check and remain byte-for-byte unchanged (471.693054ms)
✔ LOOP-070: edit of a prior receipt requires fresh evidence (435.090114ms)
✔ LOOP-070: remove of a prior receipt requires fresh evidence (438.299259ms)
✔ LOOP-075: supporting evidence file README.md does not become a receipt (497.61854ms)
✔ LOOP-075: supporting evidence file notes.txt does not become a receipt (468.475955ms)
✔ LOOP-075: supporting evidence file support does not become a receipt (475.194902ms)
✔ LOOP-075: supporting evidence file .DS_Store does not become a receipt (481.545151ms)
✔ LOOP-075: a malformed result line (result=success) names a repair before execution (352.923817ms)
✔ LOOP-075: a malformed result line (sequence=NaN) names a repair before execution (345.692858ms)
✔ LOOP-075: a malformed result line (sequence=9007199254740992) names a repair before execution (346.06343ms)
✔ LOOP-075: a malformed result line (history_digest=wrong) names a repair before execution (323.430664ms)
✔ LOOP-075: a malformed result line (tokens) names a repair before execution (321.434925ms)
✔ LOOP-075: a receipt-shaped directory is a named repair instead of an EISDIR crash (266.66632ms)
✔ LOOP-070: an earlier escalation cannot cover three new attempts after clock rollback (923.49978ms)
✔ LOOP-070: an answer becomes old after a later check even if that check's timestamp is earlier (579.915427ms)
✔ LOOP-070: the newest answer wins between checks even when its clock timestamp is older (374.106402ms)
✔ LOOP-070: legacy escalation dates cover old receipts but not three newer sequenced runs (1308.576251ms)
✔ a PKG requirement the commitment does not name is declared, run, and gates Done (PKG-011) (1544.315619ms)
✔ a PKG requirement in a Draft spec is not folded in (361.406443ms)
✔ LOOP-076/079: stale inputs identify the receipt and the check to run (618.606461ms)
✔ LOOP-077: names a content change using checked input identity (553.264499ms)
✔ LOOP-077: names a mode change using checked input identity (505.144818ms)
✔ LOOP-077: names a kind change using checked input identity (469.192564ms)
✔ LOOP-077: names a added change using checked input identity (419.425775ms)
✔ LOOP-077: names a removed change using checked input identity (427.545672ms)
✔ LOOP-077: names a link-target change using checked input identity (611.446563ms)
✔ LOOP-077: changed selection compares the old and new input sets (404.307006ms)
✔ LOOP-077: raw CRLF changes remain visible when Git-clean content agrees (375.621716ms)
✔ LOOP-077: detail output is sorted, bounded, and reports the omitted count (393.63315ms)
✔ LOOP-077: filenames cannot inject lines or terminal controls into explanations (368.381324ms)
✔ LOOP-077: receipts from one run share details and do not store source contents (298.505712ms)
✔ LOOP-078/080: legacy optional detail limits explanation without changing standing (463.817284ms)
✔ LOOP-078/080: invalid-field optional detail limits explanation without changing standing (479.68204ms)
✔ LOOP-078/080: missing optional detail limits explanation without changing standing (490.638041ms)
✔ LOOP-078/080: invalid-json optional detail limits explanation without changing standing (480.824362ms)
✔ LOOP-078/080: mismatched optional detail limits explanation without changing standing (473.791134ms)
✔ LOOP-078/080: duplicate optional detail limits explanation without changing standing (466.610241ms)
✔ LOOP-078/080: unsafe-path optional detail limits explanation without changing standing (433.421595ms)
✔ LOOP-078/080: directory optional detail limits explanation without changing standing (435.445685ms)
✔ LOOP-078/080: symlink optional detail limits explanation without changing standing (433.66799ms)
✔ LOOP-078: unavailable old requirement text is not claimed as a proven change (384.625765ms)
✔ LOOP-076/079: changed requirements identify evidence and retain review-before-check guidance (363.893981ms)
✔ LOOP-078: simultaneous input and output damage keep both reasons (370.710784ms)
✔ LOOP-080: deterministic freshness sequence seed=7 (7344.690512ms)
✔ LOOP-080: deterministic freshness sequence seed=42 (5701.862512ms)
✔ LOOP-080: deterministic freshness sequence seed=913 (4733.213881ms)
✔ LOOP-080: agreement changes, mechanism review, checks, and completion review retain priority (1098.093405ms)
✔ LOOP-080: imported receipt history demands a rerun without a false input explanation (1220.052284ms)
✔ LOOP-073: clean CRLF input completes under attributes (485.451295ms)
✔ LOOP-073: clean CRLF input completes under autocrlf (470.862148ms)
✔ LOOP-073: raw line-ending mutation during a run is rejected even when Git still sees the same content (221.663421ms)
✔ LOOP-073: execution evidence changes when clean conversion preserves committed identity (731.568204ms)
✔ LOOP-073: Git clean filters use Git's conversion while retaining raw evidence identity (371.153016ms)
✔ LOOP-073: failure of a required Git filter cannot record evidence (96.580321ms)
✔ LOOP-073: a clean filter moving HEAD during ending validation prevents evidence (272.169877ms)
✔ LOOP-073: canonical Git identities handle links without reading their targets (319.073398ms)
✔ LOOP-073: Git conversion keeps raw Unicode and control-character input paths (294.27245ms)
✔ LOOP-073: conversion and links work in a SHA-256 Git repository (307.886099ms)
✔ LOOP-074: historical specification filename "café.md" remains reviewable (308.165553ms)
✔ LOOP-074: historical specification filename "spec\ttab.md" remains reviewable (326.607797ms)
✔ LOOP-074: historical specification filename "spec\nline.md" remains reviewable (312.453791ms)
✔ help works outside a repository without running a command (PKG-017) (804.25782ms)
✔ help does not hide invalid options or consume literal arguments (160.547394ms)
✔ the stop hook refuses a stop while wake says Resolvable, with the verdict as the reason (PKG-018) (185.828179ms)
✔ the stop hook allows a stop at Done, at Escalate, and outside a Cairn repository (PKG-018) (862.57379ms)
✔ the session-start hook links the command once and prints the verdict in a Cairn repository (PKG-019, PKG-014, PKG-005) (397.540784ms)
✔ the session-start hook prints no verdict outside a Cairn repository and leaves an existing link alone (PKG-019) (45.642445ms)
✔ three megabytes are retained exactly once with matching digests (LOOP-041, LOOP-042) (365.758945ms)
✔ split stdout result lines survive a long non-result line; stderr is never a verdict (325.93148ms)
✔ signal termination is recorded and logs survive a clone (LOOP-043) (310.366744ms)
✔ working agreements and ignore changes are Cairn records inside the footprint (292.66592ms)
✔ a clean package passes (82.947212ms)
✔ PKG-001: a dependency, or a service manifest (117.326429ms)
✔ PKG-002: ignoring evidence or other durable state (66.271039ms)
✔ PKG-003: a command, a directory, or a record kind no decision names (188.367816ms)
✔ PKG-004: a kernel over 1500 lines (56.47907ms)
✔ PKG-006: a skill step naming a vendor's product (67.388146ms)
✔ PKG-008: a non-ASCII character in a tracked text file (53.201653ms)
✔ PKG-009: the kernel importing from tests (52.006047ms)
✔ PKG-012: a network call or a model vendor in the kernel (133.070556ms)
✔ PKG-013: deferral language, but not in code, quotes, or a rule (118.172175ms)
✔ this repository passes the package lint (121.62005ms)
✔ a tracked path deleted from the working tree is skipped, not a crash (70.608013ms)
✔ a sentence in a Formats section is not a record kind (55.968949ms)
✔ a record kind named by its path alone is checked (57.28926ms)
✔ PKG-002: a tracked in-progress record (58.007776ms)
✔ PKG-002: ignoring evidence alone is a finding (51.662644ms)
✔ LOOP-071: decision body metadata does not resolve unbuilt work: "Superseded by: example" (559.478939ms)
✔ LOOP-071: decision body metadata does not resolve unbuilt work: "```text\nSuperseded by: example\n```" (531.773506ms)
✔ LOOP-071: decision body metadata does not resolve unbuilt work: "~~~text\nSuperseded by: example\n~~~" (470.800797ms)
✔ LOOP-071: a fenced realization example is not a resolving commit (457.252077ms)
✔ LOOP-071: a fenced commit inside the realization section is not built (405.907099ms)
✔ LOOP-071: ## Example cannot replace an open review finding (429.573941ms)
✔ LOOP-071: # Example cannot replace an open review finding (418.117294ms)
✔ LOOP-071: ### Example cannot replace an open review finding (408.470992ms)
✔ LOOP-071:   ## Example cannot replace an open review finding (411.582878ms)
✔ LOOP-071: Example paragraph. cannot replace an open review finding (401.652524ms)
✔ LOOP-071: Example
------- cannot replace an open review finding (383.624022ms)
✔ LOOP-071: fenced fields before a real review header are ignored (411.106782ms)
✔ LOOP-071: multiline decision --title cannot inject metadata (318.782181ms)
✔ LOOP-071: multiline decision --decided-by cannot inject metadata (317.188887ms)
✔ LOOP-071: multiline decision --rests-on cannot inject metadata (319.450784ms)
✔ LOOP-071: multiline decision --wrong-if cannot inject metadata (320.153636ms)
✔ LOOP-071: multiline decision --history cannot inject metadata (305.077217ms)
✔ LOOP-072: malformed Blocking concerns stay open: "R-001\nAnswer: ok" (73.448577ms)
✔ LOOP-072: malformed Blocking concerns stay open: "R-001\r\nAnswer: ok" (64.833086ms)
✔ LOOP-072: malformed Blocking concerns stay open: "R-001\rAnswer: ok" (64.829765ms)
✔ LOOP-072: malformed Blocking concerns stay open: "R-001 Answer: ok" (84.867426ms)
✔ LOOP-072: malformed Blocking concerns stay open: "R-001 Answer: ok" (80.204071ms)
✔ LOOP-072: ordinary malformed concerns are refused: "R-001\nR-002" (41.244683ms)
✔ LOOP-072: ordinary malformed concerns are refused: "R-001, prose" (46.306088ms)
✔ LOOP-072: ordinary malformed concerns are refused: " " (37.887945ms)
✔ LOOP-072: a Blocking escalation without concerns is still presented (74.631916ms)
✔ LOOP-072: carriage returns in a Blocking question do not create answer records (74.892389ms)
✔ LOOP-072: explanation separator 8232 cannot close an escalation (142.898915ms)
✔ LOOP-071: decision metadata refuses separator 8232 (312.081278ms)
✔ LOOP-072: explanation separator 8233 cannot close an escalation (128.595943ms)
✔ LOOP-071: decision metadata refuses separator 8233 (322.89739ms)
✔ each unmatched input and each duplicate owner is refused before execution (LOOP-044, LOOP-056) (300.497344ms)
✔ an indexed input deleted on disk asks for a commit (LOOP-045) (134.038466ms)
✔ wake and check require a Git working tree (LOOP-046) (113.425327ms)
✔ recovery removes only dead kernel run records and identifies a live owner (LOOP-054, LOOP-055) (307.364696ms)
✔ an agent action based behind a clean HEAD appears committed (LOOP-027) (164.752246ms)
✔ realization needs a real commit and a subject (DEC-006) (225.686946ms)
✔ 1500 binary inputs digest identically at the review commit in under a second (LOOP-024, LOOP-032) (1179.02047ms)
✔ merged work is excluded but a later own commit is a breach (LOOP-047) (176.592339ms)
✔ exact Current tenure ignores prefix matches and earlier visits to the same slug (LOOP-035) (193.421542ms)
✔ a kernel run records its supervising PID (LOOP-054) (209.791653ms)
✔ a merged declared input still stales evidence (LOOP-047) (305.517764ms)
✔ wildcard and magic pathspecs select the same historical inputs (LOOP-024, LOOP-032) (1734.835073ms)
✔ historical selection retains deleted files and excludes new ones (LOOP-024, LOOP-035) (1181.396988ms)
✔ explicit reporting with no lines and exit 0 establishes no requirement verdicts (427.344247ms)
✔ explicit reporting with no lines and exit 1 establishes no requirement verdicts (412.349683ms)
✔ a reporter that cannot start keeps execution diagnostics without blaming requirements (249.258158ms)
✔ large output cannot kill a reporter or invent a requirement verdict (283.567279ms)
✔ explicit mode ignores cairn: R-999: pass (239.144633ms)
✔ explicit mode ignores cairn: R-001: unverified (244.71948ms)
✔ explicit mode ignores cairn: R-001: passed (227.565588ms)
✔ explicit results survive nonzero exit and contradictory duplicates still fail (418.615629ms)
✔ unverified results across changed inputs never become failed attempts (1111.499757ms)
✔ legacy exit 0 retains its interpretation (191.600138ms)
✔ legacy exit 1 retains its interpretation (190.269314ms)
✔ a misspelled reporting mode is refused before execution (89.325584ms)
✔ changed requirement blocks unchecked reruns and makes the completion review stale (LOOP-058, LOOP-059) (1481.185831ms)
✔ falsifier changes need review; separate rationale and other requirements do not change a receipt (882.591043ms)
✔ legacy receipts recover requirement identity from their commit; unavailable history requires review (675.636181ms)
✔ check refuses uncommitted requirement text and mechanism review markers (647.789041ms)
✔ tightened response limit cannot reuse the old passing check (1160.977066ms)
✔ a declared input over 1 MiB agrees at a commit and in the tree (LOOP-060) (421.700164ms)
✔ a failed Git blob read cannot be hashed as an empty blob (359.825333ms)
✔ Git listings over 1 MiB include the last declared input (2124.689115ms)
✔ requirement identity excludes fenced examples and status dates (491.535948ms)
✔ DemonCoder REM-002 and Status in progress cannot silently satisfy the review gate (LOOP-086) (692.441283ms)
✔ valid open findings retain their behavior (458.977053ms)
✔ valid resolved findings retain their behavior (399.926937ms)
✔ valid empty findings retain their behavior (367.46482ms)
✔ valid mixed valid findings retain their behavior (345.267735ms)
✔ malformed finding "open:" requires repair (310.474065ms)
✔ malformed finding "resolved:   " requires repair (308.868981ms)
✔ malformed finding "Open: incorrect case" requires repair (301.433965ms)
✔ malformed finding "unknown: issue" requires repair (303.460916ms)
✔ malformed finding "\u001b[31mBAD: issue" requires repair (304.654935ms)
✔ the established explicit empty findings list remains valid (308.583842ms)
✔ a scalar findings value requires the supported list format (285.035592ms)
✔ empty footprint names declaration before scope and records no evidence (LOOP-081) (514.410831ms)
✔ first declaration still checks the full earlier history (LOOP-081) (297.301113ms)
✔ an empty current footprint does not block an explicitly requested existing mechanism (LOOP-081) (292.619254ms)
✔ an inherited mechanism provides a footprint even before local mechanisms exist (178.636574ms)
✔ scope reports every path, escapes line breaks, and gives identical remedies (LOOP-082) (166.106264ms)
✔ scope verdict reuses the answered-escalation annotation (LOOP-048, LOOP-051, LOOP-083) (416.02947ms)
✔ a committed scope acknowledgment lets restored history proceed (LOOP-083) (538.582085ms)
✔ scope acknowledgment must be committed before it can clear a breach (495.555422ms)
✔ ordinary ok does not acknowledge scope history (198.928205ms)
✔ scope escalation refuses unrestored paths and names the restoration remedy (209.134385ms)
✔ an invalid scope request still records an explicitly Blocking decision (120.558298ms)
✔ ask and explanation stay open; only the final committed ok acknowledges scope (607.331763ms)
✔ instead is visible but does not silently authorize a scope exception (313.086751ms)
✔ later changes to an acknowledged path still block, including later reverts (968.806964ms)
✔ approval cannot hide another path changed after the snapshot (296.730215ms)
✔ acknowledged history remains conditional on the paths staying restored (495.77429ms)
✔ editing the scope snapshot after answer invalidates its acknowledgment (247.241681ms)
✔ malformed scope metadata cannot suppress a breach (1220.838003ms)
✔ damaged acknowledgment fields cannot suppress a breach (508.824954ms)
✔ scope path matching is literal, including wildcard filenames and control characters (466.551044ms)
✔ scope acknowledgment does not carry into another activation of the same slug (235.917469ms)
✔ restoration checks additions, deletions, executable modes, and symlink kinds (1302.996178ms)
✔ explicit committed retention keeps correct work and requires new evidence and review (LOOP-084, LOOP-085) (1637.2303ms)
✔ a missing declaration covers correct earlier work without retention or revert (399.444588ms)
✔ keep requires scope and an unchanged committed candidate (126.408119ms)
✔ uncommitted retention and instead answers cannot clear the incident (838.110389ms)
✔ retention does not grant future edits, even when reverted to the approved tree (1066.396216ms)
✔ retention cannot cover another path or another activation (499.90045ms)
✔ imported changes must still match the retained tree (507.970173ms)
✔ retention handles additions, deletions, modes, symlinks, and literal filenames (1776.688253ms)
✔ retention cannot convert an existing restoration answer or accept an unknown mode (400.435783ms)
✔ a check failure after retention remains a failure (704.951992ms)
✔ retained paths stay part of the stable checked candidate without extending its footprint (552.574391ms)
✔ retention ask needs an explanation and final committed approval (467.064177ms)
✔ an unknown scope mode remains invalid even with a matching approval digest (240.266928ms)
✔ backlog writes the item; a second with the same title is refused, never overwritten (LOOP-016) (116.170879ms)
✔ a commit inside the footprint: check runs; outside it: check names the path and does not run (LOOP-035) (489.078225ms)
✔ a file under .cairn/ or docs/ is never a breach (437.749515ms)
✔ declaring the path as an input clears the breach (215.667268ms)
✔ a revert preserves the record of an out-of-scope commit (LOOP-047) (221.001942ms)
✔ a commitment naming a requirement the spec set does not hold as Agreed is repaired (LOOP-029) (69.544357ms)
✔ a requirement in a Draft spec file is not Agreed (66.554891ms)
✔ working agreements and the ignore file are Cairn records (LOOP-035, LOOP-036) (361.775634ms)
✔ the over-asking rule is gone from both skills (SPEC-005, SPEC-006) (1.694707ms)
✔ a decision during the phase is recorded (DEC-003) (0.386433ms)
✔ understanding is restated before writing (SPEC-003) (0.113024ms)
✔ falsifiers are proposed as one set and confirmed by exception (SPEC-004) (0.271812ms)
✔ depth is inferred and domains derived, never asked or imposed (SPEC-008, SPEC-009) (0.119709ms)
✔ a term enters the glossary at first occurrence (SPEC-010) (0.086294ms)
✔ the phase ends at the first commitment, and later ones are specified during the loop (SPEC-011, SPEC-012) (0.16028ms)
✔ a requirement goes Agreed only with a nameable mechanism (SPEC-013) (0.088425ms)
✔ review before agreement, recording what it attacked (SPEC-014, SPEC-015) (0.361439ms)
✔ no spec file without requirements; nothing Agreed without a falsifier (SPEC-001, SPEC-002) (0.271264ms)
✔ Observed is marked, and is not contract (SPEC-016, SPEC-017) (0.789025ms)
✔ the skills exclude artifacts outside Cairn's workflow (0.149767ms)
✔ the working agreement names the agent's move for each verdict and the write-ahead record (LOOP-036) (0.146957ms)
✔ the working agreement names the developer's moves (LOOP-036, DEC-014) (0.220074ms)
✔ this repository runs by the file it ships (0.600662ms)
✔ both skills write the working agreement without naming a vendor's file (LOOP-036, PKG-006) (0.095625ms)
✔ the working agreement says what an attempt is (LOOP-036, DEC-017, DEC-018) (0.04653ms)
✔ the working agreement says a failure no footprint change can address is an escalation, and where an inherited requirement is repaired (DEC-019, LOOP-057) (0.046531ms)
✔ the working agreement states the promote, next-iteration, and no-deferral moves (LOOP-029, LOOP-087, LOOP-091, LOOP-092) (0.166339ms)
✔ both skills sort captures into the backlog or next-iteration and forbid deferral (LOOP-029, LOOP-092, LOOP-093) (0.0526ms)
✔ the skill requires a falsifier on every requirement, a MAY included (SPEC-025) (0.068172ms)
✔ the working agreement names the hooks as optional and the install skill registers them for two harnesses (PKG-006, PKG-018, PKG-019) (0.188962ms)
✔ the working agreement says the kernel is upgraded at Done, never inside a commitment (LOOP-096) (0.044757ms)
✔ a two-obligation sentence is named (PKG-007) (44.739569ms)
✔ an obligation with no actor is named (PKG-010) (46.09114ms)
✔ a leading condition clause is not the actor, and the actor after it counts (36.409475ms)
✔ an Agreed requirement with no falsifier is named (SPEC-002); a Draft one is not (68.799701ms)
✔ prose after a Draft requirement with no falsifier is not scanned as requirement text (38.505266ms)
✔ a spec declaring a prefix with no requirement is named (SPEC-001) (35.442985ms)
✔ a keyword in backticks or quotes is a mention, not an obligation (34.797294ms)
✔ this repository's own specification passes the lint (47.618523ms)
✔ duplicate identifiers are rejected within a file and across files (SPEC-020) (68.634681ms)
✔ references resolve across files; missing references name their source (SPEC-021) (92.530464ms)
✔ code examples and quoted mentions are neither definitions nor references (35.345186ms)
✔ machine-local paths are findings in prose, links, quotes, and examples (SPEC-019) (359.443999ms)
✔ relative paths, URLs, slash commands, and character mentions are not absolute path findings (56.643954ms)
✔ a slash after a placeholder continues the template (SPEC-019) (71.198372ms)
✔ a host path is a finding until the file declares it (SPEC-019, SPEC-024) (70.394819ms)
✔ declared host paths cover children with a slash boundary and stay file-local (122.219483ms)
✔ a host-path declaration inside a requirement or example grants no exception (95.375591ms)
✔ host-path declarations require absolute or home-relative entries (151.698935ms)
✔ an Agreed block whose only keyword is MAY needs a falsifier like any other (SPEC-025, SPEC-002) (68.752079ms)
✔ supersede writes both lines, and the old record keeps every word it had (DEC-008, DEC-010) (60.384791ms)
✔ supersede without a cause, or with one outside the four, is refused (DEC-009) (103.655757ms)
✔ supersede of a record that does not exist is refused (68.83945ms)
✔ a predecessor with no title line cannot be stamped, so nothing is written (64.865584ms)
✔ reversals reports counts by decider, cause, and domain (DEC-011) (140.643374ms)
✔ decide in a domain with a reversal is refused without --history, naming the reversal; with it, the record carries History (DEC-012) (155.820624ms)
✔ decide in a domain with no reversals needs no --history (108.213237ms)
✔ a record resting on prose alone is in the domain unspecified, and so is the next one (113.243167ms)
✔ step 1: an in-progress record is reconciled before anything else (100.606338ms)
✔ step 2: an open escalation is presented and nothing else happens (61.984822ms)
✔ an answered escalation is not open (462.157845ms)
✔ step 3: a decision with no realized-by is built, first by name (76.578395ms)
✔ a superseded decision with no realized-by is not work (129.925184ms)
✔ step 6: a mechanism that has never run is run, not implemented (109.741202ms)
✔ step 6: a requirement whose mechanism fails is implemented (473.31664ms)
✔ step 6 before step 7: failing evidence outranks a missing mechanism (340.601953ms)
✔ step 7: a requirement with no mechanism is declared (90.310214ms)
✔ step 10: every requirement current and passing, review clean, is Done (317.17178ms)
✔ malformed roadmap is Resolvable, not fatal (54.473037ms)
✔ a commitment naming no requirements is Resolvable (45.362876ms)
✔ the primary test: two wakes on the same checkout give the same action (88.746607ms)
✔ outside a cairn repository wake cannot run (38.072772ms)
✔ the loop never waits on the review queue (DEC-015) (307.637568ms)
✔ the linked walkthrough runs from agreement through the next commitment (PKG-016) (1222.263989ms)
ℹ tests 382
ℹ suites 0
ℹ pass 382
ℹ fail 0
ℹ cancelled 0
ℹ skipped 0
ℹ todo 0
ℹ duration_ms 20193.143201
