✔ a Draft block overrides an Agreed file for both wake and check (SPEC-018) (231.103143ms)
✔ an Agreed block overrides a Draft file in the kernel and lint (SPEC-018, SPEC-002) (620.235703ms)
✔ a block Status does not become the file default, including inside examples (SPEC-018) (426.58571ms)
✔ block status without a value does not inherit Agreed by accident (SPEC-018) (102.318176ms)
✔ inheritance needs a file Scope and includes only Agreed blocks, regardless of prefix (PKG-015) (1845.664085ms)
✔ Scope inside a requirement or fenced example does not declare inheritance (PKG-015) (760.868466ms)
✔ a falsifier wrapped onto a line beginning with Status: does not become the block's status (SPEC-018) (1.236031ms)
✔ LOOP-063: reject input mutation during a check and retain diagnostics (434.452085ms)
✔ LOOP-063: reject deletion mutation during a check and retain diagnostics (475.603775ms)
✔ LOOP-063: reject addition mutation during a check and retain diagnostics (415.685238ms)
✔ LOOP-063: reject mode mutation during a check and retain diagnostics (414.274031ms)
✔ LOOP-063: reject specification mutation during a check and retain diagnostics (404.509796ms)
✔ LOOP-063: reject declaration mutation during a check and retain diagnostics (441.308332ms)
✔ LOOP-063: reject commit mutation during a check and retain diagnostics (398.879536ms)
✔ LOOP-063: committed input mutation during execution cannot certify the replacement (397.661769ms)
✔ LOOP-064: removing executable permission makes passing evidence stale (500.407995ms)
✔ LOOP-064: a mode-only change also invalidates the previous review after new evidence (790.267352ms)
✔ LOOP-064: changing a regular file into a link with identical identity bytes is stale (832.938255ms)
✔ LOOP-063: an unchanged candidate still records a pass despite unrelated working-tree edits (230.450356ms)
✔ LOOP-064: current and historical input ordering agrees for Unicode filenames (313.292696ms)
✔ LOOP-063: Git status hiding content changes cannot certify an uncommitted candidate (120.531961ms)
✔ LOOP-066: one check owns execution with a kernel action record (518.782005ms)
✔ LOOP-066: one check owns execution with an agent action record (498.715964ms)
✔ LOOP-066: a live lock is named and never silently overwritten (152.783311ms)
✔ LOOP-066: a dead lock is named and never silently overwritten (175.140409ms)
✔ LOOP-066: a incomplete lock is named and never silently overwritten (147.284046ms)
✔ LOOP-066: an execution error releases the check lock for a corrected rerun (466.75079ms)
✔ LOOP-066: a live kernel action from an older Cairn also blocks execution (103.337016ms)
✔ LOOP-066: separate Git worktrees can run checks independently (499.805374ms)
✔ after a green check --stale runs nothing; after one input changes it runs only that mechanism (LOOP-094) (1141.244147ms)
✔ a mechanism speaking for two stale requirements runs once and refreshes both (LOOP-094, LOOP-040) (684.356247ms)
✔ a fresh failure and an unverified result are skipped with implement named (LOOP-094) (648.662236ms)
✔ --stale with a requirement identifier is refused (LOOP-094) (79.983687ms)
✔ check refuses a dirty declared input and names it; a dirty undeclared file does not block (LOOP-030) (474.943498ms)
✔ check writes one receipt per run carrying the full record and a result line per requirement (LOOP-097) (397.255291ms)
✔ a nonzero exit records fail, and the receipt keeps the exit code (LOOP-034) (409.650057ms)
✔ a pass after a fail keeps the failing record; nothing is overwritten or deleted (LOOP-025) (698.023775ms)
✔ a commit changing a declared input makes evidence stale; an undeclared one does not (LOOP-007) (798.223873ms)
✔ a regression is named before a requirement that never passed (LOOP-031) (974.515825ms)
✔ three attempts with no escalation since: wake says escalate, not a fourth (DEC-016, DEC-017, DEC-018) (2179.576685ms)
✔ the review gate: no review, stale review, open finding, then Done (LOOP-020, LOOP-033) (926.483655ms)
✔ Done is refused while any requirement lacks current passing evidence (LOOP-017) (76.284908ms)
✔ check names a requested requirement that no mechanism claims (81.358696ms)
✔ check writes the in-progress record before the run and clears it after (LOOP-021) (188.022662ms)
✔ a linked declared input digests the same at a commit and in the tree (LOOP-023, LOOP-024) (389.144261ms)
✔ a result line is the mechanism's statement about one requirement; what it did not mention is unverified (LOOP-037, LOOP-052) (160.588319ms)
✔ a mechanism that says nothing is read by its exit code for every requirement (LOOP-039) (193.706285ms)
✔ unverified is not an attempt, and a return to an earlier failed digest counts once (DEC-017, DEC-018) (1572.429732ms)
✔ a result line for a requirement the mechanism does not speak for is named and writes nothing (LOOP-038) (179.901441ms)
✔ a result line inside ordinary output, or without the marker, does not count (168.348105ms)
✔ a targeted check runs the named requirements' mechanisms and records every requirement they speak for (LOOP-040) (180.161757ms)
✔ two result lines for one requirement: a fail on any line wins (172.533635ms)
✔ three runs at one digest with no attempt since: the verdict stays implement and names DEC-019; an escalation naming it among others clears the hint (DEC-019, LOOP-053) (895.159746ms)
✔ a receipt names its commit in full, and an older receipt with the short form is still read (LOOP-136) (254.319764ms)
✔ a complete commitment with an unpromoted backlog item names promote, and a stamped item lets it reach Done (LOOP-087) (1130.411483ms)
✔ an empty backlog with waiting next-iteration items is Done, with the count as information and no action on them (LOOP-091) (808.579783ms)
✔ a promotion marker must resolve to a decision record (LOOP-088) (278.842649ms)
✔ a commitment promoted from an item needs a decision record naming the item (LOOP-088) (315.18398ms)
✔ the spec lint reports a promotion marker with no decision record (LOOP-088) (88.023602ms)
✔ a promoted commitment that changes an Agreed requirement or the working agreement is an escalation; an unpromoted one is not (LOOP-089, LOOP-090) (1572.14747ms)
✔ a capture from one of the commitment's own requirements needs Outside because: or an escalation (LOOP-092) (1572.078253ms)
✔ a next-iteration item names what it would change, and the capture refuses one that does not (LOOP-093) (403.724168ms)
✔ a commitment specified from a next-iteration item needs the item stamped before anything else (SPEC-027) (485.371088ms)
✔ a by deference marker resolves to a decision record like a promotion marker (SPEC-002, LOOP-088) (196.084904ms)
✔ the LOOP-090 gate reads the Concerns line, not the slug as a substring (LOOP-114) (523.829079ms)
✔ the LOOP-088 check reads the Promotes line, and decide --promotes writes it (LOOP-115) (202.777561ms)
✔ the activation commit of a promoted commitment is inside the LOOP-089 comparison (LOOP-116) (129.619441ms)
✔ the LOOP-090 route needs one escalation: its Concerns line covers the moved item too (LOOP-119, LOOP-092, LOOP-114) (588.526301ms)
✔ an escalation raised before the promoted commitment began does not silence the LOOP-090 gate (LOOP-114) (326.860261ms)
✔ an escalation raised before the commitment began does not silence the capture gate (LOOP-119) (294.247571ms)
✔ the activation commit is inside the scope footprint (LOOP-120) (107.277986ms)
✔ a requirement Agreed at activation that is demoted or removed is a contract change (LOOP-121) (557.590553ms)
✔ the include files are the root files that hold @AGENTS.md: exempt from the footprint, compared by the gate (LOOP-122) (1036.49764ms)
✔ a superseded promotion no longer satisfies the LOOP-088 check, and the repair says the promotion was reversed (LOOP-123) (436.125027ms)
✔ the restore route measures from the tree before activation, so a path the activation commit added must go (LOOP-120, LOOP-035) (166.96149ms)
✔ the loop works against exactly one commitment: the current one (LOOP-019) (376.764722ms)
✔ a promotion recorded below Consequential is a repair naming the level, since the developer never sees it in the queue (LOOP-088) (78.696546ms)
✔ every requirement the node-test declaration speaks for is named in a test title (PKG-025) (1.923031ms)
✔ every repository path the tests read is a declared input of node-test (PKG-026) (0.623103ms)
✔ writes a record with every required field and an empty realized-by (DEC-001, DEC-005) (76.321827ms)
✔ a Consequential decision is queued for review (DEC-013) (71.091959ms)
✔ a Consequential decision is queued even when .cairn/queue does not exist yet (81.535215ms)
✔ Routine is refused: routine decisions produce no record (83.648642ms)
✔ a missing field is a usage error and nothing is written (93.086994ms)
✔ supersedes requires a classified cause, and the old record must exist (243.980379ms)
✔ an existing record is not overwritten (148.497322ms)
✔ a queued decision stays queued; nothing but the developer removes it (DEC-014) (237.854579ms)
✔ each accepted decider is stored lowercase, whatever case it was typed in (DEC-020) (559.993703ms)
✔ a decider outside the vocabulary is a usage error naming all three, and nothing is written (DEC-020) (498.105246ms)
✔ an empty --decided-by is the missing-field error, not the vocabulary one (96.848046ms)
✔ LOOP-006, LOOP-067: missing inputs names a declaration repair before execution (158.894562ms)
✔ LOOP-006, LOOP-067: empty inputs names a declaration repair before execution (169.421956ms)
✔ LOOP-006, LOOP-067: missing command names a declaration repair before execution (161.159704ms)
✔ LOOP-006, LOOP-067: list command names a declaration repair before execution (169.155048ms)
✔ LOOP-006, LOOP-067: empty command names a declaration repair before execution (205.137552ms)
✔ LOOP-006, LOOP-067: missing requirements names a declaration repair before execution (184.197797ms)
✔ LOOP-006, LOOP-067: bad identifier names a declaration repair before execution (159.897258ms)
✔ LOOP-067: scalar one-item lists retain their existing meaning (314.378772ms)
✔ LOOP-068: a unpopulated gitlink is refused by name (194.049653ms)
✔ LOOP-068: a populated gitlink is refused by name (188.268203ms)
✔ LOOP-069: identical selections across 100 mechanisms use at most 20 Git processes (157.11993ms)
✔ escalate writes the six-line format followed by its facts, and wake presents it (LOOP-010, LOOP-026) (138.96729ms)
✔ a missing or multi-line field is refused with the field named, and nothing is written (LOOP-012) (147.208021ms)
✔ a Blocking escalation that fails the format is written anyway, naming the malformed field (LOOP-013) (150.755225ms)
✔ the loop stops for the developer only at Blocking: a recorded decision below it never yields Escalate, and the Blocking bypass must be spelled exactly (DEC-002) (360.236306ms)
✔ a second escalation while one is open is refused (LOOP-011) (172.052397ms)
✔ answer records the reply; wake no longer presents it; a second answer is refused (302.718058ms)
✔ answer to an unknown escalation is refused (76.197517ms)
✔ a stranger resumes from the file alone: question and answer are both in it (LOOP-014) (156.092546ms)
✔ a developer-shaped answer during the agent's turn is refused and writes nothing; the explanation is still accepted (LOOP-135) (662.374776ms)
✔ after an answer, the same concern can be escalated again under a new name (185.892045ms)
✔ an escalation exists when its file does, committed or not (LOOP-009) (89.678212ms)
✔ developer answers require one of the three forms and cannot inject fields (LOOP-048) (629.894834ms)
✔ ask, agent explanation, another ask, and ok stay ordered in one file (LOOP-049, LOOP-050, LOOP-014) (762.351624ms)
✔ fresh closed answers accompany only concerned requirements until new evidence (LOOP-051) (660.854059ms)
✔ a raised escalation carries no derivable status line, and an old record with one still parses (LOOP-028) (150.583486ms)
✔ LOOP-065: delete of output refuses Done and a new run recovers (1331.425065ms)
✔ LOOP-065: corrupt of output refuses Done and a new run recovers (1196.911172ms)
✔ LOOP-065: delete of stderr_output refuses Done and a new run recovers (1035.619155ms)
✔ LOOP-065: corrupt of stderr_output refuses Done and a new run recovers (883.986061ms)
✔ LOOP-065: a receipt without output needs a new check (471.613697ms)
✔ LOOP-065: a receipt without output_digest needs a new check (452.344507ms)
✔ LOOP-065: a receipt without stderr_output needs a new check (458.815185ms)
✔ LOOP-065: a receipt without stderr_digest needs a new check (403.692292ms)
✔ LOOP-065: legacy unverifiable output is rerun without rewriting history (699.352404ms)
✔ a fresh record names the kernel that wrote it (LOOP-023) (301.042489ms)
✔ LOOP-095: a record from another kernel is stale with the kernel named, and a new check restores Done (713.353938ms)
✔ LOOP-095: a record from no kernel is stale with the kernel named, and a new check restores Done (677.812034ms)
✔ LOOP-070: a later failure is latest even when the clock moves backward (1147.510947ms)
✔ LOOP-070: receipt collisions at one clock instant retain execution order beyond nine suffixes (3368.863064ms)
✔ LOOP-070: imported branch receipts stale a later sequence until a new check incorporates them (1162.608787ms)
✔ LOOP-070, LOOP-098: legacy receipts need one ordered check, remain byte-for-byte unchanged, and precede the run receipt in the history (524.180094ms)
✔ LOOP-070: edit of a prior receipt requires fresh evidence (461.676943ms)
✔ LOOP-070: remove of a prior receipt requires fresh evidence (450.560835ms)
✔ LOOP-075: supporting evidence file README.md does not become a receipt (486.337598ms)
✔ LOOP-075: supporting evidence file notes.txt does not become a receipt (484.864393ms)
✔ LOOP-075: supporting evidence file support does not become a receipt (493.182521ms)
✔ LOOP-075: supporting evidence file .DS_Store does not become a receipt (471.051957ms)
✔ LOOP-075: a malformed result line (result=success) names a repair before execution (335.089034ms)
✔ LOOP-075: a malformed result line (sequence=NaN) names a repair before execution (349.844186ms)
✔ LOOP-075: a malformed result line (sequence=9007199254740992) names a repair before execution (354.050541ms)
✔ LOOP-075: a malformed result line (history_digest=wrong) names a repair before execution (298.715665ms)
✔ LOOP-075: a malformed result line (tokens) names a repair before execution (326.933455ms)
✔ LOOP-075: a receipt-shaped directory is a named repair instead of an EISDIR crash (262.104542ms)
✔ LOOP-070: an earlier escalation cannot cover three new attempts after clock rollback (925.106843ms)
✔ LOOP-070: an answer becomes old after a later check even if that check's timestamp is earlier (583.259289ms)
✔ LOOP-070: the newest answer wins between checks even when its clock timestamp is older (374.716032ms)
✔ LOOP-070: legacy escalation dates cover old receipts but not three newer sequenced runs (1287.599135ms)
✔ a PKG requirement the commitment does not name is declared, run, and gates Done (PKG-011) (1812.500059ms)
✔ a PKG requirement in a Draft spec is not folded in (470.132369ms)
✔ LOOP-076, LOOP-079: stale inputs identify the receipt and the check to run (731.079101ms)
✔ LOOP-077: names a content change using checked input identity (705.894686ms)
✔ LOOP-077: names a mode change using checked input identity (661.81753ms)
✔ LOOP-077: names a kind change using checked input identity (644.94297ms)
✔ LOOP-077: names a added change using checked input identity (615.378328ms)
✔ LOOP-077: names a removed change using checked input identity (517.473618ms)
✔ LOOP-077: names a link-target change using checked input identity (764.158504ms)
✔ LOOP-077: changed selection compares the old and new input sets (471.990004ms)
✔ LOOP-077: raw CRLF changes remain visible when Git-clean content agrees (439.537598ms)
✔ LOOP-077: detail output is sorted, bounded, and reports the omitted count (471.365221ms)
✔ LOOP-077: filenames cannot inject lines or terminal controls into explanations (364.383612ms)
✔ LOOP-077: receipts from one run share details and do not store source contents (304.683646ms)
✔ LOOP-078, LOOP-080: legacy optional detail limits explanation without changing standing (487.086918ms)
✔ LOOP-078, LOOP-080: invalid-field optional detail limits explanation without changing standing (492.384633ms)
✔ LOOP-078, LOOP-080: missing optional detail limits explanation without changing standing (495.725455ms)
✔ LOOP-078, LOOP-080: invalid-json optional detail limits explanation without changing standing (473.116969ms)
✔ LOOP-078, LOOP-080: mismatched optional detail limits explanation without changing standing (495.448905ms)
✔ LOOP-078, LOOP-080: duplicate optional detail limits explanation without changing standing (483.570588ms)
✔ LOOP-078, LOOP-080: unsafe-path optional detail limits explanation without changing standing (462.296101ms)
✔ LOOP-078, LOOP-080: directory optional detail limits explanation without changing standing (442.022325ms)
✔ LOOP-078, LOOP-080: symlink optional detail limits explanation without changing standing (477.099989ms)
✔ LOOP-078: unavailable old requirement text is not claimed as a proven change (371.301458ms)
✔ LOOP-076, LOOP-079: changed requirements identify evidence and retain review-before-check guidance (369.345419ms)
✔ LOOP-078: simultaneous input and output damage keep both reasons (374.942673ms)
✔ LOOP-080: deterministic freshness sequence seed=7 (8783.606576ms)
✔ LOOP-080: deterministic freshness sequence seed=42 (5636.880439ms)
✔ LOOP-080: deterministic freshness sequence seed=913 (4980.0756ms)
✔ LOOP-080: agreement changes, mechanism review, checks, and completion review retain priority (1245.70675ms)
✔ LOOP-080: imported receipt history demands a rerun without a false input explanation (1310.035019ms)
✔ LOOP-073: clean CRLF input completes under attributes (579.945622ms)
✔ LOOP-073: clean CRLF input completes under autocrlf (549.900873ms)
✔ LOOP-073: raw line-ending mutation during a run is rejected even when Git still sees the same content (300.992111ms)
✔ LOOP-073: execution evidence changes when clean conversion preserves committed identity (996.790626ms)
✔ LOOP-073: Git clean filters use Git's conversion while retaining raw evidence identity (586.635374ms)
✔ LOOP-073: failure of a required Git filter cannot record evidence (133.446841ms)
✔ LOOP-073: a clean filter moving HEAD during ending validation prevents evidence (337.088799ms)
✔ LOOP-073: canonical Git identities handle links without reading their targets (415.334808ms)
✔ LOOP-073: Git conversion keeps raw Unicode and control-character input paths (381.000772ms)
✔ LOOP-073: conversion and links work in a SHA-256 Git repository (421.062843ms)
✔ LOOP-074: historical specification filename "café.md" remains reviewable (395.613088ms)
✔ LOOP-074: historical specification filename "spec\ttab.md" remains reviewable (360.15631ms)
✔ LOOP-074: historical specification filename "spec\nline.md" remains reviewable (369.621441ms)
✔ help works outside a repository without running a command (PKG-017) (1053.297526ms)
✔ help does not hide invalid options or consume literal arguments (185.199324ms)
✔ help lists the lint command (PKG-017) (55.711264ms)
✔ a working directory that no longer exists is named as the failure, and git is not blamed (PKG-041, PKG-022) (171.540823ms)
✔ the stop hook refuses a stop while wake says Resolvable, with the verdict as the reason (PKG-018) (185.209852ms)
✔ the stop hook allows a stop at Done, at Escalate, and outside a Cairn repository (PKG-018) (1105.51633ms)
✔ the session-start hook links the command once and prints the verdict in a Cairn repository (PKG-019, PKG-014, PKG-005) (452.57104ms)
✔ the session-start hook prints no verdict outside a Cairn repository and leaves an existing link that resolves alone (PKG-019) (62.685254ms)
✔ a checkout under a path with a space links a command that resolves, and its stop hook still blocks (PKG-019, PKG-021) (333.066672ms)
✔ the hooks run the kernel the command link resolves to, so hook and agent share one referee (PKG-021) (1033.237291ms)
✔ a dangling link is replaced and reported (PKG-019) (145.533598ms)
✔ errors exit 0 with one line on standard error and no stack trace (PKG-022) (174.057669ms)
✔ the hooks judge with the cairn on PATH, a wrapper included, and session-start names it (PKG-033) (938.014256ms)
✔ a link to a wrapper or file is kept; a dangling link or one to a directory is replaced (PKG-034) (360.829404ms)
✔ a project below the Git toplevel gets the verdict and the stop refusal (PKG-035) (289.922434ms)
✔ a kernel that prints no verdict is one stderr line: the stop is allowed and session-start prints no trace (PKG-036) (145.078436ms)
✔ a link that cannot be created is one stderr line, and the verdict still prints (PKG-019, PKG-022) (125.639454ms)
✔ with git absent the hooks say so in one line and block nothing (PKG-022) (74.077529ms)
✔ cairn lint runs the checker over docs/spec by default and over a named directory (PKG-028) (238.495776ms)
✔ cairn lint names a missing directory in one line, takes one argument, and reports a bad root (PKG-028) (237.071262ms)
✔ three megabytes are retained exactly once with matching digests (LOOP-041, LOOP-042) (385.91859ms)
✔ split stdout result lines survive a long non-result line; stderr is never a verdict (415.537678ms)
✔ signal termination is recorded and logs survive a clone (LOOP-043) (456.907256ms)
✔ working agreements and ignore changes are Cairn records inside the footprint (385.888733ms)
✔ a clean package passes (94.361661ms)
✔ PKG-001: a dependency, or a service manifest (208.927007ms)
✔ PKG-002: ignoring evidence or other durable state, by directory or by extension (215.426568ms)
✔ PKG-003: a command, a directory, or a record kind no decision names (288.977301ms)
✔ PKG-004: a kernel over 1600 lines, counting every file under bin/ as wc -l does; exactly 1600 passes (335.61054ms)
✔ PKG-006: a skill step naming a vendor's product, in either order, across a wrapped list item (PKG-027) (317.811294ms)
✔ PKG-008: a non-ASCII character in a tracked text file (75.710698ms)
✔ PKG-009: the kernel importing from tests (95.550169ms)
✔ PKG-012: a network call or a model vendor in the kernel (158.358885ms)
✔ PKG-013: deferral language, but not in code, quotes, or a rule (601.235613ms)
✔ a tracked path deleted from the working tree is skipped, not a crash (94.67291ms)
✔ a sentence in a Formats section is not a record kind (73.793686ms)
✔ a record kind named by its path alone is checked (65.940107ms)
✔ PKG-002: a tracked in-progress record (72.643156ms)
✔ PKG-002: ignoring evidence alone is a finding (70.309768ms)
✔ PKG-003 reads the kernel's commands from its help output (PKG-023) (167.816003ms)
✔ the ASCII scan covers shipped files, not records under .cairn/ (PKG-024) (75.122558ms)
✔ a vendor-naming step wrapped across lines is matched (PKG-006, PKG-027) (71.878888ms)
✔ PKG-013 scans the README, the manual, and the walkthrough (PKG-032) (202.540653ms)
✔ the manifests, the listing and package.json agree on the name and version, and name paths the repository holds (PKG-037) (1.865295ms)
✔ the hooks file registers session-start and stop against the plugin's own hook.mjs through the plugin root variable (PKG-038) (0.259956ms)
✔ a Muse hook entry whose shared hook is missing prints one line and exits 0 (PKG-041, PKG-022) (98.10487ms)
✔ the registered commands print the verdict at session start, link the command into the plugin, and refuse a stop while wake says Resolvable (PKG-038, PKG-021) (414.119854ms)
✔ LOOP-071: decision body metadata does not resolve unbuilt work: "Superseded by: example" (739.069529ms)
✔ LOOP-071: decision body metadata does not resolve unbuilt work: "```text\nSuperseded by: example\n```" (681.099963ms)
✔ LOOP-071: decision body metadata does not resolve unbuilt work: "~~~text\nSuperseded by: example\n~~~" (675.057899ms)
✔ LOOP-071: a fenced realization example is not a resolving commit (601.676504ms)
✔ LOOP-071: a fenced commit inside the realization section is not built (607.050672ms)
✔ LOOP-071: ## Example cannot replace an open review finding (525.438684ms)
✔ LOOP-071: # Example cannot replace an open review finding (479.563001ms)
✔ LOOP-071: ### Example cannot replace an open review finding (516.081736ms)
✔ LOOP-071:   ## Example cannot replace an open review finding (457.805743ms)
✔ LOOP-071: Example paragraph. cannot replace an open review finding (476.672997ms)
✔ LOOP-071: Example
------- cannot replace an open review finding (396.605959ms)
✔ LOOP-071: fenced fields before a real review header are ignored (387.946122ms)
✔ LOOP-071: multiline decision --title cannot inject metadata (324.683192ms)
✔ LOOP-071: multiline decision --decided-by cannot inject metadata (320.35186ms)
✔ LOOP-071: multiline decision --rests-on cannot inject metadata (333.03492ms)
✔ LOOP-071: multiline decision --wrong-if cannot inject metadata (326.462798ms)
✔ LOOP-071: multiline decision --history cannot inject metadata (326.93495ms)
✔ LOOP-072: malformed Blocking concerns stay open: "R-001\nAnswer: ok" (90.997528ms)
✔ LOOP-072: malformed Blocking concerns stay open: "R-001\r\nAnswer: ok" (93.756362ms)
✔ LOOP-072: malformed Blocking concerns stay open: "R-001\rAnswer: ok" (88.734996ms)
✔ LOOP-072: malformed Blocking concerns stay open: "R-001 Answer: ok" (84.533067ms)
✔ LOOP-072: malformed Blocking concerns stay open: "R-001 Answer: ok" (89.359551ms)
✔ LOOP-072: ordinary malformed concerns are refused: "R-001\nR-002" (44.631117ms)
✔ LOOP-072: ordinary malformed concerns are refused: "R-001, prose" (55.030108ms)
✔ LOOP-072: ordinary malformed concerns are refused: " " (46.805852ms)
✔ LOOP-072: a Blocking escalation without concerns is still presented (82.849434ms)
✔ LOOP-072: carriage returns in a Blocking question do not create answer records (85.876896ms)
✔ LOOP-072: explanation separator 8232 cannot close an escalation (144.629465ms)
✔ LOOP-071: decision metadata refuses separator 8232 (337.715596ms)
✔ LOOP-072: explanation separator 8233 cannot close an escalation (142.144119ms)
✔ LOOP-071: decision metadata refuses separator 8233 (309.076419ms)
✔ Concerns, Rests on, and Promoted from written as lists read as the flat form (LOOP-124) (740.902993ms)
✔ an item named by filename, path, or backticked slug resolves like the slug (LOOP-125) (596.888206ms)
✔ an input that covers Cairn's own output is named as the repair, before and after a check (LOOP-126, LOOP-105) (634.173391ms)
✔ an unreadable record directory is a repair, not an error exit (LOOP-127) (88.519431ms)
✔ a title that slugifies to nothing is refused (LOOP-128) (142.999725ms)
✔ examined: [] is an empty list (LOOP-129, LOOP-108) (446.780477ms)
✔ below the Git toplevel the restore check compares root-relative paths (LOOP-130, LOOP-035) (404.890659ms)
✔ below the Git toplevel an uncommitted declared input is named from the project root (LOOP-132, LOOP-030) (202.262921ms)
✔ a value on the key line followed by list items is the first item, never dropped (LOOP-133) (537.015853ms)
✔ the footprint's walk reads Current: as the wake does: a fenced example below the real line, or a second line in history, never moves the start (LOOP-134, LOOP-035) (272.152405ms)
✔ an input spelled .. from a project below the Git toplevel covers the evidence directory (LOOP-126, LOOP-105) (88.297599ms)
✔ a Consequential record this commitment added needs its queue entry committed (LOOP-131, DEC-004) (478.355591ms)
✔ a mechanism that removes the check lock still gets its evidence, with no repair for the lock (LOOP-107) (228.980805ms)
✔ a staged rename reads as its two paths, never as a bare origin token (LOOP-030, LOOP-110) (97.402009ms)
✔ a Current: line inside a fenced example is neither a second Current: line nor the commitment, before or after the real line (LOOP-104) (195.476254ms)
✔ a Status: word is taken only from a line that carries one, never from wrapped prose after it (SPEC-018) (0.620936ms)
✔ the placeholder left above a resolving entry is a repair naming the file (DEC-021) (218.959777ms)
✔ the placeholder alone is a decision recorded and not yet built, unchanged (DEC-007) (73.341139ms)
✔ resolving entries with no placeholder are unchanged (DEC-006) (126.754095ms)
✔ a shallow clone that cannot resolve its entries is still told to fetch, not to edit (LOOP-113 keeps precedence) (147.242761ms)
✔ the placeholder quoted in a fenced example does not make a built record a repair (DEC-021) (104.627599ms)
✔ supersede takes the same decider vocabulary as decide (DEC-020) (100.873236ms)
✔ a superseded record is held to the same line: its placeholder above a resolving entry is a repair (DEC-021, DEC-010) (164.591592ms)
✔ realize() touches only the Realized by section; a body that quotes the placeholder keeps it (93.958345ms)
✔ an unmatched input is refused before execution (LOOP-044) (215.066029ms)
✔ an indexed input deleted on disk asks for a commit (LOOP-045) (181.025148ms)
✔ wake and check require a Git working tree (LOOP-046) (161.222115ms)
✔ recovery removes only dead kernel run records and identifies a live owner (LOOP-054, LOOP-055) (388.746105ms)
✔ an agent action based behind a clean HEAD appears committed (LOOP-027) (216.880552ms)
✔ realization needs a real commit and a subject (DEC-006) (276.337414ms)
✔ 1500 binary inputs digest identically at the review commit in under a second (LOOP-024) (1481.927781ms)
✔ merged work is excluded but a later own commit is a breach (LOOP-047) (272.055007ms)
✔ exact Current tenure ignores prefix matches and earlier visits to the same slug (LOOP-035) (272.176735ms)
✔ a kernel run records its supervising PID (LOOP-054) (245.310066ms)
✔ a merged declared input still stales evidence (LOOP-047) (393.339041ms)
✔ wildcard and magic pathspecs select the same historical inputs (LOOP-024, LOOP-032) (2059.940161ms)
✔ historical selection retains deleted files and excludes new ones (LOOP-024, LOOP-035) (1174.29089ms)
✔ cairn --version prints the package.json version outside a repository, and help lists it (PKG-039) (150.60361ms)
✔ a release is one commit setting one version in the five files, with the changelog entry, tagged v<version> (PKG-040) (1102.072951ms)
✔ the release script refuses a bad version, no increase, a dirty tree, a missing entry, a taken tag, a disagreeing file, and a loop not at Done, each in one line with nothing written (PKG-040) (2180.301268ms)
✔ a version file written as compact JSON is released, and nothing else in any version file changes (PKG-042) (1131.385465ms)
✔ explicit reporting with no lines and exit 0 establishes no requirement verdicts (LOOP-061) (502.457147ms)
✔ explicit reporting with no lines and exit 1 establishes no requirement verdicts (LOOP-061) (467.066325ms)
✔ a reporter that cannot start keeps execution diagnostics without blaming requirements (LOOP-062) (305.638885ms)
✔ large output cannot kill a reporter or invent a requirement verdict (342.201799ms)
✔ explicit mode ignores cairn: R-999: pass (299.179516ms)
✔ explicit mode ignores cairn: R-001: unverified (339.472967ms)
✔ explicit mode ignores cairn: R-001: passed (328.83427ms)
✔ explicit results survive nonzero exit and contradictory duplicates still fail (615.21502ms)
✔ unverified results across changed inputs never become failed attempts (1340.642042ms)
✔ legacy exit 0 retains its interpretation (222.328801ms)
✔ legacy exit 1 retains its interpretation (213.276772ms)
✔ a misspelled reporting mode is refused before execution (131.59931ms)
✔ changed requirement blocks unchecked reruns and makes the completion review stale (LOOP-058, LOOP-059) (1948.683135ms)
✔ falsifier changes need review; separate rationale and other requirements do not change a receipt (1238.650029ms)
✔ legacy receipts recover requirement identity from their commit; unavailable history requires review (866.320466ms)
✔ check refuses uncommitted requirement text and mechanism review markers (759.779434ms)
✔ tightened response limit cannot reuse the old passing check (1344.294636ms)
✔ a declared input over 1 MiB agrees at a commit and in the tree (LOOP-060) (410.992415ms)
✔ a failed Git blob read cannot be hashed as an empty blob (375.862259ms)
✔ Git listings over 1 MiB include the last declared input (2130.217735ms)
✔ requirement identity excludes fenced examples and status dates (432.086663ms)
✔ DemonCoder REM-002 and Status in progress cannot silently satisfy the review gate (LOOP-086) (889.856317ms)
✔ valid open findings retain their behavior (502.266072ms)
✔ valid resolved findings retain their behavior (503.446019ms)
✔ valid empty findings retain their behavior (566.302313ms)
✔ valid mixed valid findings retain their behavior (505.441872ms)
✔ malformed finding "open:" requires repair (403.839277ms)
✔ malformed finding "resolved:   " requires repair (388.233204ms)
✔ malformed finding "Open: incorrect case" requires repair (378.418978ms)
✔ malformed finding "unknown: issue" requires repair (373.000496ms)
✔ malformed finding "\u001b[31mBAD: issue" requires repair (340.42351ms)
✔ the established explicit empty findings list remains valid (375.364506ms)
✔ a scalar findings value requires the supported list format (338.345638ms)
✔ a Requirements: line written as a list is read like the flat form (LOOP-102) (144.579459ms)
✔ a subdirectory or a README in a record directory changes nothing (LOOP-103) (585.704522ms)
✔ two Current: lines are a roadmap repair (LOOP-104) (115.294102ms)
✔ a repeated identifier, an input under the evidence directory, and a missing cwd are refused by name (LOOP-105) (481.87071ms)
✔ a requirement whose evidence outlives its mechanism is named declare, not a regression or an escalation (LOOP-106) (1144.08395ms)
✔ an unreadable record is a repair, not an error exit (LOOP-107) (86.379737ms)
✔ a review needs commit, a nonempty examined list, and a findings list, each named when missing (LOOP-108) (967.026187ms)
✔ a decision record missing a header field or naming a missing predecessor is a repair (LOOP-109) (301.808703ms)
✔ a dirty declared input with no in-progress record is named record ahead of run (LOOP-022, LOOP-110) (244.024013ms)
✔ with core.filemode false the index mode is the identity, so a mode-only difference does not refuse the check (LOOP-111) (232.991263ms)
✔ a project below the Git toplevel can run check (LOOP-112) (244.866641ms)
✔ a shallow clone names history to fetch, not a decision to build (LOOP-113) (188.709876ms)
✔ record-writing commands refuse to run outside a Cairn repository and write nothing (LOOP-118) (209.679096ms)
✔ a git that cannot start is one line and exit 3 from wake and from check, with nothing recorded (LOOP-137) (106.881102ms)
✔ empty footprint names declaration before scope and records no evidence (LOOP-081) (665.729507ms)
✔ first declaration still checks the full earlier history (LOOP-081) (400.199304ms)
✔ an empty current footprint does not block an explicitly requested existing mechanism (LOOP-081) (344.099478ms)
✔ an inherited mechanism provides a footprint even before local mechanisms exist (262.194762ms)
✔ scope reports every path, escapes line breaks, and gives identical remedies (LOOP-082) (247.41043ms)
✔ scope verdict reuses the answered-escalation annotation (LOOP-048, LOOP-051, LOOP-083) (643.937012ms)
✔ a committed scope acknowledgment lets restored history proceed (LOOP-083) (798.609959ms)
✔ scope acknowledgment must be committed before it can clear a breach (674.688209ms)
✔ ordinary ok does not acknowledge scope history (300.70484ms)
✔ scope escalation refuses unrestored paths and names the restoration remedy (284.315952ms)
✔ an invalid scope request still records an explicitly Blocking decision (140.497828ms)
✔ ask and explanation stay open; only the final committed ok acknowledges scope (740.185608ms)
✔ instead is visible but does not silently authorize a scope exception (397.413725ms)
✔ later changes to an acknowledged path still block, including later reverts (1119.954583ms)
✔ approval cannot hide another path changed after the snapshot (378.979845ms)
✔ acknowledged history remains conditional on the paths staying restored (547.608225ms)
✔ editing the scope snapshot after answer invalidates its acknowledgment (282.599001ms)
✔ malformed scope metadata cannot suppress a breach (1450.086343ms)
✔ damaged acknowledgment fields cannot suppress a breach (540.263137ms)
✔ scope path matching is literal, including wildcard filenames and control characters (520.500268ms)
✔ scope acknowledgment does not carry into another activation of the same slug (279.623058ms)
✔ restoration checks additions, deletions, executable modes, and symlink kinds (1441.765078ms)
✔ explicit committed retention keeps correct work and requires new evidence and review (LOOP-084, LOOP-085) (2337.952782ms)
✔ a missing declaration covers correct earlier work without retention or revert (577.446262ms)
✔ keep requires scope and an unchanged committed candidate (197.564564ms)
✔ uncommitted retention and instead answers cannot clear the incident (1082.807104ms)
✔ retention does not grant future edits, even when reverted to the approved tree (1393.841708ms)
✔ retention cannot cover another path or another activation (574.812813ms)
✔ imported changes must still match the retained tree (580.453072ms)
✔ retention handles additions, deletions, modes, symlinks, and literal filenames (1936.519949ms)
✔ retention cannot convert an existing restoration answer or accept an unknown mode (413.469433ms)
✔ a check failure after retention remains a failure (654.715267ms)
✔ retained paths stay part of the stable checked candidate without extending its footprint (584.72497ms)
✔ retention ask needs an explanation and final committed approval (559.67057ms)
✔ an unknown scope mode remains invalid even with a matching approval digest (323.570033ms)
✔ backlog writes the item; a second with the same title is refused, never overwritten (LOOP-016) (133.778098ms)
✔ a commit inside the footprint: check runs; outside it: check names the path and does not run (LOOP-015, LOOP-035) (615.252888ms)
✔ Cairn's records are never a breach; another file under docs/ is (LOOP-117) (651.246146ms)
✔ declaring the path as an input clears the breach (327.765171ms)
✔ a revert preserves the record of an out-of-scope commit (LOOP-047) (317.337248ms)
✔ a commitment naming a requirement the spec set does not hold as Agreed is repaired (LOOP-029) (84.973666ms)
✔ a requirement in a Draft spec file is not Agreed (81.237556ms)
✔ working agreements and the ignore file are Cairn records (LOOP-035, LOOP-036) (507.380176ms)
✔ the over-asking rule is gone from both skills (SPEC-005, SPEC-006, SPEC-007) (1.211285ms)
✔ a decision during the phase is recorded (DEC-003) (0.133268ms)
✔ understanding is restated before writing (SPEC-003) (0.084061ms)
✔ falsifiers are proposed as one set and confirmed by exception (SPEC-004) (0.13196ms)
✔ depth is inferred and domains derived, never asked or imposed (SPEC-008, SPEC-009) (0.098178ms)
✔ a term enters the glossary at first occurrence (SPEC-010) (0.063677ms)
✔ the phase ends at the first commitment, and later ones are specified during the loop (SPEC-011, SPEC-012) (0.07455ms)
✔ a requirement goes Agreed only with a nameable mechanism (SPEC-013) (2.220089ms)
✔ review before agreement, recording what it attacked (SPEC-014, SPEC-015) (0.695361ms)
✔ no spec file without requirements; nothing Agreed without a falsifier (SPEC-001, SPEC-002) (1.508249ms)
✔ Observed is marked, and is not contract (SPEC-016, SPEC-017) (0.127801ms)
✔ the skills exclude artifacts outside Cairn's workflow (0.113714ms)
✔ the working agreement names the agent's move for each verdict and the write-ahead record (LOOP-036) (0.147488ms)
✔ the working agreement names the developer's moves (LOOP-036, DEC-014) (0.275189ms)
✔ this repository runs by the file it ships (0.31954ms)
✔ both skills write the working agreement without naming a vendor's file (LOOP-002, LOOP-036, PKG-006) (0.103663ms)
✔ the working agreement says what an attempt is (LOOP-036, DEC-017, DEC-018) (0.077015ms)
✔ the working agreement says a failure no footprint change can address is an escalation, and where an inherited requirement is repaired (DEC-019, LOOP-057) (0.081678ms)
✔ the working agreement states the promote, next-iteration, and no-deferral moves (LOOP-029, LOOP-087, LOOP-091, LOOP-092) (0.073766ms)
✔ both skills sort captures into the backlog or next-iteration and forbid deferral (LOOP-029, LOOP-092, LOOP-093) (0.057081ms)
✔ the skill requires a falsifier on every requirement, a MAY included (SPEC-025) (0.048868ms)
✔ the working agreement names the hooks as optional and the install skill registers them for two harnesses (PKG-006, PKG-018, PKG-019) (0.202041ms)
✔ the working agreement says the kernel is upgraded at Done, never inside a commitment (LOOP-096) (0.06425ms)
✔ the next-iteration skill starts from the specification and ends by naming the next commitment (SPEC-026, SPEC-027) (0.217041ms)
✔ every document that names the project skills names next-iteration beside them (SPEC-026, PKG-014) (2.69819ms)
✔ the working agreement states a move for every action the kernel can name (LOOP-101) (1.518407ms)
✔ the working agreement states both record formats and the two flags the moves need (LOOP-036) (0.151919ms)
✔ the skills demonstrate a safe violating example and preserve recon findings (SPEC-022, SPEC-023) (0.056457ms)
✔ the specification skills run the checker through the cairn command (PKG-029) (0.239934ms)
✔ the README invokes the phase skills by name and states versions and platforms (PKG-030, PKG-031) (0.286775ms)
✔ the manual and the walkthrough say the loop promotes backlog items at Done (2.409229ms)
✔ a two-obligation sentence is named (PKG-007) (45.209483ms)
✔ an obligation with no actor is named (PKG-010) (45.893992ms)
✔ a leading condition clause is not the actor, and the actor after it counts (51.832022ms)
✔ an Agreed requirement with no falsifier is named (SPEC-002); a Draft one is not (91.156147ms)
✔ prose after a Draft requirement with no falsifier is not scanned as requirement text (45.746443ms)
✔ a spec declaring a prefix with no requirement is named (SPEC-001) (51.503842ms)
✔ a keyword in backticks or quotes is a mention, not an obligation (38.331808ms)
✔ duplicate identifiers are rejected within a file and across files (SPEC-020) (96.91721ms)
✔ references resolve across files; missing references name their source (SPEC-021) (96.302209ms)
✔ code examples and quoted mentions are neither definitions nor references (41.224401ms)
✔ machine-local paths are findings in prose, links, quotes, and examples (SPEC-019) (396.338336ms)
✔ relative paths, URLs, slash commands, and character mentions are not absolute path findings (38.121066ms)
✔ a slash after a placeholder continues the template (SPEC-019) (81.901698ms)
✔ a host path is a finding until the file declares it (SPEC-019, SPEC-024) (85.767654ms)
✔ declared host paths cover children with a slash boundary and stay file-local (130.954989ms)
✔ a host-path declaration inside a requirement or example grants no exception (130.103597ms)
✔ host-path declarations require absolute or home-relative entries (203.646542ms)
✔ an Agreed block whose only keyword is MAY needs a falsifier like any other (SPEC-025, SPEC-002) (104.061153ms)
✔ a regex literal is not a path, a drive path and a file URL are, and a skill's slash name is allowed (SPEC-028, SPEC-029) (85.83327ms)
✔ a backticked or quoted actor still counts as one (PKG-010) (32.196888ms)
✔ supersede writes both lines, and the old record keeps every word it had (DEC-008, DEC-010) (89.472278ms)
✔ supersede without a cause, or with one outside the four, is refused (DEC-009) (118.163777ms)
✔ supersede of a record that does not exist is refused (82.945843ms)
✔ a predecessor with no title line cannot be stamped, so nothing is written (84.604064ms)
✔ a --supersedes argument outside the slug alphabet is refused, and a path never reaches the filesystem (DEC-022) (218.930419ms)
✔ a record already superseded cannot be superseded again: one Superseded by line per record (DEC-022, DEC-010) (224.093807ms)
✔ reversals reports counts by decider, cause, and domain (DEC-011) (197.641777ms)
✔ decide in a domain with a reversal is refused without --history, naming the reversal; with it, the record carries History (DEC-012) (189.937607ms)
✔ decide in a domain with no reversals needs no --history (113.267465ms)
✔ a record resting on prose alone is in the domain unspecified, and so is the next one (139.681741ms)
✔ the decider tally normalizes case and whitespace, and names a value outside the vocabulary (DEC-020, DEC-011) (111.342927ms)
✔ a record with no Decided by line is tallied as unrecorded, not as a vocabulary value (72.304885ms)
✔ Decided by written as a list tallies like the flat form, and does not crash the report (LOOP-124, DEC-020) (64.482732ms)
✔ a second declaration for one requirement is accepted, a named check runs every mechanism, and Done needs each to pass (LOOP-056, LOOP-099) (1983.885106ms)
✔ one mechanism's stale evidence names that mechanism, and --stale runs only it (LOOP-056, LOOP-094) (741.635617ms)
✔ attempts are counted within one mechanism's records, so the other's passes do not reset them (LOOP-100, DEC-016) (1431.05138ms)
✔ step 1: an in-progress record is reconciled before anything else (112.072795ms)
✔ step 2: an open escalation is presented and nothing else happens (87.288307ms)
✔ an answered escalation is not open (435.610506ms)
✔ step 3: a decision with no realized-by is built, first by name (DEC-007) (95.730298ms)
✔ a superseded decision with no realized-by is not work (162.577765ms)
✔ step 6: a mechanism that has never run is run, not implemented (LOOP-008) (113.847229ms)
✔ step 6: a requirement whose mechanism fails is implemented (494.591512ms)
✔ step 6 before step 7: failing evidence outranks a missing mechanism (322.052554ms)
✔ step 7: a requirement with no mechanism is declared (LOOP-106) (83.594715ms)
✔ every verdict names who acts: Resolvable is the agent's, Done needs nobody, Escalate waits for the developer (LOOP-004) (513.960241ms)
✔ malformed roadmap is Resolvable, not fatal (LOOP-005) (61.960021ms)
✔ a commitment naming no requirements is Resolvable (LOOP-018) (56.053735ms)
✔ the primary test: two wakes on the same checkout give the same action, before and after a persisted transition (LOOP-001, LOOP-003) (525.821127ms)
✔ outside a cairn repository wake cannot run (40.840357ms)
✔ the loop never waits on the review queue (DEC-015) (329.041866ms)
✔ twenty built records cost one git call to resolve, not twenty (DEC-023) (191.688831ms)
✔ an ambiguous Realized by identifier is the repair that says lengthen it, not a build (LOOP-113, DEC-023) (181.975143ms)
✔ the linked walkthrough runs from agreement through the next commitment (PKG-016) (1343.36359ms)
ℹ tests 486
ℹ suites 0
ℹ pass 486
ℹ fail 0
ℹ cancelled 0
ℹ skipped 0
ℹ todo 0
ℹ duration_ms 22099.809049
