✔ a Draft block overrides an Agreed file for both wake and check (SPEC-018) (183.019975ms)
✔ an Agreed block overrides a Draft file in the kernel and lint (SPEC-018, SPEC-002) (595.716592ms)
✔ a block Status does not become the file default, including inside examples (SPEC-018) (390.841273ms)
✔ block status without a value does not inherit Agreed by accident (SPEC-018) (80.530916ms)
✔ inheritance needs a file Scope and includes only Agreed blocks, regardless of prefix (PKG-015) (1791.075736ms)
✔ Scope inside a requirement or fenced example does not declare inheritance (PKG-015) (824.968874ms)
✔ a falsifier wrapped onto a line beginning with Status: does not become the block's status (SPEC-018) (1.098154ms)
✔ with attribution forbidden, an unpushed commit carrying an AI attribution line is named reword before any work; without the policy, or once pushed, it is not (PKG-045) (417.275979ms)
✔ each attribution form is caught, a prose mention is not, and the oldest attributed commit is named first (PKG-045) (612.630763ms)
✔ LOOP-063: reject input mutation during a check and retain diagnostics (389.915329ms)
✔ LOOP-063: reject deletion mutation during a check and retain diagnostics (373.661255ms)
✔ LOOP-063: reject addition mutation during a check and retain diagnostics (378.722519ms)
✔ LOOP-063: reject mode mutation during a check and retain diagnostics (357.045243ms)
✔ LOOP-063: reject specification mutation during a check and retain diagnostics (372.312419ms)
✔ LOOP-063: reject declaration mutation during a check and retain diagnostics (395.594064ms)
✔ LOOP-063: reject commit mutation during a check and retain diagnostics (356.123569ms)
✔ LOOP-063: committed input mutation during execution cannot certify the replacement (359.99829ms)
✔ LOOP-064: removing executable permission makes passing evidence stale (569.742071ms)
✔ LOOP-064: a mode-only change also invalidates the previous review after new evidence (782.991853ms)
✔ LOOP-064: changing a regular file into a link with identical identity bytes is stale (824.299442ms)
✔ LOOP-063: an unchanged candidate still records a pass despite unrelated working-tree edits (200.110135ms)
✔ LOOP-064: current and historical input ordering agrees for Unicode filenames (338.698249ms)
✔ LOOP-063: Git status hiding content changes cannot certify an uncommitted candidate (129.16988ms)
✔ LOOP-066: one check owns execution with a kernel action record (460.123194ms)
✔ LOOP-066: one check owns execution with an agent action record (395.016378ms)
✔ LOOP-066: a live lock is named and never silently overwritten (140.621303ms)
✔ LOOP-066: a dead lock is named and never silently overwritten (142.557278ms)
✔ LOOP-066: a incomplete lock is named and never silently overwritten (131.27493ms)
✔ LOOP-066: an execution error releases the check lock for a corrected rerun (459.721809ms)
✔ LOOP-066: a live kernel action from an older Cairn also blocks execution (87.450698ms)
✔ LOOP-066: separate Git worktrees can run checks independently (458.471687ms)
✔ after a green check --stale runs nothing; after one input changes it runs only that mechanism (LOOP-094) (945.056282ms)
✔ a mechanism speaking for two stale requirements runs once and refreshes both (LOOP-094, LOOP-040) (581.560889ms)
✔ a fresh failure and an unverified result are skipped with implement named (LOOP-094) (547.123058ms)
✔ --stale with a requirement identifier is refused (LOOP-094) (66.495493ms)
✔ check --stale holds back a mechanism whose requirement has three attempts and no escalation, names it, and records nothing (LOOP-094, DEC-016) (1844.230614ms)
✔ check refuses a dirty declared input and names it; a dirty undeclared file does not block (LOOP-030) (427.618021ms)
✔ check writes one receipt per run carrying the full record and a result line per requirement (LOOP-097) (313.490498ms)
✔ a nonzero exit records fail, and the receipt keeps the exit code (LOOP-034) (315.894799ms)
✔ a pass after a fail keeps the failing record; nothing is overwritten or deleted (LOOP-025) (573.478212ms)
✔ a commit changing a declared input makes evidence stale; an undeclared one does not (LOOP-007) (882.631763ms)
✔ a regression is named before a requirement that never passed (LOOP-031) (970.358453ms)
✔ three attempts with no escalation since: wake says escalate, not a fourth (DEC-016, DEC-017, DEC-018) (2055.452197ms)
✔ the review gate: no review, stale review, open finding, then Done (LOOP-020, LOOP-033) (969.421739ms)
✔ Done is refused while any requirement lacks current passing evidence (LOOP-017) (99.419706ms)
✔ check names a requested requirement that no mechanism claims (86.877755ms)
✔ check writes the in-progress record before the run and clears it after (LOOP-021) (181.79883ms)
✔ a linked declared input digests the same at a commit and in the tree (LOOP-023, LOOP-024) (389.002817ms)
✔ a result line is the mechanism's statement about one requirement; what it did not mention is unverified (LOOP-037, LOOP-052) (181.849276ms)
✔ a mechanism that says nothing is read by its exit code for every requirement (LOOP-039) (178.411642ms)
✔ unverified is not an attempt, and a return to an earlier failed digest counts once (DEC-017, DEC-018) (1525.636899ms)
✔ a result line for a requirement the mechanism does not speak for is named and writes nothing (LOOP-038) (163.923359ms)
✔ a result line inside ordinary output, or without the marker, does not count (174.836938ms)
✔ a targeted check runs the named requirements' mechanisms and records every requirement they speak for (LOOP-040) (172.135896ms)
✔ two result lines for one requirement: a fail on any line wins (174.904116ms)
✔ three runs at one digest with no attempt since: the verdict stays implement and names DEC-019; an escalation naming it among others clears the hint (DEC-019, LOOP-053) (830.43146ms)
✔ a receipt names its commit in full, and an older receipt with the short form is still read (LOOP-136) (249.833892ms)
✔ a change only to a document its declaration lists leaves the review fresh and the evidence stale; a change to another input makes the review stale (LOOP-141) (1029.875729ms)
✔ a complete commitment with an unpromoted backlog item names promote, and a stamped item lets it reach Done (LOOP-087) (922.691459ms)
✔ an empty backlog with waiting next-iteration items is Done, with the count as information and no action on them (LOOP-091) (807.623332ms)
✔ a promotion marker must resolve to a decision record (LOOP-088) (240.524798ms)
✔ a commitment promoted from an item needs a decision record naming the item (LOOP-088) (267.271791ms)
✔ the spec lint reports a promotion marker with no decision record (LOOP-088) (77.889546ms)
✔ a promoted commitment that changes an Agreed requirement or the working agreement is an escalation; an unpromoted one is not (LOOP-089, LOOP-090) (1560.838182ms)
✔ a capture from one of the commitment's own requirements needs Outside because: or an escalation (LOOP-092) (1588.022263ms)
✔ a next-iteration item names what it would change, and the capture refuses one that does not (LOOP-093) (413.740715ms)
✔ a commitment specified from a next-iteration item needs the item stamped before anything else (SPEC-027) (466.53552ms)
✔ a by deference marker resolves to a decision record like a promotion marker (SPEC-002, LOOP-088) (179.087494ms)
✔ the LOOP-090 gate reads the Concerns line, not the slug as a substring (LOOP-114) (506.97217ms)
✔ the LOOP-088 check reads the Promotes line, and decide --promotes writes it (LOOP-115) (219.938542ms)
✔ the activation commit of a promoted commitment is inside the LOOP-089 comparison (LOOP-116) (126.349582ms)
✔ the LOOP-090 route needs one escalation: its Concerns line covers the moved item too (LOOP-119, LOOP-092, LOOP-114) (597.253405ms)
✔ an escalation raised before the promoted commitment began does not silence the LOOP-090 gate (LOOP-114) (311.100668ms)
✔ an escalation raised before the commitment began does not silence the capture gate (LOOP-119) (317.256678ms)
✔ the activation commit is inside the scope footprint (LOOP-120) (98.688002ms)
✔ a requirement Agreed at activation that is demoted or removed is a contract change (LOOP-121) (571.398992ms)
✔ the include files are the root files that hold @AGENTS.md: exempt from the footprint, compared by the gate (LOOP-122) (1020.176726ms)
✔ a superseded promotion no longer satisfies the LOOP-088 check, and the repair says the promotion was reversed (LOOP-123) (465.536211ms)
✔ the restore route measures from the tree before activation, so a path the activation commit added must go (LOOP-120, LOOP-035) (150.695353ms)
✔ the loop works against exactly one commitment: the current one (LOOP-019) (361.942911ms)
✔ a promotion recorded below Consequential is a repair naming the level, since the developer never sees it in the queue (LOOP-088) (70.172341ms)
✔ every requirement the node-test declaration speaks for is named in a test title (PKG-025) (1.775026ms)
✔ every repository path the tests read is a declared input of node-test (PKG-026) (0.661599ms)
✔ writes a record with every required field and an empty realized-by (DEC-001, DEC-005) (65.578646ms)
✔ a Consequential decision is queued for review (DEC-013) (80.174434ms)
✔ a Consequential decision is queued even when .cairn/queue does not exist yet (70.485572ms)
✔ Routine is refused: routine decisions produce no record (92.912143ms)
✔ a missing field is a usage error and nothing is written (86.19648ms)
✔ supersedes requires a classified cause, and the old record must exist (208.564845ms)
✔ an existing record is not overwritten (116.292118ms)
✔ a queued decision stays queued; nothing but the developer removes it (DEC-014) (193.839773ms)
✔ each accepted decider is stored lowercase, whatever case it was typed in (DEC-020) (459.334681ms)
✔ a decider outside the vocabulary is a usage error naming all three, and nothing is written (DEC-020) (399.693838ms)
✔ an empty --decided-by is the missing-field error, not the vocabulary one (73.639622ms)
✔ LOOP-006, LOOP-067: missing inputs names a declaration repair before execution (153.159419ms)
✔ LOOP-006, LOOP-067: empty inputs names a declaration repair before execution (143.382179ms)
✔ LOOP-006, LOOP-067: missing command names a declaration repair before execution (149.978471ms)
✔ LOOP-006, LOOP-067: list command names a declaration repair before execution (159.80165ms)
✔ LOOP-006, LOOP-067: empty command names a declaration repair before execution (141.310432ms)
✔ LOOP-006, LOOP-067: missing requirements names a declaration repair before execution (144.474488ms)
✔ LOOP-006, LOOP-067: bad identifier names a declaration repair before execution (130.070188ms)
✔ LOOP-067: scalar one-item lists retain their existing meaning (276.98884ms)
✔ LOOP-068: a unpopulated gitlink is refused by name (163.991806ms)
✔ LOOP-068: a populated gitlink is refused by name (168.429578ms)
✔ LOOP-069: identical selections across 100 mechanisms use at most 20 Git processes (125.812159ms)
✔ --defect needs --from naming an Agreed requirement, and writes Defect: yes (LOOP-140) (197.210953ms)
✔ an unfixed defect is named fix before a promotable item, and counts as fixed only with passing evidence at or after its commit and no Agreed text changed (LOOP-087, LOOP-140) (1952.97905ms)
✔ escalate writes the six-line format followed by its facts, and wake presents it (LOOP-010, LOOP-026) (116.437361ms)
✔ a missing or multi-line field is refused with the field named, and nothing is written (LOOP-012) (148.050109ms)
✔ a Blocking escalation that fails the format is written anyway, naming the malformed field (LOOP-013) (155.328826ms)
✔ the loop stops for the developer only at Blocking: a recorded decision below it never yields Escalate, and the Blocking bypass must be spelled exactly (DEC-002) (294.420436ms)
✔ a second escalation while one is open is refused (LOOP-011) (137.842526ms)
✔ answer records the reply; wake no longer presents it; a second answer is refused (229.150553ms)
✔ answer to an unknown escalation is refused (67.434992ms)
✔ a stranger resumes from the file alone: question and answer are both in it (LOOP-014) (139.148299ms)
✔ a developer-shaped answer during the agent's turn is refused and writes nothing; the explanation is still accepted (LOOP-135) (551.796734ms)
✔ after an answer, the same concern can be escalated again under a new name (180.498119ms)
✔ an escalation exists when its file does, committed or not (LOOP-009) (73.084765ms)
✔ developer answers require one of the three forms and cannot inject fields (LOOP-048) (564.193107ms)
✔ ask, agent explanation, another ask, and ok stay ordered in one file (LOOP-049, LOOP-050, LOOP-014) (746.070812ms)
✔ fresh closed answers accompany only concerned requirements until new evidence (LOOP-051) (653.81062ms)
✔ a raised escalation carries no derivable status line, and an old record with one still parses (LOOP-028) (157.993348ms)
✔ LOOP-065: delete of output refuses Done and a new run recovers (1149.881924ms)
✔ LOOP-065: corrupt of output refuses Done and a new run recovers (1151.457746ms)
✔ LOOP-065: delete of stderr_output refuses Done and a new run recovers (1095.469359ms)
✔ LOOP-065: corrupt of stderr_output refuses Done and a new run recovers (920.175407ms)
✔ LOOP-065: a receipt without output needs a new check (481.848686ms)
✔ LOOP-065: a receipt without output_digest needs a new check (440.989754ms)
✔ LOOP-065: a receipt without stderr_output needs a new check (459.319116ms)
✔ LOOP-065: a receipt without stderr_digest needs a new check (398.402613ms)
✔ LOOP-065: legacy unverifiable output is rerun without rewriting history (709.452506ms)
✔ a fresh record names the kernel that wrote it (LOOP-023) (312.580911ms)
✔ LOOP-095: a record from another kernel is stale with the kernel named, and a new check restores Done (748.097951ms)
✔ LOOP-095: a record from no kernel is stale with the kernel named, and a new check restores Done (700.315584ms)
✔ LOOP-070: a later failure is latest even when the clock moves backward (938.131002ms)
✔ LOOP-070: receipt collisions at one clock instant retain execution order beyond nine suffixes (3381.629673ms)
✔ LOOP-070: imported branch receipts stale a later sequence until a new check incorporates them (1132.563197ms)
✔ LOOP-070, LOOP-098: legacy receipts need one ordered check, remain byte-for-byte unchanged, and precede the run receipt in the history (502.31255ms)
✔ LOOP-070: edit of a prior receipt requires fresh evidence (447.367833ms)
✔ LOOP-070: remove of a prior receipt requires fresh evidence (449.295796ms)
✔ LOOP-075: supporting evidence file README.md does not become a receipt (499.984078ms)
✔ LOOP-075: supporting evidence file notes.txt does not become a receipt (494.292771ms)
✔ LOOP-075: supporting evidence file support does not become a receipt (530.061207ms)
✔ LOOP-075: supporting evidence file .DS_Store does not become a receipt (509.425881ms)
✔ LOOP-075: a malformed result line (result=success) names a repair before execution (311.234172ms)
✔ LOOP-075: a malformed result line (sequence=NaN) names a repair before execution (351.279897ms)
✔ LOOP-075: a malformed result line (sequence=9007199254740992) names a repair before execution (305.47685ms)
✔ LOOP-075: a malformed result line (history_digest=wrong) names a repair before execution (318.655879ms)
✔ LOOP-075: a malformed result line (tokens) names a repair before execution (333.486044ms)
✔ LOOP-075: a receipt-shaped directory is a named repair instead of an EISDIR crash (265.295669ms)
✔ LOOP-070: an earlier escalation cannot cover three new attempts after clock rollback (867.26779ms)
✔ LOOP-070: an answer becomes old after a later check even if that check's timestamp is earlier (564.935685ms)
✔ LOOP-070: the newest answer wins between checks even when its clock timestamp is older (375.793278ms)
✔ LOOP-070: legacy escalation dates cover old receipts but not three newer sequenced runs (1207.140152ms)
✔ a PKG requirement the commitment does not name is declared, run, and gates Done (PKG-011) (1723.273018ms)
✔ a PKG requirement in a Draft spec is not folded in (490.79558ms)
✔ LOOP-076, LOOP-079: stale inputs identify the receipt and the check to run (643.019588ms)
✔ LOOP-077: names a content change using checked input identity (614.225178ms)
✔ LOOP-077: names a mode change using checked input identity (629.435262ms)
✔ LOOP-077: names a kind change using checked input identity (653.84229ms)
✔ LOOP-077: names a added change using checked input identity (601.441663ms)
✔ LOOP-077: names a removed change using checked input identity (535.497873ms)
✔ LOOP-077: names a link-target change using checked input identity (804.931871ms)
✔ LOOP-077: changed selection compares the old and new input sets (463.771621ms)
✔ LOOP-077: raw CRLF changes remain visible when Git-clean content agrees (450.733572ms)
✔ LOOP-077: detail output is sorted, bounded, and reports the omitted count (457.834033ms)
✔ LOOP-077: filenames cannot inject lines or terminal controls into explanations (386.621403ms)
✔ LOOP-077: receipts from one run share details and do not store source contents (302.962725ms)
✔ LOOP-078, LOOP-080: legacy optional detail limits explanation without changing standing (482.786682ms)
✔ LOOP-078, LOOP-080: invalid-field optional detail limits explanation without changing standing (492.586207ms)
✔ LOOP-078, LOOP-080: missing optional detail limits explanation without changing standing (498.531287ms)
✔ LOOP-078, LOOP-080: invalid-json optional detail limits explanation without changing standing (490.64402ms)
✔ LOOP-078, LOOP-080: mismatched optional detail limits explanation without changing standing (480.174606ms)
✔ LOOP-078, LOOP-080: duplicate optional detail limits explanation without changing standing (481.989401ms)
✔ LOOP-078, LOOP-080: unsafe-path optional detail limits explanation without changing standing (471.585007ms)
✔ LOOP-078, LOOP-080: directory optional detail limits explanation without changing standing (487.520611ms)
✔ LOOP-078, LOOP-080: symlink optional detail limits explanation without changing standing (489.777474ms)
✔ LOOP-078: unavailable old requirement text is not claimed as a proven change (368.056202ms)
✔ LOOP-076, LOOP-079: changed requirements identify evidence and retain review-before-check guidance (372.247744ms)
✔ LOOP-078: simultaneous input and output damage keep both reasons (353.866554ms)
✔ LOOP-080: deterministic freshness sequence seed=7 (8696.523167ms)
✔ LOOP-080: deterministic freshness sequence seed=42 (5591.513828ms)
✔ LOOP-080: deterministic freshness sequence seed=913 (4803.128015ms)
✔ LOOP-080: agreement changes, mechanism review, checks, and completion review retain priority (1222.075119ms)
✔ LOOP-080: imported receipt history demands a rerun without a false input explanation (1353.883517ms)
✔ LOOP-073: clean CRLF input completes under attributes (504.329384ms)
✔ LOOP-073: clean CRLF input completes under autocrlf (551.985571ms)
✔ LOOP-073: raw line-ending mutation during a run is rejected even when Git still sees the same content (222.829491ms)
✔ LOOP-073: execution evidence changes when clean conversion preserves committed identity (995.029857ms)
✔ LOOP-073: Git clean filters use Git's conversion while retaining raw evidence identity (526.782196ms)
✔ LOOP-073: failure of a required Git filter cannot record evidence (127.082186ms)
✔ LOOP-073: a clean filter moving HEAD during ending validation prevents evidence (344.125855ms)
✔ LOOP-073: canonical Git identities handle links without reading their targets (457.922592ms)
✔ LOOP-073: Git conversion keeps raw Unicode and control-character input paths (403.254453ms)
✔ LOOP-073: conversion and links work in a SHA-256 Git repository (401.186631ms)
✔ LOOP-074: historical specification filename "café.md" remains reviewable (395.870931ms)
✔ LOOP-074: historical specification filename "spec\ttab.md" remains reviewable (377.428836ms)
✔ LOOP-074: historical specification filename "spec\nline.md" remains reviewable (372.499448ms)
✔ help works outside a repository without running a command (PKG-017) (882.848931ms)
✔ help does not hide invalid options or consume literal arguments (198.981476ms)
✔ help lists the lint command (PKG-017) (41.896186ms)
✔ a working directory that no longer exists is named as the failure, and git is not blamed (PKG-041, PKG-022) (167.621802ms)
✔ the stop hook refuses a stop while wake says Resolvable, with the verdict as the reason (PKG-018) (207.883842ms)
✔ the stop hook allows a stop at Done, at Escalate, and outside a Cairn repository (PKG-018) (967.652028ms)
✔ the session-start hook links the command once and prints the verdict in a Cairn repository (PKG-019, PKG-014, PKG-005) (414.014686ms)
✔ the session-start hook prints no verdict outside a Cairn repository and leaves an existing link that resolves alone (PKG-019) (55.825221ms)
✔ a checkout under a path with a space links a command that resolves, and its stop hook still blocks (PKG-019, PKG-021) (359.842407ms)
✔ the hooks run the kernel the command link resolves to, so hook and agent share one referee (PKG-021) (1038.779415ms)
✔ a dangling link is replaced and reported (PKG-019) (147.679906ms)
✔ errors exit 0 with one line on standard error and no stack trace (PKG-022) (188.713806ms)
✔ the hooks judge with the cairn on PATH, a wrapper included, and session-start names it (PKG-033) (961.27849ms)
✔ a link to a wrapper or file is kept; a dangling link or one to a directory is replaced (PKG-034) (364.551333ms)
✔ a project below the Git toplevel gets the verdict and the stop refusal (PKG-035) (270.563694ms)
✔ a kernel that prints no verdict is one stderr line: the stop is allowed and session-start prints no trace (PKG-036) (156.09921ms)
✔ a link that cannot be created is one stderr line, and the verdict still prints (PKG-019, PKG-022) (131.882253ms)
✔ with git absent the hooks say so in one line and block nothing (PKG-022) (77.234139ms)
✔ stop_hook_active true no longer lets a Resolvable stop through: the hook still refuses (PKG-018) (119.372666ms)
✔ receipts written by the project's own kernel are judged with it, not with a different cairn on PATH (PKG-033, PKG-021) (383.626712ms)
✔ the fourth stop on an unchanged verdict, commit and tree goes through with a message and a stop record; each refusal names cairn escalate (PKG-043, PKG-044) (404.35425ms)
✔ progress resets the count, a commit or an edited file alike, and each session counts on its own (PKG-043) (1189.021668ms)
✔ no report, one for another commitment, at another commit, or at a value that is not a commit names a new reviewer; an uncommitted review is committed first (LOOP-020) (1418.247875ms)
✔ an old report re-dated, however it is edited, does not name the new commit and names a new reviewer; a new report with the same words does not (LOOP-020) (1263.681785ms)
✔ each finding is carried by the one line citing its number and beginning with its words; malformed reports are repairs (LOOP-020) (3512.867884ms)
✔ citations name their report's commit, so rounds never collide and an old line never carries a new finding; a wrapped review line is its own repair (LOOP-020) (816.827266ms)
✔ a finding that quotes a citation in its own words is carried by copying it, and an uncited wrapped line is no repair when there is nothing to carry (LOOP-020) (514.325361ms)
✔ a citation that is not last on its line is refused as such, and a finding ending with a citation is carried in the short form (LOOP-020) (864.893544ms)
✔ a report written or changed on disk but not committed is named commit, never judged as the committed one (LOOP-020) (530.024738ms)
✔ the findings list is read from the record's text: blank lines between entries, a wrapped entry, any bullet, and a blank line inside examined: lose nothing; a list after a heading stays unread (LOOP-020, LOOP-086, LOOP-071) (1273.793688ms)
✔ the reader reads a numbered or nested list and a blank line in examined:, and names a line it cannot read rather than reading nothing (LOOP-086, LOOP-020) (1031.57197ms)
✔ a line the reader cannot read is named whenever an entry follows it, in the review and in the report, and a finding under a heading is named (LOOP-086, LOOP-020) (879.486939ms)
✔ cairn lint runs the checker over docs/spec by default and over a named directory (PKG-028) (186.381047ms)
✔ cairn lint names a missing directory in one line, takes one argument, and reports a bad root (PKG-028) (212.891259ms)
✔ three megabytes are retained exactly once with matching digests (LOOP-041, LOOP-042) (308.003585ms)
✔ split stdout result lines survive a long non-result line; stderr is never a verdict (341.172504ms)
✔ signal termination is recorded and logs survive a clone (LOOP-043) (291.750855ms)
✔ working agreements and ignore changes are Cairn records inside the footprint (301.824396ms)
✔ a clean package passes (78.822755ms)
✔ PKG-001: a dependency, or a service manifest (147.586729ms)
✔ PKG-002: ignoring evidence or other durable state, by directory or by extension (137.745834ms)
✔ PKG-003: a command, a directory, or a record kind no decision names (246.026127ms)
✔ PKG-004: a kernel over 1900 lines, counting every file under bin/ as wc -l does; exactly 1900 passes (319.561324ms)
✔ PKG-006: a skill step naming a vendor's product, in either order, across a wrapped list item (PKG-027) (290.139749ms)
✔ PKG-008: a non-ASCII character in a tracked text file (68.719621ms)
✔ PKG-009: the kernel importing from tests (75.540473ms)
✔ PKG-012: a network call or a model client in the kernel, but not a vendor's name in text (290.162945ms)
✔ PKG-013: deferral language, but not in code, quotes, or a rule (565.865974ms)
✔ a tracked path deleted from the working tree is skipped, not a crash (77.851611ms)
✔ a sentence in a Formats section is not a record kind (78.816653ms)
✔ a record kind named by its path alone is checked (71.978972ms)
✔ PKG-002: a tracked in-progress record (71.940136ms)
✔ PKG-002: ignoring evidence alone is a finding (61.957778ms)
✔ PKG-003 reads the kernel's commands from its help output (PKG-023) (113.32567ms)
✔ the ASCII scan covers shipped files, not records under .cairn/ (PKG-024) (85.453231ms)
✔ a vendor-naming step wrapped across lines is matched (PKG-006, PKG-027) (77.837197ms)
✔ PKG-013 scans the README, the manual, and the walkthrough (PKG-032) (213.317934ms)
✔ the manifests, the listing and package.json agree on the name and version, and name paths the repository holds (PKG-037) (1.924659ms)
✔ the hooks file registers session-start and stop against the plugin's own hook.mjs through the plugin root variable (PKG-038) (0.236395ms)
✔ a Muse hook entry whose shared hook is missing prints one line and exits 0 (PKG-041, PKG-022) (70.761225ms)
✔ the registered commands print the verdict at session start, link the command into the plugin, and refuse a stop while wake says Resolvable (PKG-038, PKG-021) (372.632223ms)
✔ LOOP-071: decision body metadata does not resolve unbuilt work: "Superseded by: example" (646.324313ms)
✔ LOOP-071: decision body metadata does not resolve unbuilt work: "```text\nSuperseded by: example\n```" (600.266284ms)
✔ LOOP-071: decision body metadata does not resolve unbuilt work: "~~~text\nSuperseded by: example\n~~~" (616.492517ms)
✔ LOOP-071: a fenced realization example is not a resolving commit (606.844576ms)
✔ LOOP-071: a fenced commit inside the realization section is not built (573.871177ms)
✔ LOOP-071: ## Example cannot replace an open review finding (590.95621ms)
✔ LOOP-071: # Example cannot replace an open review finding (536.819335ms)
✔ LOOP-071: ### Example cannot replace an open review finding (501.744958ms)
✔ LOOP-071:   ## Example cannot replace an open review finding (475.03232ms)
✔ LOOP-071: Example paragraph. cannot replace an open review finding (465.222382ms)
✔ LOOP-071: Example
------- cannot replace an open review finding (404.62484ms)
✔ LOOP-071: fenced fields before a real review header are ignored (391.006839ms)
✔ LOOP-071: multiline decision --title cannot inject metadata (337.197916ms)
✔ LOOP-071: multiline decision --decided-by cannot inject metadata (335.594129ms)
✔ LOOP-071: multiline decision --rests-on cannot inject metadata (335.445097ms)
✔ LOOP-071: multiline decision --wrong-if cannot inject metadata (355.739986ms)
✔ LOOP-071: multiline decision --history cannot inject metadata (324.40834ms)
✔ LOOP-072: malformed Blocking concerns stay open: "R-001\nAnswer: ok" (90.203661ms)
✔ LOOP-072: malformed Blocking concerns stay open: "R-001\r\nAnswer: ok" (101.471876ms)
✔ LOOP-072: malformed Blocking concerns stay open: "R-001\rAnswer: ok" (83.932594ms)
✔ LOOP-072: malformed Blocking concerns stay open: "R-001 Answer: ok" (79.398645ms)
✔ LOOP-072: malformed Blocking concerns stay open: "R-001 Answer: ok" (76.463938ms)
✔ LOOP-072: ordinary malformed concerns are refused: "R-001\nR-002" (41.689763ms)
✔ LOOP-072: ordinary malformed concerns are refused: "R-001, prose" (36.513739ms)
✔ LOOP-072: ordinary malformed concerns are refused: " " (39.531575ms)
✔ LOOP-072: a Blocking escalation without concerns is still presented (88.624141ms)
✔ LOOP-072: carriage returns in a Blocking question do not create answer records (87.168551ms)
✔ LOOP-072: explanation separator 8232 cannot close an escalation (158.731947ms)
✔ LOOP-071: decision metadata refuses separator 8232 (333.909618ms)
✔ LOOP-072: explanation separator 8233 cannot close an escalation (145.028285ms)
✔ LOOP-071: decision metadata refuses separator 8233 (346.106717ms)
✔ Concerns, Rests on, and Promoted from written as lists read as the flat form (LOOP-124) (560.058555ms)
✔ an item named by filename, path, or backticked slug resolves like the slug (LOOP-125) (501.269757ms)
✔ an input that covers Cairn's own output is named as the repair, before and after a check (LOOP-126, LOOP-105) (562.528008ms)
✔ an unreadable record directory is a repair, not an error exit (LOOP-127) (72.280632ms)
✔ a title that slugifies to nothing is refused (LOOP-128) (130.519437ms)
✔ examined: [] is an empty list (LOOP-129, LOOP-108) (415.604893ms)
✔ below the Git toplevel the restore check compares root-relative paths (LOOP-130, LOOP-035) (344.45621ms)
✔ below the Git toplevel an uncommitted declared input is named from the project root (LOOP-132, LOOP-030) (208.975473ms)
✔ a value on the key line followed by list items is the first item, never dropped (LOOP-133) (602.124016ms)
✔ the footprint's walk reads Current: as the wake does: a fenced example below the real line, or a second line in history, never moves the start (LOOP-134, LOOP-035) (284.987222ms)
✔ an input spelled .. from a project below the Git toplevel covers the evidence directory (LOOP-126, LOOP-105) (90.024203ms)
✔ a Consequential record this commitment added needs its queue entry committed (LOOP-131, DEC-004) (448.946803ms)
✔ a mechanism that removes the check lock still gets its evidence, with no repair for the lock (LOOP-107) (222.016724ms)
✔ a staged rename reads as its two paths, never as a bare origin token (LOOP-030, LOOP-110) (102.350502ms)
✔ a Current: line inside a fenced example is neither a second Current: line nor the commitment, before or after the real line (LOOP-104) (184.651119ms)
✔ a Status: word is taken only from a line that carries one, never from wrapped prose after it (SPEC-018) (0.588758ms)
✔ the placeholder left above a resolving entry is a repair naming the file (DEC-021) (219.095963ms)
✔ the placeholder alone is a decision recorded and not yet built, unchanged (DEC-007) (63.793885ms)
✔ resolving entries with no placeholder are unchanged (DEC-006) (109.856133ms)
✔ a shallow clone that cannot resolve its entries is still told to fetch, not to edit (LOOP-113 keeps precedence) (112.230536ms)
✔ the placeholder quoted in a fenced example does not make a built record a repair (DEC-021) (118.423856ms)
✔ supersede takes the same decider vocabulary as decide (DEC-020) (100.399534ms)
✔ a superseded record is held to the same line: its placeholder above a resolving entry is a repair (DEC-021, DEC-010) (179.65611ms)
✔ realize() touches only the Realized by section; a body that quotes the placeholder keeps it (102.063219ms)
✔ an untracked file under a declared input is not a change under way; check still refuses beside it and names .gitignore (LOOP-110, LOOP-030) (209.460598ms)
✔ an unmatched input is refused before execution (LOOP-044) (187.652696ms)
✔ an indexed input deleted on disk asks for a commit (LOOP-045) (145.150732ms)
✔ wake and check require a Git working tree (LOOP-046) (143.161232ms)
✔ recovery removes only dead kernel run records and identifies a live owner (LOOP-054, LOOP-055) (309.322829ms)
✔ an agent action based behind a clean HEAD appears committed (LOOP-027) (191.808788ms)
✔ realization needs a real commit and a subject (DEC-006) (257.41244ms)
✔ 1500 binary inputs digest identically at the review commit in under a second (LOOP-024) (1463.313935ms)
✔ merged work is excluded but a later own commit is a breach (LOOP-047) (247.200936ms)
✔ exact Current tenure ignores prefix matches and earlier visits to the same slug (LOOP-035) (281.833367ms)
✔ a kernel run records its supervising PID (LOOP-054) (240.872863ms)
✔ a merged declared input still stales evidence (LOOP-047) (375.189389ms)
✔ wildcard and magic pathspecs select the same historical inputs (LOOP-024, LOOP-032) (2115.818482ms)
✔ historical selection retains deleted files and excludes new ones (LOOP-024, LOOP-035) (1219.218069ms)
✔ cairn --version prints the package.json version outside a repository, and help lists it (PKG-039) (168.256457ms)
✔ a release is one commit setting one version in the five files, with the changelog entry, tagged v<version> (PKG-040) (1021.270543ms)
✔ the release script refuses a bad version, no increase, a dirty tree, a missing entry, a taken tag, a disagreeing file, and a loop not at Done, each in one line with nothing written (PKG-040) (1799.330336ms)
✔ a version file written as compact JSON is released, and nothing else in any version file changes (PKG-042) (1187.169825ms)
✔ with attribution forbidden, the release script refuses an unpushed commit carrying an AI attribution line (PKG-045) (548.487867ms)
✔ explicit reporting with no lines and exit 0 establishes no requirement verdicts (LOOP-061) (453.950426ms)
✔ explicit reporting with no lines and exit 1 establishes no requirement verdicts (LOOP-061) (412.319038ms)
✔ a reporter that cannot start keeps execution diagnostics without blaming requirements (LOOP-062) (243.28687ms)
✔ large output cannot kill a reporter or invent a requirement verdict (305.349249ms)
✔ explicit mode ignores cairn: R-999: pass (261.454176ms)
✔ explicit mode ignores cairn: R-001: unverified (290.001732ms)
✔ explicit mode ignores cairn: R-001: passed (303.471356ms)
✔ explicit results survive nonzero exit and contradictory duplicates still fail (539.108197ms)
✔ unverified results across changed inputs never become failed attempts (1378.675018ms)
✔ legacy exit 0 retains its interpretation (214.408699ms)
✔ legacy exit 1 retains its interpretation (209.573549ms)
✔ a misspelled reporting mode is refused before execution (113.618841ms)
✔ changed requirement blocks unchecked reruns and makes the completion review stale (LOOP-058, LOOP-059) (1672.367863ms)
✔ falsifier changes need review; separate rationale and other requirements do not change a receipt (1256.335576ms)
✔ legacy receipts recover requirement identity from their commit; unavailable history requires review (937.456338ms)
✔ check refuses uncommitted requirement text and mechanism review markers (786.395463ms)
✔ tightened response limit cannot reuse the old passing check (1315.299765ms)
✔ a declared input over 1 MiB agrees at a commit and in the tree (LOOP-060) (409.970864ms)
✔ a failed Git blob read cannot be hashed as an empty blob (389.687549ms)
✔ Git listings over 1 MiB include the last declared input (2286.783592ms)
✔ requirement identity excludes fenced examples and status dates (485.523111ms)
✔ DemonCoder REM-002 and Status in progress cannot silently satisfy the review gate (LOOP-086) (729.223384ms)
✔ valid open findings retain their behavior (438.823671ms)
✔ valid resolved findings retain their behavior (511.714947ms)
✔ valid empty findings retain their behavior (481.239981ms)
✔ valid mixed valid findings retain their behavior (451.22809ms)
✔ malformed finding "open:" requires repair (438.184764ms)
✔ malformed finding "resolved:   " requires repair (412.292805ms)
✔ malformed finding "Open: incorrect case" requires repair (355.392634ms)
✔ malformed finding "unknown: issue" requires repair (346.038942ms)
✔ malformed finding "\u001b[31mBAD: issue" requires repair (351.002263ms)
✔ the established explicit empty findings list remains valid (376.012531ms)
✔ a scalar findings value requires the supported list format (307.968588ms)
✔ check runs a mechanism when a requirement outside the commitment was revised, and asks for the review once a commitment includes it (LOOP-059) (831.858383ms)
✔ a Requirements: line written as a list is read like the flat form (LOOP-102) (126.90254ms)
✔ a subdirectory or a README in a record directory changes nothing (LOOP-103) (503.708647ms)
✔ two Current: lines are a roadmap repair (LOOP-104) (82.985717ms)
✔ a repeated identifier, an input under the evidence directory, and a missing cwd are refused by name (LOOP-105) (422.053034ms)
✔ a requirement whose evidence outlives its mechanism is named declare, not a regression or an escalation (LOOP-106) (972.331569ms)
✔ an unreadable record is a repair, not an error exit (LOOP-107) (85.184109ms)
✔ a review needs commit, a nonempty examined list, and a findings list, each named when missing (LOOP-108) (948.408607ms)
✔ a decision record missing a header field or naming a missing predecessor is a repair (LOOP-109) (291.407187ms)
✔ a dirty declared input with no in-progress record is named record ahead of run (LOOP-022, LOOP-110) (239.642431ms)
✔ with core.filemode false the index mode is the identity, so a mode-only difference does not refuse the check (LOOP-111) (211.000619ms)
✔ a project below the Git toplevel can run check (LOOP-112) (229.470193ms)
✔ a shallow clone names history to fetch, not a decision to build (LOOP-113) (152.069465ms)
✔ record-writing commands refuse to run outside a Cairn repository and write nothing (LOOP-118) (194.80881ms)
✔ a git that cannot start is one line and exit 3 from wake and from check, with nothing recorded (LOOP-137) (103.958741ms)
✔ an unexplained or uncommitted stop record is named explain before any other action; explained and committed, the wake moves on (LOOP-139) (286.796616ms)
✔ empty footprint names declaration before scope and records no evidence (LOOP-081) (513.447418ms)
✔ first declaration still checks the full earlier history (LOOP-081) (325.391821ms)
✔ an empty current footprint does not block an explicitly requested existing mechanism (LOOP-081) (281.427803ms)
✔ an inherited mechanism provides a footprint even before local mechanisms exist (216.504607ms)
✔ scope reports every path, escapes line breaks, and gives identical remedies (LOOP-082) (231.055129ms)
✔ scope verdict reuses the answered-escalation annotation (LOOP-048, LOOP-051, LOOP-083) (555.253457ms)
✔ a committed scope acknowledgment lets restored history proceed (LOOP-083) (674.910293ms)
✔ scope acknowledgment must be committed before it can clear a breach (616.966785ms)
✔ ordinary ok does not acknowledge scope history (303.323959ms)
✔ scope escalation refuses unrestored paths and names the restoration remedy (242.660758ms)
✔ an invalid scope request still records an explicitly Blocking decision (121.231669ms)
✔ ask and explanation stay open; only the final committed ok acknowledges scope (643.104184ms)
✔ instead is visible but does not silently authorize a scope exception (333.941708ms)
✔ later changes to an acknowledged path still block, including later reverts (1057.33074ms)
✔ approval cannot hide another path changed after the snapshot (382.202051ms)
✔ acknowledged history remains conditional on the paths staying restored (559.327097ms)
✔ editing the scope snapshot after answer invalidates its acknowledgment (265.573891ms)
✔ malformed scope metadata cannot suppress a breach (1386.468057ms)
✔ damaged acknowledgment fields cannot suppress a breach (505.358918ms)
✔ scope path matching is literal, including wildcard filenames and control characters (525.709728ms)
✔ scope acknowledgment does not carry into another activation of the same slug (288.925508ms)
✔ restoration checks additions, deletions, executable modes, and symlink kinds (1356.734725ms)
✔ explicit committed retention keeps correct work and requires new evidence and review (LOOP-084, LOOP-085) (1931.111192ms)
✔ a missing declaration covers correct earlier work without retention or revert (482.520258ms)
✔ keep requires scope and an unchanged committed candidate (150.600004ms)
✔ uncommitted retention and instead answers cannot clear the incident (1014.845735ms)
✔ retention does not grant future edits, even when reverted to the approved tree (1233.92875ms)
✔ retention cannot cover another path or another activation (540.064696ms)
✔ imported changes must still match the retained tree (548.410959ms)
✔ retention handles additions, deletions, modes, symlinks, and literal filenames (1859.393637ms)
✔ retention cannot convert an existing restoration answer or accept an unknown mode (419.768089ms)
✔ a check failure after retention remains a failure (624.924414ms)
✔ retained paths stay part of the stable checked candidate without extending its footprint (609.627176ms)
✔ retention ask needs an explanation and final committed approval (532.741404ms)
✔ an unknown scope mode remains invalid even with a matching approval digest (276.068685ms)
✔ backlog writes the item; a second with the same title is refused, never overwritten (LOOP-016) (135.401246ms)
✔ a commit inside the footprint: check runs; outside it: check names the path and does not run (LOOP-015, LOOP-035) (541.766861ms)
✔ Cairn's records are never a breach; another file under docs/ is (LOOP-117) (662.510325ms)
✔ declaring the path as an input clears the breach (253.363536ms)
✔ a revert preserves the record of an out-of-scope commit (LOOP-047) (268.897264ms)
✔ a commitment naming a requirement the spec set does not hold as Agreed is repaired (LOOP-029) (81.135299ms)
✔ a requirement in a Draft spec file is not Agreed (74.014278ms)
✔ working agreements and the ignore file are Cairn records (LOOP-035, LOOP-036) (430.451251ms)
✔ the over-asking rule is gone from both skills (SPEC-005, SPEC-006, SPEC-007) (1.774607ms)
✔ a decision during the phase is recorded (DEC-003) (0.154556ms)
✔ understanding is restated before writing (SPEC-003) (0.119273ms)
✔ falsifiers are proposed as one set and confirmed by exception (SPEC-004) (0.204516ms)
✔ depth is inferred and domains derived, never asked or imposed (SPEC-008, SPEC-009) (0.141691ms)
✔ a term enters the glossary at first occurrence (SPEC-010) (0.100906ms)
✔ the phase ends at the first commitment, and later ones are specified during the loop (SPEC-011, SPEC-012) (0.368069ms)
✔ a requirement goes Agreed only with a nameable mechanism (SPEC-013) (0.145521ms)
✔ review before agreement, recording what it attacked (SPEC-014, SPEC-015) (0.137698ms)
✔ no spec file without requirements; nothing Agreed without a falsifier (SPEC-001, SPEC-002) (0.194169ms)
✔ Observed is marked, and is not contract (SPEC-016, SPEC-017) (0.20062ms)
✔ the skills exclude artifacts outside Cairn's workflow (0.179889ms)
✔ the working agreement names the agent's move for each verdict and the write-ahead record (LOOP-036) (0.603098ms)
✔ the working agreement names the developer's moves (LOOP-036, DEC-014) (0.098018ms)
✔ this repository runs by the file it ships (0.378537ms)
✔ both skills write the working agreement without naming a vendor's file (LOOP-002, LOOP-036, PKG-006) (0.142482ms)
✔ the working agreement says what an attempt is (LOOP-036, DEC-017, DEC-018) (0.085246ms)
✔ the working agreement says a failure no footprint change can address is an escalation, and where an inherited requirement is repaired (DEC-019, LOOP-057) (0.248469ms)
✔ the working agreement states the promote, next-iteration, and no-deferral moves (LOOP-029, LOOP-087, LOOP-091, LOOP-092) (0.109439ms)
✔ both skills sort captures into the backlog or next-iteration and forbid deferral (LOOP-029, LOOP-092, LOOP-093) (0.088456ms)
✔ the skill requires a falsifier on every requirement, a MAY included (SPEC-025) (0.079115ms)
✔ the working agreement names the hooks as optional and the install skill registers them for two harnesses (PKG-006, PKG-018, PKG-019) (0.230555ms)
✔ the working agreement says the kernel is upgraded at Done, never inside a commitment (LOOP-096) (0.076092ms)
✔ the next-iteration skill starts from the specification and ends by naming the next commitment (SPEC-026, SPEC-027) (0.268515ms)
✔ every document that names the project skills names next-iteration beside them (SPEC-026, PKG-014) (2.397977ms)
✔ the working agreement states a move for every action the kernel can name (LOOP-101) (1.855924ms)
✔ the working agreement states both record formats and the two flags the moves need (LOOP-036) (0.148836ms)
✔ the skills demonstrate a safe violating example and preserve recon findings (SPEC-022, SPEC-023) (0.073601ms)
✔ the specification skills run the checker through the cairn command (PKG-029) (0.278734ms)
✔ the README invokes the phase skills by name and states versions and platforms (PKG-030, PKG-031) (0.325802ms)
✔ the manual and the walkthrough say the loop promotes backlog items at Done (0.716141ms)
✔ the working agreement says a report is not work under way, its findings are captured, and it is committed with them (LOOP-138) (0.087981ms)
✔ a two-obligation sentence is named (PKG-007) (36.243329ms)
✔ an obligation with no actor is named (PKG-010) (44.869454ms)
✔ a leading condition clause is not the actor, and the actor after it counts (38.711675ms)
✔ an Agreed requirement with no falsifier is named (SPEC-002); a Draft one is not (87.653936ms)
✔ prose after a Draft requirement with no falsifier is not scanned as requirement text (33.532351ms)
✔ a spec declaring a prefix with no requirement is named (SPEC-001) (44.962938ms)
✔ a keyword in backticks or quotes is a mention, not an obligation (37.770062ms)
✔ duplicate identifiers are rejected within a file and across files (SPEC-020) (76.878834ms)
✔ references resolve across files; missing references name their source (SPEC-021) (77.415837ms)
✔ code examples and quoted mentions are neither definitions nor references (40.307948ms)
✔ machine-local paths are findings in prose, links, quotes, and examples (SPEC-019) (410.016342ms)
✔ relative paths, URLs, slash commands, and character mentions are not absolute path findings (40.457179ms)
✔ a slash after a placeholder continues the template (SPEC-019) (71.821346ms)
✔ a host path is a finding until the file declares it (SPEC-019, SPEC-024) (73.317672ms)
✔ declared host paths cover children with a slash boundary and stay file-local (128.571283ms)
✔ a host-path declaration inside a requirement or example grants no exception (108.915336ms)
✔ host-path declarations require absolute or home-relative entries (180.20711ms)
✔ an Agreed block whose only keyword is MAY needs a falsifier like any other (SPEC-025, SPEC-002) (80.083856ms)
✔ a regex literal is not a path, a drive path and a file URL are, and a skill's slash name is allowed (SPEC-028, SPEC-029) (75.964481ms)
✔ a backticked or quoted actor still counts as one (PKG-010) (37.402414ms)
✔ supersede writes both lines, and the old record keeps every word it had (DEC-008, DEC-010) (73.65441ms)
✔ supersede without a cause, or with one outside the four, is refused (DEC-009) (116.424764ms)
✔ supersede of a record that does not exist is refused (71.580084ms)
✔ a predecessor with no title line cannot be stamped, so nothing is written (69.124178ms)
✔ a --supersedes argument outside the slug alphabet is refused, and a path never reaches the filesystem (DEC-022) (243.037954ms)
✔ a record already superseded cannot be superseded again: one Superseded by line per record (DEC-022, DEC-010) (170.925369ms)
✔ reversals reports counts by decider, cause, and domain (DEC-011) (187.701514ms)
✔ decide in a domain with a reversal is refused without --history, naming the reversal; with it, the record carries History (DEC-012) (168.443099ms)
✔ decide in a domain with no reversals needs no --history (132.625285ms)
✔ a record resting on prose alone is in the domain unspecified, and so is the next one (138.993737ms)
✔ the decider tally normalizes case and whitespace, and names a value outside the vocabulary (DEC-020, DEC-011) (70.328548ms)
✔ a record with no Decided by line is tallied as unrecorded, not as a vocabulary value (67.287559ms)
✔ Decided by written as a list tallies like the flat form, and does not crash the report (LOOP-124, DEC-020) (67.312636ms)
✔ a second declaration for one requirement is accepted, a named check runs every mechanism, and Done needs each to pass (LOOP-056, LOOP-099) (1904.116638ms)
✔ one mechanism's stale evidence names that mechanism, and --stale runs only it (LOOP-056, LOOP-094) (702.666234ms)
✔ attempts are counted within one mechanism's records, so the other's passes do not reset them (LOOP-100, DEC-016) (1323.440287ms)
✔ step 1: an in-progress record is reconciled before anything else (89.626933ms)
✔ step 2: an open escalation is presented and nothing else happens (72.249813ms)
✔ an answered escalation is not open (477.955962ms)
✔ step 3: a decision with no realized-by is built, first by name (DEC-007) (91.337428ms)
✔ a superseded decision with no realized-by is not work (117.292969ms)
✔ step 6: a mechanism that has never run is run, not implemented (LOOP-008) (115.252163ms)
✔ step 6: a requirement whose mechanism fails is implemented (444.433833ms)
✔ step 6 before step 7: failing evidence outranks a missing mechanism (327.887725ms)
✔ step 7: a requirement with no mechanism is declared (LOOP-106) (75.937033ms)
✔ every verdict names who acts: Resolvable is the agent's, Done needs nobody, Escalate waits for the developer (LOOP-004) (541.29456ms)
✔ malformed roadmap is Resolvable, not fatal (LOOP-005) (75.647991ms)
✔ a commitment naming no requirements is Resolvable (LOOP-018) (57.093203ms)
✔ the primary test: two wakes on the same checkout give the same action, before and after a persisted transition (LOOP-001, LOOP-003) (476.953477ms)
✔ outside a cairn repository wake cannot run (41.89633ms)
✔ the loop never waits on the review queue (DEC-015) (346.266562ms)
✔ twenty built records cost one git call to resolve, not twenty (DEC-023) (170.00879ms)
✔ an ambiguous Realized by identifier is the repair that says lengthen it, not a build (LOOP-113, DEC-023) (157.265785ms)
✔ the linked walkthrough runs from agreement through the next commitment (PKG-016) (1251.736852ms)
ℹ tests 511
ℹ suites 0
ℹ pass 511
ℹ fail 0
ℹ cancelled 0
ℹ skipped 0
ℹ todo 0
ℹ duration_ms 21774.763144
