✔ a Draft block overrides an Agreed file for both wake and check (SPEC-018) (207.745464ms)
✔ an Agreed block overrides a Draft file in the kernel and lint (SPEC-018, SPEC-002) (616.382704ms)
✔ a block Status does not become the file default, including inside examples (SPEC-018) (370.400437ms)
✔ block status without a value does not inherit Agreed by accident (SPEC-018) (84.963546ms)
✔ inheritance needs a file Scope and includes only Agreed blocks, regardless of prefix (PKG-015) (1786.018229ms)
✔ Scope inside a requirement or fenced example does not declare inheritance (PKG-015) (905.579656ms)
✔ a falsifier wrapped onto a line beginning with Status: does not become the block's status (SPEC-018) (1.162429ms)
✔ with attribution forbidden, an unpushed commit carrying an AI attribution line is named reword before any work; without the policy, or once pushed, it is not (PKG-045) (437.418326ms)
✔ each attribution form is caught, a prose mention is not, and the oldest attributed commit is named first (PKG-045) (573.219332ms)
✔ LOOP-063: reject input mutation during a check and retain diagnostics (378.024878ms)
✔ LOOP-063: reject deletion mutation during a check and retain diagnostics (370.888469ms)
✔ LOOP-063: reject addition mutation during a check and retain diagnostics (373.659757ms)
✔ LOOP-063: reject mode mutation during a check and retain diagnostics (412.517651ms)
✔ LOOP-063: reject specification mutation during a check and retain diagnostics (365.199452ms)
✔ LOOP-063: reject declaration mutation during a check and retain diagnostics (362.342568ms)
✔ LOOP-063: reject commit mutation during a check and retain diagnostics (367.479763ms)
✔ LOOP-063: committed input mutation during execution cannot certify the replacement (368.110143ms)
✔ LOOP-064: removing executable permission makes passing evidence stale (637.435531ms)
✔ LOOP-064: a mode-only change also invalidates the previous review after new evidence (814.541742ms)
✔ LOOP-064: changing a regular file into a link with identical identity bytes is stale (847.115131ms)
✔ LOOP-063: an unchanged candidate still records a pass despite unrelated working-tree edits (203.90618ms)
✔ LOOP-064: current and historical input ordering agrees for Unicode filenames (332.309275ms)
✔ LOOP-063: Git status hiding content changes cannot certify an uncommitted candidate (209.001309ms)
✔ LOOP-066: one check owns execution with a kernel action record (474.893592ms)
✔ LOOP-066: one check owns execution with an agent action record (399.909546ms)
✔ LOOP-066: a live lock is named and never silently overwritten (130.936081ms)
✔ LOOP-066: a dead lock is named and never silently overwritten (128.787428ms)
✔ LOOP-066: a incomplete lock is named and never silently overwritten (134.472221ms)
✔ LOOP-066: an execution error releases the check lock for a corrected rerun (467.463033ms)
✔ LOOP-066: a live kernel action from an older Cairn also blocks execution (79.620571ms)
✔ LOOP-066: separate Git worktrees can run checks independently (436.312166ms)
✔ after a green check --stale runs nothing; after one input changes it runs only that mechanism (LOOP-094) (890.665363ms)
✔ a mechanism speaking for two stale requirements runs once and refreshes both (LOOP-094, LOOP-040) (597.501037ms)
✔ a fresh failure and an unverified result are skipped with implement named (LOOP-094) (565.062599ms)
✔ --stale with a requirement identifier is refused (LOOP-094) (66.592013ms)
✔ check --stale holds back a mechanism whose requirement has three attempts and no escalation, names it, and records nothing (LOOP-094, DEC-016) (1915.016493ms)
✔ check refuses a dirty declared input and names it; a dirty undeclared file does not block (LOOP-030) (391.181293ms)
✔ check writes one receipt per run carrying the full record and a result line per requirement (LOOP-097) (259.962781ms)
✔ a nonzero exit records fail, and the receipt keeps the exit code (LOOP-034) (291.174458ms)
✔ a pass after a fail keeps the failing record; nothing is overwritten or deleted (LOOP-025) (605.300928ms)
✔ a commit changing a declared input makes evidence stale; an undeclared one does not (LOOP-007) (860.57048ms)
✔ a regression is named before a requirement that never passed (LOOP-031) (1010.918743ms)
✔ three attempts with no escalation since: wake says escalate, not a fourth (DEC-016, DEC-017, DEC-018) (2164.051595ms)
✔ the review gate: no review, stale review, open finding, then Done (LOOP-020, LOOP-033) (1054.928895ms)
✔ Done is refused while any requirement lacks current passing evidence (LOOP-017) (101.272425ms)
✔ check names a requested requirement that no mechanism claims (83.609707ms)
✔ check writes the in-progress record before the run and clears it after (LOOP-021) (172.537167ms)
✔ a linked declared input digests the same at a commit and in the tree (LOOP-023, LOOP-024) (393.593931ms)
✔ a result line is the mechanism's statement about one requirement; what it did not mention is unverified (LOOP-037, LOOP-052) (172.534199ms)
✔ a mechanism that says nothing is read by its exit code for every requirement (LOOP-039) (164.727889ms)
✔ unverified is not an attempt, and a return to an earlier failed digest counts once (DEC-017, DEC-018) (1468.636979ms)
✔ a result line for a requirement the mechanism does not speak for is named and writes nothing (LOOP-038) (172.149275ms)
✔ a result line inside ordinary output, or without the marker, does not count (168.024731ms)
✔ a targeted check runs the named requirements' mechanisms and records every requirement they speak for (LOOP-040) (169.743024ms)
✔ two result lines for one requirement: a fail on any line wins (165.056809ms)
✔ three runs at one digest with no attempt since: the verdict stays implement and names DEC-019; an escalation naming it among others clears the hint (DEC-019, LOOP-053) (818.595016ms)
✔ a receipt names its commit in full, and an older receipt with the short form is still read (LOOP-136) (268.026448ms)
✔ a change only to a document its declaration lists leaves the review fresh and the evidence stale; a change to another input makes the review stale (LOOP-141) (1049.687825ms)
✔ a complete commitment with an unpromoted backlog item names promote, and a stamped item lets it reach Done (LOOP-087) (996.137055ms)
✔ an empty backlog with waiting next-iteration items is Done, with the count as information and no action on them (LOOP-091) (786.864545ms)
✔ a promotion marker must resolve to a decision record (LOOP-088) (242.892267ms)
✔ a commitment promoted from an item needs a decision record naming the item (LOOP-088) (227.003842ms)
✔ the spec lint reports a promotion marker with no decision record (LOOP-088) (84.512524ms)
✔ a promoted commitment that changes an Agreed requirement or the working agreement is an escalation; an unpromoted one is not (LOOP-089, LOOP-090) (1607.803745ms)
✔ a capture from one of the commitment's own requirements needs Outside because: or an escalation (LOOP-092) (1581.518484ms)
✔ a next-iteration item names what it would change, and the capture refuses one that does not (LOOP-093) (401.326449ms)
✔ a commitment specified from a next-iteration item needs the item stamped before anything else (SPEC-027) (577.993795ms)
✔ a by deference marker resolves to a decision record like a promotion marker (SPEC-002, LOOP-088) (179.895578ms)
✔ the LOOP-090 gate reads the Concerns line, not the slug as a substring (LOOP-114) (516.783234ms)
✔ the LOOP-088 check reads the Promotes line, and decide --promotes writes it (LOOP-115) (211.637245ms)
✔ the activation commit of a promoted commitment is inside the LOOP-089 comparison (LOOP-116) (134.681487ms)
✔ the LOOP-090 route needs one escalation: its Concerns line covers the moved item too (LOOP-119, LOOP-092, LOOP-114) (564.951241ms)
✔ an escalation raised before the promoted commitment began does not silence the LOOP-090 gate (LOOP-114) (312.521071ms)
✔ an escalation raised before the commitment began does not silence the capture gate (LOOP-119) (314.796503ms)
✔ the activation commit is inside the scope footprint (LOOP-120) (101.624601ms)
✔ a requirement Agreed at activation that is demoted or removed is a contract change (LOOP-121) (602.946994ms)
✔ the include files are the root files that hold @AGENTS.md: exempt from the footprint, compared by the gate (LOOP-122) (1018.739286ms)
✔ a superseded promotion no longer satisfies the LOOP-088 check, and the repair says the promotion was reversed (LOOP-123) (455.947646ms)
✔ the restore route measures from the tree before activation, so a path the activation commit added must go (LOOP-120, LOOP-035) (160.009399ms)
✔ the loop works against exactly one commitment: the current one (LOOP-019) (364.348926ms)
✔ a promotion recorded below Consequential is a repair naming the level, since the developer never sees it in the queue (LOOP-088) (55.066175ms)
✔ every requirement the node-test declaration speaks for is named in a test title (PKG-025) (3.100118ms)
✔ every repository path the tests read is a declared input of node-test (PKG-026) (1.233266ms)
✔ writes a record with every required field and an empty realized-by (DEC-001, DEC-005) (62.196187ms)
✔ a Consequential decision is queued for review (DEC-013) (88.295815ms)
✔ a Consequential decision is queued even when .cairn/queue does not exist yet (72.698263ms)
✔ Routine is refused: routine decisions produce no record (85.721373ms)
✔ a missing field is a usage error and nothing is written (66.045501ms)
✔ supersedes requires a classified cause, and the old record must exist (191.42245ms)
✔ an existing record is not overwritten (135.784563ms)
✔ a queued decision stays queued; nothing but the developer removes it (DEC-014) (202.830236ms)
✔ each accepted decider is stored lowercase, whatever case it was typed in (DEC-020) (502.555641ms)
✔ a decider outside the vocabulary is a usage error naming all three, and nothing is written (DEC-020) (446.24018ms)
✔ an empty --decided-by is the missing-field error, not the vocabulary one (70.40378ms)
✔ LOOP-006, LOOP-067: missing inputs names a declaration repair before execution (155.339899ms)
✔ LOOP-006, LOOP-067: empty inputs names a declaration repair before execution (160.924381ms)
✔ LOOP-006, LOOP-067: missing command names a declaration repair before execution (139.718795ms)
✔ LOOP-006, LOOP-067: list command names a declaration repair before execution (143.528677ms)
✔ LOOP-006, LOOP-067: empty command names a declaration repair before execution (148.765174ms)
✔ LOOP-006, LOOP-067: missing requirements names a declaration repair before execution (123.992296ms)
✔ LOOP-006, LOOP-067: bad identifier names a declaration repair before execution (136.330942ms)
✔ LOOP-067: scalar one-item lists retain their existing meaning (282.840881ms)
✔ LOOP-068: a unpopulated gitlink is refused by name (156.783314ms)
✔ LOOP-068: a populated gitlink is refused by name (179.017356ms)
✔ LOOP-069: identical selections across 100 mechanisms use at most 20 Git processes (145.85298ms)
✔ --defect needs --from naming an Agreed requirement, and writes Defect: yes (LOOP-140) (254.568384ms)
✔ an unfixed defect is named fix before a promotable item, and counts as fixed only with passing evidence at or after its commit and no Agreed text changed (LOOP-087, LOOP-140) (1863.119027ms)
✔ escalate writes the six-line format followed by its facts, and wake presents it (LOOP-010, LOOP-026) (139.234132ms)
✔ a missing or multi-line field is refused with the field named, and nothing is written (LOOP-012) (141.001094ms)
✔ a Blocking escalation that fails the format is written anyway, naming the malformed field (LOOP-013) (119.193209ms)
✔ the loop stops for the developer only at Blocking: a recorded decision below it never yields Escalate, and the Blocking bypass must be spelled exactly (DEC-002) (298.240739ms)
✔ a second escalation while one is open is refused (LOOP-011) (107.761961ms)
✔ answer records the reply; wake no longer presents it; a second answer is refused (271.18213ms)
✔ answer to an unknown escalation is refused (63.884883ms)
✔ a stranger resumes from the file alone: question and answer are both in it (LOOP-014) (121.273645ms)
✔ a developer-shaped answer during the agent's turn is refused and writes nothing; the explanation is still accepted (LOOP-135) (626.193255ms)
✔ after an answer, the same concern can be escalated again under a new name (186.255625ms)
✔ an escalation exists when its file does, committed or not (LOOP-009) (83.532901ms)
✔ developer answers require one of the three forms and cannot inject fields (LOOP-048) (588.595747ms)
✔ ask, agent explanation, another ask, and ok stay ordered in one file (LOOP-049, LOOP-050, LOOP-014) (772.230919ms)
✔ fresh closed answers accompany only concerned requirements until new evidence (LOOP-051) (715.076355ms)
✔ a raised escalation carries no derivable status line, and an old record with one still parses (LOOP-028) (157.562739ms)
✔ LOOP-065: delete of output refuses Done and a new run recovers (1182.276052ms)
✔ LOOP-065: corrupt of output refuses Done and a new run recovers (1150.912597ms)
✔ LOOP-065: delete of stderr_output refuses Done and a new run recovers (1167.181676ms)
✔ LOOP-065: corrupt of stderr_output refuses Done and a new run recovers (984.50976ms)
✔ LOOP-065: a receipt without output needs a new check (466.963311ms)
✔ LOOP-065: a receipt without output_digest needs a new check (479.60471ms)
✔ LOOP-065: a receipt without stderr_output needs a new check (426.481673ms)
✔ LOOP-065: a receipt without stderr_digest needs a new check (478.369598ms)
✔ LOOP-065: legacy unverifiable output is rerun without rewriting history (708.133573ms)
✔ a fresh record names the kernel that wrote it (LOOP-023) (293.733218ms)
✔ LOOP-095: a record from another kernel is stale with the kernel named, and a new check restores Done (708.473167ms)
✔ LOOP-095: a record from no kernel is stale with the kernel named, and a new check restores Done (719.715441ms)
✔ LOOP-070: a later failure is latest even when the clock moves backward (922.56249ms)
✔ LOOP-070: receipt collisions at one clock instant retain execution order beyond nine suffixes (3474.767954ms)
✔ LOOP-070: imported branch receipts stale a later sequence until a new check incorporates them (1140.45466ms)
✔ LOOP-070, LOOP-098: legacy receipts need one ordered check, remain byte-for-byte unchanged, and precede the run receipt in the history (574.265414ms)
✔ LOOP-070: edit of a prior receipt requires fresh evidence (451.580169ms)
✔ LOOP-070: remove of a prior receipt requires fresh evidence (477.938648ms)
✔ LOOP-075: supporting evidence file README.md does not become a receipt (511.569081ms)
✔ LOOP-075: supporting evidence file notes.txt does not become a receipt (480.391109ms)
✔ LOOP-075: supporting evidence file support does not become a receipt (537.903537ms)
✔ LOOP-075: supporting evidence file .DS_Store does not become a receipt (524.893337ms)
✔ LOOP-075: a malformed result line (result=success) names a repair before execution (304.329812ms)
✔ LOOP-075: a malformed result line (sequence=NaN) names a repair before execution (327.831781ms)
✔ LOOP-075: a malformed result line (sequence=9007199254740992) names a repair before execution (348.339885ms)
✔ LOOP-075: a malformed result line (history_digest=wrong) names a repair before execution (327.066771ms)
✔ LOOP-075: a malformed result line (tokens) names a repair before execution (335.263414ms)
✔ LOOP-075: a receipt-shaped directory is a named repair instead of an EISDIR crash (257.361303ms)
✔ LOOP-070: an earlier escalation cannot cover three new attempts after clock rollback (881.401293ms)
✔ LOOP-070: an answer becomes old after a later check even if that check's timestamp is earlier (574.292481ms)
✔ LOOP-070: the newest answer wins between checks even when its clock timestamp is older (388.068379ms)
✔ LOOP-070: legacy escalation dates cover old receipts but not three newer sequenced runs (1206.847276ms)
✔ a PKG requirement the commitment does not name is declared, run, and gates Done (PKG-011) (1751.104863ms)
✔ a PKG requirement in a Draft spec is not folded in (474.793786ms)
✔ LOOP-076, LOOP-079: stale inputs identify the receipt and the check to run (668.293164ms)
✔ LOOP-077: names a content change using checked input identity (623.041052ms)
✔ LOOP-077: names a mode change using checked input identity (633.521438ms)
✔ LOOP-077: names a kind change using checked input identity (622.396803ms)
✔ LOOP-077: names a added change using checked input identity (600.645284ms)
✔ LOOP-077: names a removed change using checked input identity (601.984464ms)
✔ LOOP-077: names a link-target change using checked input identity (838.654592ms)
✔ LOOP-077: changed selection compares the old and new input sets (463.734656ms)
✔ LOOP-077: raw CRLF changes remain visible when Git-clean content agrees (433.288219ms)
✔ LOOP-077: detail output is sorted, bounded, and reports the omitted count (500.461567ms)
✔ LOOP-077: filenames cannot inject lines or terminal controls into explanations (408.485954ms)
✔ LOOP-077: receipts from one run share details and do not store source contents (311.148233ms)
✔ LOOP-078, LOOP-080: legacy optional detail limits explanation without changing standing (521.547199ms)
✔ LOOP-078, LOOP-080: invalid-field optional detail limits explanation without changing standing (480.174376ms)
✔ LOOP-078, LOOP-080: missing optional detail limits explanation without changing standing (485.066497ms)
✔ LOOP-078, LOOP-080: invalid-json optional detail limits explanation without changing standing (511.019219ms)
✔ LOOP-078, LOOP-080: mismatched optional detail limits explanation without changing standing (491.429084ms)
✔ LOOP-078, LOOP-080: duplicate optional detail limits explanation without changing standing (487.629397ms)
✔ LOOP-078, LOOP-080: unsafe-path optional detail limits explanation without changing standing (475.74458ms)
✔ LOOP-078, LOOP-080: directory optional detail limits explanation without changing standing (468.726717ms)
✔ LOOP-078, LOOP-080: symlink optional detail limits explanation without changing standing (486.275158ms)
✔ LOOP-078: unavailable old requirement text is not claimed as a proven change (363.079231ms)
✔ LOOP-076, LOOP-079: changed requirements identify evidence and retain review-before-check guidance (380.029511ms)
✔ LOOP-078: simultaneous input and output damage keep both reasons (381.30909ms)
✔ LOOP-080: deterministic freshness sequence seed=7 (8940.244499ms)
✔ LOOP-080: deterministic freshness sequence seed=42 (5767.269357ms)
✔ LOOP-080: deterministic freshness sequence seed=913 (4754.452121ms)
✔ LOOP-080: agreement changes, mechanism review, checks, and completion review retain priority (1306.584208ms)
✔ LOOP-080: imported receipt history demands a rerun without a false input explanation (1355.800053ms)
✔ LOOP-073: clean CRLF input completes under attributes (535.533926ms)
✔ LOOP-073: clean CRLF input completes under autocrlf (526.961652ms)
✔ LOOP-073: raw line-ending mutation during a run is rejected even when Git still sees the same content (218.181098ms)
✔ LOOP-073: execution evidence changes when clean conversion preserves committed identity (939.203116ms)
✔ LOOP-073: Git clean filters use Git's conversion while retaining raw evidence identity (543.683184ms)
✔ LOOP-073: failure of a required Git filter cannot record evidence (140.728172ms)
✔ LOOP-073: a clean filter moving HEAD during ending validation prevents evidence (633.624222ms)
✔ LOOP-073: canonical Git identities handle links without reading their targets (455.610186ms)
✔ LOOP-073: Git conversion keeps raw Unicode and control-character input paths (411.280833ms)
✔ LOOP-073: conversion and links work in a SHA-256 Git repository (403.808698ms)
✔ LOOP-074: historical specification filename "café.md" remains reviewable (383.542785ms)
✔ LOOP-074: historical specification filename "spec\ttab.md" remains reviewable (384.661537ms)
✔ LOOP-074: historical specification filename "spec\nline.md" remains reviewable (428.961777ms)
✔ help works outside a repository without running a command (PKG-017) (916.978775ms)
✔ help does not hide invalid options or consume literal arguments (197.707349ms)
✔ help lists the lint command (PKG-017) (40.34197ms)
✔ a working directory that no longer exists is named as the failure, and git is not blamed (PKG-041, PKG-022) (151.944841ms)
✔ the stop hook refuses a stop while wake says Resolvable, with the verdict as the reason (PKG-018) (171.73271ms)
✔ the stop hook allows a stop at Done, at Escalate, and outside a Cairn repository (PKG-018) (996.745993ms)
✔ the session-start hook links the command once and prints the verdict in a Cairn repository (PKG-019, PKG-014, PKG-005) (424.634965ms)
✔ the session-start hook prints no verdict outside a Cairn repository and leaves an existing link that resolves alone (PKG-019) (53.385785ms)
✔ a checkout under a path with a space links a command that resolves, and its stop hook still blocks (PKG-019, PKG-021) (347.552191ms)
✔ the hooks run the kernel the command link resolves to, so hook and agent share one referee (PKG-021) (1040.797093ms)
✔ a dangling link is replaced and reported (PKG-019) (173.477792ms)
✔ errors exit 0 with one line on standard error and no stack trace (PKG-022) (184.798492ms)
✔ the hooks judge with the cairn on PATH, a wrapper included, and session-start names it (PKG-033) (1054.513232ms)
✔ a link to a wrapper or file is kept; a dangling link or one to a directory is replaced (PKG-034) (377.119043ms)
✔ a project below the Git toplevel gets the verdict and the stop refusal (PKG-035) (271.07328ms)
✔ a kernel that prints no verdict is one stderr line: the stop is allowed and session-start prints no trace (PKG-036) (151.309207ms)
✔ a link that cannot be created is one stderr line, and the verdict still prints (PKG-019, PKG-022) (109.527735ms)
✔ with git absent the hooks say so in one line and block nothing (PKG-022) (86.788836ms)
✔ stop_hook_active true no longer lets a Resolvable stop through: the hook still refuses (PKG-018) (141.453073ms)
✔ receipts written by the project's own kernel are judged with it, not with a different cairn on PATH (PKG-033, PKG-021) (442.802794ms)
✔ the fourth stop on an unchanged verdict, commit and tree goes through with a message and a stop record; each refusal names cairn escalate (PKG-043, PKG-044) (413.867359ms)
✔ progress resets the count, a commit or an edited file alike, and each session counts on its own (PKG-043) (1141.052513ms)
✔ no report, one for another commitment, at another commit, or at a value that is not a commit names a new reviewer; an uncommitted review is committed first (LOOP-020) (1470.454085ms)
✔ an old report re-dated, however it is edited, does not name the new commit and names a new reviewer; a new report with the same words does not (LOOP-020) (1271.553775ms)
✔ each finding is carried by the one line citing its number and beginning with its words; malformed reports are repairs (LOOP-020) (3805.908841ms)
✔ citations name their report's commit, so rounds never collide and an old line never carries a new finding; a wrapped review line is its own repair (LOOP-020) (824.45656ms)
✔ a finding that quotes a citation in its own words is carried by copying it, and an uncited wrapped line is no repair when there is nothing to carry (LOOP-020) (560.341873ms)
✔ a citation that is not last on its line is refused as such, and a finding ending with a citation is carried in the short form (LOOP-020) (847.009339ms)
✔ a report written or changed on disk but not committed is named commit, never judged as the committed one (LOOP-020) (559.496304ms)
✔ the findings list is read from the record's text: blank lines between entries, a wrapped entry, any bullet, and a blank line inside examined: lose nothing; a list after a heading stays unread (LOOP-020, LOOP-086, LOOP-071) (1236.245864ms)
✔ the reader reads a numbered or nested list and a blank line in examined:, and names a line it cannot read rather than reading nothing (LOOP-086, LOOP-020) (1038.453784ms)
✔ a line the reader cannot read is named whenever an entry follows it, in the review and in the report, and a finding under a heading is named (LOOP-086, LOOP-020) (1465.246658ms)
✔ a margin line that only looks like a field never ends a list in silence (LOOP-086, LOOP-020) (1018.65462ms)
✔ a field name repeated inside a list is named, the report's findings under a heading are named beside a list, and the repair offers the fix that keeps the finding (LOOP-020, LOOP-086) (875.907836ms)
✔ a Reviewer: line inside a list is named, and an honest record with a findings-titled heading is read (LOOP-020, LOOP-086) (659.711242ms)
✔ a record that declares findings: [] keeps a bulleted body as prose, as this repository's own reviews are written (LOOP-086, LOOP-020) (393.406497ms)
✔ a field name in another case never ends a list in silence, a record with its fields out of order is told to reorder them, and a citation names only a finding the report made (LOOP-086, LOOP-020, LOOP-108) (802.407292ms)
✔ a citation of zero is a citation, a field ends a list however it is spaced, a heading may be underlined, a blank line before a continuation is nothing, and a doubled commit: line does not name the commit (LOOP-020, LOOP-086, LOOP-108) (983.941206ms)
✔ a rule under a field line is not a heading, the hint names a heading of either form, and an earlier report's citation on a carrying line is history (LOOP-020, LOOP-108) (1222.63649ms)
✔ a title that ends with a colon is still a heading, a report whose fields sit below a heading or prose is repaired rather than discarded, and the repair names the form the kernel reads (LOOP-020, LOOP-086, LOOP-108) (1059.705061ms)
✔ a report for another commitment or commit is replaced even when its fields sit below a heading, a quoted field line does not replace the real one, a rule under any field is a rule, and the review is told what the report is told (LOOP-020, LOOP-108) (1130.934217ms)
✔ an underline makes a heading of the line above it unless that line is an entry or the record's own field, an unread field is named where it sits, a field spelled another way is named, and the findings-titled repair names retitling (LOOP-020, LOOP-086, LOOP-108) (1397.347555ms)
✔ an underlined heading that names findings holds no list either, an unterminated fence hides nothing, a spelling is judged at the margin, and a report short of one header line is repaired (LOOP-020, LOOP-086, LOOP-108) (872.503365ms)
✔ a heading that names findings holds no content of any shape, its own section decides, and a report the wrong commit wrote is replaced before any repair (LOOP-020, LOOP-086) (871.767225ms)
✔ a findings-naming heading holds nothing at all, however deep, and a report with no record is replaced rather than repaired (LOOP-020, LOOP-086) (1929.549649ms)
✔ a recognisable finding under a heading is named wherever it sits, a findings-titled section is prose beside a list that holds entries, and a record may open with a title (LOOP-020, LOOP-086, LOOP-108) (1848.217138ms)
✔ cairn lint runs the checker over docs/spec by default and over a named directory (PKG-028) (197.027199ms)
✔ cairn lint names a missing directory in one line, takes one argument, and reports a bad root (PKG-028) (188.267675ms)
✔ three megabytes are retained exactly once with matching digests (LOOP-041, LOOP-042) (325.124428ms)
✔ split stdout result lines survive a long non-result line; stderr is never a verdict (322.145074ms)
✔ signal termination is recorded and logs survive a clone (LOOP-043) (300.390252ms)
✔ working agreements and ignore changes are Cairn records inside the footprint (332.03496ms)
✔ a clean package passes (91.016531ms)
✔ PKG-001: a dependency, or a service manifest (183.337447ms)
✔ PKG-002: ignoring evidence or other durable state, by directory or by extension (118.112613ms)
✔ PKG-003: a command, a directory, or a record kind no decision names (229.215847ms)
✔ PKG-004: a kernel over 1900 lines, counting every file under bin/ as wc -l does; exactly 1900 passes (266.107273ms)
✔ PKG-006: a skill step naming a vendor's product, in either order, across a wrapped list item (PKG-027) (313.865ms)
✔ PKG-008: a non-ASCII character in a tracked text file (70.183071ms)
✔ PKG-009: the kernel importing from tests (80.013861ms)
✔ PKG-012: a network call or a model client in the kernel, but not a vendor's name in text (326.576246ms)
✔ PKG-013: deferral language, but not in code, quotes, or a rule (521.986945ms)
✔ a tracked path deleted from the working tree is skipped, not a crash (77.830732ms)
✔ a sentence in a Formats section is not a record kind (74.390061ms)
✔ a record kind named by its path alone is checked (70.195705ms)
✔ PKG-002: a tracked in-progress record (82.041924ms)
✔ PKG-002: ignoring evidence alone is a finding (60.080784ms)
✔ PKG-003 reads the kernel's commands from its help output (PKG-023) (107.745377ms)
✔ the ASCII scan covers shipped files, not records under .cairn/ (PKG-024) (72.874237ms)
✔ a vendor-naming step wrapped across lines is matched (PKG-006, PKG-027) (77.180196ms)
✔ PKG-013 scans the README, the manual, and the walkthrough (PKG-032) (214.493625ms)
✔ the manifests, the listing and package.json agree on the name and version, and name paths the repository holds (PKG-037) (2.232355ms)
✔ the hooks file registers session-start and stop against the plugin's own hook.mjs through the plugin root variable (PKG-038) (0.262872ms)
✔ a Muse hook entry whose shared hook is missing prints one line and exits 0 (PKG-041, PKG-022) (67.668356ms)
✔ the registered commands print the verdict at session start, link the command into the plugin, and refuse a stop while wake says Resolvable (PKG-038, PKG-021) (356.302848ms)
✔ LOOP-071: decision body metadata does not resolve unbuilt work: "Superseded by: example" (632.633609ms)
✔ LOOP-071: decision body metadata does not resolve unbuilt work: "```text\nSuperseded by: example\n```" (584.311ms)
✔ LOOP-071: decision body metadata does not resolve unbuilt work: "~~~text\nSuperseded by: example\n~~~" (618.7301ms)
✔ LOOP-071: a fenced realization example is not a resolving commit (598.059523ms)
✔ LOOP-071: a fenced commit inside the realization section is not built (601.859604ms)
✔ LOOP-071: ## Example cannot replace an open review finding (655.356195ms)
✔ LOOP-071: # Example cannot replace an open review finding (555.100534ms)
✔ LOOP-071: ### Example cannot replace an open review finding (524.395088ms)
✔ LOOP-071:   ## Example cannot replace an open review finding (484.111344ms)
✔ LOOP-071: Example paragraph. cannot replace an open review finding (476.019453ms)
✔ LOOP-071: Example
------- cannot replace an open review finding (508.954911ms)
✔ LOOP-071: fenced fields before a real review header are ignored (412.988829ms)
✔ LOOP-071: multiline decision --title cannot inject metadata (343.707484ms)
✔ LOOP-071: multiline decision --decided-by cannot inject metadata (332.267384ms)
✔ LOOP-071: multiline decision --rests-on cannot inject metadata (336.941652ms)
✔ LOOP-071: multiline decision --wrong-if cannot inject metadata (332.10905ms)
✔ LOOP-071: multiline decision --history cannot inject metadata (343.261026ms)
✔ LOOP-072: malformed Blocking concerns stay open: "R-001\nAnswer: ok" (99.434701ms)
✔ LOOP-072: malformed Blocking concerns stay open: "R-001\r\nAnswer: ok" (71.135751ms)
✔ LOOP-072: malformed Blocking concerns stay open: "R-001\rAnswer: ok" (89.416807ms)
✔ LOOP-072: malformed Blocking concerns stay open: "R-001 Answer: ok" (84.938707ms)
✔ LOOP-072: malformed Blocking concerns stay open: "R-001 Answer: ok" (98.45194ms)
✔ LOOP-072: ordinary malformed concerns are refused: "R-001\nR-002" (52.235714ms)
✔ LOOP-072: ordinary malformed concerns are refused: "R-001, prose" (46.600385ms)
✔ LOOP-072: ordinary malformed concerns are refused: " " (41.166221ms)
✔ LOOP-072: a Blocking escalation without concerns is still presented (100.633633ms)
✔ LOOP-072: carriage returns in a Blocking question do not create answer records (87.756705ms)
✔ LOOP-072: explanation separator 8232 cannot close an escalation (135.835273ms)
✔ LOOP-071: decision metadata refuses separator 8232 (328.726569ms)
✔ LOOP-072: explanation separator 8233 cannot close an escalation (136.997557ms)
✔ LOOP-071: decision metadata refuses separator 8233 (325.455165ms)
✔ Concerns, Rests on, and Promoted from written as lists read as the flat form (LOOP-124) (538.127118ms)
✔ an item named by filename, path, or backticked slug resolves like the slug (LOOP-125) (488.079156ms)
✔ an input that covers Cairn's own output is named as the repair, before and after a check (LOOP-126, LOOP-105) (577.869581ms)
✔ an unreadable record directory is a repair, not an error exit (LOOP-127) (78.377197ms)
✔ a title that slugifies to nothing is refused (LOOP-128) (114.418851ms)
✔ examined: [] is an empty list (LOOP-129, LOOP-108) (443.428188ms)
✔ below the Git toplevel the restore check compares root-relative paths (LOOP-130, LOOP-035) (341.332893ms)
✔ below the Git toplevel an uncommitted declared input is named from the project root (LOOP-132, LOOP-030) (199.537452ms)
✔ a value on the key line followed by list items is the first item, never dropped (LOOP-133) (608.827167ms)
✔ the footprint's walk reads Current: as the wake does: a fenced example below the real line, or a second line in history, never moves the start (LOOP-134, LOOP-035) (314.518817ms)
✔ an input spelled .. from a project below the Git toplevel covers the evidence directory (LOOP-126, LOOP-105) (87.044758ms)
✔ a Consequential record this commitment added needs its queue entry committed (LOOP-131, DEC-004) (485.825739ms)
✔ a mechanism that removes the check lock still gets its evidence, with no repair for the lock (LOOP-107) (230.809294ms)
✔ a staged rename reads as its two paths, never as a bare origin token (LOOP-030, LOOP-110) (113.949258ms)
✔ a Current: line inside a fenced example is neither a second Current: line nor the commitment, before or after the real line (LOOP-104) (185.820586ms)
✔ a Status: word is taken only from a line that carries one, never from wrapped prose after it (SPEC-018) (0.838418ms)
✔ the placeholder left above a resolving entry is a repair naming the file (DEC-021) (222.320095ms)
✔ the placeholder alone is a decision recorded and not yet built, unchanged (DEC-007) (62.901909ms)
✔ resolving entries with no placeholder are unchanged (DEC-006) (110.540629ms)
✔ a shallow clone that cannot resolve its entries is still told to fetch, not to edit (LOOP-113 keeps precedence) (99.904836ms)
✔ the placeholder quoted in a fenced example does not make a built record a repair (DEC-021) (117.274588ms)
✔ supersede takes the same decider vocabulary as decide (DEC-020) (97.493234ms)
✔ a superseded record is held to the same line: its placeholder above a resolving entry is a repair (DEC-021, DEC-010) (185.189237ms)
✔ realize() touches only the Realized by section; a body that quotes the placeholder keeps it (107.700599ms)
✔ an untracked file under a declared input is not a change under way; check still refuses beside it and names .gitignore (LOOP-110, LOOP-030) (275.224848ms)
✔ an unmatched input is refused before execution (LOOP-044) (182.942202ms)
✔ an indexed input deleted on disk asks for a commit (LOOP-045) (138.473188ms)
✔ wake and check require a Git working tree (LOOP-046) (121.929835ms)
✔ recovery removes only dead kernel run records and identifies a live owner (LOOP-054, LOOP-055) (335.368344ms)
✔ an agent action based behind a clean HEAD appears committed (LOOP-027) (172.311342ms)
✔ realization needs a real commit and a subject (DEC-006) (243.587182ms)
✔ 1500 binary inputs digest identically at the review commit in under a second (LOOP-024) (1473.049738ms)
✔ merged work is excluded but a later own commit is a breach (LOOP-047) (265.803626ms)
✔ exact Current tenure ignores prefix matches and earlier visits to the same slug (LOOP-035) (282.720541ms)
✔ a kernel run records its supervising PID (LOOP-054) (250.074477ms)
✔ a merged declared input still stales evidence (LOOP-047) (432.113375ms)
✔ wildcard and magic pathspecs select the same historical inputs (LOOP-024, LOOP-032) (2188.069044ms)
✔ historical selection retains deleted files and excludes new ones (LOOP-024, LOOP-035) (1241.791348ms)
✔ cairn --version prints the package.json version outside a repository, and help lists it (PKG-039) (143.379414ms)
✔ a release is one commit setting one version in the five files, with the changelog entry, tagged v<version> (PKG-040) (993.134986ms)
✔ the release script refuses a bad version, no increase, a dirty tree, a missing entry, a taken tag, a disagreeing file, and a loop not at Done, each in one line with nothing written (PKG-040) (1796.042998ms)
✔ a version file written as compact JSON is released, and nothing else in any version file changes (PKG-042) (1281.041626ms)
✔ with attribution forbidden, the release script refuses an unpushed commit carrying an AI attribution line (PKG-045) (561.645962ms)
✔ explicit reporting with no lines and exit 0 establishes no requirement verdicts (LOOP-061) (415.859235ms)
✔ explicit reporting with no lines and exit 1 establishes no requirement verdicts (LOOP-061) (411.464052ms)
✔ a reporter that cannot start keeps execution diagnostics without blaming requirements (LOOP-062) (243.419222ms)
✔ large output cannot kill a reporter or invent a requirement verdict (307.82965ms)
✔ explicit mode ignores cairn: R-999: pass (294.733826ms)
✔ explicit mode ignores cairn: R-001: unverified (310.875415ms)
✔ explicit mode ignores cairn: R-001: passed (280.300087ms)
✔ explicit results survive nonzero exit and contradictory duplicates still fail (546.792039ms)
✔ unverified results across changed inputs never become failed attempts (1470.075788ms)
✔ legacy exit 0 retains its interpretation (242.660738ms)
✔ legacy exit 1 retains its interpretation (208.95857ms)
✔ a misspelled reporting mode is refused before execution (98.094276ms)
✔ changed requirement blocks unchecked reruns and makes the completion review stale (LOOP-058, LOOP-059) (1716.73492ms)
✔ falsifier changes need review; separate rationale and other requirements do not change a receipt (1259.194717ms)
✔ legacy receipts recover requirement identity from their commit; unavailable history requires review (1011.784937ms)
✔ check refuses uncommitted requirement text and mechanism review markers (821.509894ms)
✔ tightened response limit cannot reuse the old passing check (1352.017877ms)
✔ a declared input over 1 MiB agrees at a commit and in the tree (LOOP-060) (442.858598ms)
✔ a failed Git blob read cannot be hashed as an empty blob (386.090821ms)
✔ Git listings over 1 MiB include the last declared input (2219.893335ms)
✔ requirement identity excludes fenced examples and status dates (497.092399ms)
✔ DemonCoder REM-002 and Status in progress cannot silently satisfy the review gate (LOOP-086) (762.189258ms)
✔ valid open findings retain their behavior (463.795962ms)
✔ valid resolved findings retain their behavior (512.066804ms)
✔ valid empty findings retain their behavior (519.803225ms)
✔ valid mixed valid findings retain their behavior (479.710929ms)
✔ malformed finding "open:" requires repair (442.306059ms)
✔ malformed finding "resolved:   " requires repair (408.24866ms)
✔ malformed finding "Open: incorrect case" requires repair (374.187911ms)
✔ malformed finding "unknown: issue" requires repair (365.125913ms)
✔ malformed finding "\u001b[31mBAD: issue" requires repair (360.67797ms)
✔ the established explicit empty findings list remains valid (363.519564ms)
✔ a scalar findings value requires the supported list format (307.400631ms)
✔ check runs a mechanism when a requirement outside the commitment was revised, and asks for the review once a commitment includes it (LOOP-059) (893.059613ms)
✔ a Requirements: line written as a list is read like the flat form (LOOP-102) (111.486458ms)
✔ a subdirectory or a README in a record directory changes nothing (LOOP-103) (496.925734ms)
✔ two Current: lines are a roadmap repair (LOOP-104) (77.637118ms)
✔ a repeated identifier, an input under the evidence directory, and a missing cwd are refused by name (LOOP-105) (421.33083ms)
✔ a requirement whose evidence outlives its mechanism is named declare, not a regression or an escalation (LOOP-106) (1016.245184ms)
✔ an unreadable record is a repair, not an error exit (LOOP-107) (90.705243ms)
✔ a review needs commit, a nonempty examined list, and a findings list, each named when missing (LOOP-108) (988.015653ms)
✔ a decision record missing a header field or naming a missing predecessor is a repair (LOOP-109) (297.739707ms)
✔ a dirty declared input with no in-progress record is named record ahead of run (LOOP-022, LOOP-110) (255.613123ms)
✔ with core.filemode false the index mode is the identity, so a mode-only difference does not refuse the check (LOOP-111) (242.464143ms)
✔ a project below the Git toplevel can run check (LOOP-112) (246.956364ms)
✔ a shallow clone names history to fetch, not a decision to build (LOOP-113) (130.860346ms)
✔ record-writing commands refuse to run outside a Cairn repository and write nothing (LOOP-118) (246.004282ms)
✔ a git that cannot start is one line and exit 3 from wake and from check, with nothing recorded (LOOP-137) (103.064249ms)
✔ an unexplained or uncommitted stop record is named explain before any other action; explained and committed, the wake moves on (LOOP-139) (233.027014ms)
✔ empty footprint names declaration before scope and records no evidence (LOOP-081) (513.625372ms)
✔ first declaration still checks the full earlier history (LOOP-081) (350.204771ms)
✔ an empty current footprint does not block an explicitly requested existing mechanism (LOOP-081) (284.763755ms)
✔ an inherited mechanism provides a footprint even before local mechanisms exist (223.160011ms)
✔ scope reports every path, escapes line breaks, and gives identical remedies (LOOP-082) (216.018452ms)
✔ scope verdict reuses the answered-escalation annotation (LOOP-048, LOOP-051, LOOP-083) (585.637602ms)
✔ a committed scope acknowledgment lets restored history proceed (LOOP-083) (726.323537ms)
✔ scope acknowledgment must be committed before it can clear a breach (653.104163ms)
✔ ordinary ok does not acknowledge scope history (291.548114ms)
✔ scope escalation refuses unrestored paths and names the restoration remedy (247.611146ms)
✔ an invalid scope request still records an explicitly Blocking decision (141.611198ms)
✔ ask and explanation stay open; only the final committed ok acknowledges scope (751.655503ms)
✔ instead is visible but does not silently authorize a scope exception (333.839662ms)
✔ later changes to an acknowledged path still block, including later reverts (1054.227035ms)
✔ approval cannot hide another path changed after the snapshot (332.257373ms)
✔ acknowledged history remains conditional on the paths staying restored (522.224143ms)
✔ editing the scope snapshot after answer invalidates its acknowledgment (287.168437ms)
✔ malformed scope metadata cannot suppress a breach (1405.013938ms)
✔ damaged acknowledgment fields cannot suppress a breach (500.750488ms)
✔ scope path matching is literal, including wildcard filenames and control characters (530.45061ms)
✔ scope acknowledgment does not carry into another activation of the same slug (280.856692ms)
✔ restoration checks additions, deletions, executable modes, and symlink kinds (1356.796789ms)
✔ explicit committed retention keeps correct work and requires new evidence and review (LOOP-084, LOOP-085) (1911.599321ms)
✔ a missing declaration covers correct earlier work without retention or revert (525.003294ms)
✔ keep requires scope and an unchanged committed candidate (188.787465ms)
✔ uncommitted retention and instead answers cannot clear the incident (996.760872ms)
✔ retention does not grant future edits, even when reverted to the approved tree (1326.487158ms)
✔ retention cannot cover another path or another activation (531.762866ms)
✔ imported changes must still match the retained tree (555.080791ms)
✔ retention handles additions, deletions, modes, symlinks, and literal filenames (1866.94461ms)
✔ retention cannot convert an existing restoration answer or accept an unknown mode (398.763267ms)
✔ a check failure after retention remains a failure (664.145973ms)
✔ retained paths stay part of the stable checked candidate without extending its footprint (557.850077ms)
✔ retention ask needs an explanation and final committed approval (536.383187ms)
✔ an unknown scope mode remains invalid even with a matching approval digest (248.484063ms)
✔ backlog writes the item; a second with the same title is refused, never overwritten (LOOP-016) (133.684666ms)
✔ a commit inside the footprint: check runs; outside it: check names the path and does not run (LOOP-015, LOOP-035) (545.047101ms)
✔ Cairn's records are never a breach; another file under docs/ is (LOOP-117) (625.762562ms)
✔ declaring the path as an input clears the breach (268.022472ms)
✔ a revert preserves the record of an out-of-scope commit (LOOP-047) (308.407059ms)
✔ a commitment naming a requirement the spec set does not hold as Agreed is repaired (LOOP-029) (83.222664ms)
✔ a requirement in a Draft spec file is not Agreed (77.354942ms)
✔ working agreements and the ignore file are Cairn records (LOOP-035, LOOP-036) (467.770275ms)
✔ the over-asking rule is gone from both skills (SPEC-005, SPEC-006, SPEC-007) (1.296589ms)
✔ a decision during the phase is recorded (DEC-003) (0.135694ms)
✔ understanding is restated before writing (SPEC-003) (0.105694ms)
✔ falsifiers are proposed as one set and confirmed by exception (SPEC-004) (0.276266ms)
✔ depth is inferred and domains derived, never asked or imposed (SPEC-008, SPEC-009) (0.135077ms)
✔ a term enters the glossary at first occurrence (SPEC-010) (0.084271ms)
✔ the phase ends at the first commitment, and later ones are specified during the loop (SPEC-011, SPEC-012) (0.095603ms)
✔ a requirement goes Agreed only with a nameable mechanism (SPEC-013) (0.098916ms)
✔ review before agreement, recording what it attacked (SPEC-014, SPEC-015) (0.22911ms)
✔ no spec file without requirements; nothing Agreed without a falsifier (SPEC-001, SPEC-002) (0.413865ms)
✔ Observed is marked, and is not contract (SPEC-016, SPEC-017) (0.277394ms)
✔ the skills exclude artifacts outside Cairn's workflow (0.134856ms)
✔ the working agreement names the agent's move for each verdict and the write-ahead record (LOOP-036) (0.179054ms)
✔ the working agreement names the developer's moves (LOOP-036, DEC-014) (0.075132ms)
✔ this repository runs by the file it ships (0.29434ms)
✔ both skills write the working agreement without naming a vendor's file (LOOP-002, LOOP-036, PKG-006) (0.088795ms)
✔ the working agreement says what an attempt is (LOOP-036, DEC-017, DEC-018) (0.051191ms)
✔ the working agreement says a failure no footprint change can address is an escalation, and where an inherited requirement is repaired (DEC-019, LOOP-057) (0.065744ms)
✔ the working agreement states the promote, next-iteration, and no-deferral moves (LOOP-029, LOOP-087, LOOP-091, LOOP-092) (0.065408ms)
✔ both skills sort captures into the backlog or next-iteration and forbid deferral (LOOP-029, LOOP-092, LOOP-093) (0.056079ms)
✔ the skill requires a falsifier on every requirement, a MAY included (SPEC-025) (0.043922ms)
✔ the working agreement names the hooks as optional and the install skill registers them for two harnesses (PKG-006, PKG-018, PKG-019) (0.187776ms)
✔ the working agreement says the kernel is upgraded at Done, never inside a commitment (LOOP-096) (0.050116ms)
✔ the next-iteration skill starts from the specification and ends by naming the next commitment (SPEC-026, SPEC-027) (0.177319ms)
✔ every document that names the project skills names next-iteration beside them (SPEC-026, PKG-014) (2.102752ms)
✔ the working agreement states a move for every action the kernel can name (LOOP-101) (1.605335ms)
✔ the working agreement states both record formats and the two flags the moves need (LOOP-036) (0.128393ms)
✔ the skills demonstrate a safe violating example and preserve recon findings (SPEC-022, SPEC-023) (0.04942ms)
✔ the specification skills run the checker through the cairn command (PKG-029) (0.177031ms)
✔ the README invokes the phase skills by name and states versions and platforms (PKG-030, PKG-031) (0.275552ms)
✔ the manual and the walkthrough say the loop promotes backlog items at Done (0.630823ms)
✔ the working agreement says a report is not work under way, its findings are captured, and it is committed with them (LOOP-138) (0.063898ms)
✔ a two-obligation sentence is named (PKG-007) (47.454298ms)
✔ an obligation with no actor is named (PKG-010) (33.772096ms)
✔ a leading condition clause is not the actor, and the actor after it counts (49.196822ms)
✔ an Agreed requirement with no falsifier is named (SPEC-002); a Draft one is not (75.263591ms)
✔ prose after a Draft requirement with no falsifier is not scanned as requirement text (37.181007ms)
✔ a spec declaring a prefix with no requirement is named (SPEC-001) (36.600386ms)
✔ a keyword in backticks or quotes is a mention, not an obligation (41.074266ms)
✔ duplicate identifiers are rejected within a file and across files (SPEC-020) (81.730992ms)
✔ references resolve across files; missing references name their source (SPEC-021) (82.013356ms)
✔ code examples and quoted mentions are neither definitions nor references (39.081478ms)
✔ machine-local paths are findings in prose, links, quotes, and examples (SPEC-019) (379.566889ms)
✔ relative paths, URLs, slash commands, and character mentions are not absolute path findings (41.5638ms)
✔ a slash after a placeholder continues the template (SPEC-019) (74.341812ms)
✔ a host path is a finding until the file declares it (SPEC-019, SPEC-024) (69.536977ms)
✔ declared host paths cover children with a slash boundary and stay file-local (118.287662ms)
✔ a host-path declaration inside a requirement or example grants no exception (123.727687ms)
✔ host-path declarations require absolute or home-relative entries (187.793383ms)
✔ an Agreed block whose only keyword is MAY needs a falsifier like any other (SPEC-025, SPEC-002) (88.2701ms)
✔ a regex literal is not a path, a drive path and a file URL are, and a skill's slash name is allowed (SPEC-028, SPEC-029) (81.274175ms)
✔ a backticked or quoted actor still counts as one (PKG-010) (38.418439ms)
✔ a fence the file never closes is named, since the parser then reads its example as specification (80.61485ms)
✔ supersede writes both lines, and the old record keeps every word it had (DEC-008, DEC-010) (66.935541ms)
✔ supersede without a cause, or with one outside the four, is refused (DEC-009) (127.633431ms)
✔ supersede of a record that does not exist is refused (62.511882ms)
✔ a predecessor with no title line cannot be stamped, so nothing is written (75.796033ms)
✔ a --supersedes argument outside the slug alphabet is refused, and a path never reaches the filesystem (DEC-022) (219.830544ms)
✔ a record already superseded cannot be superseded again: one Superseded by line per record (DEC-022, DEC-010) (174.224938ms)
✔ reversals reports counts by decider, cause, and domain (DEC-011) (185.692433ms)
✔ decide in a domain with a reversal is refused without --history, naming the reversal; with it, the record carries History (DEC-012) (160.603054ms)
✔ decide in a domain with no reversals needs no --history (119.75873ms)
✔ a record resting on prose alone is in the domain unspecified, and so is the next one (125.566225ms)
✔ the decider tally normalizes case and whitespace, and names a value outside the vocabulary (DEC-020, DEC-011) (64.171735ms)
✔ a record with no Decided by line is tallied as unrecorded, not as a vocabulary value (68.340598ms)
✔ Decided by written as a list tallies like the flat form, and does not crash the report (LOOP-124, DEC-020) (69.566196ms)
✔ a second declaration for one requirement is accepted, a named check runs every mechanism, and Done needs each to pass (LOOP-056, LOOP-099) (2002.140252ms)
✔ one mechanism's stale evidence names that mechanism, and --stale runs only it (LOOP-056, LOOP-094) (768.24529ms)
✔ attempts are counted within one mechanism's records, so the other's passes do not reset them (LOOP-100, DEC-016) (1357.259886ms)
✔ step 1: an in-progress record is reconciled before anything else (92.723788ms)
✔ step 2: an open escalation is presented and nothing else happens (67.506124ms)
✔ an answered escalation is not open (471.101722ms)
✔ step 3: a decision with no realized-by is built, first by name (DEC-007) (72.619329ms)
✔ a superseded decision with no realized-by is not work (110.940035ms)
✔ step 6: a mechanism that has never run is run, not implemented (LOOP-008) (126.839968ms)
✔ step 6: a requirement whose mechanism fails is implemented (484.279431ms)
✔ step 6 before step 7: failing evidence outranks a missing mechanism (346.024279ms)
✔ step 7: a requirement with no mechanism is declared (LOOP-106) (75.821433ms)
✔ every verdict names who acts: Resolvable is the agent's, Done needs nobody, Escalate waits for the developer (LOOP-004) (579.474371ms)
✔ malformed roadmap is Resolvable, not fatal (LOOP-005) (63.233025ms)
✔ a commitment naming no requirements is Resolvable (LOOP-018) (52.727867ms)
✔ the primary test: two wakes on the same checkout give the same action, before and after a persisted transition (LOOP-001, LOOP-003) (531.543756ms)
✔ outside a cairn repository wake cannot run (45.360946ms)
✔ the loop never waits on the review queue (DEC-015) (361.527543ms)
✔ twenty built records cost one git call to resolve, not twenty (DEC-023) (168.291385ms)
✔ an ambiguous Realized by identifier is the repair that says lengthen it, not a build (LOOP-113, DEC-023) (228.690308ms)
✔ the linked walkthrough runs from agreement through the next commitment (PKG-016) (1312.578594ms)
ℹ tests 526
ℹ suites 0
ℹ pass 526
ℹ fail 0
ℹ cancelled 0
ℹ skipped 0
ℹ todo 0
ℹ duration_ms 28256.839581
