✔ a Draft block overrides an Agreed file for both wake and check (SPEC-018) (245.629408ms)
✔ an Agreed block overrides a Draft file in the kernel and lint (SPEC-018, SPEC-002) (682.539439ms)
✔ a block Status does not become the file default, including inside examples (SPEC-018) (402.084683ms)
✔ block status without a value does not inherit Agreed by accident (SPEC-018) (116.761699ms)
✔ inheritance needs a file Scope and includes only Agreed blocks, regardless of prefix (PKG-015) (1899.894472ms)
✔ Scope inside a requirement or fenced example does not declare inheritance (PKG-015) (709.215154ms)
✔ a falsifier wrapped onto a line beginning with Status: does not become the block's status (SPEC-018) (1.276286ms)
✔ LOOP-063: reject input mutation during a check and retain diagnostics (402.57226ms)
✔ LOOP-063: reject deletion mutation during a check and retain diagnostics (433.337428ms)
✔ LOOP-063: reject addition mutation during a check and retain diagnostics (456.989695ms)
✔ LOOP-063: reject mode mutation during a check and retain diagnostics (384.502185ms)
✔ LOOP-063: reject specification mutation during a check and retain diagnostics (437.666893ms)
✔ LOOP-063: reject declaration mutation during a check and retain diagnostics (401.318585ms)
✔ LOOP-063: reject commit mutation during a check and retain diagnostics (381.358033ms)
✔ LOOP-063: committed input mutation during execution cannot certify the replacement (372.169284ms)
✔ LOOP-064: removing executable permission makes passing evidence stale (521.597231ms)
✔ LOOP-064: a mode-only change also invalidates the previous review after new evidence (794.834594ms)
✔ LOOP-064: changing a regular file into a link with identical identity bytes is stale (852.114507ms)
✔ LOOP-063: an unchanged candidate still records a pass despite unrelated working-tree edits (220.546729ms)
✔ LOOP-064: current and historical input ordering agrees for Unicode filenames (285.300853ms)
✔ LOOP-063: Git status hiding content changes cannot certify an uncommitted candidate (125.53207ms)
✔ LOOP-066: one check owns execution with a kernel action record (525.60773ms)
✔ LOOP-066: one check owns execution with an agent action record (455.236915ms)
✔ LOOP-066: a live lock is named and never silently overwritten (158.948763ms)
✔ LOOP-066: a dead lock is named and never silently overwritten (140.205423ms)
✔ LOOP-066: a incomplete lock is named and never silently overwritten (150.700481ms)
✔ LOOP-066: an execution error releases the check lock for a corrected rerun (464.577608ms)
✔ LOOP-066: a live kernel action from an older Cairn also blocks execution (77.735392ms)
✔ LOOP-066: separate Git worktrees can run checks independently (566.893811ms)
✔ after a green check --stale runs nothing; after one input changes it runs only that mechanism (LOOP-094) (1120.630467ms)
✔ a mechanism speaking for two stale requirements runs once and refreshes both (LOOP-094, LOOP-040) (681.830565ms)
✔ a fresh failure and an unverified result are skipped with implement named (LOOP-094) (645.809705ms)
✔ --stale with a requirement identifier is refused (LOOP-094) (76.003111ms)
✔ check refuses a dirty declared input and names it; a dirty undeclared file does not block (LOOP-030) (410.95248ms)
✔ check writes one receipt per run carrying the full record and a result line per requirement (LOOP-097) (339.289277ms)
✔ a nonzero exit records fail, and the receipt keeps the exit code (LOOP-034) (377.026141ms)
✔ a pass after a fail keeps the failing record; nothing is overwritten or deleted (LOOP-025) (708.610117ms)
✔ a commit changing a declared input makes evidence stale; an undeclared one does not (LOOP-007) (835.832217ms)
✔ a regression is named before a requirement that never passed (LOOP-031) (965.472252ms)
✔ three attempts with no escalation since: wake says escalate, not a fourth (DEC-016, DEC-017, DEC-018) (2112.064584ms)
✔ the review gate: no review, stale review, open finding, then Done (LOOP-020, LOOP-033) (961.385107ms)
✔ Done is refused while any requirement lacks current passing evidence (LOOP-017) (85.774108ms)
✔ check names a requested requirement that no mechanism claims (96.869925ms)
✔ check writes the in-progress record before the run and clears it after (LOOP-021) (194.053205ms)
✔ a linked declared input digests the same at a commit and in the tree (LOOP-023, LOOP-024) (379.406797ms)
✔ a result line is the mechanism's statement about one requirement; what it did not mention is unverified (LOOP-037, LOOP-052) (188.660547ms)
✔ a mechanism that says nothing is read by its exit code for every requirement (LOOP-039) (184.392393ms)
✔ unverified is not an attempt, and a return to an earlier failed digest counts once (DEC-017, DEC-018) (1558.335059ms)
✔ a result line for a requirement the mechanism does not speak for is named and writes nothing (LOOP-038) (183.187316ms)
✔ a result line inside ordinary output, or without the marker, does not count (172.814908ms)
✔ a targeted check runs the named requirements' mechanisms and records every requirement they speak for (LOOP-040) (180.265114ms)
✔ two result lines for one requirement: a fail on any line wins (162.566955ms)
✔ three runs at one digest with no attempt since: the verdict stays implement and names DEC-019; an escalation naming it among others clears the hint (DEC-019, LOOP-053) (836.55983ms)
✔ a receipt names its commit in full, and an older receipt with the short form is still read (LOOP-136) (264.316037ms)
✔ a complete commitment with an unpromoted backlog item names promote, and a stamped item lets it reach Done (LOOP-087) (1041.690399ms)
✔ an empty backlog with waiting next-iteration items is Done, with the count as information and no action on them (LOOP-091) (811.669712ms)
✔ a promotion marker must resolve to a decision record (LOOP-088) (292.069976ms)
✔ a commitment promoted from an item needs a decision record naming the item (LOOP-088) (309.81851ms)
✔ the spec lint reports a promotion marker with no decision record (LOOP-088) (79.929216ms)
✔ a promoted commitment that changes an Agreed requirement or the working agreement is an escalation; an unpromoted one is not (LOOP-089, LOOP-090) (1562.2431ms)
✔ a capture from one of the commitment's own requirements needs Outside because: or an escalation (LOOP-092) (1567.879302ms)
✔ a next-iteration item names what it would change, and the capture refuses one that does not (LOOP-093) (393.556136ms)
✔ a commitment specified from a next-iteration item needs the item stamped before anything else (SPEC-027) (463.491106ms)
✔ a by deference marker resolves to a decision record like a promotion marker (SPEC-002, LOOP-088) (166.751259ms)
✔ the LOOP-090 gate reads the Concerns line, not the slug as a substring (LOOP-114) (523.190619ms)
✔ the LOOP-088 check reads the Promotes line, and decide --promotes writes it (LOOP-115) (216.237593ms)
✔ the activation commit of a promoted commitment is inside the LOOP-089 comparison (LOOP-116) (136.966145ms)
✔ the LOOP-090 route needs one escalation: its Concerns line covers the moved item too (LOOP-119, LOOP-092, LOOP-114) (620.02116ms)
✔ an escalation raised before the promoted commitment began does not silence the LOOP-090 gate (LOOP-114) (315.081276ms)
✔ an escalation raised before the commitment began does not silence the capture gate (LOOP-119) (341.138996ms)
✔ the activation commit is inside the scope footprint (LOOP-120) (100.591541ms)
✔ a requirement Agreed at activation that is demoted or removed is a contract change (LOOP-121) (556.578883ms)
✔ the include files are the root files that hold @AGENTS.md: exempt from the footprint, compared by the gate (LOOP-122) (1064.727748ms)
✔ a superseded promotion no longer satisfies the LOOP-088 check, and the repair says the promotion was reversed (LOOP-123) (415.081833ms)
✔ the restore route measures from the tree before activation, so a path the activation commit added must go (LOOP-120, LOOP-035) (181.770197ms)
✔ the loop works against exactly one commitment: the current one (LOOP-019) (356.626091ms)
✔ a promotion recorded below Consequential is a repair naming the level, since the developer never sees it in the queue (LOOP-088) (63.332186ms)
✔ every requirement the node-test declaration speaks for is named in a test title (PKG-025) (1.801001ms)
✔ every repository path the tests read is a declared input of node-test (PKG-026) (0.78656ms)
✔ writes a record with every required field and an empty realized-by (DEC-001, DEC-005) (64.277331ms)
✔ a Consequential decision is queued for review (DEC-013) (94.851872ms)
✔ a Consequential decision is queued even when .cairn/queue does not exist yet (88.079997ms)
✔ Routine is refused: routine decisions produce no record (105.420367ms)
✔ a missing field is a usage error and nothing is written (80.288315ms)
✔ supersedes requires a classified cause, and the old record must exist (222.985616ms)
✔ an existing record is not overwritten (145.546103ms)
✔ a queued decision stays queued; nothing but the developer removes it (DEC-014) (218.068202ms)
✔ each accepted decider is stored lowercase, whatever case it was typed in (DEC-020) (569.987203ms)
✔ a decider outside the vocabulary is a usage error naming all three, and nothing is written (DEC-020) (452.073487ms)
✔ an empty --decided-by is the missing-field error, not the vocabulary one (82.021226ms)
✔ LOOP-006, LOOP-067: missing inputs names a declaration repair before execution (204.567526ms)
✔ LOOP-006, LOOP-067: empty inputs names a declaration repair before execution (158.272528ms)
✔ LOOP-006, LOOP-067: missing command names a declaration repair before execution (164.124498ms)
✔ LOOP-006, LOOP-067: list command names a declaration repair before execution (162.790353ms)
✔ LOOP-006, LOOP-067: empty command names a declaration repair before execution (144.055645ms)
✔ LOOP-006, LOOP-067: missing requirements names a declaration repair before execution (157.071899ms)
✔ LOOP-006, LOOP-067: bad identifier names a declaration repair before execution (148.081211ms)
✔ LOOP-067: scalar one-item lists retain their existing meaning (326.419449ms)
✔ LOOP-068: a unpopulated gitlink is refused by name (169.050047ms)
✔ LOOP-068: a populated gitlink is refused by name (221.115573ms)
✔ LOOP-069: identical selections across 100 mechanisms use at most 20 Git processes (160.648456ms)
✔ escalate writes the six-line format followed by its facts, and wake presents it (LOOP-010, LOOP-026) (138.639091ms)
✔ a missing or multi-line field is refused with the field named, and nothing is written (LOOP-012) (147.763276ms)
✔ a Blocking escalation that fails the format is written anyway, naming the malformed field (LOOP-013) (164.243775ms)
✔ the loop stops for the developer only at Blocking: a recorded decision below it never yields Escalate, and the Blocking bypass must be spelled exactly (DEC-002) (310.492161ms)
✔ a second escalation while one is open is refused (LOOP-011) (139.062373ms)
✔ answer records the reply; wake no longer presents it; a second answer is refused (271.826533ms)
✔ answer to an unknown escalation is refused (76.037688ms)
✔ a stranger resumes from the file alone: question and answer are both in it (LOOP-014) (144.741122ms)
✔ a developer-shaped answer during the agent's turn is refused and writes nothing; the explanation is still accepted (LOOP-135) (665.731844ms)
✔ after an answer, the same concern can be escalated again under a new name (198.051282ms)
✔ an escalation exists when its file does, committed or not (LOOP-009) (92.535796ms)
✔ developer answers require one of the three forms and cannot inject fields (LOOP-048) (647.450302ms)
✔ ask, agent explanation, another ask, and ok stay ordered in one file (LOOP-049, LOOP-050, LOOP-014) (761.669939ms)
✔ fresh closed answers accompany only concerned requirements until new evidence (LOOP-051) (692.42133ms)
✔ a raised escalation carries no derivable status line, and an old record with one still parses (LOOP-028) (157.604414ms)
✔ LOOP-065: delete of output refuses Done and a new run recovers (1204.160339ms)
✔ LOOP-065: corrupt of output refuses Done and a new run recovers (1322.677967ms)
✔ LOOP-065: delete of stderr_output refuses Done and a new run recovers (1070.728793ms)
✔ LOOP-065: corrupt of stderr_output refuses Done and a new run recovers (883.089995ms)
✔ LOOP-065: a receipt without output needs a new check (474.481075ms)
✔ LOOP-065: a receipt without output_digest needs a new check (454.808292ms)
✔ LOOP-065: a receipt without stderr_output needs a new check (417.068465ms)
✔ LOOP-065: a receipt without stderr_digest needs a new check (403.852898ms)
✔ LOOP-065: legacy unverifiable output is rerun without rewriting history (698.564588ms)
✔ a fresh record names the kernel that wrote it (LOOP-023) (277.90408ms)
✔ LOOP-095: a record from another kernel is stale with the kernel named, and a new check restores Done (671.651271ms)
✔ LOOP-095: a record from no kernel is stale with the kernel named, and a new check restores Done (663.113009ms)
✔ LOOP-070: a later failure is latest even when the clock moves backward (1034.336016ms)
✔ LOOP-070: receipt collisions at one clock instant retain execution order beyond nine suffixes (3484.982417ms)
✔ LOOP-070: imported branch receipts stale a later sequence until a new check incorporates them (1152.592691ms)
✔ LOOP-070, LOOP-098: legacy receipts need one ordered check, remain byte-for-byte unchanged, and precede the run receipt in the history (494.342638ms)
✔ LOOP-070: edit of a prior receipt requires fresh evidence (468.074916ms)
✔ LOOP-070: remove of a prior receipt requires fresh evidence (486.170088ms)
✔ LOOP-075: supporting evidence file README.md does not become a receipt (493.799476ms)
✔ LOOP-075: supporting evidence file notes.txt does not become a receipt (458.446352ms)
✔ LOOP-075: supporting evidence file support does not become a receipt (460.856626ms)
✔ LOOP-075: supporting evidence file .DS_Store does not become a receipt (491.171941ms)
✔ LOOP-075: a malformed result line (result=success) names a repair before execution (324.749434ms)
✔ LOOP-075: a malformed result line (sequence=NaN) names a repair before execution (346.604117ms)
✔ LOOP-075: a malformed result line (sequence=9007199254740992) names a repair before execution (337.013638ms)
✔ LOOP-075: a malformed result line (history_digest=wrong) names a repair before execution (324.859889ms)
✔ LOOP-075: a malformed result line (tokens) names a repair before execution (329.899586ms)
✔ LOOP-075: a receipt-shaped directory is a named repair instead of an EISDIR crash (243.525746ms)
✔ LOOP-070: an earlier escalation cannot cover three new attempts after clock rollback (909.029332ms)
✔ LOOP-070: an answer becomes old after a later check even if that check's timestamp is earlier (594.050407ms)
✔ LOOP-070: the newest answer wins between checks even when its clock timestamp is older (407.970409ms)
✔ LOOP-070: legacy escalation dates cover old receipts but not three newer sequenced runs (1301.114258ms)
✔ a PKG requirement the commitment does not name is declared, run, and gates Done (PKG-011) (1834.554212ms)
✔ a PKG requirement in a Draft spec is not folded in (510.517398ms)
✔ LOOP-076, LOOP-079: stale inputs identify the receipt and the check to run (677.483875ms)
✔ LOOP-077: names a content change using checked input identity (743.870889ms)
✔ LOOP-077: names a mode change using checked input identity (686.879043ms)
✔ LOOP-077: names a kind change using checked input identity (692.681723ms)
✔ LOOP-077: names a added change using checked input identity (570.488725ms)
✔ LOOP-077: names a removed change using checked input identity (479.14793ms)
✔ LOOP-077: names a link-target change using checked input identity (762.915785ms)
✔ LOOP-077: changed selection compares the old and new input sets (461.260566ms)
✔ LOOP-077: raw CRLF changes remain visible when Git-clean content agrees (461.662992ms)
✔ LOOP-077: detail output is sorted, bounded, and reports the omitted count (441.571146ms)
✔ LOOP-077: filenames cannot inject lines or terminal controls into explanations (408.918522ms)
✔ LOOP-077: receipts from one run share details and do not store source contents (301.014067ms)
✔ LOOP-078, LOOP-080: legacy optional detail limits explanation without changing standing (518.936625ms)
✔ LOOP-078, LOOP-080: invalid-field optional detail limits explanation without changing standing (476.623879ms)
✔ LOOP-078, LOOP-080: missing optional detail limits explanation without changing standing (478.143071ms)
✔ LOOP-078, LOOP-080: invalid-json optional detail limits explanation without changing standing (479.200933ms)
✔ LOOP-078, LOOP-080: mismatched optional detail limits explanation without changing standing (466.458137ms)
✔ LOOP-078, LOOP-080: duplicate optional detail limits explanation without changing standing (453.246799ms)
✔ LOOP-078, LOOP-080: unsafe-path optional detail limits explanation without changing standing (439.369222ms)
✔ LOOP-078, LOOP-080: directory optional detail limits explanation without changing standing (459.065661ms)
✔ LOOP-078, LOOP-080: symlink optional detail limits explanation without changing standing (455.182673ms)
✔ LOOP-078: unavailable old requirement text is not claimed as a proven change (380.221041ms)
✔ LOOP-076, LOOP-079: changed requirements identify evidence and retain review-before-check guidance (347.583117ms)
✔ LOOP-078: simultaneous input and output damage keep both reasons (359.793213ms)
✔ LOOP-080: deterministic freshness sequence seed=7 (8600.290927ms)
✔ LOOP-080: deterministic freshness sequence seed=42 (5775.586097ms)
✔ LOOP-080: deterministic freshness sequence seed=913 (5359.705313ms)
✔ LOOP-080: agreement changes, mechanism review, checks, and completion review retain priority (1368.391145ms)
✔ LOOP-080: imported receipt history demands a rerun without a false input explanation (1378.147479ms)
✔ LOOP-073: clean CRLF input completes under attributes (534.022577ms)
✔ LOOP-073: clean CRLF input completes under autocrlf (581.081735ms)
✔ LOOP-073: raw line-ending mutation during a run is rejected even when Git still sees the same content (262.179353ms)
✔ LOOP-073: execution evidence changes when clean conversion preserves committed identity (1118.339281ms)
✔ LOOP-073: Git clean filters use Git's conversion while retaining raw evidence identity (539.598365ms)
✔ LOOP-073: failure of a required Git filter cannot record evidence (127.433127ms)
✔ LOOP-073: a clean filter moving HEAD during ending validation prevents evidence (458.284976ms)
✔ LOOP-073: canonical Git identities handle links without reading their targets (418.136271ms)
✔ LOOP-073: Git conversion keeps raw Unicode and control-character input paths (379.462904ms)
✔ LOOP-073: conversion and links work in a SHA-256 Git repository (379.045149ms)
✔ LOOP-074: historical specification filename "café.md" remains reviewable (373.058576ms)
✔ LOOP-074: historical specification filename "spec\ttab.md" remains reviewable (389.693352ms)
✔ LOOP-074: historical specification filename "spec\nline.md" remains reviewable (342.318182ms)
✔ help works outside a repository without running a command (PKG-017) (1035.39811ms)
✔ help does not hide invalid options or consume literal arguments (202.884866ms)
✔ help lists the lint command (PKG-017) (48.067898ms)
✔ a working directory that no longer exists is named as the failure, and git is not blamed (PKG-041, PKG-022) (168.562986ms)
✔ the stop hook refuses a stop while wake says Resolvable, with the verdict as the reason (PKG-018) (197.009051ms)
✔ the stop hook allows a stop at Done, at Escalate, and outside a Cairn repository (PKG-018) (1069.175342ms)
✔ the session-start hook links the command once and prints the verdict in a Cairn repository (PKG-019, PKG-014, PKG-005) (443.403358ms)
✔ the session-start hook prints no verdict outside a Cairn repository and leaves an existing link that resolves alone (PKG-019) (60.133891ms)
✔ a checkout under a path with a space links a command that resolves, and its stop hook still blocks (PKG-019, PKG-021) (366.15465ms)
✔ the hooks run the kernel the command link resolves to, so hook and agent share one referee (PKG-021) (1003.622049ms)
✔ a dangling link is replaced and reported (PKG-019) (150.186498ms)
✔ errors exit 0 with one line on standard error and no stack trace (PKG-022) (179.392818ms)
✔ the hooks judge with the cairn on PATH, a wrapper included, and session-start names it (PKG-033) (928.954529ms)
✔ a link to a wrapper or file is kept; a dangling link or one to a directory is replaced (PKG-034) (391.748881ms)
✔ a project below the Git toplevel gets the verdict and the stop refusal (PKG-035) (277.965675ms)
✔ a kernel that prints no verdict is one stderr line: the stop is allowed and session-start prints no trace (PKG-036) (125.864584ms)
✔ a link that cannot be created is one stderr line, and the verdict still prints (PKG-019, PKG-022) (132.167462ms)
✔ with git absent the hooks say so in one line and block nothing (PKG-022) (88.264961ms)
✔ cairn lint runs the checker over docs/spec by default and over a named directory (PKG-028) (283.375832ms)
✔ cairn lint names a missing directory in one line, takes one argument, and reports a bad root (PKG-028) (205.082891ms)
✔ three megabytes are retained exactly once with matching digests (LOOP-041, LOOP-042) (390.497509ms)
✔ split stdout result lines survive a long non-result line; stderr is never a verdict (389.112976ms)
✔ signal termination is recorded and logs survive a clone (LOOP-043) (371.791329ms)
✔ working agreements and ignore changes are Cairn records inside the footprint (389.925167ms)
✔ a clean package passes (109.302205ms)
✔ PKG-001: a dependency, or a service manifest (171.946743ms)
✔ PKG-002: ignoring evidence or other durable state, by directory or by extension (133.559478ms)
✔ PKG-003: a command, a directory, or a record kind no decision names (249.885377ms)
✔ PKG-004: a kernel over 1600 lines, counting every file under bin/ as wc -l does; exactly 1600 passes (322.670933ms)
✔ PKG-006: a skill step naming a vendor's product, in either order, across a wrapped list item (PKG-027) (318.611486ms)
✔ PKG-008: a non-ASCII character in a tracked text file (88.049186ms)
✔ PKG-009: the kernel importing from tests (78.648376ms)
✔ PKG-012: a network call or a model vendor in the kernel (169.83566ms)
✔ PKG-013: deferral language, but not in code, quotes, or a rule (627.676071ms)
✔ a tracked path deleted from the working tree is skipped, not a crash (104.411841ms)
✔ a sentence in a Formats section is not a record kind (90.160688ms)
✔ a record kind named by its path alone is checked (73.956105ms)
✔ PKG-002: a tracked in-progress record (67.38941ms)
✔ PKG-002: ignoring evidence alone is a finding (68.936465ms)
✔ PKG-003 reads the kernel's commands from its help output (PKG-023) (137.409578ms)
✔ the ASCII scan covers shipped files, not records under .cairn/ (PKG-024) (76.768754ms)
✔ a vendor-naming step wrapped across lines is matched (PKG-006, PKG-027) (85.496019ms)
✔ PKG-013 scans the README, the manual, and the walkthrough (PKG-032) (217.933086ms)
✔ the manifests, the listing and package.json agree on the name and version, and name paths the repository holds (PKG-037) (1.829006ms)
✔ the hooks file registers session-start and stop against the plugin's own hook.mjs through the plugin root variable (PKG-038) (0.235862ms)
✔ a Muse hook entry whose shared hook is missing prints one line and exits 0 (PKG-041, PKG-022) (87.322883ms)
✔ the registered commands print the verdict at session start, link the command into the plugin, and refuse a stop while wake says Resolvable (PKG-038, PKG-021) (413.246403ms)
✔ LOOP-071: decision body metadata does not resolve unbuilt work: "Superseded by: example" (786.789222ms)
✔ LOOP-071: decision body metadata does not resolve unbuilt work: "```text\nSuperseded by: example\n```" (761.592422ms)
✔ LOOP-071: decision body metadata does not resolve unbuilt work: "~~~text\nSuperseded by: example\n~~~" (651.015768ms)
✔ LOOP-071: a fenced realization example is not a resolving commit (629.799512ms)
✔ LOOP-071: a fenced commit inside the realization section is not built (522.195238ms)
✔ LOOP-071: ## Example cannot replace an open review finding (509.959994ms)
✔ LOOP-071: # Example cannot replace an open review finding (524.177039ms)
✔ LOOP-071: ### Example cannot replace an open review finding (477.133958ms)
✔ LOOP-071:   ## Example cannot replace an open review finding (469.554159ms)
✔ LOOP-071: Example paragraph. cannot replace an open review finding (438.386727ms)
✔ LOOP-071: Example
------- cannot replace an open review finding (401.22263ms)
✔ LOOP-071: fenced fields before a real review header are ignored (393.510931ms)
✔ LOOP-071: multiline decision --title cannot inject metadata (323.437707ms)
✔ LOOP-071: multiline decision --decided-by cannot inject metadata (343.755598ms)
✔ LOOP-071: multiline decision --rests-on cannot inject metadata (327.192137ms)
✔ LOOP-071: multiline decision --wrong-if cannot inject metadata (338.121996ms)
✔ LOOP-071: multiline decision --history cannot inject metadata (330.266151ms)
✔ LOOP-072: malformed Blocking concerns stay open: "R-001\nAnswer: ok" (96.841872ms)
✔ LOOP-072: malformed Blocking concerns stay open: "R-001\r\nAnswer: ok" (86.066856ms)
✔ LOOP-072: malformed Blocking concerns stay open: "R-001\rAnswer: ok" (94.231957ms)
✔ LOOP-072: malformed Blocking concerns stay open: "R-001 Answer: ok" (81.373274ms)
✔ LOOP-072: malformed Blocking concerns stay open: "R-001 Answer: ok" (84.412388ms)
✔ LOOP-072: ordinary malformed concerns are refused: "R-001\nR-002" (52.259922ms)
✔ LOOP-072: ordinary malformed concerns are refused: "R-001, prose" (49.515975ms)
✔ LOOP-072: ordinary malformed concerns are refused: " " (42.166141ms)
✔ LOOP-072: a Blocking escalation without concerns is still presented (80.632616ms)
✔ LOOP-072: carriage returns in a Blocking question do not create answer records (86.325325ms)
✔ LOOP-072: explanation separator 8232 cannot close an escalation (169.77963ms)
✔ LOOP-071: decision metadata refuses separator 8232 (332.251661ms)
✔ LOOP-072: explanation separator 8233 cannot close an escalation (152.228608ms)
✔ LOOP-071: decision metadata refuses separator 8233 (319.678833ms)
✔ Concerns, Rests on, and Promoted from written as lists read as the flat form (LOOP-124) (632.068762ms)
✔ an item named by filename, path, or backticked slug resolves like the slug (LOOP-125) (591.888588ms)
✔ an input that covers Cairn's own output is named as the repair, before and after a check (LOOP-126, LOOP-105) (634.947868ms)
✔ an unreadable record directory is a repair, not an error exit (LOOP-127) (102.721298ms)
✔ a title that slugifies to nothing is refused (LOOP-128) (139.005373ms)
✔ examined: [] is an empty list (LOOP-129, LOOP-108) (505.105276ms)
✔ below the Git toplevel the restore check compares root-relative paths (LOOP-130, LOOP-035) (374.627416ms)
✔ below the Git toplevel an uncommitted declared input is named from the project root (LOOP-132, LOOP-030) (217.340881ms)
✔ a value on the key line followed by list items is the first item, never dropped (LOOP-133) (537.062928ms)
✔ the footprint's walk reads Current: as the wake does: a fenced example below the real line, or a second line in history, never moves the start (LOOP-134, LOOP-035) (311.51709ms)
✔ an input spelled .. from a project below the Git toplevel covers the evidence directory (LOOP-126, LOOP-105) (79.334439ms)
✔ a Consequential record this commitment added needs its queue entry committed (LOOP-131, DEC-004) (458.077961ms)
✔ a mechanism that removes the check lock still gets its evidence, with no repair for the lock (LOOP-107) (223.177946ms)
✔ a staged rename reads as its two paths, never as a bare origin token (LOOP-030, LOOP-110) (106.204874ms)
✔ a Current: line inside a fenced example is neither a second Current: line nor the commitment, before or after the real line (LOOP-104) (182.873687ms)
✔ a Status: word is taken only from a line that carries one, never from wrapped prose after it (SPEC-018) (4.052827ms)
✔ the placeholder left above a resolving entry is a repair naming the file (DEC-021) (225.72234ms)
✔ the placeholder alone is a decision recorded and not yet built, unchanged (DEC-007) (72.935103ms)
✔ resolving entries with no placeholder are unchanged (DEC-006) (119.316808ms)
✔ a shallow clone that cannot resolve its entries is still told to fetch, not to edit (LOOP-113 keeps precedence) (133.148343ms)
✔ the placeholder quoted in a fenced example does not make a built record a repair (DEC-021) (114.443363ms)
✔ supersede takes the same decider vocabulary as decide (DEC-020) (90.852926ms)
✔ a superseded record is held to the same line: its placeholder above a resolving entry is a repair (DEC-021, DEC-010) (168.770809ms)
✔ realize() touches only the Realized by section; a body that quotes the placeholder keeps it (102.123075ms)
✔ an unmatched input is refused before execution (LOOP-044) (186.155835ms)
✔ an indexed input deleted on disk asks for a commit (LOOP-045) (161.57249ms)
✔ wake and check require a Git working tree (LOOP-046) (161.464669ms)
✔ recovery removes only dead kernel run records and identifies a live owner (LOOP-054, LOOP-055) (342.791309ms)
✔ an agent action based behind a clean HEAD appears committed (LOOP-027) (222.100322ms)
✔ realization needs a real commit and a subject (DEC-006) (310.546959ms)
✔ 1500 binary inputs digest identically at the review commit in under a second (LOOP-024) (1502.904394ms)
✔ merged work is excluded but a later own commit is a breach (LOOP-047) (275.288047ms)
✔ exact Current tenure ignores prefix matches and earlier visits to the same slug (LOOP-035) (255.052112ms)
✔ a kernel run records its supervising PID (LOOP-054) (237.416664ms)
✔ a merged declared input still stales evidence (LOOP-047) (401.074137ms)
✔ wildcard and magic pathspecs select the same historical inputs (LOOP-024, LOOP-032) (2034.365609ms)
✔ historical selection retains deleted files and excludes new ones (LOOP-024, LOOP-035) (1225.835273ms)
✔ cairn --version prints the package.json version outside a repository, and help lists it (PKG-039) (147.034377ms)
✔ a release is one commit setting one version in the five files, with the changelog entry, tagged v<version> (PKG-040) (1127.636237ms)
✔ the release script refuses a bad version, no increase, a dirty tree, a missing entry, a taken tag, a disagreeing file, and a loop not at Done, each in one line with nothing written (PKG-040) (2143.557874ms)
✔ explicit reporting with no lines and exit 0 establishes no requirement verdicts (LOOP-061) (458.324685ms)
✔ explicit reporting with no lines and exit 1 establishes no requirement verdicts (LOOP-061) (434.966221ms)
✔ a reporter that cannot start keeps execution diagnostics without blaming requirements (LOOP-062) (316.020708ms)
✔ large output cannot kill a reporter or invent a requirement verdict (358.515975ms)
✔ explicit mode ignores cairn: R-999: pass (349.098558ms)
✔ explicit mode ignores cairn: R-001: unverified (341.379991ms)
✔ explicit mode ignores cairn: R-001: passed (329.397098ms)
✔ explicit results survive nonzero exit and contradictory duplicates still fail (579.438903ms)
✔ unverified results across changed inputs never become failed attempts (1359.715615ms)
✔ legacy exit 0 retains its interpretation (231.219843ms)
✔ legacy exit 1 retains its interpretation (208.192682ms)
✔ a misspelled reporting mode is refused before execution (116.772439ms)
✔ changed requirement blocks unchecked reruns and makes the completion review stale (LOOP-058, LOOP-059) (1868.185828ms)
✔ falsifier changes need review; separate rationale and other requirements do not change a receipt (1334.663378ms)
✔ legacy receipts recover requirement identity from their commit; unavailable history requires review (859.934587ms)
✔ check refuses uncommitted requirement text and mechanism review markers (745.130867ms)
✔ tightened response limit cannot reuse the old passing check (1346.952109ms)
✔ a declared input over 1 MiB agrees at a commit and in the tree (LOOP-060) (424.124577ms)
✔ a failed Git blob read cannot be hashed as an empty blob (374.055397ms)
✔ Git listings over 1 MiB include the last declared input (2339.669315ms)
✔ requirement identity excludes fenced examples and status dates (471.470562ms)
✔ DemonCoder REM-002 and Status in progress cannot silently satisfy the review gate (LOOP-086) (899.843763ms)
✔ valid open findings retain their behavior (515.940262ms)
✔ valid resolved findings retain their behavior (535.938591ms)
✔ valid empty findings retain their behavior (572.838139ms)
✔ valid mixed valid findings retain their behavior (499.500536ms)
✔ malformed finding "open:" requires repair (396.666082ms)
✔ malformed finding "resolved:   " requires repair (370.382518ms)
✔ malformed finding "Open: incorrect case" requires repair (359.976023ms)
✔ malformed finding "unknown: issue" requires repair (338.425785ms)
✔ malformed finding "\u001b[31mBAD: issue" requires repair (357.681958ms)
✔ the established explicit empty findings list remains valid (364.52387ms)
✔ a scalar findings value requires the supported list format (323.410687ms)
✔ a Requirements: line written as a list is read like the flat form (LOOP-102) (161.513095ms)
✔ a subdirectory or a README in a record directory changes nothing (LOOP-103) (553.675788ms)
✔ two Current: lines are a roadmap repair (LOOP-104) (91.125058ms)
✔ a repeated identifier, an input under the evidence directory, and a missing cwd are refused by name (LOOP-105) (459.814069ms)
✔ a requirement whose evidence outlives its mechanism is named declare, not a regression or an escalation (LOOP-106) (1214.267511ms)
✔ an unreadable record is a repair, not an error exit (LOOP-107) (91.346829ms)
✔ a review needs commit, a nonempty examined list, and a findings list, each named when missing (LOOP-108) (989.085563ms)
✔ a decision record missing a header field or naming a missing predecessor is a repair (LOOP-109) (312.153277ms)
✔ a dirty declared input with no in-progress record is named record ahead of run (LOOP-022, LOOP-110) (251.261948ms)
✔ with core.filemode false the index mode is the identity, so a mode-only difference does not refuse the check (LOOP-111) (235.665068ms)
✔ a project below the Git toplevel can run check (LOOP-112) (262.465487ms)
✔ a shallow clone names history to fetch, not a decision to build (LOOP-113) (203.609806ms)
✔ record-writing commands refuse to run outside a Cairn repository and write nothing (LOOP-118) (230.782694ms)
✔ a git that cannot start is one line and exit 3 from wake and from check, with nothing recorded (LOOP-137) (97.175057ms)
✔ empty footprint names declaration before scope and records no evidence (LOOP-081) (613.988858ms)
✔ first declaration still checks the full earlier history (LOOP-081) (387.447876ms)
✔ an empty current footprint does not block an explicitly requested existing mechanism (LOOP-081) (338.686604ms)
✔ an inherited mechanism provides a footprint even before local mechanisms exist (277.373158ms)
✔ scope reports every path, escapes line breaks, and gives identical remedies (LOOP-082) (276.190287ms)
✔ scope verdict reuses the answered-escalation annotation (LOOP-048, LOOP-051, LOOP-083) (631.480978ms)
✔ a committed scope acknowledgment lets restored history proceed (LOOP-083) (752.926596ms)
✔ scope acknowledgment must be committed before it can clear a breach (675.454641ms)
✔ ordinary ok does not acknowledge scope history (311.571495ms)
✔ scope escalation refuses unrestored paths and names the restoration remedy (259.120921ms)
✔ an invalid scope request still records an explicitly Blocking decision (153.334764ms)
✔ ask and explanation stay open; only the final committed ok acknowledges scope (743.504318ms)
✔ instead is visible but does not silently authorize a scope exception (369.925999ms)
✔ later changes to an acknowledged path still block, including later reverts (1155.82355ms)
✔ approval cannot hide another path changed after the snapshot (391.306953ms)
✔ acknowledged history remains conditional on the paths staying restored (564.956525ms)
✔ editing the scope snapshot after answer invalidates its acknowledgment (247.637196ms)
✔ malformed scope metadata cannot suppress a breach (1403.712362ms)
✔ damaged acknowledgment fields cannot suppress a breach (578.545442ms)
✔ scope path matching is literal, including wildcard filenames and control characters (499.710711ms)
✔ scope acknowledgment does not carry into another activation of the same slug (301.062164ms)
✔ restoration checks additions, deletions, executable modes, and symlink kinds (1458.312465ms)
✔ explicit committed retention keeps correct work and requires new evidence and review (LOOP-084, LOOP-085) (2191.989384ms)
✔ a missing declaration covers correct earlier work without retention or revert (595.322636ms)
✔ keep requires scope and an unchanged committed candidate (170.418554ms)
✔ uncommitted retention and instead answers cannot clear the incident (1132.94061ms)
✔ retention does not grant future edits, even when reverted to the approved tree (1359.231231ms)
✔ retention cannot cover another path or another activation (575.28938ms)
✔ imported changes must still match the retained tree (572.825384ms)
✔ retention handles additions, deletions, modes, symlinks, and literal filenames (1944.880675ms)
✔ retention cannot convert an existing restoration answer or accept an unknown mode (432.979953ms)
✔ a check failure after retention remains a failure (680.904537ms)
✔ retained paths stay part of the stable checked candidate without extending its footprint (619.722535ms)
✔ retention ask needs an explanation and final committed approval (512.156678ms)
✔ an unknown scope mode remains invalid even with a matching approval digest (282.00467ms)
✔ backlog writes the item; a second with the same title is refused, never overwritten (LOOP-016) (138.260114ms)
✔ a commit inside the footprint: check runs; outside it: check names the path and does not run (LOOP-015, LOOP-035) (603.799462ms)
✔ Cairn's records are never a breach; another file under docs/ is (LOOP-117) (707.023341ms)
✔ declaring the path as an input clears the breach (307.991317ms)
✔ a revert preserves the record of an out-of-scope commit (LOOP-047) (323.845243ms)
✔ a commitment naming a requirement the spec set does not hold as Agreed is repaired (LOOP-029) (90.804092ms)
✔ a requirement in a Draft spec file is not Agreed (92.224557ms)
✔ working agreements and the ignore file are Cairn records (LOOP-035, LOOP-036) (459.894794ms)
✔ the over-asking rule is gone from both skills (SPEC-005, SPEC-006, SPEC-007) (1.170098ms)
✔ a decision during the phase is recorded (DEC-003) (0.14441ms)
✔ understanding is restated before writing (SPEC-003) (0.099372ms)
✔ falsifiers are proposed as one set and confirmed by exception (SPEC-004) (0.304309ms)
✔ depth is inferred and domains derived, never asked or imposed (SPEC-008, SPEC-009) (0.12178ms)
✔ a term enters the glossary at first occurrence (SPEC-010) (0.0636ms)
✔ the phase ends at the first commitment, and later ones are specified during the loop (SPEC-011, SPEC-012) (0.672693ms)
✔ a requirement goes Agreed only with a nameable mechanism (SPEC-013) (0.108519ms)
✔ review before agreement, recording what it attacked (SPEC-014, SPEC-015) (0.135622ms)
✔ no spec file without requirements; nothing Agreed without a falsifier (SPEC-001, SPEC-002) (0.599927ms)
✔ Observed is marked, and is not contract (SPEC-016, SPEC-017) (0.09957ms)
✔ the skills exclude artifacts outside Cairn's workflow (0.140294ms)
✔ the working agreement names the agent's move for each verdict and the write-ahead record (LOOP-036) (0.354922ms)
✔ the working agreement names the developer's moves (LOOP-036, DEC-014) (0.079042ms)
✔ this repository runs by the file it ships (0.322347ms)
✔ both skills write the working agreement without naming a vendor's file (LOOP-002, LOOP-036, PKG-006) (0.112255ms)
✔ the working agreement says what an attempt is (LOOP-036, DEC-017, DEC-018) (0.05601ms)
✔ the working agreement says a failure no footprint change can address is an escalation, and where an inherited requirement is repaired (DEC-019, LOOP-057) (0.086816ms)
✔ the working agreement states the promote, next-iteration, and no-deferral moves (LOOP-029, LOOP-087, LOOP-091, LOOP-092) (0.069774ms)
✔ both skills sort captures into the backlog or next-iteration and forbid deferral (LOOP-029, LOOP-092, LOOP-093) (0.053334ms)
✔ the skill requires a falsifier on every requirement, a MAY included (SPEC-025) (0.080218ms)
✔ the working agreement names the hooks as optional and the install skill registers them for two harnesses (PKG-006, PKG-018, PKG-019) (0.207317ms)
✔ the working agreement says the kernel is upgraded at Done, never inside a commitment (LOOP-096) (0.060598ms)
✔ the next-iteration skill starts from the specification and ends by naming the next commitment (SPEC-026, SPEC-027) (0.313125ms)
✔ every document that names the project skills names next-iteration beside them (SPEC-026, PKG-014) (3.85581ms)
✔ the working agreement states a move for every action the kernel can name (LOOP-101) (1.500722ms)
✔ the working agreement states both record formats and the two flags the moves need (LOOP-036) (0.147333ms)
✔ the skills demonstrate a safe violating example and preserve recon findings (SPEC-022, SPEC-023) (0.054332ms)
✔ the specification skills run the checker through the cairn command (PKG-029) (0.192968ms)
✔ the README invokes the phase skills by name and states versions and platforms (PKG-030, PKG-031) (0.276903ms)
✔ the manual and the walkthrough say the loop promotes backlog items at Done (0.637157ms)
✔ a two-obligation sentence is named (PKG-007) (46.152295ms)
✔ an obligation with no actor is named (PKG-010) (52.556213ms)
✔ a leading condition clause is not the actor, and the actor after it counts (43.454224ms)
✔ an Agreed requirement with no falsifier is named (SPEC-002); a Draft one is not (84.478736ms)
✔ prose after a Draft requirement with no falsifier is not scanned as requirement text (41.43496ms)
✔ a spec declaring a prefix with no requirement is named (SPEC-001) (45.679206ms)
✔ a keyword in backticks or quotes is a mention, not an obligation (39.678714ms)
✔ duplicate identifiers are rejected within a file and across files (SPEC-020) (91.569892ms)
✔ references resolve across files; missing references name their source (SPEC-021) (90.517129ms)
✔ code examples and quoted mentions are neither definitions nor references (39.407974ms)
✔ machine-local paths are findings in prose, links, quotes, and examples (SPEC-019) (435.501334ms)
✔ relative paths, URLs, slash commands, and character mentions are not absolute path findings (51.542261ms)
✔ a slash after a placeholder continues the template (SPEC-019) (84.864751ms)
✔ a host path is a finding until the file declares it (SPEC-019, SPEC-024) (91.442648ms)
✔ declared host paths cover children with a slash boundary and stay file-local (141.951369ms)
✔ a host-path declaration inside a requirement or example grants no exception (119.867217ms)
✔ host-path declarations require absolute or home-relative entries (249.261265ms)
✔ an Agreed block whose only keyword is MAY needs a falsifier like any other (SPEC-025, SPEC-002) (93.655591ms)
✔ a regex literal is not a path, a drive path and a file URL are, and a skill's slash name is allowed (SPEC-028, SPEC-029) (86.88047ms)
✔ a backticked or quoted actor still counts as one (PKG-010) (35.684458ms)
✔ supersede writes both lines, and the old record keeps every word it had (DEC-008, DEC-010) (82.795294ms)
✔ supersede without a cause, or with one outside the four, is refused (DEC-009) (132.770113ms)
✔ supersede of a record that does not exist is refused (82.321124ms)
✔ a predecessor with no title line cannot be stamped, so nothing is written (76.199762ms)
✔ a --supersedes argument outside the slug alphabet is refused, and a path never reaches the filesystem (DEC-022) (269.754328ms)
✔ a record already superseded cannot be superseded again: one Superseded by line per record (DEC-022, DEC-010) (213.736724ms)
✔ reversals reports counts by decider, cause, and domain (DEC-011) (186.855405ms)
✔ decide in a domain with a reversal is refused without --history, naming the reversal; with it, the record carries History (DEC-012) (179.744149ms)
✔ decide in a domain with no reversals needs no --history (136.689081ms)
✔ a record resting on prose alone is in the domain unspecified, and so is the next one (119.443904ms)
✔ the decider tally normalizes case and whitespace, and names a value outside the vocabulary (DEC-020, DEC-011) (67.433619ms)
✔ a record with no Decided by line is tallied as unrecorded, not as a vocabulary value (72.657537ms)
✔ Decided by written as a list tallies like the flat form, and does not crash the report (LOOP-124, DEC-020) (88.002098ms)
✔ a second declaration for one requirement is accepted, a named check runs every mechanism, and Done needs each to pass (LOOP-056, LOOP-099) (1990.852147ms)
✔ one mechanism's stale evidence names that mechanism, and --stale runs only it (LOOP-056, LOOP-094) (783.080753ms)
✔ attempts are counted within one mechanism's records, so the other's passes do not reset them (LOOP-100, DEC-016) (1396.515488ms)
✔ step 1: an in-progress record is reconciled before anything else (109.82696ms)
✔ step 2: an open escalation is presented and nothing else happens (100.901846ms)
✔ an answered escalation is not open (500.376433ms)
✔ step 3: a decision with no realized-by is built, first by name (DEC-007) (110.341304ms)
✔ a superseded decision with no realized-by is not work (128.594349ms)
✔ step 6: a mechanism that has never run is run, not implemented (LOOP-008) (122.777147ms)
✔ step 6: a requirement whose mechanism fails is implemented (472.419751ms)
✔ step 6 before step 7: failing evidence outranks a missing mechanism (337.11605ms)
✔ step 7: a requirement with no mechanism is declared (LOOP-106) (83.310378ms)
✔ every verdict names who acts: Resolvable is the agent's, Done needs nobody, Escalate waits for the developer (LOOP-004) (499.499857ms)
✔ malformed roadmap is Resolvable, not fatal (LOOP-005) (60.971627ms)
✔ a commitment naming no requirements is Resolvable (LOOP-018) (70.037264ms)
✔ the primary test: two wakes on the same checkout give the same action, before and after a persisted transition (LOOP-001, LOOP-003) (534.62743ms)
✔ outside a cairn repository wake cannot run (41.316927ms)
✔ the loop never waits on the review queue (DEC-015) (325.529949ms)
✔ twenty built records cost one git call to resolve, not twenty (DEC-023) (179.444761ms)
✔ an ambiguous Realized by identifier is the repair that says lengthen it, not a build (LOOP-113, DEC-023) (179.467127ms)
✔ the linked walkthrough runs from agreement through the next commitment (PKG-016) (1396.348565ms)
ℹ tests 485
ℹ suites 0
ℹ pass 485
ℹ fail 0
ℹ cancelled 0
ℹ skipped 0
ℹ todo 0
ℹ duration_ms 22579.748564
