✔ a Draft block overrides an Agreed file for both wake and check (SPEC-018) (213.90588ms)
✔ an Agreed block overrides a Draft file in the kernel and lint (SPEC-018, SPEC-002) (682.438438ms)
✔ a block Status does not become the file default, including inside examples (SPEC-018) (368.880433ms)
✔ block status without a value does not inherit Agreed by accident (SPEC-018) (86.220334ms)
✔ inheritance needs a file Scope and includes only Agreed blocks, regardless of prefix (PKG-015) (2154.784659ms)
✔ Scope inside a requirement or fenced example does not declare inheritance (PKG-015) (986.956675ms)
✔ a falsifier wrapped onto a line beginning with Status: does not become the block's status (SPEC-018) (1.271568ms)
✔ with attribution forbidden, an unpushed commit carrying an AI attribution line is named reword before any work; without the policy, or once pushed, it is not (PKG-045) (417.243523ms)
✔ each attribution form is caught, a prose mention is not, and the oldest attributed commit is named first (PKG-045) (568.057441ms)
✔ LOOP-063: reject input mutation during a check and retain diagnostics (442.964475ms)
✔ LOOP-063: reject deletion mutation during a check and retain diagnostics (440.529687ms)
✔ LOOP-063: reject addition mutation during a check and retain diagnostics (429.519398ms)
✔ LOOP-063: reject mode mutation during a check and retain diagnostics (436.792235ms)
✔ LOOP-063: reject specification mutation during a check and retain diagnostics (476.696665ms)
✔ LOOP-063: reject declaration mutation during a check and retain diagnostics (409.120406ms)
✔ LOOP-063: reject commit mutation during a check and retain diagnostics (459.087312ms)
✔ LOOP-063: committed input mutation during execution cannot certify the replacement (439.567615ms)
✔ LOOP-064: removing executable permission makes passing evidence stale (633.343771ms)
✔ LOOP-064: a mode-only change also invalidates the previous review after new evidence (871.29171ms)
✔ LOOP-064: changing a regular file into a link with identical identity bytes is stale (999.593915ms)
✔ LOOP-063: an unchanged candidate still records a pass despite unrelated working-tree edits (219.427252ms)
✔ LOOP-064: current and historical input ordering agrees for Unicode filenames (346.8918ms)
✔ LOOP-063: Git status hiding content changes cannot certify an uncommitted candidate (125.334291ms)
✔ LOOP-066: one check owns execution with a kernel action record (499.948401ms)
✔ LOOP-066: one check owns execution with an agent action record (443.192392ms)
✔ LOOP-066: a live lock is named and never silently overwritten (139.392159ms)
✔ LOOP-066: a dead lock is named and never silently overwritten (152.620522ms)
✔ LOOP-066: a incomplete lock is named and never silently overwritten (145.887408ms)
✔ LOOP-066: an execution error releases the check lock for a corrected rerun (593.526689ms)
✔ LOOP-066: a live kernel action from an older Cairn also blocks execution (96.613496ms)
✔ LOOP-066: separate Git worktrees can run checks independently (498.925793ms)
✔ after a green check --stale runs nothing; after one input changes it runs only that mechanism (LOOP-094) (1028.551739ms)
✔ a mechanism speaking for two stale requirements runs once and refreshes both (LOOP-094, LOOP-040) (650.537646ms)
✔ a fresh failure and an unverified result are skipped with implement named (LOOP-094) (668.755392ms)
✔ --stale with a requirement identifier is refused (LOOP-094) (79.00257ms)
✔ check --stale holds back a mechanism whose requirement has three attempts and no escalation, names it, and records nothing (LOOP-094, DEC-016) (2094.311125ms)
✔ check refuses a dirty declared input and names it; a dirty undeclared file does not block (LOOP-030) (400.866443ms)
✔ check writes one receipt per run carrying the full record and a result line per requirement (LOOP-097) (333.001473ms)
✔ a nonzero exit records fail, and the receipt keeps the exit code (LOOP-034) (362.59801ms)
✔ a pass after a fail keeps the failing record; nothing is overwritten or deleted (LOOP-025) (729.177846ms)
✔ a commit changing a declared input makes evidence stale; an undeclared one does not (LOOP-007) (1017.599371ms)
✔ a regression is named before a requirement that never passed (LOOP-031) (1106.025266ms)
✔ three attempts with no escalation since: wake says escalate, not a fourth (DEC-016, DEC-017, DEC-018) (2336.574924ms)
✔ the review gate: no review, stale review, open finding, then Done (LOOP-020, LOOP-033) (1117.480211ms)
✔ Done is refused while any requirement lacks current passing evidence (LOOP-017) (105.77965ms)
✔ check names a requested requirement that no mechanism claims (104.157746ms)
✔ check writes the in-progress record before the run and clears it after (LOOP-021) (192.63097ms)
✔ a linked declared input digests the same at a commit and in the tree (LOOP-023, LOOP-024) (412.659968ms)
✔ a result line is the mechanism's statement about one requirement; what it did not mention is unverified (LOOP-037, LOOP-052) (200.503777ms)
✔ a mechanism that says nothing is read by its exit code for every requirement (LOOP-039) (172.342817ms)
✔ unverified is not an attempt, and a return to an earlier failed digest counts once (DEC-017, DEC-018) (1589.96535ms)
✔ a result line for a requirement the mechanism does not speak for is named and writes nothing (LOOP-038) (173.15884ms)
✔ a result line inside ordinary output, or without the marker, does not count (193.857603ms)
✔ a targeted check runs the named requirements' mechanisms and records every requirement they speak for (LOOP-040) (192.063472ms)
✔ two result lines for one requirement: a fail on any line wins (180.792314ms)
✔ three runs at one digest with no attempt since: the verdict stays implement and names DEC-019; an escalation naming it among others clears the hint (DEC-019, LOOP-053) (859.278339ms)
✔ a receipt names its commit in full, and an older receipt with the short form is still read (LOOP-136) (257.796468ms)
✔ a change only to a document its declaration lists leaves the review fresh and the evidence stale; a change to another input makes the review stale (LOOP-141) (1097.481693ms)
✔ a complete commitment with an unpromoted backlog item names promote, and a stamped item lets it reach Done (LOOP-087) (1128.110746ms)
✔ an empty backlog with waiting next-iteration items is Done, with the count as information and no action on them (LOOP-091) (972.197387ms)
✔ a promotion marker must resolve to a decision record (LOOP-088) (261.649993ms)
✔ a commitment promoted from an item needs a decision record naming the item (LOOP-088) (263.97056ms)
✔ the spec lint reports a promotion marker with no decision record (LOOP-088) (88.509947ms)
✔ a promoted commitment that changes an Agreed requirement or the working agreement is an escalation; an unpromoted one is not (LOOP-089, LOOP-090) (1830.97797ms)
✔ a capture from one of the commitment's own requirements needs Outside because: or an escalation (LOOP-092) (1766.789062ms)
✔ a next-iteration item names what it would change, and the capture refuses one that does not (LOOP-093) (434.282529ms)
✔ a commitment specified from a next-iteration item needs the item stamped before anything else (SPEC-027) (592.968488ms)
✔ a by deference marker resolves to a decision record like a promotion marker (SPEC-002, LOOP-088) (199.331617ms)
✔ the LOOP-090 gate reads the Concerns line, not the slug as a substring (LOOP-114) (547.923248ms)
✔ the LOOP-088 check reads the Promotes line, and decide --promotes writes it (LOOP-115) (220.835568ms)
✔ the activation commit of a promoted commitment is inside the LOOP-089 comparison (LOOP-116) (144.383957ms)
✔ the LOOP-090 route needs one escalation: its Concerns line covers the moved item too (LOOP-119, LOOP-092, LOOP-114) (668.856992ms)
✔ an escalation raised before the promoted commitment began does not silence the LOOP-090 gate (LOOP-114) (327.926683ms)
✔ an escalation raised before the commitment began does not silence the capture gate (LOOP-119) (321.329799ms)
✔ the activation commit is inside the scope footprint (LOOP-120) (113.891502ms)
✔ a requirement Agreed at activation that is demoted or removed is a contract change (LOOP-121) (630.278739ms)
✔ the include files are the root files that hold @AGENTS.md: exempt from the footprint, compared by the gate (LOOP-122) (1085.626735ms)
✔ a superseded promotion no longer satisfies the LOOP-088 check, and the repair says the promotion was reversed (LOOP-123) (485.15012ms)
✔ the restore route measures from the tree before activation, so a path the activation commit added must go (LOOP-120, LOOP-035) (170.69074ms)
✔ the loop works against exactly one commitment: the current one (LOOP-019) (362.366061ms)
✔ a promotion recorded below Consequential is a repair naming the level, since the developer never sees it in the queue (LOOP-088) (64.345586ms)
✔ every requirement the node-test declaration speaks for is named in a test title (PKG-025) (3.506455ms)
✔ every repository path the tests read is a declared input of node-test (PKG-026) (1.308735ms)
✔ writes a record with every required field and an empty realized-by (DEC-001, DEC-005) (66.704032ms)
✔ a Consequential decision is queued for review (DEC-013) (60.228456ms)
✔ a Consequential decision is queued even when .cairn/queue does not exist yet (82.958879ms)
✔ Routine is refused: routine decisions produce no record (92.67768ms)
✔ a missing field is a usage error and nothing is written (88.034201ms)
✔ supersedes requires a classified cause, and the old record must exist (206.882224ms)
✔ an existing record is not overwritten (134.373839ms)
✔ a queued decision stays queued; nothing but the developer removes it (DEC-014) (214.553407ms)
✔ each accepted decider is stored lowercase, whatever case it was typed in (DEC-020) (547.990248ms)
✔ a decider outside the vocabulary is a usage error naming all three, and nothing is written (DEC-020) (517.329635ms)
✔ an empty --decided-by is the missing-field error, not the vocabulary one (77.524242ms)
✔ LOOP-006, LOOP-067: missing inputs names a declaration repair before execution (145.748256ms)
✔ LOOP-006, LOOP-067: empty inputs names a declaration repair before execution (150.033834ms)
✔ LOOP-006, LOOP-067: missing command names a declaration repair before execution (132.246188ms)
✔ LOOP-006, LOOP-067: list command names a declaration repair before execution (153.552452ms)
✔ LOOP-006, LOOP-067: empty command names a declaration repair before execution (142.409498ms)
✔ LOOP-006, LOOP-067: missing requirements names a declaration repair before execution (145.26523ms)
✔ LOOP-006, LOOP-067: bad identifier names a declaration repair before execution (154.780357ms)
✔ LOOP-067: scalar one-item lists retain their existing meaning (331.924152ms)
✔ LOOP-068: a unpopulated gitlink is refused by name (188.002958ms)
✔ LOOP-068: a populated gitlink is refused by name (251.226876ms)
✔ LOOP-069: identical selections across 100 mechanisms use at most 20 Git processes (192.462267ms)
✔ --defect needs --from naming an Agreed requirement, and writes Defect: yes (LOOP-140) (254.931209ms)
✔ an unfixed defect is named fix before a promotable item, and counts as fixed only with passing evidence at or after its commit and no Agreed text changed (LOOP-087, LOOP-140) (2194.65613ms)
✔ escalate writes the six-line format followed by its facts, and wake presents it (LOOP-010, LOOP-026) (121.934919ms)
✔ a missing or multi-line field is refused with the field named, and nothing is written (LOOP-012) (142.196348ms)
✔ a Blocking escalation that fails the format is written anyway, naming the malformed field (LOOP-013) (149.994994ms)
✔ the loop stops for the developer only at Blocking: a recorded decision below it never yields Escalate, and the Blocking bypass must be spelled exactly (DEC-002) (327.803877ms)
✔ a second escalation while one is open is refused (LOOP-011) (146.882492ms)
✔ answer records the reply; wake no longer presents it; a second answer is refused (283.31673ms)
✔ answer to an unknown escalation is refused (74.477396ms)
✔ a stranger resumes from the file alone: question and answer are both in it (LOOP-014) (160.445993ms)
✔ a developer-shaped answer during the agent's turn is refused and writes nothing; the explanation is still accepted (LOOP-135) (664.592008ms)
✔ after an answer, the same concern can be escalated again under a new name (228.813763ms)
✔ an escalation exists when its file does, committed or not (LOOP-009) (76.324419ms)
✔ developer answers require one of the three forms and cannot inject fields (LOOP-048) (677.088617ms)
✔ ask, agent explanation, another ask, and ok stay ordered in one file (LOOP-049, LOOP-050, LOOP-014) (849.229611ms)
✔ fresh closed answers accompany only concerned requirements until new evidence (LOOP-051) (767.078957ms)
✔ a raised escalation carries no derivable status line, and an old record with one still parses (LOOP-028) (148.882616ms)
✔ LOOP-065: delete of output refuses Done and a new run recovers (1310.486204ms)
✔ LOOP-065: corrupt of output refuses Done and a new run recovers (1359.782992ms)
✔ LOOP-065: delete of stderr_output refuses Done and a new run recovers (1320.877068ms)
✔ LOOP-065: corrupt of stderr_output refuses Done and a new run recovers (1000.687042ms)
✔ LOOP-065: a receipt without output needs a new check (576.909556ms)
✔ LOOP-065: a receipt without output_digest needs a new check (501.493477ms)
✔ LOOP-065: a receipt without stderr_output needs a new check (484.209927ms)
✔ LOOP-065: a receipt without stderr_digest needs a new check (475.178005ms)
✔ LOOP-065: legacy unverifiable output is rerun without rewriting history (763.637143ms)
✔ a fresh record names the kernel that wrote it (LOOP-023) (329.567557ms)
✔ LOOP-095: a record from another kernel is stale with the kernel named, and a new check restores Done (783.117151ms)
✔ LOOP-095: a record from no kernel is stale with the kernel named, and a new check restores Done (762.835404ms)
✔ LOOP-070: a later failure is latest even when the clock moves backward (1039.271058ms)
✔ LOOP-070: receipt collisions at one clock instant retain execution order beyond nine suffixes (3931.551923ms)
✔ LOOP-070: imported branch receipts stale a later sequence until a new check incorporates them (1294.05637ms)
✔ LOOP-070, LOOP-098: legacy receipts need one ordered check, remain byte-for-byte unchanged, and precede the run receipt in the history (572.01253ms)
✔ LOOP-070: edit of a prior receipt requires fresh evidence (502.555492ms)
✔ LOOP-070: remove of a prior receipt requires fresh evidence (486.173616ms)
✔ LOOP-075: supporting evidence file README.md does not become a receipt (565.069553ms)
✔ LOOP-075: supporting evidence file notes.txt does not become a receipt (540.909899ms)
✔ LOOP-075: supporting evidence file support does not become a receipt (556.822801ms)
✔ LOOP-075: supporting evidence file .DS_Store does not become a receipt (561.848209ms)
✔ LOOP-075: a malformed result line (result=success) names a repair before execution (332.960744ms)
✔ LOOP-075: a malformed result line (sequence=NaN) names a repair before execution (364.986243ms)
✔ LOOP-075: a malformed result line (sequence=9007199254740992) names a repair before execution (353.099416ms)
✔ LOOP-075: a malformed result line (history_digest=wrong) names a repair before execution (341.145247ms)
✔ LOOP-075: a malformed result line (tokens) names a repair before execution (342.883928ms)
✔ LOOP-075: a receipt-shaped directory is a named repair instead of an EISDIR crash (300.891204ms)
✔ LOOP-070: an earlier escalation cannot cover three new attempts after clock rollback (927.686215ms)
✔ LOOP-070: an answer becomes old after a later check even if that check's timestamp is earlier (597.588183ms)
✔ LOOP-070: the newest answer wins between checks even when its clock timestamp is older (405.729907ms)
✔ LOOP-070: legacy escalation dates cover old receipts but not three newer sequenced runs (1296.631001ms)
✔ a PKG requirement the commitment does not name is declared, run, and gates Done (PKG-011) (2104.356825ms)
✔ a PKG requirement in a Draft spec is not folded in (571.123217ms)
✔ LOOP-076, LOOP-079: stale inputs identify the receipt and the check to run (733.215866ms)
✔ LOOP-077: names a content change using checked input identity (724.445193ms)
✔ LOOP-077: names a mode change using checked input identity (794.78026ms)
✔ LOOP-077: names a kind change using checked input identity (782.183178ms)
✔ LOOP-077: names a added change using checked input identity (700.504588ms)
✔ LOOP-077: names a removed change using checked input identity (659.481954ms)
✔ LOOP-077: names a link-target change using checked input identity (874.959813ms)
✔ LOOP-077: changed selection compares the old and new input sets (549.545895ms)
✔ LOOP-077: raw CRLF changes remain visible when Git-clean content agrees (493.339009ms)
✔ LOOP-077: detail output is sorted, bounded, and reports the omitted count (488.02691ms)
✔ LOOP-077: filenames cannot inject lines or terminal controls into explanations (441.476493ms)
✔ LOOP-077: receipts from one run share details and do not store source contents (319.733012ms)
✔ LOOP-078, LOOP-080: legacy optional detail limits explanation without changing standing (525.48722ms)
✔ LOOP-078, LOOP-080: invalid-field optional detail limits explanation without changing standing (534.010297ms)
✔ LOOP-078, LOOP-080: missing optional detail limits explanation without changing standing (556.475943ms)
✔ LOOP-078, LOOP-080: invalid-json optional detail limits explanation without changing standing (532.208363ms)
✔ LOOP-078, LOOP-080: mismatched optional detail limits explanation without changing standing (569.089153ms)
✔ LOOP-078, LOOP-080: duplicate optional detail limits explanation without changing standing (509.170375ms)
✔ LOOP-078, LOOP-080: unsafe-path optional detail limits explanation without changing standing (486.754509ms)
✔ LOOP-078, LOOP-080: directory optional detail limits explanation without changing standing (496.807465ms)
✔ LOOP-078, LOOP-080: symlink optional detail limits explanation without changing standing (533.600056ms)
✔ LOOP-078: unavailable old requirement text is not claimed as a proven change (381.851796ms)
✔ LOOP-076, LOOP-079: changed requirements identify evidence and retain review-before-check guidance (411.4382ms)
✔ LOOP-078: simultaneous input and output damage keep both reasons (391.474126ms)
✔ LOOP-080: deterministic freshness sequence seed=7 (9798.516442ms)
✔ LOOP-080: deterministic freshness sequence seed=42 (6111.722091ms)
✔ LOOP-080: deterministic freshness sequence seed=913 (4828.721927ms)
✔ LOOP-080: agreement changes, mechanism review, checks, and completion review retain priority (1298.3882ms)
✔ LOOP-080: imported receipt history demands a rerun without a false input explanation (1340.723925ms)
✔ LOOP-073: clean CRLF input completes under attributes (550.026917ms)
✔ LOOP-073: clean CRLF input completes under autocrlf (627.793876ms)
✔ LOOP-073: raw line-ending mutation during a run is rejected even when Git still sees the same content (253.734141ms)
✔ LOOP-073: execution evidence changes when clean conversion preserves committed identity (1235.815595ms)
✔ LOOP-073: Git clean filters use Git's conversion while retaining raw evidence identity (703.19089ms)
✔ LOOP-073: failure of a required Git filter cannot record evidence (160.854933ms)
✔ LOOP-073: a clean filter moving HEAD during ending validation prevents evidence (381.948119ms)
✔ LOOP-073: canonical Git identities handle links without reading their targets (524.480635ms)
✔ LOOP-073: Git conversion keeps raw Unicode and control-character input paths (411.158465ms)
✔ LOOP-073: conversion and links work in a SHA-256 Git repository (504.326614ms)
✔ LOOP-074: historical specification filename "café.md" remains reviewable (458.904978ms)
✔ LOOP-074: historical specification filename "spec\ttab.md" remains reviewable (405.079956ms)
✔ LOOP-074: historical specification filename "spec\nline.md" remains reviewable (392.993075ms)
✔ help works outside a repository without running a command (PKG-017) (1000.817116ms)
✔ help does not hide invalid options or consume literal arguments (208.684328ms)
✔ help lists the lint command (PKG-017) (44.495182ms)
✔ a working directory that no longer exists is named as the failure, and git is not blamed (PKG-041, PKG-022) (170.131543ms)
✔ the stop hook refuses a stop while wake says Resolvable, with the verdict as the reason (PKG-018) (204.501534ms)
✔ the stop hook allows a stop at Done, at Escalate, and outside a Cairn repository (PKG-018) (1079.484075ms)
✔ the session-start hook links the command once and prints the verdict in a Cairn repository (PKG-019, PKG-014, PKG-005) (465.084655ms)
✔ the session-start hook prints no verdict outside a Cairn repository and leaves an existing link that resolves alone (PKG-019) (83.180556ms)
✔ a checkout under a path with a space links a command that resolves, and its stop hook still blocks (PKG-019, PKG-021) (363.716949ms)
✔ the hooks run the kernel the command link resolves to, so hook and agent share one referee (PKG-021) (1267.658229ms)
✔ a dangling link is replaced and reported (PKG-019) (176.593364ms)
✔ errors exit 0 with one line on standard error and no stack trace (PKG-022) (222.779715ms)
✔ the hooks judge with the cairn on PATH, a wrapper included, and session-start names it (PKG-033) (1146.940979ms)
✔ a link to a wrapper or file is kept; a dangling link or one to a directory is replaced (PKG-034) (433.215876ms)
✔ a project below the Git toplevel gets the verdict and the stop refusal (PKG-035) (297.462895ms)
✔ a kernel that prints no verdict is one stderr line: the stop is allowed and session-start prints no trace (PKG-036) (160.483336ms)
✔ a link that cannot be created is one stderr line, and the verdict still prints (PKG-019, PKG-022) (135.281363ms)
✔ with git absent the hooks say so in one line and block nothing (PKG-022) (84.711218ms)
✔ stop_hook_active true no longer lets a Resolvable stop through: the hook still refuses (PKG-018) (142.110262ms)
✔ receipts written by the project's own kernel are judged with it, not with a different cairn on PATH (PKG-033, PKG-021) (425.222747ms)
✔ the fourth stop on an unchanged verdict, commit and tree goes through with a message and a stop record; each refusal names cairn escalate (PKG-043, PKG-044) (456.972864ms)
✔ progress resets the count, a commit or an edited file alike, and each session counts on its own (PKG-043) (1242.8293ms)
✔ no report, one for another commitment, at another commit, or at a value that is not a commit names a new reviewer; an uncommitted review is committed first (LOOP-020) (1713.917592ms)
✔ an old report re-dated, however it is edited, does not name the new commit and names a new reviewer; a new report with the same words does not (LOOP-020) (1580.692554ms)
✔ each finding is carried by the one line citing its number and beginning with its words; malformed reports are repairs (LOOP-020) (4072.248844ms)
✔ citations name their report's commit, so rounds never collide and an old line never carries a new finding; a wrapped review line is its own repair (LOOP-020) (904.352569ms)
✔ a finding that quotes a citation in its own words is carried by copying it, and an uncited wrapped line is no repair when there is nothing to carry (LOOP-020) (596.237459ms)
✔ a citation that is not last on its line is refused as such, and a finding ending with a citation is carried in the short form (LOOP-020) (885.396685ms)
✔ a report written or changed on disk but not committed is named commit, never judged as the committed one (LOOP-020) (575.127335ms)
✔ the findings list is read from the record's text: blank lines between entries, a wrapped entry, any bullet, and a blank line inside examined: lose nothing; a list after a heading stays unread (LOOP-020, LOOP-086, LOOP-071) (1357.219988ms)
✔ the reader reads a numbered or nested list and a blank line in examined:, and names a line it cannot read rather than reading nothing (LOOP-086, LOOP-020) (1098.290799ms)
✔ a line the reader cannot read is named whenever an entry follows it, in the review and in the report, and a finding under a heading is named (LOOP-086, LOOP-020) (1587.756633ms)
✔ a margin line that only looks like a field never ends a list in silence (LOOP-086, LOOP-020) (1060.994072ms)
✔ a field name repeated inside a list is named, the report's findings under a heading are named beside a list, and the repair offers the fix that keeps the finding (LOOP-020, LOOP-086) (870.251457ms)
✔ a Reviewer: line inside a list is named, and an honest record with a findings-titled heading is read (LOOP-020, LOOP-086) (794.959556ms)
✔ a record that declares findings: [] keeps a bulleted body as prose, as this repository's own reviews are written (LOOP-086, LOOP-020) (390.685561ms)
✔ a field name in another case never ends a list in silence, a record with its fields out of order is told to reorder them, and a citation names only a finding the report made (LOOP-086, LOOP-020, LOOP-108) (801.438421ms)
✔ a citation of zero is a citation, a field ends a list however it is spaced, a heading may be underlined, a blank line before a continuation is nothing, and a doubled commit: line does not name the commit (LOOP-020, LOOP-086, LOOP-108) (1064.931946ms)
✔ a rule under a field line is not a heading, the hint names a heading of either form, and an earlier report's citation on a carrying line is history (LOOP-020, LOOP-108) (1193.709951ms)
✔ a title that ends with a colon is still a heading, a report whose fields sit below a heading or prose is repaired rather than discarded, and the repair names the form the kernel reads (LOOP-020, LOOP-086, LOOP-108) (1085.754166ms)
✔ a report for another commitment or commit is replaced even when its fields sit below a heading, a quoted field line does not replace the real one, a rule under any field is a rule, and the review is told what the report is told (LOOP-020, LOOP-108) (1173.65413ms)
✔ an underline makes a heading of the line above it unless that line is an entry or the record's own field, an unread field is named where it sits, a field spelled another way is named, and the findings-titled repair names retitling (LOOP-020, LOOP-086, LOOP-108) (1370.221071ms)
✔ an underlined heading that names findings holds no list either, an unterminated fence hides nothing, a spelling is judged at the margin, and a report short of one header line is repaired (LOOP-020, LOOP-086, LOOP-108) (983.532042ms)
✔ a heading that names findings holds no content of any shape, its own section decides, and a report the wrong commit wrote is replaced before any repair (LOOP-020, LOOP-086) (830.748357ms)
✔ a findings-naming heading holds nothing at all, however deep, and a report with no record is replaced rather than repaired (LOOP-020, LOOP-086) (1913.158889ms)
✔ a recognisable finding under a heading is named wherever it sits, a findings-titled section is prose beside a list that holds entries, and a record may open with a title (LOOP-020, LOOP-086, LOOP-108) (1728.606094ms)
✔ a line that says open: is a finding however it is marked up, and one leading title of any form is the record's own (LOOP-020, LOOP-086, LOOP-108) (3453.10754ms)
✔ every line outside the findings list is read for the prefix, and a findings-naming section is judged over its subsections (LOOP-020, LOOP-086) (2749.312858ms)
✔ markup is whatever precedes the first letter, a row is a row wherever its pipes sit, and each message names the move (LOOP-020, LOOP-086) (2187.357262ms)
✔ a marker that contains a letter is still a marker, and a fence opens only on its own line (LOOP-020, LOOP-086) (2463.321236ms)
✔ a label before the prefix is markup too, and a divider hides no finding (LOOP-020, LOOP-071, LOOP-086) (2312.036604ms)
✔ only the findings list itself is exempt from the sweep, and a label of any shape is markup (LOOP-020, LOOP-071, LOOP-086) (2443.893032ms)
✔ the prefix belongs to the findings list alone: anywhere else in a record it is a finding (LOOP-020, LOOP-086) (2216.462435ms)
✔ the prefix is what a line says however it is punctuated, and no fence or second field hides an entry (LOOP-020, LOOP-071, LOOP-086) (2848.430483ms)
✔ a numbered prefix is still the prefix, and each message names the action it means (LOOP-020, LOOP-086) (1700.25923ms)
✔ cairn lint runs the checker over docs/spec by default and over a named directory (PKG-028) (216.788462ms)
✔ cairn lint names a missing directory in one line, takes one argument, and reports a bad root (PKG-028) (224.800318ms)
✔ three megabytes are retained exactly once with matching digests (LOOP-041, LOOP-042) (334.137565ms)
✔ split stdout result lines survive a long non-result line; stderr is never a verdict (383.508333ms)
✔ signal termination is recorded and logs survive a clone (LOOP-043) (353.37808ms)
✔ working agreements and ignore changes are Cairn records inside the footprint (368.384446ms)
✔ a clean package passes (75.583001ms)
✔ PKG-001: a dependency, or a service manifest (168.525433ms)
✔ PKG-002: ignoring evidence or other durable state, by directory or by extension (137.189783ms)
✔ PKG-003: a command, a directory, or a record kind no decision names (248.962155ms)
✔ PKG-004: a kernel over 1900 lines, counting every file under bin/ as wc -l does; exactly 1900 passes (316.813623ms)
✔ PKG-006: a skill step naming a vendor's product, in either order, across a wrapped list item (PKG-027) (294.47414ms)
✔ PKG-008: a non-ASCII character in a tracked text file (121.852799ms)
✔ PKG-009: the kernel importing from tests (76.33011ms)
✔ PKG-012: a network call or a model client in the kernel, but not a vendor's name in text (386.576317ms)
✔ PKG-013: deferral language, but not in code, quotes, or a rule (581.947712ms)
✔ a tracked path deleted from the working tree is skipped, not a crash (107.069346ms)
✔ a sentence in a Formats section is not a record kind (75.430264ms)
✔ a record kind named by its path alone is checked (85.108248ms)
✔ PKG-002: a tracked in-progress record (80.77887ms)
✔ PKG-002: ignoring evidence alone is a finding (113.271247ms)
✔ PKG-003 reads the kernel's commands from its help output (PKG-023) (146.172592ms)
✔ the ASCII scan covers shipped files, not records under .cairn/ (PKG-024) (94.181974ms)
✔ a vendor-naming step wrapped across lines is matched (PKG-006, PKG-027) (97.354252ms)
✔ PKG-013 scans the README, the manual, and the walkthrough (PKG-032) (273.009444ms)
✔ the manifests, the listing and package.json agree on the name and version, and name paths the repository holds (PKG-037) (1.846966ms)
✔ the hooks file registers session-start and stop against the plugin's own hook.mjs through the plugin root variable (PKG-038) (0.193392ms)
✔ a Muse hook entry whose shared hook is missing prints one line and exits 0 (PKG-041, PKG-022) (83.225791ms)
✔ the registered commands print the verdict at session start, link the command into the plugin, and refuse a stop while wake says Resolvable (PKG-038, PKG-021) (375.422363ms)
✔ LOOP-071: decision body metadata does not resolve unbuilt work: "Superseded by: example" (734.463895ms)
✔ LOOP-071: decision body metadata does not resolve unbuilt work: "```text\nSuperseded by: example\n```" (681.035962ms)
✔ LOOP-071: decision body metadata does not resolve unbuilt work: "~~~text\nSuperseded by: example\n~~~" (784.733603ms)
✔ LOOP-071: a fenced realization example is not a resolving commit (731.050051ms)
✔ LOOP-071: a fenced commit inside the realization section is not built (720.593365ms)
✔ LOOP-071: ## Example cannot replace an open review finding (656.951339ms)
✔ LOOP-071: # Example cannot replace an open review finding (558.113238ms)
✔ LOOP-071: ### Example cannot replace an open review finding (611.501658ms)
✔ LOOP-071:   ## Example cannot replace an open review finding (538.512799ms)
✔ LOOP-071: Example paragraph. cannot replace an open review finding (505.278549ms)
✔ LOOP-071: Example
------- cannot replace an open review finding (499.864588ms)
✔ LOOP-071: fenced fields before a real review header are ignored (470.468447ms)
✔ LOOP-071: multiline decision --title cannot inject metadata (352.923388ms)
✔ LOOP-071: multiline decision --decided-by cannot inject metadata (376.279495ms)
✔ LOOP-071: multiline decision --rests-on cannot inject metadata (357.639616ms)
✔ LOOP-071: multiline decision --wrong-if cannot inject metadata (351.097119ms)
✔ LOOP-071: multiline decision --history cannot inject metadata (371.020267ms)
✔ LOOP-072: malformed Blocking concerns stay open: "R-001\nAnswer: ok" (91.21373ms)
✔ LOOP-072: malformed Blocking concerns stay open: "R-001\r\nAnswer: ok" (107.665066ms)
✔ LOOP-072: malformed Blocking concerns stay open: "R-001\rAnswer: ok" (88.079947ms)
✔ LOOP-072: malformed Blocking concerns stay open: "R-001 Answer: ok" (94.07074ms)
✔ LOOP-072: malformed Blocking concerns stay open: "R-001 Answer: ok" (97.958792ms)
✔ LOOP-072: ordinary malformed concerns are refused: "R-001\nR-002" (56.265958ms)
✔ LOOP-072: ordinary malformed concerns are refused: "R-001, prose" (53.284282ms)
✔ LOOP-072: ordinary malformed concerns are refused: " " (51.090009ms)
✔ LOOP-072: a Blocking escalation without concerns is still presented (81.191985ms)
✔ LOOP-072: carriage returns in a Blocking question do not create answer records (82.988283ms)
✔ LOOP-072: explanation separator 8232 cannot close an escalation (158.779648ms)
✔ LOOP-071: decision metadata refuses separator 8232 (389.501172ms)
✔ LOOP-072: explanation separator 8233 cannot close an escalation (145.234173ms)
✔ LOOP-071: decision metadata refuses separator 8233 (349.154294ms)
✔ Concerns, Rests on, and Promoted from written as lists read as the flat form (LOOP-124) (601.108565ms)
✔ an item named by filename, path, or backticked slug resolves like the slug (LOOP-125) (547.641227ms)
✔ an input that covers Cairn's own output is named as the repair, before and after a check (LOOP-126, LOOP-105) (708.311286ms)
✔ an unreadable record directory is a repair, not an error exit (LOOP-127) (75.021296ms)
✔ a title that slugifies to nothing is refused (LOOP-128) (150.503054ms)
✔ examined: [] is an empty list (LOOP-129, LOOP-108) (518.163136ms)
✔ below the Git toplevel the restore check compares root-relative paths (LOOP-130, LOOP-035) (407.935489ms)
✔ below the Git toplevel an uncommitted declared input is named from the project root (LOOP-132, LOOP-030) (255.296186ms)
✔ a value on the key line followed by list items is the first item, never dropped (LOOP-133) (678.598983ms)
✔ the footprint's walk reads Current: as the wake does: a fenced example below the real line, or a second line in history, never moves the start (LOOP-134, LOOP-035) (317.764256ms)
✔ an input spelled .. from a project below the Git toplevel covers the evidence directory (LOOP-126, LOOP-105) (103.002642ms)
✔ a Consequential record this commitment added needs its queue entry committed (LOOP-131, DEC-004) (487.902707ms)
✔ a mechanism that removes the check lock still gets its evidence, with no repair for the lock (LOOP-107) (272.530342ms)
✔ a staged rename reads as its two paths, never as a bare origin token (LOOP-030, LOOP-110) (122.684483ms)
✔ a Current: line inside a fenced example is neither a second Current: line nor the commitment, before or after the real line (LOOP-104) (208.466886ms)
✔ a Status: word is taken only from a line that carries one, never from wrapped prose after it (SPEC-018) (0.869048ms)
✔ the placeholder left above a resolving entry is a repair naming the file (DEC-021) (264.404754ms)
✔ the placeholder alone is a decision recorded and not yet built, unchanged (DEC-007) (79.097028ms)
✔ resolving entries with no placeholder are unchanged (DEC-006) (115.199632ms)
✔ a shallow clone that cannot resolve its entries is still told to fetch, not to edit (LOOP-113 keeps precedence) (120.401262ms)
✔ the placeholder quoted in a fenced example does not make a built record a repair (DEC-021) (124.169601ms)
✔ supersede takes the same decider vocabulary as decide (DEC-020) (104.357456ms)
✔ a superseded record is held to the same line: its placeholder above a resolving entry is a repair (DEC-021, DEC-010) (174.508206ms)
✔ realize() touches only the Realized by section; a body that quotes the placeholder keeps it (119.688271ms)
✔ an untracked file under a declared input is not a change under way; check still refuses beside it and names .gitignore (LOOP-110, LOOP-030) (239.544287ms)
✔ an unmatched input is refused before execution (LOOP-044) (203.765299ms)
✔ an indexed input deleted on disk asks for a commit (LOOP-045) (169.007846ms)
✔ wake and check require a Git working tree (LOOP-046) (148.721741ms)
✔ recovery removes only dead kernel run records and identifies a live owner (LOOP-054, LOOP-055) (353.365273ms)
✔ an agent action based behind a clean HEAD appears committed (LOOP-027) (204.393875ms)
✔ realization needs a real commit and a subject (DEC-006) (273.920161ms)
✔ 1500 binary inputs digest identically at the review commit in under a second (LOOP-024) (1636.70122ms)
✔ merged work is excluded but a later own commit is a breach (LOOP-047) (279.691607ms)
✔ exact Current tenure ignores prefix matches and earlier visits to the same slug (LOOP-035) (332.829599ms)
✔ a kernel run records its supervising PID (LOOP-054) (276.756285ms)
✔ a merged declared input still stales evidence (LOOP-047) (461.177709ms)
✔ wildcard and magic pathspecs select the same historical inputs (LOOP-024, LOOP-032) (2369.544529ms)
✔ historical selection retains deleted files and excludes new ones (LOOP-024, LOOP-035) (1332.047638ms)
✔ cairn --version prints the package.json version outside a repository, and help lists it (PKG-039) (167.125418ms)
✔ a release is one commit setting one version in the five files, with the changelog entry, tagged v<version> (PKG-040) (1147.989838ms)
✔ the release script refuses a bad version, no increase, a dirty tree, a missing entry, a taken tag, a disagreeing file, and a loop not at Done, each in one line with nothing written (PKG-040) (2212.205634ms)
✔ a version file written as compact JSON is released, and nothing else in any version file changes (PKG-042) (1347.02049ms)
✔ with attribution forbidden, the release script refuses an unpushed commit carrying an AI attribution line (PKG-045) (627.080047ms)
✔ explicit reporting with no lines and exit 0 establishes no requirement verdicts (LOOP-061) (444.593016ms)
✔ explicit reporting with no lines and exit 1 establishes no requirement verdicts (LOOP-061) (473.85726ms)
✔ a reporter that cannot start keeps execution diagnostics without blaming requirements (LOOP-062) (294.864097ms)
✔ large output cannot kill a reporter or invent a requirement verdict (376.807919ms)
✔ explicit mode ignores cairn: R-999: pass (384.818513ms)
✔ explicit mode ignores cairn: R-001: unverified (317.830558ms)
✔ explicit mode ignores cairn: R-001: passed (334.153889ms)
✔ explicit results survive nonzero exit and contradictory duplicates still fail (700.704474ms)
✔ unverified results across changed inputs never become failed attempts (1539.095627ms)
✔ legacy exit 0 retains its interpretation (277.259849ms)
✔ legacy exit 1 retains its interpretation (236.055185ms)
✔ a misspelled reporting mode is refused before execution (118.179252ms)
✔ changed requirement blocks unchecked reruns and makes the completion review stale (LOOP-058, LOOP-059) (1987.709842ms)
✔ falsifier changes need review; separate rationale and other requirements do not change a receipt (1483.171196ms)
✔ legacy receipts recover requirement identity from their commit; unavailable history requires review (1058.177596ms)
✔ check refuses uncommitted requirement text and mechanism review markers (902.726956ms)
✔ tightened response limit cannot reuse the old passing check (1465.822487ms)
✔ a declared input over 1 MiB agrees at a commit and in the tree (LOOP-060) (495.377116ms)
✔ a failed Git blob read cannot be hashed as an empty blob (427.208939ms)
✔ Git listings over 1 MiB include the last declared input (2258.293298ms)
✔ requirement identity excludes fenced examples and status dates (517.158359ms)
✔ DemonCoder REM-002 and Status in progress cannot silently satisfy the review gate (LOOP-086) (816.647749ms)
✔ valid open findings retain their behavior (524.278666ms)
✔ valid resolved findings retain their behavior (641.913642ms)
✔ valid empty findings retain their behavior (596.111673ms)
✔ valid mixed valid findings retain their behavior (574.953183ms)
✔ malformed finding "open:" requires repair (485.022152ms)
✔ malformed finding "resolved:   " requires repair (428.768474ms)
✔ malformed finding "Open: incorrect case" requires repair (427.267831ms)
✔ malformed finding "unknown: issue" requires repair (350.517464ms)
✔ malformed finding "\u001b[31mBAD: issue" requires repair (417.48548ms)
✔ the established explicit empty findings list remains valid (459.052068ms)
✔ a scalar findings value requires the supported list format (346.744185ms)
✔ check runs a mechanism when a requirement outside the commitment was revised, and asks for the review once a commitment includes it (LOOP-059) (987.535429ms)
✔ a Requirements: line written as a list is read like the flat form (LOOP-102) (139.616107ms)
✔ a subdirectory or a README in a record directory changes nothing (LOOP-103) (562.928855ms)
✔ two Current: lines are a roadmap repair (LOOP-104) (100.234166ms)
✔ a repeated identifier, an input under the evidence directory, and a missing cwd are refused by name (LOOP-105) (481.228244ms)
✔ a requirement whose evidence outlives its mechanism is named declare, not a regression or an escalation (LOOP-106) (1194.457379ms)
✔ an unreadable record is a repair, not an error exit (LOOP-107) (98.506507ms)
✔ a review needs commit, a nonempty examined list, and a findings list, each named when missing (LOOP-108) (1112.497416ms)
✔ a decision record missing a header field or naming a missing predecessor is a repair (LOOP-109) (326.678675ms)
✔ a dirty declared input with no in-progress record is named record ahead of run (LOOP-022, LOOP-110) (256.799591ms)
✔ with core.filemode false the index mode is the identity, so a mode-only difference does not refuse the check (LOOP-111) (249.193082ms)
✔ a project below the Git toplevel can run check (LOOP-112) (288.427784ms)
✔ a shallow clone names history to fetch, not a decision to build (LOOP-113) (160.567015ms)
✔ record-writing commands refuse to run outside a Cairn repository and write nothing (LOOP-118) (232.7947ms)
✔ a git that cannot start is one line and exit 3 from wake and from check, with nothing recorded (LOOP-137) (104.705004ms)
✔ an unexplained or uncommitted stop record is named explain before any other action; explained and committed, the wake moves on (LOOP-139) (274.394281ms)
✔ empty footprint names declaration before scope and records no evidence (LOOP-081) (606.56199ms)
✔ first declaration still checks the full earlier history (LOOP-081) (421.751108ms)
✔ an empty current footprint does not block an explicitly requested existing mechanism (LOOP-081) (329.47801ms)
✔ an inherited mechanism provides a footprint even before local mechanisms exist (275.086855ms)
✔ scope reports every path, escapes line breaks, and gives identical remedies (LOOP-082) (287.460398ms)
✔ scope verdict reuses the answered-escalation annotation (LOOP-048, LOOP-051, LOOP-083) (624.997278ms)
✔ a committed scope acknowledgment lets restored history proceed (LOOP-083) (758.087711ms)
✔ scope acknowledgment must be committed before it can clear a breach (664.472816ms)
✔ ordinary ok does not acknowledge scope history (362.399259ms)
✔ scope escalation refuses unrestored paths and names the restoration remedy (313.800431ms)
✔ an invalid scope request still records an explicitly Blocking decision (153.063021ms)
✔ ask and explanation stay open; only the final committed ok acknowledges scope (709.719429ms)
✔ instead is visible but does not silently authorize a scope exception (379.454415ms)
✔ later changes to an acknowledged path still block, including later reverts (1181.218278ms)
✔ approval cannot hide another path changed after the snapshot (396.099589ms)
✔ acknowledged history remains conditional on the paths staying restored (557.087981ms)
✔ editing the scope snapshot after answer invalidates its acknowledgment (272.400902ms)
✔ malformed scope metadata cannot suppress a breach (1453.91165ms)
✔ damaged acknowledgment fields cannot suppress a breach (555.030905ms)
✔ scope path matching is literal, including wildcard filenames and control characters (513.697268ms)
✔ scope acknowledgment does not carry into another activation of the same slug (317.763748ms)
✔ restoration checks additions, deletions, executable modes, and symlink kinds (1392.623256ms)
✔ explicit committed retention keeps correct work and requires new evidence and review (LOOP-084, LOOP-085) (2341.930634ms)
✔ a missing declaration covers correct earlier work without retention or revert (542.826084ms)
✔ keep requires scope and an unchanged committed candidate (174.488279ms)
✔ uncommitted retention and instead answers cannot clear the incident (1150.013748ms)
✔ retention does not grant future edits, even when reverted to the approved tree (1295.454087ms)
✔ retention cannot cover another path or another activation (540.685282ms)
✔ imported changes must still match the retained tree (624.9083ms)
✔ retention handles additions, deletions, modes, symlinks, and literal filenames (1985.04266ms)
✔ retention cannot convert an existing restoration answer or accept an unknown mode (426.248835ms)
✔ a check failure after retention remains a failure (679.252555ms)
✔ retained paths stay part of the stable checked candidate without extending its footprint (595.308315ms)
✔ retention ask needs an explanation and final committed approval (556.686363ms)
✔ an unknown scope mode remains invalid even with a matching approval digest (282.231108ms)
✔ backlog writes the item; a second with the same title is refused, never overwritten (LOOP-016) (165.20141ms)
✔ a commit inside the footprint: check runs; outside it: check names the path and does not run (LOOP-015, LOOP-035) (661.269698ms)
✔ Cairn's records are never a breach; another file under docs/ is (LOOP-117) (750.890496ms)
✔ declaring the path as an input clears the breach (331.762704ms)
✔ a revert preserves the record of an out-of-scope commit (LOOP-047) (329.901877ms)
✔ a commitment naming a requirement the spec set does not hold as Agreed is repaired (LOOP-029) (72.381157ms)
✔ a requirement in a Draft spec file is not Agreed (82.903882ms)
✔ working agreements and the ignore file are Cairn records (LOOP-035, LOOP-036) (519.336998ms)
✔ the over-asking rule is gone from both skills (SPEC-005, SPEC-006, SPEC-007) (3.809707ms)
✔ a decision during the phase is recorded (DEC-003) (0.165928ms)
✔ understanding is restated before writing (SPEC-003) (0.094946ms)
✔ falsifiers are proposed as one set and confirmed by exception (SPEC-004) (0.142836ms)
✔ depth is inferred and domains derived, never asked or imposed (SPEC-008, SPEC-009) (0.112043ms)
✔ a term enters the glossary at first occurrence (SPEC-010) (0.726307ms)
✔ the phase ends at the first commitment, and later ones are specified during the loop (SPEC-011, SPEC-012) (0.11612ms)
✔ a requirement goes Agreed only with a nameable mechanism (SPEC-013) (0.10379ms)
✔ review before agreement, recording what it attacked (SPEC-014, SPEC-015) (0.106678ms)
✔ no spec file without requirements; nothing Agreed without a falsifier (SPEC-001, SPEC-002) (0.160579ms)
✔ Observed is marked, and is not contract (SPEC-016, SPEC-017) (0.1326ms)
✔ the skills exclude artifacts outside Cairn's workflow (0.171637ms)
✔ the working agreement names the agent's move for each verdict and the write-ahead record (LOOP-036) (0.917968ms)
✔ the working agreement names the developer's moves (LOOP-036, DEC-014) (0.097256ms)
✔ this repository runs by the file it ships (0.364405ms)
✔ both skills write the working agreement without naming a vendor's file (LOOP-002, LOOP-036, PKG-006) (0.113665ms)
✔ the working agreement says what an attempt is (LOOP-036, DEC-017, DEC-018) (0.06971ms)
✔ the working agreement says a failure no footprint change can address is an escalation, and where an inherited requirement is repaired (DEC-019, LOOP-057) (0.076361ms)
✔ the working agreement states the promote, next-iteration, and no-deferral moves (LOOP-029, LOOP-087, LOOP-091, LOOP-092) (0.068899ms)
✔ both skills sort captures into the backlog or next-iteration and forbid deferral (LOOP-029, LOOP-092, LOOP-093) (0.055636ms)
✔ the skill requires a falsifier on every requirement, a MAY included (SPEC-025) (0.045407ms)
✔ the working agreement names the hooks as optional and the install skill registers them for two harnesses (PKG-006, PKG-018, PKG-019) (0.193915ms)
✔ the working agreement says the kernel is upgraded at Done, never inside a commitment (LOOP-096) (0.053909ms)
✔ the next-iteration skill starts from the specification and ends by naming the next commitment (SPEC-026, SPEC-027) (0.219524ms)
✔ every document that names the project skills names next-iteration beside them (SPEC-026, PKG-014) (2.298692ms)
✔ the working agreement states a move for every action the kernel can name (LOOP-101) (1.716923ms)
✔ the working agreement states both record formats and the two flags the moves need (LOOP-036) (0.129318ms)
✔ the skills demonstrate a safe violating example and preserve recon findings (SPEC-022, SPEC-023) (0.055411ms)
✔ the specification skills run the checker through the cairn command (PKG-029) (0.179435ms)
✔ the README invokes the phase skills by name and states versions and platforms (PKG-030, PKG-031) (0.23641ms)
✔ the manual and the walkthrough say the loop promotes backlog items at Done (0.618343ms)
✔ the working agreement says a report is not work under way, its findings are captured, and it is committed with them (LOOP-138) (0.082721ms)
✔ a two-obligation sentence is named (PKG-007) (61.520289ms)
✔ an obligation with no actor is named (PKG-010) (45.552066ms)
✔ a leading condition clause is not the actor, and the actor after it counts (48.482638ms)
✔ an Agreed requirement with no falsifier is named (SPEC-002); a Draft one is not (116.028341ms)
✔ prose after a Draft requirement with no falsifier is not scanned as requirement text (46.511523ms)
✔ a spec declaring a prefix with no requirement is named (SPEC-001) (52.482313ms)
✔ a keyword in backticks or quotes is a mention, not an obligation (42.821894ms)
✔ duplicate identifiers are rejected within a file and across files (SPEC-020) (93.519363ms)
✔ references resolve across files; missing references name their source (SPEC-021) (85.684987ms)
✔ code examples and quoted mentions are neither definitions nor references (52.083787ms)
✔ machine-local paths are findings in prose, links, quotes, and examples (SPEC-019) (422.77366ms)
✔ relative paths, URLs, slash commands, and character mentions are not absolute path findings (36.996151ms)
✔ a slash after a placeholder continues the template (SPEC-019) (119.48882ms)
✔ a host path is a finding until the file declares it (SPEC-019, SPEC-024) (94.407693ms)
✔ declared host paths cover children with a slash boundary and stay file-local (130.202869ms)
✔ a host-path declaration inside a requirement or example grants no exception (138.562962ms)
✔ host-path declarations require absolute or home-relative entries (225.288852ms)
✔ an Agreed block whose only keyword is MAY needs a falsifier like any other (SPEC-025, SPEC-002) (116.946874ms)
✔ a regex literal is not a path, a drive path and a file URL are, and a skill's slash name is allowed (SPEC-028, SPEC-029) (78.709804ms)
✔ a backticked or quoted actor still counts as one (PKG-010) (49.801068ms)
✔ a fence the file never closes is named, since the parser then reads its example as specification (82.274363ms)
✔ supersede writes both lines, and the old record keeps every word it had (DEC-008, DEC-010) (76.750999ms)
✔ supersede without a cause, or with one outside the four, is refused (DEC-009) (145.236207ms)
✔ supersede of a record that does not exist is refused (92.42096ms)
✔ a predecessor with no title line cannot be stamped, so nothing is written (69.185726ms)
✔ a --supersedes argument outside the slug alphabet is refused, and a path never reaches the filesystem (DEC-022) (265.138288ms)
✔ a record already superseded cannot be superseded again: one Superseded by line per record (DEC-022, DEC-010) (219.251934ms)
✔ reversals reports counts by decider, cause, and domain (DEC-011) (214.480485ms)
✔ decide in a domain with a reversal is refused without --history, naming the reversal; with it, the record carries History (DEC-012) (198.981786ms)
✔ decide in a domain with no reversals needs no --history (151.434584ms)
✔ a record resting on prose alone is in the domain unspecified, and so is the next one (141.851362ms)
✔ the decider tally normalizes case and whitespace, and names a value outside the vocabulary (DEC-020, DEC-011) (82.137462ms)
✔ a record with no Decided by line is tallied as unrecorded, not as a vocabulary value (66.097961ms)
✔ Decided by written as a list tallies like the flat form, and does not crash the report (LOOP-124, DEC-020) (69.804869ms)
✔ a second declaration for one requirement is accepted, a named check runs every mechanism, and Done needs each to pass (LOOP-056, LOOP-099) (2277.584495ms)
✔ one mechanism's stale evidence names that mechanism, and --stale runs only it (LOOP-056, LOOP-094) (821.933713ms)
✔ attempts are counted within one mechanism's records, so the other's passes do not reset them (LOOP-100, DEC-016) (1465.265801ms)
✔ step 1: an in-progress record is reconciled before anything else (92.225186ms)
✔ step 2: an open escalation is presented and nothing else happens (66.380449ms)
✔ an answered escalation is not open (618.685272ms)
✔ step 3: a decision with no realized-by is built, first by name (DEC-007) (89.104971ms)
✔ a superseded decision with no realized-by is not work (135.015975ms)
✔ step 6: a mechanism that has never run is run, not implemented (LOOP-008) (136.081541ms)
✔ step 6: a requirement whose mechanism fails is implemented (510.301809ms)
✔ step 6 before step 7: failing evidence outranks a missing mechanism (352.248745ms)
✔ step 7: a requirement with no mechanism is declared (LOOP-106) (95.620461ms)
✔ every verdict names who acts: Resolvable is the agent's, Done needs nobody, Escalate waits for the developer (LOOP-004) (601.386352ms)
✔ malformed roadmap is Resolvable, not fatal (LOOP-005) (67.034567ms)
✔ a commitment naming no requirements is Resolvable (LOOP-018) (68.849788ms)
✔ the primary test: two wakes on the same checkout give the same action, before and after a persisted transition (LOOP-001, LOOP-003) (602.790318ms)
✔ outside a cairn repository wake cannot run (46.211702ms)
✔ the loop never waits on the review queue (DEC-015) (357.878765ms)
✔ twenty built records cost one git call to resolve, not twenty (DEC-023) (184.501452ms)
✔ an ambiguous Realized by identifier is the repair that says lengthen it, not a build (LOOP-113, DEC-023) (173.511518ms)
✔ the linked walkthrough runs from agreement through the next commitment (PKG-016) (1486.858409ms)
ℹ tests 535
ℹ suites 0
ℹ pass 535
ℹ fail 0
ℹ cancelled 0
ℹ skipped 0
ℹ todo 0
ℹ duration_ms 52151.059142
