✔ a Draft block overrides an Agreed file for both wake and check (SPEC-018) (296.078383ms)
✔ an Agreed block overrides a Draft file in the kernel and lint (SPEC-018, SPEC-002) (774.795195ms)
✔ a block Status does not become the file default, including inside examples (SPEC-018) (441.704764ms)
✔ block status without a value does not inherit Agreed by accident (SPEC-018) (106.639618ms)
✔ inheritance needs a file Scope and includes only Agreed blocks, regardless of prefix (PKG-015) (2506.604518ms)
✔ Scope inside a requirement or fenced example does not declare inheritance (PKG-015) (1103.14218ms)
✔ a falsifier wrapped onto a line beginning with Status: does not become the block's status (SPEC-018) (1.636479ms)
✔ with attribution forbidden, an unpushed commit carrying an AI attribution line is named reword before any work; without the policy, or once pushed, it is not (PKG-045) (500.974366ms)
✔ rewording yields to explaining a stop record, and is named once that record is explained (PKG-045, LOOP-139) (329.89634ms)
✔ each attribution form is caught, a prose mention is not, and the oldest attributed commit is named first (PKG-045) (720.558042ms)
✔ LOOP-063: reject input mutation during a check and retain diagnostics (594.169986ms)
✔ LOOP-063: reject deletion mutation during a check and retain diagnostics (499.943817ms)
✔ LOOP-063: reject addition mutation during a check and retain diagnostics (479.262323ms)
✔ LOOP-063: reject mode mutation during a check and retain diagnostics (510.015738ms)
✔ LOOP-063: reject specification mutation during a check and retain diagnostics (530.983876ms)
✔ LOOP-063: reject declaration mutation during a check and retain diagnostics (542.662945ms)
✔ LOOP-063: reject commit mutation during a check and retain diagnostics (495.56781ms)
✔ LOOP-063: committed input mutation during execution cannot certify the replacement (436.318415ms)
✔ LOOP-064: removing executable permission makes passing evidence stale (716.335765ms)
✔ LOOP-064: a mode-only change also invalidates the previous review after new evidence (982.596178ms)
✔ LOOP-064: changing a regular file into a link with identical identity bytes is stale (1001.0712ms)
✔ LOOP-063: an unchanged candidate still records a pass despite unrelated working-tree edits (232.744806ms)
✔ LOOP-064: current and historical input ordering agrees for Unicode filenames (413.828904ms)
✔ LOOP-063: Git status hiding content changes cannot certify an uncommitted candidate (133.8838ms)
✔ LOOP-066: one check owns execution with a kernel action record (618.625775ms)
✔ LOOP-066: one check owns execution with an agent action record (530.805351ms)
✔ LOOP-066: a live lock is named and never silently overwritten (197.431195ms)
✔ LOOP-066: a dead lock is named and never silently overwritten (156.626377ms)
✔ LOOP-066: a incomplete lock is named and never silently overwritten (158.90866ms)
✔ LOOP-066: an execution error releases the check lock for a corrected rerun (608.572236ms)
✔ LOOP-066: a live kernel action from an older Cairn also blocks execution (94.807197ms)
✔ LOOP-066: separate Git worktrees can run checks independently (571.048715ms)
✔ after a green check --stale runs nothing; after one input changes it runs only that mechanism (LOOP-094) (1206.560326ms)
✔ a mechanism speaking for two stale requirements runs once and refreshes both (LOOP-094, LOOP-040) (766.112521ms)
✔ a fresh failure and an unverified result are skipped with implement named (LOOP-094) (776.040606ms)
✔ --stale with a requirement identifier is refused (LOOP-094) (91.842061ms)
✔ check --stale holds back a mechanism whose requirement has three attempts and no escalation, names it, and records nothing (LOOP-094, DEC-016) (2433.421578ms)
✔ check refuses a dirty declared input and names it; a dirty undeclared file does not block (LOOP-030) (514.719323ms)
✔ check writes one receipt per run carrying the full record and a result line per requirement (LOOP-097) (380.128606ms)
✔ a nonzero exit records fail, and the receipt keeps the exit code (LOOP-034) (445.002505ms)
✔ a pass after a fail keeps the failing record; nothing is overwritten or deleted (LOOP-025) (777.98433ms)
✔ a commit changing a declared input makes evidence stale; an undeclared one does not (LOOP-007) (1176.075316ms)
✔ a regression is named before a requirement that never passed (LOOP-031) (1291.338493ms)
✔ three attempts with no escalation since: wake says escalate, not a fourth (DEC-016, DEC-017, DEC-018) (2454.928101ms)
✔ the review gate: no review, stale review, open finding, then Done (LOOP-020, LOOP-033) (1159.331591ms)
✔ Done is refused while any requirement lacks current passing evidence (LOOP-017) (123.462593ms)
✔ check names a requested requirement that no mechanism claims (108.557443ms)
✔ check writes the in-progress record before the run and clears it after (LOOP-021) (206.291552ms)
✔ a linked declared input digests the same at a commit and in the tree (LOOP-023, LOOP-024) (449.88243ms)
✔ a result line is the mechanism's statement about one requirement; what it did not mention is unverified (LOOP-037, LOOP-052) (187.977919ms)
✔ a mechanism that says nothing is read by its exit code for every requirement (LOOP-039) (193.35312ms)
✔ unverified is not an attempt, and a return to an earlier failed digest counts once (DEC-017, DEC-018) (1742.411536ms)
✔ a result line for a requirement the mechanism does not speak for is named and writes nothing (LOOP-038) (192.735464ms)
✔ a result line inside ordinary output, or without the marker, does not count (199.462739ms)
✔ a targeted check runs the named requirements' mechanisms and records every requirement they speak for (LOOP-040) (212.995591ms)
✔ two result lines for one requirement: a fail on any line wins (207.277315ms)
✔ three runs at one digest with no attempt since: the verdict stays implement and names DEC-019; an escalation naming it among others clears the hint (DEC-019, LOOP-053) (947.34159ms)
✔ a receipt names its commit in full, and an older receipt with the short form is still read (LOOP-136) (298.812446ms)
✔ a change only to a document its declaration lists leaves the review fresh and the evidence stale; a change to another input makes the review stale (LOOP-141) (1179.700918ms)
✔ a complete commitment with an unpromoted backlog item names promote, and a stamped item lets it reach Done (LOOP-087) (1347.894784ms)
✔ an empty backlog with waiting next-iteration items is Done, with the count as information and no action on them (LOOP-091) (1106.436838ms)
✔ a promotion marker must resolve to a decision record (LOOP-088) (375.205939ms)
✔ a commitment promoted from an item needs a decision record naming the item (LOOP-088) (343.067774ms)
✔ the spec lint reports a promotion marker with no decision record (LOOP-088) (110.258122ms)
✔ a promoted commitment that changes an Agreed requirement or the working agreement is an escalation; an unpromoted one is not (LOOP-089, LOOP-090) (1977.938622ms)
✔ a capture from one of the commitment's own requirements needs Outside because: or an escalation (LOOP-092) (1853.663537ms)
✔ a next-iteration item names what it would change, and the capture refuses one that does not (LOOP-093) (457.355809ms)
✔ a commitment specified from a next-iteration item needs the item stamped before anything else (SPEC-027) (538.344554ms)
✔ a by deference marker resolves to a decision record like a promotion marker (SPEC-002, LOOP-088) (209.451571ms)
✔ the LOOP-090 gate reads the Concerns line, not the slug as a substring (LOOP-114) (638.693494ms)
✔ the LOOP-088 check reads the Promotes line, and decide --promotes writes it (LOOP-115) (255.534808ms)
✔ the activation commit of a promoted commitment is inside the LOOP-089 comparison (LOOP-116) (126.495422ms)
✔ the LOOP-090 route needs one escalation: its Concerns line covers the moved item too (LOOP-119, LOOP-092, LOOP-114) (679.944919ms)
✔ an escalation raised before the promoted commitment began does not silence the LOOP-090 gate (LOOP-114) (358.479504ms)
✔ an escalation raised before the commitment began does not silence the capture gate (LOOP-119) (354.623679ms)
✔ the activation commit is inside the scope footprint (LOOP-120) (120.099935ms)
✔ a requirement Agreed at activation that is demoted or removed is a contract change (LOOP-121) (685.586567ms)
✔ the include files are the root files that hold @AGENTS.md: exempt from the footprint, compared by the gate (LOOP-122) (1167.311991ms)
✔ a superseded promotion no longer satisfies the LOOP-088 check, and the repair says the promotion was reversed (LOOP-123) (529.013627ms)
✔ the restore route measures from the tree before activation, so a path the activation commit added must go (LOOP-120, LOOP-035) (204.879357ms)
✔ the loop works against exactly one commitment: the current one (LOOP-019) (452.432142ms)
✔ a promotion recorded below Consequential is a repair naming the level, since the developer never sees it in the queue (LOOP-088) (63.507776ms)
✔ every requirement the node-test declaration speaks for is named in a test title (PKG-025) (3.120704ms)
✔ every repository path the tests read is a declared input of node-test (PKG-026) (1.290812ms)
✔ writes a record with every required field and an empty realized-by (DEC-001, DEC-005) (89.753468ms)
✔ a Consequential decision is queued for review (DEC-013) (92.57244ms)
✔ a Consequential decision is queued even when .cairn/queue does not exist yet (119.601845ms)
✔ Routine is refused: routine decisions produce no record (96.741098ms)
✔ a missing field is a usage error and nothing is written (74.776021ms)
✔ supersedes requires a classified cause, and the old record must exist (230.588774ms)
✔ an existing record is not overwritten (171.665876ms)
✔ a queued decision stays queued; nothing but the developer removes it (DEC-014) (233.764443ms)
✔ each accepted decider is stored lowercase, whatever case it was typed in (DEC-020) (673.437951ms)
✔ a decider outside the vocabulary is a usage error naming all three, and nothing is written (DEC-020) (505.655052ms)
✔ an empty --decided-by is the missing-field error, not the vocabulary one (98.104815ms)
✔ LOOP-006, LOOP-067: missing inputs names a declaration repair before execution (152.304674ms)
✔ LOOP-006, LOOP-067: empty inputs names a declaration repair before execution (199.917443ms)
✔ LOOP-006, LOOP-067: missing command names a declaration repair before execution (173.855103ms)
✔ LOOP-006, LOOP-067: list command names a declaration repair before execution (160.833921ms)
✔ LOOP-006, LOOP-067: empty command names a declaration repair before execution (213.458033ms)
✔ LOOP-006, LOOP-067: missing requirements names a declaration repair before execution (174.914139ms)
✔ LOOP-006, LOOP-067: bad identifier names a declaration repair before execution (206.628981ms)
✔ LOOP-067: scalar one-item lists retain their existing meaning (340.134987ms)
✔ LOOP-068: a unpopulated gitlink is refused by name (192.806135ms)
✔ LOOP-068: a populated gitlink is refused by name (242.279313ms)
✔ LOOP-069: identical selections across 100 mechanisms use at most 20 Git processes (171.025483ms)
✔ --defect needs --from naming an Agreed requirement, and writes Defect: yes (LOOP-140) (319.569318ms)
✔ an unfixed defect is named fix before a promotable item, and counts as fixed only with passing evidence at or after its commit and no Agreed text changed (LOOP-087, LOOP-140) (2546.215965ms)
✔ escalate writes the six-line format followed by its facts, and wake presents it (LOOP-010, LOOP-026) (162.451256ms)
✔ a missing or multi-line field is refused with the field named, and nothing is written (LOOP-012) (146.771648ms)
✔ a Blocking escalation that fails the format is written anyway, naming the malformed field (LOOP-013) (157.649373ms)
✔ the loop stops for the developer only at Blocking: a recorded decision below it never yields Escalate, and the Blocking bypass must be spelled exactly (DEC-002) (365.671786ms)
✔ a second escalation while one is open is refused (LOOP-011) (199.695549ms)
✔ answer records the reply; wake no longer presents it; a second answer is refused (356.28934ms)
✔ answer to an unknown escalation is refused (85.07375ms)
✔ a stranger resumes from the file alone: question and answer are both in it (LOOP-014) (167.938326ms)
✔ a developer-shaped answer during the agent's turn is refused and writes nothing; the explanation is still accepted (LOOP-135) (689.116344ms)
✔ after an answer, the same concern can be escalated again under a new name (260.644191ms)
✔ an escalation exists when its file does, committed or not (LOOP-009) (95.926497ms)
✔ developer answers require one of the three forms and cannot inject fields (LOOP-048) (733.90461ms)
✔ ask, agent explanation, another ask, and ok stay ordered in one file (LOOP-049, LOOP-050, LOOP-014) (913.895888ms)
✔ fresh closed answers accompany only concerned requirements until new evidence (LOOP-051) (894.217416ms)
✔ a raised escalation carries no derivable status line, and an old record with one still parses (LOOP-028) (167.262632ms)
✔ LOOP-065: delete of output refuses Done and a new run recovers (1521.285667ms)
✔ LOOP-065: corrupt of output refuses Done and a new run recovers (1698.272223ms)
✔ LOOP-065: delete of stderr_output refuses Done and a new run recovers (1454.719319ms)
✔ LOOP-065: corrupt of stderr_output refuses Done and a new run recovers (1149.650345ms)
✔ LOOP-065: a receipt without output needs a new check (564.280344ms)
✔ LOOP-065: a receipt without output_digest needs a new check (533.0382ms)
✔ LOOP-065: a receipt without stderr_output needs a new check (496.238993ms)
✔ LOOP-065: a receipt without stderr_digest needs a new check (431.78093ms)
✔ LOOP-065: legacy unverifiable output is rerun without rewriting history (854.603463ms)
✔ a fresh record names the kernel that wrote it (LOOP-023) (377.170324ms)
✔ LOOP-095: a record from another kernel is stale with the kernel named, and a new check restores Done (803.739105ms)
✔ LOOP-095: a record from no kernel is stale with the kernel named, and a new check restores Done (855.566463ms)
✔ LOOP-070: a later failure is latest even when the clock moves backward (1187.906911ms)
✔ LOOP-070: receipt collisions at one clock instant retain execution order beyond nine suffixes (4481.730501ms)
✔ LOOP-070: imported branch receipts stale a later sequence until a new check incorporates them (1350.618826ms)
✔ LOOP-070, LOOP-098: legacy receipts need one ordered check, remain byte-for-byte unchanged, and precede the run receipt in the history (590.529935ms)
✔ LOOP-070: edit of a prior receipt requires fresh evidence (492.886782ms)
✔ LOOP-070: remove of a prior receipt requires fresh evidence (536.743788ms)
✔ LOOP-075: supporting evidence file README.md does not become a receipt (614.780558ms)
✔ LOOP-075: supporting evidence file notes.txt does not become a receipt (557.897022ms)
✔ LOOP-075: supporting evidence file support does not become a receipt (618.743414ms)
✔ LOOP-075: supporting evidence file .DS_Store does not become a receipt (636.085883ms)
✔ LOOP-075: a malformed result line (result=success) names a repair before execution (344.895905ms)
✔ LOOP-075: a malformed result line (sequence=NaN) names a repair before execution (381.554916ms)
✔ LOOP-075: a malformed result line (sequence=9007199254740992) names a repair before execution (361.773116ms)
✔ LOOP-075: a malformed result line (history_digest=wrong) names a repair before execution (367.213828ms)
✔ LOOP-075: a malformed result line (tokens) names a repair before execution (380.466092ms)
✔ LOOP-075: a receipt-shaped directory is a named repair instead of an EISDIR crash (271.484686ms)
✔ LOOP-070: an earlier escalation cannot cover three new attempts after clock rollback (1034.643469ms)
✔ LOOP-070: an answer becomes old after a later check even if that check's timestamp is earlier (648.49005ms)
✔ LOOP-070: the newest answer wins between checks even when its clock timestamp is older (452.249032ms)
✔ LOOP-070: legacy escalation dates cover old receipts but not three newer sequenced runs (1403.802314ms)
✔ a PKG requirement the commitment does not name is declared, run, and gates Done (PKG-011) (2425.744088ms)
✔ a PKG requirement in a Draft spec is not folded in (673.892742ms)
✔ LOOP-076, LOOP-079: stale inputs identify the receipt and the check to run (876.114068ms)
✔ LOOP-077: names a content change using checked input identity (855.518514ms)
✔ LOOP-077: names a mode change using checked input identity (986.432462ms)
✔ LOOP-077: names a kind change using checked input identity (787.066741ms)
✔ LOOP-077: names a added change using checked input identity (781.883011ms)
✔ LOOP-077: names a removed change using checked input identity (679.436699ms)
✔ LOOP-077: names a link-target change using checked input identity (921.295648ms)
✔ LOOP-077: changed selection compares the old and new input sets (554.247868ms)
✔ LOOP-077: raw CRLF changes remain visible when Git-clean content agrees (530.562296ms)
✔ LOOP-077: detail output is sorted, bounded, and reports the omitted count (505.181929ms)
✔ LOOP-077: filenames cannot inject lines or terminal controls into explanations (443.043093ms)
✔ LOOP-077: receipts from one run share details and do not store source contents (338.200875ms)
✔ LOOP-078, LOOP-080: legacy optional detail limits explanation without changing standing (604.671741ms)
✔ LOOP-078, LOOP-080: invalid-field optional detail limits explanation without changing standing (526.149015ms)
✔ LOOP-078, LOOP-080: missing optional detail limits explanation without changing standing (597.553728ms)
✔ LOOP-078, LOOP-080: invalid-json optional detail limits explanation without changing standing (590.558126ms)
✔ LOOP-078, LOOP-080: mismatched optional detail limits explanation without changing standing (644.519266ms)
✔ LOOP-078, LOOP-080: duplicate optional detail limits explanation without changing standing (568.261343ms)
✔ LOOP-078, LOOP-080: unsafe-path optional detail limits explanation without changing standing (550.469231ms)
✔ LOOP-078, LOOP-080: directory optional detail limits explanation without changing standing (561.326335ms)
✔ LOOP-078, LOOP-080: symlink optional detail limits explanation without changing standing (547.640348ms)
✔ LOOP-078: unavailable old requirement text is not claimed as a proven change (431.303348ms)
✔ LOOP-076, LOOP-079: changed requirements identify evidence and retain review-before-check guidance (430.207882ms)
✔ LOOP-078: simultaneous input and output damage keep both reasons (416.226981ms)
✔ LOOP-080: deterministic freshness sequence seed=7 (10756.928342ms)
✔ LOOP-080: deterministic freshness sequence seed=42 (6657.308239ms)
✔ LOOP-080: deterministic freshness sequence seed=913 (5607.738817ms)
✔ LOOP-080: agreement changes, mechanism review, checks, and completion review retain priority (1506.263696ms)
✔ LOOP-080: imported receipt history demands a rerun without a false input explanation (1520.330362ms)
✔ LOOP-073: clean CRLF input completes under attributes (737.053241ms)
✔ LOOP-073: clean CRLF input completes under autocrlf (727.962801ms)
✔ LOOP-073: raw line-ending mutation during a run is rejected even when Git still sees the same content (276.667898ms)
✔ LOOP-073: execution evidence changes when clean conversion preserves committed identity (1373.061067ms)
✔ LOOP-073: Git clean filters use Git's conversion while retaining raw evidence identity (763.350649ms)
✔ LOOP-073: failure of a required Git filter cannot record evidence (189.974612ms)
✔ LOOP-073: a clean filter moving HEAD during ending validation prevents evidence (667.76759ms)
✔ LOOP-073: canonical Git identities handle links without reading their targets (531.799459ms)
✔ LOOP-073: Git conversion keeps raw Unicode and control-character input paths (470.728828ms)
✔ LOOP-073: conversion and links work in a SHA-256 Git repository (452.768521ms)
✔ LOOP-074: historical specification filename "café.md" remains reviewable (448.314099ms)
✔ LOOP-074: historical specification filename "spec\ttab.md" remains reviewable (434.027002ms)
✔ LOOP-074: historical specification filename "spec\nline.md" remains reviewable (421.313148ms)
✔ help works outside a repository without running a command (PKG-017) (1062.164613ms)
✔ help does not hide invalid options or consume literal arguments (222.418016ms)
✔ help lists the lint command (PKG-017) (57.518954ms)
✔ a working directory that no longer exists is named as the failure, and git is not blamed (PKG-041, PKG-022) (182.330722ms)
✔ the stop hook refuses a stop while wake says Resolvable, with the verdict as the reason (PKG-018) (318.459848ms)
✔ the stop hook allows a stop at Done, at Escalate, and outside a Cairn repository (PKG-018) (1238.180887ms)
✔ the session-start hook links the command once and prints the verdict in a Cairn repository (PKG-019, PKG-014, PKG-005) (550.882423ms)
✔ the session-start hook prints no verdict outside a Cairn repository and leaves an existing link that resolves alone (PKG-019) (85.54293ms)
✔ a checkout under a path with a space links a command that resolves, and its stop hook still blocks (PKG-019, PKG-021) (436.615358ms)
✔ the hooks run the kernel the command link resolves to, so hook and agent share one referee (PKG-021) (1361.28264ms)
✔ a dangling link is replaced and reported (PKG-019) (209.413132ms)
✔ errors exit 0 with one line on standard error and no stack trace (PKG-022) (227.060443ms)
✔ the hooks judge with the cairn on PATH, a wrapper included, and session-start names it (PKG-033) (1212.555099ms)
✔ a link to a wrapper or file is kept; a dangling link or one to a directory is replaced (PKG-034) (414.992148ms)
✔ a project below the Git toplevel gets the verdict and the stop refusal (PKG-035) (341.222837ms)
✔ a kernel that prints no verdict is one stderr line: the stop is allowed and session-start prints no trace (PKG-036) (165.226662ms)
✔ a link that cannot be created is one stderr line, and the verdict still prints (PKG-019, PKG-022) (146.856683ms)
✔ with git absent the hooks say so in one line and block nothing (PKG-022) (88.724078ms)
✔ stop_hook_active true no longer lets a Resolvable stop through: the hook still refuses (PKG-018) (150.242217ms)
✔ receipts written by the project's own kernel are judged with it, not with a different cairn on PATH (PKG-033, PKG-021) (448.855309ms)
✔ the fourth stop on an unchanged verdict, commit and tree goes through with a message and a stop record; each refusal names cairn escalate (PKG-043, PKG-044) (480.910957ms)
✔ progress resets the count, a commit or an edited file alike, and each session counts on its own (PKG-043) (1356.751338ms)
✔ no report, one for another commitment, at another commit, or at a value that is not a commit names a new reviewer; an uncommitted review is committed first (LOOP-020) (1971.742676ms)
✔ an old report re-dated, however it is edited, does not name the new commit and names a new reviewer; a new report with the same words does not (LOOP-020) (1742.916764ms)
✔ each finding is carried by the one line citing its number and beginning with its words; malformed reports are repairs (LOOP-020) (4468.046275ms)
✔ citations name their report's commit, so rounds never collide and an old line never carries a new finding; a wrapped review line is its own repair (LOOP-020) (980.082121ms)
✔ a finding that quotes a citation in its own words is carried by copying it, and an uncited wrapped line is no repair when there is nothing to carry (LOOP-020) (611.592652ms)
✔ a citation that is not last on its line is refused as such, and a finding ending with a citation is carried in the short form (LOOP-020) (975.61795ms)
✔ a report written or changed on disk but not committed is named commit, never judged as the committed one (LOOP-020) (645.246328ms)
✔ the findings list is read from the record's text: blank lines between entries, a wrapped entry, any bullet, and a blank line inside examined: lose nothing; a list after a heading stays unread (LOOP-020, LOOP-086, LOOP-071) (1480.591279ms)
✔ the reader reads a numbered or nested list and a blank line in examined:, and names a line it cannot read rather than reading nothing (LOOP-086, LOOP-020) (1199.277425ms)
✔ a line the reader cannot read is named whenever an entry follows it, in the review and in the report, and a finding under a heading is named (LOOP-086, LOOP-020) (1653.839967ms)
✔ a margin line that only looks like a field never ends a list in silence (LOOP-086, LOOP-020) (1132.747599ms)
✔ a field name repeated inside a list is named, the report's findings under a heading are named beside a list, and the repair offers the fix that keeps the finding (LOOP-020, LOOP-086) (976.255655ms)
✔ a Reviewer: line inside a list is named, and an honest record with a findings-titled heading is read (LOOP-020, LOOP-086) (949.347339ms)
✔ a record that declares findings: [] keeps a bulleted body as prose, as this repository's own reviews are written (LOOP-086, LOOP-020) (433.66242ms)
✔ a field name in another case never ends a list in silence, a record with its fields out of order is told to reorder them, and a citation names only a finding the report made (LOOP-086, LOOP-020, LOOP-108) (942.743606ms)
✔ a citation of zero is a citation, a field ends a list however it is spaced, a heading may be underlined, a blank line before a continuation is nothing, and a doubled commit: line does not name the commit (LOOP-020, LOOP-086, LOOP-108) (1138.331244ms)
✔ a rule under a field line is not a heading, the hint names a heading of either form, and an earlier report's citation on a carrying line is history (LOOP-020, LOOP-108) (1337.440778ms)
✔ a title that ends with a colon is still a heading, a report whose fields sit below a heading or prose is repaired rather than discarded, and the repair names the form the kernel reads (LOOP-020, LOOP-086, LOOP-108) (1242.620299ms)
✔ a report for another commitment or commit is replaced even when its fields sit below a heading, a quoted field line does not replace the real one, a rule under any field is a rule, and the review is told what the report is told (LOOP-020, LOOP-108) (1282.17331ms)
✔ an underline makes a heading of the line above it unless that line is an entry or the record's own field, an unread field is named where it sits, a field spelled another way is named, and the findings-titled repair names retitling (LOOP-020, LOOP-086, LOOP-108) (1644.741809ms)
✔ an underlined heading that names findings holds no list either, an unterminated fence hides nothing, a spelling is judged at the margin, and a report short of one header line is repaired (LOOP-020, LOOP-086, LOOP-108) (1079.279081ms)
✔ a heading that names findings holds no content of any shape, its own section decides, and a report the wrong commit wrote is replaced before any repair (LOOP-020, LOOP-086) (966.314962ms)
✔ a findings-naming heading holds nothing at all, however deep, and a report with no record is replaced rather than repaired (LOOP-020, LOOP-086) (2306.714099ms)
✔ a recognisable finding under a heading is named wherever it sits, a findings-titled section is prose beside a list that holds entries, and a record may open with a title (LOOP-020, LOOP-086, LOOP-108) (2163.584002ms)
✔ a line that says open: is a finding however it is marked up, and one leading title of any form is the record's own (LOOP-020, LOOP-086, LOOP-108) (4106.993849ms)
✔ every line outside the findings list is read for the prefix, and a findings-naming section is judged over its subsections (LOOP-020, LOOP-086) (3220.406039ms)
✔ markup is whatever precedes the first letter, a row is a row wherever its pipes sit, and each message names the move (LOOP-020, LOOP-086) (2485.768151ms)
✔ a marker that contains a letter is still a marker, and a fence opens only on its own line (LOOP-020, LOOP-086) (3022.776301ms)
✔ a label before the prefix is markup too, and a divider hides no finding (LOOP-020, LOOP-071, LOOP-086) (2587.449064ms)
✔ only the findings list itself is exempt from the sweep, and a label of any shape is markup (LOOP-020, LOOP-071, LOOP-086) (2703.569793ms)
✔ the prefix belongs to the findings list alone: anywhere else in a record it is a finding (LOOP-020, LOOP-086) (2523.701037ms)
✔ the prefix is what a line says however it is punctuated, and no fence or second field hides an entry (LOOP-020, LOOP-071, LOOP-086) (3331.624486ms)
✔ a numbered prefix is still the prefix, and each message names the action it means (LOOP-020, LOOP-086) (2117.863669ms)
✔ a comment or an entity is not a gap, a field belongs at the margin, and a bullet belongs to a list (LOOP-020, LOOP-086, LOOP-108) (1941.451912ms)
✔ an element round the word and markup in the gap is still the prefix, and no repair asks for what the record already does (LOOP-020, LOOP-086) (1787.265549ms)
✔ cairn lint runs the checker over docs/spec by default and over a named directory (PKG-028) (252.090449ms)
✔ cairn lint names a missing directory in one line, takes one argument, and reports a bad root (PKG-028) (257.937632ms)
✔ three megabytes are retained exactly once with matching digests (LOOP-041, LOOP-042) (450.076624ms)
✔ split stdout result lines survive a long non-result line; stderr is never a verdict (381.955561ms)
✔ signal termination is recorded and logs survive a clone (LOOP-043) (433.036094ms)
✔ working agreements and ignore changes are Cairn records inside the footprint (401.770117ms)
✔ a clean package passes (112.110981ms)
✔ PKG-001: a dependency, or a service manifest (390.822663ms)
✔ PKG-002: ignoring evidence or other durable state, by directory or by extension (184.553762ms)
✔ PKG-003: a command, a directory, or a record kind no decision names (276.459092ms)
✔ PKG-004: a kernel over 2000 lines, counting every file under bin/ as wc -l does; exactly 2000 passes (632.540407ms)
✔ PKG-006: a skill step naming a vendor's product, in either order, across a wrapped list item (PKG-027) (367.412603ms)
✔ PKG-008: a non-ASCII character in a tracked text file (83.113735ms)
✔ PKG-009: the kernel importing from tests (87.67799ms)
✔ PKG-012: a network call or a model client in the kernel, but not a vendor's name in text (853.012197ms)
✔ PKG-013: deferral language, but not in code, quotes, or a rule (613.739028ms)
✔ a tracked path deleted from the working tree is skipped, not a crash (112.72125ms)
✔ a sentence in a Formats section is not a record kind (94.09216ms)
✔ a record kind named by its path alone is checked (93.197383ms)
✔ PKG-002: a tracked in-progress record (93.667675ms)
✔ PKG-002: ignoring evidence alone is a finding (77.380975ms)
✔ PKG-003 reads the kernel's commands from its help output (PKG-023) (152.864837ms)
✔ the ASCII scan covers shipped files, not records under .cairn/ (PKG-024) (84.172632ms)
✔ a vendor-naming step wrapped across lines is matched (PKG-006, PKG-027) (89.775721ms)
✔ PKG-013 scans the README, the manual, and the walkthrough (PKG-032) (275.448021ms)
✔ the manifests, the listing and package.json agree on the name and version, and name paths the repository holds (PKG-037) (2.258692ms)
✔ the hooks file registers session-start and stop against the plugin's own hook.mjs through the plugin root variable (PKG-038) (0.265091ms)
✔ a Muse hook entry whose shared hook is missing prints one line and exits 0 (PKG-041, PKG-022) (96.182753ms)
✔ the registered commands print the verdict at session start, link the command into the plugin, and refuse a stop while wake says Resolvable (PKG-038, PKG-021) (482.769232ms)
✔ LOOP-071: decision body metadata does not resolve unbuilt work: "Superseded by: example" (782.467493ms)
✔ LOOP-071: decision body metadata does not resolve unbuilt work: "```text\nSuperseded by: example\n```" (821.399293ms)
✔ LOOP-071: decision body metadata does not resolve unbuilt work: "~~~text\nSuperseded by: example\n~~~" (808.449176ms)
✔ LOOP-071: a fenced realization example is not a resolving commit (803.613079ms)
✔ LOOP-071: a fenced commit inside the realization section is not built (746.130559ms)
✔ LOOP-071: ## Example cannot replace an open review finding (778.403856ms)
✔ LOOP-071: # Example cannot replace an open review finding (696.76829ms)
✔ LOOP-071: ### Example cannot replace an open review finding (573.405644ms)
✔ LOOP-071:   ## Example cannot replace an open review finding (593.720649ms)
✔ LOOP-071: Example paragraph. cannot replace an open review finding (537.530089ms)
✔ LOOP-071: Example
------- cannot replace an open review finding (491.919141ms)
✔ LOOP-071: fenced fields before a real review header are ignored (481.217073ms)
✔ LOOP-071: multiline decision --title cannot inject metadata (423.880559ms)
✔ LOOP-071: multiline decision --decided-by cannot inject metadata (424.371693ms)
✔ LOOP-071: multiline decision --rests-on cannot inject metadata (384.020737ms)
✔ LOOP-071: multiline decision --wrong-if cannot inject metadata (386.714896ms)
✔ LOOP-071: multiline decision --history cannot inject metadata (394.966325ms)
✔ LOOP-072: malformed Blocking concerns stay open: "R-001\nAnswer: ok" (95.245854ms)
✔ LOOP-072: malformed Blocking concerns stay open: "R-001\r\nAnswer: ok" (98.756427ms)
✔ LOOP-072: malformed Blocking concerns stay open: "R-001\rAnswer: ok" (98.37865ms)
✔ LOOP-072: malformed Blocking concerns stay open: "R-001 Answer: ok" (97.092176ms)
✔ LOOP-072: malformed Blocking concerns stay open: "R-001 Answer: ok" (93.431229ms)
✔ LOOP-072: ordinary malformed concerns are refused: "R-001\nR-002" (62.849689ms)
✔ LOOP-072: ordinary malformed concerns are refused: "R-001, prose" (55.77181ms)
✔ LOOP-072: ordinary malformed concerns are refused: " " (52.878575ms)
✔ LOOP-072: a Blocking escalation without concerns is still presented (107.560276ms)
✔ LOOP-072: carriage returns in a Blocking question do not create answer records (100.161677ms)
✔ LOOP-072: explanation separator 8232 cannot close an escalation (187.006631ms)
✔ LOOP-071: decision metadata refuses separator 8232 (394.233425ms)
✔ LOOP-072: explanation separator 8233 cannot close an escalation (189.693929ms)
✔ LOOP-071: decision metadata refuses separator 8233 (394.310419ms)
✔ Concerns, Rests on, and Promoted from written as lists read as the flat form (LOOP-124) (721.958582ms)
✔ an item named by filename, path, or backticked slug resolves like the slug (LOOP-125) (638.586941ms)
✔ an input that covers Cairn's own output is named as the repair, before and after a check (LOOP-126, LOOP-105) (764.849155ms)
✔ an unreadable record directory is a repair, not an error exit (LOOP-127) (128.346291ms)
✔ a title that slugifies to nothing is refused (LOOP-128) (215.906071ms)
✔ examined: [] is an empty list (LOOP-129, LOOP-108) (570.398041ms)
✔ below the Git toplevel the restore check compares root-relative paths (LOOP-130, LOOP-035) (395.961585ms)
✔ below the Git toplevel an uncommitted declared input is named from the project root (LOOP-132, LOOP-030) (218.740674ms)
✔ a value on the key line followed by list items is the first item, never dropped (LOOP-133) (744.232179ms)
✔ the footprint's walk reads Current: as the wake does: a fenced example below the real line, or a second line in history, never moves the start (LOOP-134, LOOP-035) (345.326425ms)
✔ an input spelled .. from a project below the Git toplevel covers the evidence directory (LOOP-126, LOOP-105) (96.185168ms)
✔ a Consequential record this commitment added needs its queue entry committed (LOOP-131, DEC-004) (551.866831ms)
✔ a mechanism that removes the check lock still gets its evidence, with no repair for the lock (LOOP-107) (267.32113ms)
✔ a staged rename reads as its two paths, never as a bare origin token (LOOP-030, LOOP-110) (120.085197ms)
✔ a Current: line inside a fenced example is neither a second Current: line nor the commitment, before or after the real line (LOOP-104) (247.429707ms)
✔ a Status: word is taken only from a line that carries one, never from wrapped prose after it (SPEC-018) (0.887919ms)
✔ the placeholder left above a resolving entry is a repair naming the file (DEC-021) (268.403085ms)
✔ the placeholder alone is a decision recorded and not yet built, unchanged (DEC-007) (88.818649ms)
✔ resolving entries with no placeholder are unchanged (DEC-006) (142.331047ms)
✔ a shallow clone that cannot resolve its entries is still told to fetch, not to edit (LOOP-113 keeps precedence) (124.02655ms)
✔ the placeholder quoted in a fenced example does not make a built record a repair (DEC-021) (139.081891ms)
✔ supersede takes the same decider vocabulary as decide (DEC-020) (107.251559ms)
✔ a superseded record is held to the same line: its placeholder above a resolving entry is a repair (DEC-021, DEC-010) (180.381801ms)
✔ realize() touches only the Realized by section; a body that quotes the placeholder keeps it (138.970376ms)
✔ an untracked file under a declared input is not a change under way; check still refuses beside it and names .gitignore (LOOP-110, LOOP-030) (224.374856ms)
✔ an unmatched input is refused before execution (LOOP-044) (207.331529ms)
✔ an indexed input deleted on disk asks for a commit (LOOP-045) (176.761209ms)
✔ wake and check require a Git working tree (LOOP-046) (128.432065ms)
✔ recovery removes only dead kernel run records and identifies a live owner (LOOP-054, LOOP-055) (381.326134ms)
✔ an agent action based behind a clean HEAD appears committed (LOOP-027) (278.229593ms)
✔ realization needs a real commit and a subject (DEC-006) (288.153619ms)
✔ 1500 binary inputs digest identically at the review commit in under a second (LOOP-024) (1702.821777ms)
✔ merged work is excluded but a later own commit is a breach (LOOP-047) (325.330915ms)
✔ exact Current tenure ignores prefix matches and earlier visits to the same slug (LOOP-035) (317.18862ms)
✔ a kernel run records its supervising PID (LOOP-054) (385.151284ms)
✔ a merged declared input still stales evidence (LOOP-047) (515.989446ms)
✔ wildcard and magic pathspecs select the same historical inputs (LOOP-024, LOOP-032) (2597.798032ms)
✔ historical selection retains deleted files and excludes new ones (LOOP-024, LOOP-035) (1441.203637ms)
✔ cairn --version prints the package.json version outside a repository, and help lists it (PKG-039) (189.254529ms)
✔ a release is one commit setting one version in the five files, with the changelog entry, tagged v<version> (PKG-040) (1306.98287ms)
✔ the release script refuses a bad version, no increase, a dirty tree, a missing entry, a taken tag, a disagreeing file, and a loop not at Done, each in one line with nothing written (PKG-040) (2417.382683ms)
✔ a version file written as compact JSON is released, and nothing else in any version file changes (PKG-042) (1578.062891ms)
✔ with attribution forbidden, the release script refuses an unpushed commit carrying an AI attribution line (PKG-045) (626.111588ms)
✔ explicit reporting with no lines and exit 0 establishes no requirement verdicts (LOOP-061) (577.829306ms)
✔ explicit reporting with no lines and exit 1 establishes no requirement verdicts (LOOP-061) (595.554574ms)
✔ a reporter that cannot start keeps execution diagnostics without blaming requirements (LOOP-062) (343.810974ms)
✔ large output cannot kill a reporter or invent a requirement verdict (375.96499ms)
✔ explicit mode ignores cairn: R-999: pass (373.564226ms)
✔ explicit mode ignores cairn: R-001: unverified (466.635293ms)
✔ explicit mode ignores cairn: R-001: passed (400.111811ms)
✔ explicit results survive nonzero exit and contradictory duplicates still fail (709.145204ms)
✔ unverified results across changed inputs never become failed attempts (1680.64024ms)
✔ legacy exit 0 retains its interpretation (272.422105ms)
✔ legacy exit 1 retains its interpretation (261.225167ms)
✔ a misspelled reporting mode is refused before execution (115.821018ms)
✔ changed requirement blocks unchecked reruns and makes the completion review stale (LOOP-058, LOOP-059) (2519.457864ms)
✔ falsifier changes need review; separate rationale and other requirements do not change a receipt (1615.363625ms)
✔ legacy receipts recover requirement identity from their commit; unavailable history requires review (1149.538492ms)
✔ check refuses uncommitted requirement text and mechanism review markers (933.972395ms)
✔ tightened response limit cannot reuse the old passing check (1515.339826ms)
✔ a declared input over 1 MiB agrees at a commit and in the tree (LOOP-060) (525.089111ms)
✔ a failed Git blob read cannot be hashed as an empty blob (476.967877ms)
✔ Git listings over 1 MiB include the last declared input (2546.559972ms)
✔ requirement identity excludes fenced examples and status dates (576.226902ms)
✔ DemonCoder REM-002 and Status in progress cannot silently satisfy the review gate (LOOP-086) (1060.951963ms)
✔ valid open findings retain their behavior (670.382183ms)
✔ valid resolved findings retain their behavior (672.206557ms)
✔ valid empty findings retain their behavior (655.650661ms)
✔ valid mixed valid findings retain their behavior (576.834452ms)
✔ malformed finding "open:" requires repair (581.41887ms)
✔ malformed finding "resolved:   " requires repair (503.115488ms)
✔ malformed finding "Open: incorrect case" requires repair (453.372865ms)
✔ malformed finding "unknown: issue" requires repair (397.623801ms)
✔ malformed finding "\u001b[31mBAD: issue" requires repair (403.24931ms)
✔ the established explicit empty findings list remains valid (454.31904ms)
✔ a scalar findings value requires the supported list format (374.0057ms)
✔ check runs a mechanism when a requirement outside the commitment was revised, and asks for the review once a commitment includes it (LOOP-059) (1109.459258ms)
✔ a Requirements: line written as a list is read like the flat form (LOOP-102) (191.838143ms)
✔ a subdirectory or a README in a record directory changes nothing (LOOP-103) (695.20307ms)
✔ two Current: lines are a roadmap repair (LOOP-104) (91.870941ms)
✔ a repeated identifier, an input under the evidence directory, and a missing cwd are refused by name (LOOP-105) (541.35451ms)
✔ a requirement whose evidence outlives its mechanism is named declare, not a regression or an escalation (LOOP-106) (1366.96695ms)
✔ an unreadable record is a repair, not an error exit (LOOP-107) (110.117314ms)
✔ a review needs commit, a nonempty examined list, and a findings list, each named when missing (LOOP-108) (1177.421946ms)
✔ a decision record missing a header field or naming a missing predecessor is a repair (LOOP-109) (355.356289ms)
✔ a dirty declared input with no in-progress record is named record ahead of run (LOOP-022, LOOP-110) (275.367835ms)
✔ with core.filemode false the index mode is the identity, so a mode-only difference does not refuse the check (LOOP-111) (252.998003ms)
✔ a project below the Git toplevel can run check (LOOP-112) (291.971644ms)
✔ a shallow clone names history to fetch, not a decision to build (LOOP-113) (183.357795ms)
✔ record-writing commands refuse to run outside a Cairn repository and write nothing (LOOP-118) (247.376374ms)
✔ a git that cannot start is one line and exit 3 from wake and from check, with nothing recorded (LOOP-137) (105.178661ms)
✔ an unexplained or uncommitted stop record is named explain before any other action; explained and committed, the wake moves on (LOOP-139) (269.60443ms)
✔ empty footprint names declaration before scope and records no evidence (LOOP-081) (710.141231ms)
✔ first declaration still checks the full earlier history (LOOP-081) (490.887278ms)
✔ an empty current footprint does not block an explicitly requested existing mechanism (LOOP-081) (428.880911ms)
✔ an inherited mechanism provides a footprint even before local mechanisms exist (285.936221ms)
✔ scope reports every path, escapes line breaks, and gives identical remedies (LOOP-082) (298.652589ms)
✔ scope verdict reuses the answered-escalation annotation (LOOP-048, LOOP-051, LOOP-083) (693.808314ms)
✔ a committed scope acknowledgment lets restored history proceed (LOOP-083) (900.294619ms)
✔ scope acknowledgment must be committed before it can clear a breach (726.321326ms)
✔ ordinary ok does not acknowledge scope history (329.400983ms)
✔ scope escalation refuses unrestored paths and names the restoration remedy (281.297605ms)
✔ an invalid scope request still records an explicitly Blocking decision (147.663223ms)
✔ ask and explanation stay open; only the final committed ok acknowledges scope (763.059559ms)
✔ instead is visible but does not silently authorize a scope exception (360.229265ms)
✔ later changes to an acknowledged path still block, including later reverts (1252.313109ms)
✔ approval cannot hide another path changed after the snapshot (391.362509ms)
✔ acknowledged history remains conditional on the paths staying restored (564.786768ms)
✔ editing the scope snapshot after answer invalidates its acknowledgment (312.913118ms)
✔ malformed scope metadata cannot suppress a breach (1619.550721ms)
✔ damaged acknowledgment fields cannot suppress a breach (607.997171ms)
✔ scope path matching is literal, including wildcard filenames and control characters (600.126484ms)
✔ scope acknowledgment does not carry into another activation of the same slug (343.426106ms)
✔ restoration checks additions, deletions, executable modes, and symlink kinds (1557.506831ms)
✔ explicit committed retention keeps correct work and requires new evidence and review (LOOP-084, LOOP-085) (2673.536523ms)
✔ a missing declaration covers correct earlier work without retention or revert (589.039577ms)
✔ keep requires scope and an unchanged committed candidate (192.382044ms)
✔ uncommitted retention and instead answers cannot clear the incident (1112.79034ms)
✔ retention does not grant future edits, even when reverted to the approved tree (1393.109068ms)
✔ retention cannot cover another path or another activation (582.139427ms)
✔ imported changes must still match the retained tree (693.504792ms)
✔ retention handles additions, deletions, modes, symlinks, and literal filenames (2160.482333ms)
✔ retention cannot convert an existing restoration answer or accept an unknown mode (472.639629ms)
✔ a check failure after retention remains a failure (756.318403ms)
✔ retained paths stay part of the stable checked candidate without extending its footprint (637.716734ms)
✔ retention ask needs an explanation and final committed approval (585.957753ms)
✔ an unknown scope mode remains invalid even with a matching approval digest (300.531782ms)
✔ backlog writes the item; a second with the same title is refused, never overwritten (LOOP-016) (189.484398ms)
✔ a commit inside the footprint: check runs; outside it: check names the path and does not run (LOOP-015, LOOP-035) (789.3529ms)
✔ Cairn's records are never a breach; another file under docs/ is (LOOP-117) (852.046156ms)
✔ declaring the path as an input clears the breach (311.201628ms)
✔ a revert preserves the record of an out-of-scope commit (LOOP-047) (359.345505ms)
✔ a commitment naming a requirement the spec set does not hold as Agreed is repaired (LOOP-029) (94.609227ms)
✔ a requirement in a Draft spec file is not Agreed (100.565332ms)
✔ working agreements and the ignore file are Cairn records (LOOP-035, LOOP-036) (553.004896ms)
✔ the over-asking rule is gone from both skills (SPEC-005, SPEC-006, SPEC-007) (1.779367ms)
✔ a decision during the phase is recorded (DEC-003) (0.150179ms)
✔ understanding is restated before writing (SPEC-003) (0.235047ms)
✔ falsifiers are proposed as one set and confirmed by exception (SPEC-004) (0.27677ms)
✔ depth is inferred and domains derived, never asked or imposed (SPEC-008, SPEC-009) (0.156828ms)
✔ a term enters the glossary at first occurrence (SPEC-010) (0.102816ms)
✔ the phase ends at the first commitment, and later ones are specified during the loop (SPEC-011, SPEC-012) (0.122282ms)
✔ a requirement goes Agreed only with a nameable mechanism (SPEC-013) (0.473055ms)
✔ review before agreement, recording what it attacked (SPEC-014, SPEC-015) (0.653975ms)
✔ no spec file without requirements; nothing Agreed without a falsifier (SPEC-001, SPEC-002) (0.196065ms)
✔ Observed is marked, and is not contract (SPEC-016, SPEC-017) (0.698765ms)
✔ the skills exclude artifacts outside Cairn's workflow (0.157512ms)
✔ the working agreement names the agent's move for each verdict and the write-ahead record (LOOP-036) (0.755657ms)
✔ the working agreement names the developer's moves (LOOP-036, DEC-014) (0.088022ms)
✔ this repository runs by the file it ships (0.371154ms)
✔ both skills write the working agreement without naming a vendor's file (LOOP-002, LOOP-036, PKG-006) (0.230425ms)
✔ the working agreement says what an attempt is (LOOP-036, DEC-017, DEC-018) (0.081556ms)
✔ the working agreement says a failure no footprint change can address is an escalation, and where an inherited requirement is repaired (DEC-019, LOOP-057) (0.09915ms)
✔ the working agreement states the promote, next-iteration, and no-deferral moves (LOOP-029, LOOP-087, LOOP-091, LOOP-092) (0.090924ms)
✔ both skills sort captures into the backlog or next-iteration and forbid deferral (LOOP-029, LOOP-092, LOOP-093) (0.078091ms)
✔ the skill requires a falsifier on every requirement, a MAY included (SPEC-025) (0.072375ms)
✔ the working agreement names the hooks as optional and the install skill registers them for two harnesses (PKG-006, PKG-018, PKG-019) (0.258157ms)
✔ the working agreement says the kernel is upgraded at Done, never inside a commitment (LOOP-096) (0.079086ms)
✔ the next-iteration skill starts from the specification and ends by naming the next commitment (SPEC-026, SPEC-027) (0.245316ms)
✔ every document that names the project skills names next-iteration beside them (SPEC-026, PKG-014) (3.456118ms)
✔ the working agreement states a move for every action the kernel can name (LOOP-101) (2.246879ms)
✔ the working agreement states both record formats and the two flags the moves need (LOOP-036) (0.278127ms)
✔ the skills demonstrate a safe violating example and preserve recon findings (SPEC-022, SPEC-023) (0.077193ms)
✔ the specification skills run the checker through the cairn command (PKG-029) (0.25159ms)
✔ the README invokes the phase skills by name and states versions and platforms (PKG-030, PKG-031) (0.389192ms)
✔ the manual and the walkthrough say the loop promotes backlog items at Done (0.79398ms)
✔ the working agreement says a report is not work under way, its findings are captured, and it is committed with them (LOOP-138) (0.087903ms)
✔ a two-obligation sentence is named (PKG-007) (62.94068ms)
✔ an obligation with no actor is named (PKG-010) (49.40372ms)
✔ a leading condition clause is not the actor, and the actor after it counts (40.601405ms)
✔ an Agreed requirement with no falsifier is named (SPEC-002); a Draft one is not (108.35803ms)
✔ prose after a Draft requirement with no falsifier is not scanned as requirement text (52.198686ms)
✔ a spec declaring a prefix with no requirement is named (SPEC-001) (43.226666ms)
✔ a keyword in backticks or quotes is a mention, not an obligation (90.025699ms)
✔ duplicate identifiers are rejected within a file and across files (SPEC-020) (104.547107ms)
✔ references resolve across files; missing references name their source (SPEC-021) (88.917517ms)
✔ code examples and quoted mentions are neither definitions nor references (47.322115ms)
✔ machine-local paths are findings in prose, links, quotes, and examples (SPEC-019) (488.761353ms)
✔ relative paths, URLs, slash commands, and character mentions are not absolute path findings (64.635151ms)
✔ a slash after a placeholder continues the template (SPEC-019) (94.167734ms)
✔ a host path is a finding until the file declares it (SPEC-019, SPEC-024) (84.594399ms)
✔ declared host paths cover children with a slash boundary and stay file-local (187.831796ms)
✔ a host-path declaration inside a requirement or example grants no exception (140.852363ms)
✔ host-path declarations require absolute or home-relative entries (219.449968ms)
✔ an Agreed block whose only keyword is MAY needs a falsifier like any other (SPEC-025, SPEC-002) (93.427975ms)
✔ a regex literal is not a path, a drive path and a file URL are, and a skill's slash name is allowed (SPEC-028, SPEC-029) (91.621392ms)
✔ a backticked or quoted actor still counts as one (PKG-010) (43.737723ms)
✔ a fence the file never closes is named, since the parser then reads its example as specification (79.142905ms)
✔ supersede writes both lines, and the old record keeps every word it had (DEC-008, DEC-010) (93.275231ms)
✔ supersede without a cause, or with one outside the four, is refused (DEC-009) (146.204922ms)
✔ supersede of a record that does not exist is refused (112.00639ms)
✔ a predecessor with no title line cannot be stamped, so nothing is written (89.923791ms)
✔ a --supersedes argument outside the slug alphabet is refused, and a path never reaches the filesystem (DEC-022) (253.730758ms)
✔ a record already superseded cannot be superseded again: one Superseded by line per record (DEC-022, DEC-010) (189.737567ms)
✔ reversals reports counts by decider, cause, and domain (DEC-011) (203.200587ms)
✔ decide in a domain with a reversal is refused without --history, naming the reversal; with it, the record carries History (DEC-012) (224.818257ms)
✔ decide in a domain with no reversals needs no --history (154.272434ms)
✔ a record resting on prose alone is in the domain unspecified, and so is the next one (163.308533ms)
✔ the decider tally normalizes case and whitespace, and names a value outside the vocabulary (DEC-020, DEC-011) (90.350701ms)
✔ a record with no Decided by line is tallied as unrecorded, not as a vocabulary value (102.261689ms)
✔ Decided by written as a list tallies like the flat form, and does not crash the report (LOOP-124, DEC-020) (75.834541ms)
✔ a second declaration for one requirement is accepted, a named check runs every mechanism, and Done needs each to pass (LOOP-056, LOOP-099) (2584.530753ms)
✔ one mechanism's stale evidence names that mechanism, and --stale runs only it (LOOP-056, LOOP-094) (825.329262ms)
✔ attempts are counted within one mechanism's records, so the other's passes do not reset them (LOOP-100, DEC-016) (1547.484622ms)
✔ step 1: an in-progress record is reconciled before anything else (122.427581ms)
✔ step 2: an open escalation is presented and nothing else happens (113.088781ms)
✔ an answered escalation is not open (604.775763ms)
✔ step 3: a decision with no realized-by is built, first by name (DEC-007) (108.980343ms)
✔ a superseded decision with no realized-by is not work (129.193605ms)
✔ step 6: a mechanism that has never run is run, not implemented (LOOP-008) (166.319719ms)
✔ step 6: a requirement whose mechanism fails is implemented (550.249108ms)
✔ step 6 before step 7: failing evidence outranks a missing mechanism (406.512076ms)
✔ step 7: a requirement with no mechanism is declared (LOOP-106) (103.405613ms)
✔ every verdict names who acts: Resolvable is the agent's, Done needs nobody, Escalate waits for the developer (LOOP-004) (627.277571ms)
✔ malformed roadmap is Resolvable, not fatal (LOOP-005) (73.42314ms)
✔ a commitment naming no requirements is Resolvable (LOOP-018) (65.942926ms)
✔ the primary test: two wakes on the same checkout give the same action, before and after a persisted transition (LOOP-001, LOOP-003) (592.921114ms)
✔ outside a cairn repository wake cannot run (41.64763ms)
✔ the loop never waits on the review queue (DEC-015) (374.707467ms)
✔ twenty built records cost one git call to resolve, not twenty (DEC-023) (203.453464ms)
✔ an ambiguous Realized by identifier is the repair that says lengthen it, not a build (LOOP-113, DEC-023) (200.258741ms)
✔ the linked walkthrough runs from agreement through the next commitment (PKG-016) (1676.726647ms)
ℹ tests 538
ℹ suites 0
ℹ pass 538
ℹ fail 0
ℹ cancelled 0
ℹ skipped 0
ℹ todo 0
ℹ duration_ms 63293.421027
