✔ a Draft block overrides an Agreed file for both wake and check (SPEC-018) (209.071943ms)
✔ an Agreed block overrides a Draft file in the kernel and lint (SPEC-018, SPEC-002) (615.827512ms)
✔ a block Status does not become the file default, including inside examples (SPEC-018) (322.512482ms)
✔ block status without a value does not inherit Agreed by accident (SPEC-018) (81.143992ms)
✔ inheritance needs a file Scope and includes only Agreed blocks, regardless of prefix (PKG-015) (1823.871354ms)
✔ Scope inside a requirement or fenced example does not declare inheritance (PKG-015) (937.709451ms)
✔ a falsifier wrapped onto a line beginning with Status: does not become the block's status (SPEC-018) (0.912537ms)
✔ with attribution forbidden, an unpushed commit carrying an AI attribution line is named reword before any work; without the policy, or once pushed, it is not (PKG-045) (397.795624ms)
✔ each attribution form is caught, a prose mention is not, and the oldest attributed commit is named first (PKG-045) (565.290179ms)
✔ LOOP-063: reject input mutation during a check and retain diagnostics (372.12991ms)
✔ LOOP-063: reject deletion mutation during a check and retain diagnostics (369.407686ms)
✔ LOOP-063: reject addition mutation during a check and retain diagnostics (361.009737ms)
✔ LOOP-063: reject mode mutation during a check and retain diagnostics (366.269145ms)
✔ LOOP-063: reject specification mutation during a check and retain diagnostics (389.02197ms)
✔ LOOP-063: reject declaration mutation during a check and retain diagnostics (408.756171ms)
✔ LOOP-063: reject commit mutation during a check and retain diagnostics (391.900364ms)
✔ LOOP-063: committed input mutation during execution cannot certify the replacement (377.076901ms)
✔ LOOP-064: removing executable permission makes passing evidence stale (607.602098ms)
✔ LOOP-064: a mode-only change also invalidates the previous review after new evidence (820.159554ms)
✔ LOOP-064: changing a regular file into a link with identical identity bytes is stale (865.921412ms)
✔ LOOP-063: an unchanged candidate still records a pass despite unrelated working-tree edits (204.145461ms)
✔ LOOP-064: current and historical input ordering agrees for Unicode filenames (363.205102ms)
✔ LOOP-063: Git status hiding content changes cannot certify an uncommitted candidate (129.182409ms)
✔ LOOP-066: one check owns execution with a kernel action record (416.681526ms)
✔ LOOP-066: one check owns execution with an agent action record (422.655181ms)
✔ LOOP-066: a live lock is named and never silently overwritten (123.11534ms)
✔ LOOP-066: a dead lock is named and never silently overwritten (131.32814ms)
✔ LOOP-066: a incomplete lock is named and never silently overwritten (127.697675ms)
✔ LOOP-066: an execution error releases the check lock for a corrected rerun (458.946953ms)
✔ LOOP-066: a live kernel action from an older Cairn also blocks execution (70.428876ms)
✔ LOOP-066: separate Git worktrees can run checks independently (485.007482ms)
✔ after a green check --stale runs nothing; after one input changes it runs only that mechanism (LOOP-094) (900.533166ms)
✔ a mechanism speaking for two stale requirements runs once and refreshes both (LOOP-094, LOOP-040) (587.018161ms)
✔ a fresh failure and an unverified result are skipped with implement named (LOOP-094) (594.621461ms)
✔ --stale with a requirement identifier is refused (LOOP-094) (90.054391ms)
✔ check --stale holds back a mechanism whose requirement has three attempts and no escalation, names it, and records nothing (LOOP-094, DEC-016) (1978.330605ms)
✔ check refuses a dirty declared input and names it; a dirty undeclared file does not block (LOOP-030) (431.011968ms)
✔ check writes one receipt per run carrying the full record and a result line per requirement (LOOP-097) (304.610339ms)
✔ a nonzero exit records fail, and the receipt keeps the exit code (LOOP-034) (307.501982ms)
✔ a pass after a fail keeps the failing record; nothing is overwritten or deleted (LOOP-025) (593.468217ms)
✔ a commit changing a declared input makes evidence stale; an undeclared one does not (LOOP-007) (898.682086ms)
✔ a regression is named before a requirement that never passed (LOOP-031) (1012.944158ms)
✔ three attempts with no escalation since: wake says escalate, not a fourth (DEC-016, DEC-017, DEC-018) (2162.807458ms)
✔ the review gate: no review, stale review, open finding, then Done (LOOP-020, LOOP-033) (1006.643446ms)
✔ Done is refused while any requirement lacks current passing evidence (LOOP-017) (103.308211ms)
✔ check names a requested requirement that no mechanism claims (89.820482ms)
✔ check writes the in-progress record before the run and clears it after (LOOP-021) (167.184018ms)
✔ a linked declared input digests the same at a commit and in the tree (LOOP-023, LOOP-024) (392.129901ms)
✔ a result line is the mechanism's statement about one requirement; what it did not mention is unverified (LOOP-037, LOOP-052) (179.193554ms)
✔ a mechanism that says nothing is read by its exit code for every requirement (LOOP-039) (176.790255ms)
✔ unverified is not an attempt, and a return to an earlier failed digest counts once (DEC-017, DEC-018) (1592.154303ms)
✔ a result line for a requirement the mechanism does not speak for is named and writes nothing (LOOP-038) (174.329818ms)
✔ a result line inside ordinary output, or without the marker, does not count (197.714742ms)
✔ a targeted check runs the named requirements' mechanisms and records every requirement they speak for (LOOP-040) (166.458384ms)
✔ two result lines for one requirement: a fail on any line wins (194.772404ms)
✔ three runs at one digest with no attempt since: the verdict stays implement and names DEC-019; an escalation naming it among others clears the hint (DEC-019, LOOP-053) (833.432753ms)
✔ a receipt names its commit in full, and an older receipt with the short form is still read (LOOP-136) (258.805124ms)
✔ a change only to a document its declaration lists leaves the review fresh and the evidence stale; a change to another input makes the review stale (LOOP-141) (1043.369113ms)
✔ a complete commitment with an unpromoted backlog item names promote, and a stamped item lets it reach Done (LOOP-087) (976.240559ms)
✔ an empty backlog with waiting next-iteration items is Done, with the count as information and no action on them (LOOP-091) (804.059531ms)
✔ a promotion marker must resolve to a decision record (LOOP-088) (247.347107ms)
✔ a commitment promoted from an item needs a decision record naming the item (LOOP-088) (269.950269ms)
✔ the spec lint reports a promotion marker with no decision record (LOOP-088) (78.491386ms)
✔ a promoted commitment that changes an Agreed requirement or the working agreement is an escalation; an unpromoted one is not (LOOP-089, LOOP-090) (1650.737751ms)
✔ a capture from one of the commitment's own requirements needs Outside because: or an escalation (LOOP-092) (1604.393887ms)
✔ a next-iteration item names what it would change, and the capture refuses one that does not (LOOP-093) (400.431627ms)
✔ a commitment specified from a next-iteration item needs the item stamped before anything else (SPEC-027) (463.004021ms)
✔ a by deference marker resolves to a decision record like a promotion marker (SPEC-002, LOOP-088) (175.32972ms)
✔ the LOOP-090 gate reads the Concerns line, not the slug as a substring (LOOP-114) (512.141049ms)
✔ the LOOP-088 check reads the Promotes line, and decide --promotes writes it (LOOP-115) (227.362037ms)
✔ the activation commit of a promoted commitment is inside the LOOP-089 comparison (LOOP-116) (122.743641ms)
✔ the LOOP-090 route needs one escalation: its Concerns line covers the moved item too (LOOP-119, LOOP-092, LOOP-114) (604.727521ms)
✔ an escalation raised before the promoted commitment began does not silence the LOOP-090 gate (LOOP-114) (316.470678ms)
✔ an escalation raised before the commitment began does not silence the capture gate (LOOP-119) (331.682906ms)
✔ the activation commit is inside the scope footprint (LOOP-120) (104.575637ms)
✔ a requirement Agreed at activation that is demoted or removed is a contract change (LOOP-121) (621.964584ms)
✔ the include files are the root files that hold @AGENTS.md: exempt from the footprint, compared by the gate (LOOP-122) (1026.153182ms)
✔ a superseded promotion no longer satisfies the LOOP-088 check, and the repair says the promotion was reversed (LOOP-123) (420.347102ms)
✔ the restore route measures from the tree before activation, so a path the activation commit added must go (LOOP-120, LOOP-035) (162.222977ms)
✔ the loop works against exactly one commitment: the current one (LOOP-019) (357.790248ms)
✔ a promotion recorded below Consequential is a repair naming the level, since the developer never sees it in the queue (LOOP-088) (68.596192ms)
✔ every requirement the node-test declaration speaks for is named in a test title (PKG-025) (3.220726ms)
✔ every repository path the tests read is a declared input of node-test (PKG-026) (1.173418ms)
✔ writes a record with every required field and an empty realized-by (DEC-001, DEC-005) (63.837303ms)
✔ a Consequential decision is queued for review (DEC-013) (59.796838ms)
✔ a Consequential decision is queued even when .cairn/queue does not exist yet (89.574408ms)
✔ Routine is refused: routine decisions produce no record (74.567641ms)
✔ a missing field is a usage error and nothing is written (80.880963ms)
✔ supersedes requires a classified cause, and the old record must exist (168.940029ms)
✔ an existing record is not overwritten (131.298172ms)
✔ a queued decision stays queued; nothing but the developer removes it (DEC-014) (191.573629ms)
✔ each accepted decider is stored lowercase, whatever case it was typed in (DEC-020) (522.122431ms)
✔ a decider outside the vocabulary is a usage error naming all three, and nothing is written (DEC-020) (409.148116ms)
✔ an empty --decided-by is the missing-field error, not the vocabulary one (93.302774ms)
✔ LOOP-006, LOOP-067: missing inputs names a declaration repair before execution (134.836294ms)
✔ LOOP-006, LOOP-067: empty inputs names a declaration repair before execution (167.133168ms)
✔ LOOP-006, LOOP-067: missing command names a declaration repair before execution (153.272327ms)
✔ LOOP-006, LOOP-067: list command names a declaration repair before execution (129.562524ms)
✔ LOOP-006, LOOP-067: empty command names a declaration repair before execution (147.459768ms)
✔ LOOP-006, LOOP-067: missing requirements names a declaration repair before execution (157.904513ms)
✔ LOOP-006, LOOP-067: bad identifier names a declaration repair before execution (156.767255ms)
✔ LOOP-067: scalar one-item lists retain their existing meaning (258.95453ms)
✔ LOOP-068: a unpopulated gitlink is refused by name (168.612274ms)
✔ LOOP-068: a populated gitlink is refused by name (168.521288ms)
✔ LOOP-069: identical selections across 100 mechanisms use at most 20 Git processes (136.584073ms)
✔ --defect needs --from naming an Agreed requirement, and writes Defect: yes (LOOP-140) (242.638658ms)
✔ an unfixed defect is named fix before a promotable item, and counts as fixed only with passing evidence at or after its commit and no Agreed text changed (LOOP-087, LOOP-140) (1965.335246ms)
✔ escalate writes the six-line format followed by its facts, and wake presents it (LOOP-010, LOOP-026) (123.873745ms)
✔ a missing or multi-line field is refused with the field named, and nothing is written (LOOP-012) (128.139898ms)
✔ a Blocking escalation that fails the format is written anyway, naming the malformed field (LOOP-013) (130.947113ms)
✔ the loop stops for the developer only at Blocking: a recorded decision below it never yields Escalate, and the Blocking bypass must be spelled exactly (DEC-002) (301.168075ms)
✔ a second escalation while one is open is refused (LOOP-011) (120.009149ms)
✔ answer records the reply; wake no longer presents it; a second answer is refused (260.791606ms)
✔ answer to an unknown escalation is refused (63.873335ms)
✔ a stranger resumes from the file alone: question and answer are both in it (LOOP-014) (117.170629ms)
✔ a developer-shaped answer during the agent's turn is refused and writes nothing; the explanation is still accepted (LOOP-135) (631.258635ms)
✔ after an answer, the same concern can be escalated again under a new name (171.338798ms)
✔ an escalation exists when its file does, committed or not (LOOP-009) (89.955549ms)
✔ developer answers require one of the three forms and cannot inject fields (LOOP-048) (597.934773ms)
✔ ask, agent explanation, another ask, and ok stay ordered in one file (LOOP-049, LOOP-050, LOOP-014) (807.238775ms)
✔ fresh closed answers accompany only concerned requirements until new evidence (LOOP-051) (716.235646ms)
✔ a raised escalation carries no derivable status line, and an old record with one still parses (LOOP-028) (157.580166ms)
✔ LOOP-065: delete of output refuses Done and a new run recovers (1179.712702ms)
✔ LOOP-065: corrupt of output refuses Done and a new run recovers (1227.865112ms)
✔ LOOP-065: delete of stderr_output refuses Done and a new run recovers (1138.173755ms)
✔ LOOP-065: corrupt of stderr_output refuses Done and a new run recovers (957.91108ms)
✔ LOOP-065: a receipt without output needs a new check (488.214386ms)
✔ LOOP-065: a receipt without output_digest needs a new check (473.240603ms)
✔ LOOP-065: a receipt without stderr_output needs a new check (465.789877ms)
✔ LOOP-065: a receipt without stderr_digest needs a new check (409.600925ms)
✔ LOOP-065: legacy unverifiable output is rerun without rewriting history (731.883139ms)
✔ a fresh record names the kernel that wrote it (LOOP-023) (288.093156ms)
✔ LOOP-095: a record from another kernel is stale with the kernel named, and a new check restores Done (726.011994ms)
✔ LOOP-095: a record from no kernel is stale with the kernel named, and a new check restores Done (772.954471ms)
✔ LOOP-070: a later failure is latest even when the clock moves backward (963.008087ms)
✔ LOOP-070: receipt collisions at one clock instant retain execution order beyond nine suffixes (3542.28114ms)
✔ LOOP-070: imported branch receipts stale a later sequence until a new check incorporates them (1139.551854ms)
✔ LOOP-070, LOOP-098: legacy receipts need one ordered check, remain byte-for-byte unchanged, and precede the run receipt in the history (521.766906ms)
✔ LOOP-070: edit of a prior receipt requires fresh evidence (460.936741ms)
✔ LOOP-070: remove of a prior receipt requires fresh evidence (465.492349ms)
✔ LOOP-075: supporting evidence file README.md does not become a receipt (513.902565ms)
✔ LOOP-075: supporting evidence file notes.txt does not become a receipt (529.708785ms)
✔ LOOP-075: supporting evidence file support does not become a receipt (536.141401ms)
✔ LOOP-075: supporting evidence file .DS_Store does not become a receipt (528.028326ms)
✔ LOOP-075: a malformed result line (result=success) names a repair before execution (362.100589ms)
✔ LOOP-075: a malformed result line (sequence=NaN) names a repair before execution (324.088938ms)
✔ LOOP-075: a malformed result line (sequence=9007199254740992) names a repair before execution (318.785258ms)
✔ LOOP-075: a malformed result line (history_digest=wrong) names a repair before execution (306.461489ms)
✔ LOOP-075: a malformed result line (tokens) names a repair before execution (324.806454ms)
✔ LOOP-075: a receipt-shaped directory is a named repair instead of an EISDIR crash (267.399262ms)
✔ LOOP-070: an earlier escalation cannot cover three new attempts after clock rollback (885.573203ms)
✔ LOOP-070: an answer becomes old after a later check even if that check's timestamp is earlier (578.581492ms)
✔ LOOP-070: the newest answer wins between checks even when its clock timestamp is older (376.148985ms)
✔ LOOP-070: legacy escalation dates cover old receipts but not three newer sequenced runs (1318.555803ms)
✔ a PKG requirement the commitment does not name is declared, run, and gates Done (PKG-011) (1743.62085ms)
✔ a PKG requirement in a Draft spec is not folded in (561.342612ms)
✔ LOOP-076, LOOP-079: stale inputs identify the receipt and the check to run (669.885373ms)
✔ LOOP-077: names a content change using checked input identity (628.226784ms)
✔ LOOP-077: names a mode change using checked input identity (650.481602ms)
✔ LOOP-077: names a kind change using checked input identity (711.325771ms)
✔ LOOP-077: names a added change using checked input identity (617.467365ms)
✔ LOOP-077: names a removed change using checked input identity (572.997242ms)
✔ LOOP-077: names a link-target change using checked input identity (791.664626ms)
✔ LOOP-077: changed selection compares the old and new input sets (467.865864ms)
✔ LOOP-077: raw CRLF changes remain visible when Git-clean content agrees (486.065221ms)
✔ LOOP-077: detail output is sorted, bounded, and reports the omitted count (477.383663ms)
✔ LOOP-077: filenames cannot inject lines or terminal controls into explanations (406.223244ms)
✔ LOOP-077: receipts from one run share details and do not store source contents (323.004555ms)
✔ LOOP-078, LOOP-080: legacy optional detail limits explanation without changing standing (519.728545ms)
✔ LOOP-078, LOOP-080: invalid-field optional detail limits explanation without changing standing (520.425367ms)
✔ LOOP-078, LOOP-080: missing optional detail limits explanation without changing standing (514.355792ms)
✔ LOOP-078, LOOP-080: invalid-json optional detail limits explanation without changing standing (528.402894ms)
✔ LOOP-078, LOOP-080: mismatched optional detail limits explanation without changing standing (527.506749ms)
✔ LOOP-078, LOOP-080: duplicate optional detail limits explanation without changing standing (485.987663ms)
✔ LOOP-078, LOOP-080: unsafe-path optional detail limits explanation without changing standing (489.101045ms)
✔ LOOP-078, LOOP-080: directory optional detail limits explanation without changing standing (490.904015ms)
✔ LOOP-078, LOOP-080: symlink optional detail limits explanation without changing standing (482.535232ms)
✔ LOOP-078: unavailable old requirement text is not claimed as a proven change (363.580169ms)
✔ LOOP-076, LOOP-079: changed requirements identify evidence and retain review-before-check guidance (368.719692ms)
✔ LOOP-078: simultaneous input and output damage keep both reasons (370.871999ms)
✔ LOOP-080: deterministic freshness sequence seed=7 (8945.996053ms)
✔ LOOP-080: deterministic freshness sequence seed=42 (5833.222704ms)
✔ LOOP-080: deterministic freshness sequence seed=913 (4921.64964ms)
✔ LOOP-080: agreement changes, mechanism review, checks, and completion review retain priority (1243.891404ms)
✔ LOOP-080: imported receipt history demands a rerun without a false input explanation (1263.363783ms)
✔ LOOP-073: clean CRLF input completes under attributes (525.169408ms)
✔ LOOP-073: clean CRLF input completes under autocrlf (502.994538ms)
✔ LOOP-073: raw line-ending mutation during a run is rejected even when Git still sees the same content (220.844416ms)
✔ LOOP-073: execution evidence changes when clean conversion preserves committed identity (1000.89155ms)
✔ LOOP-073: Git clean filters use Git's conversion while retaining raw evidence identity (579.441385ms)
✔ LOOP-073: failure of a required Git filter cannot record evidence (136.077002ms)
✔ LOOP-073: a clean filter moving HEAD during ending validation prevents evidence (622.329684ms)
✔ LOOP-073: canonical Git identities handle links without reading their targets (468.264497ms)
✔ LOOP-073: Git conversion keeps raw Unicode and control-character input paths (394.977231ms)
✔ LOOP-073: conversion and links work in a SHA-256 Git repository (416.140896ms)
✔ LOOP-074: historical specification filename "café.md" remains reviewable (397.085833ms)
✔ LOOP-074: historical specification filename "spec\ttab.md" remains reviewable (384.19804ms)
✔ LOOP-074: historical specification filename "spec\nline.md" remains reviewable (387.266937ms)
✔ help works outside a repository without running a command (PKG-017) (911.11844ms)
✔ help does not hide invalid options or consume literal arguments (176.3911ms)
✔ help lists the lint command (PKG-017) (49.964344ms)
✔ a working directory that no longer exists is named as the failure, and git is not blamed (PKG-041, PKG-022) (182.893137ms)
✔ the stop hook refuses a stop while wake says Resolvable, with the verdict as the reason (PKG-018) (180.16815ms)
✔ the stop hook allows a stop at Done, at Escalate, and outside a Cairn repository (PKG-018) (991.525787ms)
✔ the session-start hook links the command once and prints the verdict in a Cairn repository (PKG-019, PKG-014, PKG-005) (394.827168ms)
✔ the session-start hook prints no verdict outside a Cairn repository and leaves an existing link that resolves alone (PKG-019) (61.636768ms)
✔ a checkout under a path with a space links a command that resolves, and its stop hook still blocks (PKG-019, PKG-021) (377.483225ms)
✔ the hooks run the kernel the command link resolves to, so hook and agent share one referee (PKG-021) (1071.939644ms)
✔ a dangling link is replaced and reported (PKG-019) (164.386679ms)
✔ errors exit 0 with one line on standard error and no stack trace (PKG-022) (191.710329ms)
✔ the hooks judge with the cairn on PATH, a wrapper included, and session-start names it (PKG-033) (1023.611507ms)
✔ a link to a wrapper or file is kept; a dangling link or one to a directory is replaced (PKG-034) (356.325552ms)
✔ a project below the Git toplevel gets the verdict and the stop refusal (PKG-035) (279.800333ms)
✔ a kernel that prints no verdict is one stderr line: the stop is allowed and session-start prints no trace (PKG-036) (136.595511ms)
✔ a link that cannot be created is one stderr line, and the verdict still prints (PKG-019, PKG-022) (140.48462ms)
✔ with git absent the hooks say so in one line and block nothing (PKG-022) (80.311018ms)
✔ stop_hook_active true no longer lets a Resolvable stop through: the hook still refuses (PKG-018) (142.608286ms)
✔ receipts written by the project's own kernel are judged with it, not with a different cairn on PATH (PKG-033, PKG-021) (386.638477ms)
✔ the fourth stop on an unchanged verdict, commit and tree goes through with a message and a stop record; each refusal names cairn escalate (PKG-043, PKG-044) (425.018757ms)
✔ progress resets the count, a commit or an edited file alike, and each session counts on its own (PKG-043) (1150.412742ms)
✔ no report, one for another commitment, at another commit, or at a value that is not a commit names a new reviewer; an uncommitted review is committed first (LOOP-020) (1483.26551ms)
✔ an old report re-dated, however it is edited, does not name the new commit and names a new reviewer; a new report with the same words does not (LOOP-020) (1299.643459ms)
✔ each finding is carried by the one line citing its number and beginning with its words; malformed reports are repairs (LOOP-020) (3846.656783ms)
✔ citations name their report's commit, so rounds never collide and an old line never carries a new finding; a wrapped review line is its own repair (LOOP-020) (834.339607ms)
✔ a finding that quotes a citation in its own words is carried by copying it, and an uncited wrapped line is no repair when there is nothing to carry (LOOP-020) (584.244814ms)
✔ a citation that is not last on its line is refused as such, and a finding ending with a citation is carried in the short form (LOOP-020) (860.064659ms)
✔ a report written or changed on disk but not committed is named commit, never judged as the committed one (LOOP-020) (583.584442ms)
✔ the findings list is read from the record's text: blank lines between entries, a wrapped entry, any bullet, and a blank line inside examined: lose nothing; a list after a heading stays unread (LOOP-020, LOOP-086, LOOP-071) (1306.116978ms)
✔ the reader reads a numbered or nested list and a blank line in examined:, and names a line it cannot read rather than reading nothing (LOOP-086, LOOP-020) (1035.515979ms)
✔ a line the reader cannot read is named whenever an entry follows it, in the review and in the report, and a finding under a heading is named (LOOP-086, LOOP-020) (1439.325155ms)
✔ a margin line that only looks like a field never ends a list in silence (LOOP-086, LOOP-020) (1088.234012ms)
✔ a field name repeated inside a list is named, the report's findings under a heading are named beside a list, and the repair offers the fix that keeps the finding (LOOP-020, LOOP-086) (925.451732ms)
✔ a Reviewer: line inside a list is named, and an honest record with a findings-titled heading is read (LOOP-020, LOOP-086) (821.172906ms)
✔ a record that declares findings: [] keeps a bulleted body as prose, as this repository's own reviews are written (LOOP-086, LOOP-020) (396.495272ms)
✔ a field name in another case never ends a list in silence, a record with its fields out of order is told to reorder them, and a citation names only a finding the report made (LOOP-086, LOOP-020, LOOP-108) (760.769351ms)
✔ a citation of zero is a citation, a field ends a list however it is spaced, a heading may be underlined, a blank line before a continuation is nothing, and a doubled commit: line does not name the commit (LOOP-020, LOOP-086, LOOP-108) (1028.992094ms)
✔ a rule under a field line is not a heading, the hint names a heading of either form, and an earlier report's citation on a carrying line is history (LOOP-020, LOOP-108) (1223.235968ms)
✔ a title that ends with a colon is still a heading, a report whose fields sit below a heading or prose is repaired rather than discarded, and the repair names the form the kernel reads (LOOP-020, LOOP-086, LOOP-108) (999.905262ms)
✔ a report for another commitment or commit is replaced even when its fields sit below a heading, a quoted field line does not replace the real one, a rule under any field is a rule, and the review is told what the report is told (LOOP-020, LOOP-108) (1019.430131ms)
✔ an underline makes a heading of the line above it unless that line is an entry or the record's own field, an unread field is named where it sits, a field spelled another way is named, and the findings-titled repair names retitling (LOOP-020, LOOP-086, LOOP-108) (1345.426295ms)
✔ an underlined heading that names findings holds no list either, an unterminated fence hides nothing, a spelling is judged at the margin, and a report short of one header line is repaired (LOOP-020, LOOP-086, LOOP-108) (900.885512ms)
✔ a heading that names findings holds no content of any shape, its own section decides, and a report the wrong commit wrote is replaced before any repair (LOOP-020, LOOP-086) (864.519175ms)
✔ a findings-naming heading holds nothing at all, however deep, and a report with no record is replaced rather than repaired (LOOP-020, LOOP-086) (2068.903433ms)
✔ a recognisable finding under a heading is named wherever it sits, a findings-titled section is prose beside a list that holds entries, and a record may open with a title (LOOP-020, LOOP-086, LOOP-108) (1849.047969ms)
✔ a line that says open: is a finding however it is marked up, and one leading title of any form is the record's own (LOOP-020, LOOP-086, LOOP-108) (3604.989164ms)
✔ every line outside the findings list is read for the prefix, and a findings-naming section is judged over its subsections (LOOP-020, LOOP-086) (2979.052629ms)
✔ markup is whatever precedes the first letter, a row is a row wherever its pipes sit, and each message names the move (LOOP-020, LOOP-086) (2186.937428ms)
✔ a marker that contains a letter is still a marker, and a fence opens only on its own line (LOOP-020, LOOP-086) (2292.542483ms)
✔ cairn lint runs the checker over docs/spec by default and over a named directory (PKG-028) (224.071046ms)
✔ cairn lint names a missing directory in one line, takes one argument, and reports a bad root (PKG-028) (210.515733ms)
✔ three megabytes are retained exactly once with matching digests (LOOP-041, LOOP-042) (344.123495ms)
✔ split stdout result lines survive a long non-result line; stderr is never a verdict (305.141142ms)
✔ signal termination is recorded and logs survive a clone (LOOP-043) (307.723918ms)
✔ working agreements and ignore changes are Cairn records inside the footprint (319.087876ms)
✔ a clean package passes (89.775648ms)
✔ PKG-001: a dependency, or a service manifest (170.154531ms)
✔ PKG-002: ignoring evidence or other durable state, by directory or by extension (132.754067ms)
✔ PKG-003: a command, a directory, or a record kind no decision names (205.495073ms)
✔ PKG-004: a kernel over 1900 lines, counting every file under bin/ as wc -l does; exactly 1900 passes (306.075722ms)
✔ PKG-006: a skill step naming a vendor's product, in either order, across a wrapped list item (PKG-027) (294.622378ms)
✔ PKG-008: a non-ASCII character in a tracked text file (69.237923ms)
✔ PKG-009: the kernel importing from tests (80.891819ms)
✔ PKG-012: a network call or a model client in the kernel, but not a vendor's name in text (313.066519ms)
✔ PKG-013: deferral language, but not in code, quotes, or a rule (593.624878ms)
✔ a tracked path deleted from the working tree is skipped, not a crash (69.269754ms)
✔ a sentence in a Formats section is not a record kind (65.842812ms)
✔ a record kind named by its path alone is checked (73.218228ms)
✔ PKG-002: a tracked in-progress record (80.881989ms)
✔ PKG-002: ignoring evidence alone is a finding (65.407378ms)
✔ PKG-003 reads the kernel's commands from its help output (PKG-023) (105.345566ms)
✔ the ASCII scan covers shipped files, not records under .cairn/ (PKG-024) (79.098235ms)
✔ a vendor-naming step wrapped across lines is matched (PKG-006, PKG-027) (64.295194ms)
✔ PKG-013 scans the README, the manual, and the walkthrough (PKG-032) (224.69244ms)
✔ the manifests, the listing and package.json agree on the name and version, and name paths the repository holds (PKG-037) (1.987214ms)
✔ the hooks file registers session-start and stop against the plugin's own hook.mjs through the plugin root variable (PKG-038) (0.250634ms)
✔ a Muse hook entry whose shared hook is missing prints one line and exits 0 (PKG-041, PKG-022) (92.926115ms)
✔ the registered commands print the verdict at session start, link the command into the plugin, and refuse a stop while wake says Resolvable (PKG-038, PKG-021) (340.6628ms)
✔ LOOP-071: decision body metadata does not resolve unbuilt work: "Superseded by: example" (652.990356ms)
✔ LOOP-071: decision body metadata does not resolve unbuilt work: "```text\nSuperseded by: example\n```" (622.865252ms)
✔ LOOP-071: decision body metadata does not resolve unbuilt work: "~~~text\nSuperseded by: example\n~~~" (648.443145ms)
✔ LOOP-071: a fenced realization example is not a resolving commit (650.850939ms)
✔ LOOP-071: a fenced commit inside the realization section is not built (601.137821ms)
✔ LOOP-071: ## Example cannot replace an open review finding (638.955332ms)
✔ LOOP-071: # Example cannot replace an open review finding (551.081021ms)
✔ LOOP-071: ### Example cannot replace an open review finding (534.097989ms)
✔ LOOP-071:   ## Example cannot replace an open review finding (502.673711ms)
✔ LOOP-071: Example paragraph. cannot replace an open review finding (495.053145ms)
✔ LOOP-071: Example
------- cannot replace an open review finding (425.588782ms)
✔ LOOP-071: fenced fields before a real review header are ignored (424.322831ms)
✔ LOOP-071: multiline decision --title cannot inject metadata (364.821177ms)
✔ LOOP-071: multiline decision --decided-by cannot inject metadata (356.466826ms)
✔ LOOP-071: multiline decision --rests-on cannot inject metadata (327.466466ms)
✔ LOOP-071: multiline decision --wrong-if cannot inject metadata (358.896476ms)
✔ LOOP-071: multiline decision --history cannot inject metadata (336.46066ms)
✔ LOOP-072: malformed Blocking concerns stay open: "R-001\nAnswer: ok" (85.758302ms)
✔ LOOP-072: malformed Blocking concerns stay open: "R-001\r\nAnswer: ok" (81.941387ms)
✔ LOOP-072: malformed Blocking concerns stay open: "R-001\rAnswer: ok" (83.572694ms)
✔ LOOP-072: malformed Blocking concerns stay open: "R-001 Answer: ok" (82.601868ms)
✔ LOOP-072: malformed Blocking concerns stay open: "R-001 Answer: ok" (84.007811ms)
✔ LOOP-072: ordinary malformed concerns are refused: "R-001\nR-002" (52.478269ms)
✔ LOOP-072: ordinary malformed concerns are refused: "R-001, prose" (46.966806ms)
✔ LOOP-072: ordinary malformed concerns are refused: " " (48.635132ms)
✔ LOOP-072: a Blocking escalation without concerns is still presented (72.715013ms)
✔ LOOP-072: carriage returns in a Blocking question do not create answer records (69.470504ms)
✔ LOOP-072: explanation separator 8232 cannot close an escalation (142.440335ms)
✔ LOOP-071: decision metadata refuses separator 8232 (328.505172ms)
✔ LOOP-072: explanation separator 8233 cannot close an escalation (155.078625ms)
✔ LOOP-071: decision metadata refuses separator 8233 (343.684831ms)
✔ Concerns, Rests on, and Promoted from written as lists read as the flat form (LOOP-124) (566.94478ms)
✔ an item named by filename, path, or backticked slug resolves like the slug (LOOP-125) (503.767187ms)
✔ an input that covers Cairn's own output is named as the repair, before and after a check (LOOP-126, LOOP-105) (570.50338ms)
✔ an unreadable record directory is a repair, not an error exit (LOOP-127) (69.459752ms)
✔ a title that slugifies to nothing is refused (LOOP-128) (133.891696ms)
✔ examined: [] is an empty list (LOOP-129, LOOP-108) (447.926117ms)
✔ below the Git toplevel the restore check compares root-relative paths (LOOP-130, LOOP-035) (367.916087ms)
✔ below the Git toplevel an uncommitted declared input is named from the project root (LOOP-132, LOOP-030) (217.421672ms)
✔ a value on the key line followed by list items is the first item, never dropped (LOOP-133) (657.844222ms)
✔ the footprint's walk reads Current: as the wake does: a fenced example below the real line, or a second line in history, never moves the start (LOOP-134, LOOP-035) (291.967169ms)
✔ an input spelled .. from a project below the Git toplevel covers the evidence directory (LOOP-126, LOOP-105) (82.760901ms)
✔ a Consequential record this commitment added needs its queue entry committed (LOOP-131, DEC-004) (485.364188ms)
✔ a mechanism that removes the check lock still gets its evidence, with no repair for the lock (LOOP-107) (222.221777ms)
✔ a staged rename reads as its two paths, never as a bare origin token (LOOP-030, LOOP-110) (101.332082ms)
✔ a Current: line inside a fenced example is neither a second Current: line nor the commitment, before or after the real line (LOOP-104) (198.209791ms)
✔ a Status: word is taken only from a line that carries one, never from wrapped prose after it (SPEC-018) (0.868804ms)
✔ the placeholder left above a resolving entry is a repair naming the file (DEC-021) (230.657989ms)
✔ the placeholder alone is a decision recorded and not yet built, unchanged (DEC-007) (64.353244ms)
✔ resolving entries with no placeholder are unchanged (DEC-006) (105.420412ms)
✔ a shallow clone that cannot resolve its entries is still told to fetch, not to edit (LOOP-113 keeps precedence) (112.473218ms)
✔ the placeholder quoted in a fenced example does not make a built record a repair (DEC-021) (106.749126ms)
✔ supersede takes the same decider vocabulary as decide (DEC-020) (96.85313ms)
✔ a superseded record is held to the same line: its placeholder above a resolving entry is a repair (DEC-021, DEC-010) (184.341976ms)
✔ realize() touches only the Realized by section; a body that quotes the placeholder keeps it (106.123343ms)
✔ an untracked file under a declared input is not a change under way; check still refuses beside it and names .gitignore (LOOP-110, LOOP-030) (204.934582ms)
✔ an unmatched input is refused before execution (LOOP-044) (155.601898ms)
✔ an indexed input deleted on disk asks for a commit (LOOP-045) (133.484999ms)
✔ wake and check require a Git working tree (LOOP-046) (122.304115ms)
✔ recovery removes only dead kernel run records and identifies a live owner (LOOP-054, LOOP-055) (310.077924ms)
✔ an agent action based behind a clean HEAD appears committed (LOOP-027) (179.183255ms)
✔ realization needs a real commit and a subject (DEC-006) (242.429826ms)
✔ 1500 binary inputs digest identically at the review commit in under a second (LOOP-024) (1422.795909ms)
✔ merged work is excluded but a later own commit is a breach (LOOP-047) (250.030608ms)
✔ exact Current tenure ignores prefix matches and earlier visits to the same slug (LOOP-035) (286.204436ms)
✔ a kernel run records its supervising PID (LOOP-054) (280.959296ms)
✔ a merged declared input still stales evidence (LOOP-047) (418.037726ms)
✔ wildcard and magic pathspecs select the same historical inputs (LOOP-024, LOOP-032) (2203.995344ms)
✔ historical selection retains deleted files and excludes new ones (LOOP-024, LOOP-035) (1265.56811ms)
✔ cairn --version prints the package.json version outside a repository, and help lists it (PKG-039) (128.276419ms)
✔ a release is one commit setting one version in the five files, with the changelog entry, tagged v<version> (PKG-040) (1040.958142ms)
✔ the release script refuses a bad version, no increase, a dirty tree, a missing entry, a taken tag, a disagreeing file, and a loop not at Done, each in one line with nothing written (PKG-040) (1795.265859ms)
✔ a version file written as compact JSON is released, and nothing else in any version file changes (PKG-042) (1284.57373ms)
✔ with attribution forbidden, the release script refuses an unpushed commit carrying an AI attribution line (PKG-045) (566.185754ms)
✔ explicit reporting with no lines and exit 0 establishes no requirement verdicts (LOOP-061) (451.115647ms)
✔ explicit reporting with no lines and exit 1 establishes no requirement verdicts (LOOP-061) (456.326099ms)
✔ a reporter that cannot start keeps execution diagnostics without blaming requirements (LOOP-062) (270.918537ms)
✔ large output cannot kill a reporter or invent a requirement verdict (309.87721ms)
✔ explicit mode ignores cairn: R-999: pass (304.740763ms)
✔ explicit mode ignores cairn: R-001: unverified (352.609638ms)
✔ explicit mode ignores cairn: R-001: passed (307.56314ms)
✔ explicit results survive nonzero exit and contradictory duplicates still fail (589.351073ms)
✔ unverified results across changed inputs never become failed attempts (1409.623148ms)
✔ legacy exit 0 retains its interpretation (224.051357ms)
✔ legacy exit 1 retains its interpretation (211.266253ms)
✔ a misspelled reporting mode is refused before execution (111.570769ms)
✔ changed requirement blocks unchecked reruns and makes the completion review stale (LOOP-058, LOOP-059) (1682.46161ms)
✔ falsifier changes need review; separate rationale and other requirements do not change a receipt (1303.767792ms)
✔ legacy receipts recover requirement identity from their commit; unavailable history requires review (1033.107964ms)
✔ check refuses uncommitted requirement text and mechanism review markers (821.161443ms)
✔ tightened response limit cannot reuse the old passing check (1341.450313ms)
✔ a declared input over 1 MiB agrees at a commit and in the tree (LOOP-060) (430.125994ms)
✔ a failed Git blob read cannot be hashed as an empty blob (406.176078ms)
✔ Git listings over 1 MiB include the last declared input (2175.778405ms)
✔ requirement identity excludes fenced examples and status dates (523.257758ms)
✔ DemonCoder REM-002 and Status in progress cannot silently satisfy the review gate (LOOP-086) (766.812291ms)
✔ valid open findings retain their behavior (486.908895ms)
✔ valid resolved findings retain their behavior (495.691804ms)
✔ valid empty findings retain their behavior (529.148949ms)
✔ valid mixed valid findings retain their behavior (456.510298ms)
✔ malformed finding "open:" requires repair (457.908811ms)
✔ malformed finding "resolved:   " requires repair (437.668431ms)
✔ malformed finding "Open: incorrect case" requires repair (384.968296ms)
✔ malformed finding "unknown: issue" requires repair (345.567143ms)
✔ malformed finding "\u001b[31mBAD: issue" requires repair (357.225331ms)
✔ the established explicit empty findings list remains valid (393.626563ms)
✔ a scalar findings value requires the supported list format (332.850134ms)
✔ check runs a mechanism when a requirement outside the commitment was revised, and asks for the review once a commitment includes it (LOOP-059) (883.868426ms)
✔ a Requirements: line written as a list is read like the flat form (LOOP-102) (120.885166ms)
✔ a subdirectory or a README in a record directory changes nothing (LOOP-103) (500.755488ms)
✔ two Current: lines are a roadmap repair (LOOP-104) (73.903914ms)
✔ a repeated identifier, an input under the evidence directory, and a missing cwd are refused by name (LOOP-105) (433.397413ms)
✔ a requirement whose evidence outlives its mechanism is named declare, not a regression or an escalation (LOOP-106) (1014.019249ms)
✔ an unreadable record is a repair, not an error exit (LOOP-107) (80.145412ms)
✔ a review needs commit, a nonempty examined list, and a findings list, each named when missing (LOOP-108) (1000.90236ms)
✔ a decision record missing a header field or naming a missing predecessor is a repair (LOOP-109) (313.310999ms)
✔ a dirty declared input with no in-progress record is named record ahead of run (LOOP-022, LOOP-110) (236.850247ms)
✔ with core.filemode false the index mode is the identity, so a mode-only difference does not refuse the check (LOOP-111) (226.321583ms)
✔ a project below the Git toplevel can run check (LOOP-112) (238.488186ms)
✔ a shallow clone names history to fetch, not a decision to build (LOOP-113) (143.902908ms)
✔ record-writing commands refuse to run outside a Cairn repository and write nothing (LOOP-118) (233.637593ms)
✔ a git that cannot start is one line and exit 3 from wake and from check, with nothing recorded (LOOP-137) (87.354105ms)
✔ an unexplained or uncommitted stop record is named explain before any other action; explained and committed, the wake moves on (LOOP-139) (248.101106ms)
✔ empty footprint names declaration before scope and records no evidence (LOOP-081) (543.72676ms)
✔ first declaration still checks the full earlier history (LOOP-081) (362.745294ms)
✔ an empty current footprint does not block an explicitly requested existing mechanism (LOOP-081) (316.336159ms)
✔ an inherited mechanism provides a footprint even before local mechanisms exist (235.716265ms)
✔ scope reports every path, escapes line breaks, and gives identical remedies (LOOP-082) (239.386718ms)
✔ scope verdict reuses the answered-escalation annotation (LOOP-048, LOOP-051, LOOP-083) (583.318802ms)
✔ a committed scope acknowledgment lets restored history proceed (LOOP-083) (690.323159ms)
✔ scope acknowledgment must be committed before it can clear a breach (622.269098ms)
✔ ordinary ok does not acknowledge scope history (295.657385ms)
✔ scope escalation refuses unrestored paths and names the restoration remedy (251.033577ms)
✔ an invalid scope request still records an explicitly Blocking decision (135.265989ms)
✔ ask and explanation stay open; only the final committed ok acknowledges scope (700.665836ms)
✔ instead is visible but does not silently authorize a scope exception (349.801518ms)
✔ later changes to an acknowledged path still block, including later reverts (1078.812423ms)
✔ approval cannot hide another path changed after the snapshot (362.049362ms)
✔ acknowledged history remains conditional on the paths staying restored (518.725519ms)
✔ editing the scope snapshot after answer invalidates its acknowledgment (303.671632ms)
✔ malformed scope metadata cannot suppress a breach (1406.318348ms)
✔ damaged acknowledgment fields cannot suppress a breach (527.685238ms)
✔ scope path matching is literal, including wildcard filenames and control characters (513.046717ms)
✔ scope acknowledgment does not carry into another activation of the same slug (284.632646ms)
✔ restoration checks additions, deletions, executable modes, and symlink kinds (1337.163859ms)
✔ explicit committed retention keeps correct work and requires new evidence and review (LOOP-084, LOOP-085) (2013.865578ms)
✔ a missing declaration covers correct earlier work without retention or revert (496.628743ms)
✔ keep requires scope and an unchanged committed candidate (160.149438ms)
✔ uncommitted retention and instead answers cannot clear the incident (984.591876ms)
✔ retention does not grant future edits, even when reverted to the approved tree (1277.595891ms)
✔ retention cannot cover another path or another activation (527.0528ms)
✔ imported changes must still match the retained tree (551.266836ms)
✔ retention handles additions, deletions, modes, symlinks, and literal filenames (1930.328787ms)
✔ retention cannot convert an existing restoration answer or accept an unknown mode (411.375433ms)
✔ a check failure after retention remains a failure (647.461014ms)
✔ retained paths stay part of the stable checked candidate without extending its footprint (537.620278ms)
✔ retention ask needs an explanation and final committed approval (507.229558ms)
✔ an unknown scope mode remains invalid even with a matching approval digest (268.052464ms)
✔ backlog writes the item; a second with the same title is refused, never overwritten (LOOP-016) (139.555984ms)
✔ a commit inside the footprint: check runs; outside it: check names the path and does not run (LOOP-015, LOOP-035) (521.74174ms)
✔ Cairn's records are never a breach; another file under docs/ is (LOOP-117) (690.448781ms)
✔ declaring the path as an input clears the breach (307.947509ms)
✔ a revert preserves the record of an out-of-scope commit (LOOP-047) (300.322651ms)
✔ a commitment naming a requirement the spec set does not hold as Agreed is repaired (LOOP-029) (79.511988ms)
✔ a requirement in a Draft spec file is not Agreed (80.191907ms)
✔ working agreements and the ignore file are Cairn records (LOOP-035, LOOP-036) (467.327202ms)
✔ the over-asking rule is gone from both skills (SPEC-005, SPEC-006, SPEC-007) (1.416623ms)
✔ a decision during the phase is recorded (DEC-003) (0.140171ms)
✔ understanding is restated before writing (SPEC-003) (0.148972ms)
✔ falsifiers are proposed as one set and confirmed by exception (SPEC-004) (0.278581ms)
✔ depth is inferred and domains derived, never asked or imposed (SPEC-008, SPEC-009) (0.150765ms)
✔ a term enters the glossary at first occurrence (SPEC-010) (0.123857ms)
✔ the phase ends at the first commitment, and later ones are specified during the loop (SPEC-011, SPEC-012) (0.119952ms)
✔ a requirement goes Agreed only with a nameable mechanism (SPEC-013) (0.129243ms)
✔ review before agreement, recording what it attacked (SPEC-014, SPEC-015) (0.139016ms)
✔ no spec file without requirements; nothing Agreed without a falsifier (SPEC-001, SPEC-002) (0.177981ms)
✔ Observed is marked, and is not contract (SPEC-016, SPEC-017) (0.744559ms)
✔ the skills exclude artifacts outside Cairn's workflow (0.159562ms)
✔ the working agreement names the agent's move for each verdict and the write-ahead record (LOOP-036) (0.591759ms)
✔ the working agreement names the developer's moves (LOOP-036, DEC-014) (0.095426ms)
✔ this repository runs by the file it ships (0.3912ms)
✔ both skills write the working agreement without naming a vendor's file (LOOP-002, LOOP-036, PKG-006) (0.26835ms)
✔ the working agreement says what an attempt is (LOOP-036, DEC-017, DEC-018) (0.083629ms)
✔ the working agreement says a failure no footprint change can address is an escalation, and where an inherited requirement is repaired (DEC-019, LOOP-057) (0.105447ms)
✔ the working agreement states the promote, next-iteration, and no-deferral moves (LOOP-029, LOOP-087, LOOP-091, LOOP-092) (0.093783ms)
✔ both skills sort captures into the backlog or next-iteration and forbid deferral (LOOP-029, LOOP-092, LOOP-093) (0.083374ms)
✔ the skill requires a falsifier on every requirement, a MAY included (SPEC-025) (0.076555ms)
✔ the working agreement names the hooks as optional and the install skill registers them for two harnesses (PKG-006, PKG-018, PKG-019) (0.451569ms)
✔ the working agreement says the kernel is upgraded at Done, never inside a commitment (LOOP-096) (0.07751ms)
✔ the next-iteration skill starts from the specification and ends by naming the next commitment (SPEC-026, SPEC-027) (0.242931ms)
✔ every document that names the project skills names next-iteration beside them (SPEC-026, PKG-014) (2.754053ms)
✔ the working agreement states a move for every action the kernel can name (LOOP-101) (2.436923ms)
✔ the working agreement states both record formats and the two flags the moves need (LOOP-036) (0.154403ms)
✔ the skills demonstrate a safe violating example and preserve recon findings (SPEC-022, SPEC-023) (0.074765ms)
✔ the specification skills run the checker through the cairn command (PKG-029) (0.244461ms)
✔ the README invokes the phase skills by name and states versions and platforms (PKG-030, PKG-031) (0.337747ms)
✔ the manual and the walkthrough say the loop promotes backlog items at Done (0.81201ms)
✔ the working agreement says a report is not work under way, its findings are captured, and it is committed with them (LOOP-138) (0.092ms)
✔ a two-obligation sentence is named (PKG-007) (40.68114ms)
✔ an obligation with no actor is named (PKG-010) (34.145472ms)
✔ a leading condition clause is not the actor, and the actor after it counts (47.341768ms)
✔ an Agreed requirement with no falsifier is named (SPEC-002); a Draft one is not (87.993562ms)
✔ prose after a Draft requirement with no falsifier is not scanned as requirement text (45.892253ms)
✔ a spec declaring a prefix with no requirement is named (SPEC-001) (41.951216ms)
✔ a keyword in backticks or quotes is a mention, not an obligation (42.440003ms)
✔ duplicate identifiers are rejected within a file and across files (SPEC-020) (77.234473ms)
✔ references resolve across files; missing references name their source (SPEC-021) (83.954958ms)
✔ code examples and quoted mentions are neither definitions nor references (49.286261ms)
✔ machine-local paths are findings in prose, links, quotes, and examples (SPEC-019) (443.840911ms)
✔ relative paths, URLs, slash commands, and character mentions are not absolute path findings (39.308912ms)
✔ a slash after a placeholder continues the template (SPEC-019) (73.170005ms)
✔ a host path is a finding until the file declares it (SPEC-019, SPEC-024) (75.513718ms)
✔ declared host paths cover children with a slash boundary and stay file-local (126.039371ms)
✔ a host-path declaration inside a requirement or example grants no exception (116.193716ms)
✔ host-path declarations require absolute or home-relative entries (189.568507ms)
✔ an Agreed block whose only keyword is MAY needs a falsifier like any other (SPEC-025, SPEC-002) (82.321573ms)
✔ a regex literal is not a path, a drive path and a file URL are, and a skill's slash name is allowed (SPEC-028, SPEC-029) (76.323306ms)
✔ a backticked or quoted actor still counts as one (PKG-010) (37.120371ms)
✔ a fence the file never closes is named, since the parser then reads its example as specification (76.093677ms)
✔ supersede writes both lines, and the old record keeps every word it had (DEC-008, DEC-010) (80.464323ms)
✔ supersede without a cause, or with one outside the four, is refused (DEC-009) (133.555619ms)
✔ supersede of a record that does not exist is refused (84.519228ms)
✔ a predecessor with no title line cannot be stamped, so nothing is written (79.25215ms)
✔ a --supersedes argument outside the slug alphabet is refused, and a path never reaches the filesystem (DEC-022) (249.927873ms)
✔ a record already superseded cannot be superseded again: one Superseded by line per record (DEC-022, DEC-010) (193.262628ms)
✔ reversals reports counts by decider, cause, and domain (DEC-011) (188.513135ms)
✔ decide in a domain with a reversal is refused without --history, naming the reversal; with it, the record carries History (DEC-012) (170.857886ms)
✔ decide in a domain with no reversals needs no --history (123.35682ms)
✔ a record resting on prose alone is in the domain unspecified, and so is the next one (122.63982ms)
✔ the decider tally normalizes case and whitespace, and names a value outside the vocabulary (DEC-020, DEC-011) (60.411236ms)
✔ a record with no Decided by line is tallied as unrecorded, not as a vocabulary value (77.002495ms)
✔ Decided by written as a list tallies like the flat form, and does not crash the report (LOOP-124, DEC-020) (72.153206ms)
✔ a second declaration for one requirement is accepted, a named check runs every mechanism, and Done needs each to pass (LOOP-056, LOOP-099) (2058.387561ms)
✔ one mechanism's stale evidence names that mechanism, and --stale runs only it (LOOP-056, LOOP-094) (735.006917ms)
✔ attempts are counted within one mechanism's records, so the other's passes do not reset them (LOOP-100, DEC-016) (1358.013529ms)
✔ step 1: an in-progress record is reconciled before anything else (89.30385ms)
✔ step 2: an open escalation is presented and nothing else happens (65.539239ms)
✔ an answered escalation is not open (507.95238ms)
✔ step 3: a decision with no realized-by is built, first by name (DEC-007) (96.752598ms)
✔ a superseded decision with no realized-by is not work (109.244912ms)
✔ step 6: a mechanism that has never run is run, not implemented (LOOP-008) (126.377469ms)
✔ step 6: a requirement whose mechanism fails is implemented (459.977457ms)
✔ step 6 before step 7: failing evidence outranks a missing mechanism (351.068311ms)
✔ step 7: a requirement with no mechanism is declared (LOOP-106) (76.513102ms)
✔ every verdict names who acts: Resolvable is the agent's, Done needs nobody, Escalate waits for the developer (LOOP-004) (553.641065ms)
✔ malformed roadmap is Resolvable, not fatal (LOOP-005) (62.403736ms)
✔ a commitment naming no requirements is Resolvable (LOOP-018) (56.299166ms)
✔ the primary test: two wakes on the same checkout give the same action, before and after a persisted transition (LOOP-001, LOOP-003) (521.183599ms)
✔ outside a cairn repository wake cannot run (38.05525ms)
✔ the loop never waits on the review queue (DEC-015) (352.82354ms)
✔ twenty built records cost one git call to resolve, not twenty (DEC-023) (186.496141ms)
✔ an ambiguous Realized by identifier is the repair that says lengthen it, not a build (LOOP-113, DEC-023) (184.683874ms)
✔ the linked walkthrough runs from agreement through the next commitment (PKG-016) (1335.978913ms)
ℹ tests 530
ℹ suites 0
ℹ pass 530
ℹ fail 0
ℹ cancelled 0
ℹ skipped 0
ℹ todo 0
ℹ duration_ms 39749.748173
