✔ a Draft block overrides an Agreed file for both wake and check (SPEC-018) (219.430129ms)
✔ an Agreed block overrides a Draft file in the kernel and lint (SPEC-018, SPEC-002) (610.851202ms)
✔ a block Status does not become the file default, including inside examples (SPEC-018) (399.747368ms)
✔ block status without a value does not inherit Agreed by accident (SPEC-018) (87.553924ms)
✔ inheritance needs a file Scope and includes only Agreed blocks, regardless of prefix (PKG-015) (1756.649487ms)
✔ Scope inside a requirement or fenced example does not declare inheritance (PKG-015) (890.785887ms)
✔ a falsifier wrapped onto a line beginning with Status: does not become the block's status (SPEC-018) (1.199009ms)
✔ LOOP-063: reject input mutation during a check and retain diagnostics (422.809685ms)
✔ LOOP-063: reject deletion mutation during a check and retain diagnostics (451.934743ms)
✔ LOOP-063: reject addition mutation during a check and retain diagnostics (405.157307ms)
✔ LOOP-063: reject mode mutation during a check and retain diagnostics (376.296418ms)
✔ LOOP-063: reject specification mutation during a check and retain diagnostics (385.459852ms)
✔ LOOP-063: reject declaration mutation during a check and retain diagnostics (389.533641ms)
✔ LOOP-063: reject commit mutation during a check and retain diagnostics (372.343042ms)
✔ LOOP-063: committed input mutation during execution cannot certify the replacement (372.913016ms)
✔ LOOP-064: removing executable permission makes passing evidence stale (558.562438ms)
✔ LOOP-064: a mode-only change also invalidates the previous review after new evidence (847.816154ms)
✔ LOOP-064: changing a regular file into a link with identical identity bytes is stale (863.804843ms)
✔ LOOP-063: an unchanged candidate still records a pass despite unrelated working-tree edits (261.968835ms)
✔ LOOP-064: current and historical input ordering agrees for Unicode filenames (593.59293ms)
✔ LOOP-063: Git status hiding content changes cannot certify an uncommitted candidate (122.857123ms)
✔ LOOP-066: one check owns execution with a kernel action record (496.880105ms)
✔ LOOP-066: one check owns execution with an agent action record (431.403759ms)
✔ LOOP-066: a live lock is named and never silently overwritten (133.052573ms)
✔ LOOP-066: a dead lock is named and never silently overwritten (149.882192ms)
✔ LOOP-066: a incomplete lock is named and never silently overwritten (150.118951ms)
✔ LOOP-066: an execution error releases the check lock for a corrected rerun (470.529815ms)
✔ LOOP-066: a live kernel action from an older Cairn also blocks execution (96.522553ms)
✔ LOOP-066: separate Git worktrees can run checks independently (503.514559ms)
✔ after a green check --stale runs nothing; after one input changes it runs only that mechanism (LOOP-094) (1037.536125ms)
✔ a mechanism speaking for two stale requirements runs once and refreshes both (LOOP-094, LOOP-040) (644.892461ms)
✔ a fresh failure and an unverified result are skipped with implement named (LOOP-094) (641.103488ms)
✔ --stale with a requirement identifier is refused (LOOP-094) (96.42377ms)
✔ check --stale holds back a mechanism whose requirement has three attempts and no escalation, names it, and records nothing (LOOP-094, DEC-016) (2046.739978ms)
✔ check refuses a dirty declared input and names it; a dirty undeclared file does not block (LOOP-030) (514.083251ms)
✔ check writes one receipt per run carrying the full record and a result line per requirement (LOOP-097) (305.426293ms)
✔ a nonzero exit records fail, and the receipt keeps the exit code (LOOP-034) (347.661865ms)
✔ a pass after a fail keeps the failing record; nothing is overwritten or deleted (LOOP-025) (674.177017ms)
✔ a commit changing a declared input makes evidence stale; an undeclared one does not (LOOP-007) (817.428472ms)
✔ a regression is named before a requirement that never passed (LOOP-031) (959.409225ms)
✔ three attempts with no escalation since: wake says escalate, not a fourth (DEC-016, DEC-017, DEC-018) (2515.894337ms)
✔ the review gate: no review, stale review, open finding, then Done (LOOP-020, LOOP-033) (1006.590059ms)
✔ Done is refused while any requirement lacks current passing evidence (LOOP-017) (77.849403ms)
✔ check names a requested requirement that no mechanism claims (96.197006ms)
✔ check writes the in-progress record before the run and clears it after (LOOP-021) (171.487901ms)
✔ a linked declared input digests the same at a commit and in the tree (LOOP-023, LOOP-024) (369.185596ms)
✔ a result line is the mechanism's statement about one requirement; what it did not mention is unverified (LOOP-037, LOOP-052) (196.946255ms)
✔ a mechanism that says nothing is read by its exit code for every requirement (LOOP-039) (179.375519ms)
✔ unverified is not an attempt, and a return to an earlier failed digest counts once (DEC-017, DEC-018) (1577.764237ms)
✔ a result line for a requirement the mechanism does not speak for is named and writes nothing (LOOP-038) (179.754898ms)
✔ a result line inside ordinary output, or without the marker, does not count (184.603472ms)
✔ a targeted check runs the named requirements' mechanisms and records every requirement they speak for (LOOP-040) (168.594584ms)
✔ two result lines for one requirement: a fail on any line wins (171.899391ms)
✔ three runs at one digest with no attempt since: the verdict stays implement and names DEC-019; an escalation naming it among others clears the hint (DEC-019, LOOP-053) (844.614431ms)
✔ a receipt names its commit in full, and an older receipt with the short form is still read (LOOP-136) (263.176776ms)
✔ a complete commitment with an unpromoted backlog item names promote, and a stamped item lets it reach Done (LOOP-087) (942.251651ms)
✔ an empty backlog with waiting next-iteration items is Done, with the count as information and no action on them (LOOP-091) (772.568959ms)
✔ a promotion marker must resolve to a decision record (LOOP-088) (261.035766ms)
✔ a commitment promoted from an item needs a decision record naming the item (LOOP-088) (287.048918ms)
✔ the spec lint reports a promotion marker with no decision record (LOOP-088) (84.028926ms)
✔ a promoted commitment that changes an Agreed requirement or the working agreement is an escalation; an unpromoted one is not (LOOP-089, LOOP-090) (1667.233143ms)
✔ a capture from one of the commitment's own requirements needs Outside because: or an escalation (LOOP-092) (1671.977735ms)
✔ a next-iteration item names what it would change, and the capture refuses one that does not (LOOP-093) (706.685662ms)
✔ a commitment specified from a next-iteration item needs the item stamped before anything else (SPEC-027) (474.857057ms)
✔ a by deference marker resolves to a decision record like a promotion marker (SPEC-002, LOOP-088) (193.706884ms)
✔ the LOOP-090 gate reads the Concerns line, not the slug as a substring (LOOP-114) (508.196761ms)
✔ the LOOP-088 check reads the Promotes line, and decide --promotes writes it (LOOP-115) (229.18964ms)
✔ the activation commit of a promoted commitment is inside the LOOP-089 comparison (LOOP-116) (131.901244ms)
✔ the LOOP-090 route needs one escalation: its Concerns line covers the moved item too (LOOP-119, LOOP-092, LOOP-114) (637.877459ms)
✔ an escalation raised before the promoted commitment began does not silence the LOOP-090 gate (LOOP-114) (303.759495ms)
✔ an escalation raised before the commitment began does not silence the capture gate (LOOP-119) (306.20916ms)
✔ the activation commit is inside the scope footprint (LOOP-120) (105.411252ms)
✔ a requirement Agreed at activation that is demoted or removed is a contract change (LOOP-121) (551.318885ms)
✔ the include files are the root files that hold @AGENTS.md: exempt from the footprint, compared by the gate (LOOP-122) (1033.005621ms)
✔ a superseded promotion no longer satisfies the LOOP-088 check, and the repair says the promotion was reversed (LOOP-123) (448.647705ms)
✔ the restore route measures from the tree before activation, so a path the activation commit added must go (LOOP-120, LOOP-035) (166.778803ms)
✔ the loop works against exactly one commitment: the current one (LOOP-019) (357.812032ms)
✔ a promotion recorded below Consequential is a repair naming the level, since the developer never sees it in the queue (LOOP-088) (65.581446ms)
✖ every requirement the node-test declaration speaks for is named in a test title (PKG-025) (2.413378ms)
✔ every repository path the tests read is a declared input of node-test (PKG-026) (0.737881ms)
✔ writes a record with every required field and an empty realized-by (DEC-001, DEC-005) (107.095522ms)
✔ a Consequential decision is queued for review (DEC-013) (98.411108ms)
✔ a Consequential decision is queued even when .cairn/queue does not exist yet (88.604336ms)
✔ Routine is refused: routine decisions produce no record (85.253221ms)
✔ a missing field is a usage error and nothing is written (89.94021ms)
✔ supersedes requires a classified cause, and the old record must exist (190.571407ms)
✔ an existing record is not overwritten (146.536439ms)
✔ a queued decision stays queued; nothing but the developer removes it (DEC-014) (223.552283ms)
✔ each accepted decider is stored lowercase, whatever case it was typed in (DEC-020) (510.23406ms)
✔ a decider outside the vocabulary is a usage error naming all three, and nothing is written (DEC-020) (447.416618ms)
✔ an empty --decided-by is the missing-field error, not the vocabulary one (77.703778ms)
✔ LOOP-006, LOOP-067: missing inputs names a declaration repair before execution (141.648255ms)
✔ LOOP-006, LOOP-067: empty inputs names a declaration repair before execution (153.021829ms)
✔ LOOP-006, LOOP-067: missing command names a declaration repair before execution (161.493996ms)
✔ LOOP-006, LOOP-067: list command names a declaration repair before execution (150.921042ms)
✔ LOOP-006, LOOP-067: empty command names a declaration repair before execution (175.475821ms)
✔ LOOP-006, LOOP-067: missing requirements names a declaration repair before execution (157.057398ms)
✔ LOOP-006, LOOP-067: bad identifier names a declaration repair before execution (168.36697ms)
✔ LOOP-067: scalar one-item lists retain their existing meaning (341.834071ms)
✔ LOOP-068: a unpopulated gitlink is refused by name (159.752096ms)
✔ LOOP-068: a populated gitlink is refused by name (193.991304ms)
✔ LOOP-069: identical selections across 100 mechanisms use at most 20 Git processes (154.050552ms)
✔ escalate writes the six-line format followed by its facts, and wake presents it (LOOP-010, LOOP-026) (147.814365ms)
✔ a missing or multi-line field is refused with the field named, and nothing is written (LOOP-012) (125.976997ms)
✔ a Blocking escalation that fails the format is written anyway, naming the malformed field (LOOP-013) (145.496509ms)
✔ the loop stops for the developer only at Blocking: a recorded decision below it never yields Escalate, and the Blocking bypass must be spelled exactly (DEC-002) (333.86593ms)
✔ a second escalation while one is open is refused (LOOP-011) (123.237323ms)
✔ answer records the reply; wake no longer presents it; a second answer is refused (281.812509ms)
✔ answer to an unknown escalation is refused (68.951483ms)
✔ a stranger resumes from the file alone: question and answer are both in it (LOOP-014) (114.743801ms)
✔ a developer-shaped answer during the agent's turn is refused and writes nothing; the explanation is still accepted (LOOP-135) (617.686244ms)
✔ after an answer, the same concern can be escalated again under a new name (210.726596ms)
✔ an escalation exists when its file does, committed or not (LOOP-009) (99.68482ms)
✔ developer answers require one of the three forms and cannot inject fields (LOOP-048) (619.94406ms)
✔ ask, agent explanation, another ask, and ok stay ordered in one file (LOOP-049, LOOP-050, LOOP-014) (792.712336ms)
✔ fresh closed answers accompany only concerned requirements until new evidence (LOOP-051) (801.3293ms)
✔ a raised escalation carries no derivable status line, and an old record with one still parses (LOOP-028) (160.65647ms)
✔ LOOP-065: delete of output refuses Done and a new run recovers (1211.729274ms)
✔ LOOP-065: corrupt of output refuses Done and a new run recovers (1164.788926ms)
✔ LOOP-065: delete of stderr_output refuses Done and a new run recovers (1114.825954ms)
✔ LOOP-065: corrupt of stderr_output refuses Done and a new run recovers (1021.021957ms)
✔ LOOP-065: a receipt without output needs a new check (477.117229ms)
✔ LOOP-065: a receipt without output_digest needs a new check (451.749841ms)
✔ LOOP-065: a receipt without stderr_output needs a new check (637.687148ms)
✔ LOOP-065: a receipt without stderr_digest needs a new check (449.692337ms)
✔ LOOP-065: legacy unverifiable output is rerun without rewriting history (715.27325ms)
✔ a fresh record names the kernel that wrote it (LOOP-023) (282.341327ms)
✔ LOOP-095: a record from another kernel is stale with the kernel named, and a new check restores Done (672.655166ms)
✔ LOOP-095: a record from no kernel is stale with the kernel named, and a new check restores Done (676.724208ms)
✔ LOOP-070: a later failure is latest even when the clock moves backward (1054.192664ms)
✔ LOOP-070: receipt collisions at one clock instant retain execution order beyond nine suffixes (3500.314493ms)
✔ LOOP-070: imported branch receipts stale a later sequence until a new check incorporates them (1203.924479ms)
✔ LOOP-070, LOOP-098: legacy receipts need one ordered check, remain byte-for-byte unchanged, and precede the run receipt in the history (729.792878ms)
✔ LOOP-070: edit of a prior receipt requires fresh evidence (500.076845ms)
✔ LOOP-070: remove of a prior receipt requires fresh evidence (459.029431ms)
✔ LOOP-075: supporting evidence file README.md does not become a receipt (459.2858ms)
✔ LOOP-075: supporting evidence file notes.txt does not become a receipt (494.5843ms)
✔ LOOP-075: supporting evidence file support does not become a receipt (491.168776ms)
✔ LOOP-075: supporting evidence file .DS_Store does not become a receipt (504.851936ms)
✔ LOOP-075: a malformed result line (result=success) names a repair before execution (323.645873ms)
✔ LOOP-075: a malformed result line (sequence=NaN) names a repair before execution (329.036248ms)
✔ LOOP-075: a malformed result line (sequence=9007199254740992) names a repair before execution (341.315753ms)
✔ LOOP-075: a malformed result line (history_digest=wrong) names a repair before execution (322.437038ms)
✔ LOOP-075: a malformed result line (tokens) names a repair before execution (341.094596ms)
✔ LOOP-075: a receipt-shaped directory is a named repair instead of an EISDIR crash (251.857261ms)
✔ LOOP-070: an earlier escalation cannot cover three new attempts after clock rollback (925.85415ms)
✔ LOOP-070: an answer becomes old after a later check even if that check's timestamp is earlier (575.154007ms)
✔ LOOP-070: the newest answer wins between checks even when its clock timestamp is older (398.052562ms)
✔ LOOP-070: legacy escalation dates cover old receipts but not three newer sequenced runs (1272.278031ms)
✔ a PKG requirement the commitment does not name is declared, run, and gates Done (PKG-011) (1766.081979ms)
✔ a PKG requirement in a Draft spec is not folded in (530.531565ms)
✔ LOOP-076, LOOP-079: stale inputs identify the receipt and the check to run (708.41829ms)
✔ LOOP-077: names a content change using checked input identity (641.849023ms)
✔ LOOP-077: names a mode change using checked input identity (641.234654ms)
✔ LOOP-077: names a kind change using checked input identity (651.22362ms)
✔ LOOP-077: names a added change using checked input identity (589.795892ms)
✔ LOOP-077: names a removed change using checked input identity (576.135779ms)
✔ LOOP-077: names a link-target change using checked input identity (873.043257ms)
✔ LOOP-077: changed selection compares the old and new input sets (452.721954ms)
✔ LOOP-077: raw CRLF changes remain visible when Git-clean content agrees (527.22447ms)
✔ LOOP-077: detail output is sorted, bounded, and reports the omitted count (743.057869ms)
✔ LOOP-077: filenames cannot inject lines or terminal controls into explanations (385.283878ms)
✔ LOOP-077: receipts from one run share details and do not store source contents (291.764392ms)
✔ LOOP-078, LOOP-080: legacy optional detail limits explanation without changing standing (473.858369ms)
✔ LOOP-078, LOOP-080: invalid-field optional detail limits explanation without changing standing (474.411224ms)
✔ LOOP-078, LOOP-080: missing optional detail limits explanation without changing standing (491.735287ms)
✔ LOOP-078, LOOP-080: invalid-json optional detail limits explanation without changing standing (501.865102ms)
✔ LOOP-078, LOOP-080: mismatched optional detail limits explanation without changing standing (471.935942ms)
✔ LOOP-078, LOOP-080: duplicate optional detail limits explanation without changing standing (483.502001ms)
✔ LOOP-078, LOOP-080: unsafe-path optional detail limits explanation without changing standing (447.732388ms)
✔ LOOP-078, LOOP-080: directory optional detail limits explanation without changing standing (472.673472ms)
✔ LOOP-078, LOOP-080: symlink optional detail limits explanation without changing standing (471.778743ms)
✔ LOOP-078: unavailable old requirement text is not claimed as a proven change (346.926261ms)
✔ LOOP-076, LOOP-079: changed requirements identify evidence and retain review-before-check guidance (370.177953ms)
✔ LOOP-078: simultaneous input and output damage keep both reasons (376.457165ms)
✔ LOOP-080: deterministic freshness sequence seed=7 (9183.114641ms)
✔ LOOP-080: deterministic freshness sequence seed=42 (5625.452153ms)
✔ LOOP-080: deterministic freshness sequence seed=913 (4776.229981ms)
✔ LOOP-080: agreement changes, mechanism review, checks, and completion review retain priority (1207.953388ms)
✔ LOOP-080: imported receipt history demands a rerun without a false input explanation (1292.979567ms)
✔ LOOP-073: clean CRLF input completes under attributes (569.778402ms)
✔ LOOP-073: clean CRLF input completes under autocrlf (556.18309ms)
✔ LOOP-073: raw line-ending mutation during a run is rejected even when Git still sees the same content (248.205467ms)
✔ LOOP-073: execution evidence changes when clean conversion preserves committed identity (1011.356059ms)
✔ LOOP-073: Git clean filters use Git's conversion while retaining raw evidence identity (524.694454ms)
✔ LOOP-073: failure of a required Git filter cannot record evidence (147.263732ms)
✔ LOOP-073: a clean filter moving HEAD during ending validation prevents evidence (539.499824ms)
✔ LOOP-073: canonical Git identities handle links without reading their targets (533.21366ms)
✔ LOOP-073: Git conversion keeps raw Unicode and control-character input paths (395.729796ms)
✔ LOOP-073: conversion and links work in a SHA-256 Git repository (367.415057ms)
✔ LOOP-074: historical specification filename "café.md" remains reviewable (405.850563ms)
✔ LOOP-074: historical specification filename "spec\ttab.md" remains reviewable (437.07931ms)
✔ LOOP-074: historical specification filename "spec\nline.md" remains reviewable (573.964862ms)
✔ help works outside a repository without running a command (PKG-017) (955.933897ms)
✔ help does not hide invalid options or consume literal arguments (190.800539ms)
✔ help lists the lint command (PKG-017) (43.751009ms)
✔ a working directory that no longer exists is named as the failure, and git is not blamed (PKG-041, PKG-022) (194.999388ms)
✔ the stop hook refuses a stop while wake says Resolvable, with the verdict as the reason (PKG-018) (182.878085ms)
✔ the stop hook allows a stop at Done, at Escalate, and outside a Cairn repository (PKG-018) (988.507752ms)
✔ the session-start hook links the command once and prints the verdict in a Cairn repository (PKG-019, PKG-014, PKG-005) (405.466842ms)
✔ the session-start hook prints no verdict outside a Cairn repository and leaves an existing link that resolves alone (PKG-019) (55.140027ms)
✔ a checkout under a path with a space links a command that resolves, and its stop hook still blocks (PKG-019, PKG-021) (389.962528ms)
✔ the hooks run the kernel the command link resolves to, so hook and agent share one referee (PKG-021) (957.775873ms)
✔ a dangling link is replaced and reported (PKG-019) (168.458501ms)
✔ errors exit 0 with one line on standard error and no stack trace (PKG-022) (205.788203ms)
✔ the hooks judge with the cairn on PATH, a wrapper included, and session-start names it (PKG-033) (1097.442763ms)
✔ a link to a wrapper or file is kept; a dangling link or one to a directory is replaced (PKG-034) (372.384124ms)
✔ a project below the Git toplevel gets the verdict and the stop refusal (PKG-035) (281.069519ms)
✔ a kernel that prints no verdict is one stderr line: the stop is allowed and session-start prints no trace (PKG-036) (142.784498ms)
✔ a link that cannot be created is one stderr line, and the verdict still prints (PKG-019, PKG-022) (180.249772ms)
✔ with git absent the hooks say so in one line and block nothing (PKG-022) (105.51495ms)
✔ the stop hook gives way once it has refused: stop_hook_active true prints the verdict and returns no block decision (PKG-018) (287.816932ms)
✔ cairn lint runs the checker over docs/spec by default and over a named directory (PKG-028) (222.512274ms)
✔ cairn lint names a missing directory in one line, takes one argument, and reports a bad root (PKG-028) (222.313069ms)
✔ three megabytes are retained exactly once with matching digests (LOOP-041, LOOP-042) (366.313179ms)
✔ split stdout result lines survive a long non-result line; stderr is never a verdict (397.106174ms)
✔ signal termination is recorded and logs survive a clone (LOOP-043) (355.316726ms)
✔ working agreements and ignore changes are Cairn records inside the footprint (373.185085ms)
✔ a clean package passes (98.939087ms)
✔ PKG-001: a dependency, or a service manifest (180.911532ms)
✔ PKG-002: ignoring evidence or other durable state, by directory or by extension (146.782696ms)
✔ PKG-003: a command, a directory, or a record kind no decision names (239.747597ms)
✔ PKG-004: a kernel over 1900 lines, counting every file under bin/ as wc -l does; exactly 1900 passes (353.453071ms)
✔ PKG-006: a skill step naming a vendor's product, in either order, across a wrapped list item (PKG-027) (325.197459ms)
✔ PKG-008: a non-ASCII character in a tracked text file (71.146822ms)
✔ PKG-009: the kernel importing from tests (70.092893ms)
✔ PKG-012: a network call or a model vendor in the kernel (165.897104ms)
✔ PKG-013: deferral language, but not in code, quotes, or a rule (623.69486ms)
✔ a tracked path deleted from the working tree is skipped, not a crash (81.435181ms)
✔ a sentence in a Formats section is not a record kind (79.320685ms)
✔ a record kind named by its path alone is checked (61.605806ms)
✔ PKG-002: a tracked in-progress record (79.879301ms)
✔ PKG-002: ignoring evidence alone is a finding (74.448187ms)
✔ PKG-003 reads the kernel's commands from its help output (PKG-023) (113.094624ms)
✔ the ASCII scan covers shipped files, not records under .cairn/ (PKG-024) (66.443013ms)
✔ a vendor-naming step wrapped across lines is matched (PKG-006, PKG-027) (87.090965ms)
✔ PKG-013 scans the README, the manual, and the walkthrough (PKG-032) (213.300965ms)
✔ the manifests, the listing and package.json agree on the name and version, and name paths the repository holds (PKG-037) (2.299882ms)
✔ the hooks file registers session-start and stop against the plugin's own hook.mjs through the plugin root variable (PKG-038) (0.269317ms)
✔ a Muse hook entry whose shared hook is missing prints one line and exits 0 (PKG-041, PKG-022) (94.19156ms)
✔ the registered commands print the verdict at session start, link the command into the plugin, and refuse a stop while wake says Resolvable (PKG-038, PKG-021) (361.751555ms)
✔ LOOP-071: decision body metadata does not resolve unbuilt work: "Superseded by: example" (632.918314ms)
✔ LOOP-071: decision body metadata does not resolve unbuilt work: "```text\nSuperseded by: example\n```" (686.719341ms)
✔ LOOP-071: decision body metadata does not resolve unbuilt work: "~~~text\nSuperseded by: example\n~~~" (596.957173ms)
✔ LOOP-071: a fenced realization example is not a resolving commit (632.216266ms)
✔ LOOP-071: a fenced commit inside the realization section is not built (548.060274ms)
✔ LOOP-071: ## Example cannot replace an open review finding (652.629615ms)
✔ LOOP-071: # Example cannot replace an open review finding (588.509736ms)
✔ LOOP-071: ### Example cannot replace an open review finding (482.995808ms)
✔ LOOP-071:   ## Example cannot replace an open review finding (485.41526ms)
✔ LOOP-071: Example paragraph. cannot replace an open review finding (525.301534ms)
✔ LOOP-071: Example
------- cannot replace an open review finding (633.090281ms)
✔ LOOP-071: fenced fields before a real review header are ignored (411.15702ms)
✔ LOOP-071: multiline decision --title cannot inject metadata (337.73915ms)
✔ LOOP-071: multiline decision --decided-by cannot inject metadata (340.362767ms)
✔ LOOP-071: multiline decision --rests-on cannot inject metadata (312.459496ms)
✔ LOOP-071: multiline decision --wrong-if cannot inject metadata (331.137512ms)
✔ LOOP-071: multiline decision --history cannot inject metadata (316.76398ms)
✔ LOOP-072: malformed Blocking concerns stay open: "R-001\nAnswer: ok" (87.038349ms)
✔ LOOP-072: malformed Blocking concerns stay open: "R-001\r\nAnswer: ok" (82.431382ms)
✔ LOOP-072: malformed Blocking concerns stay open: "R-001\rAnswer: ok" (106.528477ms)
✔ LOOP-072: malformed Blocking concerns stay open: "R-001 Answer: ok" (91.911478ms)
✔ LOOP-072: malformed Blocking concerns stay open: "R-001 Answer: ok" (82.852017ms)
✔ LOOP-072: ordinary malformed concerns are refused: "R-001\nR-002" (41.710961ms)
✔ LOOP-072: ordinary malformed concerns are refused: "R-001, prose" (53.302828ms)
✔ LOOP-072: ordinary malformed concerns are refused: " " (39.488009ms)
✔ LOOP-072: a Blocking escalation without concerns is still presented (82.874851ms)
✔ LOOP-072: carriage returns in a Blocking question do not create answer records (84.717606ms)
✔ LOOP-072: explanation separator 8232 cannot close an escalation (161.503777ms)
✔ LOOP-071: decision metadata refuses separator 8232 (320.077973ms)
✔ LOOP-072: explanation separator 8233 cannot close an escalation (142.894264ms)
✔ LOOP-071: decision metadata refuses separator 8233 (303.803249ms)
✔ Concerns, Rests on, and Promoted from written as lists read as the flat form (LOOP-124) (626.455072ms)
✔ an item named by filename, path, or backticked slug resolves like the slug (LOOP-125) (520.757448ms)
✔ an input that covers Cairn's own output is named as the repair, before and after a check (LOOP-126, LOOP-105) (599.798173ms)
✔ an unreadable record directory is a repair, not an error exit (LOOP-127) (86.025891ms)
✔ a title that slugifies to nothing is refused (LOOP-128) (133.839478ms)
✔ examined: [] is an empty list (LOOP-129, LOOP-108) (471.363886ms)
✔ below the Git toplevel the restore check compares root-relative paths (LOOP-130, LOOP-035) (367.568934ms)
✔ below the Git toplevel an uncommitted declared input is named from the project root (LOOP-132, LOOP-030) (220.018883ms)
✔ a value on the key line followed by list items is the first item, never dropped (LOOP-133) (602.004993ms)
✔ the footprint's walk reads Current: as the wake does: a fenced example below the real line, or a second line in history, never moves the start (LOOP-134, LOOP-035) (313.476478ms)
✔ an input spelled .. from a project below the Git toplevel covers the evidence directory (LOOP-126, LOOP-105) (86.888589ms)
✔ a Consequential record this commitment added needs its queue entry committed (LOOP-131, DEC-004) (570.102997ms)
✔ a mechanism that removes the check lock still gets its evidence, with no repair for the lock (LOOP-107) (228.611065ms)
✔ a staged rename reads as its two paths, never as a bare origin token (LOOP-030, LOOP-110) (109.947629ms)
✔ a Current: line inside a fenced example is neither a second Current: line nor the commitment, before or after the real line (LOOP-104) (202.135996ms)
✔ a Status: word is taken only from a line that carries one, never from wrapped prose after it (SPEC-018) (0.903176ms)
✔ the placeholder left above a resolving entry is a repair naming the file (DEC-021) (256.035939ms)
✔ the placeholder alone is a decision recorded and not yet built, unchanged (DEC-007) (99.805838ms)
✔ resolving entries with no placeholder are unchanged (DEC-006) (135.195072ms)
✔ a shallow clone that cannot resolve its entries is still told to fetch, not to edit (LOOP-113 keeps precedence) (212.5336ms)
✔ the placeholder quoted in a fenced example does not make a built record a repair (DEC-021) (190.388723ms)
✔ supersede takes the same decider vocabulary as decide (DEC-020) (140.855063ms)
✔ a superseded record is held to the same line: its placeholder above a resolving entry is a repair (DEC-021, DEC-010) (168.829235ms)
✔ realize() touches only the Realized by section; a body that quotes the placeholder keeps it (112.957425ms)
✔ an untracked file under a declared input is not a change under way; check still refuses beside it and names .gitignore (LOOP-110, LOOP-030) (210.266518ms)
✔ an unmatched input is refused before execution (LOOP-044) (202.314568ms)
✔ an indexed input deleted on disk asks for a commit (LOOP-045) (148.769236ms)
✔ wake and check require a Git working tree (LOOP-046) (136.933114ms)
✔ recovery removes only dead kernel run records and identifies a live owner (LOOP-054, LOOP-055) (379.095206ms)
✔ an agent action based behind a clean HEAD appears committed (LOOP-027) (239.455548ms)
✔ realization needs a real commit and a subject (DEC-006) (265.465363ms)
✔ 1500 binary inputs digest identically at the review commit in under a second (LOOP-024) (1484.68419ms)
✔ merged work is excluded but a later own commit is a breach (LOOP-047) (235.141914ms)
✔ exact Current tenure ignores prefix matches and earlier visits to the same slug (LOOP-035) (308.521161ms)
✔ a kernel run records its supervising PID (LOOP-054) (282.147891ms)
✔ a merged declared input still stales evidence (LOOP-047) (437.024645ms)
✔ wildcard and magic pathspecs select the same historical inputs (LOOP-024, LOOP-032) (2373.191182ms)
✔ historical selection retains deleted files and excludes new ones (LOOP-024, LOOP-035) (1205.826041ms)
✔ cairn --version prints the package.json version outside a repository, and help lists it (PKG-039) (145.466926ms)
✔ a release is one commit setting one version in the five files, with the changelog entry, tagged v<version> (PKG-040) (1061.49957ms)
✔ the release script refuses a bad version, no increase, a dirty tree, a missing entry, a taken tag, a disagreeing file, and a loop not at Done, each in one line with nothing written (PKG-040) (2136.496848ms)
✔ a version file written as compact JSON is released, and nothing else in any version file changes (PKG-042) (1256.330842ms)
✔ explicit reporting with no lines and exit 0 establishes no requirement verdicts (LOOP-061) (504.62621ms)
✔ explicit reporting with no lines and exit 1 establishes no requirement verdicts (LOOP-061) (456.789004ms)
✔ a reporter that cannot start keeps execution diagnostics without blaming requirements (LOOP-062) (285.871497ms)
✔ large output cannot kill a reporter or invent a requirement verdict (355.148939ms)
✔ explicit mode ignores cairn: R-999: pass (315.294756ms)
✔ explicit mode ignores cairn: R-001: unverified (331.110923ms)
✔ explicit mode ignores cairn: R-001: passed (334.152964ms)
✔ explicit results survive nonzero exit and contradictory duplicates still fail (616.089545ms)
✔ unverified results across changed inputs never become failed attempts (1501.320196ms)
✔ legacy exit 0 retains its interpretation (214.081806ms)
✔ legacy exit 1 retains its interpretation (212.014852ms)
✔ a misspelled reporting mode is refused before execution (110.582783ms)
✔ changed requirement blocks unchecked reruns and makes the completion review stale (LOOP-058, LOOP-059) (1779.756814ms)
✔ falsifier changes need review; separate rationale and other requirements do not change a receipt (1343.207774ms)
✔ legacy receipts recover requirement identity from their commit; unavailable history requires review (1041.071079ms)
✔ check refuses uncommitted requirement text and mechanism review markers (801.002237ms)
✔ tightened response limit cannot reuse the old passing check (1619.206584ms)
✔ a declared input over 1 MiB agrees at a commit and in the tree (LOOP-060) (484.638772ms)
✔ a failed Git blob read cannot be hashed as an empty blob (355.100499ms)
✔ Git listings over 1 MiB include the last declared input (2308.165238ms)
✔ requirement identity excludes fenced examples and status dates (457.503874ms)
✔ DemonCoder REM-002 and Status in progress cannot silently satisfy the review gate (LOOP-086) (920.337334ms)
✔ valid open findings retain their behavior (514.950243ms)
✔ valid resolved findings retain their behavior (525.620494ms)
✔ valid empty findings retain their behavior (477.822352ms)
✔ valid mixed valid findings retain their behavior (451.198477ms)
✔ malformed finding "open:" requires repair (439.479495ms)
✔ malformed finding "resolved:   " requires repair (443.017903ms)
✔ malformed finding "Open: incorrect case" requires repair (446.570154ms)
✔ malformed finding "unknown: issue" requires repair (380.217709ms)
✔ malformed finding "\u001b[31mBAD: issue" requires repair (329.403352ms)
✔ the established explicit empty findings list remains valid (364.010723ms)
✔ a scalar findings value requires the supported list format (388.261097ms)
✔ a Requirements: line written as a list is read like the flat form (LOOP-102) (157.578528ms)
✔ a subdirectory or a README in a record directory changes nothing (LOOP-103) (558.369643ms)
✔ two Current: lines are a roadmap repair (LOOP-104) (81.947143ms)
✔ a repeated identifier, an input under the evidence directory, and a missing cwd are refused by name (LOOP-105) (435.127846ms)
✔ a requirement whose evidence outlives its mechanism is named declare, not a regression or an escalation (LOOP-106) (1105.15597ms)
✔ an unreadable record is a repair, not an error exit (LOOP-107) (95.540658ms)
✔ a review needs commit, a nonempty examined list, and a findings list, each named when missing (LOOP-108) (1016.669724ms)
✔ a decision record missing a header field or naming a missing predecessor is a repair (LOOP-109) (362.223407ms)
✔ a dirty declared input with no in-progress record is named record ahead of run (LOOP-022, LOOP-110) (311.902036ms)
✔ with core.filemode false the index mode is the identity, so a mode-only difference does not refuse the check (LOOP-111) (241.818436ms)
✔ a project below the Git toplevel can run check (LOOP-112) (279.004101ms)
✔ a shallow clone names history to fetch, not a decision to build (LOOP-113) (196.993705ms)
✔ record-writing commands refuse to run outside a Cairn repository and write nothing (LOOP-118) (240.392574ms)
✔ a git that cannot start is one line and exit 3 from wake and from check, with nothing recorded (LOOP-137) (90.083393ms)
✔ empty footprint names declaration before scope and records no evidence (LOOP-081) (652.668905ms)
✔ first declaration still checks the full earlier history (LOOP-081) (388.336326ms)
✔ an empty current footprint does not block an explicitly requested existing mechanism (LOOP-081) (324.360171ms)
✔ an inherited mechanism provides a footprint even before local mechanisms exist (252.942273ms)
✔ scope reports every path, escapes line breaks, and gives identical remedies (LOOP-082) (218.671978ms)
✔ scope verdict reuses the answered-escalation annotation (LOOP-048, LOOP-051, LOOP-083) (626.896164ms)
✔ a committed scope acknowledgment lets restored history proceed (LOOP-083) (751.338016ms)
✔ scope acknowledgment must be committed before it can clear a breach (788.028674ms)
✔ ordinary ok does not acknowledge scope history (371.890363ms)
✔ scope escalation refuses unrestored paths and names the restoration remedy (269.365174ms)
✔ an invalid scope request still records an explicitly Blocking decision (160.639798ms)
✔ ask and explanation stay open; only the final committed ok acknowledges scope (759.467354ms)
✔ instead is visible but does not silently authorize a scope exception (602.960488ms)
✔ later changes to an acknowledged path still block, including later reverts (1124.934608ms)
✔ approval cannot hide another path changed after the snapshot (386.162923ms)
✔ acknowledged history remains conditional on the paths staying restored (545.101412ms)
✔ editing the scope snapshot after answer invalidates its acknowledgment (284.884763ms)
✔ malformed scope metadata cannot suppress a breach (1440.446189ms)
✔ damaged acknowledgment fields cannot suppress a breach (535.367854ms)
✔ scope path matching is literal, including wildcard filenames and control characters (511.024736ms)
✔ scope acknowledgment does not carry into another activation of the same slug (290.319639ms)
✔ restoration checks additions, deletions, executable modes, and symlink kinds (1429.310046ms)
✔ explicit committed retention keeps correct work and requires new evidence and review (LOOP-084, LOOP-085) (2183.165847ms)
✔ a missing declaration covers correct earlier work without retention or revert (557.007876ms)
✔ keep requires scope and an unchanged committed candidate (175.241657ms)
✔ uncommitted retention and instead answers cannot clear the incident (1263.847089ms)
✔ retention does not grant future edits, even when reverted to the approved tree (1509.804692ms)
✔ retention cannot cover another path or another activation (756.108868ms)
✔ imported changes must still match the retained tree (602.530268ms)
✔ retention handles additions, deletions, modes, symlinks, and literal filenames (1992.685483ms)
✔ retention cannot convert an existing restoration answer or accept an unknown mode (443.525615ms)
✔ a check failure after retention remains a failure (673.258971ms)
✔ retained paths stay part of the stable checked candidate without extending its footprint (549.242834ms)
✔ retention ask needs an explanation and final committed approval (528.815944ms)
✔ an unknown scope mode remains invalid even with a matching approval digest (274.676125ms)
✔ backlog writes the item; a second with the same title is refused, never overwritten (LOOP-016) (124.259023ms)
✔ a commit inside the footprint: check runs; outside it: check names the path and does not run (LOOP-015, LOOP-035) (592.741282ms)
✔ Cairn's records are never a breach; another file under docs/ is (LOOP-117) (651.764156ms)
✔ declaring the path as an input clears the breach (319.396677ms)
✔ a revert preserves the record of an out-of-scope commit (LOOP-047) (364.824358ms)
✔ a commitment naming a requirement the spec set does not hold as Agreed is repaired (LOOP-029) (89.617156ms)
✔ a requirement in a Draft spec file is not Agreed (70.376776ms)
✔ working agreements and the ignore file are Cairn records (LOOP-035, LOOP-036) (484.04075ms)
✔ the over-asking rule is gone from both skills (SPEC-005, SPEC-006, SPEC-007) (1.242314ms)
✔ a decision during the phase is recorded (DEC-003) (0.1514ms)
✔ understanding is restated before writing (SPEC-003) (0.113928ms)
✔ falsifiers are proposed as one set and confirmed by exception (SPEC-004) (0.134628ms)
✔ depth is inferred and domains derived, never asked or imposed (SPEC-008, SPEC-009) (0.107964ms)
✔ a term enters the glossary at first occurrence (SPEC-010) (0.076506ms)
✔ the phase ends at the first commitment, and later ones are specified during the loop (SPEC-011, SPEC-012) (0.079028ms)
✔ a requirement goes Agreed only with a nameable mechanism (SPEC-013) (0.082328ms)
✔ review before agreement, recording what it attacked (SPEC-014, SPEC-015) (0.077265ms)
✔ no spec file without requirements; nothing Agreed without a falsifier (SPEC-001, SPEC-002) (0.194606ms)
✔ Observed is marked, and is not contract (SPEC-016, SPEC-017) (0.128285ms)
✔ the skills exclude artifacts outside Cairn's workflow (0.153ms)
✔ the working agreement names the agent's move for each verdict and the write-ahead record (LOOP-036) (0.171253ms)
✔ the working agreement names the developer's moves (LOOP-036, DEC-014) (0.074164ms)
✔ this repository runs by the file it ships (0.330042ms)
✔ both skills write the working agreement without naming a vendor's file (LOOP-002, LOOP-036, PKG-006) (0.503737ms)
✔ the working agreement says what an attempt is (LOOP-036, DEC-017, DEC-018) (0.092046ms)
✔ the working agreement says a failure no footprint change can address is an escalation, and where an inherited requirement is repaired (DEC-019, LOOP-057) (0.058468ms)
✔ the working agreement states the promote, next-iteration, and no-deferral moves (LOOP-029, LOOP-087, LOOP-091, LOOP-092) (0.048099ms)
✔ both skills sort captures into the backlog or next-iteration and forbid deferral (LOOP-029, LOOP-092, LOOP-093) (0.038434ms)
✔ the skill requires a falsifier on every requirement, a MAY included (SPEC-025) (0.031627ms)
✔ the working agreement names the hooks as optional and the install skill registers them for two harnesses (PKG-006, PKG-018, PKG-019) (0.222385ms)
✔ the working agreement says the kernel is upgraded at Done, never inside a commitment (LOOP-096) (0.063901ms)
✔ the next-iteration skill starts from the specification and ends by naming the next commitment (SPEC-026, SPEC-027) (0.224417ms)
✔ every document that names the project skills names next-iteration beside them (SPEC-026, PKG-014) (2.741243ms)
✔ the working agreement states a move for every action the kernel can name (LOOP-101) (1.226092ms)
✔ the working agreement states both record formats and the two flags the moves need (LOOP-036) (0.187414ms)
✔ the skills demonstrate a safe violating example and preserve recon findings (SPEC-022, SPEC-023) (0.053364ms)
✔ the specification skills run the checker through the cairn command (PKG-029) (0.169253ms)
✔ the README invokes the phase skills by name and states versions and platforms (PKG-030, PKG-031) (0.194425ms)
✔ the manual and the walkthrough say the loop promotes backlog items at Done (0.436459ms)
✔ the working agreement says a report is not work under way, its findings are captured, and it is committed with them (LOOP-138) (0.043387ms)
✔ a two-obligation sentence is named (PKG-007) (38.954378ms)
✔ an obligation with no actor is named (PKG-010) (46.758534ms)
✔ a leading condition clause is not the actor, and the actor after it counts (41.181656ms)
✔ an Agreed requirement with no falsifier is named (SPEC-002); a Draft one is not (77.873907ms)
✔ prose after a Draft requirement with no falsifier is not scanned as requirement text (43.397491ms)
✔ a spec declaring a prefix with no requirement is named (SPEC-001) (48.824722ms)
✔ a keyword in backticks or quotes is a mention, not an obligation (35.015485ms)
✔ duplicate identifiers are rejected within a file and across files (SPEC-020) (81.133148ms)
✔ references resolve across files; missing references name their source (SPEC-021) (86.161427ms)
✔ code examples and quoted mentions are neither definitions nor references (40.887715ms)
✔ machine-local paths are findings in prose, links, quotes, and examples (SPEC-019) (405.172711ms)
✔ relative paths, URLs, slash commands, and character mentions are not absolute path findings (42.12387ms)
✔ a slash after a placeholder continues the template (SPEC-019) (68.02787ms)
✔ a host path is a finding until the file declares it (SPEC-019, SPEC-024) (90.297077ms)
✔ declared host paths cover children with a slash boundary and stay file-local (145.843653ms)
✔ a host-path declaration inside a requirement or example grants no exception (125.146292ms)
✔ host-path declarations require absolute or home-relative entries (229.633267ms)
✔ an Agreed block whose only keyword is MAY needs a falsifier like any other (SPEC-025, SPEC-002) (92.723409ms)
✔ a regex literal is not a path, a drive path and a file URL are, and a skill's slash name is allowed (SPEC-028, SPEC-029) (83.133993ms)
✔ a backticked or quoted actor still counts as one (PKG-010) (38.888852ms)
✔ supersede writes both lines, and the old record keeps every word it had (DEC-008, DEC-010) (84.456948ms)
✔ supersede without a cause, or with one outside the four, is refused (DEC-009) (138.766113ms)
✔ supersede of a record that does not exist is refused (66.650116ms)
✔ a predecessor with no title line cannot be stamped, so nothing is written (79.582617ms)
✔ a --supersedes argument outside the slug alphabet is refused, and a path never reaches the filesystem (DEC-022) (240.622956ms)
✔ a record already superseded cannot be superseded again: one Superseded by line per record (DEC-022, DEC-010) (217.453085ms)
✔ reversals reports counts by decider, cause, and domain (DEC-011) (194.116133ms)
✔ decide in a domain with a reversal is refused without --history, naming the reversal; with it, the record carries History (DEC-012) (200.766378ms)
✔ decide in a domain with no reversals needs no --history (117.8945ms)
✔ a record resting on prose alone is in the domain unspecified, and so is the next one (123.746956ms)
✔ the decider tally normalizes case and whitespace, and names a value outside the vocabulary (DEC-020, DEC-011) (74.948919ms)
✔ a record with no Decided by line is tallied as unrecorded, not as a vocabulary value (89.294218ms)
✔ Decided by written as a list tallies like the flat form, and does not crash the report (LOOP-124, DEC-020) (80.306605ms)
✔ a second declaration for one requirement is accepted, a named check runs every mechanism, and Done needs each to pass (LOOP-056, LOOP-099) (1958.232734ms)
✔ one mechanism's stale evidence names that mechanism, and --stale runs only it (LOOP-056, LOOP-094) (926.966702ms)
✔ attempts are counted within one mechanism's records, so the other's passes do not reset them (LOOP-100, DEC-016) (1721.85825ms)
✔ step 1: an in-progress record is reconciled before anything else (112.375941ms)
✔ step 2: an open escalation is presented and nothing else happens (88.137339ms)
✔ an answered escalation is not open (463.405108ms)
✔ step 3: a decision with no realized-by is built, first by name (DEC-007) (94.523641ms)
✔ a superseded decision with no realized-by is not work (116.743802ms)
✔ step 6: a mechanism that has never run is run, not implemented (LOOP-008) (110.097462ms)
✔ step 6: a requirement whose mechanism fails is implemented (510.911178ms)
✔ step 6 before step 7: failing evidence outranks a missing mechanism (364.144257ms)
✔ step 7: a requirement with no mechanism is declared (LOOP-106) (84.896607ms)
✔ every verdict names who acts: Resolvable is the agent's, Done needs nobody, Escalate waits for the developer (LOOP-004) (604.418406ms)
✔ malformed roadmap is Resolvable, not fatal (LOOP-005) (63.032361ms)
✔ a commitment naming no requirements is Resolvable (LOOP-018) (68.300169ms)
✔ the primary test: two wakes on the same checkout give the same action, before and after a persisted transition (LOOP-001, LOOP-003) (524.415359ms)
✔ outside a cairn repository wake cannot run (43.940165ms)
✔ the loop never waits on the review queue (DEC-015) (374.075028ms)
✔ twenty built records cost one git call to resolve, not twenty (DEC-023) (362.505855ms)
✔ an ambiguous Realized by identifier is the repair that says lengthen it, not a build (LOOP-113, DEC-023) (247.778496ms)
✔ the linked walkthrough runs from agreement through the next commitment (PKG-016) (1336.453409ms)
ℹ tests 490
ℹ suites 0
ℹ pass 489
ℹ fail 1
ℹ cancelled 0
ℹ skipped 0
ℹ todo 0
ℹ duration_ms 22184.114053

✖ failing tests:

test at tests/coverage.test.mjs:13:1
✖ every requirement the node-test declaration speaks for is named in a test title (PKG-025) (2.413378ms)
  AssertionError [ERR_ASSERTION]: declared but named by no test title: LOOP-139, PKG-043, PKG-044
  + actual - expected
  
  + [
  +   'LOOP-139',
  +   'PKG-043',
  +   'PKG-044'
  + ]
  - []
  
      at TestContext.<anonymous> (file:///home/shawn/workspace2/cairn-dev/tests/coverage.test.mjs:17:10)
      at Test.runInAsyncScope (node:async_hooks:214:14)
      at Test.run (node:internal/test_runner/test:1062:25)
      at Test.start (node:internal/test_runner/test:959:17)
      at startSubtestAfterBootstrap (node:internal/test_runner/harness:332:17) {
    generatedMessage: false,
    code: 'ERR_ASSERTION',
    actual: [ 'LOOP-139', 'PKG-043', 'PKG-044' ],
    expected: [],
    operator: 'deepStrictEqual'
  }
