✔ a Draft block overrides an Agreed file for both wake and check (SPEC-018) (206.519157ms)
✔ an Agreed block overrides a Draft file in the kernel and lint (SPEC-018, SPEC-002) (550.923647ms)
✔ a block Status does not become the file default, including inside examples (SPEC-018) (414.406368ms)
✔ block status without a value does not inherit Agreed by accident (SPEC-018) (88.271829ms)
✔ inheritance needs a file Scope and includes only Agreed blocks, regardless of prefix (PKG-015) (1612.601052ms)
✔ Scope inside a requirement or fenced example does not declare inheritance (PKG-015) (739.503616ms)
✔ a falsifier wrapped onto a line beginning with Status: does not become the block's status (SPEC-018) (1.157902ms)
✔ LOOP-063: reject input mutation during a check and retain diagnostics (400.560482ms)
✔ LOOP-063: reject deletion mutation during a check and retain diagnostics (368.9452ms)
✔ LOOP-063: reject addition mutation during a check and retain diagnostics (396.157723ms)
✔ LOOP-063: reject mode mutation during a check and retain diagnostics (392.04349ms)
✔ LOOP-063: reject specification mutation during a check and retain diagnostics (389.751665ms)
✔ LOOP-063: reject declaration mutation during a check and retain diagnostics (393.296386ms)
✔ LOOP-063: reject commit mutation during a check and retain diagnostics (359.623542ms)
✔ LOOP-063: committed input mutation during execution cannot certify the replacement (357.259293ms)
✔ LOOP-064: removing executable permission makes passing evidence stale (480.206576ms)
✔ LOOP-064: a mode-only change also invalidates the previous review after new evidence (725.352782ms)
✔ LOOP-064: changing a regular file into a link with identical identity bytes is stale (771.103908ms)
✔ LOOP-063: an unchanged candidate still records a pass despite unrelated working-tree edits (197.252295ms)
✔ LOOP-064: current and historical input ordering agrees for Unicode filenames (289.481574ms)
✔ LOOP-063: Git status hiding content changes cannot certify an uncommitted candidate (119.882121ms)
✔ LOOP-066: one check owns execution with a kernel action record (446.377334ms)
✔ LOOP-066: one check owns execution with an agent action record (405.27881ms)
✔ LOOP-066: a live lock is named and never silently overwritten (144.359312ms)
✔ LOOP-066: a dead lock is named and never silently overwritten (114.351648ms)
✔ LOOP-066: a incomplete lock is named and never silently overwritten (137.384301ms)
✔ LOOP-066: an execution error releases the check lock for a corrected rerun (454.671481ms)
✔ LOOP-066: a live kernel action from an older Cairn also blocks execution (96.586807ms)
✔ LOOP-066: separate Git worktrees can run checks independently (467.77037ms)
✔ after a green check --stale runs nothing; after one input changes it runs only that mechanism (LOOP-094) (994.724728ms)
✔ a mechanism speaking for two stale requirements runs once and refreshes both (LOOP-094, LOOP-040) (663.326338ms)
✔ a fresh failure and an unverified result are skipped with implement named (LOOP-094) (609.343033ms)
✔ --stale with a requirement identifier is refused (LOOP-094) (72.716828ms)
✔ check --stale holds back a mechanism whose requirement has three attempts and no escalation, names it, and records nothing (LOOP-094, DEC-016) (1737.376822ms)
✔ check refuses a dirty declared input and names it; a dirty undeclared file does not block (LOOP-030) (448.05136ms)
✔ check writes one receipt per run carrying the full record and a result line per requirement (LOOP-097) (291.88449ms)
✔ a nonzero exit records fail, and the receipt keeps the exit code (LOOP-034) (325.870295ms)
✔ a pass after a fail keeps the failing record; nothing is overwritten or deleted (LOOP-025) (598.822787ms)
✔ a commit changing a declared input makes evidence stale; an undeclared one does not (LOOP-007) (741.660092ms)
✔ a regression is named before a requirement that never passed (LOOP-031) (923.611816ms)
✔ three attempts with no escalation since: wake says escalate, not a fourth (DEC-016, DEC-017, DEC-018) (1996.697401ms)
✔ the review gate: no review, stale review, open finding, then Done (LOOP-020, LOOP-033) (912.291774ms)
✔ Done is refused while any requirement lacks current passing evidence (LOOP-017) (77.503367ms)
✔ check names a requested requirement that no mechanism claims (82.504104ms)
✔ check writes the in-progress record before the run and clears it after (LOOP-021) (176.366568ms)
✔ a linked declared input digests the same at a commit and in the tree (LOOP-023, LOOP-024) (360.406021ms)
✔ a result line is the mechanism's statement about one requirement; what it did not mention is unverified (LOOP-037, LOOP-052) (195.262252ms)
✔ a mechanism that says nothing is read by its exit code for every requirement (LOOP-039) (183.934699ms)
✔ unverified is not an attempt, and a return to an earlier failed digest counts once (DEC-017, DEC-018) (1555.571009ms)
✔ a result line for a requirement the mechanism does not speak for is named and writes nothing (LOOP-038) (179.261989ms)
✔ a result line inside ordinary output, or without the marker, does not count (176.315181ms)
✔ a targeted check runs the named requirements' mechanisms and records every requirement they speak for (LOOP-040) (178.459661ms)
✔ two result lines for one requirement: a fail on any line wins (180.716508ms)
✔ three runs at one digest with no attempt since: the verdict stays implement and names DEC-019; an escalation naming it among others clears the hint (DEC-019, LOOP-053) (840.389271ms)
✔ a receipt names its commit in full, and an older receipt with the short form is still read (LOOP-136) (247.661909ms)
✔ a complete commitment with an unpromoted backlog item names promote, and a stamped item lets it reach Done (LOOP-087) (869.493191ms)
✔ an empty backlog with waiting next-iteration items is Done, with the count as information and no action on them (LOOP-091) (744.900251ms)
✔ a promotion marker must resolve to a decision record (LOOP-088) (240.233921ms)
✔ a commitment promoted from an item needs a decision record naming the item (LOOP-088) (279.872684ms)
✔ the spec lint reports a promotion marker with no decision record (LOOP-088) (79.071317ms)
✔ a promoted commitment that changes an Agreed requirement or the working agreement is an escalation; an unpromoted one is not (LOOP-089, LOOP-090) (1489.052793ms)
✔ a capture from one of the commitment's own requirements needs Outside because: or an escalation (LOOP-092) (1460.4088ms)
✔ a next-iteration item names what it would change, and the capture refuses one that does not (LOOP-093) (383.719331ms)
✔ a commitment specified from a next-iteration item needs the item stamped before anything else (SPEC-027) (475.792309ms)
✔ a by deference marker resolves to a decision record like a promotion marker (SPEC-002, LOOP-088) (174.825642ms)
✔ the LOOP-090 gate reads the Concerns line, not the slug as a substring (LOOP-114) (500.787389ms)
✔ the LOOP-088 check reads the Promotes line, and decide --promotes writes it (LOOP-115) (223.343893ms)
✔ the activation commit of a promoted commitment is inside the LOOP-089 comparison (LOOP-116) (136.627271ms)
✔ the LOOP-090 route needs one escalation: its Concerns line covers the moved item too (LOOP-119, LOOP-092, LOOP-114) (564.39796ms)
✔ an escalation raised before the promoted commitment began does not silence the LOOP-090 gate (LOOP-114) (287.082689ms)
✔ an escalation raised before the commitment began does not silence the capture gate (LOOP-119) (293.963854ms)
✔ the activation commit is inside the scope footprint (LOOP-120) (112.273973ms)
✔ a requirement Agreed at activation that is demoted or removed is a contract change (LOOP-121) (545.607321ms)
✔ the include files are the root files that hold @AGENTS.md: exempt from the footprint, compared by the gate (LOOP-122) (1034.306654ms)
✔ a superseded promotion no longer satisfies the LOOP-088 check, and the repair says the promotion was reversed (LOOP-123) (419.184005ms)
✔ the restore route measures from the tree before activation, so a path the activation commit added must go (LOOP-120, LOOP-035) (146.639269ms)
✔ the loop works against exactly one commitment: the current one (LOOP-019) (355.789648ms)
✔ a promotion recorded below Consequential is a repair naming the level, since the developer never sees it in the queue (LOOP-088) (56.861735ms)
✖ every requirement the node-test declaration speaks for is named in a test title (PKG-025) (2.362966ms)
✔ every repository path the tests read is a declared input of node-test (PKG-026) (0.721774ms)
✔ writes a record with every required field and an empty realized-by (DEC-001, DEC-005) (82.468211ms)
✔ a Consequential decision is queued for review (DEC-013) (82.787438ms)
✔ a Consequential decision is queued even when .cairn/queue does not exist yet (81.659211ms)
✔ Routine is refused: routine decisions produce no record (81.498383ms)
✔ a missing field is a usage error and nothing is written (80.863898ms)
✔ supersedes requires a classified cause, and the old record must exist (156.109458ms)
✔ an existing record is not overwritten (135.444691ms)
✔ a queued decision stays queued; nothing but the developer removes it (DEC-014) (192.320474ms)
✔ each accepted decider is stored lowercase, whatever case it was typed in (DEC-020) (560.237972ms)
✔ a decider outside the vocabulary is a usage error naming all three, and nothing is written (DEC-020) (431.118761ms)
✔ an empty --decided-by is the missing-field error, not the vocabulary one (75.258724ms)
✔ LOOP-006, LOOP-067: missing inputs names a declaration repair before execution (125.810082ms)
✔ LOOP-006, LOOP-067: empty inputs names a declaration repair before execution (152.980247ms)
✔ LOOP-006, LOOP-067: missing command names a declaration repair before execution (136.132144ms)
✔ LOOP-006, LOOP-067: list command names a declaration repair before execution (145.852059ms)
✔ LOOP-006, LOOP-067: empty command names a declaration repair before execution (149.437642ms)
✔ LOOP-006, LOOP-067: missing requirements names a declaration repair before execution (149.797659ms)
✔ LOOP-006, LOOP-067: bad identifier names a declaration repair before execution (148.809492ms)
✔ LOOP-067: scalar one-item lists retain their existing meaning (300.687631ms)
✔ LOOP-068: a unpopulated gitlink is refused by name (169.598781ms)
✔ LOOP-068: a populated gitlink is refused by name (182.208626ms)
✔ LOOP-069: identical selections across 100 mechanisms use at most 20 Git processes (148.042572ms)
✔ escalate writes the six-line format followed by its facts, and wake presents it (LOOP-010, LOOP-026) (144.07019ms)
✔ a missing or multi-line field is refused with the field named, and nothing is written (LOOP-012) (118.927614ms)
✔ a Blocking escalation that fails the format is written anyway, naming the malformed field (LOOP-013) (121.986276ms)
✔ the loop stops for the developer only at Blocking: a recorded decision below it never yields Escalate, and the Blocking bypass must be spelled exactly (DEC-002) (273.756987ms)
✔ a second escalation while one is open is refused (LOOP-011) (127.625597ms)
✔ answer records the reply; wake no longer presents it; a second answer is refused (274.407245ms)
✔ answer to an unknown escalation is refused (77.701804ms)
✔ a stranger resumes from the file alone: question and answer are both in it (LOOP-014) (116.91095ms)
✔ a developer-shaped answer during the agent's turn is refused and writes nothing; the explanation is still accepted (LOOP-135) (602.931447ms)
✔ after an answer, the same concern can be escalated again under a new name (193.114923ms)
✔ an escalation exists when its file does, committed or not (LOOP-009) (70.764699ms)
✔ developer answers require one of the three forms and cannot inject fields (LOOP-048) (595.897395ms)
✔ ask, agent explanation, another ask, and ok stay ordered in one file (LOOP-049, LOOP-050, LOOP-014) (721.990001ms)
✔ fresh closed answers accompany only concerned requirements until new evidence (LOOP-051) (631.525012ms)
✔ a raised escalation carries no derivable status line, and an old record with one still parses (LOOP-028) (141.568354ms)
✔ LOOP-065: delete of output refuses Done and a new run recovers (1142.505935ms)
✔ LOOP-065: corrupt of output refuses Done and a new run recovers (1097.449989ms)
✔ LOOP-065: delete of stderr_output refuses Done and a new run recovers (1000.248819ms)
✔ LOOP-065: corrupt of stderr_output refuses Done and a new run recovers (838.719927ms)
✔ LOOP-065: a receipt without output needs a new check (448.994622ms)
✔ LOOP-065: a receipt without output_digest needs a new check (435.672642ms)
✔ LOOP-065: a receipt without stderr_output needs a new check (430.365122ms)
✔ LOOP-065: a receipt without stderr_digest needs a new check (380.167955ms)
✔ LOOP-065: legacy unverifiable output is rerun without rewriting history (677.680956ms)
✔ a fresh record names the kernel that wrote it (LOOP-023) (307.838182ms)
✔ LOOP-095: a record from another kernel is stale with the kernel named, and a new check restores Done (685.710438ms)
✔ LOOP-095: a record from no kernel is stale with the kernel named, and a new check restores Done (683.507596ms)
✔ LOOP-070: a later failure is latest even when the clock moves backward (892.524451ms)
✔ LOOP-070: receipt collisions at one clock instant retain execution order beyond nine suffixes (3199.721938ms)
✔ LOOP-070: imported branch receipts stale a later sequence until a new check incorporates them (1123.041744ms)
✔ LOOP-070, LOOP-098: legacy receipts need one ordered check, remain byte-for-byte unchanged, and precede the run receipt in the history (477.855833ms)
✔ LOOP-070: edit of a prior receipt requires fresh evidence (441.503626ms)
✔ LOOP-070: remove of a prior receipt requires fresh evidence (459.76321ms)
✔ LOOP-075: supporting evidence file README.md does not become a receipt (496.621373ms)
✔ LOOP-075: supporting evidence file notes.txt does not become a receipt (481.249883ms)
✔ LOOP-075: supporting evidence file support does not become a receipt (501.871386ms)
✔ LOOP-075: supporting evidence file .DS_Store does not become a receipt (500.558466ms)
✔ LOOP-075: a malformed result line (result=success) names a repair before execution (321.006713ms)
✔ LOOP-075: a malformed result line (sequence=NaN) names a repair before execution (335.642359ms)
✔ LOOP-075: a malformed result line (sequence=9007199254740992) names a repair before execution (338.219998ms)
✔ LOOP-075: a malformed result line (history_digest=wrong) names a repair before execution (330.224683ms)
✔ LOOP-075: a malformed result line (tokens) names a repair before execution (313.757444ms)
✔ LOOP-075: a receipt-shaped directory is a named repair instead of an EISDIR crash (249.084964ms)
✔ LOOP-070: an earlier escalation cannot cover three new attempts after clock rollback (899.690121ms)
✔ LOOP-070: an answer becomes old after a later check even if that check's timestamp is earlier (560.309181ms)
✔ LOOP-070: the newest answer wins between checks even when its clock timestamp is older (352.390707ms)
✔ LOOP-070: legacy escalation dates cover old receipts but not three newer sequenced runs (1204.942728ms)
✔ a PKG requirement the commitment does not name is declared, run, and gates Done (PKG-011) (1592.244546ms)
✔ a PKG requirement in a Draft spec is not folded in (484.975305ms)
✔ LOOP-076, LOOP-079: stale inputs identify the receipt and the check to run (646.634242ms)
✔ LOOP-077: names a content change using checked input identity (648.448404ms)
✔ LOOP-077: names a mode change using checked input identity (636.247792ms)
✔ LOOP-077: names a kind change using checked input identity (600.263536ms)
✔ LOOP-077: names a added change using checked input identity (543.046139ms)
✔ LOOP-077: names a removed change using checked input identity (476.782883ms)
✔ LOOP-077: names a link-target change using checked input identity (743.006194ms)
✔ LOOP-077: changed selection compares the old and new input sets (451.904969ms)
✔ LOOP-077: raw CRLF changes remain visible when Git-clean content agrees (454.507999ms)
✔ LOOP-077: detail output is sorted, bounded, and reports the omitted count (401.754071ms)
✔ LOOP-077: filenames cannot inject lines or terminal controls into explanations (367.276167ms)
✔ LOOP-077: receipts from one run share details and do not store source contents (286.165964ms)
✔ LOOP-078, LOOP-080: legacy optional detail limits explanation without changing standing (413.054403ms)
✔ LOOP-078, LOOP-080: invalid-field optional detail limits explanation without changing standing (474.561289ms)
✔ LOOP-078, LOOP-080: missing optional detail limits explanation without changing standing (475.620798ms)
✔ LOOP-078, LOOP-080: invalid-json optional detail limits explanation without changing standing (443.499932ms)
✔ LOOP-078, LOOP-080: mismatched optional detail limits explanation without changing standing (470.293184ms)
✔ LOOP-078, LOOP-080: duplicate optional detail limits explanation without changing standing (467.779909ms)
✔ LOOP-078, LOOP-080: unsafe-path optional detail limits explanation without changing standing (460.069103ms)
✔ LOOP-078, LOOP-080: directory optional detail limits explanation without changing standing (456.33992ms)
✔ LOOP-078, LOOP-080: symlink optional detail limits explanation without changing standing (446.203865ms)
✔ LOOP-078: unavailable old requirement text is not claimed as a proven change (355.277145ms)
✔ LOOP-076, LOOP-079: changed requirements identify evidence and retain review-before-check guidance (370.064457ms)
✔ LOOP-078: simultaneous input and output damage keep both reasons (331.416055ms)
✔ LOOP-080: deterministic freshness sequence seed=7 (8131.419453ms)
✔ LOOP-080: deterministic freshness sequence seed=42 (5441.223354ms)
✔ LOOP-080: deterministic freshness sequence seed=913 (4470.907068ms)
✔ LOOP-080: agreement changes, mechanism review, checks, and completion review retain priority (1181.514783ms)
✔ LOOP-080: imported receipt history demands a rerun without a false input explanation (1233.777481ms)
✔ LOOP-073: clean CRLF input completes under attributes (490.115441ms)
✔ LOOP-073: clean CRLF input completes under autocrlf (481.268783ms)
✔ LOOP-073: raw line-ending mutation during a run is rejected even when Git still sees the same content (263.262436ms)
✔ LOOP-073: execution evidence changes when clean conversion preserves committed identity (960.893287ms)
✔ LOOP-073: Git clean filters use Git's conversion while retaining raw evidence identity (467.476772ms)
✔ LOOP-073: failure of a required Git filter cannot record evidence (125.032801ms)
✔ LOOP-073: a clean filter moving HEAD during ending validation prevents evidence (472.829924ms)
✔ LOOP-073: canonical Git identities handle links without reading their targets (395.013317ms)
✔ LOOP-073: Git conversion keeps raw Unicode and control-character input paths (375.611391ms)
✔ LOOP-073: conversion and links work in a SHA-256 Git repository (364.913249ms)
✔ LOOP-074: historical specification filename "café.md" remains reviewable (361.319733ms)
✔ LOOP-074: historical specification filename "spec\ttab.md" remains reviewable (346.210017ms)
✔ LOOP-074: historical specification filename "spec\nline.md" remains reviewable (340.674878ms)
✔ help works outside a repository without running a command (PKG-017) (949.977834ms)
✔ help does not hide invalid options or consume literal arguments (191.309447ms)
✔ help lists the lint command (PKG-017) (51.052079ms)
✔ a working directory that no longer exists is named as the failure, and git is not blamed (PKG-041, PKG-022) (171.477867ms)
✔ the stop hook refuses a stop while wake says Resolvable, with the verdict as the reason (PKG-018) (189.231181ms)
✔ the stop hook allows a stop at Done, at Escalate, and outside a Cairn repository (PKG-018) (955.719027ms)
✔ the session-start hook links the command once and prints the verdict in a Cairn repository (PKG-019, PKG-014, PKG-005) (437.161909ms)
✔ the session-start hook prints no verdict outside a Cairn repository and leaves an existing link that resolves alone (PKG-019) (62.973591ms)
✔ a checkout under a path with a space links a command that resolves, and its stop hook still blocks (PKG-019, PKG-021) (356.356476ms)
✔ the hooks run the kernel the command link resolves to, so hook and agent share one referee (PKG-021) (942.59788ms)
✔ a dangling link is replaced and reported (PKG-019) (145.345487ms)
✔ errors exit 0 with one line on standard error and no stack trace (PKG-022) (182.702752ms)
✔ the hooks judge with the cairn on PATH, a wrapper included, and session-start names it (PKG-033) (876.286983ms)
✔ a link to a wrapper or file is kept; a dangling link or one to a directory is replaced (PKG-034) (374.425639ms)
✔ a project below the Git toplevel gets the verdict and the stop refusal (PKG-035) (250.534587ms)
✔ a kernel that prints no verdict is one stderr line: the stop is allowed and session-start prints no trace (PKG-036) (152.220377ms)
✔ a link that cannot be created is one stderr line, and the verdict still prints (PKG-019, PKG-022) (116.672518ms)
✔ with git absent the hooks say so in one line and block nothing (PKG-022) (80.801631ms)
✔ stop_hook_active true no longer lets a Resolvable stop through: the hook still refuses (PKG-018) (136.546035ms)
✔ receipts written by the project's own kernel are judged with it, not with a different cairn on PATH (PKG-033, PKG-021) (356.959423ms)
✔ the fourth stop on an unchanged verdict, commit and tree goes through with a message and a stop record; each refusal names cairn escalate (PKG-043, PKG-044) (434.854429ms)
✔ progress resets the count, a commit or an edited file alike, and each session counts on its own (PKG-043) (1207.867764ms)
✔ cairn lint runs the checker over docs/spec by default and over a named directory (PKG-028) (198.67269ms)
✔ cairn lint names a missing directory in one line, takes one argument, and reports a bad root (PKG-028) (210.123942ms)
✔ three megabytes are retained exactly once with matching digests (LOOP-041, LOOP-042) (372.331296ms)
✔ split stdout result lines survive a long non-result line; stderr is never a verdict (336.129907ms)
✔ signal termination is recorded and logs survive a clone (LOOP-043) (376.066367ms)
✔ working agreements and ignore changes are Cairn records inside the footprint (353.209078ms)
✔ a clean package passes (76.929148ms)
✔ PKG-001: a dependency, or a service manifest (160.80448ms)
✔ PKG-002: ignoring evidence or other durable state, by directory or by extension (137.667244ms)
✔ PKG-003: a command, a directory, or a record kind no decision names (239.952298ms)
✔ PKG-004: a kernel over 1900 lines, counting every file under bin/ as wc -l does; exactly 1900 passes (306.112364ms)
✔ PKG-006: a skill step naming a vendor's product, in either order, across a wrapped list item (PKG-027) (341.264121ms)
✔ PKG-008: a non-ASCII character in a tracked text file (71.193878ms)
✔ PKG-009: the kernel importing from tests (72.923219ms)
✔ PKG-012: a network call or a model vendor in the kernel (158.161929ms)
✔ PKG-013: deferral language, but not in code, quotes, or a rule (559.272246ms)
✔ a tracked path deleted from the working tree is skipped, not a crash (84.250401ms)
✔ a sentence in a Formats section is not a record kind (63.252549ms)
✔ a record kind named by its path alone is checked (74.695213ms)
✔ PKG-002: a tracked in-progress record (71.780213ms)
✔ PKG-002: ignoring evidence alone is a finding (71.014345ms)
✔ PKG-003 reads the kernel's commands from its help output (PKG-023) (106.797819ms)
✔ the ASCII scan covers shipped files, not records under .cairn/ (PKG-024) (83.095343ms)
✔ a vendor-naming step wrapped across lines is matched (PKG-006, PKG-027) (79.044538ms)
✔ PKG-013 scans the README, the manual, and the walkthrough (PKG-032) (231.496068ms)
✔ the manifests, the listing and package.json agree on the name and version, and name paths the repository holds (PKG-037) (5.011131ms)
✔ the hooks file registers session-start and stop against the plugin's own hook.mjs through the plugin root variable (PKG-038) (0.248647ms)
✔ a Muse hook entry whose shared hook is missing prints one line and exits 0 (PKG-041, PKG-022) (85.976147ms)
✔ the registered commands print the verdict at session start, link the command into the plugin, and refuse a stop while wake says Resolvable (PKG-038, PKG-021) (338.4579ms)
✔ LOOP-071: decision body metadata does not resolve unbuilt work: "Superseded by: example" (611.247495ms)
✔ LOOP-071: decision body metadata does not resolve unbuilt work: "```text\nSuperseded by: example\n```" (599.121075ms)
✔ LOOP-071: decision body metadata does not resolve unbuilt work: "~~~text\nSuperseded by: example\n~~~" (592.352847ms)
✔ LOOP-071: a fenced realization example is not a resolving commit (571.572561ms)
✔ LOOP-071: a fenced commit inside the realization section is not built (545.035009ms)
✔ LOOP-071: ## Example cannot replace an open review finding (513.15582ms)
✔ LOOP-071: # Example cannot replace an open review finding (493.854521ms)
✔ LOOP-071: ### Example cannot replace an open review finding (465.801103ms)
✔ LOOP-071:   ## Example cannot replace an open review finding (457.997966ms)
✔ LOOP-071: Example paragraph. cannot replace an open review finding (440.052757ms)
✔ LOOP-071: Example
------- cannot replace an open review finding (405.157119ms)
✔ LOOP-071: fenced fields before a real review header are ignored (375.860326ms)
✔ LOOP-071: multiline decision --title cannot inject metadata (312.853852ms)
✔ LOOP-071: multiline decision --decided-by cannot inject metadata (313.49946ms)
✔ LOOP-071: multiline decision --rests-on cannot inject metadata (314.7687ms)
✔ LOOP-071: multiline decision --wrong-if cannot inject metadata (334.978805ms)
✔ LOOP-071: multiline decision --history cannot inject metadata (325.41965ms)
✔ LOOP-072: malformed Blocking concerns stay open: "R-001\nAnswer: ok" (88.548309ms)
✔ LOOP-072: malformed Blocking concerns stay open: "R-001\r\nAnswer: ok" (91.414043ms)
✔ LOOP-072: malformed Blocking concerns stay open: "R-001\rAnswer: ok" (82.776448ms)
✔ LOOP-072: malformed Blocking concerns stay open: "R-001 Answer: ok" (93.882764ms)
✔ LOOP-072: malformed Blocking concerns stay open: "R-001 Answer: ok" (101.588794ms)
✔ LOOP-072: ordinary malformed concerns are refused: "R-001\nR-002" (53.480225ms)
✔ LOOP-072: ordinary malformed concerns are refused: "R-001, prose" (39.632963ms)
✔ LOOP-072: ordinary malformed concerns are refused: " " (55.359597ms)
✔ LOOP-072: a Blocking escalation without concerns is still presented (76.122334ms)
✔ LOOP-072: carriage returns in a Blocking question do not create answer records (66.587574ms)
✔ LOOP-072: explanation separator 8232 cannot close an escalation (138.351995ms)
✔ LOOP-071: decision metadata refuses separator 8232 (307.413431ms)
✔ LOOP-072: explanation separator 8233 cannot close an escalation (156.650226ms)
✔ LOOP-071: decision metadata refuses separator 8233 (324.260527ms)
✔ Concerns, Rests on, and Promoted from written as lists read as the flat form (LOOP-124) (614.539329ms)
✔ an item named by filename, path, or backticked slug resolves like the slug (LOOP-125) (539.425376ms)
✔ an input that covers Cairn's own output is named as the repair, before and after a check (LOOP-126, LOOP-105) (596.940755ms)
✔ an unreadable record directory is a repair, not an error exit (LOOP-127) (74.370119ms)
✔ a title that slugifies to nothing is refused (LOOP-128) (135.728568ms)
✔ examined: [] is an empty list (LOOP-129, LOOP-108) (394.780101ms)
✔ below the Git toplevel the restore check compares root-relative paths (LOOP-130, LOOP-035) (335.039922ms)
✔ below the Git toplevel an uncommitted declared input is named from the project root (LOOP-132, LOOP-030) (205.536446ms)
✔ a value on the key line followed by list items is the first item, never dropped (LOOP-133) (534.117036ms)
✔ the footprint's walk reads Current: as the wake does: a fenced example below the real line, or a second line in history, never moves the start (LOOP-134, LOOP-035) (281.501255ms)
✔ an input spelled .. from a project below the Git toplevel covers the evidence directory (LOOP-126, LOOP-105) (81.68482ms)
✔ a Consequential record this commitment added needs its queue entry committed (LOOP-131, DEC-004) (449.781054ms)
✔ a mechanism that removes the check lock still gets its evidence, with no repair for the lock (LOOP-107) (208.402978ms)
✔ a staged rename reads as its two paths, never as a bare origin token (LOOP-030, LOOP-110) (108.94028ms)
✔ a Current: line inside a fenced example is neither a second Current: line nor the commitment, before or after the real line (LOOP-104) (175.850159ms)
✔ a Status: word is taken only from a line that carries one, never from wrapped prose after it (SPEC-018) (0.840532ms)
✔ the placeholder left above a resolving entry is a repair naming the file (DEC-021) (212.609131ms)
✔ the placeholder alone is a decision recorded and not yet built, unchanged (DEC-007) (66.357399ms)
✔ resolving entries with no placeholder are unchanged (DEC-006) (103.455075ms)
✔ a shallow clone that cannot resolve its entries is still told to fetch, not to edit (LOOP-113 keeps precedence) (109.871383ms)
✔ the placeholder quoted in a fenced example does not make a built record a repair (DEC-021) (114.220915ms)
✔ supersede takes the same decider vocabulary as decide (DEC-020) (91.540397ms)
✔ a superseded record is held to the same line: its placeholder above a resolving entry is a repair (DEC-021, DEC-010) (159.079831ms)
✔ realize() touches only the Realized by section; a body that quotes the placeholder keeps it (94.755351ms)
✔ an untracked file under a declared input is not a change under way; check still refuses beside it and names .gitignore (LOOP-110, LOOP-030) (204.683808ms)
✔ an unmatched input is refused before execution (LOOP-044) (179.124015ms)
✔ an indexed input deleted on disk asks for a commit (LOOP-045) (158.663882ms)
✔ wake and check require a Git working tree (LOOP-046) (133.480646ms)
✔ recovery removes only dead kernel run records and identifies a live owner (LOOP-054, LOOP-055) (299.646213ms)
✔ an agent action based behind a clean HEAD appears committed (LOOP-027) (205.068916ms)
✔ realization needs a real commit and a subject (DEC-006) (264.391687ms)
✔ 1500 binary inputs digest identically at the review commit in under a second (LOOP-024) (1390.360399ms)
✔ merged work is excluded but a later own commit is a breach (LOOP-047) (251.02186ms)
✔ exact Current tenure ignores prefix matches and earlier visits to the same slug (LOOP-035) (255.187562ms)
✔ a kernel run records its supervising PID (LOOP-054) (245.937926ms)
✔ a merged declared input still stales evidence (LOOP-047) (364.316442ms)
✔ wildcard and magic pathspecs select the same historical inputs (LOOP-024, LOOP-032) (1961.829389ms)
✔ historical selection retains deleted files and excludes new ones (LOOP-024, LOOP-035) (1169.462587ms)
✔ cairn --version prints the package.json version outside a repository, and help lists it (PKG-039) (149.384017ms)
✔ a release is one commit setting one version in the five files, with the changelog entry, tagged v<version> (PKG-040) (960.475409ms)
✔ the release script refuses a bad version, no increase, a dirty tree, a missing entry, a taken tag, a disagreeing file, and a loop not at Done, each in one line with nothing written (PKG-040) (1999.023168ms)
✔ a version file written as compact JSON is released, and nothing else in any version file changes (PKG-042) (1038.944863ms)
✔ explicit reporting with no lines and exit 0 establishes no requirement verdicts (LOOP-061) (428.999367ms)
✔ explicit reporting with no lines and exit 1 establishes no requirement verdicts (LOOP-061) (411.090101ms)
✔ a reporter that cannot start keeps execution diagnostics without blaming requirements (LOOP-062) (259.241182ms)
✔ large output cannot kill a reporter or invent a requirement verdict (326.505955ms)
✔ explicit mode ignores cairn: R-999: pass (305.629778ms)
✔ explicit mode ignores cairn: R-001: unverified (309.767454ms)
✔ explicit mode ignores cairn: R-001: passed (284.950272ms)
✔ explicit results survive nonzero exit and contradictory duplicates still fail (517.076348ms)
✔ unverified results across changed inputs never become failed attempts (1309.063304ms)
✔ legacy exit 0 retains its interpretation (214.329081ms)
✔ legacy exit 1 retains its interpretation (207.189786ms)
✔ a misspelled reporting mode is refused before execution (110.239652ms)
✔ changed requirement blocks unchecked reruns and makes the completion review stale (LOOP-058, LOOP-059) (1679.782736ms)
✔ falsifier changes need review; separate rationale and other requirements do not change a receipt (1164.422498ms)
✔ legacy receipts recover requirement identity from their commit; unavailable history requires review (828.916909ms)
✔ check refuses uncommitted requirement text and mechanism review markers (719.807104ms)
✔ tightened response limit cannot reuse the old passing check (1254.400165ms)
✔ a declared input over 1 MiB agrees at a commit and in the tree (LOOP-060) (407.991754ms)
✔ a failed Git blob read cannot be hashed as an empty blob (329.589543ms)
✔ Git listings over 1 MiB include the last declared input (2035.984043ms)
✔ requirement identity excludes fenced examples and status dates (469.854351ms)
✔ DemonCoder REM-002 and Status in progress cannot silently satisfy the review gate (LOOP-086) (760.060296ms)
✔ valid open findings retain their behavior (489.547799ms)
✔ valid resolved findings retain their behavior (454.021342ms)
✔ valid empty findings retain their behavior (473.036759ms)
✔ valid mixed valid findings retain their behavior (426.210921ms)
✔ malformed finding "open:" requires repair (395.949513ms)
✔ malformed finding "resolved:   " requires repair (342.945684ms)
✔ malformed finding "Open: incorrect case" requires repair (352.676547ms)
✔ malformed finding "unknown: issue" requires repair (340.850319ms)
✔ malformed finding "\u001b[31mBAD: issue" requires repair (323.736808ms)
✔ the established explicit empty findings list remains valid (363.82808ms)
✔ a scalar findings value requires the supported list format (343.285257ms)
✔ a Requirements: line written as a list is read like the flat form (LOOP-102) (136.402248ms)
✔ a subdirectory or a README in a record directory changes nothing (LOOP-103) (499.473601ms)
✔ two Current: lines are a roadmap repair (LOOP-104) (83.815893ms)
✔ a repeated identifier, an input under the evidence directory, and a missing cwd are refused by name (LOOP-105) (433.374716ms)
✔ a requirement whose evidence outlives its mechanism is named declare, not a regression or an escalation (LOOP-106) (996.516428ms)
✔ an unreadable record is a repair, not an error exit (LOOP-107) (67.781982ms)
✔ a review needs commit, a nonempty examined list, and a findings list, each named when missing (LOOP-108) (922.776182ms)
✔ a decision record missing a header field or naming a missing predecessor is a repair (LOOP-109) (287.529435ms)
✔ a dirty declared input with no in-progress record is named record ahead of run (LOOP-022, LOOP-110) (226.930955ms)
✔ with core.filemode false the index mode is the identity, so a mode-only difference does not refuse the check (LOOP-111) (230.50418ms)
✔ a project below the Git toplevel can run check (LOOP-112) (253.438917ms)
✔ a shallow clone names history to fetch, not a decision to build (LOOP-113) (149.443052ms)
✔ record-writing commands refuse to run outside a Cairn repository and write nothing (LOOP-118) (227.005334ms)
✔ a git that cannot start is one line and exit 3 from wake and from check, with nothing recorded (LOOP-137) (89.878052ms)
✔ an unexplained or uncommitted stop record is named explain before any other action; explained and committed, the wake moves on (LOOP-139) (266.608302ms)
✔ empty footprint names declaration before scope and records no evidence (LOOP-081) (542.704769ms)
✔ first declaration still checks the full earlier history (LOOP-081) (349.750648ms)
✔ an empty current footprint does not block an explicitly requested existing mechanism (LOOP-081) (316.471884ms)
✔ an inherited mechanism provides a footprint even before local mechanisms exist (224.365713ms)
✔ scope reports every path, escapes line breaks, and gives identical remedies (LOOP-082) (229.020429ms)
✔ scope verdict reuses the answered-escalation annotation (LOOP-048, LOOP-051, LOOP-083) (577.099057ms)
✔ a committed scope acknowledgment lets restored history proceed (LOOP-083) (795.906947ms)
✔ scope acknowledgment must be committed before it can clear a breach (620.97786ms)
✔ ordinary ok does not acknowledge scope history (309.019466ms)
✔ scope escalation refuses unrestored paths and names the restoration remedy (258.203166ms)
✔ an invalid scope request still records an explicitly Blocking decision (144.69883ms)
✔ ask and explanation stay open; only the final committed ok acknowledges scope (718.666676ms)
✔ instead is visible but does not silently authorize a scope exception (373.971028ms)
✔ later changes to an acknowledged path still block, including later reverts (1035.642194ms)
✔ approval cannot hide another path changed after the snapshot (348.965328ms)
✔ acknowledged history remains conditional on the paths staying restored (549.723238ms)
✔ editing the scope snapshot after answer invalidates its acknowledgment (266.20776ms)
✔ malformed scope metadata cannot suppress a breach (1389.67347ms)
✔ damaged acknowledgment fields cannot suppress a breach (566.091608ms)
✔ scope path matching is literal, including wildcard filenames and control characters (497.339517ms)
✔ scope acknowledgment does not carry into another activation of the same slug (294.545784ms)
✔ restoration checks additions, deletions, executable modes, and symlink kinds (1407.937519ms)
✔ explicit committed retention keeps correct work and requires new evidence and review (LOOP-084, LOOP-085) (2038.839918ms)
✔ a missing declaration covers correct earlier work without retention or revert (534.169884ms)
✔ keep requires scope and an unchanged committed candidate (175.106587ms)
✔ uncommitted retention and instead answers cannot clear the incident (1059.342054ms)
✔ retention does not grant future edits, even when reverted to the approved tree (1322.817478ms)
✔ retention cannot cover another path or another activation (556.394716ms)
✔ imported changes must still match the retained tree (540.790951ms)
✔ retention handles additions, deletions, modes, symlinks, and literal filenames (1893.61307ms)
✔ retention cannot convert an existing restoration answer or accept an unknown mode (421.909631ms)
✔ a check failure after retention remains a failure (667.107165ms)
✔ retained paths stay part of the stable checked candidate without extending its footprint (586.745216ms)
✔ retention ask needs an explanation and final committed approval (550.47197ms)
✔ an unknown scope mode remains invalid even with a matching approval digest (291.065715ms)
✔ backlog writes the item; a second with the same title is refused, never overwritten (LOOP-016) (124.028742ms)
✔ a commit inside the footprint: check runs; outside it: check names the path and does not run (LOOP-015, LOOP-035) (561.872403ms)
✔ Cairn's records are never a breach; another file under docs/ is (LOOP-117) (585.783114ms)
✔ declaring the path as an input clears the breach (305.804505ms)
✔ a revert preserves the record of an out-of-scope commit (LOOP-047) (277.669335ms)
✔ a commitment naming a requirement the spec set does not hold as Agreed is repaired (LOOP-029) (79.825692ms)
✔ a requirement in a Draft spec file is not Agreed (97.166803ms)
✔ working agreements and the ignore file are Cairn records (LOOP-035, LOOP-036) (436.610156ms)
✔ the over-asking rule is gone from both skills (SPEC-005, SPEC-006, SPEC-007) (1.54137ms)
✔ a decision during the phase is recorded (DEC-003) (0.146751ms)
✔ understanding is restated before writing (SPEC-003) (0.122676ms)
✔ falsifiers are proposed as one set and confirmed by exception (SPEC-004) (0.383359ms)
✔ depth is inferred and domains derived, never asked or imposed (SPEC-008, SPEC-009) (0.152663ms)
✔ a term enters the glossary at first occurrence (SPEC-010) (0.101849ms)
✔ the phase ends at the first commitment, and later ones are specified during the loop (SPEC-011, SPEC-012) (0.119834ms)
✔ a requirement goes Agreed only with a nameable mechanism (SPEC-013) (0.138338ms)
✔ review before agreement, recording what it attacked (SPEC-014, SPEC-015) (0.145203ms)
✔ no spec file without requirements; nothing Agreed without a falsifier (SPEC-001, SPEC-002) (0.193782ms)
✔ Observed is marked, and is not contract (SPEC-016, SPEC-017) (0.162445ms)
✔ the skills exclude artifacts outside Cairn's workflow (0.163209ms)
✔ the working agreement names the agent's move for each verdict and the write-ahead record (LOOP-036) (0.2397ms)
✔ the working agreement names the developer's moves (LOOP-036, DEC-014) (0.087638ms)
✔ this repository runs by the file it ships (0.39239ms)
✔ both skills write the working agreement without naming a vendor's file (LOOP-002, LOOP-036, PKG-006) (0.131814ms)
✔ the working agreement says what an attempt is (LOOP-036, DEC-017, DEC-018) (0.102844ms)
✔ the working agreement says a failure no footprint change can address is an escalation, and where an inherited requirement is repaired (DEC-019, LOOP-057) (0.111574ms)
✔ the working agreement states the promote, next-iteration, and no-deferral moves (LOOP-029, LOOP-087, LOOP-091, LOOP-092) (0.096023ms)
✔ both skills sort captures into the backlog or next-iteration and forbid deferral (LOOP-029, LOOP-092, LOOP-093) (0.077365ms)
✔ the skill requires a falsifier on every requirement, a MAY included (SPEC-025) (0.074662ms)
✔ the working agreement names the hooks as optional and the install skill registers them for two harnesses (PKG-006, PKG-018, PKG-019) (0.239002ms)
✔ the working agreement says the kernel is upgraded at Done, never inside a commitment (LOOP-096) (0.072582ms)
✔ the next-iteration skill starts from the specification and ends by naming the next commitment (SPEC-026, SPEC-027) (0.392678ms)
✔ every document that names the project skills names next-iteration beside them (SPEC-026, PKG-014) (3.188935ms)
✔ the working agreement states a move for every action the kernel can name (LOOP-101) (5.185713ms)
✔ the working agreement states both record formats and the two flags the moves need (LOOP-036) (0.179991ms)
✔ the skills demonstrate a safe violating example and preserve recon findings (SPEC-022, SPEC-023) (0.085508ms)
✔ the specification skills run the checker through the cairn command (PKG-029) (0.69442ms)
✔ the README invokes the phase skills by name and states versions and platforms (PKG-030, PKG-031) (0.327024ms)
✔ the manual and the walkthrough say the loop promotes backlog items at Done (0.779381ms)
✔ the working agreement says a report is not work under way, its findings are captured, and it is committed with them (LOOP-138) (0.086469ms)
✔ a two-obligation sentence is named (PKG-007) (42.411054ms)
✔ an obligation with no actor is named (PKG-010) (34.360819ms)
✔ a leading condition clause is not the actor, and the actor after it counts (43.706491ms)
✔ an Agreed requirement with no falsifier is named (SPEC-002); a Draft one is not (75.390074ms)
✔ prose after a Draft requirement with no falsifier is not scanned as requirement text (38.943453ms)
✔ a spec declaring a prefix with no requirement is named (SPEC-001) (58.770292ms)
✔ a keyword in backticks or quotes is a mention, not an obligation (45.710383ms)
✔ duplicate identifiers are rejected within a file and across files (SPEC-020) (90.771605ms)
✔ references resolve across files; missing references name their source (SPEC-021) (77.731439ms)
✔ code examples and quoted mentions are neither definitions nor references (38.064734ms)
✔ machine-local paths are findings in prose, links, quotes, and examples (SPEC-019) (416.707857ms)
✔ relative paths, URLs, slash commands, and character mentions are not absolute path findings (40.487237ms)
✔ a slash after a placeholder continues the template (SPEC-019) (70.521625ms)
✔ a host path is a finding until the file declares it (SPEC-019, SPEC-024) (77.543543ms)
✔ declared host paths cover children with a slash boundary and stay file-local (129.966984ms)
✔ a host-path declaration inside a requirement or example grants no exception (128.7399ms)
✔ host-path declarations require absolute or home-relative entries (218.564755ms)
✔ an Agreed block whose only keyword is MAY needs a falsifier like any other (SPEC-025, SPEC-002) (73.824092ms)
✔ a regex literal is not a path, a drive path and a file URL are, and a skill's slash name is allowed (SPEC-028, SPEC-029) (80.31806ms)
✔ a backticked or quoted actor still counts as one (PKG-010) (37.133231ms)
✔ supersede writes both lines, and the old record keeps every word it had (DEC-008, DEC-010) (85.254512ms)
✔ supersede without a cause, or with one outside the four, is refused (DEC-009) (118.083783ms)
✔ supersede of a record that does not exist is refused (68.844571ms)
✔ a predecessor with no title line cannot be stamped, so nothing is written (77.157896ms)
✔ a --supersedes argument outside the slug alphabet is refused, and a path never reaches the filesystem (DEC-022) (230.137401ms)
✔ a record already superseded cannot be superseded again: one Superseded by line per record (DEC-022, DEC-010) (201.327648ms)
✔ reversals reports counts by decider, cause, and domain (DEC-011) (193.667453ms)
✔ decide in a domain with a reversal is refused without --history, naming the reversal; with it, the record carries History (DEC-012) (183.940083ms)
✔ decide in a domain with no reversals needs no --history (119.569771ms)
✔ a record resting on prose alone is in the domain unspecified, and so is the next one (116.552014ms)
✔ the decider tally normalizes case and whitespace, and names a value outside the vocabulary (DEC-020, DEC-011) (73.848638ms)
✔ a record with no Decided by line is tallied as unrecorded, not as a vocabulary value (62.419648ms)
✔ Decided by written as a list tallies like the flat form, and does not crash the report (LOOP-124, DEC-020) (70.175467ms)
✔ a second declaration for one requirement is accepted, a named check runs every mechanism, and Done needs each to pass (LOOP-056, LOOP-099) (1821.68604ms)
✔ one mechanism's stale evidence names that mechanism, and --stale runs only it (LOOP-056, LOOP-094) (706.917539ms)
✔ attempts are counted within one mechanism's records, so the other's passes do not reset them (LOOP-100, DEC-016) (1335.320503ms)
✔ step 1: an in-progress record is reconciled before anything else (96.909558ms)
✔ step 2: an open escalation is presented and nothing else happens (90.008182ms)
✔ an answered escalation is not open (450.970434ms)
✔ step 3: a decision with no realized-by is built, first by name (DEC-007) (83.057858ms)
✔ a superseded decision with no realized-by is not work (118.41926ms)
✔ step 6: a mechanism that has never run is run, not implemented (LOOP-008) (127.817827ms)
✔ step 6: a requirement whose mechanism fails is implemented (442.884663ms)
✔ step 6 before step 7: failing evidence outranks a missing mechanism (314.470675ms)
✔ step 7: a requirement with no mechanism is declared (LOOP-106) (73.086486ms)
✔ every verdict names who acts: Resolvable is the agent's, Done needs nobody, Escalate waits for the developer (LOOP-004) (518.840119ms)
✔ malformed roadmap is Resolvable, not fatal (LOOP-005) (55.192069ms)
✔ a commitment naming no requirements is Resolvable (LOOP-018) (68.364093ms)
✔ the primary test: two wakes on the same checkout give the same action, before and after a persisted transition (LOOP-001, LOOP-003) (503.29816ms)
✔ outside a cairn repository wake cannot run (32.250378ms)
✔ the loop never waits on the review queue (DEC-015) (320.653376ms)
✔ twenty built records cost one git call to resolve, not twenty (DEC-023) (165.158147ms)
✔ an ambiguous Realized by identifier is the repair that says lengthen it, not a build (LOOP-113, DEC-023) (164.75647ms)
✔ the linked walkthrough runs from agreement through the next commitment (PKG-016) (1250.576123ms)
ℹ tests 494
ℹ suites 0
ℹ pass 493
ℹ fail 1
ℹ cancelled 0
ℹ skipped 0
ℹ todo 0
ℹ duration_ms 20554.391247

✖ failing tests:

test at tests/coverage.test.mjs:13:1
✖ every requirement the node-test declaration speaks for is named in a test title (PKG-025) (2.362966ms)
  AssertionError [ERR_ASSERTION]: declared but named by no test title: PKG-045
  + actual - expected
  
  + [
  +   'PKG-045'
  + ]
  - []
  
      at TestContext.<anonymous> (file:///home/shawn/workspace2/cairn-dev/tests/coverage.test.mjs:17:10)
      at Test.runInAsyncScope (node:async_hooks:214:14)
      at Test.run (node:internal/test_runner/test:1062:25)
      at Test.start (node:internal/test_runner/test:959:17)
      at startSubtestAfterBootstrap (node:internal/test_runner/harness:332:17) {
    generatedMessage: false,
    code: 'ERR_ASSERTION',
    actual: [ 'PKG-045' ],
    expected: [],
    operator: 'deepStrictEqual'
  }
