✔ a Draft block overrides an Agreed file for both wake and check (SPEC-018) (215.902249ms)
✔ an Agreed block overrides a Draft file in the kernel and lint (SPEC-018, SPEC-002) (659.235105ms)
✔ a block Status does not become the file default, including inside examples (SPEC-018) (392.224156ms)
✔ block status without a value does not inherit Agreed by accident (SPEC-018) (92.603325ms)
✔ inheritance needs a file Scope and includes only Agreed blocks, regardless of prefix (PKG-015) (1930.319187ms)
✔ Scope inside a requirement or fenced example does not declare inheritance (PKG-015) (942.907575ms)
✔ a falsifier wrapped onto a line beginning with Status: does not become the block's status (SPEC-018) (1.109733ms)
✔ with attribution forbidden, an unpushed commit carrying an AI attribution line is named reword before any work; without the policy, or once pushed, it is not (PKG-045) (456.817712ms)
✔ each attribution form is caught, a prose mention is not, and the oldest attributed commit is named first (PKG-045) (605.204719ms)
✔ LOOP-063: reject input mutation during a check and retain diagnostics (402.5636ms)
✔ LOOP-063: reject deletion mutation during a check and retain diagnostics (424.652897ms)
✔ LOOP-063: reject addition mutation during a check and retain diagnostics (456.520011ms)
✔ LOOP-063: reject mode mutation during a check and retain diagnostics (430.441076ms)
✔ LOOP-063: reject specification mutation during a check and retain diagnostics (384.013167ms)
✔ LOOP-063: reject declaration mutation during a check and retain diagnostics (456.660816ms)
✔ LOOP-063: reject commit mutation during a check and retain diagnostics (407.682357ms)
✔ LOOP-063: committed input mutation during execution cannot certify the replacement (383.125474ms)
✔ LOOP-064: removing executable permission makes passing evidence stale (617.762511ms)
✔ LOOP-064: a mode-only change also invalidates the previous review after new evidence (859.62593ms)
✔ LOOP-064: changing a regular file into a link with identical identity bytes is stale (869.993108ms)
✔ LOOP-063: an unchanged candidate still records a pass despite unrelated working-tree edits (213.488084ms)
✔ LOOP-064: current and historical input ordering agrees for Unicode filenames (359.160407ms)
✔ LOOP-063: Git status hiding content changes cannot certify an uncommitted candidate (112.620532ms)
✔ LOOP-066: one check owns execution with a kernel action record (467.054941ms)
✔ LOOP-066: one check owns execution with an agent action record (442.972952ms)
✔ LOOP-066: a live lock is named and never silently overwritten (121.106472ms)
✔ LOOP-066: a dead lock is named and never silently overwritten (129.756999ms)
✔ LOOP-066: a incomplete lock is named and never silently overwritten (158.50855ms)
✔ LOOP-066: an execution error releases the check lock for a corrected rerun (466.655375ms)
✔ LOOP-066: a live kernel action from an older Cairn also blocks execution (93.967668ms)
✔ LOOP-066: separate Git worktrees can run checks independently (478.139444ms)
✔ after a green check --stale runs nothing; after one input changes it runs only that mechanism (LOOP-094) (1017.967617ms)
✔ a mechanism speaking for two stale requirements runs once and refreshes both (LOOP-094, LOOP-040) (649.817555ms)
✔ a fresh failure and an unverified result are skipped with implement named (LOOP-094) (629.467147ms)
✔ --stale with a requirement identifier is refused (LOOP-094) (70.274007ms)
✔ check --stale holds back a mechanism whose requirement has three attempts and no escalation, names it, and records nothing (LOOP-094, DEC-016) (1999.912168ms)
✔ check refuses a dirty declared input and names it; a dirty undeclared file does not block (LOOP-030) (469.818212ms)
✔ check writes one receipt per run carrying the full record and a result line per requirement (LOOP-097) (351.571176ms)
✔ a nonzero exit records fail, and the receipt keeps the exit code (LOOP-034) (328.324435ms)
✔ a pass after a fail keeps the failing record; nothing is overwritten or deleted (LOOP-025) (663.198732ms)
✔ a commit changing a declared input makes evidence stale; an undeclared one does not (LOOP-007) (958.93172ms)
✔ a regression is named before a requirement that never passed (LOOP-031) (1016.016067ms)
✔ three attempts with no escalation since: wake says escalate, not a fourth (DEC-016, DEC-017, DEC-018) (2170.931661ms)
✔ the review gate: no review, stale review, open finding, then Done (LOOP-020, LOOP-033) (1003.598318ms)
✔ Done is refused while any requirement lacks current passing evidence (LOOP-017) (103.529128ms)
✔ check names a requested requirement that no mechanism claims (94.575737ms)
✔ check writes the in-progress record before the run and clears it after (LOOP-021) (176.753674ms)
✔ a linked declared input digests the same at a commit and in the tree (LOOP-023, LOOP-024) (367.727407ms)
✔ a result line is the mechanism's statement about one requirement; what it did not mention is unverified (LOOP-037, LOOP-052) (204.171087ms)
✔ a mechanism that says nothing is read by its exit code for every requirement (LOOP-039) (193.518011ms)
✔ unverified is not an attempt, and a return to an earlier failed digest counts once (DEC-017, DEC-018) (1544.763529ms)
✔ a result line for a requirement the mechanism does not speak for is named and writes nothing (LOOP-038) (177.698344ms)
✔ a result line inside ordinary output, or without the marker, does not count (170.317472ms)
✔ a targeted check runs the named requirements' mechanisms and records every requirement they speak for (LOOP-040) (164.6428ms)
✔ two result lines for one requirement: a fail on any line wins (181.786826ms)
✔ three runs at one digest with no attempt since: the verdict stays implement and names DEC-019; an escalation naming it among others clears the hint (DEC-019, LOOP-053) (819.33425ms)
✔ a receipt names its commit in full, and an older receipt with the short form is still read (LOOP-136) (270.556997ms)
✔ a change only to a document its declaration lists leaves the review fresh and the evidence stale; a change to another input makes the review stale (LOOP-141) (1042.862886ms)
✔ a complete commitment with an unpromoted backlog item names promote, and a stamped item lets it reach Done (LOOP-087) (1107.485804ms)
✔ an empty backlog with waiting next-iteration items is Done, with the count as information and no action on them (LOOP-091) (826.772008ms)
✔ a promotion marker must resolve to a decision record (LOOP-088) (262.249116ms)
✔ a commitment promoted from an item needs a decision record naming the item (LOOP-088) (273.505669ms)
✔ the spec lint reports a promotion marker with no decision record (LOOP-088) (84.601514ms)
✔ a promoted commitment that changes an Agreed requirement or the working agreement is an escalation; an unpromoted one is not (LOOP-089, LOOP-090) (1679.113787ms)
✔ a capture from one of the commitment's own requirements needs Outside because: or an escalation (LOOP-092) (1666.324631ms)
✔ a next-iteration item names what it would change, and the capture refuses one that does not (LOOP-093) (397.748203ms)
✔ a commitment specified from a next-iteration item needs the item stamped before anything else (SPEC-027) (501.736017ms)
✔ a by deference marker resolves to a decision record like a promotion marker (SPEC-002, LOOP-088) (182.622187ms)
✔ the LOOP-090 gate reads the Concerns line, not the slug as a substring (LOOP-114) (538.677534ms)
✔ the LOOP-088 check reads the Promotes line, and decide --promotes writes it (LOOP-115) (232.825913ms)
✔ the activation commit of a promoted commitment is inside the LOOP-089 comparison (LOOP-116) (139.297179ms)
✔ the LOOP-090 route needs one escalation: its Concerns line covers the moved item too (LOOP-119, LOOP-092, LOOP-114) (606.034257ms)
✔ an escalation raised before the promoted commitment began does not silence the LOOP-090 gate (LOOP-114) (323.854767ms)
✔ an escalation raised before the commitment began does not silence the capture gate (LOOP-119) (342.277398ms)
✔ the activation commit is inside the scope footprint (LOOP-120) (103.852393ms)
✔ a requirement Agreed at activation that is demoted or removed is a contract change (LOOP-121) (574.876821ms)
✔ the include files are the root files that hold @AGENTS.md: exempt from the footprint, compared by the gate (LOOP-122) (1075.556451ms)
✔ a superseded promotion no longer satisfies the LOOP-088 check, and the repair says the promotion was reversed (LOOP-123) (462.644236ms)
✔ the restore route measures from the tree before activation, so a path the activation commit added must go (LOOP-120, LOOP-035) (167.869315ms)
✔ the loop works against exactly one commitment: the current one (LOOP-019) (371.43348ms)
✔ a promotion recorded below Consequential is a repair naming the level, since the developer never sees it in the queue (LOOP-088) (66.935997ms)
✔ every requirement the node-test declaration speaks for is named in a test title (PKG-025) (2.530055ms)
✔ every repository path the tests read is a declared input of node-test (PKG-026) (0.823655ms)
✔ writes a record with every required field and an empty realized-by (DEC-001, DEC-005) (61.023982ms)
✔ a Consequential decision is queued for review (DEC-013) (83.553004ms)
✔ a Consequential decision is queued even when .cairn/queue does not exist yet (88.826872ms)
✔ Routine is refused: routine decisions produce no record (95.39586ms)
✔ a missing field is a usage error and nothing is written (69.487251ms)
✔ supersedes requires a classified cause, and the old record must exist (185.538385ms)
✔ an existing record is not overwritten (134.219242ms)
✔ a queued decision stays queued; nothing but the developer removes it (DEC-014) (209.436423ms)
✔ each accepted decider is stored lowercase, whatever case it was typed in (DEC-020) (560.807627ms)
✔ a decider outside the vocabulary is a usage error naming all three, and nothing is written (DEC-020) (425.95178ms)
✔ an empty --decided-by is the missing-field error, not the vocabulary one (67.060448ms)
✔ LOOP-006, LOOP-067: missing inputs names a declaration repair before execution (143.140296ms)
✔ LOOP-006, LOOP-067: empty inputs names a declaration repair before execution (176.012753ms)
✔ LOOP-006, LOOP-067: missing command names a declaration repair before execution (144.069101ms)
✔ LOOP-006, LOOP-067: list command names a declaration repair before execution (133.793066ms)
✔ LOOP-006, LOOP-067: empty command names a declaration repair before execution (138.569741ms)
✔ LOOP-006, LOOP-067: missing requirements names a declaration repair before execution (166.666495ms)
✔ LOOP-006, LOOP-067: bad identifier names a declaration repair before execution (162.432006ms)
✔ LOOP-067: scalar one-item lists retain their existing meaning (293.041191ms)
✔ LOOP-068: a unpopulated gitlink is refused by name (181.722419ms)
✔ LOOP-068: a populated gitlink is refused by name (212.061964ms)
✔ LOOP-069: identical selections across 100 mechanisms use at most 20 Git processes (144.927764ms)
✔ --defect needs --from naming an Agreed requirement, and writes Defect: yes (LOOP-140) (203.164872ms)
✔ an unfixed defect is named fix before a promotable item, and counts as fixed only with passing evidence at or after its commit and no Agreed text changed (LOOP-087, LOOP-140) (2064.889043ms)
✔ escalate writes the six-line format followed by its facts, and wake presents it (LOOP-010, LOOP-026) (135.01403ms)
✔ a missing or multi-line field is refused with the field named, and nothing is written (LOOP-012) (131.612856ms)
✔ a Blocking escalation that fails the format is written anyway, naming the malformed field (LOOP-013) (168.557062ms)
✔ the loop stops for the developer only at Blocking: a recorded decision below it never yields Escalate, and the Blocking bypass must be spelled exactly (DEC-002) (341.042075ms)
✔ a second escalation while one is open is refused (LOOP-011) (173.123915ms)
✔ answer records the reply; wake no longer presents it; a second answer is refused (258.959046ms)
✔ answer to an unknown escalation is refused (69.611601ms)
✔ a stranger resumes from the file alone: question and answer are both in it (LOOP-014) (127.20485ms)
✔ a developer-shaped answer during the agent's turn is refused and writes nothing; the explanation is still accepted (LOOP-135) (662.657181ms)
✔ after an answer, the same concern can be escalated again under a new name (185.843371ms)
✔ an escalation exists when its file does, committed or not (LOOP-009) (72.116997ms)
✔ developer answers require one of the three forms and cannot inject fields (LOOP-048) (590.489674ms)
✔ ask, agent explanation, another ask, and ok stay ordered in one file (LOOP-049, LOOP-050, LOOP-014) (818.715644ms)
✔ fresh closed answers accompany only concerned requirements until new evidence (LOOP-051) (689.832943ms)
✔ a raised escalation carries no derivable status line, and an old record with one still parses (LOOP-028) (139.066873ms)
✔ LOOP-065: delete of output refuses Done and a new run recovers (1284.28284ms)
✔ LOOP-065: corrupt of output refuses Done and a new run recovers (1299.016088ms)
✔ LOOP-065: delete of stderr_output refuses Done and a new run recovers (1147.559476ms)
✔ LOOP-065: corrupt of stderr_output refuses Done and a new run recovers (999.61163ms)
✔ LOOP-065: a receipt without output needs a new check (489.556082ms)
✔ LOOP-065: a receipt without output_digest needs a new check (468.887231ms)
✔ LOOP-065: a receipt without stderr_output needs a new check (459.017564ms)
✔ LOOP-065: a receipt without stderr_digest needs a new check (405.059801ms)
✔ LOOP-065: legacy unverifiable output is rerun without rewriting history (736.673841ms)
✔ a fresh record names the kernel that wrote it (LOOP-023) (314.327307ms)
✔ LOOP-095: a record from another kernel is stale with the kernel named, and a new check restores Done (755.069176ms)
✔ LOOP-095: a record from no kernel is stale with the kernel named, and a new check restores Done (726.58511ms)
✔ LOOP-070: a later failure is latest even when the clock moves backward (1054.094004ms)
✔ LOOP-070: receipt collisions at one clock instant retain execution order beyond nine suffixes (3646.767616ms)
✔ LOOP-070: imported branch receipts stale a later sequence until a new check incorporates them (1236.355061ms)
✔ LOOP-070, LOOP-098: legacy receipts need one ordered check, remain byte-for-byte unchanged, and precede the run receipt in the history (530.061405ms)
✔ LOOP-070: edit of a prior receipt requires fresh evidence (427.843211ms)
✔ LOOP-070: remove of a prior receipt requires fresh evidence (469.155091ms)
✔ LOOP-075: supporting evidence file README.md does not become a receipt (545.00618ms)
✔ LOOP-075: supporting evidence file notes.txt does not become a receipt (542.91106ms)
✔ LOOP-075: supporting evidence file support does not become a receipt (518.878488ms)
✔ LOOP-075: supporting evidence file .DS_Store does not become a receipt (556.150293ms)
✔ LOOP-075: a malformed result line (result=success) names a repair before execution (317.20581ms)
✔ LOOP-075: a malformed result line (sequence=NaN) names a repair before execution (340.697491ms)
✔ LOOP-075: a malformed result line (sequence=9007199254740992) names a repair before execution (320.297406ms)
✔ LOOP-075: a malformed result line (history_digest=wrong) names a repair before execution (322.946913ms)
✔ LOOP-075: a malformed result line (tokens) names a repair before execution (319.499811ms)
✔ LOOP-075: a receipt-shaped directory is a named repair instead of an EISDIR crash (261.371294ms)
✔ LOOP-070: an earlier escalation cannot cover three new attempts after clock rollback (906.134137ms)
✔ LOOP-070: an answer becomes old after a later check even if that check's timestamp is earlier (617.735831ms)
✔ LOOP-070: the newest answer wins between checks even when its clock timestamp is older (385.876813ms)
✔ LOOP-070: legacy escalation dates cover old receipts but not three newer sequenced runs (1180.415934ms)
✔ a PKG requirement the commitment does not name is declared, run, and gates Done (PKG-011) (2000.83548ms)
✔ a PKG requirement in a Draft spec is not folded in (530.654015ms)
✔ LOOP-076, LOOP-079: stale inputs identify the receipt and the check to run (724.882317ms)
✔ LOOP-077: names a content change using checked input identity (682.379892ms)
✔ LOOP-077: names a mode change using checked input identity (690.00097ms)
✔ LOOP-077: names a kind change using checked input identity (684.938307ms)
✔ LOOP-077: names a added change using checked input identity (623.246577ms)
✔ LOOP-077: names a removed change using checked input identity (588.494267ms)
✔ LOOP-077: names a link-target change using checked input identity (823.647182ms)
✔ LOOP-077: changed selection compares the old and new input sets (516.449596ms)
✔ LOOP-077: raw CRLF changes remain visible when Git-clean content agrees (493.703609ms)
✔ LOOP-077: detail output is sorted, bounded, and reports the omitted count (483.169612ms)
✔ LOOP-077: filenames cannot inject lines or terminal controls into explanations (388.652434ms)
✔ LOOP-077: receipts from one run share details and do not store source contents (322.847388ms)
✔ LOOP-078, LOOP-080: legacy optional detail limits explanation without changing standing (536.650769ms)
✔ LOOP-078, LOOP-080: invalid-field optional detail limits explanation without changing standing (523.679712ms)
✔ LOOP-078, LOOP-080: missing optional detail limits explanation without changing standing (555.523155ms)
✔ LOOP-078, LOOP-080: invalid-json optional detail limits explanation without changing standing (542.111009ms)
✔ LOOP-078, LOOP-080: mismatched optional detail limits explanation without changing standing (513.967174ms)
✔ LOOP-078, LOOP-080: duplicate optional detail limits explanation without changing standing (501.235418ms)
✔ LOOP-078, LOOP-080: unsafe-path optional detail limits explanation without changing standing (489.382348ms)
✔ LOOP-078, LOOP-080: directory optional detail limits explanation without changing standing (489.517732ms)
✔ LOOP-078, LOOP-080: symlink optional detail limits explanation without changing standing (517.661225ms)
✔ LOOP-078: unavailable old requirement text is not claimed as a proven change (389.745768ms)
✔ LOOP-076, LOOP-079: changed requirements identify evidence and retain review-before-check guidance (407.29719ms)
✔ LOOP-078: simultaneous input and output damage keep both reasons (406.372332ms)
✔ LOOP-080: deterministic freshness sequence seed=7 (9302.609964ms)
✔ LOOP-080: deterministic freshness sequence seed=42 (5799.996484ms)
✔ LOOP-080: deterministic freshness sequence seed=913 (4973.655832ms)
✔ LOOP-080: agreement changes, mechanism review, checks, and completion review retain priority (1359.792131ms)
✔ LOOP-080: imported receipt history demands a rerun without a false input explanation (1391.271278ms)
✔ LOOP-073: clean CRLF input completes under attributes (595.502628ms)
✔ LOOP-073: clean CRLF input completes under autocrlf (558.997339ms)
✔ LOOP-073: raw line-ending mutation during a run is rejected even when Git still sees the same content (236.747742ms)
✔ LOOP-073: execution evidence changes when clean conversion preserves committed identity (1015.326984ms)
✔ LOOP-073: Git clean filters use Git's conversion while retaining raw evidence identity (558.111676ms)
✔ LOOP-073: failure of a required Git filter cannot record evidence (136.787084ms)
✔ LOOP-073: a clean filter moving HEAD during ending validation prevents evidence (516.997563ms)
✔ LOOP-073: canonical Git identities handle links without reading their targets (464.615585ms)
✔ LOOP-073: Git conversion keeps raw Unicode and control-character input paths (422.499499ms)
✔ LOOP-073: conversion and links work in a SHA-256 Git repository (431.266098ms)
✔ LOOP-074: historical specification filename "café.md" remains reviewable (421.919481ms)
✔ LOOP-074: historical specification filename "spec\ttab.md" remains reviewable (409.948765ms)
✔ LOOP-074: historical specification filename "spec\nline.md" remains reviewable (378.379935ms)
✔ help works outside a repository without running a command (PKG-017) (968.204525ms)
✔ help does not hide invalid options or consume literal arguments (184.926408ms)
✔ help lists the lint command (PKG-017) (63.751965ms)
✔ a working directory that no longer exists is named as the failure, and git is not blamed (PKG-041, PKG-022) (196.625608ms)
✔ the stop hook refuses a stop while wake says Resolvable, with the verdict as the reason (PKG-018) (198.407359ms)
✔ the stop hook allows a stop at Done, at Escalate, and outside a Cairn repository (PKG-018) (1044.368418ms)
✔ the session-start hook links the command once and prints the verdict in a Cairn repository (PKG-019, PKG-014, PKG-005) (462.106808ms)
✔ the session-start hook prints no verdict outside a Cairn repository and leaves an existing link that resolves alone (PKG-019) (71.470137ms)
✔ a checkout under a path with a space links a command that resolves, and its stop hook still blocks (PKG-019, PKG-021) (337.358481ms)
✔ the hooks run the kernel the command link resolves to, so hook and agent share one referee (PKG-021) (1088.229042ms)
✔ a dangling link is replaced and reported (PKG-019) (166.7086ms)
✔ errors exit 0 with one line on standard error and no stack trace (PKG-022) (194.748033ms)
✔ the hooks judge with the cairn on PATH, a wrapper included, and session-start names it (PKG-033) (1026.003364ms)
✔ a link to a wrapper or file is kept; a dangling link or one to a directory is replaced (PKG-034) (363.992872ms)
✔ a project below the Git toplevel gets the verdict and the stop refusal (PKG-035) (303.67725ms)
✔ a kernel that prints no verdict is one stderr line: the stop is allowed and session-start prints no trace (PKG-036) (149.881738ms)
✔ a link that cannot be created is one stderr line, and the verdict still prints (PKG-019, PKG-022) (136.176952ms)
✔ with git absent the hooks say so in one line and block nothing (PKG-022) (93.363264ms)
✔ stop_hook_active true no longer lets a Resolvable stop through: the hook still refuses (PKG-018) (137.65179ms)
✔ receipts written by the project's own kernel are judged with it, not with a different cairn on PATH (PKG-033, PKG-021) (408.551009ms)
✔ the fourth stop on an unchanged verdict, commit and tree goes through with a message and a stop record; each refusal names cairn escalate (PKG-043, PKG-044) (447.855728ms)
✔ progress resets the count, a commit or an edited file alike, and each session counts on its own (PKG-043) (1200.647316ms)
✔ no report, one for another commitment, at another commit, or at a value that is not a commit names a new reviewer; an uncommitted review is committed first (LOOP-020) (1608.892056ms)
✔ an old report re-dated, however it is edited, does not name the new commit and names a new reviewer; a new report with the same words does not (LOOP-020) (1432.870534ms)
✔ each finding is carried by the one line citing its number and beginning with its words; malformed reports are repairs (LOOP-020) (3810.391858ms)
✔ citations name their report's commit, so rounds never collide and an old line never carries a new finding; a wrapped review line is its own repair (LOOP-020) (868.659511ms)
✔ a finding that quotes a citation in its own words is carried by copying it, and an uncited wrapped line is no repair when there is nothing to carry (LOOP-020) (600.168806ms)
✔ a citation that is not last on its line is refused as such, and a finding ending with a citation is carried in the short form (LOOP-020) (831.572301ms)
✔ a report written or changed on disk but not committed is named commit, never judged as the committed one (LOOP-020) (530.381615ms)
✔ the findings list is read from the record's text: blank lines between entries, a wrapped entry, any bullet, and a blank line inside examined: lose nothing; a list after a heading stays unread (LOOP-020, LOOP-086, LOOP-071) (1363.545989ms)
✔ the reader reads a numbered or nested list and a blank line in examined:, and names a line it cannot read rather than reading nothing (LOOP-086, LOOP-020) (1054.270778ms)
✔ a line the reader cannot read is named whenever an entry follows it, in the review and in the report, and a finding under a heading is named (LOOP-086, LOOP-020) (1471.428133ms)
✔ a margin line that only looks like a field never ends a list in silence (LOOP-086, LOOP-020) (1012.994418ms)
✔ a field name repeated inside a list is named, the report's findings under a heading are named beside a list, and the repair offers the fix that keeps the finding (LOOP-020, LOOP-086) (850.725789ms)
✔ a Reviewer: line inside a list is named, and an honest record with a findings-titled heading is read (LOOP-020, LOOP-086) (776.934487ms)
✔ a record that declares findings: [] keeps a bulleted body as prose, as this repository's own reviews are written (LOOP-086, LOOP-020) (376.272384ms)
✔ a field name in another case never ends a list in silence, a record with its fields out of order is told to reorder them, and a citation names only a finding the report made (LOOP-086, LOOP-020, LOOP-108) (848.932446ms)
✔ a citation of zero is a citation, a field ends a list however it is spaced, a heading may be underlined, a blank line before a continuation is nothing, and a doubled commit: line does not name the commit (LOOP-020, LOOP-086, LOOP-108) (1067.806045ms)
✔ a rule under a field line is not a heading, the hint names a heading of either form, and an earlier report's citation on a carrying line is history (LOOP-020, LOOP-108) (1242.456627ms)
✔ a title that ends with a colon is still a heading, a report whose fields sit below a heading or prose is repaired rather than discarded, and the repair names the form the kernel reads (LOOP-020, LOOP-086, LOOP-108) (1129.306878ms)
✔ a report for another commitment or commit is replaced even when its fields sit below a heading, a quoted field line does not replace the real one, a rule under any field is a rule, and the review is told what the report is told (LOOP-020, LOOP-108) (1160.3728ms)
✔ an underline makes a heading of the line above it unless that line is an entry or the record's own field, an unread field is named where it sits, a field spelled another way is named, and the findings-titled repair names retitling (LOOP-020, LOOP-086, LOOP-108) (1537.468397ms)
✔ an underlined heading that names findings holds no list either, an unterminated fence hides nothing, a spelling is judged at the margin, and a report short of one header line is repaired (LOOP-020, LOOP-086, LOOP-108) (988.26969ms)
✔ a heading that names findings holds no content of any shape, its own section decides, and a report the wrong commit wrote is replaced before any repair (LOOP-020, LOOP-086) (887.533192ms)
✔ a findings-naming heading holds nothing at all, however deep, and a report with no record is replaced rather than repaired (LOOP-020, LOOP-086) (2066.980058ms)
✔ a recognisable finding under a heading is named wherever it sits, a findings-titled section is prose beside a list that holds entries, and a record may open with a title (LOOP-020, LOOP-086, LOOP-108) (1886.162605ms)
✔ a line that says open: is a finding however it is marked up, and one leading title of any form is the record's own (LOOP-020, LOOP-086, LOOP-108) (3634.409097ms)
✔ every line outside the findings list is read for the prefix, and a findings-naming section is judged over its subsections (LOOP-020, LOOP-086) (2955.34282ms)
✔ markup is whatever precedes the first letter, a row is a row wherever its pipes sit, and each message names the move (LOOP-020, LOOP-086) (2320.53628ms)
✔ a marker that contains a letter is still a marker, and a fence opens only on its own line (LOOP-020, LOOP-086) (2681.343611ms)
✔ a label before the prefix is markup too, and a divider hides no finding (LOOP-020, LOOP-071, LOOP-086) (2259.988828ms)
✔ only the findings list itself is exempt from the sweep, and a label of any shape is markup (LOOP-020, LOOP-071, LOOP-086) (2349.667491ms)
✔ the prefix belongs to the findings list alone: anywhere else in a record it is a finding (LOOP-020, LOOP-086) (2304.354863ms)
✔ the prefix is what a line says however it is punctuated, and no fence or second field hides an entry (LOOP-020, LOOP-071, LOOP-086) (3061.604737ms)
✔ a numbered prefix is still the prefix, and each message names the action it means (LOOP-020, LOOP-086) (1769.011836ms)
✔ a comment or an entity is not a gap, a field belongs at the margin, and a bullet belongs to a list (LOOP-020, LOOP-086, LOOP-108) (1610.079694ms)
✔ an element round the word and markup in the gap is still the prefix, and no repair asks for what the record already does (LOOP-020, LOOP-086) (1488.185087ms)
✔ cairn lint runs the checker over docs/spec by default and over a named directory (PKG-028) (262.216764ms)
✔ cairn lint names a missing directory in one line, takes one argument, and reports a bad root (PKG-028) (194.078304ms)
✔ three megabytes are retained exactly once with matching digests (LOOP-041, LOOP-042) (352.243548ms)
✔ split stdout result lines survive a long non-result line; stderr is never a verdict (339.211364ms)
✔ signal termination is recorded and logs survive a clone (LOOP-043) (358.330597ms)
✔ working agreements and ignore changes are Cairn records inside the footprint (328.221859ms)
✔ a clean package passes (101.226265ms)
✔ PKG-001: a dependency, or a service manifest (374.969723ms)
✔ PKG-002: ignoring evidence or other durable state, by directory or by extension (140.6039ms)
✔ PKG-003: a command, a directory, or a record kind no decision names (241.522818ms)
✔ PKG-004: a kernel over 2000 lines, counting every file under bin/ as wc -l does; exactly 2000 passes (460.587692ms)
✔ PKG-006: a skill step naming a vendor's product, in either order, across a wrapped list item (PKG-027) (326.484462ms)
✔ PKG-008: a non-ASCII character in a tracked text file (70.243189ms)
✔ PKG-009: the kernel importing from tests (85.165749ms)
✔ PKG-012: a network call or a model client in the kernel, but not a vendor's name in text (618.306085ms)
✔ PKG-013: deferral language, but not in code, quotes, or a rule (568.900478ms)
✔ a tracked path deleted from the working tree is skipped, not a crash (80.749901ms)
✔ a sentence in a Formats section is not a record kind (74.122472ms)
✔ a record kind named by its path alone is checked (81.135951ms)
✔ PKG-002: a tracked in-progress record (72.899725ms)
✔ PKG-002: ignoring evidence alone is a finding (67.357674ms)
✔ PKG-003 reads the kernel's commands from its help output (PKG-023) (117.521366ms)
✔ the ASCII scan covers shipped files, not records under .cairn/ (PKG-024) (66.073522ms)
✔ a vendor-naming step wrapped across lines is matched (PKG-006, PKG-027) (75.84062ms)
✔ PKG-013 scans the README, the manual, and the walkthrough (PKG-032) (206.086078ms)
✔ the manifests, the listing and package.json agree on the name and version, and name paths the repository holds (PKG-037) (2.242821ms)
✔ the hooks file registers session-start and stop against the plugin's own hook.mjs through the plugin root variable (PKG-038) (0.271757ms)
✔ a Muse hook entry whose shared hook is missing prints one line and exits 0 (PKG-041, PKG-022) (111.168052ms)
✔ the registered commands print the verdict at session start, link the command into the plugin, and refuse a stop while wake says Resolvable (PKG-038, PKG-021) (371.716511ms)
✔ LOOP-071: decision body metadata does not resolve unbuilt work: "Superseded by: example" (701.104225ms)
✔ LOOP-071: decision body metadata does not resolve unbuilt work: "```text\nSuperseded by: example\n```" (660.334511ms)
✔ LOOP-071: decision body metadata does not resolve unbuilt work: "~~~text\nSuperseded by: example\n~~~" (704.804599ms)
✔ LOOP-071: a fenced realization example is not a resolving commit (674.53497ms)
✔ LOOP-071: a fenced commit inside the realization section is not built (594.462753ms)
✔ LOOP-071: ## Example cannot replace an open review finding (641.187505ms)
✔ LOOP-071: # Example cannot replace an open review finding (541.846061ms)
✔ LOOP-071: ### Example cannot replace an open review finding (556.752016ms)
✔ LOOP-071:   ## Example cannot replace an open review finding (497.225353ms)
✔ LOOP-071: Example paragraph. cannot replace an open review finding (511.035666ms)
✔ LOOP-071: Example
------- cannot replace an open review finding (450.125031ms)
✔ LOOP-071: fenced fields before a real review header are ignored (434.592386ms)
✔ LOOP-071: multiline decision --title cannot inject metadata (353.315397ms)
✔ LOOP-071: multiline decision --decided-by cannot inject metadata (329.269918ms)
✔ LOOP-071: multiline decision --rests-on cannot inject metadata (365.381061ms)
✔ LOOP-071: multiline decision --wrong-if cannot inject metadata (342.13492ms)
✔ LOOP-071: multiline decision --history cannot inject metadata (361.246395ms)
✔ LOOP-072: malformed Blocking concerns stay open: "R-001\nAnswer: ok" (88.575784ms)
✔ LOOP-072: malformed Blocking concerns stay open: "R-001\r\nAnswer: ok" (86.15633ms)
✔ LOOP-072: malformed Blocking concerns stay open: "R-001\rAnswer: ok" (88.879967ms)
✔ LOOP-072: malformed Blocking concerns stay open: "R-001 Answer: ok" (77.907877ms)
✔ LOOP-072: malformed Blocking concerns stay open: "R-001 Answer: ok" (86.40646ms)
✔ LOOP-072: ordinary malformed concerns are refused: "R-001\nR-002" (54.090842ms)
✔ LOOP-072: ordinary malformed concerns are refused: "R-001, prose" (44.818697ms)
✔ LOOP-072: ordinary malformed concerns are refused: " " (42.751412ms)
✔ LOOP-072: a Blocking escalation without concerns is still presented (87.777094ms)
✔ LOOP-072: carriage returns in a Blocking question do not create answer records (83.866577ms)
✔ LOOP-072: explanation separator 8232 cannot close an escalation (151.852735ms)
✔ LOOP-071: decision metadata refuses separator 8232 (339.680802ms)
✔ LOOP-072: explanation separator 8233 cannot close an escalation (156.057609ms)
✔ LOOP-071: decision metadata refuses separator 8233 (350.99924ms)
✔ Concerns, Rests on, and Promoted from written as lists read as the flat form (LOOP-124) (638.339543ms)
✔ an item named by filename, path, or backticked slug resolves like the slug (LOOP-125) (517.304351ms)
✔ an input that covers Cairn's own output is named as the repair, before and after a check (LOOP-126, LOOP-105) (593.820664ms)
✔ an unreadable record directory is a repair, not an error exit (LOOP-127) (69.594397ms)
✔ a title that slugifies to nothing is refused (LOOP-128) (137.336183ms)
✔ examined: [] is an empty list (LOOP-129, LOOP-108) (455.604901ms)
✔ below the Git toplevel the restore check compares root-relative paths (LOOP-130, LOOP-035) (360.528499ms)
✔ below the Git toplevel an uncommitted declared input is named from the project root (LOOP-132, LOOP-030) (225.489349ms)
✔ a value on the key line followed by list items is the first item, never dropped (LOOP-133) (632.71737ms)
✔ the footprint's walk reads Current: as the wake does: a fenced example below the real line, or a second line in history, never moves the start (LOOP-134, LOOP-035) (300.087971ms)
✔ an input spelled .. from a project below the Git toplevel covers the evidence directory (LOOP-126, LOOP-105) (84.212382ms)
✔ a Consequential record this commitment added needs its queue entry committed (LOOP-131, DEC-004) (470.678672ms)
✔ a mechanism that removes the check lock still gets its evidence, with no repair for the lock (LOOP-107) (253.083526ms)
✔ a staged rename reads as its two paths, never as a bare origin token (LOOP-030, LOOP-110) (128.821368ms)
✔ a Current: line inside a fenced example is neither a second Current: line nor the commitment, before or after the real line (LOOP-104) (176.785153ms)
✔ a Status: word is taken only from a line that carries one, never from wrapped prose after it (SPEC-018) (1.401123ms)
✔ the placeholder left above a resolving entry is a repair naming the file (DEC-021) (249.096073ms)
✔ the placeholder alone is a decision recorded and not yet built, unchanged (DEC-007) (72.953804ms)
✔ resolving entries with no placeholder are unchanged (DEC-006) (128.362603ms)
✔ a shallow clone that cannot resolve its entries is still told to fetch, not to edit (LOOP-113 keeps precedence) (106.636593ms)
✔ the placeholder quoted in a fenced example does not make a built record a repair (DEC-021) (122.978032ms)
✔ supersede takes the same decider vocabulary as decide (DEC-020) (97.05013ms)
✔ a superseded record is held to the same line: its placeholder above a resolving entry is a repair (DEC-021, DEC-010) (183.913975ms)
✔ realize() touches only the Realized by section; a body that quotes the placeholder keeps it (116.161966ms)
✔ an untracked file under a declared input is not a change under way; check still refuses beside it and names .gitignore (LOOP-110, LOOP-030) (219.615664ms)
✔ an unmatched input is refused before execution (LOOP-044) (190.026166ms)
✔ an indexed input deleted on disk asks for a commit (LOOP-045) (171.925277ms)
✔ wake and check require a Git working tree (LOOP-046) (129.518479ms)
✔ recovery removes only dead kernel run records and identifies a live owner (LOOP-054, LOOP-055) (321.004118ms)
✔ an agent action based behind a clean HEAD appears committed (LOOP-027) (200.219189ms)
✔ realization needs a real commit and a subject (DEC-006) (284.410267ms)
✔ 1500 binary inputs digest identically at the review commit in under a second (LOOP-024) (1448.451491ms)
✔ merged work is excluded but a later own commit is a breach (LOOP-047) (254.407896ms)
✔ exact Current tenure ignores prefix matches and earlier visits to the same slug (LOOP-035) (292.242569ms)
✔ a kernel run records its supervising PID (LOOP-054) (293.695874ms)
✔ a merged declared input still stales evidence (LOOP-047) (419.770692ms)
✔ wildcard and magic pathspecs select the same historical inputs (LOOP-024, LOOP-032) (2235.892196ms)
✔ historical selection retains deleted files and excludes new ones (LOOP-024, LOOP-035) (1246.929815ms)
✔ cairn --version prints the package.json version outside a repository, and help lists it (PKG-039) (144.187736ms)
✔ a release is one commit setting one version in the five files, with the changelog entry, tagged v<version> (PKG-040) (1086.040217ms)
✔ the release script refuses a bad version, no increase, a dirty tree, a missing entry, a taken tag, a disagreeing file, and a loop not at Done, each in one line with nothing written (PKG-040) (1915.825819ms)
✔ a version file written as compact JSON is released, and nothing else in any version file changes (PKG-042) (1306.464465ms)
✔ with attribution forbidden, the release script refuses an unpushed commit carrying an AI attribution line (PKG-045) (624.074808ms)
✔ explicit reporting with no lines and exit 0 establishes no requirement verdicts (LOOP-061) (478.826027ms)
✔ explicit reporting with no lines and exit 1 establishes no requirement verdicts (LOOP-061) (464.088811ms)
✔ a reporter that cannot start keeps execution diagnostics without blaming requirements (LOOP-062) (261.67297ms)
✔ large output cannot kill a reporter or invent a requirement verdict (294.484735ms)
✔ explicit mode ignores cairn: R-999: pass (328.250557ms)
✔ explicit mode ignores cairn: R-001: unverified (332.338272ms)
✔ explicit mode ignores cairn: R-001: passed (319.931224ms)
✔ explicit results survive nonzero exit and contradictory duplicates still fail (667.83289ms)
✔ unverified results across changed inputs never become failed attempts (1380.411151ms)
✔ legacy exit 0 retains its interpretation (239.964837ms)
✔ legacy exit 1 retains its interpretation (222.922161ms)
✔ a misspelled reporting mode is refused before execution (129.805428ms)
✔ changed requirement blocks unchecked reruns and makes the completion review stale (LOOP-058, LOOP-059) (1909.729223ms)
✔ falsifier changes need review; separate rationale and other requirements do not change a receipt (1387.956128ms)
✔ legacy receipts recover requirement identity from their commit; unavailable history requires review (983.818234ms)
✔ check refuses uncommitted requirement text and mechanism review markers (821.912603ms)
✔ tightened response limit cannot reuse the old passing check (1377.045975ms)
✔ a declared input over 1 MiB agrees at a commit and in the tree (LOOP-060) (422.796966ms)
✔ a failed Git blob read cannot be hashed as an empty blob (389.030578ms)
✔ Git listings over 1 MiB include the last declared input (2256.776034ms)
✔ requirement identity excludes fenced examples and status dates (516.864362ms)
✔ DemonCoder REM-002 and Status in progress cannot silently satisfy the review gate (LOOP-086) (792.37633ms)
✔ valid open findings retain their behavior (502.230159ms)
✔ valid resolved findings retain their behavior (564.345995ms)
✔ valid empty findings retain their behavior (545.884912ms)
✔ valid mixed valid findings retain their behavior (518.254966ms)
✔ malformed finding "open:" requires repair (460.654611ms)
✔ malformed finding "resolved:   " requires repair (410.535479ms)
✔ malformed finding "Open: incorrect case" requires repair (393.381398ms)
✔ malformed finding "unknown: issue" requires repair (338.866506ms)
✔ malformed finding "\u001b[31mBAD: issue" requires repair (373.181678ms)
✔ the established explicit empty findings list remains valid (392.338202ms)
✔ a scalar findings value requires the supported list format (352.089617ms)
✔ check runs a mechanism when a requirement outside the commitment was revised, and asks for the review once a commitment includes it (LOOP-059) (902.850911ms)
✔ a Requirements: line written as a list is read like the flat form (LOOP-102) (102.204679ms)
✔ a subdirectory or a README in a record directory changes nothing (LOOP-103) (547.661291ms)
✔ two Current: lines are a roadmap repair (LOOP-104) (70.422733ms)
✔ a repeated identifier, an input under the evidence directory, and a missing cwd are refused by name (LOOP-105) (457.459118ms)
✔ a requirement whose evidence outlives its mechanism is named declare, not a regression or an escalation (LOOP-106) (1061.36439ms)
✔ an unreadable record is a repair, not an error exit (LOOP-107) (79.564046ms)
✔ a review needs commit, a nonempty examined list, and a findings list, each named when missing (LOOP-108) (1019.86504ms)
✔ a decision record missing a header field or naming a missing predecessor is a repair (LOOP-109) (298.59797ms)
✔ a dirty declared input with no in-progress record is named record ahead of run (LOOP-022, LOOP-110) (239.357407ms)
✔ with core.filemode false the index mode is the identity, so a mode-only difference does not refuse the check (LOOP-111) (232.46488ms)
✔ a project below the Git toplevel can run check (LOOP-112) (246.480778ms)
✔ a shallow clone names history to fetch, not a decision to build (LOOP-113) (171.269078ms)
✔ record-writing commands refuse to run outside a Cairn repository and write nothing (LOOP-118) (239.697151ms)
✔ a git that cannot start is one line and exit 3 from wake and from check, with nothing recorded (LOOP-137) (99.662659ms)
✔ an unexplained or uncommitted stop record is named explain before any other action; explained and committed, the wake moves on (LOOP-139) (258.451006ms)
✔ empty footprint names declaration before scope and records no evidence (LOOP-081) (583.529951ms)
✔ first declaration still checks the full earlier history (LOOP-081) (353.450817ms)
✔ an empty current footprint does not block an explicitly requested existing mechanism (LOOP-081) (312.237581ms)
✔ an inherited mechanism provides a footprint even before local mechanisms exist (257.804441ms)
✔ scope reports every path, escapes line breaks, and gives identical remedies (LOOP-082) (238.57275ms)
✔ scope verdict reuses the answered-escalation annotation (LOOP-048, LOOP-051, LOOP-083) (557.102618ms)
✔ a committed scope acknowledgment lets restored history proceed (LOOP-083) (726.715728ms)
✔ scope acknowledgment must be committed before it can clear a breach (630.972877ms)
✔ ordinary ok does not acknowledge scope history (292.913445ms)
✔ scope escalation refuses unrestored paths and names the restoration remedy (253.287337ms)
✔ an invalid scope request still records an explicitly Blocking decision (158.275858ms)
✔ ask and explanation stay open; only the final committed ok acknowledges scope (714.149427ms)
✔ instead is visible but does not silently authorize a scope exception (357.012903ms)
✔ later changes to an acknowledged path still block, including later reverts (1061.567144ms)
✔ approval cannot hide another path changed after the snapshot (394.931115ms)
✔ acknowledged history remains conditional on the paths staying restored (555.177829ms)
✔ editing the scope snapshot after answer invalidates its acknowledgment (271.892372ms)
✔ malformed scope metadata cannot suppress a breach (1398.213068ms)
✔ damaged acknowledgment fields cannot suppress a breach (552.170459ms)
✔ scope path matching is literal, including wildcard filenames and control characters (488.915745ms)
✔ scope acknowledgment does not carry into another activation of the same slug (292.028984ms)
✔ restoration checks additions, deletions, executable modes, and symlink kinds (1436.102496ms)
✔ explicit committed retention keeps correct work and requires new evidence and review (LOOP-084, LOOP-085) (2038.028815ms)
✔ a missing declaration covers correct earlier work without retention or revert (511.996482ms)
✔ keep requires scope and an unchanged committed candidate (158.652903ms)
✔ uncommitted retention and instead answers cannot clear the incident (1031.749982ms)
✔ retention does not grant future edits, even when reverted to the approved tree (1301.63417ms)
✔ retention cannot cover another path or another activation (519.310383ms)
✔ imported changes must still match the retained tree (535.214335ms)
✔ retention handles additions, deletions, modes, symlinks, and literal filenames (1890.076474ms)
✔ retention cannot convert an existing restoration answer or accept an unknown mode (432.261601ms)
✔ a check failure after retention remains a failure (674.003199ms)
✔ retained paths stay part of the stable checked candidate without extending its footprint (556.783265ms)
✔ retention ask needs an explanation and final committed approval (530.353708ms)
✔ an unknown scope mode remains invalid even with a matching approval digest (281.703844ms)
✔ backlog writes the item; a second with the same title is refused, never overwritten (LOOP-016) (157.044307ms)
✔ a commit inside the footprint: check runs; outside it: check names the path and does not run (LOOP-015, LOOP-035) (566.896823ms)
✔ Cairn's records are never a breach; another file under docs/ is (LOOP-117) (703.510224ms)
✔ declaring the path as an input clears the breach (288.449721ms)
✔ a revert preserves the record of an out-of-scope commit (LOOP-047) (282.696593ms)
✔ a commitment naming a requirement the spec set does not hold as Agreed is repaired (LOOP-029) (72.934285ms)
✔ a requirement in a Draft spec file is not Agreed (86.41584ms)
✔ working agreements and the ignore file are Cairn records (LOOP-035, LOOP-036) (463.627259ms)
✔ the over-asking rule is gone from both skills (SPEC-005, SPEC-006, SPEC-007) (1.800726ms)
✔ a decision during the phase is recorded (DEC-003) (0.15228ms)
✔ understanding is restated before writing (SPEC-003) (0.126522ms)
✔ falsifiers are proposed as one set and confirmed by exception (SPEC-004) (0.294057ms)
✔ depth is inferred and domains derived, never asked or imposed (SPEC-008, SPEC-009) (0.14678ms)
✔ a term enters the glossary at first occurrence (SPEC-010) (0.106195ms)
✔ the phase ends at the first commitment, and later ones are specified during the loop (SPEC-011, SPEC-012) (0.134351ms)
✔ a requirement goes Agreed only with a nameable mechanism (SPEC-013) (0.125955ms)
✔ review before agreement, recording what it attacked (SPEC-014, SPEC-015) (0.134567ms)
✔ no spec file without requirements; nothing Agreed without a falsifier (SPEC-001, SPEC-002) (0.485044ms)
✔ Observed is marked, and is not contract (SPEC-016, SPEC-017) (0.358444ms)
✔ the skills exclude artifacts outside Cairn's workflow (0.166944ms)
✔ the working agreement names the agent's move for each verdict and the write-ahead record (LOOP-036) (0.641789ms)
✔ the working agreement names the developer's moves (LOOP-036, DEC-014) (0.103709ms)
✔ this repository runs by the file it ships (0.412929ms)
✔ both skills write the working agreement without naming a vendor's file (LOOP-002, LOOP-036, PKG-006) (0.13398ms)
✔ the working agreement says what an attempt is (LOOP-036, DEC-017, DEC-018) (0.084884ms)
✔ the working agreement says a failure no footprint change can address is an escalation, and where an inherited requirement is repaired (DEC-019, LOOP-057) (0.107884ms)
✔ the working agreement states the promote, next-iteration, and no-deferral moves (LOOP-029, LOOP-087, LOOP-091, LOOP-092) (0.098928ms)
✔ both skills sort captures into the backlog or next-iteration and forbid deferral (LOOP-029, LOOP-092, LOOP-093) (0.079642ms)
✔ the skill requires a falsifier on every requirement, a MAY included (SPEC-025) (0.254085ms)
✔ the working agreement names the hooks as optional and the install skill registers them for two harnesses (PKG-006, PKG-018, PKG-019) (0.252166ms)
✔ the working agreement says the kernel is upgraded at Done, never inside a commitment (LOOP-096) (0.075593ms)
✔ the next-iteration skill starts from the specification and ends by naming the next commitment (SPEC-026, SPEC-027) (0.249499ms)
✔ every document that names the project skills names next-iteration beside them (SPEC-026, PKG-014) (2.878437ms)
✔ the working agreement states a move for every action the kernel can name (LOOP-101) (2.240928ms)
✔ the working agreement states both record formats and the two flags the moves need (LOOP-036) (0.158731ms)
✔ the skills demonstrate a safe violating example and preserve recon findings (SPEC-022, SPEC-023) (0.08297ms)
✔ the specification skills run the checker through the cairn command (PKG-029) (0.355702ms)
✔ the README invokes the phase skills by name and states versions and platforms (PKG-030, PKG-031) (0.336538ms)
✔ the manual and the walkthrough say the loop promotes backlog items at Done (0.834006ms)
✔ the working agreement says a report is not work under way, its findings are captured, and it is committed with them (LOOP-138) (0.102053ms)
✔ a two-obligation sentence is named (PKG-007) (38.666692ms)
✔ an obligation with no actor is named (PKG-010) (43.335544ms)
✔ a leading condition clause is not the actor, and the actor after it counts (43.411552ms)
✔ an Agreed requirement with no falsifier is named (SPEC-002); a Draft one is not (82.778346ms)
✔ prose after a Draft requirement with no falsifier is not scanned as requirement text (44.121129ms)
✔ a spec declaring a prefix with no requirement is named (SPEC-001) (38.241531ms)
✔ a keyword in backticks or quotes is a mention, not an obligation (42.639465ms)
✔ duplicate identifiers are rejected within a file and across files (SPEC-020) (84.875203ms)
✔ references resolve across files; missing references name their source (SPEC-021) (81.788391ms)
✔ code examples and quoted mentions are neither definitions nor references (46.992072ms)
✔ machine-local paths are findings in prose, links, quotes, and examples (SPEC-019) (398.465376ms)
✔ relative paths, URLs, slash commands, and character mentions are not absolute path findings (38.497446ms)
✔ a slash after a placeholder continues the template (SPEC-019) (83.233359ms)
✔ a host path is a finding until the file declares it (SPEC-019, SPEC-024) (89.506686ms)
✔ declared host paths cover children with a slash boundary and stay file-local (105.877277ms)
✔ a host-path declaration inside a requirement or example grants no exception (108.426284ms)
✔ host-path declarations require absolute or home-relative entries (222.137754ms)
✔ an Agreed block whose only keyword is MAY needs a falsifier like any other (SPEC-025, SPEC-002) (77.848687ms)
✔ a regex literal is not a path, a drive path and a file URL are, and a skill's slash name is allowed (SPEC-028, SPEC-029) (72.581343ms)
✔ a backticked or quoted actor still counts as one (PKG-010) (38.831959ms)
✔ a fence the file never closes is named, since the parser then reads its example as specification (84.918588ms)
✔ supersede writes both lines, and the old record keeps every word it had (DEC-008, DEC-010) (84.992209ms)
✔ supersede without a cause, or with one outside the four, is refused (DEC-009) (124.302949ms)
✔ supersede of a record that does not exist is refused (71.046236ms)
✔ a predecessor with no title line cannot be stamped, so nothing is written (78.861769ms)
✔ a --supersedes argument outside the slug alphabet is refused, and a path never reaches the filesystem (DEC-022) (223.323676ms)
✔ a record already superseded cannot be superseded again: one Superseded by line per record (DEC-022, DEC-010) (180.746614ms)
✔ reversals reports counts by decider, cause, and domain (DEC-011) (192.864734ms)
✔ decide in a domain with a reversal is refused without --history, naming the reversal; with it, the record carries History (DEC-012) (186.097154ms)
✔ decide in a domain with no reversals needs no --history (118.026147ms)
✔ a record resting on prose alone is in the domain unspecified, and so is the next one (126.820722ms)
✔ the decider tally normalizes case and whitespace, and names a value outside the vocabulary (DEC-020, DEC-011) (66.523308ms)
✔ a record with no Decided by line is tallied as unrecorded, not as a vocabulary value (61.482302ms)
✔ Decided by written as a list tallies like the flat form, and does not crash the report (LOOP-124, DEC-020) (74.454874ms)
✔ a second declaration for one requirement is accepted, a named check runs every mechanism, and Done needs each to pass (LOOP-056, LOOP-099) (2104.369241ms)
✔ one mechanism's stale evidence names that mechanism, and --stale runs only it (LOOP-056, LOOP-094) (741.033161ms)
✔ attempts are counted within one mechanism's records, so the other's passes do not reset them (LOOP-100, DEC-016) (1393.550122ms)
✔ step 1: an in-progress record is reconciled before anything else (97.264641ms)
✔ step 2: an open escalation is presented and nothing else happens (81.435859ms)
✔ an answered escalation is not open (525.245978ms)
✔ step 3: a decision with no realized-by is built, first by name (DEC-007) (94.418932ms)
✔ a superseded decision with no realized-by is not work (116.522161ms)
✔ step 6: a mechanism that has never run is run, not implemented (LOOP-008) (107.646183ms)
✔ step 6: a requirement whose mechanism fails is implemented (531.049735ms)
✔ step 6 before step 7: failing evidence outranks a missing mechanism (317.747994ms)
✔ step 7: a requirement with no mechanism is declared (LOOP-106) (89.878649ms)
✔ every verdict names who acts: Resolvable is the agent's, Done needs nobody, Escalate waits for the developer (LOOP-004) (586.329455ms)
✔ malformed roadmap is Resolvable, not fatal (LOOP-005) (70.350883ms)
✔ a commitment naming no requirements is Resolvable (LOOP-018) (65.785758ms)
✔ the primary test: two wakes on the same checkout give the same action, before and after a persisted transition (LOOP-001, LOOP-003) (562.975888ms)
✔ outside a cairn repository wake cannot run (44.862689ms)
✔ the loop never waits on the review queue (DEC-015) (354.9244ms)
✔ twenty built records cost one git call to resolve, not twenty (DEC-023) (174.773257ms)
✔ an ambiguous Realized by identifier is the repair that says lengthen it, not a build (LOOP-113, DEC-023) (166.438765ms)
✔ the linked walkthrough runs from agreement through the next commitment (PKG-016) (1320.144342ms)
ℹ tests 537
ℹ suites 0
ℹ pass 537
ℹ fail 0
ℹ cancelled 0
ℹ skipped 0
ℹ todo 0
ℹ duration_ms 55969.709705
