✔ a Draft block overrides an Agreed file for both wake and check (SPEC-018) (168.321294ms)
✔ an Agreed block overrides a Draft file in the kernel and lint (SPEC-018, SPEC-002) (584.764439ms)
✔ a block Status does not become the file default, including inside examples (SPEC-018) (380.472843ms)
✔ block status without a value does not inherit Agreed by accident (SPEC-018) (76.699422ms)
✔ inheritance needs a file Scope and includes only Agreed blocks, regardless of prefix (PKG-015) (1891.170749ms)
✔ Scope inside a requirement or fenced example does not declare inheritance (PKG-015) (888.912616ms)
✔ a falsifier wrapped onto a line beginning with Status: does not become the block's status (SPEC-018) (1.080188ms)
✔ with attribution forbidden, an unpushed commit carrying an AI attribution line is named reword before any work; without the policy, or once pushed, it is not (PKG-045) (398.753373ms)
✔ each attribution form is caught, a prose mention is not, and the oldest attributed commit is named first (PKG-045) (516.858127ms)
✔ LOOP-063: reject input mutation during a check and retain diagnostics (422.347768ms)
✔ LOOP-063: reject deletion mutation during a check and retain diagnostics (369.987273ms)
✔ LOOP-063: reject addition mutation during a check and retain diagnostics (379.98818ms)
✔ LOOP-063: reject mode mutation during a check and retain diagnostics (418.162899ms)
✔ LOOP-063: reject specification mutation during a check and retain diagnostics (410.160241ms)
✔ LOOP-063: reject declaration mutation during a check and retain diagnostics (358.331051ms)
✔ LOOP-063: reject commit mutation during a check and retain diagnostics (363.732846ms)
✔ LOOP-063: committed input mutation during execution cannot certify the replacement (397.467324ms)
✔ LOOP-064: removing executable permission makes passing evidence stale (608.506146ms)
✔ LOOP-064: a mode-only change also invalidates the previous review after new evidence (788.66473ms)
✔ LOOP-064: changing a regular file into a link with identical identity bytes is stale (819.344874ms)
✔ LOOP-063: an unchanged candidate still records a pass despite unrelated working-tree edits (187.043604ms)
✔ LOOP-064: current and historical input ordering agrees for Unicode filenames (362.205731ms)
✔ LOOP-063: Git status hiding content changes cannot certify an uncommitted candidate (117.525795ms)
✔ LOOP-066: one check owns execution with a kernel action record (490.767222ms)
✔ LOOP-066: one check owns execution with an agent action record (419.28572ms)
✔ LOOP-066: a live lock is named and never silently overwritten (146.36942ms)
✔ LOOP-066: a dead lock is named and never silently overwritten (117.576606ms)
✔ LOOP-066: a incomplete lock is named and never silently overwritten (135.499969ms)
✔ LOOP-066: an execution error releases the check lock for a corrected rerun (485.753516ms)
✔ LOOP-066: a live kernel action from an older Cairn also blocks execution (86.365419ms)
✔ LOOP-066: separate Git worktrees can run checks independently (478.759621ms)
✔ after a green check --stale runs nothing; after one input changes it runs only that mechanism (LOOP-094) (914.149795ms)
✔ a mechanism speaking for two stale requirements runs once and refreshes both (LOOP-094, LOOP-040) (590.062411ms)
✔ a fresh failure and an unverified result are skipped with implement named (LOOP-094) (628.644094ms)
✔ --stale with a requirement identifier is refused (LOOP-094) (71.393763ms)
✔ check --stale holds back a mechanism whose requirement has three attempts and no escalation, names it, and records nothing (LOOP-094, DEC-016) (1905.745099ms)
✔ check refuses a dirty declared input and names it; a dirty undeclared file does not block (LOOP-030) (435.204416ms)
✔ check writes one receipt per run carrying the full record and a result line per requirement (LOOP-097) (267.356084ms)
✔ a nonzero exit records fail, and the receipt keeps the exit code (LOOP-034) (323.059623ms)
✔ a pass after a fail keeps the failing record; nothing is overwritten or deleted (LOOP-025) (678.92205ms)
✔ a commit changing a declared input makes evidence stale; an undeclared one does not (LOOP-007) (884.592027ms)
✔ a regression is named before a requirement that never passed (LOOP-031) (1007.585644ms)
✔ three attempts with no escalation since: wake says escalate, not a fourth (DEC-016, DEC-017, DEC-018) (2080.919554ms)
✔ the review gate: no review, stale review, open finding, then Done (LOOP-020, LOOP-033) (1033.414086ms)
✔ Done is refused while any requirement lacks current passing evidence (LOOP-017) (102.387624ms)
✔ check names a requested requirement that no mechanism claims (106.587899ms)
✔ check writes the in-progress record before the run and clears it after (LOOP-021) (177.8895ms)
✔ a linked declared input digests the same at a commit and in the tree (LOOP-023, LOOP-024) (393.333132ms)
✔ a result line is the mechanism's statement about one requirement; what it did not mention is unverified (LOOP-037, LOOP-052) (167.697033ms)
✔ a mechanism that says nothing is read by its exit code for every requirement (LOOP-039) (179.949585ms)
✔ unverified is not an attempt, and a return to an earlier failed digest counts once (DEC-017, DEC-018) (1547.358525ms)
✔ a result line for a requirement the mechanism does not speak for is named and writes nothing (LOOP-038) (176.701274ms)
✔ a result line inside ordinary output, or without the marker, does not count (172.394421ms)
✔ a targeted check runs the named requirements' mechanisms and records every requirement they speak for (LOOP-040) (168.824442ms)
✔ two result lines for one requirement: a fail on any line wins (182.411322ms)
✔ three runs at one digest with no attempt since: the verdict stays implement and names DEC-019; an escalation naming it among others clears the hint (DEC-019, LOOP-053) (805.07204ms)
✔ a receipt names its commit in full, and an older receipt with the short form is still read (LOOP-136) (275.86595ms)
✔ a change only to a document its declaration lists leaves the review fresh and the evidence stale; a change to another input makes the review stale (LOOP-141) (1073.829042ms)
✔ a complete commitment with an unpromoted backlog item names promote, and a stamped item lets it reach Done (LOOP-087) (994.303256ms)
✔ an empty backlog with waiting next-iteration items is Done, with the count as information and no action on them (LOOP-091) (848.643635ms)
✔ a promotion marker must resolve to a decision record (LOOP-088) (279.088008ms)
✔ a commitment promoted from an item needs a decision record naming the item (LOOP-088) (260.600965ms)
✔ the spec lint reports a promotion marker with no decision record (LOOP-088) (83.399228ms)
✔ a promoted commitment that changes an Agreed requirement or the working agreement is an escalation; an unpromoted one is not (LOOP-089, LOOP-090) (1604.599426ms)
✔ a capture from one of the commitment's own requirements needs Outside because: or an escalation (LOOP-092) (1587.679614ms)
✔ a next-iteration item names what it would change, and the capture refuses one that does not (LOOP-093) (403.080252ms)
✔ a commitment specified from a next-iteration item needs the item stamped before anything else (SPEC-027) (495.923103ms)
✔ a by deference marker resolves to a decision record like a promotion marker (SPEC-002, LOOP-088) (165.465052ms)
✔ the LOOP-090 gate reads the Concerns line, not the slug as a substring (LOOP-114) (506.803106ms)
✔ the LOOP-088 check reads the Promotes line, and decide --promotes writes it (LOOP-115) (216.314988ms)
✔ the activation commit of a promoted commitment is inside the LOOP-089 comparison (LOOP-116) (143.634694ms)
✔ the LOOP-090 route needs one escalation: its Concerns line covers the moved item too (LOOP-119, LOOP-092, LOOP-114) (567.819633ms)
✔ an escalation raised before the promoted commitment began does not silence the LOOP-090 gate (LOOP-114) (310.207299ms)
✔ an escalation raised before the commitment began does not silence the capture gate (LOOP-119) (347.568619ms)
✔ the activation commit is inside the scope footprint (LOOP-120) (87.172698ms)
✔ a requirement Agreed at activation that is demoted or removed is a contract change (LOOP-121) (624.975267ms)
✔ the include files are the root files that hold @AGENTS.md: exempt from the footprint, compared by the gate (LOOP-122) (1059.659586ms)
✔ a superseded promotion no longer satisfies the LOOP-088 check, and the repair says the promotion was reversed (LOOP-123) (443.575174ms)
✔ the restore route measures from the tree before activation, so a path the activation commit added must go (LOOP-120, LOOP-035) (176.108057ms)
✔ the loop works against exactly one commitment: the current one (LOOP-019) (387.811834ms)
✔ a promotion recorded below Consequential is a repair naming the level, since the developer never sees it in the queue (LOOP-088) (71.159502ms)
✔ every requirement the node-test declaration speaks for is named in a test title (PKG-025) (2.37212ms)
✔ every repository path the tests read is a declared input of node-test (PKG-026) (1.036408ms)
✔ writes a record with every required field and an empty realized-by (DEC-001, DEC-005) (79.276688ms)
✔ a Consequential decision is queued for review (DEC-013) (74.273582ms)
✔ a Consequential decision is queued even when .cairn/queue does not exist yet (71.056787ms)
✔ Routine is refused: routine decisions produce no record (83.356923ms)
✔ a missing field is a usage error and nothing is written (77.102008ms)
✔ supersedes requires a classified cause, and the old record must exist (179.019047ms)
✔ an existing record is not overwritten (125.421782ms)
✔ a queued decision stays queued; nothing but the developer removes it (DEC-014) (194.025032ms)
✔ each accepted decider is stored lowercase, whatever case it was typed in (DEC-020) (482.021852ms)
✔ a decider outside the vocabulary is a usage error naming all three, and nothing is written (DEC-020) (449.66177ms)
✔ an empty --decided-by is the missing-field error, not the vocabulary one (77.319282ms)
✔ LOOP-006, LOOP-067: missing inputs names a declaration repair before execution (121.568426ms)
✔ LOOP-006, LOOP-067: empty inputs names a declaration repair before execution (138.083948ms)
✔ LOOP-006, LOOP-067: missing command names a declaration repair before execution (133.410539ms)
✔ LOOP-006, LOOP-067: list command names a declaration repair before execution (137.95349ms)
✔ LOOP-006, LOOP-067: empty command names a declaration repair before execution (125.444037ms)
✔ LOOP-006, LOOP-067: missing requirements names a declaration repair before execution (138.8065ms)
✔ LOOP-006, LOOP-067: bad identifier names a declaration repair before execution (146.622376ms)
✔ LOOP-067: scalar one-item lists retain their existing meaning (253.961684ms)
✔ LOOP-068: a unpopulated gitlink is refused by name (170.685882ms)
✔ LOOP-068: a populated gitlink is refused by name (204.263196ms)
✔ LOOP-069: identical selections across 100 mechanisms use at most 20 Git processes (156.839668ms)
✔ --defect needs --from naming an Agreed requirement, and writes Defect: yes (LOOP-140) (282.507036ms)
✔ an unfixed defect is named fix before a promotable item, and counts as fixed only with passing evidence at or after its commit and no Agreed text changed (LOOP-087, LOOP-140) (1961.411525ms)
✔ escalate writes the six-line format followed by its facts, and wake presents it (LOOP-010, LOOP-026) (143.32182ms)
✔ a missing or multi-line field is refused with the field named, and nothing is written (LOOP-012) (129.168511ms)
✔ a Blocking escalation that fails the format is written anyway, naming the malformed field (LOOP-013) (150.601143ms)
✔ the loop stops for the developer only at Blocking: a recorded decision below it never yields Escalate, and the Blocking bypass must be spelled exactly (DEC-002) (279.394721ms)
✔ a second escalation while one is open is refused (LOOP-011) (115.842354ms)
✔ answer records the reply; wake no longer presents it; a second answer is refused (257.184262ms)
✔ answer to an unknown escalation is refused (67.903733ms)
✔ a stranger resumes from the file alone: question and answer are both in it (LOOP-014) (124.946605ms)
✔ a developer-shaped answer during the agent's turn is refused and writes nothing; the explanation is still accepted (LOOP-135) (601.804291ms)
✔ after an answer, the same concern can be escalated again under a new name (184.002389ms)
✔ an escalation exists when its file does, committed or not (LOOP-009) (81.243008ms)
✔ developer answers require one of the three forms and cannot inject fields (LOOP-048) (625.700957ms)
✔ ask, agent explanation, another ask, and ok stay ordered in one file (LOOP-049, LOOP-050, LOOP-014) (759.458109ms)
✔ fresh closed answers accompany only concerned requirements until new evidence (LOOP-051) (674.134702ms)
✔ a raised escalation carries no derivable status line, and an old record with one still parses (LOOP-028) (155.815559ms)
✔ LOOP-065: delete of output refuses Done and a new run recovers (1182.944473ms)
✔ LOOP-065: corrupt of output refuses Done and a new run recovers (1228.019775ms)
✔ LOOP-065: delete of stderr_output refuses Done and a new run recovers (1164.024272ms)
✔ LOOP-065: corrupt of stderr_output refuses Done and a new run recovers (942.185317ms)
✔ LOOP-065: a receipt without output needs a new check (489.539543ms)
✔ LOOP-065: a receipt without output_digest needs a new check (465.53433ms)
✔ LOOP-065: a receipt without stderr_output needs a new check (459.13141ms)
✔ LOOP-065: a receipt without stderr_digest needs a new check (407.221485ms)
✔ LOOP-065: legacy unverifiable output is rerun without rewriting history (727.328119ms)
✔ a fresh record names the kernel that wrote it (LOOP-023) (313.963216ms)
✔ LOOP-095: a record from another kernel is stale with the kernel named, and a new check restores Done (688.038674ms)
✔ LOOP-095: a record from no kernel is stale with the kernel named, and a new check restores Done (742.916548ms)
✔ LOOP-070: a later failure is latest even when the clock moves backward (965.139751ms)
✔ LOOP-070: receipt collisions at one clock instant retain execution order beyond nine suffixes (3489.437921ms)
✔ LOOP-070: imported branch receipts stale a later sequence until a new check incorporates them (1158.088473ms)
✔ LOOP-070, LOOP-098: legacy receipts need one ordered check, remain byte-for-byte unchanged, and precede the run receipt in the history (534.005851ms)
✔ LOOP-070: edit of a prior receipt requires fresh evidence (449.899764ms)
✔ LOOP-070: remove of a prior receipt requires fresh evidence (449.228284ms)
✔ LOOP-075: supporting evidence file README.md does not become a receipt (502.177017ms)
✔ LOOP-075: supporting evidence file notes.txt does not become a receipt (524.05556ms)
✔ LOOP-075: supporting evidence file support does not become a receipt (521.747955ms)
✔ LOOP-075: supporting evidence file .DS_Store does not become a receipt (526.836448ms)
✔ LOOP-075: a malformed result line (result=success) names a repair before execution (349.414135ms)
✔ LOOP-075: a malformed result line (sequence=NaN) names a repair before execution (332.539741ms)
✔ LOOP-075: a malformed result line (sequence=9007199254740992) names a repair before execution (318.682463ms)
✔ LOOP-075: a malformed result line (history_digest=wrong) names a repair before execution (328.970271ms)
✔ LOOP-075: a malformed result line (tokens) names a repair before execution (308.61782ms)
✔ LOOP-075: a receipt-shaped directory is a named repair instead of an EISDIR crash (270.445478ms)
✔ LOOP-070: an earlier escalation cannot cover three new attempts after clock rollback (912.503275ms)
✔ LOOP-070: an answer becomes old after a later check even if that check's timestamp is earlier (545.053975ms)
✔ LOOP-070: the newest answer wins between checks even when its clock timestamp is older (366.956735ms)
✔ LOOP-070: legacy escalation dates cover old receipts but not three newer sequenced runs (1184.17287ms)
✔ a PKG requirement the commitment does not name is declared, run, and gates Done (PKG-011) (1799.891339ms)
✔ a PKG requirement in a Draft spec is not folded in (564.693167ms)
✔ LOOP-076, LOOP-079: stale inputs identify the receipt and the check to run (676.611866ms)
✔ LOOP-077: names a content change using checked input identity (649.939517ms)
✔ LOOP-077: names a mode change using checked input identity (666.014876ms)
✔ LOOP-077: names a kind change using checked input identity (677.575623ms)
✔ LOOP-077: names a added change using checked input identity (637.116443ms)
✔ LOOP-077: names a removed change using checked input identity (565.100346ms)
✔ LOOP-077: names a link-target change using checked input identity (774.506172ms)
✔ LOOP-077: changed selection compares the old and new input sets (482.411322ms)
✔ LOOP-077: raw CRLF changes remain visible when Git-clean content agrees (483.044297ms)
✔ LOOP-077: detail output is sorted, bounded, and reports the omitted count (468.290488ms)
✔ LOOP-077: filenames cannot inject lines or terminal controls into explanations (402.223276ms)
✔ LOOP-077: receipts from one run share details and do not store source contents (315.184715ms)
✔ LOOP-078, LOOP-080: legacy optional detail limits explanation without changing standing (506.53363ms)
✔ LOOP-078, LOOP-080: invalid-field optional detail limits explanation without changing standing (485.512852ms)
✔ LOOP-078, LOOP-080: missing optional detail limits explanation without changing standing (543.713394ms)
✔ LOOP-078, LOOP-080: invalid-json optional detail limits explanation without changing standing (527.411553ms)
✔ LOOP-078, LOOP-080: mismatched optional detail limits explanation without changing standing (513.749ms)
✔ LOOP-078, LOOP-080: duplicate optional detail limits explanation without changing standing (510.119771ms)
✔ LOOP-078, LOOP-080: unsafe-path optional detail limits explanation without changing standing (524.154411ms)
✔ LOOP-078, LOOP-080: directory optional detail limits explanation without changing standing (499.818719ms)
✔ LOOP-078, LOOP-080: symlink optional detail limits explanation without changing standing (513.705799ms)
✔ LOOP-078: unavailable old requirement text is not claimed as a proven change (364.065828ms)
✔ LOOP-076, LOOP-079: changed requirements identify evidence and retain review-before-check guidance (354.940787ms)
✔ LOOP-078: simultaneous input and output damage keep both reasons (367.804411ms)
✔ LOOP-080: deterministic freshness sequence seed=7 (9016.381047ms)
✔ LOOP-080: deterministic freshness sequence seed=42 (5708.716121ms)
✔ LOOP-080: deterministic freshness sequence seed=913 (4891.370585ms)
✔ LOOP-080: agreement changes, mechanism review, checks, and completion review retain priority (1321.377747ms)
✔ LOOP-080: imported receipt history demands a rerun without a false input explanation (1318.743264ms)
✔ LOOP-073: clean CRLF input completes under attributes (549.578423ms)
✔ LOOP-073: clean CRLF input completes under autocrlf (521.778485ms)
✔ LOOP-073: raw line-ending mutation during a run is rejected even when Git still sees the same content (223.37059ms)
✔ LOOP-073: execution evidence changes when clean conversion preserves committed identity (1055.949106ms)
✔ LOOP-073: Git clean filters use Git's conversion while retaining raw evidence identity (570.260175ms)
✔ LOOP-073: failure of a required Git filter cannot record evidence (129.602773ms)
✔ LOOP-073: a clean filter moving HEAD during ending validation prevents evidence (372.311198ms)
✔ LOOP-073: canonical Git identities handle links without reading their targets (482.079177ms)
✔ LOOP-073: Git conversion keeps raw Unicode and control-character input paths (407.747935ms)
✔ LOOP-073: conversion and links work in a SHA-256 Git repository (398.045793ms)
✔ LOOP-074: historical specification filename "café.md" remains reviewable (401.738634ms)
✔ LOOP-074: historical specification filename "spec\ttab.md" remains reviewable (392.883673ms)
✔ LOOP-074: historical specification filename "spec\nline.md" remains reviewable (394.806947ms)
✔ help works outside a repository without running a command (PKG-017) (878.563038ms)
✔ help does not hide invalid options or consume literal arguments (185.957969ms)
✔ help lists the lint command (PKG-017) (43.873238ms)
✔ a working directory that no longer exists is named as the failure, and git is not blamed (PKG-041, PKG-022) (179.631338ms)
✔ the stop hook refuses a stop while wake says Resolvable, with the verdict as the reason (PKG-018) (181.901327ms)
✔ the stop hook allows a stop at Done, at Escalate, and outside a Cairn repository (PKG-018) (992.59579ms)
✔ the session-start hook links the command once and prints the verdict in a Cairn repository (PKG-019, PKG-014, PKG-005) (460.270491ms)
✔ the session-start hook prints no verdict outside a Cairn repository and leaves an existing link that resolves alone (PKG-019) (58.093356ms)
✔ a checkout under a path with a space links a command that resolves, and its stop hook still blocks (PKG-019, PKG-021) (354.424616ms)
✔ the hooks run the kernel the command link resolves to, so hook and agent share one referee (PKG-021) (1082.988762ms)
✔ a dangling link is replaced and reported (PKG-019) (162.2227ms)
✔ errors exit 0 with one line on standard error and no stack trace (PKG-022) (178.036349ms)
✔ the hooks judge with the cairn on PATH, a wrapper included, and session-start names it (PKG-033) (1027.074471ms)
✔ a link to a wrapper or file is kept; a dangling link or one to a directory is replaced (PKG-034) (371.731213ms)
✔ a project below the Git toplevel gets the verdict and the stop refusal (PKG-035) (292.990798ms)
✔ a kernel that prints no verdict is one stderr line: the stop is allowed and session-start prints no trace (PKG-036) (159.616579ms)
✔ a link that cannot be created is one stderr line, and the verdict still prints (PKG-019, PKG-022) (123.936522ms)
✔ with git absent the hooks say so in one line and block nothing (PKG-022) (80.054837ms)
✔ stop_hook_active true no longer lets a Resolvable stop through: the hook still refuses (PKG-018) (128.244978ms)
✔ receipts written by the project's own kernel are judged with it, not with a different cairn on PATH (PKG-033, PKG-021) (385.218001ms)
✔ the fourth stop on an unchanged verdict, commit and tree goes through with a message and a stop record; each refusal names cairn escalate (PKG-043, PKG-044) (415.703398ms)
✔ progress resets the count, a commit or an edited file alike, and each session counts on its own (PKG-043) (1139.708608ms)
✔ no report, one for another commitment, at another commit, or at a value that is not a commit names a new reviewer; an uncommitted review is committed first (LOOP-020) (1466.201235ms)
✔ an old report re-dated, however it is edited, does not name the new commit and names a new reviewer; a new report with the same words does not (LOOP-020) (1421.584385ms)
✔ each finding is carried by the one line citing its number and beginning with its words; malformed reports are repairs (LOOP-020) (3766.892222ms)
✔ citations name their report's commit, so rounds never collide and an old line never carries a new finding; a wrapped review line is its own repair (LOOP-020) (822.148029ms)
✔ a finding that quotes a citation in its own words is carried by copying it, and an uncited wrapped line is no repair when there is nothing to carry (LOOP-020) (550.406499ms)
✔ a citation that is not last on its line is refused as such, and a finding ending with a citation is carried in the short form (LOOP-020) (867.644258ms)
✔ a report written or changed on disk but not committed is named commit, never judged as the committed one (LOOP-020) (542.907546ms)
✔ the findings list is read from the record's text: blank lines between entries, a wrapped entry, any bullet, and a blank line inside examined: lose nothing; a list after a heading stays unread (LOOP-020, LOOP-086, LOOP-071) (1274.839295ms)
✔ the reader reads a numbered or nested list and a blank line in examined:, and names a line it cannot read rather than reading nothing (LOOP-086, LOOP-020) (1091.823806ms)
✔ a line the reader cannot read is named whenever an entry follows it, in the review and in the report, and a finding under a heading is named (LOOP-086, LOOP-020) (1440.15905ms)
✔ a margin line that only looks like a field never ends a list in silence (LOOP-086, LOOP-020) (967.104694ms)
✔ a field name repeated inside a list is named, the report's findings under a heading are named beside a list, and the repair offers the fix that keeps the finding (LOOP-020, LOOP-086) (870.184586ms)
✔ a Reviewer: line inside a list is named, and an honest record with a findings-titled heading is read (LOOP-020, LOOP-086) (774.956367ms)
✔ a record that declares findings: [] keeps a bulleted body as prose, as this repository's own reviews are written (LOOP-086, LOOP-020) (381.644644ms)
✔ a field name in another case never ends a list in silence, a record with its fields out of order is told to reorder them, and a citation names only a finding the report made (LOOP-086, LOOP-020, LOOP-108) (809.480813ms)
✔ a citation of zero is a citation, a field ends a list however it is spaced, a heading may be underlined, a blank line before a continuation is nothing, and a doubled commit: line does not name the commit (LOOP-020, LOOP-086, LOOP-108) (1047.443963ms)
✔ a rule under a field line is not a heading, the hint names a heading of either form, and an earlier report's citation on a carrying line is history (LOOP-020, LOOP-108) (1217.913293ms)
✔ a title that ends with a colon is still a heading, a report whose fields sit below a heading or prose is repaired rather than discarded, and the repair names the form the kernel reads (LOOP-020, LOOP-086, LOOP-108) (1071.78079ms)
✔ a report for another commitment or commit is replaced even when its fields sit below a heading, a quoted field line does not replace the real one, a rule under any field is a rule, and the review is told what the report is told (LOOP-020, LOOP-108) (1136.516584ms)
✔ an underline makes a heading of the line above it unless that line is an entry or the record's own field, an unread field is named where it sits, a field spelled another way is named, and the findings-titled repair names retitling (LOOP-020, LOOP-086, LOOP-108) (1481.660651ms)
✔ an underlined heading that names findings holds no list either, an unterminated fence hides nothing, a spelling is judged at the margin, and a report short of one header line is repaired (LOOP-020, LOOP-086, LOOP-108) (908.31036ms)
✔ a heading that names findings holds no content of any shape, its own section decides, and a report the wrong commit wrote is replaced before any repair (LOOP-020, LOOP-086) (848.802038ms)
✔ a findings-naming heading holds nothing at all, however deep, and a report with no record is replaced rather than repaired (LOOP-020, LOOP-086) (2011.149503ms)
✔ a recognisable finding under a heading is named wherever it sits, a findings-titled section is prose beside a list that holds entries, and a record may open with a title (LOOP-020, LOOP-086, LOOP-108) (1947.677753ms)
✔ a line that says open: is a finding however it is marked up, and one leading title of any form is the record's own (LOOP-020, LOOP-086, LOOP-108) (3677.243092ms)
✔ every line outside the findings list is read for the prefix, and a findings-naming section is judged over its subsections (LOOP-020, LOOP-086) (2801.673531ms)
✔ markup is whatever precedes the first letter, a row is a row wherever its pipes sit, and each message names the move (LOOP-020, LOOP-086) (2325.170214ms)
✔ a marker that contains a letter is still a marker, and a fence opens only on its own line (LOOP-020, LOOP-086) (2652.499021ms)
✔ a label before the prefix is markup too, and a divider hides no finding (LOOP-020, LOOP-071, LOOP-086) (2227.086929ms)
✔ cairn lint runs the checker over docs/spec by default and over a named directory (PKG-028) (225.377362ms)
✔ cairn lint names a missing directory in one line, takes one argument, and reports a bad root (PKG-028) (206.12105ms)
✔ three megabytes are retained exactly once with matching digests (LOOP-041, LOOP-042) (358.331624ms)
✔ split stdout result lines survive a long non-result line; stderr is never a verdict (303.739711ms)
✔ signal termination is recorded and logs survive a clone (LOOP-043) (329.33223ms)
✔ working agreements and ignore changes are Cairn records inside the footprint (310.602663ms)
✔ a clean package passes (71.669718ms)
✔ PKG-001: a dependency, or a service manifest (184.911798ms)
✔ PKG-002: ignoring evidence or other durable state, by directory or by extension (145.506366ms)
✔ PKG-003: a command, a directory, or a record kind no decision names (211.198534ms)
✔ PKG-004: a kernel over 1900 lines, counting every file under bin/ as wc -l does; exactly 1900 passes (318.99927ms)
✔ PKG-006: a skill step naming a vendor's product, in either order, across a wrapped list item (PKG-027) (294.605121ms)
✔ PKG-008: a non-ASCII character in a tracked text file (77.356781ms)
✔ PKG-009: the kernel importing from tests (86.870307ms)
✔ PKG-012: a network call or a model client in the kernel, but not a vendor's name in text (312.491049ms)
✔ PKG-013: deferral language, but not in code, quotes, or a rule (543.45637ms)
✔ a tracked path deleted from the working tree is skipped, not a crash (77.10828ms)
✔ a sentence in a Formats section is not a record kind (73.678913ms)
✔ a record kind named by its path alone is checked (80.672045ms)
✔ PKG-002: a tracked in-progress record (78.000568ms)
✔ PKG-002: ignoring evidence alone is a finding (64.542481ms)
✔ PKG-003 reads the kernel's commands from its help output (PKG-023) (102.902673ms)
✔ the ASCII scan covers shipped files, not records under .cairn/ (PKG-024) (84.973638ms)
✔ a vendor-naming step wrapped across lines is matched (PKG-006, PKG-027) (91.678084ms)
✔ PKG-013 scans the README, the manual, and the walkthrough (PKG-032) (223.501648ms)
✔ the manifests, the listing and package.json agree on the name and version, and name paths the repository holds (PKG-037) (2.124622ms)
✔ the hooks file registers session-start and stop against the plugin's own hook.mjs through the plugin root variable (PKG-038) (0.219578ms)
✔ a Muse hook entry whose shared hook is missing prints one line and exits 0 (PKG-041, PKG-022) (79.748588ms)
✔ the registered commands print the verdict at session start, link the command into the plugin, and refuse a stop while wake says Resolvable (PKG-038, PKG-021) (358.205744ms)
✔ LOOP-071: decision body metadata does not resolve unbuilt work: "Superseded by: example" (669.142475ms)
✔ LOOP-071: decision body metadata does not resolve unbuilt work: "```text\nSuperseded by: example\n```" (624.273957ms)
✔ LOOP-071: decision body metadata does not resolve unbuilt work: "~~~text\nSuperseded by: example\n~~~" (624.198334ms)
✔ LOOP-071: a fenced realization example is not a resolving commit (679.423126ms)
✔ LOOP-071: a fenced commit inside the realization section is not built (628.563954ms)
✔ LOOP-071: ## Example cannot replace an open review finding (613.581891ms)
✔ LOOP-071: # Example cannot replace an open review finding (556.054576ms)
✔ LOOP-071: ### Example cannot replace an open review finding (495.329553ms)
✔ LOOP-071:   ## Example cannot replace an open review finding (491.625925ms)
✔ LOOP-071: Example paragraph. cannot replace an open review finding (496.750208ms)
✔ LOOP-071: Example
------- cannot replace an open review finding (427.019737ms)
✔ LOOP-071: fenced fields before a real review header are ignored (410.358711ms)
✔ LOOP-071: multiline decision --title cannot inject metadata (355.827395ms)
✔ LOOP-071: multiline decision --decided-by cannot inject metadata (324.46901ms)
✔ LOOP-071: multiline decision --rests-on cannot inject metadata (322.596866ms)
✔ LOOP-071: multiline decision --wrong-if cannot inject metadata (356.587344ms)
✔ LOOP-071: multiline decision --history cannot inject metadata (360.873955ms)
✔ LOOP-072: malformed Blocking concerns stay open: "R-001\nAnswer: ok" (105.28874ms)
✔ LOOP-072: malformed Blocking concerns stay open: "R-001\r\nAnswer: ok" (90.246368ms)
✔ LOOP-072: malformed Blocking concerns stay open: "R-001\rAnswer: ok" (94.868579ms)
✔ LOOP-072: malformed Blocking concerns stay open: "R-001 Answer: ok" (79.070216ms)
✔ LOOP-072: malformed Blocking concerns stay open: "R-001 Answer: ok" (77.962285ms)
✔ LOOP-072: ordinary malformed concerns are refused: "R-001\nR-002" (45.051868ms)
✔ LOOP-072: ordinary malformed concerns are refused: "R-001, prose" (48.913672ms)
✔ LOOP-072: ordinary malformed concerns are refused: " " (50.796761ms)
✔ LOOP-072: a Blocking escalation without concerns is still presented (75.040482ms)
✔ LOOP-072: carriage returns in a Blocking question do not create answer records (85.702463ms)
✔ LOOP-072: explanation separator 8232 cannot close an escalation (138.269279ms)
✔ LOOP-071: decision metadata refuses separator 8232 (341.734412ms)
✔ LOOP-072: explanation separator 8233 cannot close an escalation (154.908628ms)
✔ LOOP-071: decision metadata refuses separator 8233 (340.603806ms)
✔ Concerns, Rests on, and Promoted from written as lists read as the flat form (LOOP-124) (583.782258ms)
✔ an item named by filename, path, or backticked slug resolves like the slug (LOOP-125) (503.795156ms)
✔ an input that covers Cairn's own output is named as the repair, before and after a check (LOOP-126, LOOP-105) (609.332986ms)
✔ an unreadable record directory is a repair, not an error exit (LOOP-127) (72.913643ms)
✔ a title that slugifies to nothing is refused (LOOP-128) (139.300844ms)
✔ examined: [] is an empty list (LOOP-129, LOOP-108) (452.932842ms)
✔ below the Git toplevel the restore check compares root-relative paths (LOOP-130, LOOP-035) (355.162065ms)
✔ below the Git toplevel an uncommitted declared input is named from the project root (LOOP-132, LOOP-030) (229.124148ms)
✔ a value on the key line followed by list items is the first item, never dropped (LOOP-133) (604.488299ms)
✔ the footprint's walk reads Current: as the wake does: a fenced example below the real line, or a second line in history, never moves the start (LOOP-134, LOOP-035) (284.655897ms)
✔ an input spelled .. from a project below the Git toplevel covers the evidence directory (LOOP-126, LOOP-105) (77.821148ms)
✔ a Consequential record this commitment added needs its queue entry committed (LOOP-131, DEC-004) (475.213717ms)
✔ a mechanism that removes the check lock still gets its evidence, with no repair for the lock (LOOP-107) (225.877283ms)
✔ a staged rename reads as its two paths, never as a bare origin token (LOOP-030, LOOP-110) (109.158767ms)
✔ a Current: line inside a fenced example is neither a second Current: line nor the commitment, before or after the real line (LOOP-104) (191.177179ms)
✔ a Status: word is taken only from a line that carries one, never from wrapped prose after it (SPEC-018) (1.053673ms)
✔ the placeholder left above a resolving entry is a repair naming the file (DEC-021) (242.431661ms)
✔ the placeholder alone is a decision recorded and not yet built, unchanged (DEC-007) (77.352009ms)
✔ resolving entries with no placeholder are unchanged (DEC-006) (115.308638ms)
✔ a shallow clone that cannot resolve its entries is still told to fetch, not to edit (LOOP-113 keeps precedence) (122.797418ms)
✔ the placeholder quoted in a fenced example does not make a built record a repair (DEC-021) (118.647309ms)
✔ supersede takes the same decider vocabulary as decide (DEC-020) (100.527198ms)
✔ a superseded record is held to the same line: its placeholder above a resolving entry is a repair (DEC-021, DEC-010) (170.853766ms)
✔ realize() touches only the Realized by section; a body that quotes the placeholder keeps it (116.360448ms)
✔ an untracked file under a declared input is not a change under way; check still refuses beside it and names .gitignore (LOOP-110, LOOP-030) (211.082074ms)
✔ an unmatched input is refused before execution (LOOP-044) (167.567468ms)
✔ an indexed input deleted on disk asks for a commit (LOOP-045) (151.956722ms)
✔ wake and check require a Git working tree (LOOP-046) (107.68168ms)
✔ recovery removes only dead kernel run records and identifies a live owner (LOOP-054, LOOP-055) (312.919256ms)
✔ an agent action based behind a clean HEAD appears committed (LOOP-027) (188.510807ms)
✔ realization needs a real commit and a subject (DEC-006) (252.728382ms)
✔ 1500 binary inputs digest identically at the review commit in under a second (LOOP-024) (1490.825299ms)
✔ merged work is excluded but a later own commit is a breach (LOOP-047) (268.976767ms)
✔ exact Current tenure ignores prefix matches and earlier visits to the same slug (LOOP-035) (297.394154ms)
✔ a kernel run records its supervising PID (LOOP-054) (256.551514ms)
✔ a merged declared input still stales evidence (LOOP-047) (398.047581ms)
✔ wildcard and magic pathspecs select the same historical inputs (LOOP-024, LOOP-032) (2172.67762ms)
✔ historical selection retains deleted files and excludes new ones (LOOP-024, LOOP-035) (1212.860591ms)
✔ cairn --version prints the package.json version outside a repository, and help lists it (PKG-039) (163.808299ms)
✔ a release is one commit setting one version in the five files, with the changelog entry, tagged v<version> (PKG-040) (1035.79428ms)
✔ the release script refuses a bad version, no increase, a dirty tree, a missing entry, a taken tag, a disagreeing file, and a loop not at Done, each in one line with nothing written (PKG-040) (1916.318796ms)
✔ a version file written as compact JSON is released, and nothing else in any version file changes (PKG-042) (1207.448509ms)
✔ with attribution forbidden, the release script refuses an unpushed commit carrying an AI attribution line (PKG-045) (570.896813ms)
✔ explicit reporting with no lines and exit 0 establishes no requirement verdicts (LOOP-061) (455.220308ms)
✔ explicit reporting with no lines and exit 1 establishes no requirement verdicts (LOOP-061) (421.095139ms)
✔ a reporter that cannot start keeps execution diagnostics without blaming requirements (LOOP-062) (221.870751ms)
✔ large output cannot kill a reporter or invent a requirement verdict (313.179031ms)
✔ explicit mode ignores cairn: R-999: pass (291.720006ms)
✔ explicit mode ignores cairn: R-001: unverified (322.374708ms)
✔ explicit mode ignores cairn: R-001: passed (302.576823ms)
✔ explicit results survive nonzero exit and contradictory duplicates still fail (595.674958ms)
✔ unverified results across changed inputs never become failed attempts (1384.955551ms)
✔ legacy exit 0 retains its interpretation (217.258027ms)
✔ legacy exit 1 retains its interpretation (214.62449ms)
✔ a misspelled reporting mode is refused before execution (113.14027ms)
✔ changed requirement blocks unchecked reruns and makes the completion review stale (LOOP-058, LOOP-059) (1769.813295ms)
✔ falsifier changes need review; separate rationale and other requirements do not change a receipt (1315.027247ms)
✔ legacy receipts recover requirement identity from their commit; unavailable history requires review (978.970363ms)
✔ check refuses uncommitted requirement text and mechanism review markers (774.901184ms)
✔ tightened response limit cannot reuse the old passing check (1321.570515ms)
✔ a declared input over 1 MiB agrees at a commit and in the tree (LOOP-060) (448.396768ms)
✔ a failed Git blob read cannot be hashed as an empty blob (383.868326ms)
✔ Git listings over 1 MiB include the last declared input (2170.969562ms)
✔ requirement identity excludes fenced examples and status dates (542.346041ms)
✔ DemonCoder REM-002 and Status in progress cannot silently satisfy the review gate (LOOP-086) (798.760173ms)
✔ valid open findings retain their behavior (488.651948ms)
✔ valid resolved findings retain their behavior (537.401202ms)
✔ valid empty findings retain their behavior (555.286562ms)
✔ valid mixed valid findings retain their behavior (467.66871ms)
✔ malformed finding "open:" requires repair (452.061759ms)
✔ malformed finding "resolved:   " requires repair (415.605322ms)
✔ malformed finding "Open: incorrect case" requires repair (362.986905ms)
✔ malformed finding "unknown: issue" requires repair (348.425644ms)
✔ malformed finding "\u001b[31mBAD: issue" requires repair (323.387861ms)
✔ the established explicit empty findings list remains valid (378.870691ms)
✔ a scalar findings value requires the supported list format (327.74736ms)
✔ check runs a mechanism when a requirement outside the commitment was revised, and asks for the review once a commitment includes it (LOOP-059) (918.561403ms)
✔ a Requirements: line written as a list is read like the flat form (LOOP-102) (114.274159ms)
✔ a subdirectory or a README in a record directory changes nothing (LOOP-103) (546.210055ms)
✔ two Current: lines are a roadmap repair (LOOP-104) (72.407483ms)
✔ a repeated identifier, an input under the evidence directory, and a missing cwd are refused by name (LOOP-105) (426.931849ms)
✔ a requirement whose evidence outlives its mechanism is named declare, not a regression or an escalation (LOOP-106) (1028.921191ms)
✔ an unreadable record is a repair, not an error exit (LOOP-107) (84.30809ms)
✔ a review needs commit, a nonempty examined list, and a findings list, each named when missing (LOOP-108) (990.916545ms)
✔ a decision record missing a header field or naming a missing predecessor is a repair (LOOP-109) (282.202612ms)
✔ a dirty declared input with no in-progress record is named record ahead of run (LOOP-022, LOOP-110) (228.21704ms)
✔ with core.filemode false the index mode is the identity, so a mode-only difference does not refuse the check (LOOP-111) (224.044222ms)
✔ a project below the Git toplevel can run check (LOOP-112) (243.890988ms)
✔ a shallow clone names history to fetch, not a decision to build (LOOP-113) (153.358488ms)
✔ record-writing commands refuse to run outside a Cairn repository and write nothing (LOOP-118) (231.95691ms)
✔ a git that cannot start is one line and exit 3 from wake and from check, with nothing recorded (LOOP-137) (99.836357ms)
✔ an unexplained or uncommitted stop record is named explain before any other action; explained and committed, the wake moves on (LOOP-139) (256.05917ms)
✔ empty footprint names declaration before scope and records no evidence (LOOP-081) (521.184729ms)
✔ first declaration still checks the full earlier history (LOOP-081) (355.951442ms)
✔ an empty current footprint does not block an explicitly requested existing mechanism (LOOP-081) (319.702753ms)
✔ an inherited mechanism provides a footprint even before local mechanisms exist (251.210481ms)
✔ scope reports every path, escapes line breaks, and gives identical remedies (LOOP-082) (228.908487ms)
✔ scope verdict reuses the answered-escalation annotation (LOOP-048, LOOP-051, LOOP-083) (566.289651ms)
✔ a committed scope acknowledgment lets restored history proceed (LOOP-083) (703.213506ms)
✔ scope acknowledgment must be committed before it can clear a breach (631.074413ms)
✔ ordinary ok does not acknowledge scope history (296.245178ms)
✔ scope escalation refuses unrestored paths and names the restoration remedy (258.48699ms)
✔ an invalid scope request still records an explicitly Blocking decision (148.347498ms)
✔ ask and explanation stay open; only the final committed ok acknowledges scope (693.276156ms)
✔ instead is visible but does not silently authorize a scope exception (343.152312ms)
✔ later changes to an acknowledged path still block, including later reverts (1057.798816ms)
✔ approval cannot hide another path changed after the snapshot (368.591656ms)
✔ acknowledged history remains conditional on the paths staying restored (583.70422ms)
✔ editing the scope snapshot after answer invalidates its acknowledgment (259.164483ms)
✔ malformed scope metadata cannot suppress a breach (1386.365658ms)
✔ damaged acknowledgment fields cannot suppress a breach (546.06381ms)
✔ scope path matching is literal, including wildcard filenames and control characters (463.738985ms)
✔ scope acknowledgment does not carry into another activation of the same slug (289.896825ms)
✔ restoration checks additions, deletions, executable modes, and symlink kinds (1373.004943ms)
✔ explicit committed retention keeps correct work and requires new evidence and review (LOOP-084, LOOP-085) (2048.910049ms)
✔ a missing declaration covers correct earlier work without retention or revert (501.236857ms)
✔ keep requires scope and an unchanged committed candidate (156.711593ms)
✔ uncommitted retention and instead answers cannot clear the incident (971.980886ms)
✔ retention does not grant future edits, even when reverted to the approved tree (1272.559908ms)
✔ retention cannot cover another path or another activation (514.51554ms)
✔ imported changes must still match the retained tree (562.791776ms)
✔ retention handles additions, deletions, modes, symlinks, and literal filenames (1886.4264ms)
✔ retention cannot convert an existing restoration answer or accept an unknown mode (460.558239ms)
✔ a check failure after retention remains a failure (688.736064ms)
✔ retained paths stay part of the stable checked candidate without extending its footprint (560.881798ms)
✔ retention ask needs an explanation and final committed approval (514.203184ms)
✔ an unknown scope mode remains invalid even with a matching approval digest (251.46552ms)
✔ backlog writes the item; a second with the same title is refused, never overwritten (LOOP-016) (137.184203ms)
✔ a commit inside the footprint: check runs; outside it: check names the path and does not run (LOOP-015, LOOP-035) (565.528954ms)
✔ Cairn's records are never a breach; another file under docs/ is (LOOP-117) (667.48086ms)
✔ declaring the path as an input clears the breach (304.175234ms)
✔ a revert preserves the record of an out-of-scope commit (LOOP-047) (277.808748ms)
✔ a commitment naming a requirement the spec set does not hold as Agreed is repaired (LOOP-029) (75.106373ms)
✔ a requirement in a Draft spec file is not Agreed (83.150131ms)
✔ working agreements and the ignore file are Cairn records (LOOP-035, LOOP-036) (444.215835ms)
✔ the over-asking rule is gone from both skills (SPEC-005, SPEC-006, SPEC-007) (1.568313ms)
✔ a decision during the phase is recorded (DEC-003) (0.150192ms)
✔ understanding is restated before writing (SPEC-003) (0.08675ms)
✔ falsifiers are proposed as one set and confirmed by exception (SPEC-004) (0.171323ms)
✔ depth is inferred and domains derived, never asked or imposed (SPEC-008, SPEC-009) (0.109218ms)
✔ a term enters the glossary at first occurrence (SPEC-010) (0.070608ms)
✔ the phase ends at the first commitment, and later ones are specified during the loop (SPEC-011, SPEC-012) (0.095966ms)
✔ a requirement goes Agreed only with a nameable mechanism (SPEC-013) (0.102476ms)
✔ review before agreement, recording what it attacked (SPEC-014, SPEC-015) (0.172652ms)
✔ no spec file without requirements; nothing Agreed without a falsifier (SPEC-001, SPEC-002) (0.13834ms)
✔ Observed is marked, and is not contract (SPEC-016, SPEC-017) (0.113028ms)
✔ the skills exclude artifacts outside Cairn's workflow (0.14084ms)
✔ the working agreement names the agent's move for each verdict and the write-ahead record (LOOP-036) (0.176615ms)
✔ the working agreement names the developer's moves (LOOP-036, DEC-014) (0.06963ms)
✔ this repository runs by the file it ships (0.338256ms)
✔ both skills write the working agreement without naming a vendor's file (LOOP-002, LOOP-036, PKG-006) (0.115905ms)
✔ the working agreement says what an attempt is (LOOP-036, DEC-017, DEC-018) (0.087572ms)
✔ the working agreement says a failure no footprint change can address is an escalation, and where an inherited requirement is repaired (DEC-019, LOOP-057) (0.087152ms)
✔ the working agreement states the promote, next-iteration, and no-deferral moves (LOOP-029, LOOP-087, LOOP-091, LOOP-092) (0.076863ms)
✔ both skills sort captures into the backlog or next-iteration and forbid deferral (LOOP-029, LOOP-092, LOOP-093) (0.056062ms)
✔ the skill requires a falsifier on every requirement, a MAY included (SPEC-025) (0.054247ms)
✔ the working agreement names the hooks as optional and the install skill registers them for two harnesses (PKG-006, PKG-018, PKG-019) (0.191763ms)
✔ the working agreement says the kernel is upgraded at Done, never inside a commitment (LOOP-096) (0.065891ms)
✔ the next-iteration skill starts from the specification and ends by naming the next commitment (SPEC-026, SPEC-027) (0.255436ms)
✔ every document that names the project skills names next-iteration beside them (SPEC-026, PKG-014) (1.965404ms)
✔ the working agreement states a move for every action the kernel can name (LOOP-101) (1.337275ms)
✔ the working agreement states both record formats and the two flags the moves need (LOOP-036) (0.124094ms)
✔ the skills demonstrate a safe violating example and preserve recon findings (SPEC-022, SPEC-023) (0.055681ms)
✔ the specification skills run the checker through the cairn command (PKG-029) (0.182645ms)
✔ the README invokes the phase skills by name and states versions and platforms (PKG-030, PKG-031) (0.292578ms)
✔ the manual and the walkthrough say the loop promotes backlog items at Done (0.547115ms)
✔ the working agreement says a report is not work under way, its findings are captured, and it is committed with them (LOOP-138) (0.060855ms)
✔ a two-obligation sentence is named (PKG-007) (50.010891ms)
✔ an obligation with no actor is named (PKG-010) (34.569839ms)
✔ a leading condition clause is not the actor, and the actor after it counts (42.425648ms)
✔ an Agreed requirement with no falsifier is named (SPEC-002); a Draft one is not (68.137525ms)
✔ prose after a Draft requirement with no falsifier is not scanned as requirement text (44.676344ms)
✔ a spec declaring a prefix with no requirement is named (SPEC-001) (48.901155ms)
✔ a keyword in backticks or quotes is a mention, not an obligation (34.317245ms)
✔ duplicate identifiers are rejected within a file and across files (SPEC-020) (80.152824ms)
✔ references resolve across files; missing references name their source (SPEC-021) (86.314735ms)
✔ code examples and quoted mentions are neither definitions nor references (49.436137ms)
✔ machine-local paths are findings in prose, links, quotes, and examples (SPEC-019) (398.468681ms)
✔ relative paths, URLs, slash commands, and character mentions are not absolute path findings (34.958616ms)
✔ a slash after a placeholder continues the template (SPEC-019) (77.826555ms)
✔ a host path is a finding until the file declares it (SPEC-019, SPEC-024) (87.566082ms)
✔ declared host paths cover children with a slash boundary and stay file-local (125.593532ms)
✔ a host-path declaration inside a requirement or example grants no exception (130.940934ms)
✔ host-path declarations require absolute or home-relative entries (188.447724ms)
✔ an Agreed block whose only keyword is MAY needs a falsifier like any other (SPEC-025, SPEC-002) (87.926035ms)
✔ a regex literal is not a path, a drive path and a file URL are, and a skill's slash name is allowed (SPEC-028, SPEC-029) (72.161398ms)
✔ a backticked or quoted actor still counts as one (PKG-010) (48.830821ms)
✔ a fence the file never closes is named, since the parser then reads its example as specification (80.830511ms)
✔ supersede writes both lines, and the old record keeps every word it had (DEC-008, DEC-010) (74.882893ms)
✔ supersede without a cause, or with one outside the four, is refused (DEC-009) (137.334185ms)
✔ supersede of a record that does not exist is refused (72.73279ms)
✔ a predecessor with no title line cannot be stamped, so nothing is written (79.946769ms)
✔ a --supersedes argument outside the slug alphabet is refused, and a path never reaches the filesystem (DEC-022) (227.186362ms)
✔ a record already superseded cannot be superseded again: one Superseded by line per record (DEC-022, DEC-010) (179.668854ms)
✔ reversals reports counts by decider, cause, and domain (DEC-011) (176.757244ms)
✔ decide in a domain with a reversal is refused without --history, naming the reversal; with it, the record carries History (DEC-012) (180.524299ms)
✔ decide in a domain with no reversals needs no --history (122.005566ms)
✔ a record resting on prose alone is in the domain unspecified, and so is the next one (131.289044ms)
✔ the decider tally normalizes case and whitespace, and names a value outside the vocabulary (DEC-020, DEC-011) (68.992438ms)
✔ a record with no Decided by line is tallied as unrecorded, not as a vocabulary value (76.475292ms)
✔ Decided by written as a list tallies like the flat form, and does not crash the report (LOOP-124, DEC-020) (64.384564ms)
✔ a second declaration for one requirement is accepted, a named check runs every mechanism, and Done needs each to pass (LOOP-056, LOOP-099) (2020.105194ms)
✔ one mechanism's stale evidence names that mechanism, and --stale runs only it (LOOP-056, LOOP-094) (718.848972ms)
✔ attempts are counted within one mechanism's records, so the other's passes do not reset them (LOOP-100, DEC-016) (1335.28689ms)
✔ step 1: an in-progress record is reconciled before anything else (90.104457ms)
✔ step 2: an open escalation is presented and nothing else happens (88.836107ms)
✔ an answered escalation is not open (522.463326ms)
✔ step 3: a decision with no realized-by is built, first by name (DEC-007) (79.377926ms)
✔ a superseded decision with no realized-by is not work (116.497172ms)
✔ step 6: a mechanism that has never run is run, not implemented (LOOP-008) (107.126259ms)
✔ step 6: a requirement whose mechanism fails is implemented (484.580469ms)
✔ step 6 before step 7: failing evidence outranks a missing mechanism (309.268337ms)
✔ step 7: a requirement with no mechanism is declared (LOOP-106) (75.69963ms)
✔ every verdict names who acts: Resolvable is the agent's, Done needs nobody, Escalate waits for the developer (LOOP-004) (534.81796ms)
✔ malformed roadmap is Resolvable, not fatal (LOOP-005) (56.193962ms)
✔ a commitment naming no requirements is Resolvable (LOOP-018) (60.282268ms)
✔ the primary test: two wakes on the same checkout give the same action, before and after a persisted transition (LOOP-001, LOOP-003) (501.102618ms)
✔ outside a cairn repository wake cannot run (38.515556ms)
✔ the loop never waits on the review queue (DEC-015) (356.690148ms)
✔ twenty built records cost one git call to resolve, not twenty (DEC-023) (187.190648ms)
✔ an ambiguous Realized by identifier is the repair that says lengthen it, not a build (LOOP-113, DEC-023) (177.257092ms)
✔ the linked walkthrough runs from agreement through the next commitment (PKG-016) (1328.796545ms)
ℹ tests 531
ℹ suites 0
ℹ pass 531
ℹ fail 0
ℹ cancelled 0
ℹ skipped 0
ℹ todo 0
ℹ duration_ms 42524.070164
